v3 (z (x (z S)) (v11 B) z) (I v1) B K x (v22 (K (S (x z))) x (x (B z) (S (I S) x (I x x)) (v25 z)) (B (z (v7 (x (S (I (z I)) (z K x) B) (S K v9 I)) (S v28))))) (S (S (z I S v6 x x (I v7 (x (z K)) (I I x) (K z B) (I S)))))
v3 (z (x (z S)) (v11 B) z) v1 B K x (v22 (K (S (x z))) x (x (B z) (S (I S) x (I x x)) (v25 z)) (B (z (v7 (x (S (I (z I)) (z K x) B) (S K v9 I)) (S v28))))) (S (S (z I S v6 x x (I v7 (x (z K)) (I I x) (K z B) (I S)))))
v3 (z (x (z S)) (v11 B) z) v1 B K x (v22 (K (S (x z))) x (x (B z) (I S (I x x) (x (I x x))) (v25 z)) (B (z (v7 (x (S (I (z I)) (z K x) B) (S K v9 I)) (S v28))))) (S (S (z I S v6 x x (I v7 (x (z K)) (I I x) (K z B) (I S)))))
v3 (z (x (z S)) (v11 B) z) v1 B K x (v22 (K (S (x z))) x (x (B z) (S (I x x) (x (I x x))) (v25 z)) (B (z (v7 (x (S (I (z I)) (z K x) B) (S K v9 I)) (S v28))))) (S (S (z I S v6 x x (I v7 (x (z K)) (I I x) (K z B) (I S)))))
v3 (z (x (z S)) (v11 B) z) v1 B K x (v22 (K (S (x z))) x (x (B z) (S (x x) (x (I x x))) (v25 z)) (B (z (v7 (x (S (I (z I)) (z K x) B) (S K v9 I)) (S v28))))) (S (S (z I S v6 x x (I v7 (x (z K)) (I I x) (K z B) (I S)))))
v3 (z (x (z S)) (v11 B) z) v1 B K x (v22 (K (S (x z))) x (x (B z) (S (x x) (x (x x))) (v25 z)) (B (z (v7 (x (S (I (z I)) (z K x) B) (S K v9 I)) (S v28))))) (S (S (z I S v6 x x (I v7 (x (z K)) (I I x) (K z B) (I S)))))
v3 (z (x (z S)) (v11 B) z) v1 B K x (v22 (K (S (x z))) x (x (B z) (S (x x) (x (x x))) (v25 z)) (B (z (v7 (x (I (z I) B (z K x B)) (S K v9 I)) (S v28))))) (S (S (z I S v6 x x (I v7 (x (z K)) (I I x) (K z B) (I S)))))
v3 (z (x (z S)) (v11 B) z) v1 B K x (v22 (K (S (x z))) x (x (B z) (S (x x) (x (x x))) (v25 z)) (B (z (v7 (x (z I B (z K x B)) (S K v9 I)) (S v28))))) (S (S (z I S v6 x x (I v7 (x (z K)) (I I x) (K z B) (I S)))))
v3 (z (x (z S)) (v11 B) z) v1 B K x (v22 (K (S (x z))) x (x (B z) (S (x x) (x (x x))) (v25 z)) (B (z (v7 (x (z I B (z K x B)) (K I (v9 I))) (S v28))))) (S (S (z I S v6 x x (I v7 (x (z K)) (I I x) (K z B) (I S)))))
v3 (z (x (z S)) (v11 B) z) v1 B K x (v22 (K (S (x z))) x (x (B z) (S (x x) (x (x x))) (v25 z)) (B (z (v7 (x (z I B (z K x B)) I) (S v28))))) (S (S (z I S v6 x x (I v7 (x (z K)) (I I x) (K z B) (I S)))))
v3 (z (x (z S)) (v11 B) z) v1 B K x (v22 (K (S (x z))) x (x (B z) (S (x x) (x (x x))) (v25 z)) (B (z (v7 (x (z I B (z K x B)) I) (S v28))))) (S (S (z I S v6 x x (v7 (x (z K)) (I I x) (K z B) (I S)))))
v3 (z (x (z S)) (v11 B) z) v1 B K x (v22 (K (S (x z))) x (x (B z) (S (x x) (x (x x))) (v25 z)) (B (z (v7 (x (z I B (z K x B)) I) (S v28))))) (S (S (z I S v6 x x (v7 (x (z K)) (I x) (K z B) (I S)))))
v3 (z (x (z S)) (v11 B) z) v1 B K x (v22 (K (S (x z))) x (x (B z) (S (x x) (x (x x))) (v25 z)) (B (z (v7 (x (z I B (z K x B)) I) (S v28))))) (S (S (z I S v6 x x (v7 (x (z K)) x (K z B) (I S)))))
v3 (z (x (z S)) (v11 B) z) v1 B K x (v22 (K (S (x z))) x (x (B z) (S (x x) (x (x x))) (v25 z)) (B (z (v7 (x (z I B (z K x B)) I) (S v28))))) (S (S (z I S v6 x x (v7 (x (z K)) x z (I S)))))
v3 (z (x (z S)) (v11 B) z) v1 B K x (v22 (K (S (x z))) x (x (B z) (S (x x) (x (x x))) (v25 z)) (B (z (v7 (x (z I B (z K x B)) I) (S v28))))) (S (S (z I S v6 x x (v7 (x (z K)) x z S))))
I
B (x K (K S z)) (z (B (B S (z v9))) (x (I z)) K (x I x) K B (I (z (z z) (K K)) z B) (v13 K I B))
B (x K S) (z (B (B S (z v9))) (x (I z)) K (x I x) K B (I (z (z z) (K K)) z B) (v13 K I B))
B (x K S) (z (B (B S (z v9))) (x z) K (x I x) K B (I (z (z z) (K K)) z B) (v13 K I B))
B (x K S) (z (B (B S (z v9))) (x z) K (x I x) K B (z (z z) (K K) z B) (v13 K I B))
K x (S (B (I z) B (z (x K z K (I K))))) (v12 B I (K x x (z (x (K K)) v12 K) x))
x (v12 B I (K x x (z (x (K K)) v12 K) x))
x (v12 B I (x (z (x (K K)) v12 K) x))
S (v24 (z S x)) (S (I x I x) (K I) z B) (S (I S (I z)) (I (x S I v27 (z S))) (x x z S) (I (K (K B)) (B (z I))) (v13 (x (S S I) (B (S S (v7 K (x v12 (S (v15 (B S))))) v2))))) (z (x K) (B z (K (K K))))
v24 (z S x) (S (I S (I z)) (I (x S I v27 (z S))) (x x z S) (I (K (K B)) (B (z I))) (v13 (x (S S I) (B (S S (v7 K (x v12 (S (v15 (B S))))) v2))))) (S (I x I x) (K I) z B (S (I S (I z)) (I (x S I v27 (z S))) (x x z S) (I (K (K B)) (B (z I))) (v13 (x (S S I) (B (S S (v7 K (x v12 (S (v15 (B S))))) v2)))))) (z (x K) (B z (K (K K))))
v24 (z S x) (I S (I z) (x x z S) (I (x S I v27 (z S)) (x x z S)) (I (K (K B)) (B (z I))) (v13 (x (S S I) (B (S S (v7 K (x v12 (S (v15 (B S))))) v2))))) (S (I x I x) (K I) z B (S (I S (I z)) (I (x S I v27 (z S))) (x x z S) (I (K (K B)) (B (z I))) (v13 (x (S S I) (B (S S (v7 K (x v12 (S (v15 (B S))))) v2)))))) (z (x K) (B z (K (K K))))
v24 (z S x) (S (I z) (x x z S) (I (x S I v27 (z S)) (x x z S)) (I (K (K B)) (B (z I))) (v13 (x (S S I) (B (S S (v7 K (x v12 (S (v15 (B S))))) v2))))) (S (I x I x) (K I) z B (S (I S (I z)) (I (x S I v27 (z S))) (x x z S) (I (K (K B)) (B (z I))) (v13 (x (S S I) (B (S S (v7 K (x v12 (S (v15 (B S))))) v2)))))) (z (x K) (B z (K (K K))))
v24 (z S x) (I z (I (x S I v27 (z S)) (x x z S)) (x x z S (I (x S I v27 (z S)) (x x z S))) (I (K (K B)) (B (z I))) (v13 (x (S S I) (B (S S (v7 K (x v12 (S (v15 (B S))))) v2))))) (S (I x I x) (K I) z B (S (I S (I z)) (I (x S I v27 (z S))) (x x z S) (I (K (K B)) (B (z I))) (v13 (x (S S I) (B (S S (v7 K (x v12 (S (v15 (B S))))) v2)))))) (z (x K) (B z (K (K K))))
v24 (z S x) (z (I (x S I v27 (z S)) (x x z S)) (x x z S (I (x S I v27 (z S)) (x x z S))) (I (K (K B)) (B (z I))) (v13 (x (S S I) (B (S S (v7 K (x v12 (S (v15 (B S))))) v2))))) (S (I x I x) (K I) z B (S (I S (I z)) (I (x S I v27 (z S))) (x x z S) (I (K (K B)) (B (z I))) (v13 (x (S S I) (B (S S (v7 K (x v12 (S (v15 (B S))))) v2)))))) (z (x K) (B z (K (K K))))
v24 (z S x) (z (x S I v27 (z S) (x x z S)) (x x z S (I (x S I v27 (z S)) (x x z S))) (I (K (K B)) (B (z I))) (v13 (x (S S I) (B (S S (v7 K (x v12 (S (v15 (B S))))) v2))))) (S (I x I x) (K I) z B (S (I S (I z)) (I (x S I v27 (z S))) (x x z S) (I (K (K B)) (B (z I))) (v13 (x (S S I) (B (S S (v7 K (x v12 (S (v15 (B S))))) v2)))))) (z (x K) (B z (K (K K))))
v24 (z S x) (z (x S I v27 (z S) (x x z S)) (x x z S (x S I v27 (z S) (x x z S))) (I (K (K B)) (B (z I))) (v13 (x (S S I) (B (S S (v7 K (x v12 (S (v15 (B S))))) v2))))) (S (I x I x) (K I) z B (S (I S (I z)) (I (x S I v27 (z S))) (x x z S) (I (K (K B)) (B (z I))) (v13 (x (S S I) (B (S S (v7 K (x v12 (S (v15 (B S))))) v2)))))) (z (x K) (B z (K (K K))))
v24 (z S x) (z (x S I v27 (z S) (x x z S)) (x x z S (x S I v27 (z S) (x x z S))) (K (K B) (B (z I))) (v13 (x (S S I) (B (S S (v7 K (x v12 (S (v15 (B S))))) v2))))) (S (I x I x) (K I) z B (S (I S (I z)) (I (x S I v27 (z S))) (x x z S) (I (K (K B)) (B (z I))) (v13 (x (S S I) (B (S S (v7 K (x v12 (S (v15 (B S))))) v2)))))) (z (x K) (B z (K (K K))))
v24 (z S x) (z (x S I v27 (z S) (x x z S)) (x x z S (x S I v27 (z S) (x x z S))) (K B) (v13 (x (S S I) (B (S S (v7 K (x v12 (S (v15 (B S))))) v2))))) (S (I x I x) (K I) z B (S (I S (I z)) (I (x S I v27 (z S))) (x x z S) (I (K (K B)) (B (z I))) (v13 (x (S S I) (B (S S (v7 K (x v12 (S (v15 (B S))))) v2)))))) (z (x K) (B z (K (K K))))
v24 (z S x) (z (x S I v27 (z S) (x x z S)) (x x z S (x S I v27 (z S) (x x z S))) (K B) (v13 (x (S S I) (B (S v2 (v7 K (x v12 (S (v15 (B S)))) v2)))))) (S (I x I x) (K I) z B (S (I S (I z)) (I (x S I v27 (z S))) (x x z S) (I (K (K B)) (B (z I))) (v13 (x (S S I) (B (S S (v7 K (x v12 (S (v15 (B S))))) v2)))))) (z (x K) (B z (K (K K))))
v24 (z S x) (z (x S I v27 (z S) (x x z S)) (x x z S (x S I v27 (z S) (x x z S))) (K B) (v13 (x (S S I) (B (S v2 (v7 K (x v12 (S (v15 (B S)))) v2)))))) (I x I x z (K I z) B (S (I S (I z)) (I (x S I v27 (z S))) (x x z S) (I (K (K B)) (B (z I))) (v13 (x (S S I) (B (S S (v7 K (x v12 (S (v15 (B S))))) v2)))))) (z (x K) (B z (K (K K))))
v24 (z S x) (z (x S I v27 (z S) (x x z S)) (x x z S (x S I v27 (z S) (x x z S))) (K B) (v13 (x (S S I) (B (S v2 (v7 K (x v12 (S (v15 (B S)))) v2)))))) (x I x z (K I z) B (S (I S (I z)) (I (x S I v27 (z S))) (x x z S) (I (K (K B)) (B (z I))) (v13 (x (S S I) (B (S S (v7 K (x v12 (S (v15 (B S))))) v2)))))) (z (x K) (B z (K (K K))))
v24 (z S x) (z (x S I v27 (z S) (x x z S)) (x x z S (x S I v27 (z S) (x x z S))) (K B) (v13 (x (S S I) (B (S v2 (v7 K (x v12 (S (v15 (B S)))) v2)))))) (x I x z I B (S (I S (I z)) (I (x S I v27 (z S))) (x x z S) (I (K (K B)) (B (z I))) (v13 (x (S S I) (B (S S (v7 K (x v12 (S (v15 (B S))))) v2)))))) (z (x K) (B z (K (K K))))
v24 (z S x) (z (x S I v27 (z S) (x x z S)) (x x z S (x S I v27 (z S) (x x z S))) (K B) (v13 (x (S S I) (B (S v2 (v7 K (x v12 (S (v15 (B S)))) v2)))))) (x I x z I B (I S (I z) (x x z S) (I (x S I v27 (z S)) (x x z S)) (I (K (K B)) (B (z I))) (v13 (x (S S I) (B (S S (v7 K (x v12 (S (v15 (B S))))) v2)))))) (z (x K) (B z (K (K K))))
v24 (z S x) (z (x S I v27 (z S) (x x z S)) (x x z S (x S I v27 (z S) (x x z S))) (K B) (v13 (x (S S I) (B (S v2 (v7 K (x v12 (S (v15 (B S)))) v2)))))) (x I x z I B (S (I z) (x x z S) (I (x S I v27 (z S)) (x x z S)) (I (K (K B)) (B (z I))) (v13 (x (S S I) (B (S S (v7 K (x v12 (S (v15 (B S))))) v2)))))) (z (x K) (B z (K (K K))))
v24 (z S x) (z (x S I v27 (z S) (x x z S)) (x x z S (x S I v27 (z S) (x x z S))) (K B) (v13 (x (S S I) (B (S v2 (v7 K (x v12 (S (v15 (B S)))) v2)))))) (x I x z I B (I z (I (x S I v27 (z S)) (x x z S)) (x x z S (I (x S I v27 (z S)) (x x z S))) (I (K (K B)) (B (z I))) (v13 (x (S S I) (B (S S (v7 K (x v12 (S (v15 (B S))))) v2)))))) (z (x K) (B z (K (K K))))
v24 (z S x) (z (x S I v27 (z S) (x x z S)) (x x z S (x S I v27 (z S) (x x z S))) (K B) (v13 (x (S S I) (B (S v2 (v7 K (x v12 (S (v15 (B S)))) v2)))))) (x I x z I B (z (I (x S I v27 (z S)) (x x z S)) (x x z S (I (x S I v27 (z S)) (x x z S))) (I (K (K B)) (B (z I))) (v13 (x (S S I) (B (S S (v7 K (x v12 (S (v15 (B S))))) v2)))))) (z (x K) (B z (K (K K))))
v24 (z S x) (z (x S I v27 (z S) (x x z S)) (x x z S (x S I v27 (z S) (x x z S))) (K B) (v13 (x (S S I) (B (S v2 (v7 K (x v12 (S (v15 (B S)))) v2)))))) (x I x z I B (z (x S I v27 (z S) (x x z S)) (x x z S (I (x S I v27 (z S)) (x x z S))) (I (K (K B)) (B (z I))) (v13 (x (S S I) (B (S S (v7 K (x v12 (S (v15 (B S))))) v2)))))) (z (x K) (B z (K (K K))))
v24 (z S x) (z (x S I v27 (z S) (x x z S)) (x x z S (x S I v27 (z S) (x x z S))) (K B) (v13 (x (S S I) (B (S v2 (v7 K (x v12 (S (v15 (B S)))) v2)))))) (x I x z I B (z (x S I v27 (z S) (x x z S)) (x x z S (x S I v27 (z S) (x x z S))) (I (K (K B)) (B (z I))) (v13 (x (S S I) (B (S S (v7 K (x v12 (S (v15 (B S))))) v2)))))) (z (x K) (B z (K (K K))))
v24 (z S x) (z (x S I v27 (z S) (x x z S)) (x x z S (x S I v27 (z S) (x x z S))) (K B) (v13 (x (S S I) (B (S v2 (v7 K (x v12 (S (v15 (B S)))) v2)))))) (x I x z I B (z (x S I v27 (z S) (x x z S)) (x x z S (x S I v27 (z S) (x x z S))) (K (K B) (B (z I))) (v13 (x (S S I) (B (S S (v7 K (x v12 (S (v15 (B S))))) v2)))))) (z (x K) (B z (K (K K))))
v24 (z S x) (z (x S I v27 (z S) (x x z S)) (x x z S (x S I v27 (z S) (x x z S))) (K B) (v13 (x (S S I) (B (S v2 (v7 K (x v12 (S (v15 (B S)))) v2)))))) (x I x z I B (z (x S I v27 (z S) (x x z S)) (x x z S (x S I v27 (z S) (x x z S))) (K B) (v13 (x (S S I) (B (S S (v7 K (x v12 (S (v15 (B S))))) v2)))))) (z (x K) (B z (K (K K))))
v24 (z S x) (z (x S I v27 (z S) (x x z S)) (x x z S (x S I v27 (z S) (x x z S))) (K B) (v13 (x (S S I) (B (S v2 (v7 K (x v12 (S (v15 (B S)))) v2)))))) (x I x z I B (z (x S I v27 (z S) (x x z S)) (x x z S (x S I v27 (z S) (x x z S))) (K B) (v13 (x (S S I) (B (S v2 (v7 K (x v12 (S (v15 (B S)))) v2))))))) (z (x K) (B z (K (K K))))
S B S (I (v22 (z (x B) (v28 (K I)) (v20 B (x v28) (K (I I I)) (x (x v29) z))) x (z (z (K (K v3) (I x))))))
B (I (v22 (z (x B) (v28 (K I)) (v20 B (x v28) (K (I I I)) (x (x v29) z))) x (z (z (K (K v3) (I x)))))) (S (I (v22 (z (x B) (v28 (K I)) (v20 B (x v28) (K (I I I)) (x (x v29) z))) x (z (z (K (K v3) (I x)))))))
B (v22 (z (x B) (v28 (K I)) (v20 B (x v28) (K (I I I)) (x (x v29) z))) x (z (z (K (K v3) (I x))))) (S (I (v22 (z (x B) (v28 (K I)) (v20 B (x v28) (K (I I I)) (x (x v29) z))) x (z (z (K (K v3) (I x)))))))
B (v22 (z (x B) (v28 (K I)) (v20 B (x v28) (K (I I)) (x (x v29) z))) x (z (z (K (K v3) (I x))))) (S (I (v22 (z (x B) (v28 (K I)) (v20 B (x v28) (K (I I I)) (x (x v29) z))) x (z (z (K (K v3) (I x)))))))
B (v22 (z (x B) (v28 (K I)) (v20 B (x v28) (K I) (x (x v29) z))) x (z (z (K (K v3) (I x))))) (S (I (v22 (z (x B) (v28 (K I)) (v20 B (x v28) (K (I I I)) (x (x v29) z))) x (z (z (K (K v3) (I x)))))))
B (v22 (z (x B) (v28 (K I)) (v20 B (x v28) (K I) (x (x v29) z))) x (z (z (K v3)))) (S (I (v22 (z (x B) (v28 (K I)) (v20 B (x v28) (K (I I I)) (x (x v29) z))) x (z (z (K (K v3) (I x)))))))
B (v22 (z (x B) (v28 (K I)) (v20 B (x v28) (K I) (x (x v29) z))) x (z (z (K v3)))) (S (v22 (z (x B) (v28 (K I)) (v20 B (x v28) (K (I I I)) (x (x v29) z))) x (z (z (K (K v3) (I x))))))
B (v22 (z (x B) (v28 (K I)) (v20 B (x v28) (K I) (x (x v29) z))) x (z (z (K v3)))) (S (v22 (z (x B) (v28 (K I)) (v20 B (x v28) (K (I I)) (x (x v29) z))) x (z (z (K (K v3) (I x))))))
B (v22 (z (x B) (v28 (K I)) (v20 B (x v28) (K I) (x (x v29) z))) x (z (z (K v3)))) (S (v22 (z (x B) (v28 (K I)) (v20 B (x v28) (K I) (x (x v29) z))) x (z (z (K (K v3) (I x))))))
B (v22 (z (x B) (v28 (K I)) (v20 B (x v28) (K I) (x (x v29) z))) x (z (z (K v3)))) (S (v22 (z (x B) (v28 (K I)) (v20 B (x v28) (K I) (x (x v29) z))) x (z (z (K v3)))))
B (v30 (z S (S (S x (S x) v27) z)) (x (z (I B (x v12))) (x (z (v1 (z (B x) I) (x S) x)))) (K (v21 v12) v15))
B (v30 (z S (S (x v27 (S x v27)) z)) (x (z (I B (x v12))) (x (z (v1 (z (B x) I) (x S) x)))) (K (v21 v12) v15))
B (v30 (z S (S (x v27 (S x v27)) z)) (x (z (B (x v12))) (x (z (v1 (z (B x) I) (x S) x)))) (K (v21 v12) v15))
B (v30 (z S (S (x v27 (S x v27)) z)) (x (z (B (x v12))) (x (z (v1 (z (B x) I) (x S) x)))) (v21 v12))
B
z I (I (v9 (K x) K)) (x x x (S (I x (K (I z))) B) K (z (v7 I)) (x z))
z I (v9 (K x) K) (x x x (S (I x (K (I z))) B) K (z (v7 I)) (x z))
z I (v9 (K x) K) (x x x (S (x (K (I z))) B) K (z (v7 I)) (x z))
z I (v9 (K x) K) (x x x (S (x (K z)) B) K (z (v7 I)) (x z))
v18
