B (v9 (B (K (I v28) S) z) (B x x (v26 K) K (x I) S) K)
B (v9 (B (I v28) z) (B x x (v26 K) K (x I) S) K)
B (v9 (B v28 z) (B x x (v26 K) K (x I) S) K)
B (v9 (B v28 z) (x (x (v26 K)) K (x I) S) K)
S (B x (I (K (S I S (K x x v8)) x) I S) K (I (z (B K))) S)
S (x (I (K (S I S (K x x v8)) x) I S K) (I (z (B K))) S)
S (x (K (S I S (K x x v8)) x I S K) (I (z (B K))) S)
S (x (S I S (K x x v8) I S K) (I (z (B K))) S)
S (x (I (K x x v8) (S (K x x v8)) I S K) (I (z (B K))) S)
S (x (K x x v8 (S (K x x v8)) I S K) (I (z (B K))) S)
S (x (x v8 (S (K x x v8)) I S K) (I (z (B K))) S)
S (x (x v8 (S (x v8)) I S K) (I (z (B K))) S)
S (x (x v8 (S (x v8)) I S K) (z (B K)) S)
z (I (B B (K I K (v24 z (x S) (B z)) (I (v7 B S)))) (B K (x v18 z (K (v20 K) z x v21 I))))
z (B B (K I K (v24 z (x S) (B z)) (I (v7 B S))) (B K (x v18 z (K (v20 K) z x v21 I))))
z (B (K I K (v24 z (x S) (B z)) (I (v7 B S)) (B K (x v18 z (K (v20 K) z x v21 I)))))
z (B (I (v24 z (x S) (B z)) (I (v7 B S)) (B K (x v18 z (K (v20 K) z x v21 I)))))
z (B (v24 z (x S) (B z) (I (v7 B S)) (B K (x v18 z (K (v20 K) z x v21 I)))))
z (B (v24 z (x S) (B z) (v7 B S) (B K (x v18 z (K (v20 K) z x v21 I)))))
z (B (v24 z (x S) (B z) (v7 B S) (B K (x v18 z (v20 K x v21 I)))))
z (K (B B) z (K S x)) (B (v0 (B B))) (I (S B) (x (z (x x)))) z (I (S (x (B I))) (x K I S (B v29 x (v20 (I B (x (x (K x)) B))) (z B v20 (x x (S I) B) K (x I)))) (I K))
z (B B (K S x)) (B (v0 (B B))) (I (S B) (x (z (x x)))) z (I (S (x (B I))) (x K I S (B v29 x (v20 (I B (x (x (K x)) B))) (z B v20 (x x (S I) B) K (x I)))) (I K))
z (B B S) (B (v0 (B B))) (I (S B) (x (z (x x)))) z (I (S (x (B I))) (x K I S (B v29 x (v20 (I B (x (x (K x)) B))) (z B v20 (x x (S I) B) K (x I)))) (I K))
z (B B S) (B (v0 (B B))) (S B (x (z (x x)))) z (I (S (x (B I))) (x K I S (B v29 x (v20 (I B (x (x (K x)) B))) (z B v20 (x x (S I) B) K (x I)))) (I K))
z (B B S) (B (v0 (B B))) (S B (x (z (x x)))) z (S (x (B I)) (x K I S (B v29 x (v20 (I B (x (x (K x)) B))) (z B v20 (x x (S I) B) K (x I)))) (I K))
z (B B S) (B (v0 (B B))) (S B (x (z (x x)))) z (x (B I) (I K) (x K I S (B v29 x (v20 (I B (x (x (K x)) B))) (z B v20 (x x (S I) B) K (x I))) (I K)))
z (B B S) (B (v0 (B B))) (S B (x (z (x x)))) z (x (B I) K (x K I S (B v29 x (v20 (I B (x (x (K x)) B))) (z B v20 (x x (S I) B) K (x I))) (I K)))
z (B B S) (B (v0 (B B))) (S B (x (z (x x)))) z (x (B I) K (x K I S (v29 (x (v20 (I B (x (x (K x)) B)))) (z B v20 (x x (S I) B) K (x I))) (I K)))
z (B B S) (B (v0 (B B))) (S B (x (z (x x)))) z (x (B I) K (x K I S (v29 (x (v20 (B (x (x (K x)) B)))) (z B v20 (x x (S I) B) K (x I))) (I K)))
z (B B S) (B (v0 (B B))) (S B (x (z (x x)))) z (x (B I) K (x K I S (v29 (x (v20 (B (x (x (K x)) B)))) (z B v20 (x x (S I) B) K (x I))) K))
I z (I x (x K) I (x I (K (I (B S) x B) B) (S (I z v12) v25) S z)) (I v20 (K (v15 K) v21 (K (z K) v11)) K (z S z (x B))) v2
z (I x (x K) I (x I (K (I (B S) x B) B) (S (I z v12) v25) S z)) (I v20 (K (v15 K) v21 (K (z K) v11)) K (z S z (x B))) v2
z (x (x K) I (x I (K (I (B S) x B) B) (S (I z v12) v25) S z)) (I v20 (K (v15 K) v21 (K (z K) v11)) K (z S z (x B))) v2
z (x (x K) I (x I (I (B S) x B) (S (I z v12) v25) S z)) (I v20 (K (v15 K) v21 (K (z K) v11)) K (z S z (x B))) v2
z (x (x K) I (x I (B S x B) (S (I z v12) v25) S z)) (I v20 (K (v15 K) v21 (K (z K) v11)) K (z S z (x B))) v2
z (x (x K) I (x I (S (x B)) (S (I z v12) v25) S z)) (I v20 (K (v15 K) v21 (K (z K) v11)) K (z S z (x B))) v2
z (x (x K) I (x I (S (x B)) (S (z v12) v25) S z)) (I v20 (K (v15 K) v21 (K (z K) v11)) K (z S z (x B))) v2
z (x (x K) I (x I (S (x B)) (S (z v12) v25) S z)) (v20 (K (v15 K) v21 (K (z K) v11)) K (z S z (x B))) v2
z (x (x K) I (x I (S (x B)) (S (z v12) v25) S z)) (v20 (v15 K (K (z K) v11)) K (z S z (x B))) v2
z (x (x K) I (x I (S (x B)) (S (z v12) v25) S z)) (v20 (v15 K (z K)) K (z S z (x B))) v2
B
z K (S (B (z (B (B K) (K S (z S) S))))) (x (z I) I (S S x) B (z (x I)) (B (x K B) (x (v20 z) z (K (v22 (K (z z))))) (z (I (z (x (I I)) z (K (I (B S))))))) (I (z (v28 x K) (x S) (x (B (v18 B)) x S) I (K (I x)))))
z K (S (B (z (B (B K) (S S))))) (x (z I) I (S S x) B (z (x I)) (B (x K B) (x (v20 z) z (K (v22 (K (z z))))) (z (I (z (x (I I)) z (K (I (B S))))))) (I (z (v28 x K) (x S) (x (B (v18 B)) x S) I (K (I x)))))
z K (S (B (z (B (B K) (S S))))) (x (z I) I (S S x) B (z (x I)) (x K B (x (v20 z) z (K (v22 (K (z z)))) (z (I (z (x (I I)) z (K (I (B S)))))))) (I (z (v28 x K) (x S) (x (B (v18 B)) x S) I (K (I x)))))
z K (S (B (z (B (B K) (S S))))) (x (z I) I (S S x) B (z (x I)) (x K B (x (v20 z) z (K (v22 (K (z z)))) (z (z (x (I I)) z (K (I (B S))))))) (I (z (v28 x K) (x S) (x (B (v18 B)) x S) I (K (I x)))))
z K (S (B (z (B (B K) (S S))))) (x (z I) I (S S x) B (z (x I)) (x K B (x (v20 z) z (K (v22 (K (z z)))) (z (z (x I) z (K (I (B S))))))) (I (z (v28 x K) (x S) (x (B (v18 B)) x S) I (K (I x)))))
z K (S (B (z (B (B K) (S S))))) (x (z I) I (S S x) B (z (x I)) (x K B (x (v20 z) z (K (v22 (K (z z)))) (z (z (x I) z (K (B S)))))) (I (z (v28 x K) (x S) (x (B (v18 B)) x S) I (K (I x)))))
z K (S (B (z (B (B K) (S S))))) (x (z I) I (S S x) B (z (x I)) (x K B (x (v20 z) z (K (v22 (K (z z)))) (z (z (x I) z (K (B S)))))) (z (v28 x K) (x S) (x (B (v18 B)) x S) I (K (I x))))
z K (S (B (z (B (B K) (S S))))) (x (z I) I (S S x) B (z (x I)) (x K B (x (v20 z) z (K (v22 (K (z z)))) (z (z (x I) z (K (B S)))))) (z (v28 x K) (x S) (x (B (v18 B)) x S) I (K x)))
S
K x (K (S v30 z) (B (K I))) z (I (x (I K) (z (I (x B K K))) (v17 S B (K B)) (I (v28 x (v7 (K I) v11 (x (v0 (x (x S))))) S)))) z
x z (I (x (I K) (z (I (x B K K))) (v17 S B (K B)) (I (v28 x (v7 (K I) v11 (x (v0 (x (x S))))) S)))) z
x z (x (I K) (z (I (x B K K))) (v17 S B (K B)) (I (v28 x (v7 (K I) v11 (x (v0 (x (x S))))) S))) z
x z (x K (z (I (x B K K))) (v17 S B (K B)) (I (v28 x (v7 (K I) v11 (x (v0 (x (x S))))) S))) z
x z (x K (z (x B K K)) (v17 S B (K B)) (I (v28 x (v7 (K I) v11 (x (v0 (x (x S))))) S))) z
x z (x K (z (x B K K)) (v17 S B (K B)) (v28 x (v7 (K I) v11 (x (v0 (x (x S))))) S)) z
S v20
