x
v21 (S (v8 (x (x I (v19 S))) (v24 (z (z I K) z)) K) (z (S v16) (v17 (S (K (z B))) I)) K)
v21 (v8 (x (x I (v19 S))) (v24 (z (z I K) z)) K K (z (S v16) (v17 (S (K (z B))) I) K))
B B (I (B (S (I I (z (z S)))) z (S (S I) x (S B)) z)) (S (x B (x I (S K)) (v24 z (x B B S) (K z))))
B (I (B (S (I I (z (z S)))) z (S (S I) x (S B)) z) (S (x B (x I (S K)) (v24 z (x B B S) (K z)))))
B (B (S (I I (z (z S)))) z (S (S I) x (S B)) z (S (x B (x I (S K)) (v24 z (x B B S) (K z)))))
B (S (I I (z (z S))) (z (S (S I) x (S B))) z (S (x B (x I (S K)) (v24 z (x B B S) (K z)))))
B (I I (z (z S)) z (z (S (S I) x (S B)) z) (S (x B (x I (S K)) (v24 z (x B B S) (K z)))))
B (I (z (z S)) z (z (S (S I) x (S B)) z) (S (x B (x I (S K)) (v24 z (x B B S) (K z)))))
B (z (z S) z (z (S (S I) x (S B)) z) (S (x B (x I (S K)) (v24 z (x B B S) (K z)))))
B (z (z S) z (z (S I (S B) (x (S B))) z) (S (x B (x I (S K)) (v24 z (x B B S) (K z)))))
B (z (z S) z (z (I (x (S B)) (S B (x (S B)))) z) (S (x B (x I (S K)) (v24 z (x B B S) (K z)))))
B (z (z S) z (z (x (S B) (S B (x (S B)))) z) (S (x B (x I (S K)) (v24 z (x B B S) (K z)))))
z (x (S (K I x S))) (B (I I)) (S v9 B (S (S z z) I z) (S (B S)))
z (x (S (I S))) (B (I I)) (S v9 B (S (S z z) I z) (S (B S)))
z (x (S S)) (B (I I)) (S v9 B (S (S z z) I z) (S (B S)))
z (x (S S)) (B I) (S v9 B (S (S z z) I z) (S (B S)))
z (x (S S)) (B I) (v9 (S (S z z) I z) (B (S (S z z) I z)) (S (B S)))
z (x (S S)) (B I) (v9 (S z z z (I z)) (B (S (S z z) I z)) (S (B S)))
z (x (S S)) (B I) (v9 (z z (z z) (I z)) (B (S (S z z) I z)) (S (B S)))
z (x (S S)) (B I) (v9 (z z (z z) z) (B (S (S z z) I z)) (S (B S)))
z (x (S S)) (B I) (v9 (z z (z z) z) (B (S z z z (I z))) (S (B S)))
z (x (S S)) (B I) (v9 (z z (z z) z) (B (z z (z z) (I z))) (S (B S)))
z (x (S S)) (B I) (v9 (z z (z z) z) (B (z z (z z) z)) (S (B S)))
S (x K) (z (x (x (z (K x))) (v15 x))) (I (I (S B)) (K (v21 K) (z B)) (I v18)) (z I) (I B)
x K (I (I (S B)) (K (v21 K) (z B)) (I v18)) (z (x (x (z (K x))) (v15 x)) (I (I (S B)) (K (v21 K) (z B)) (I v18))) (z I) (I B)
x K (I (S B) (K (v21 K) (z B)) (I v18)) (z (x (x (z (K x))) (v15 x)) (I (I (S B)) (K (v21 K) (z B)) (I v18))) (z I) (I B)
x K (S B (K (v21 K) (z B)) (I v18)) (z (x (x (z (K x))) (v15 x)) (I (I (S B)) (K (v21 K) (z B)) (I v18))) (z I) (I B)
x K (B (I v18) (K (v21 K) (z B) (I v18))) (z (x (x (z (K x))) (v15 x)) (I (I (S B)) (K (v21 K) (z B)) (I v18))) (z I) (I B)
x K (B v18 (K (v21 K) (z B) (I v18))) (z (x (x (z (K x))) (v15 x)) (I (I (S B)) (K (v21 K) (z B)) (I v18))) (z I) (I B)
x K (B v18 (v21 K (I v18))) (z (x (x (z (K x))) (v15 x)) (I (I (S B)) (K (v21 K) (z B)) (I v18))) (z I) (I B)
x K (B v18 (v21 K v18)) (z (x (x (z (K x))) (v15 x)) (I (I (S B)) (K (v21 K) (z B)) (I v18))) (z I) (I B)
x K (B v18 (v21 K v18)) (z (x (x (z (K x))) (v15 x)) (I (S B) (K (v21 K) (z B)) (I v18))) (z I) (I B)
x K (B v18 (v21 K v18)) (z (x (x (z (K x))) (v15 x)) (S B (K (v21 K) (z B)) (I v18))) (z I) (I B)
x K (B v18 (v21 K v18)) (z (x (x (z (K x))) (v15 x)) (B (I v18) (K (v21 K) (z B) (I v18)))) (z I) (I B)
x K (B v18 (v21 K v18)) (z (x (x (z (K x))) (v15 x)) (B v18 (K (v21 K) (z B) (I v18)))) (z I) (I B)
x K (B v18 (v21 K v18)) (z (x (x (z (K x))) (v15 x)) (B v18 (v21 K (I v18)))) (z I) (I B)
x K (B v18 (v21 K v18)) (z (x (x (z (K x))) (v15 x)) (B v18 (v21 K v18))) (z I) (I B)
x K (B v18 (v21 K v18)) (z (x (x (z (K x))) (v15 x)) (B v18 (v21 K v18))) (z I) B
K (K x (z (I K K) K v9 S) K B) (v28 z (K x x) (B (S (z K (K x (K K) B) (I x)) (B I))))
K x (z (I K K) K v9 S) K B
x K B
v12 v27 (S (x z) v16 (I (z z (K I (I v15)) (I (S x) (S B S) x))) (v1 x (K (I v13) x) (K v13 K (v4 (K (B z))))))
v12 v27 (x z (I (z z (K I (I v15)) (I (S x) (S B S) x))) (v16 (I (z z (K I (I v15)) (I (S x) (S B S) x)))) (v1 x (K (I v13) x) (K v13 K (v4 (K (B z))))))
v12 v27 (x z (z z (K I (I v15)) (I (S x) (S B S) x)) (v16 (I (z z (K I (I v15)) (I (S x) (S B S) x)))) (v1 x (K (I v13) x) (K v13 K (v4 (K (B z))))))
v12 v27 (x z (z z I (I (S x) (S B S) x)) (v16 (I (z z (K I (I v15)) (I (S x) (S B S) x)))) (v1 x (K (I v13) x) (K v13 K (v4 (K (B z))))))
v12 v27 (x z (z z I (S x (S B S) x)) (v16 (I (z z (K I (I v15)) (I (S x) (S B S) x)))) (v1 x (K (I v13) x) (K v13 K (v4 (K (B z))))))
v12 v27 (x z (z z I (x x (S B S x))) (v16 (I (z z (K I (I v15)) (I (S x) (S B S) x)))) (v1 x (K (I v13) x) (K v13 K (v4 (K (B z))))))
v12 v27 (x z (z z I (x x (B x (S x)))) (v16 (I (z z (K I (I v15)) (I (S x) (S B S) x)))) (v1 x (K (I v13) x) (K v13 K (v4 (K (B z))))))
v12 v27 (x z (z z I (x x (B x (S x)))) (v16 (z z (K I (I v15)) (I (S x) (S B S) x))) (v1 x (K (I v13) x) (K v13 K (v4 (K (B z))))))
v12 v27 (x z (z z I (x x (B x (S x)))) (v16 (z z I (I (S x) (S B S) x))) (v1 x (K (I v13) x) (K v13 K (v4 (K (B z))))))
v12 v27 (x z (z z I (x x (B x (S x)))) (v16 (z z I (S x (S B S) x))) (v1 x (K (I v13) x) (K v13 K (v4 (K (B z))))))
v12 v27 (x z (z z I (x x (B x (S x)))) (v16 (z z I (x x (S B S x)))) (v1 x (K (I v13) x) (K v13 K (v4 (K (B z))))))
v12 v27 (x z (z z I (x x (B x (S x)))) (v16 (z z I (x x (B x (S x))))) (v1 x (K (I v13) x) (K v13 K (v4 (K (B z))))))
v12 v27 (x z (z z I (x x (B x (S x)))) (v16 (z z I (x x (B x (S x))))) (v1 x (I v13) (K v13 K (v4 (K (B z))))))
v12 v27 (x z (z z I (x x (B x (S x)))) (v16 (z z I (x x (B x (S x))))) (v1 x v13 (K v13 K (v4 (K (B z))))))
v12 v27 (x z (z z I (x x (B x (S x)))) (v16 (z z I (x x (B x (S x))))) (v1 x v13 (v13 (v4 (K (B z))))))
I B
B
B
v3 (B B (S (z (v17 (I (v9 (K I K) B)))))) S B
v3 (B B (S (z (v17 (v9 (K I K) B))))) S B
v3 (B B (S (z (v17 (v9 I B))))) S B
