K (S (I (S (x (K K B v4) (K v27 B x) S) x))) (x (z (S (K B (I K)) (B (x (K v10)) (z x) (x S B (I B z))) S) (z (v24 v13))))
S (I (S (x (K K B v4) (K v27 B x) S) x))
S (S (x (K K B v4) (K v27 B x) S) x)
S (S (x (K v4) (K v27 B x) S) x)
S (S (x (K v4) (v27 x) S) x)
K (z (x v12 K (z I) z B v17 I)) K (z I I z) (B K) (z (K (x S)) (S (v30 x) (K (B K)) B)) (I (x S x z (S I B S (S z x v30 (S (I x v21))) S)))
z (x v12 K (z I) z B v17 I) (z I I z) (B K) (z (K (x S)) (S (v30 x) (K (B K)) B)) (I (x S x z (S I B S (S z x v30 (S (I x v21))) S)))
z (x v12 K (z I) z B v17 I) (z I I z) (B K) (z (K (x S)) (v30 x B (K (B K) B))) (I (x S x z (S I B S (S z x v30 (S (I x v21))) S)))
z (x v12 K (z I) z B v17 I) (z I I z) (B K) (z (K (x S)) (v30 x B (B K))) (I (x S x z (S I B S (S z x v30 (S (I x v21))) S)))
z (x v12 K (z I) z B v17 I) (z I I z) (B K) (z (K (x S)) (v30 x B (B K))) (x S x z (S I B S (S z x v30 (S (I x v21))) S))
z (x v12 K (z I) z B v17 I) (z I I z) (B K) (z (K (x S)) (v30 x B (B K))) (x S x z (I S (B S) (S z x v30 (S (I x v21))) S))
z (x v12 K (z I) z B v17 I) (z I I z) (B K) (z (K (x S)) (v30 x B (B K))) (x S x z (S (B S) (S z x v30 (S (I x v21))) S))
z (x v12 K (z I) z B v17 I) (z I I z) (B K) (z (K (x S)) (v30 x B (B K))) (x S x z (B S S (S z x v30 (S (I x v21)) S)))
z (x v12 K (z I) z B v17 I) (z I I z) (B K) (z (K (x S)) (v30 x B (B K))) (x S x z (S (S (S z x v30 (S (I x v21)) S))))
z (x v12 K (z I) z B v17 I) (z I I z) (B K) (z (K (x S)) (v30 x B (B K))) (x S x z (S (S (z v30 (x v30) (S (I x v21)) S))))
z (x v12 K (z I) z B v17 I) (z I I z) (B K) (z (K (x S)) (v30 x B (B K))) (x S x z (S (S (z v30 (x v30) (S (x v21)) S))))
z (z (B S K B (x x x) v17)) z
z (z (S (K B) (x x x) v17)) z
z (z (K B v17 (x x x v17))) z
z (z (B (x x x v17))) z
x (z x (z (I K (I K B)) S (B I (B S) (B (B (x S) (I (S (I S) x x))))))) (I v7)
x (z x (z (K (I K B)) S (B I (B S) (B (B (x S) (I (S (I S) x x))))))) (I v7)
x (z x (z (K (K B)) S (B I (B S) (B (B (x S) (I (S (I S) x x))))))) (I v7)
x (z x (z (K (K B)) S (I (B S (B (B (x S) (I (S (I S) x x)))))))) (I v7)
x (z x (z (K (K B)) S (B S (B (B (x S) (I (S (I S) x x))))))) (I v7)
x (z x (z (K (K B)) S (B S (B (B (x S) (S (I S) x x)))))) (I v7)
x (z x (z (K (K B)) S (B S (B (B (x S) (I S x (x x))))))) (I v7)
x (z x (z (K (K B)) S (B S (B (B (x S) (S x (x x))))))) (I v7)
x (z x (z (K (K B)) S (B S (B (B (x S) (S x (x x))))))) v7
B (K (x (B z (z K B)) (v3 (B (I v2)) (x z) I K)) (x (B (I B)))) (B (S (K x) K) (x (B I B z z))) (S v14)
K (x (B z (z K B)) (v3 (B (I v2)) (x z) I K)) (x (B (I B))) (B (S (K x) K) (x (B I B z z)) (S v14))
x (B z (z K B)) (v3 (B (I v2)) (x z) I K) (B (S (K x) K) (x (B I B z z)) (S v14))
x (B z (z K B)) (v3 (B v2) (x z) I K) (B (S (K x) K) (x (B I B z z)) (S v14))
x (B z (z K B)) (v3 (B v2) (x z) I K) (S (K x) K (x (B I B z z) (S v14)))
x (B z (z K B)) (v3 (B v2) (x z) I K) (K x (x (B I B z z) (S v14)) (K (x (B I B z z) (S v14))))
x (B z (z K B)) (v3 (B v2) (x z) I K) (x (K (x (B I B z z) (S v14))))
x (B z (z K B)) (v3 (B v2) (x z) I K) (x (K (x (I (B z) z) (S v14))))
x (B z (z K B)) (v3 (B v2) (x z) I K) (x (K (x (B z z) (S v14))))
S
x
B z (S (B (I (x I) S)))
B z (S (B (x I S)))
z (v19 x)
S (B I (I (B B (z v28)) B x I))
S (B I (B B (z v28) B x I))
S (B I (B (z v28 B) x I))
S (B I (z v28 B (x I)))
