I
B (v11 (I (x I (x x) (S B (x K)) (I z) (S x (v14 B (x K)) B S))) (v15 (I (B v18 B) K (v30 x)) (z S (B (x v17 (x (I v21))) I))) (x (x x)))
B (v11 (x I (x x) (S B (x K)) (I z) (S x (v14 B (x K)) B S)) (v15 (I (B v18 B) K (v30 x)) (z S (B (x v17 (x (I v21))) I))) (x (x x)))
B (v11 (x I (x x) (S B (x K)) z (S x (v14 B (x K)) B S)) (v15 (I (B v18 B) K (v30 x)) (z S (B (x v17 (x (I v21))) I))) (x (x x)))
B (v11 (x I (x x) (S B (x K)) z (x B (v14 B (x K) B) S)) (v15 (I (B v18 B) K (v30 x)) (z S (B (x v17 (x (I v21))) I))) (x (x x)))
B (v11 (x I (x x) (S B (x K)) z (x B (v14 B (x K) B) S)) (v15 (B v18 B K (v30 x)) (z S (B (x v17 (x (I v21))) I))) (x (x x)))
B (v11 (x I (x x) (S B (x K)) z (x B (v14 B (x K) B) S)) (v15 (v18 (B K) (v30 x)) (z S (B (x v17 (x (I v21))) I))) (x (x x)))
B (v11 (x I (x x) (S B (x K)) z (x B (v14 B (x K) B) S)) (v15 (v18 (B K) (v30 x)) (z S (B (x v17 (x v21)) I))) (x (x x)))
K
K (x (x (x (x v28 (x (I I))))) B)
K (x (x (x (x v28 (x I)))) B)
B (I (v26 z x v28) (z x)) v16 (K (x (I B) (x v15 (I x)) (S v9 I (S (B S)))) (B x)) (x K) (S (v8 (x (B z)) (S x x S)))
I (v26 z x v28) (z x) (v16 (K (x (I B) (x v15 (I x)) (S v9 I (S (B S)))) (B x))) (x K) (S (v8 (x (B z)) (S x x S)))
v26 z x v28 (z x) (v16 (K (x (I B) (x v15 (I x)) (S v9 I (S (B S)))) (B x))) (x K) (S (v8 (x (B z)) (S x x S)))
v26 z x v28 (z x) (v16 (x (I B) (x v15 (I x)) (S v9 I (S (B S))))) (x K) (S (v8 (x (B z)) (S x x S)))
v26 z x v28 (z x) (v16 (x B (x v15 (I x)) (S v9 I (S (B S))))) (x K) (S (v8 (x (B z)) (S x x S)))
v26 z x v28 (z x) (v16 (x B (x v15 x) (S v9 I (S (B S))))) (x K) (S (v8 (x (B z)) (S x x S)))
v26 z x v28 (z x) (v16 (x B (x v15 x) (v9 (S (B S)) (I (S (B S)))))) (x K) (S (v8 (x (B z)) (S x x S)))
v26 z x v28 (z x) (v16 (x B (x v15 x) (v9 (S (B S)) (S (B S))))) (x K) (S (v8 (x (B z)) (S x x S)))
v26 z x v28 (z x) (v16 (x B (x v15 x) (v9 (S (B S)) (S (B S))))) (x K) (S (v8 (x (B z)) (x S (x S))))
v26 (I v28 (B z)) (K (S I z z))
v26 (v28 (B z)) (K (S I z z))
v26 (v28 (B z)) (K (I z (z z)))
v26 (v28 (B z)) (K (z (z z)))
z z B I (v21 (I (x (B B) K) x)) I (z (B S (I (I (z (S (K I)) (I S (S x)))) x)))
z z B I (v21 (x (B B) K x)) I (z (B S (I (I (z (S (K I)) (I S (S x)))) x)))
z z B I (v21 (x (B B) K x)) I (z (B S (I (z (S (K I)) (I S (S x))) x)))
z z B I (v21 (x (B B) K x)) I (z (B S (z (S (K I)) (I S (S x)) x)))
z z B I (v21 (x (B B) K x)) I (z (B S (z (S (K I)) (S (S x)) x)))
I S (z K (K (K (v19 (S v20 K) S) K)) B (K (I (v20 (S v25))) (B (x (z v15 z S K v5 (I B K (z (v22 x))))) (S S)) v6)) (v30 (K (S B)) (v0 (B (v14 z) K) (S (S z)) (z K))) (K B (z (v13 (z (S (K (S x) x x) B))) (S (z v18) (I I))) (K B x))
S (z K (K (K (v19 (S v20 K) S) K)) B (K (I (v20 (S v25))) (B (x (z v15 z S K v5 (I B K (z (v22 x))))) (S S)) v6)) (v30 (K (S B)) (v0 (B (v14 z) K) (S (S z)) (z K))) (K B (z (v13 (z (S (K (S x) x x) B))) (S (z v18) (I I))) (K B x))
z K (K (K (v19 (S v20 K) S) K)) B (K (I (v20 (S v25))) (B (x (z v15 z S K v5 (I B K (z (v22 x))))) (S S)) v6) (K B (z (v13 (z (S (K (S x) x x) B))) (S (z v18) (I I))) (K B x)) (v30 (K (S B)) (v0 (B (v14 z) K) (S (S z)) (z K)) (K B (z (v13 (z (S (K (S x) x x) B))) (S (z v18) (I I))) (K B x)))
z K (K (v19 (S v20 K) S)) B (K (I (v20 (S v25))) (B (x (z v15 z S K v5 (I B K (z (v22 x))))) (S S)) v6) (K B (z (v13 (z (S (K (S x) x x) B))) (S (z v18) (I I))) (K B x)) (v30 (K (S B)) (v0 (B (v14 z) K) (S (S z)) (z K)) (K B (z (v13 (z (S (K (S x) x x) B))) (S (z v18) (I I))) (K B x)))
z K (K (v19 (S v20 K) S)) B (I (v20 (S v25)) v6) (K B (z (v13 (z (S (K (S x) x x) B))) (S (z v18) (I I))) (K B x)) (v30 (K (S B)) (v0 (B (v14 z) K) (S (S z)) (z K)) (K B (z (v13 (z (S (K (S x) x x) B))) (S (z v18) (I I))) (K B x)))
z K (K (v19 (S v20 K) S)) B (v20 (S v25) v6) (K B (z (v13 (z (S (K (S x) x x) B))) (S (z v18) (I I))) (K B x)) (v30 (K (S B)) (v0 (B (v14 z) K) (S (S z)) (z K)) (K B (z (v13 (z (S (K (S x) x x) B))) (S (z v18) (I I))) (K B x)))
z K (K (v19 (S v20 K) S)) B (v20 (S v25) v6) (B (K B x)) (v30 (K (S B)) (v0 (B (v14 z) K) (S (S z)) (z K)) (K B (z (v13 (z (S (K (S x) x x) B))) (S (z v18) (I I))) (K B x)))
z K (K (v19 (S v20 K) S)) B (v20 (S v25) v6) (B B) (v30 (K (S B)) (v0 (B (v14 z) K) (S (S z)) (z K)) (K B (z (v13 (z (S (K (S x) x x) B))) (S (z v18) (I I))) (K B x)))
z K (K (v19 (S v20 K) S)) B (v20 (S v25) v6) (B B) (v30 (K (S B)) (v0 (B (v14 z) K) (S (S z)) (z K)) (B (K B x)))
z K (K (v19 (S v20 K) S)) B (v20 (S v25) v6) (B B) (v30 (K (S B)) (v0 (B (v14 z) K) (S (S z)) (z K)) (B B))
B (v18 (S v3) v23 (x (K K))) B B (x (x K (x (v26 B (B I K) x K)) (v24 (v24 (K (S K B (B B x (K (K (S K)))))) B))))
v18 (S v3) v23 (x (K K)) (B B) (x (x K (x (v26 B (B I K) x K)) (v24 (v24 (K (S K B (B B x (K (K (S K)))))) B))))
v18 (S v3) v23 (x (K K)) (B B) (x (x K (x (v26 B (B I K) x K)) (v24 (v24 (K (K (B B x (K (K (S K)))) (B (B B x (K (K (S K))))))) B))))
v18 (S v3) v23 (x (K K)) (B B) (x (x K (x (v26 B (B I K) x K)) (v24 (v24 (K (B B x (K (K (S K))))) B))))
v18 (S v3) v23 (x (K K)) (B B) (x (x K (x (v26 B (B I K) x K)) (v24 (v24 (K (B (x (K (K (S K)))))) B))))
v25 (K (K (K (S z) S) I S x))
v25 (K (K (S z) S S x))
v25 (K (S z S x))
v25 (K (z x (S x)))
