v13 (x (I I I (S z (I (S S (S I z))) I x))) (B (K (z v21) v1 (v4 (S (S v7)) z) (B x (I v13) S)) v6)
v13 (x (I I (S z (I (S S (S I z))) I x))) (B (K (z v21) v1 (v4 (S (S v7)) z) (B x (I v13) S)) v6)
v13 (x (I (S z (I (S S (S I z))) I x))) (B (K (z v21) v1 (v4 (S (S v7)) z) (B x (I v13) S)) v6)
v13 (x (S z (I (S S (S I z))) I x)) (B (K (z v21) v1 (v4 (S (S v7)) z) (B x (I v13) S)) v6)
v13 (x (z I (I (S S (S I z)) I) x)) (B (K (z v21) v1 (v4 (S (S v7)) z) (B x (I v13) S)) v6)
v13 (x (z I (S S (S I z) I) x)) (B (K (z v21) v1 (v4 (S (S v7)) z) (B x (I v13) S)) v6)
v13 (x (z I (S I (S I z I)) x)) (B (K (z v21) v1 (v4 (S (S v7)) z) (B x (I v13) S)) v6)
v13 (x (z I (S I (I I (z I))) x)) (B (K (z v21) v1 (v4 (S (S v7)) z) (B x (I v13) S)) v6)
v13 (x (z I (S I (I (z I))) x)) (B (K (z v21) v1 (v4 (S (S v7)) z) (B x (I v13) S)) v6)
v13 (x (z I (S I (z I)) x)) (B (K (z v21) v1 (v4 (S (S v7)) z) (B x (I v13) S)) v6)
v13 (x (z I (S I (z I)) x)) (B (z v21 (v4 (S (S v7)) z) (B x (I v13) S)) v6)
v13 (x (z I (S I (z I)) x)) (B (z v21 (v4 (S (S v7)) z) (x (I v13 S))) v6)
v13 (x (z I (S I (z I)) x)) (B (z v21 (v4 (S (S v7)) z) (x (v13 S))) v6)
v17 S I z
z (I (x S) I) (K (x (S B)) K) (S (z S (I I)) K) (I I) x (S (B (I (B I) (K (S B S)))) K (K (I (B (v1 K B v29 K))) v20 (x B (v7 v19 (z B)) (z (z v15) S) (v19 B) (B B))) B)
z (x S I) (K (x (S B)) K) (S (z S (I I)) K) (I I) x (S (B (I (B I) (K (S B S)))) K (K (I (B (v1 K B v29 K))) v20 (x B (v7 v19 (z B)) (z (z v15) S) (v19 B) (B B))) B)
z (x S I) (x (S B)) (S (z S (I I)) K) (I I) x (S (B (I (B I) (K (S B S)))) K (K (I (B (v1 K B v29 K))) v20 (x B (v7 v19 (z B)) (z (z v15) S) (v19 B) (B B))) B)
z (x S I) (x (S B)) (S (z S I) K) (I I) x (S (B (I (B I) (K (S B S)))) K (K (I (B (v1 K B v29 K))) v20 (x B (v7 v19 (z B)) (z (z v15) S) (v19 B) (B B))) B)
z (x S I) (x (S B)) (S (z S I) K) I x (S (B (I (B I) (K (S B S)))) K (K (I (B (v1 K B v29 K))) v20 (x B (v7 v19 (z B)) (z (z v15) S) (v19 B) (B B))) B)
z (x S I) (x (S B)) (S (z S I) K) I x (B (I (B I) (K (S B S))) (K (I (B (v1 K B v29 K))) v20 (x B (v7 v19 (z B)) (z (z v15) S) (v19 B) (B B))) (K (K (I (B (v1 K B v29 K))) v20 (x B (v7 v19 (z B)) (z (z v15) S) (v19 B) (B B)))) B)
z (x S I) (x (S B)) (S (z S I) K) I x (I (B I) (K (S B S)) (K (I (B (v1 K B v29 K))) v20 (x B (v7 v19 (z B)) (z (z v15) S) (v19 B) (B B)) (K (K (I (B (v1 K B v29 K))) v20 (x B (v7 v19 (z B)) (z (z v15) S) (v19 B) (B B))))) B)
z (x S I) (x (S B)) (S (z S I) K) I x (B I (K (S B S)) (K (I (B (v1 K B v29 K))) v20 (x B (v7 v19 (z B)) (z (z v15) S) (v19 B) (B B)) (K (K (I (B (v1 K B v29 K))) v20 (x B (v7 v19 (z B)) (z (z v15) S) (v19 B) (B B))))) B)
z (x S I) (x (S B)) (S (z S I) K) I x (I (K (S B S) (K (I (B (v1 K B v29 K))) v20 (x B (v7 v19 (z B)) (z (z v15) S) (v19 B) (B B)) (K (K (I (B (v1 K B v29 K))) v20 (x B (v7 v19 (z B)) (z (z v15) S) (v19 B) (B B)))))) B)
z (x S I) (x (S B)) (S (z S I) K) I x (K (S B S) (K (I (B (v1 K B v29 K))) v20 (x B (v7 v19 (z B)) (z (z v15) S) (v19 B) (B B)) (K (K (I (B (v1 K B v29 K))) v20 (x B (v7 v19 (z B)) (z (z v15) S) (v19 B) (B B))))) B)
z (x S I) (x (S B)) (S (z S I) K) I x (S B S B)
z (x S I) (x (S B)) (S (z S I) K) I x (B B (S B))
S I (z S v13 B B) z (I B (K (B (x (S I) x))) I) (B (z z) (v23 v23 (B I) (z z))) K (K (x x (x (B x) B) S) (I S B))
I z (z S v13 B B z) (I B (K (B (x (S I) x))) I) (B (z z) (v23 v23 (B I) (z z))) K (K (x x (x (B x) B) S) (I S B))
z (z S v13 B B z) (I B (K (B (x (S I) x))) I) (B (z z) (v23 v23 (B I) (z z))) K (K (x x (x (B x) B) S) (I S B))
z (z S v13 B B z) (B (K (B (x (S I) x))) I) (B (z z) (v23 v23 (B I) (z z))) K (K (x x (x (B x) B) S) (I S B))
z (z S v13 B B z) (B (K (B (x (S I) x))) I) (B (z z) (v23 v23 (B I) (z z))) K (x x (x (B x) B) S)
B (z x B I z) I (K (K (K z) I (S (S (x z) I) (K (S z (z (z (v2 x)))))) (K (v27 B) (B (K S z) B I)))) (K z (z (x K z K)) (v1 (B (K x v23))) v12 (z v3 K (I z (S z)) x (v14 B K (S z) K (K (z (S S))) K) S (S S)) (v12 (I K (S (v26 (I (z B) S) B S)))))
z x B I z (I (K (K (K z) I (S (S (x z) I) (K (S z (z (z (v2 x)))))) (K (v27 B) (B (K S z) B I))))) (K z (z (x K z K)) (v1 (B (K x v23))) v12 (z v3 K (I z (S z)) x (v14 B K (S z) K (K (z (S S))) K) S (S S)) (v12 (I K (S (v26 (I (z B) S) B S)))))
z x B I z (K (K (K z) I (S (S (x z) I) (K (S z (z (z (v2 x)))))) (K (v27 B) (B (K S z) B I)))) (K z (z (x K z K)) (v1 (B (K x v23))) v12 (z v3 K (I z (S z)) x (v14 B K (S z) K (K (z (S S))) K) S (S S)) (v12 (I K (S (v26 (I (z B) S) B S)))))
z x B I z (K (K z (S (S (x z) I) (K (S z (z (z (v2 x)))))) (K (v27 B) (B (K S z) B I)))) (K z (z (x K z K)) (v1 (B (K x v23))) v12 (z v3 K (I z (S z)) x (v14 B K (S z) K (K (z (S S))) K) S (S S)) (v12 (I K (S (v26 (I (z B) S) B S)))))
z x B I z (K (z (K (v27 B) (B (K S z) B I)))) (K z (z (x K z K)) (v1 (B (K x v23))) v12 (z v3 K (I z (S z)) x (v14 B K (S z) K (K (z (S S))) K) S (S S)) (v12 (I K (S (v26 (I (z B) S) B S)))))
z x B I z (K (z (v27 B))) (K z (z (x K z K)) (v1 (B (K x v23))) v12 (z v3 K (I z (S z)) x (v14 B K (S z) K (K (z (S S))) K) S (S S)) (v12 (I K (S (v26 (I (z B) S) B S)))))
z x B I z (K (z (v27 B))) (z (v1 (B (K x v23))) v12 (z v3 K (I z (S z)) x (v14 B K (S z) K (K (z (S S))) K) S (S S)) (v12 (I K (S (v26 (I (z B) S) B S)))))
z x B I z (K (z (v27 B))) (z (v1 (B x)) v12 (z v3 K (I z (S z)) x (v14 B K (S z) K (K (z (S S))) K) S (S S)) (v12 (I K (S (v26 (I (z B) S) B S)))))
z x B I z (K (z (v27 B))) (z (v1 (B x)) v12 (z v3 K (z (S z)) x (v14 B K (S z) K (K (z (S S))) K) S (S S)) (v12 (I K (S (v26 (I (z B) S) B S)))))
z x B I z (K (z (v27 B))) (z (v1 (B x)) v12 (z v3 K (z (S z)) x (v14 B K (S z) K (K (z (S S))) K) S (S S)) (v12 (K (S (v26 (I (z B) S) B S)))))
z x B I z (K (z (v27 B))) (z (v1 (B x)) v12 (z v3 K (z (S z)) x (v14 B K (S z) K (K (z (S S))) K) S (S S)) (v12 (K (S (v26 (z B S) B S)))))
S (K K v15) K
S K K
S
B (K K) S (x S) B K (K (z (K x)))
K K (S (x S)) B K (K (z (K x)))
K B K (K (z (K x)))
B (K (z (K x)))
S
B z z z
z (z z)
