v20
z
I (x x)
x x
S (I (z (I (z z (z z) (x S) x z v17 (z K (S S (K B))) K)))) (v5 K)
S (z (I (z z (z z) (x S) x z v17 (z K (S S (K B))) K))) (v5 K)
S (z (z z (z z) (x S) x z v17 (z K (S S (K B))) K)) (v5 K)
x (K (I (x S)) v2) (B I) x (z (B B) B) (I (B S x) (K x B I v2) (I (x (z S (B (v5 (v22 S)))) (B (x v3)) S)) (I (z (I v2 (S B (S K I z v14 (v1 I)))) (B z (K K) (x (I v8 v28 v11)))))) (v28 v8)
x (I (x S)) (B I) x (z (B B) B) (I (B S x) (K x B I v2) (I (x (z S (B (v5 (v22 S)))) (B (x v3)) S)) (I (z (I v2 (S B (S K I z v14 (v1 I)))) (B z (K K) (x (I v8 v28 v11)))))) (v28 v8)
x (x S) (B I) x (z (B B) B) (I (B S x) (K x B I v2) (I (x (z S (B (v5 (v22 S)))) (B (x v3)) S)) (I (z (I v2 (S B (S K I z v14 (v1 I)))) (B z (K K) (x (I v8 v28 v11)))))) (v28 v8)
x (x S) (B I) x (z (B B) B) (B S x (K x B I v2) (I (x (z S (B (v5 (v22 S)))) (B (x v3)) S)) (I (z (I v2 (S B (S K I z v14 (v1 I)))) (B z (K K) (x (I v8 v28 v11)))))) (v28 v8)
x (x S) (B I) x (z (B B) B) (S (x (K x B I v2)) (I (x (z S (B (v5 (v22 S)))) (B (x v3)) S)) (I (z (I v2 (S B (S K I z v14 (v1 I)))) (B z (K K) (x (I v8 v28 v11)))))) (v28 v8)
x (x S) (B I) x (z (B B) B) (x (K x B I v2) (I (z (I v2 (S B (S K I z v14 (v1 I)))) (B z (K K) (x (I v8 v28 v11))))) (I (x (z S (B (v5 (v22 S)))) (B (x v3)) S) (I (z (I v2 (S B (S K I z v14 (v1 I)))) (B z (K K) (x (I v8 v28 v11))))))) (v28 v8)
x (x S) (B I) x (z (B B) B) (x (x I v2) (I (z (I v2 (S B (S K I z v14 (v1 I)))) (B z (K K) (x (I v8 v28 v11))))) (I (x (z S (B (v5 (v22 S)))) (B (x v3)) S) (I (z (I v2 (S B (S K I z v14 (v1 I)))) (B z (K K) (x (I v8 v28 v11))))))) (v28 v8)
x (x S) (B I) x (z (B B) B) (x (x I v2) (z (I v2 (S B (S K I z v14 (v1 I)))) (B z (K K) (x (I v8 v28 v11)))) (I (x (z S (B (v5 (v22 S)))) (B (x v3)) S) (I (z (I v2 (S B (S K I z v14 (v1 I)))) (B z (K K) (x (I v8 v28 v11))))))) (v28 v8)
x (x S) (B I) x (z (B B) B) (x (x I v2) (z (v2 (S B (S K I z v14 (v1 I)))) (B z (K K) (x (I v8 v28 v11)))) (I (x (z S (B (v5 (v22 S)))) (B (x v3)) S) (I (z (I v2 (S B (S K I z v14 (v1 I)))) (B z (K K) (x (I v8 v28 v11))))))) (v28 v8)
x (x S) (B I) x (z (B B) B) (x (x I v2) (z (v2 (S B (K z (I z) v14 (v1 I)))) (B z (K K) (x (I v8 v28 v11)))) (I (x (z S (B (v5 (v22 S)))) (B (x v3)) S) (I (z (I v2 (S B (S K I z v14 (v1 I)))) (B z (K K) (x (I v8 v28 v11))))))) (v28 v8)
x (x S) (B I) x (z (B B) B) (x (x I v2) (z (v2 (S B (z v14 (v1 I)))) (B z (K K) (x (I v8 v28 v11)))) (I (x (z S (B (v5 (v22 S)))) (B (x v3)) S) (I (z (I v2 (S B (S K I z v14 (v1 I)))) (B z (K K) (x (I v8 v28 v11))))))) (v28 v8)
x (x S) (B I) x (z (B B) B) (x (x I v2) (z (v2 (S B (z v14 (v1 I)))) (z (K K (x (I v8 v28 v11))))) (I (x (z S (B (v5 (v22 S)))) (B (x v3)) S) (I (z (I v2 (S B (S K I z v14 (v1 I)))) (B z (K K) (x (I v8 v28 v11))))))) (v28 v8)
x (x S) (B I) x (z (B B) B) (x (x I v2) (z (v2 (S B (z v14 (v1 I)))) (z K)) (I (x (z S (B (v5 (v22 S)))) (B (x v3)) S) (I (z (I v2 (S B (S K I z v14 (v1 I)))) (B z (K K) (x (I v8 v28 v11))))))) (v28 v8)
x (x S) (B I) x (z (B B) B) (x (x I v2) (z (v2 (S B (z v14 (v1 I)))) (z K)) (x (z S (B (v5 (v22 S)))) (B (x v3)) S (I (z (I v2 (S B (S K I z v14 (v1 I)))) (B z (K K) (x (I v8 v28 v11))))))) (v28 v8)
x (x S) (B I) x (z (B B) B) (x (x I v2) (z (v2 (S B (z v14 (v1 I)))) (z K)) (x (z S (B (v5 (v22 S)))) (B (x v3)) S (z (I v2 (S B (S K I z v14 (v1 I)))) (B z (K K) (x (I v8 v28 v11)))))) (v28 v8)
x (x S) (B I) x (z (B B) B) (x (x I v2) (z (v2 (S B (z v14 (v1 I)))) (z K)) (x (z S (B (v5 (v22 S)))) (B (x v3)) S (z (v2 (S B (S K I z v14 (v1 I)))) (B z (K K) (x (I v8 v28 v11)))))) (v28 v8)
x (x S) (B I) x (z (B B) B) (x (x I v2) (z (v2 (S B (z v14 (v1 I)))) (z K)) (x (z S (B (v5 (v22 S)))) (B (x v3)) S (z (v2 (S B (K z (I z) v14 (v1 I)))) (B z (K K) (x (I v8 v28 v11)))))) (v28 v8)
x (x S) (B I) x (z (B B) B) (x (x I v2) (z (v2 (S B (z v14 (v1 I)))) (z K)) (x (z S (B (v5 (v22 S)))) (B (x v3)) S (z (v2 (S B (z v14 (v1 I)))) (B z (K K) (x (I v8 v28 v11)))))) (v28 v8)
x (x S) (B I) x (z (B B) B) (x (x I v2) (z (v2 (S B (z v14 (v1 I)))) (z K)) (x (z S (B (v5 (v22 S)))) (B (x v3)) S (z (v2 (S B (z v14 (v1 I)))) (z (K K (x (I v8 v28 v11))))))) (v28 v8)
x (x S) (B I) x (z (B B) B) (x (x I v2) (z (v2 (S B (z v14 (v1 I)))) (z K)) (x (z S (B (v5 (v22 S)))) (B (x v3)) S (z (v2 (S B (z v14 (v1 I)))) (z K)))) (v28 v8)
B (K S (v6 K S) (z (B I)))
B (S (z (B I)))
B S z x (S v29 (I (v19 z)) (K I K)) (z B) (K (I (K (z B))) B) (v7 I (x S K))
S (z x) (S v29 (I (v19 z)) (K I K)) (z B) (K (I (K (z B))) B) (v7 I (x S K))
z x (z B) (S v29 (I (v19 z)) (K I K) (z B)) (K (I (K (z B))) B) (v7 I (x S K))
z x (z B) (v29 (K I K) (I (v19 z) (K I K)) (z B)) (K (I (K (z B))) B) (v7 I (x S K))
z x (z B) (v29 I (I (v19 z) (K I K)) (z B)) (K (I (K (z B))) B) (v7 I (x S K))
z x (z B) (v29 I (v19 z (K I K)) (z B)) (K (I (K (z B))) B) (v7 I (x S K))
z x (z B) (v29 I (v19 z I) (z B)) (K (I (K (z B))) B) (v7 I (x S K))
z x (z B) (v29 I (v19 z I) (z B)) (I (K (z B))) (v7 I (x S K))
z x (z B) (v29 I (v19 z I) (z B)) (K (z B)) (v7 I (x S K))
S
I (x x (K S)) I x x (S (K (x (S v13 (S I z) z) (K x z v29 x S) S)) x)
x x (K S) I x x (S (K (x (S v13 (S I z) z) (K x z v29 x S) S)) x)
x x (K S) I x x (S (K (x (v13 z (S I z z)) (K x z v29 x S) S)) x)
x x (K S) I x x (S (K (x (v13 z (I z (z z))) (K x z v29 x S) S)) x)
x x (K S) I x x (S (K (x (v13 z (z (z z))) (K x z v29 x S) S)) x)
x x (K S) I x x (S (K (x (v13 z (z (z z))) (x v29 x S) S)) x)
K (z v16 (K (K S S x)) I) z
z v16 (K (K S S x)) I
z v16 (K (S x)) I
