z (I (S (z (B K) x)) v5 K B) (B (K (K z) (v5 (I v11) (S x))))
z (S (z (B K) x) v5 K B) (B (K (K z) (v5 (I v11) (S x))))
z (z (B K) x K (v5 K) B) (B (K (K z) (v5 (I v11) (S x))))
z (z (B K) x K (v5 K) B) (B (K z))
I v18 z (x K S v9 z (S K) x)
v18 z (x K S v9 z (S K) x)
S v2 (x S I I)
I (I I) (I (B (B z)) z) (I (z x) (K (K (B z)) (K (K S (I B)) (S (z x I) B (I v15) z) (K (v24 S z)) S)))
I I (I (B (B z)) z) (I (z x) (K (K (B z)) (K (K S (I B)) (S (z x I) B (I v15) z) (K (v24 S z)) S)))
I (I (B (B z)) z) (I (z x) (K (K (B z)) (K (K S (I B)) (S (z x I) B (I v15) z) (K (v24 S z)) S)))
I (B (B z)) z (I (z x) (K (K (B z)) (K (K S (I B)) (S (z x I) B (I v15) z) (K (v24 S z)) S)))
B (B z) z (I (z x) (K (K (B z)) (K (K S (I B)) (S (z x I) B (I v15) z) (K (v24 S z)) S)))
B z (z (I (z x) (K (K (B z)) (K (K S (I B)) (S (z x I) B (I v15) z) (K (v24 S z)) S))))
B z (z (z x (K (K (B z)) (K (K S (I B)) (S (z x I) B (I v15) z) (K (v24 S z)) S))))
B z (z (z x (K (B z))))
v12 I (x K)
I (S z I z (B B)) (S (z (v9 K)) x x) (K (S K x) (S (S z I) (K z (z x) x v25 (I z) I K)) (K (I (K K v5 (z x) v23 S (v1 K) (S z K K) z (z I K)) (S K B z))))
S z I z (B B) (S (z (v9 K)) x x) (K (S K x) (S (S z I) (K z (z x) x v25 (I z) I K)) (K (I (K K v5 (z x) v23 S (v1 K) (S z K K) z (z I K)) (S K B z))))
z z (I z) (B B) (S (z (v9 K)) x x) (K (S K x) (S (S z I) (K z (z x) x v25 (I z) I K)) (K (I (K K v5 (z x) v23 S (v1 K) (S z K K) z (z I K)) (S K B z))))
z z z (B B) (S (z (v9 K)) x x) (K (S K x) (S (S z I) (K z (z x) x v25 (I z) I K)) (K (I (K K v5 (z x) v23 S (v1 K) (S z K K) z (z I K)) (S K B z))))
z z z (B B) (z (v9 K) x (x x)) (K (S K x) (S (S z I) (K z (z x) x v25 (I z) I K)) (K (I (K K v5 (z x) v23 S (v1 K) (S z K K) z (z I K)) (S K B z))))
z z z (B B) (z (v9 K) x (x x)) (S K x (K (I (K K v5 (z x) v23 S (v1 K) (S z K K) z (z I K)) (S K B z))))
z z z (B B) (z (v9 K) x (x x)) (K (K (I (K K v5 (z x) v23 S (v1 K) (S z K K) z (z I K)) (S K B z))) (x (K (I (K K v5 (z x) v23 S (v1 K) (S z K K) z (z I K)) (S K B z)))))
z z z (B B) (z (v9 K) x (x x)) (K (I (K K v5 (z x) v23 S (v1 K) (S z K K) z (z I K)) (S K B z)))
z z z (B B) (z (v9 K) x (x x)) (K (K K v5 (z x) v23 S (v1 K) (S z K K) z (z I K) (S K B z)))
z z z (B B) (z (v9 K) x (x x)) (K (K (z x) v23 S (v1 K) (S z K K) z (z I K) (S K B z)))
z z z (B B) (z (v9 K) x (x x)) (K (z x S (v1 K) (S z K K) z (z I K) (S K B z)))
z z z (B B) (z (v9 K) x (x x)) (K (z x S (v1 K) (z K (K K)) z (z I K) (S K B z)))
z z z (B B) (z (v9 K) x (x x)) (K (z x S (v1 K) (z K (K K)) z (z I K) (K z (B z))))
z z z (B B) (z (v9 K) x (x x)) (K (z x S (v1 K) (z K (K K)) z (z I K) z))
I
B I S (I (z v4 v24) x)
I (S (I (z v4 v24) x))
S (I (z v4 v24) x)
S (z v4 v24 x)
x z (B (x K z) (x z x)) (I I) (B B z) (x (S (z (S (v24 (x (K K) B)))) (K (S (x (x I) z z) z)))) (K K)
x z (B (x K z) (x z x)) I (B B z) (x (S (z (S (v24 (x (K K) B)))) (K (S (x (x I) z z) z)))) (K K)
B (B I) (S v27) (K (B (S v25 B) (B I (S (I (I (x z))) B) (I B x)) z (B K v22 v29 z)) (S z z))
B I (S v27 (K (B (S v25 B) (B I (S (I (I (x z))) B) (I B x)) z (B K v22 v29 z)) (S z z)))
B I (S v27 (B (S v25 B) (B I (S (I (I (x z))) B) (I B x)) z (B K v22 v29 z)))
B I (S v27 (S v25 B (B I (S (I (I (x z))) B) (I B x) z) (B K v22 v29 z)))
B I (S v27 (v25 (B I (S (I (I (x z))) B) (I B x) z) (B (B I (S (I (I (x z))) B) (I B x) z)) (B K v22 v29 z)))
B I (S v27 (v25 (I (S (I (I (x z))) B (I B x)) z) (B (B I (S (I (I (x z))) B) (I B x) z)) (B K v22 v29 z)))
B I (S v27 (v25 (S (I (I (x z))) B (I B x) z) (B (B I (S (I (I (x z))) B) (I B x) z)) (B K v22 v29 z)))
B I (S v27 (v25 (I (I (x z)) (I B x) (B (I B x)) z) (B (B I (S (I (I (x z))) B) (I B x) z)) (B K v22 v29 z)))
B I (S v27 (v25 (I (x z) (I B x) (B (I B x)) z) (B (B I (S (I (I (x z))) B) (I B x) z)) (B K v22 v29 z)))
B I (S v27 (v25 (x z (I B x) (B (I B x)) z) (B (B I (S (I (I (x z))) B) (I B x) z)) (B K v22 v29 z)))
B I (S v27 (v25 (x z (B x) (B (I B x)) z) (B (B I (S (I (I (x z))) B) (I B x) z)) (B K v22 v29 z)))
B I (S v27 (v25 (x z (B x) (B (B x)) z) (B (B I (S (I (I (x z))) B) (I B x) z)) (B K v22 v29 z)))
B I (S v27 (v25 (x z (B x) (B (B x)) z) (B (I (S (I (I (x z))) B (I B x)) z)) (B K v22 v29 z)))
B I (S v27 (v25 (x z (B x) (B (B x)) z) (B (S (I (I (x z))) B (I B x) z)) (B K v22 v29 z)))
B I (S v27 (v25 (x z (B x) (B (B x)) z) (B (I (I (x z)) (I B x) (B (I B x)) z)) (B K v22 v29 z)))
B I (S v27 (v25 (x z (B x) (B (B x)) z) (B (I (x z) (I B x) (B (I B x)) z)) (B K v22 v29 z)))
B I (S v27 (v25 (x z (B x) (B (B x)) z) (B (x z (I B x) (B (I B x)) z)) (B K v22 v29 z)))
B I (S v27 (v25 (x z (B x) (B (B x)) z) (B (x z (B x) (B (I B x)) z)) (B K v22 v29 z)))
B I (S v27 (v25 (x z (B x) (B (B x)) z) (B (x z (B x) (B (B x)) z)) (B K v22 v29 z)))
B I (S v27 (v25 (x z (B x) (B (B x)) z) (B (x z (B x) (B (B x)) z)) (K (v22 v29) z)))
B I (S v27 (v25 (x z (B x) (B (B x)) z) (B (x z (B x) (B (B x)) z)) (v22 v29)))
