x (B S) (I (x (I (B z B I) S)) x (z (B I) B S)) x (z (S x (B (I I (I K z (K (I (K z)))))) (K z (B S) x S)))
x (B S) (x (I (B z B I) S) x (z (B I) B S)) x (z (S x (B (I I (I K z (K (I (K z)))))) (K z (B S) x S)))
x (B S) (x (B z B I S) x (z (B I) B S)) x (z (S x (B (I I (I K z (K (I (K z)))))) (K z (B S) x S)))
x (B S) (x (z (B I) S) x (z (B I) B S)) x (z (S x (B (I I (I K z (K (I (K z)))))) (K z (B S) x S)))
x (B S) (x (z (B I) S) x (z (B I) B S)) x (z (x (K z (B S) x S) (B (I I (I K z (K (I (K z))))) (K z (B S) x S))))
x (B S) (x (z (B I) S) x (z (B I) B S)) x (z (x (z x S) (B (I I (I K z (K (I (K z))))) (K z (B S) x S))))
x (B S) (x (z (B I) S) x (z (B I) B S)) x (z (x (z x S) (B (I (I K z (K (I (K z))))) (K z (B S) x S))))
x (B S) (x (z (B I) S) x (z (B I) B S)) x (z (x (z x S) (B (I K z (K (I (K z)))) (K z (B S) x S))))
x (B S) (x (z (B I) S) x (z (B I) B S)) x (z (x (z x S) (B (K z (K (I (K z)))) (K z (B S) x S))))
x (B S) (x (z (B I) S) x (z (B I) B S)) x (z (x (z x S) (B z (K z (B S) x S))))
x (B S) (x (z (B I) S) x (z (B I) B S)) x (z (x (z x S) (B z (z x S))))
S (S (I (z (I v14) z (B (I B)))) I) (K v21 K (x (x x) (x B) S) (x (x K) (K (v0 K) (v25 S))) (z (x (K (z z (v3 (v5 I)))))) (I (S (K (I x) x) B)) K (I (I B))) (I I (B B) x (x (S (B B) (x (S z (S v22 (B v9) S)))) K) (B (S (z B) z (z (S B I x) (K z)))))
S (I (z (I v14) z (B (I B)))) I (I I (B B) x (x (S (B B) (x (S z (S v22 (B v9) S)))) K) (B (S (z B) z (z (S B I x) (K z))))) (K v21 K (x (x x) (x B) S) (x (x K) (K (v0 K) (v25 S))) (z (x (K (z z (v3 (v5 I)))))) (I (S (K (I x) x) B)) K (I (I B)) (I I (B B) x (x (S (B B) (x (S z (S v22 (B v9) S)))) K) (B (S (z B) z (z (S B I x) (K z))))))
I (z (I v14) z (B (I B))) (I I (B B) x (x (S (B B) (x (S z (S v22 (B v9) S)))) K) (B (S (z B) z (z (S B I x) (K z))))) (I (I I (B B) x (x (S (B B) (x (S z (S v22 (B v9) S)))) K) (B (S (z B) z (z (S B I x) (K z)))))) (K v21 K (x (x x) (x B) S) (x (x K) (K (v0 K) (v25 S))) (z (x (K (z z (v3 (v5 I)))))) (I (S (K (I x) x) B)) K (I (I B)) (I I (B B) x (x (S (B B) (x (S z (S v22 (B v9) S)))) K) (B (S (z B) z (z (S B I x) (K z))))))
z (I v14) z (B (I B)) (I I (B B) x (x (S (B B) (x (S z (S v22 (B v9) S)))) K) (B (S (z B) z (z (S B I x) (K z))))) (I (I I (B B) x (x (S (B B) (x (S z (S v22 (B v9) S)))) K) (B (S (z B) z (z (S B I x) (K z)))))) (K v21 K (x (x x) (x B) S) (x (x K) (K (v0 K) (v25 S))) (z (x (K (z z (v3 (v5 I)))))) (I (S (K (I x) x) B)) K (I (I B)) (I I (B B) x (x (S (B B) (x (S z (S v22 (B v9) S)))) K) (B (S (z B) z (z (S B I x) (K z))))))
z v14 z (B (I B)) (I I (B B) x (x (S (B B) (x (S z (S v22 (B v9) S)))) K) (B (S (z B) z (z (S B I x) (K z))))) (I (I I (B B) x (x (S (B B) (x (S z (S v22 (B v9) S)))) K) (B (S (z B) z (z (S B I x) (K z)))))) (K v21 K (x (x x) (x B) S) (x (x K) (K (v0 K) (v25 S))) (z (x (K (z z (v3 (v5 I)))))) (I (S (K (I x) x) B)) K (I (I B)) (I I (B B) x (x (S (B B) (x (S z (S v22 (B v9) S)))) K) (B (S (z B) z (z (S B I x) (K z))))))
z v14 z (B B) (I I (B B) x (x (S (B B) (x (S z (S v22 (B v9) S)))) K) (B (S (z B) z (z (S B I x) (K z))))) (I (I I (B B) x (x (S (B B) (x (S z (S v22 (B v9) S)))) K) (B (S (z B) z (z (S B I x) (K z)))))) (K v21 K (x (x x) (x B) S) (x (x K) (K (v0 K) (v25 S))) (z (x (K (z z (v3 (v5 I)))))) (I (S (K (I x) x) B)) K (I (I B)) (I I (B B) x (x (S (B B) (x (S z (S v22 (B v9) S)))) K) (B (S (z B) z (z (S B I x) (K z))))))
z v14 z (B B) (I (B B) x (x (S (B B) (x (S z (S v22 (B v9) S)))) K) (B (S (z B) z (z (S B I x) (K z))))) (I (I I (B B) x (x (S (B B) (x (S z (S v22 (B v9) S)))) K) (B (S (z B) z (z (S B I x) (K z)))))) (K v21 K (x (x x) (x B) S) (x (x K) (K (v0 K) (v25 S))) (z (x (K (z z (v3 (v5 I)))))) (I (S (K (I x) x) B)) K (I (I B)) (I I (B B) x (x (S (B B) (x (S z (S v22 (B v9) S)))) K) (B (S (z B) z (z (S B I x) (K z))))))
z v14 z (B B) (B B x (x (S (B B) (x (S z (S v22 (B v9) S)))) K) (B (S (z B) z (z (S B I x) (K z))))) (I (I I (B B) x (x (S (B B) (x (S z (S v22 (B v9) S)))) K) (B (S (z B) z (z (S B I x) (K z)))))) (K v21 K (x (x x) (x B) S) (x (x K) (K (v0 K) (v25 S))) (z (x (K (z z (v3 (v5 I)))))) (I (S (K (I x) x) B)) K (I (I B)) (I I (B B) x (x (S (B B) (x (S z (S v22 (B v9) S)))) K) (B (S (z B) z (z (S B I x) (K z))))))
z v14 z (B B) (B (x (x (S (B B) (x (S z (S v22 (B v9) S)))) K)) (B (S (z B) z (z (S B I x) (K z))))) (I (I I (B B) x (x (S (B B) (x (S z (S v22 (B v9) S)))) K) (B (S (z B) z (z (S B I x) (K z)))))) (K v21 K (x (x x) (x B) S) (x (x K) (K (v0 K) (v25 S))) (z (x (K (z z (v3 (v5 I)))))) (I (S (K (I x) x) B)) K (I (I B)) (I I (B B) x (x (S (B B) (x (S z (S v22 (B v9) S)))) K) (B (S (z B) z (z (S B I x) (K z))))))
z v14 z (B B) (B (x (x (S (B B) (x (S z (v22 S (B v9 S))))) K)) (B (S (z B) z (z (S B I x) (K z))))) (I (I I (B B) x (x (S (B B) (x (S z (S v22 (B v9) S)))) K) (B (S (z B) z (z (S B I x) (K z)))))) (K v21 K (x (x x) (x B) S) (x (x K) (K (v0 K) (v25 S))) (z (x (K (z z (v3 (v5 I)))))) (I (S (K (I x) x) B)) K (I (I B)) (I I (B B) x (x (S (B B) (x (S z (S v22 (B v9) S)))) K) (B (S (z B) z (z (S B I x) (K z))))))
z v14 z (B B) (B (x (x (S (B B) (x (S z (v22 S (B v9 S))))) K)) (B (z B (z (S B I x) (K z)) (z (z (S B I x) (K z)))))) (I (I I (B B) x (x (S (B B) (x (S z (S v22 (B v9) S)))) K) (B (S (z B) z (z (S B I x) (K z)))))) (K v21 K (x (x x) (x B) S) (x (x K) (K (v0 K) (v25 S))) (z (x (K (z z (v3 (v5 I)))))) (I (S (K (I x) x) B)) K (I (I B)) (I I (B B) x (x (S (B B) (x (S z (S v22 (B v9) S)))) K) (B (S (z B) z (z (S B I x) (K z))))))
z v14 z (B B) (B (x (x (S (B B) (x (S z (v22 S (B v9 S))))) K)) (B (z B (z (B x (I x)) (K z)) (z (z (S B I x) (K z)))))) (I (I I (B B) x (x (S (B B) (x (S z (S v22 (B v9) S)))) K) (B (S (z B) z (z (S B I x) (K z)))))) (K v21 K (x (x x) (x B) S) (x (x K) (K (v0 K) (v25 S))) (z (x (K (z z (v3 (v5 I)))))) (I (S (K (I x) x) B)) K (I (I B)) (I I (B B) x (x (S (B B) (x (S z (S v22 (B v9) S)))) K) (B (S (z B) z (z (S B I x) (K z))))))
z v14 z (B B) (B (x (x (S (B B) (x (S z (v22 S (B v9 S))))) K)) (B (z B (z (B x x) (K z)) (z (z (S B I x) (K z)))))) (I (I I (B B) x (x (S (B B) (x (S z (S v22 (B v9) S)))) K) (B (S (z B) z (z (S B I x) (K z)))))) (K v21 K (x (x x) (x B) S) (x (x K) (K (v0 K) (v25 S))) (z (x (K (z z (v3 (v5 I)))))) (I (S (K (I x) x) B)) K (I (I B)) (I I (B B) x (x (S (B B) (x (S z (S v22 (B v9) S)))) K) (B (S (z B) z (z (S B I x) (K z))))))
z v14 z (B B) (B (x (x (S (B B) (x (S z (v22 S (B v9 S))))) K)) (B (z B (z (B x x) (K z)) (z (z (B x (I x)) (K z)))))) (I (I I (B B) x (x (S (B B) (x (S z (S v22 (B v9) S)))) K) (B (S (z B) z (z (S B I x) (K z)))))) (K v21 K (x (x x) (x B) S) (x (x K) (K (v0 K) (v25 S))) (z (x (K (z z (v3 (v5 I)))))) (I (S (K (I x) x) B)) K (I (I B)) (I I (B B) x (x (S (B B) (x (S z (S v22 (B v9) S)))) K) (B (S (z B) z (z (S B I x) (K z))))))
z v14 z (B B) (B (x (x (S (B B) (x (S z (v22 S (B v9 S))))) K)) (B (z B (z (B x x) (K z)) (z (z (B x x) (K z)))))) (I (I I (B B) x (x (S (B B) (x (S z (S v22 (B v9) S)))) K) (B (S (z B) z (z (S B I x) (K z)))))) (K v21 K (x (x x) (x B) S) (x (x K) (K (v0 K) (v25 S))) (z (x (K (z z (v3 (v5 I)))))) (I (S (K (I x) x) B)) K (I (I B)) (I I (B B) x (x (S (B B) (x (S z (S v22 (B v9) S)))) K) (B (S (z B) z (z (S B I x) (K z))))))
z v14 z (B B) (B (x (x (S (B B) (x (S z (v22 S (B v9 S))))) K)) (B (z B (z (B x x) (K z)) (z (z (B x x) (K z)))))) (I I (B B) x (x (S (B B) (x (S z (S v22 (B v9) S)))) K) (B (S (z B) z (z (S B I x) (K z))))) (K v21 K (x (x x) (x B) S) (x (x K) (K (v0 K) (v25 S))) (z (x (K (z z (v3 (v5 I)))))) (I (S (K (I x) x) B)) K (I (I B)) (I I (B B) x (x (S (B B) (x (S z (S v22 (B v9) S)))) K) (B (S (z B) z (z (S B I x) (K z))))))
z v14 z (B B) (B (x (x (S (B B) (x (S z (v22 S (B v9 S))))) K)) (B (z B (z (B x x) (K z)) (z (z (B x x) (K z)))))) (I (B B) x (x (S (B B) (x (S z (S v22 (B v9) S)))) K) (B (S (z B) z (z (S B I x) (K z))))) (K v21 K (x (x x) (x B) S) (x (x K) (K (v0 K) (v25 S))) (z (x (K (z z (v3 (v5 I)))))) (I (S (K (I x) x) B)) K (I (I B)) (I I (B B) x (x (S (B B) (x (S z (S v22 (B v9) S)))) K) (B (S (z B) z (z (S B I x) (K z))))))
z v14 z (B B) (B (x (x (S (B B) (x (S z (v22 S (B v9 S))))) K)) (B (z B (z (B x x) (K z)) (z (z (B x x) (K z)))))) (B B x (x (S (B B) (x (S z (S v22 (B v9) S)))) K) (B (S (z B) z (z (S B I x) (K z))))) (K v21 K (x (x x) (x B) S) (x (x K) (K (v0 K) (v25 S))) (z (x (K (z z (v3 (v5 I)))))) (I (S (K (I x) x) B)) K (I (I B)) (I I (B B) x (x (S (B B) (x (S z (S v22 (B v9) S)))) K) (B (S (z B) z (z (S B I x) (K z))))))
z v14 z (B B) (B (x (x (S (B B) (x (S z (v22 S (B v9 S))))) K)) (B (z B (z (B x x) (K z)) (z (z (B x x) (K z)))))) (B (x (x (S (B B) (x (S z (S v22 (B v9) S)))) K)) (B (S (z B) z (z (S B I x) (K z))))) (K v21 K (x (x x) (x B) S) (x (x K) (K (v0 K) (v25 S))) (z (x (K (z z (v3 (v5 I)))))) (I (S (K (I x) x) B)) K (I (I B)) (I I (B B) x (x (S (B B) (x (S z (S v22 (B v9) S)))) K) (B (S (z B) z (z (S B I x) (K z))))))
z v14 z (B B) (B (x (x (S (B B) (x (S z (v22 S (B v9 S))))) K)) (B (z B (z (B x x) (K z)) (z (z (B x x) (K z)))))) (B (x (x (S (B B) (x (S z (v22 S (B v9 S))))) K)) (B (S (z B) z (z (S B I x) (K z))))) (K v21 K (x (x x) (x B) S) (x (x K) (K (v0 K) (v25 S))) (z (x (K (z z (v3 (v5 I)))))) (I (S (K (I x) x) B)) K (I (I B)) (I I (B B) x (x (S (B B) (x (S z (S v22 (B v9) S)))) K) (B (S (z B) z (z (S B I x) (K z))))))
z v14 z (B B) (B (x (x (S (B B) (x (S z (v22 S (B v9 S))))) K)) (B (z B (z (B x x) (K z)) (z (z (B x x) (K z)))))) (B (x (x (S (B B) (x (S z (v22 S (B v9 S))))) K)) (B (z B (z (S B I x) (K z)) (z (z (S B I x) (K z)))))) (K v21 K (x (x x) (x B) S) (x (x K) (K (v0 K) (v25 S))) (z (x (K (z z (v3 (v5 I)))))) (I (S (K (I x) x) B)) K (I (I B)) (I I (B B) x (x (S (B B) (x (S z (S v22 (B v9) S)))) K) (B (S (z B) z (z (S B I x) (K z))))))
z v14 z (B B) (B (x (x (S (B B) (x (S z (v22 S (B v9 S))))) K)) (B (z B (z (B x x) (K z)) (z (z (B x x) (K z)))))) (B (x (x (S (B B) (x (S z (v22 S (B v9 S))))) K)) (B (z B (z (B x (I x)) (K z)) (z (z (S B I x) (K z)))))) (K v21 K (x (x x) (x B) S) (x (x K) (K (v0 K) (v25 S))) (z (x (K (z z (v3 (v5 I)))))) (I (S (K (I x) x) B)) K (I (I B)) (I I (B B) x (x (S (B B) (x (S z (S v22 (B v9) S)))) K) (B (S (z B) z (z (S B I x) (K z))))))
z v14 z (B B) (B (x (x (S (B B) (x (S z (v22 S (B v9 S))))) K)) (B (z B (z (B x x) (K z)) (z (z (B x x) (K z)))))) (B (x (x (S (B B) (x (S z (v22 S (B v9 S))))) K)) (B (z B (z (B x x) (K z)) (z (z (S B I x) (K z)))))) (K v21 K (x (x x) (x B) S) (x (x K) (K (v0 K) (v25 S))) (z (x (K (z z (v3 (v5 I)))))) (I (S (K (I x) x) B)) K (I (I B)) (I I (B B) x (x (S (B B) (x (S z (S v22 (B v9) S)))) K) (B (S (z B) z (z (S B I x) (K z))))))
z v14 z (B B) (B (x (x (S (B B) (x (S z (v22 S (B v9 S))))) K)) (B (z B (z (B x x) (K z)) (z (z (B x x) (K z)))))) (B (x (x (S (B B) (x (S z (v22 S (B v9 S))))) K)) (B (z B (z (B x x) (K z)) (z (z (B x (I x)) (K z)))))) (K v21 K (x (x x) (x B) S) (x (x K) (K (v0 K) (v25 S))) (z (x (K (z z (v3 (v5 I)))))) (I (S (K (I x) x) B)) K (I (I B)) (I I (B B) x (x (S (B B) (x (S z (S v22 (B v9) S)))) K) (B (S (z B) z (z (S B I x) (K z))))))
z v14 z (B B) (B (x (x (S (B B) (x (S z (v22 S (B v9 S))))) K)) (B (z B (z (B x x) (K z)) (z (z (B x x) (K z)))))) (B (x (x (S (B B) (x (S z (v22 S (B v9 S))))) K)) (B (z B (z (B x x) (K z)) (z (z (B x x) (K z)))))) (K v21 K (x (x x) (x B) S) (x (x K) (K (v0 K) (v25 S))) (z (x (K (z z (v3 (v5 I)))))) (I (S (K (I x) x) B)) K (I (I B)) (I I (B B) x (x (S (B B) (x (S z (S v22 (B v9) S)))) K) (B (S (z B) z (z (S B I x) (K z))))))
z v14 z (B B) (B (x (x (S (B B) (x (S z (v22 S (B v9 S))))) K)) (B (z B (z (B x x) (K z)) (z (z (B x x) (K z)))))) (B (x (x (S (B B) (x (S z (v22 S (B v9 S))))) K)) (B (z B (z (B x x) (K z)) (z (z (B x x) (K z)))))) (v21 (x (x x) (x B) S) (x (x K) (K (v0 K) (v25 S))) (z (x (K (z z (v3 (v5 I)))))) (I (S (K (I x) x) B)) K (I (I B)) (I I (B B) x (x (S (B B) (x (S z (S v22 (B v9) S)))) K) (B (S (z B) z (z (S B I x) (K z))))))
z v14 z (B B) (B (x (x (S (B B) (x (S z (v22 S (B v9 S))))) K)) (B (z B (z (B x x) (K z)) (z (z (B x x) (K z)))))) (B (x (x (S (B B) (x (S z (v22 S (B v9 S))))) K)) (B (z B (z (B x x) (K z)) (z (z (B x x) (K z)))))) (v21 (x (x x) (x B) S) (x (x K) (v0 K)) (z (x (K (z z (v3 (v5 I)))))) (I (S (K (I x) x) B)) K (I (I B)) (I I (B B) x (x (S (B B) (x (S z (S v22 (B v9) S)))) K) (B (S (z B) z (z (S B I x) (K z))))))
z v14 z (B B) (B (x (x (S (B B) (x (S z (v22 S (B v9 S))))) K)) (B (z B (z (B x x) (K z)) (z (z (B x x) (K z)))))) (B (x (x (S (B B) (x (S z (v22 S (B v9 S))))) K)) (B (z B (z (B x x) (K z)) (z (z (B x x) (K z)))))) (v21 (x (x x) (x B) S) (x (x K) (v0 K)) (z (x (K (z z (v3 (v5 I)))))) (S (K (I x) x) B) K (I (I B)) (I I (B B) x (x (S (B B) (x (S z (S v22 (B v9) S)))) K) (B (S (z B) z (z (S B I x) (K z))))))
z v14 z (B B) (B (x (x (S (B B) (x (S z (v22 S (B v9 S))))) K)) (B (z B (z (B x x) (K z)) (z (z (B x x) (K z)))))) (B (x (x (S (B B) (x (S z (v22 S (B v9 S))))) K)) (B (z B (z (B x x) (K z)) (z (z (B x x) (K z)))))) (v21 (x (x x) (x B) S) (x (x K) (v0 K)) (z (x (K (z z (v3 (v5 I)))))) (S (I x) B) K (I (I B)) (I I (B B) x (x (S (B B) (x (S z (S v22 (B v9) S)))) K) (B (S (z B) z (z (S B I x) (K z))))))
z v14 z (B B) (B (x (x (S (B B) (x (S z (v22 S (B v9 S))))) K)) (B (z B (z (B x x) (K z)) (z (z (B x x) (K z)))))) (B (x (x (S (B B) (x (S z (v22 S (B v9 S))))) K)) (B (z B (z (B x x) (K z)) (z (z (B x x) (K z)))))) (v21 (x (x x) (x B) S) (x (x K) (v0 K)) (z (x (K (z z (v3 (v5 I)))))) (S x B) K (I (I B)) (I I (B B) x (x (S (B B) (x (S z (S v22 (B v9) S)))) K) (B (S (z B) z (z (S B I x) (K z))))))
S v14 (z (v29 (S (I (I S))) I)) (v6 v23 S I (x (z (x (B v24 S) (z I))) (I I (S z) (z B)) z) I)
v14 (v6 v23 S I (x (z (x (B v24 S) (z I))) (I I (S z) (z B)) z) I) (z (v29 (S (I (I S))) I) (v6 v23 S I (x (z (x (B v24 S) (z I))) (I I (S z) (z B)) z) I))
v14 (v6 v23 S I (x (z (x (B v24 S) (z I))) (I (S z) (z B)) z) I) (z (v29 (S (I (I S))) I) (v6 v23 S I (x (z (x (B v24 S) (z I))) (I I (S z) (z B)) z) I))
v14 (v6 v23 S I (x (z (x (B v24 S) (z I))) (S z (z B)) z) I) (z (v29 (S (I (I S))) I) (v6 v23 S I (x (z (x (B v24 S) (z I))) (I I (S z) (z B)) z) I))
v14 (v6 v23 S I (x (z (x (B v24 S) (z I))) (S z (z B)) z) I) (z (v29 (S (I S)) I) (v6 v23 S I (x (z (x (B v24 S) (z I))) (I I (S z) (z B)) z) I))
v14 (v6 v23 S I (x (z (x (B v24 S) (z I))) (S z (z B)) z) I) (z (v29 (S S) I) (v6 v23 S I (x (z (x (B v24 S) (z I))) (I I (S z) (z B)) z) I))
v14 (v6 v23 S I (x (z (x (B v24 S) (z I))) (S z (z B)) z) I) (z (v29 (S S) I) (v6 v23 S I (x (z (x (B v24 S) (z I))) (I (S z) (z B)) z) I))
v14 (v6 v23 S I (x (z (x (B v24 S) (z I))) (S z (z B)) z) I) (z (v29 (S S) I) (v6 v23 S I (x (z (x (B v24 S) (z I))) (S z (z B)) z) I))
B I (B (B B) (S (I (v10 K) I (B I (K z) (I (I I) S)) (z x v29))) I) I (v26 (I B (I x) (x (S B) (B (x K x)))) (x (I (K x)))) x
I (B (B B) (S (I (v10 K) I (B I (K z) (I (I I) S)) (z x v29))) I I) (v26 (I B (I x) (x (S B) (B (x K x)))) (x (I (K x)))) x
B (B B) (S (I (v10 K) I (B I (K z) (I (I I) S)) (z x v29))) I I (v26 (I B (I x) (x (S B) (B (x K x)))) (x (I (K x)))) x
B B (S (I (v10 K) I (B I (K z) (I (I I) S)) (z x v29)) I) I (v26 (I B (I x) (x (S B) (B (x K x)))) (x (I (K x)))) x
B (S (I (v10 K) I (B I (K z) (I (I I) S)) (z x v29)) I I) (v26 (I B (I x) (x (S B) (B (x K x)))) (x (I (K x)))) x
S (I (v10 K) I (B I (K z) (I (I I) S)) (z x v29)) I I (v26 (I B (I x) (x (S B) (B (x K x)))) (x (I (K x))) x)
I (v10 K) I (B I (K z) (I (I I) S)) (z x v29) I (I I) (v26 (I B (I x) (x (S B) (B (x K x)))) (x (I (K x))) x)
v10 K I (B I (K z) (I (I I) S)) (z x v29) I (I I) (v26 (I B (I x) (x (S B) (B (x K x)))) (x (I (K x))) x)
v10 K I (I (K z (I (I I) S))) (z x v29) I (I I) (v26 (I B (I x) (x (S B) (B (x K x)))) (x (I (K x))) x)
v10 K I (K z (I (I I) S)) (z x v29) I (I I) (v26 (I B (I x) (x (S B) (B (x K x)))) (x (I (K x))) x)
v10 K I z (z x v29) I (I I) (v26 (I B (I x) (x (S B) (B (x K x)))) (x (I (K x))) x)
v10 K I z (z x v29) I I (v26 (I B (I x) (x (S B) (B (x K x)))) (x (I (K x))) x)
v10 K I z (z x v29) I I (v26 (B (I x) (x (S B) (B (x K x)))) (x (I (K x))) x)
v10 K I z (z x v29) I I (v26 (B x (x (S B) (B (x K x)))) (x (I (K x))) x)
v10 K I z (z x v29) I I (v26 (B x (x (S B) (B (x K x)))) (x (K x)) x)
x (S (B z) (S x) K) I (z (K B (K K (I S z) (K x S) S)) (S (x z (v16 (v15 v23)))) (S B) (B B (I (I (B v23 z (B I))) (z x)))) (I (v8 x (v30 (B z)) v21) (v27 (B (x x) (z I) S) z) (S K (B (B (x z))) S) x)
x (B z K (S x K)) I (z (K B (K K (I S z) (K x S) S)) (S (x z (v16 (v15 v23)))) (S B) (B B (I (I (B v23 z (B I))) (z x)))) (I (v8 x (v30 (B z)) v21) (v27 (B (x x) (z I) S) z) (S K (B (B (x z))) S) x)
x (z (K (S x K))) I (z (K B (K K (I S z) (K x S) S)) (S (x z (v16 (v15 v23)))) (S B) (B B (I (I (B v23 z (B I))) (z x)))) (I (v8 x (v30 (B z)) v21) (v27 (B (x x) (z I) S) z) (S K (B (B (x z))) S) x)
x (z (K (S x K))) I (z B (S (x z (v16 (v15 v23)))) (S B) (B B (I (I (B v23 z (B I))) (z x)))) (I (v8 x (v30 (B z)) v21) (v27 (B (x x) (z I) S) z) (S K (B (B (x z))) S) x)
x (z (K (S x K))) I (z B (S (x z (v16 (v15 v23)))) (S B) (B B (I (B v23 z (B I)) (z x)))) (I (v8 x (v30 (B z)) v21) (v27 (B (x x) (z I) S) z) (S K (B (B (x z))) S) x)
x (z (K (S x K))) I (z B (S (x z (v16 (v15 v23)))) (S B) (B B (B v23 z (B I) (z x)))) (I (v8 x (v30 (B z)) v21) (v27 (B (x x) (z I) S) z) (S K (B (B (x z))) S) x)
x (z (K (S x K))) I (z B (S (x z (v16 (v15 v23)))) (S B) (B B (v23 (z (B I)) (z x)))) (I (v8 x (v30 (B z)) v21) (v27 (B (x x) (z I) S) z) (S K (B (B (x z))) S) x)
x (z (K (S x K))) I (z B (S (x z (v16 (v15 v23)))) (S B) (B B (v23 (z (B I)) (z x)))) (v8 x (v30 (B z)) v21 (v27 (B (x x) (z I) S) z) (S K (B (B (x z))) S) x)
x (z (K (S x K))) I (z B (S (x z (v16 (v15 v23)))) (S B) (B B (v23 (z (B I)) (z x)))) (v8 x (v30 (B z)) v21 (v27 (x x (z I S)) z) (S K (B (B (x z))) S) x)
x (z (K (S x K))) I (z B (S (x z (v16 (v15 v23)))) (S B) (B B (v23 (z (B I)) (z x)))) (v8 x (v30 (B z)) v21 (v27 (x x (z I S)) z) (K S (B (B (x z)) S)) x)
x (z (K (S x K))) I (z B (S (x z (v16 (v15 v23)))) (S B) (B B (v23 (z (B I)) (z x)))) (v8 x (v30 (B z)) v21 (v27 (x x (z I S)) z) S x)
K
B (K (z (z S (x (I (B S)) (z K))))) (B z (v17 B (K (B K z) (B v5))) S K) (x (K K K) (I v27 I) (z S) (v17 x (K x (B (I I z x S x) v30)))) (I B z)
K (z (z S (x (I (B S)) (z K)))) (B z (v17 B (K (B K z) (B v5))) S K (x (K K K) (I v27 I) (z S) (v17 x (K x (B (I I z x S x) v30))))) (I B z)
z (z S (x (I (B S)) (z K))) (I B z)
z (z S (x (B S) (z K))) (I B z)
z (z S (x (B S) (z K))) (B z)
I (v23 x) S (S (z (v15 z) z K S) (z S I S x z (z S)) z) (K B) (S K) (B (z K (K (z (z (S K)) (z v0)) B S (v9 B (S v0)) v10 (S B (B S (v11 (z S)) I I (S B))))) S (B (z B K)))
v23 x S (S (z (v15 z) z K S) (z S I S x z (z S)) z) (K B) (S K) (B (z K (K (z (z (S K)) (z v0)) B S (v9 B (S v0)) v10 (S B (B S (v11 (z S)) I I (S B))))) S (B (z B K)))
v23 x S (z (v15 z) z K S z (z S I S x z (z S) z)) (K B) (S K) (B (z K (K (z (z (S K)) (z v0)) B S (v9 B (S v0)) v10 (S B (B S (v11 (z S)) I I (S B))))) S (B (z B K)))
v23 x S (z (v15 z) z K S z (z S I S x z (z S) z)) (K B) (S K) (z K (K (z (z (S K)) (z v0)) B S (v9 B (S v0)) v10 (S B (B S (v11 (z S)) I I (S B)))) (S (B (z B K))))
v23 x S (z (v15 z) z K S z (z S I S x z (z S) z)) (K B) (S K) (z K (z (z (S K)) (z v0) S (v9 B (S v0)) v10 (S B (B S (v11 (z S)) I I (S B)))) (S (B (z B K))))
v23 x S (z (v15 z) z K S z (z S I S x z (z S) z)) (K B) (S K) (z K (z (z (S K)) (z v0) S (v9 B (S v0)) v10 (S B (S (v11 (z S) I) I (S B)))) (S (B (z B K))))
v23 x S (z (v15 z) z K S z (z S I S x z (z S) z)) (K B) (S K) (z K (z (z (S K)) (z v0) S (v9 B (S v0)) v10 (S B (v11 (z S) I (S B) (I (S B))))) (S (B (z B K))))
v23 x S (z (v15 z) z K S z (z S I S x z (z S) z)) (K B) (S K) (z K (z (z (S K)) (z v0) S (v9 B (S v0)) v10 (S B (v11 (z S) I (S B) (S B)))) (S (B (z B K))))
S K (x z) (x (K (v9 (I S) (K (B v0 K K)) (v10 S) B)) S (B I)) (S z) (I x)
K (x (K (v9 (I S) (K (B v0 K K)) (v10 S) B)) S (B I)) (x z (x (K (v9 (I S) (K (B v0 K K)) (v10 S) B)) S (B I))) (S z) (I x)
x (K (v9 (I S) (K (B v0 K K)) (v10 S) B)) S (B I) (S z) (I x)
x (K (v9 S (K (B v0 K K)) (v10 S) B)) S (B I) (S z) (I x)
x (K (v9 S (K (v0 (K K))) (v10 S) B)) S (B I) (S z) (I x)
x (K (v9 S (K (v0 (K K))) (v10 S) B)) S (B I) (S z) x
v23 (S v24) (x (S (v6 z (B v23 (z K (S K) I) I)) (x (S (z z z v10)))) x)
v23 (S v24) (x (S (v6 z (v23 (z K (S K) I I))) (x (S (z z z v10)))) x)
