B (B B) z S (S I I) (K (K (B (B B))) I (v2 (x B z) (B x)) (K (x S (z (S x (v28 (B z) x) B) I)) (v5 x) (x z z (K (B I) I S (I I S)) (K S (z x x (x (K K) B z x)))) (B x B z v5)) (S (S (I (x (B K)))) K K (v1 B S z)) (x (x S (v15 (I S z)) (B K (I S)) (z K (B I) (z (B (K (I S))))) v29) (K (B I B) B) (B (B B)) (x (x I) (S (K x v8)) (K (K S B (K (S x (v8 z)) I) (I (x (K v2)) B))) (x I (x (I (z B)) (z z (v9 (v4 x))) I)) (K (K (v11 (I x I) S) (B S))))))
B B (z S) (S I I) (K (K (B (B B))) I (v2 (x B z) (B x)) (K (x S (z (S x (v28 (B z) x) B) I)) (v5 x) (x z z (K (B I) I S (I I S)) (K S (z x x (x (K K) B z x)))) (B x B z v5)) (S (S (I (x (B K)))) K K (v1 B S z)) (x (x S (v15 (I S z)) (B K (I S)) (z K (B I) (z (B (K (I S))))) v29) (K (B I B) B) (B (B B)) (x (x I) (S (K x v8)) (K (K S B (K (S x (v8 z)) I) (I (x (K v2)) B))) (x I (x (I (z B)) (z z (v9 (v4 x))) I)) (K (K (v11 (I x I) S) (B S))))))
B (z S (S I I)) (K (K (B (B B))) I (v2 (x B z) (B x)) (K (x S (z (S x (v28 (B z) x) B) I)) (v5 x) (x z z (K (B I) I S (I I S)) (K S (z x x (x (K K) B z x)))) (B x B z v5)) (S (S (I (x (B K)))) K K (v1 B S z)) (x (x S (v15 (I S z)) (B K (I S)) (z K (B I) (z (B (K (I S))))) v29) (K (B I B) B) (B (B B)) (x (x I) (S (K x v8)) (K (K S B (K (S x (v8 z)) I) (I (x (K v2)) B))) (x I (x (I (z B)) (z z (v9 (v4 x))) I)) (K (K (v11 (I x I) S) (B S))))))
B (z S (S I I)) (K (B (B B)) (v2 (x B z) (B x)) (K (x S (z (S x (v28 (B z) x) B) I)) (v5 x) (x z z (K (B I) I S (I I S)) (K S (z x x (x (K K) B z x)))) (B x B z v5)) (S (S (I (x (B K)))) K K (v1 B S z)) (x (x S (v15 (I S z)) (B K (I S)) (z K (B I) (z (B (K (I S))))) v29) (K (B I B) B) (B (B B)) (x (x I) (S (K x v8)) (K (K S B (K (S x (v8 z)) I) (I (x (K v2)) B))) (x I (x (I (z B)) (z z (v9 (v4 x))) I)) (K (K (v11 (I x I) S) (B S))))))
B (z S (S I I)) (B (B B) (K (x S (z (S x (v28 (B z) x) B) I)) (v5 x) (x z z (K (B I) I S (I I S)) (K S (z x x (x (K K) B z x)))) (B x B z v5)) (S (S (I (x (B K)))) K K (v1 B S z)) (x (x S (v15 (I S z)) (B K (I S)) (z K (B I) (z (B (K (I S))))) v29) (K (B I B) B) (B (B B)) (x (x I) (S (K x v8)) (K (K S B (K (S x (v8 z)) I) (I (x (K v2)) B))) (x I (x (I (z B)) (z z (v9 (v4 x))) I)) (K (K (v11 (I x I) S) (B S))))))
B (z S (S I I)) (B B (K (x S (z (S x (v28 (B z) x) B) I)) (v5 x) (x z z (K (B I) I S (I I S)) (K S (z x x (x (K K) B z x)))) (B x B z v5) (S (S (I (x (B K)))) K K (v1 B S z))) (x (x S (v15 (I S z)) (B K (I S)) (z K (B I) (z (B (K (I S))))) v29) (K (B I B) B) (B (B B)) (x (x I) (S (K x v8)) (K (K S B (K (S x (v8 z)) I) (I (x (K v2)) B))) (x I (x (I (z B)) (z z (v9 (v4 x))) I)) (K (K (v11 (I x I) S) (B S))))))
B (z S (S I I)) (B (K (x S (z (S x (v28 (B z) x) B) I)) (v5 x) (x z z (K (B I) I S (I I S)) (K S (z x x (x (K K) B z x)))) (B x B z v5) (S (S (I (x (B K)))) K K (v1 B S z)) (x (x S (v15 (I S z)) (B K (I S)) (z K (B I) (z (B (K (I S))))) v29) (K (B I B) B) (B (B B)) (x (x I) (S (K x v8)) (K (K S B (K (S x (v8 z)) I) (I (x (K v2)) B))) (x I (x (I (z B)) (z z (v9 (v4 x))) I)) (K (K (v11 (I x I) S) (B S)))))))
B (z S (S I I)) (B (x S (z (S x (v28 (B z) x) B) I) (x z z (K (B I) I S (I I S)) (K S (z x x (x (K K) B z x)))) (B x B z v5) (S (S (I (x (B K)))) K K (v1 B S z)) (x (x S (v15 (I S z)) (B K (I S)) (z K (B I) (z (B (K (I S))))) v29) (K (B I B) B) (B (B B)) (x (x I) (S (K x v8)) (K (K S B (K (S x (v8 z)) I) (I (x (K v2)) B))) (x I (x (I (z B)) (z z (v9 (v4 x))) I)) (K (K (v11 (I x I) S) (B S)))))))
B (z S (S I I)) (B (x S (z (x B (v28 (B z) x B)) I) (x z z (K (B I) I S (I I S)) (K S (z x x (x (K K) B z x)))) (B x B z v5) (S (S (I (x (B K)))) K K (v1 B S z)) (x (x S (v15 (I S z)) (B K (I S)) (z K (B I) (z (B (K (I S))))) v29) (K (B I B) B) (B (B B)) (x (x I) (S (K x v8)) (K (K S B (K (S x (v8 z)) I) (I (x (K v2)) B))) (x I (x (I (z B)) (z z (v9 (v4 x))) I)) (K (K (v11 (I x I) S) (B S)))))))
B (z S (S I I)) (B (x S (z (x B (v28 (B z) x B)) I) (x z z (B I S (I I S)) (K S (z x x (x (K K) B z x)))) (B x B z v5) (S (S (I (x (B K)))) K K (v1 B S z)) (x (x S (v15 (I S z)) (B K (I S)) (z K (B I) (z (B (K (I S))))) v29) (K (B I B) B) (B (B B)) (x (x I) (S (K x v8)) (K (K S B (K (S x (v8 z)) I) (I (x (K v2)) B))) (x I (x (I (z B)) (z z (v9 (v4 x))) I)) (K (K (v11 (I x I) S) (B S)))))))
B (z S (S I I)) (B (x S (z (x B (v28 (B z) x B)) I) (x z z (I (S (I I S))) (K S (z x x (x (K K) B z x)))) (B x B z v5) (S (S (I (x (B K)))) K K (v1 B S z)) (x (x S (v15 (I S z)) (B K (I S)) (z K (B I) (z (B (K (I S))))) v29) (K (B I B) B) (B (B B)) (x (x I) (S (K x v8)) (K (K S B (K (S x (v8 z)) I) (I (x (K v2)) B))) (x I (x (I (z B)) (z z (v9 (v4 x))) I)) (K (K (v11 (I x I) S) (B S)))))))
B (z S (S I I)) (B (x S (z (x B (v28 (B z) x B)) I) (x z z (S (I I S)) (K S (z x x (x (K K) B z x)))) (B x B z v5) (S (S (I (x (B K)))) K K (v1 B S z)) (x (x S (v15 (I S z)) (B K (I S)) (z K (B I) (z (B (K (I S))))) v29) (K (B I B) B) (B (B B)) (x (x I) (S (K x v8)) (K (K S B (K (S x (v8 z)) I) (I (x (K v2)) B))) (x I (x (I (z B)) (z z (v9 (v4 x))) I)) (K (K (v11 (I x I) S) (B S)))))))
B (z S (S I I)) (B (x S (z (x B (v28 (B z) x B)) I) (x z z (S (I S)) (K S (z x x (x (K K) B z x)))) (B x B z v5) (S (S (I (x (B K)))) K K (v1 B S z)) (x (x S (v15 (I S z)) (B K (I S)) (z K (B I) (z (B (K (I S))))) v29) (K (B I B) B) (B (B B)) (x (x I) (S (K x v8)) (K (K S B (K (S x (v8 z)) I) (I (x (K v2)) B))) (x I (x (I (z B)) (z z (v9 (v4 x))) I)) (K (K (v11 (I x I) S) (B S)))))))
B (z S (S I I)) (B (x S (z (x B (v28 (B z) x B)) I) (x z z (S S) (K S (z x x (x (K K) B z x)))) (B x B z v5) (S (S (I (x (B K)))) K K (v1 B S z)) (x (x S (v15 (I S z)) (B K (I S)) (z K (B I) (z (B (K (I S))))) v29) (K (B I B) B) (B (B B)) (x (x I) (S (K x v8)) (K (K S B (K (S x (v8 z)) I) (I (x (K v2)) B))) (x I (x (I (z B)) (z z (v9 (v4 x))) I)) (K (K (v11 (I x I) S) (B S)))))))
B (z S (S I I)) (B (x S (z (x B (v28 (B z) x B)) I) (x z z (S S) S) (B x B z v5) (S (S (I (x (B K)))) K K (v1 B S z)) (x (x S (v15 (I S z)) (B K (I S)) (z K (B I) (z (B (K (I S))))) v29) (K (B I B) B) (B (B B)) (x (x I) (S (K x v8)) (K (K S B (K (S x (v8 z)) I) (I (x (K v2)) B))) (x I (x (I (z B)) (z z (v9 (v4 x))) I)) (K (K (v11 (I x I) S) (B S)))))))
B (z S (S I I)) (B (x S (z (x B (v28 (B z) x B)) I) (x z z (S S) S) (x (B z) v5) (S (S (I (x (B K)))) K K (v1 B S z)) (x (x S (v15 (I S z)) (B K (I S)) (z K (B I) (z (B (K (I S))))) v29) (K (B I B) B) (B (B B)) (x (x I) (S (K x v8)) (K (K S B (K (S x (v8 z)) I) (I (x (K v2)) B))) (x I (x (I (z B)) (z z (v9 (v4 x))) I)) (K (K (v11 (I x I) S) (B S)))))))
B (z S (S I I)) (B (x S (z (x B (v28 (B z) x B)) I) (x z z (S S) S) (x (B z) v5) (S (I (x (B K))) K (K K) (v1 B S z)) (x (x S (v15 (I S z)) (B K (I S)) (z K (B I) (z (B (K (I S))))) v29) (K (B I B) B) (B (B B)) (x (x I) (S (K x v8)) (K (K S B (K (S x (v8 z)) I) (I (x (K v2)) B))) (x I (x (I (z B)) (z z (v9 (v4 x))) I)) (K (K (v11 (I x I) S) (B S)))))))
B (z S (S I I)) (B (x S (z (x B (v28 (B z) x B)) I) (x z z (S S) S) (x (B z) v5) (I (x (B K)) (K K) (K (K K)) (v1 B S z)) (x (x S (v15 (I S z)) (B K (I S)) (z K (B I) (z (B (K (I S))))) v29) (K (B I B) B) (B (B B)) (x (x I) (S (K x v8)) (K (K S B (K (S x (v8 z)) I) (I (x (K v2)) B))) (x I (x (I (z B)) (z z (v9 (v4 x))) I)) (K (K (v11 (I x I) S) (B S)))))))
B (z S (S I I)) (B (x S (z (x B (v28 (B z) x B)) I) (x z z (S S) S) (x (B z) v5) (x (B K) (K K) (K (K K)) (v1 B S z)) (x (x S (v15 (I S z)) (B K (I S)) (z K (B I) (z (B (K (I S))))) v29) (K (B I B) B) (B (B B)) (x (x I) (S (K x v8)) (K (K S B (K (S x (v8 z)) I) (I (x (K v2)) B))) (x I (x (I (z B)) (z z (v9 (v4 x))) I)) (K (K (v11 (I x I) S) (B S)))))))
B (z S (S I I)) (B (x S (z (x B (v28 (B z) x B)) I) (x z z (S S) S) (x (B z) v5) (x (B K) (K K) (K (K K)) (v1 B S z)) (x (x S (v15 (S z)) (B K (I S)) (z K (B I) (z (B (K (I S))))) v29) (K (B I B) B) (B (B B)) (x (x I) (S (K x v8)) (K (K S B (K (S x (v8 z)) I) (I (x (K v2)) B))) (x I (x (I (z B)) (z z (v9 (v4 x))) I)) (K (K (v11 (I x I) S) (B S)))))))
B (z S (S I I)) (B (x S (z (x B (v28 (B z) x B)) I) (x z z (S S) S) (x (B z) v5) (x (B K) (K K) (K (K K)) (v1 B S z)) (x (x S (v15 (S z)) (B K S) (z K (B I) (z (B (K (I S))))) v29) (K (B I B) B) (B (B B)) (x (x I) (S (K x v8)) (K (K S B (K (S x (v8 z)) I) (I (x (K v2)) B))) (x I (x (I (z B)) (z z (v9 (v4 x))) I)) (K (K (v11 (I x I) S) (B S)))))))
B (z S (S I I)) (B (x S (z (x B (v28 (B z) x B)) I) (x z z (S S) S) (x (B z) v5) (x (B K) (K K) (K (K K)) (v1 B S z)) (x (x S (v15 (S z)) (B K S) (z K (B I) (z (B (K S)))) v29) (K (B I B) B) (B (B B)) (x (x I) (S (K x v8)) (K (K S B (K (S x (v8 z)) I) (I (x (K v2)) B))) (x I (x (I (z B)) (z z (v9 (v4 x))) I)) (K (K (v11 (I x I) S) (B S)))))))
B (z S (S I I)) (B (x S (z (x B (v28 (B z) x B)) I) (x z z (S S) S) (x (B z) v5) (x (B K) (K K) (K (K K)) (v1 B S z)) (x (x S (v15 (S z)) (B K S) (z K (B I) (z (B (K S)))) v29) (B I B) (B (B B)) (x (x I) (S (K x v8)) (K (K S B (K (S x (v8 z)) I) (I (x (K v2)) B))) (x I (x (I (z B)) (z z (v9 (v4 x))) I)) (K (K (v11 (I x I) S) (B S)))))))
B (z S (S I I)) (B (x S (z (x B (v28 (B z) x B)) I) (x z z (S S) S) (x (B z) v5) (x (B K) (K K) (K (K K)) (v1 B S z)) (x (x S (v15 (S z)) (B K S) (z K (B I) (z (B (K S)))) v29) (B I B) (B (B B)) (x (x I) (S x) (K (K S B (K (S x (v8 z)) I) (I (x (K v2)) B))) (x I (x (I (z B)) (z z (v9 (v4 x))) I)) (K (K (v11 (I x I) S) (B S)))))))
B (z S (S I I)) (B (x S (z (x B (v28 (B z) x B)) I) (x z z (S S) S) (x (B z) v5) (x (B K) (K K) (K (K K)) (v1 B S z)) (x (x S (v15 (S z)) (B K S) (z K (B I) (z (B (K S)))) v29) (B I B) (B (B B)) (x (x I) (S x) (K (S (K (S x (v8 z)) I) (I (x (K v2)) B))) (x I (x (I (z B)) (z z (v9 (v4 x))) I)) (K (K (v11 (I x I) S) (B S)))))))
B (z S (S I I)) (B (x S (z (x B (v28 (B z) x B)) I) (x z z (S S) S) (x (B z) v5) (x (B K) (K K) (K (K K)) (v1 B S z)) (x (x S (v15 (S z)) (B K S) (z K (B I) (z (B (K S)))) v29) (B I B) (B (B B)) (x (x I) (S x) (K (S (S x (v8 z)) (I (x (K v2)) B))) (x I (x (I (z B)) (z z (v9 (v4 x))) I)) (K (K (v11 (I x I) S) (B S)))))))
B (z S (S I I)) (B (x S (z (x B (v28 (B z) x B)) I) (x z z (S S) S) (x (B z) v5) (x (B K) (K K) (K (K K)) (v1 B S z)) (x (x S (v15 (S z)) (B K S) (z K (B I) (z (B (K S)))) v29) (B I B) (B (B B)) (x (x I) (S x) (K (S (S x (v8 z)) (x (K v2) B))) (x I (x (I (z B)) (z z (v9 (v4 x))) I)) (K (K (v11 (I x I) S) (B S)))))))
B (z S (S I I)) (B (x S (z (x B (v28 (B z) x B)) I) (x z z (S S) S) (x (B z) v5) (x (B K) (K K) (K (K K)) (v1 B S z)) (x (x S (v15 (S z)) (B K S) (z K (B I) (z (B (K S)))) v29) (B I B) (B (B B)) (x (x I) (S x) (K (S (S x (v8 z)) (x (K v2) B))) (x I (x (z B) (z z (v9 (v4 x))) I)) (K (K (v11 (I x I) S) (B S)))))))
B (z S (S I I)) (B (x S (z (x B (v28 (B z) x B)) I) (x z z (S S) S) (x (B z) v5) (x (B K) (K K) (K (K K)) (v1 B S z)) (x (x S (v15 (S z)) (B K S) (z K (B I) (z (B (K S)))) v29) (B I B) (B (B B)) (x (x I) (S x) (K (S (S x (v8 z)) (x (K v2) B))) (x I (x (z B) (z z (v9 (v4 x))) I)) (K (v11 (I x I) S))))))
B (z S (S I I)) (B (x S (z (x B (v28 (B z) x B)) I) (x z z (S S) S) (x (B z) v5) (x (B K) (K K) (K (K K)) (v1 B S z)) (x (x S (v15 (S z)) (B K S) (z K (B I) (z (B (K S)))) v29) (B I B) (B (B B)) (x (x I) (S x) (K (S (S x (v8 z)) (x (K v2) B))) (x I (x (z B) (z z (v9 (v4 x))) I)) (K (v11 (x I) S))))))
z
B (I v27 (K S) (K K (K (z v4)) x B)) (K S)
B (v27 (K S) (K K (K (z v4)) x B)) (K S)
B (v27 (K S) (K x B)) (K S)
B (v27 (K S) x) (K S)
v1 (z z) (x (x v4 (B B) (K x (S z v24)) K B) S)
v1 (z z) (x (x v4 (B B) x K B) S)
B
K (x S) z
x S
K x
v21 (B (z (z (z (S B))) S x) z B) (v28 S) (x v12 (S (S v3 (x (z x))) (v29 S) K) S K) (S z x (x v2 (K (x x z))) z)
v21 (z (z (z (S B))) S x (z B)) (v28 S) (x v12 (S (S v3 (x (z x))) (v29 S) K) S K) (S z x (x v2 (K (x x z))) z)
v21 (z (z (z (S B))) S x (z B)) (v28 S) (x v12 (S v3 (x (z x)) K (v29 S K)) S K) (S z x (x v2 (K (x x z))) z)
v21 (z (z (z (S B))) S x (z B)) (v28 S) (x v12 (v3 K (x (z x) K) (v29 S K)) S K) (S z x (x v2 (K (x x z))) z)
v21 (z (z (z (S B))) S x (z B)) (v28 S) (x v12 (v3 K (x (z x) K) (v29 S K)) S K) (z (x v2 (K (x x z))) (x (x v2 (K (x x z)))) z)
v13
I (x (B (K x)) (v12 B) (x (x z))) (B (B (S (B z x v8 S B (v22 K)) x)))
x (B (K x)) (v12 B) (x (x z)) (B (B (S (B z x v8 S B (v22 K)) x)))
x (B (K x)) (v12 B) (x (x z)) (B (B (S (z (x v8) S B (v22 K)) x)))
