I K (z K) (S B) (S z (v2 I z (x (z I) (K (K (x z (B (v26 x))))))) (K (K x) (K (I z (B S)) I (B z)) (z B I S))) (I I (S v13) (x K I) (v4 z K z) v24 (z (I (K x) v25)))
K (z K) (S B) (S z (v2 I z (x (z I) (K (K (x z (B (v26 x))))))) (K (K x) (K (I z (B S)) I (B z)) (z B I S))) (I I (S v13) (x K I) (v4 z K z) v24 (z (I (K x) v25)))
z K (S z (v2 I z (x (z I) (K (K (x z (B (v26 x))))))) (K (K x) (K (I z (B S)) I (B z)) (z B I S))) (I I (S v13) (x K I) (v4 z K z) v24 (z (I (K x) v25)))
z K (z (K (K x) (K (I z (B S)) I (B z)) (z B I S)) (v2 I z (x (z I) (K (K (x z (B (v26 x)))))) (K (K x) (K (I z (B S)) I (B z)) (z B I S)))) (I I (S v13) (x K I) (v4 z K z) v24 (z (I (K x) v25)))
z K (z (K x (z B I S)) (v2 I z (x (z I) (K (K (x z (B (v26 x)))))) (K (K x) (K (I z (B S)) I (B z)) (z B I S)))) (I I (S v13) (x K I) (v4 z K z) v24 (z (I (K x) v25)))
z K (z x (v2 I z (x (z I) (K (K (x z (B (v26 x)))))) (K (K x) (K (I z (B S)) I (B z)) (z B I S)))) (I I (S v13) (x K I) (v4 z K z) v24 (z (I (K x) v25)))
z K (z x (v2 I z (x (z I) (K (K (x z (B (v26 x)))))) (K x (z B I S)))) (I I (S v13) (x K I) (v4 z K z) v24 (z (I (K x) v25)))
z K (z x (v2 I z (x (z I) (K (K (x z (B (v26 x)))))) x)) (I I (S v13) (x K I) (v4 z K z) v24 (z (I (K x) v25)))
z K (z x (v2 I z (x (z I) (K (K (x z (B (v26 x)))))) x)) (I (S v13) (x K I) (v4 z K z) v24 (z (I (K x) v25)))
z K (z x (v2 I z (x (z I) (K (K (x z (B (v26 x)))))) x)) (S v13 (x K I) (v4 z K z) v24 (z (I (K x) v25)))
z K (z x (v2 I z (x (z I) (K (K (x z (B (v26 x)))))) x)) (v13 (v4 z K z) (x K I (v4 z K z)) v24 (z (I (K x) v25)))
z K (z x (v2 I z (x (z I) (K (K (x z (B (v26 x)))))) x)) (v13 (v4 z K z) (x K I (v4 z K z)) v24 (z (K x v25)))
z K (z x (v2 I z (x (z I) (K (K (x z (B (v26 x)))))) x)) (v13 (v4 z K z) (x K I (v4 z K z)) v24 (z x))
v25 (S (v29 S) v19 z) (S (K (z (I B (B x) B) K) (z x (v25 K B) x)) K)
v25 (v29 S z (v19 z)) (S (K (z (I B (B x) B) K) (z x (v25 K B) x)) K)
v25 (v29 S z (v19 z)) (S (z (I B (B x) B) K) K)
v25 (v29 S z (v19 z)) (S (z (B (B x) B) K) K)
K
I S (K (I I S (z (v7 z (K z x) S)) (B (I (B (z B S B)))) z)) (z I B K v10 v25 v14 K (I x) (B (B (I (x I S))))) (v28 (z (z (S (x (S S)) v19 (K I (S B) I)))))
S (K (I I S (z (v7 z (K z x) S)) (B (I (B (z B S B)))) z)) (z I B K v10 v25 v14 K (I x) (B (B (I (x I S))))) (v28 (z (z (S (x (S S)) v19 (K I (S B) I)))))
K (I I S (z (v7 z (K z x) S)) (B (I (B (z B S B)))) z) (v28 (z (z (S (x (S S)) v19 (K I (S B) I))))) (z I B K v10 v25 v14 K (I x) (B (B (I (x I S)))) (v28 (z (z (S (x (S S)) v19 (K I (S B) I))))))
I I S (z (v7 z (K z x) S)) (B (I (B (z B S B)))) z (z I B K v10 v25 v14 K (I x) (B (B (I (x I S)))) (v28 (z (z (S (x (S S)) v19 (K I (S B) I))))))
I S (z (v7 z (K z x) S)) (B (I (B (z B S B)))) z (z I B K v10 v25 v14 K (I x) (B (B (I (x I S)))) (v28 (z (z (S (x (S S)) v19 (K I (S B) I))))))
S (z (v7 z (K z x) S)) (B (I (B (z B S B)))) z (z I B K v10 v25 v14 K (I x) (B (B (I (x I S)))) (v28 (z (z (S (x (S S)) v19 (K I (S B) I))))))
z (v7 z (K z x) S) z (B (I (B (z B S B))) z) (z I B K v10 v25 v14 K (I x) (B (B (I (x I S)))) (v28 (z (z (S (x (S S)) v19 (K I (S B) I))))))
z (v7 z z S) z (B (I (B (z B S B))) z) (z I B K v10 v25 v14 K (I x) (B (B (I (x I S)))) (v28 (z (z (S (x (S S)) v19 (K I (S B) I))))))
z (v7 z z S) z (B (B (z B S B)) z) (z I B K v10 v25 v14 K (I x) (B (B (I (x I S)))) (v28 (z (z (S (x (S S)) v19 (K I (S B) I))))))
z (v7 z z S) z (B (B (z B S B)) z) (z I B K v10 v25 v14 K x (B (B (I (x I S)))) (v28 (z (z (S (x (S S)) v19 (K I (S B) I))))))
z (v7 z z S) z (B (B (z B S B)) z) (z I B K v10 v25 v14 K x (B (B (x I S))) (v28 (z (z (S (x (S S)) v19 (K I (S B) I))))))
z (v7 z z S) z (B (B (z B S B)) z) (z I B K v10 v25 v14 K x (B (B (x I S))) (v28 (z (z (x (S S) (K I (S B) I) (v19 (K I (S B) I)))))))
z (v7 z z S) z (B (B (z B S B)) z) (z I B K v10 v25 v14 K x (B (B (x I S))) (v28 (z (z (x (S S) (I I) (v19 (K I (S B) I)))))))
z (v7 z z S) z (B (B (z B S B)) z) (z I B K v10 v25 v14 K x (B (B (x I S))) (v28 (z (z (x (S S) I (v19 (K I (S B) I)))))))
z (v7 z z S) z (B (B (z B S B)) z) (z I B K v10 v25 v14 K x (B (B (x I S))) (v28 (z (z (x (S S) I (v19 (I I)))))))
z (v7 z z S) z (B (B (z B S B)) z) (z I B K v10 v25 v14 K x (B (B (x I S))) (v28 (z (z (x (S S) I (v19 I))))))
B (x z (S (x B)) I (v17 I (v0 (K I x)) (B K B K (I z))) (S (B (S K)))) (B S) x (B I (B v30) S I K z (v4 (K z (I (S B (S S) S) S)) K) (I (v1 (S (v29 (B S) x v6 x)) B (v5 x))))
x z (S (x B)) I (v17 I (v0 (K I x)) (B K B K (I z))) (S (B (S K))) (B S x) (B I (B v30) S I K z (v4 (K z (I (S B (S S) S) S)) K) (I (v1 (S (v29 (B S) x v6 x)) B (v5 x))))
x z (S (x B)) I (v17 I (v0 I) (B K B K (I z))) (S (B (S K))) (B S x) (B I (B v30) S I K z (v4 (K z (I (S B (S S) S) S)) K) (I (v1 (S (v29 (B S) x v6 x)) B (v5 x))))
x z (S (x B)) I (v17 I (v0 I) (K (B K) (I z))) (S (B (S K))) (B S x) (B I (B v30) S I K z (v4 (K z (I (S B (S S) S) S)) K) (I (v1 (S (v29 (B S) x v6 x)) B (v5 x))))
x z (S (x B)) I (v17 I (v0 I) (B K)) (S (B (S K))) (B S x) (B I (B v30) S I K z (v4 (K z (I (S B (S S) S) S)) K) (I (v1 (S (v29 (B S) x v6 x)) B (v5 x))))
x z (S (x B)) I (v17 I (v0 I) (B K)) (S (B (S K))) (B S x) (I (B v30 S) I K z (v4 (K z (I (S B (S S) S) S)) K) (I (v1 (S (v29 (B S) x v6 x)) B (v5 x))))
x z (S (x B)) I (v17 I (v0 I) (B K)) (S (B (S K))) (B S x) (B v30 S I K z (v4 (K z (I (S B (S S) S) S)) K) (I (v1 (S (v29 (B S) x v6 x)) B (v5 x))))
x z (S (x B)) I (v17 I (v0 I) (B K)) (S (B (S K))) (B S x) (v30 (S I) K z (v4 (K z (I (S B (S S) S) S)) K) (I (v1 (S (v29 (B S) x v6 x)) B (v5 x))))
x z (S (x B)) I (v17 I (v0 I) (B K)) (S (B (S K))) (B S x) (v30 (S I) K z (v4 z K) (I (v1 (S (v29 (B S) x v6 x)) B (v5 x))))
x z (S (x B)) I (v17 I (v0 I) (B K)) (S (B (S K))) (B S x) (v30 (S I) K z (v4 z K) (v1 (S (v29 (B S) x v6 x)) B (v5 x)))
S (S (S (x (S (v2 I z z)) I z) (B (I B I I) (S (S B B (z v24)) (B I))))) (z (x (x (S B (B z)) (z B))) (z z) (v23 v9 (x (v1 B v3))) (B (z (S x) (x x x x)) B) K (v18 (z (K S) (x (S (I K I)) x (z (B v15))) (z (S S z)) (x S (I v30) B) z)))
S (S (S (x (S (v2 I z z)) I z) (B (B I I) (S (S B B (z v24)) (B I))))) (z (x (x (S B (B z)) (z B))) (z z) (v23 v9 (x (v1 B v3))) (B (z (S x) (x x x x)) B) K (v18 (z (K S) (x (S (I K I)) x (z (B v15))) (z (S S z)) (x S (I v30) B) z)))
S (S (S (x (S (v2 I z z)) I z) (B (B I I) (S (B (z v24) (B (z v24))) (B I))))) (z (x (x (S B (B z)) (z B))) (z z) (v23 v9 (x (v1 B v3))) (B (z (S x) (x x x x)) B) K (v18 (z (K S) (x (S (I K I)) x (z (B v15))) (z (S S z)) (x S (I v30) B) z)))
S (S (S (x (S (v2 I z z)) I z) (B (B I I) (S (B (z v24) (B (z v24))) (B I))))) (z (x (x (S B (B z)) (z B))) (z z) (v23 v9 (x (v1 B v3))) (B (z (S x) (x x x x)) B) K (v18 (z (K S) (x (S (K I)) x (z (B v15))) (z (S S z)) (x S (I v30) B) z)))
S (S (S (x (S (v2 I z z)) I z) (B (B I I) (S (B (z v24) (B (z v24))) (B I))))) (z (x (x (S B (B z)) (z B))) (z z) (v23 v9 (x (v1 B v3))) (B (z (S x) (x x x x)) B) K (v18 (z (K S) (x (S (K I)) x (z (B v15))) (z (S S z)) (x S v30 B) z)))
I (z (S S (v21 S (K (z (K (x x)) S (I v20 (z v9)) v28))))) (v19 v16 B v9 I)
z (S S (v21 S (K (z (K (x x)) S (I v20 (z v9)) v28)))) (v19 v16 B v9 I)
z (S S (v21 S (K (z (K (x x)) S (v20 (z v9)) v28)))) (v19 v16 B v9 I)
S z (x K z x) (v2 K (K (x K (K (I (x z)) K)) (B (K (v12 K))) S)) (z (K (I (S (x z))) (B (z z x (S z) B)) I))
z (v2 K (K (x K (K (I (x z)) K)) (B (K (v12 K))) S)) (x K z x (v2 K (K (x K (K (I (x z)) K)) (B (K (v12 K))) S))) (z (K (I (S (x z))) (B (z z x (S z) B)) I))
z (v2 K (x K (K (I (x z)) K) S)) (x K z x (v2 K (K (x K (K (I (x z)) K)) (B (K (v12 K))) S))) (z (K (I (S (x z))) (B (z z x (S z) B)) I))
z (v2 K (x K (I (x z)) S)) (x K z x (v2 K (K (x K (K (I (x z)) K)) (B (K (v12 K))) S))) (z (K (I (S (x z))) (B (z z x (S z) B)) I))
z (v2 K (x K (x z) S)) (x K z x (v2 K (K (x K (K (I (x z)) K)) (B (K (v12 K))) S))) (z (K (I (S (x z))) (B (z z x (S z) B)) I))
z (v2 K (x K (x z) S)) (x K z x (v2 K (x K (K (I (x z)) K) S))) (z (K (I (S (x z))) (B (z z x (S z) B)) I))
z (v2 K (x K (x z) S)) (x K z x (v2 K (x K (I (x z)) S))) (z (K (I (S (x z))) (B (z z x (S z) B)) I))
z (v2 K (x K (x z) S)) (x K z x (v2 K (x K (x z) S))) (z (K (I (S (x z))) (B (z z x (S z) B)) I))
z (v2 K (x K (x z) S)) (x K z x (v2 K (x K (x z) S))) (z (I (S (x z)) I))
z (v2 K (x K (x z) S)) (x K z x (v2 K (x K (x z) S))) (z (S (x z) I))
B (K (v17 x B)) (K S (I (K (S x v2) (x v12 x) (I (z (S v14 S I v15 (z (K (z v14) S B) z K (S x I))))))))
B (K (v17 x B)) S
v13 (v6 z v21 v24 (v16 (K v4 K (I B S)) v5) (K (B v15)) S (B K (S (x S (S (K (K I) x) I)))))
v13 (v6 z v21 v24 (v16 (v4 (I B S)) v5) (K (B v15)) S (B K (S (x S (S (K (K I) x) I)))))
v13 (v6 z v21 v24 (v16 (v4 (B S)) v5) (K (B v15)) S (B K (S (x S (S (K (K I) x) I)))))
v13 (v6 z v21 v24 (v16 (v4 (B S)) v5) (K (B v15)) S (B K (S (x S (S (K I) I)))))
