v5 (B (B K (z v23 x))) (v11 x S) S
x (I (z z) (z (v5 z (B v25 z)) (x B) (B K) v25 (B (x z (I z B) z z) (S v14)))) (B (B (I B) (x x) (K K S I) (x (I (B v8) z) (S z (x (B I (I I K)))) z (z z (v28 B (v30 S))))) (v12 (z (K (K x) (I (S (I z)))) (I z (B I))) I))
x (z z (z (v5 z (B v25 z)) (x B) (B K) v25 (B (x z (I z B) z z) (S v14)))) (B (B (I B) (x x) (K K S I) (x (I (B v8) z) (S z (x (B I (I I K)))) z (z z (v28 B (v30 S))))) (v12 (z (K (K x) (I (S (I z)))) (I z (B I))) I))
x (z z (z (v5 z (B v25 z)) (x B) (B K) v25 (B (x z (z B) z z) (S v14)))) (B (B (I B) (x x) (K K S I) (x (I (B v8) z) (S z (x (B I (I I K)))) z (z z (v28 B (v30 S))))) (v12 (z (K (K x) (I (S (I z)))) (I z (B I))) I))
x (z z (z (v5 z (B v25 z)) (x B) (B K) v25 (B (x z (z B) z z) (S v14)))) (B (I B (x x (K K S I)) (x (I (B v8) z) (S z (x (B I (I I K)))) z (z z (v28 B (v30 S))))) (v12 (z (K (K x) (I (S (I z)))) (I z (B I))) I))
x (z z (z (v5 z (B v25 z)) (x B) (B K) v25 (B (x z (z B) z z) (S v14)))) (B (B (x x (K K S I)) (x (I (B v8) z) (S z (x (B I (I I K)))) z (z z (v28 B (v30 S))))) (v12 (z (K (K x) (I (S (I z)))) (I z (B I))) I))
x (z z (z (v5 z (B v25 z)) (x B) (B K) v25 (B (x z (z B) z z) (S v14)))) (B (B (x x (K I)) (x (I (B v8) z) (S z (x (B I (I I K)))) z (z z (v28 B (v30 S))))) (v12 (z (K (K x) (I (S (I z)))) (I z (B I))) I))
x (z z (z (v5 z (B v25 z)) (x B) (B K) v25 (B (x z (z B) z z) (S v14)))) (B (B (x x (K I)) (x (B v8 z) (S z (x (B I (I I K)))) z (z z (v28 B (v30 S))))) (v12 (z (K (K x) (I (S (I z)))) (I z (B I))) I))
x (z z (z (v5 z (B v25 z)) (x B) (B K) v25 (B (x z (z B) z z) (S v14)))) (B (B (x x (K I)) (x (B v8 z) (S z (x (B I (I K)))) z (z z (v28 B (v30 S))))) (v12 (z (K (K x) (I (S (I z)))) (I z (B I))) I))
x (z z (z (v5 z (B v25 z)) (x B) (B K) v25 (B (x z (z B) z z) (S v14)))) (B (B (x x (K I)) (x (B v8 z) (S z (x (B I K))) z (z z (v28 B (v30 S))))) (v12 (z (K (K x) (I (S (I z)))) (I z (B I))) I))
x (z z (z (v5 z (B v25 z)) (x B) (B K) v25 (B (x z (z B) z z) (S v14)))) (B (B (x x (K I)) (x (B v8 z) (S z (x (B I K))) z (z z (v28 B (v30 S))))) (v12 (z (K x) (I z (B I))) I))
x (z z (z (v5 z (B v25 z)) (x B) (B K) v25 (B (x z (z B) z z) (S v14)))) (B (B (x x (K I)) (x (B v8 z) (S z (x (B I K))) z (z z (v28 B (v30 S))))) (v12 (z (K x) (z (B I))) I))
S x I (z (B K z) (I x z (B x)) (x v8 (z (v2 B)) (x I S (K x))) K) (v25 (x I v9 K)) (S (I (K (B (K v29))) x) (B I v18 (S S)))
x (z (B K z) (I x z (B x)) (x v8 (z (v2 B)) (x I S (K x))) K) (I (z (B K z) (I x z (B x)) (x v8 (z (v2 B)) (x I S (K x))) K)) (v25 (x I v9 K)) (S (I (K (B (K v29))) x) (B I v18 (S S)))
x (z (B K z) (x z (B x)) (x v8 (z (v2 B)) (x I S (K x))) K) (I (z (B K z) (I x z (B x)) (x v8 (z (v2 B)) (x I S (K x))) K)) (v25 (x I v9 K)) (S (I (K (B (K v29))) x) (B I v18 (S S)))
x (z (B K z) (x z (B x)) (x v8 (z (v2 B)) (x I S (K x))) K) (z (B K z) (I x z (B x)) (x v8 (z (v2 B)) (x I S (K x))) K) (v25 (x I v9 K)) (S (I (K (B (K v29))) x) (B I v18 (S S)))
x (z (B K z) (x z (B x)) (x v8 (z (v2 B)) (x I S (K x))) K) (z (B K z) (x z (B x)) (x v8 (z (v2 B)) (x I S (K x))) K) (v25 (x I v9 K)) (S (I (K (B (K v29))) x) (B I v18 (S S)))
x (z (B K z) (x z (B x)) (x v8 (z (v2 B)) (x I S (K x))) K) (z (B K z) (x z (B x)) (x v8 (z (v2 B)) (x I S (K x))) K) (v25 (x I v9 K)) (S (K (B (K v29)) x) (B I v18 (S S)))
x (z (B K z) (x z (B x)) (x v8 (z (v2 B)) (x I S (K x))) K) (z (B K z) (x z (B x)) (x v8 (z (v2 B)) (x I S (K x))) K) (v25 (x I v9 K)) (S (B (K v29)) (B I v18 (S S)))
x (z (B K z) (x z (B x)) (x v8 (z (v2 B)) (x I S (K x))) K) (z (B K z) (x z (B x)) (x v8 (z (v2 B)) (x I S (K x))) K) (v25 (x I v9 K)) (S (B (K v29)) (I (v18 (S S))))
x (z (B K z) (x z (B x)) (x v8 (z (v2 B)) (x I S (K x))) K) (z (B K z) (x z (B x)) (x v8 (z (v2 B)) (x I S (K x))) K) (v25 (x I v9 K)) (S (B (K v29)) (v18 (S S)))
B (I B z) (I (B I x) S z) (B (z S) (K v14)) (B x I I (B I) B) v15 (S (K z (S (x z)) S (I S) z) (I B z))
I B z (I (B I x) S z (B (z S) (K v14))) (B x I I (B I) B) v15 (S (K z (S (x z)) S (I S) z) (I B z))
B z (I (B I x) S z (B (z S) (K v14))) (B x I I (B I) B) v15 (S (K z (S (x z)) S (I S) z) (I B z))
z (I (B I x) S z (B (z S) (K v14)) (B x I I (B I) B)) v15 (S (K z (S (x z)) S (I S) z) (I B z))
z (B I x S z (B (z S) (K v14)) (B x I I (B I) B)) v15 (S (K z (S (x z)) S (I S) z) (I B z))
z (I (x S) z (B (z S) (K v14)) (B x I I (B I) B)) v15 (S (K z (S (x z)) S (I S) z) (I B z))
z (x S z (B (z S) (K v14)) (B x I I (B I) B)) v15 (S (K z (S (x z)) S (I S) z) (I B z))
z (x S z (B (z S) (K v14)) (x (I I) (B I) B)) v15 (S (K z (S (x z)) S (I S) z) (I B z))
z (x S z (B (z S) (K v14)) (x I (B I) B)) v15 (S (K z (S (x z)) S (I S) z) (I B z))
z (x S z (B (z S) (K v14)) (x I (B I) B)) v15 (S (z S (I S) z) (I B z))
z (x S z (B (z S) (K v14)) (x I (B I) B)) v15 (S (z S S z) (I B z))
z (x S z (B (z S) (K v14)) (x I (B I) B)) v15 (S (z S S z) (B z))
I (B v4) (I (x I) (I (z (I K (z (K S))))) B) B
B v4 (I (x I) (I (z (I K (z (K S))))) B) B
v4 (I (x I) (I (z (I K (z (K S))))) B B)
v4 (x I (I (z (I K (z (K S))))) B B)
v4 (x I (z (I K (z (K S)))) B B)
v4 (x I (z (K (z (K S)))) B B)
B B (z (K (S (B B K (B I))))) (z (S (S z x S B) B) (v18 z)) (K (S K (x K)) (S (x S))) (x I B z (I (z z (z I)) S I) (S (B z) x I x (v30 K K I)))
B (z (K (S (B B K (B I)))) (z (S (S z x S B) B) (v18 z))) (K (S K (x K)) (S (x S))) (x I B z (I (z z (z I)) S I) (S (B z) x I x (v30 K K I)))
z (K (S (B B K (B I)))) (z (S (S z x S B) B) (v18 z)) (K (S K (x K)) (S (x S)) (x I B z (I (z z (z I)) S I) (S (B z) x I x (v30 K K I))))
z (K (S (B (K (B I))))) (z (S (S z x S B) B) (v18 z)) (K (S K (x K)) (S (x S)) (x I B z (I (z z (z I)) S I) (S (B z) x I x (v30 K K I))))
z (K (S (B (K (B I))))) (z (S (z S (x S) B) B) (v18 z)) (K (S K (x K)) (S (x S)) (x I B z (I (z z (z I)) S I) (S (B z) x I x (v30 K K I))))
z (K (S (B (K (B I))))) (z (S (z S (x S) B) B) (v18 z)) (S K (x K) (x I B z (I (z z (z I)) S I) (S (B z) x I x (v30 K K I))))
z (K (S (B (K (B I))))) (z (S (z S (x S) B) B) (v18 z)) (K (x I B z (I (z z (z I)) S I) (S (B z) x I x (v30 K K I))) (x K (x I B z (I (z z (z I)) S I) (S (B z) x I x (v30 K K I)))))
z (K (S (B (K (B I))))) (z (S (z S (x S) B) B) (v18 z)) (x I B z (I (z z (z I)) S I) (S (B z) x I x (v30 K K I)))
z (K (S (B (K (B I))))) (z (S (z S (x S) B) B) (v18 z)) (x I B z (z z (z I) S I) (S (B z) x I x (v30 K K I)))
z (K (S (B (K (B I))))) (z (S (z S (x S) B) B) (v18 z)) (x I B z (z z (z I) S I) (B z I (x I) x (v30 K K I)))
z (K (S (B (K (B I))))) (z (S (z S (x S) B) B) (v18 z)) (x I B z (z z (z I) S I) (z (I (x I)) x (v30 K K I)))
z (K (S (B (K (B I))))) (z (S (z S (x S) B) B) (v18 z)) (x I B z (z z (z I) S I) (z (x I) x (v30 K K I)))
B
B
z B (B K (x (x S) (v3 (I B) v1) (K z)) (S (v2 (B z) K)) (I (K K)) x)
z B (K (x (x S) (v3 (I B) v1) (K z) (S (v2 (B z) K))) (I (K K)) x)
z B (x (x S) (v3 (I B) v1) (K z) (S (v2 (B z) K)) x)
z B (x (x S) (v3 B v1) (K z) (S (v2 (B z) K)) x)
S (x I B B (x (K (x K) (v23 I))) z)
S (x I B B (x (x K)) z)
