v25 (S K (z (I B (v15 v26)) (I (x x))) K (I (v15 K) (K v6))) (B I (v11 (K (v3 I (x (z z)))) (x K)) (z K (z (S (B (z (B x B))))) (B x)) (S (S x) x (x (S (x (S x) S)))) (S (S B)))
v25 (K K (z (I B (v15 v26)) (I (x x)) K) (I (v15 K) (K v6))) (B I (v11 (K (v3 I (x (z z)))) (x K)) (z K (z (S (B (z (B x B))))) (B x)) (S (S x) x (x (S (x (S x) S)))) (S (S B)))
v25 (K (I (v15 K) (K v6))) (B I (v11 (K (v3 I (x (z z)))) (x K)) (z K (z (S (B (z (B x B))))) (B x)) (S (S x) x (x (S (x (S x) S)))) (S (S B)))
v25 (K (v15 K (K v6))) (B I (v11 (K (v3 I (x (z z)))) (x K)) (z K (z (S (B (z (B x B))))) (B x)) (S (S x) x (x (S (x (S x) S)))) (S (S B)))
v25 (K (v15 K (K v6))) (I (v11 (K (v3 I (x (z z)))) (x K) (z K (z (S (B (z (B x B))))) (B x))) (S (S x) x (x (S (x (S x) S)))) (S (S B)))
v25 (K (v15 K (K v6))) (v11 (K (v3 I (x (z z)))) (x K) (z K (z (S (B (z (B x B))))) (B x)) (S (S x) x (x (S (x (S x) S)))) (S (S B)))
v25 (K (v15 K (K v6))) (v11 (K (v3 I (x (z z)))) (x K) (z K (z (S (B (z (B x B))))) (B x)) (S x (x (S (x (S x) S))) (x (x (S (x (S x) S))))) (S (S B)))
v25 (K (v15 K (K v6))) (v11 (K (v3 I (x (z z)))) (x K) (z K (z (S (B (z (B x B))))) (B x)) (x (x (x (S (x (S x) S)))) (x (S (x (S x) S)) (x (x (S (x (S x) S)))))) (S (S B)))
B B (B (z (z (I z) (K I) v23 (S (S x))))) (S (v1 S z v10)) S (z (B v29) (S (K (S (x (B K S) B I))) (S S K)) B) (K I)
B (B (z (z (I z) (K I) v23 (S (S x)))) (S (v1 S z v10))) S (z (B v29) (S (K (S (x (B K S) B I))) (S S K)) B) (K I)
B (z (z (I z) (K I) v23 (S (S x)))) (S (v1 S z v10)) (S (z (B v29) (S (K (S (x (B K S) B I))) (S S K)) B)) (K I)
z (z (I z) (K I) v23 (S (S x))) (S (v1 S z v10) (S (z (B v29) (S (K (S (x (B K S) B I))) (S S K)) B))) (K I)
z (z z (K I) v23 (S (S x))) (S (v1 S z v10) (S (z (B v29) (S (K (S (x (B K S) B I))) (S S K)) B))) (K I)
z (v26 (z I) (S (S K (x x) (K z)) (I (B I))) (v20 (B (x S)) (v3 (K B B)) (B (K (I (x I z (z (S v2)))) v28)))) (I (v2 (K v30 v7)))
z (v26 (z I) (S (K (K z) (x x (K z))) (I (B I))) (v20 (B (x S)) (v3 (K B B)) (B (K (I (x I z (z (S v2)))) v28)))) (I (v2 (K v30 v7)))
z (v26 (z I) (S (K z) (I (B I))) (v20 (B (x S)) (v3 (K B B)) (B (K (I (x I z (z (S v2)))) v28)))) (I (v2 (K v30 v7)))
z (v26 (z I) (S (K z) (B I)) (v20 (B (x S)) (v3 (K B B)) (B (K (I (x I z (z (S v2)))) v28)))) (I (v2 (K v30 v7)))
z (v26 (z I) (S (K z) (B I)) (v20 (B (x S)) (v3 B) (B (K (I (x I z (z (S v2)))) v28)))) (I (v2 (K v30 v7)))
z (v26 (z I) (S (K z) (B I)) (v20 (B (x S)) (v3 B) (B (I (x I z (z (S v2))))))) (I (v2 (K v30 v7)))
z (v26 (z I) (S (K z) (B I)) (v20 (B (x S)) (v3 B) (B (x I z (z (S v2)))))) (I (v2 (K v30 v7)))
z (v26 (z I) (S (K z) (B I)) (v20 (B (x S)) (v3 B) (B (x I z (z (S v2)))))) (v2 (K v30 v7))
z (v26 (z I) (S (K z) (B I)) (v20 (B (x S)) (v3 B) (B (x I z (z (S v2)))))) (v2 v30)
S
B (v30 (S B (I B) (B B (S (K (B (K B)))))) (S (S (x I) (B S I) (K (I (I I)))))) (K (z S I S) (x I (v25 (K (z S)) S K v16 (z K)) v1))
B (v30 (B (B B (S (K (B (K B))))) (I B (B B (S (K (B (K B))))))) (S (S (x I) (B S I) (K (I (I I)))))) (K (z S I S) (x I (v25 (K (z S)) S K v16 (z K)) v1))
B (v30 (B (B B (S (K (B (K B))))) (B (B B (S (K (B (K B))))))) (S (S (x I) (B S I) (K (I (I I)))))) (K (z S I S) (x I (v25 (K (z S)) S K v16 (z K)) v1))
B (v30 (B (B B (S (K (B (K B))))) (B (B B (S (K (B (K B))))))) (S (x I (K (I (I I))) (B S I (K (I (I I))))))) (K (z S I S) (x I (v25 (K (z S)) S K v16 (z K)) v1))
B (v30 (B (B B (S (K (B (K B))))) (B (B B (S (K (B (K B))))))) (S (x I (K (I I)) (B S I (K (I (I I))))))) (K (z S I S) (x I (v25 (K (z S)) S K v16 (z K)) v1))
B (v30 (B (B B (S (K (B (K B))))) (B (B B (S (K (B (K B))))))) (S (x I (K I) (B S I (K (I (I I))))))) (K (z S I S) (x I (v25 (K (z S)) S K v16 (z K)) v1))
B (v30 (B (B B (S (K (B (K B))))) (B (B B (S (K (B (K B))))))) (S (x I (K I) (S (I (K (I (I I)))))))) (K (z S I S) (x I (v25 (K (z S)) S K v16 (z K)) v1))
B (v30 (B (B B (S (K (B (K B))))) (B (B B (S (K (B (K B))))))) (S (x I (K I) (S (K (I (I I))))))) (K (z S I S) (x I (v25 (K (z S)) S K v16 (z K)) v1))
B (v30 (B (B B (S (K (B (K B))))) (B (B B (S (K (B (K B))))))) (S (x I (K I) (S (K (I I)))))) (K (z S I S) (x I (v25 (K (z S)) S K v16 (z K)) v1))
B (v30 (B (B B (S (K (B (K B))))) (B (B B (S (K (B (K B))))))) (S (x I (K I) (S (K I))))) (K (z S I S) (x I (v25 (K (z S)) S K v16 (z K)) v1))
B (v30 (B (B B (S (K (B (K B))))) (B (B B (S (K (B (K B))))))) (S (x I (K I) (S (K I))))) (z S I S)
z (S (S S x) (z z) (B (K (z (v18 I) v16) z)))
z (S S x (B (K (z (v18 I) v16) z)) (z z (B (K (z (v18 I) v16) z))))
z (S (B (K (z (v18 I) v16) z)) (x (B (K (z (v18 I) v16) z))) (z z (B (K (z (v18 I) v16) z))))
z (B (K (z (v18 I) v16) z) (z z (B (K (z (v18 I) v16) z))) (x (B (K (z (v18 I) v16) z)) (z z (B (K (z (v18 I) v16) z)))))
z (K (z (v18 I) v16) z (z z (B (K (z (v18 I) v16) z)) (x (B (K (z (v18 I) v16) z)) (z z (B (K (z (v18 I) v16) z))))))
z (z (v18 I) v16 (z z (B (K (z (v18 I) v16) z)) (x (B (K (z (v18 I) v16) z)) (z z (B (K (z (v18 I) v16) z))))))
z (z (v18 I) v16 (z z (B (z (v18 I) v16)) (x (B (K (z (v18 I) v16) z)) (z z (B (K (z (v18 I) v16) z))))))
z (z (v18 I) v16 (z z (B (z (v18 I) v16)) (x (B (z (v18 I) v16)) (z z (B (K (z (v18 I) v16) z))))))
z (z (v18 I) v16 (z z (B (z (v18 I) v16)) (x (B (z (v18 I) v16)) (z z (B (z (v18 I) v16))))))
x (v19 I) z v7 (x B (v10 (I (I x))) (v21 I) z (S (I I S)) (S K (x (B v20 v17)) (B (B (I (x z)) (z K (x x I z)) (K (B K (I (z z (z S))) (v28 S x))))) (I (v14 (B v8)) K S S (K B (z (B S x))) I)))
x (v19 I) z v7 (x B (v10 (I x)) (v21 I) z (S (I I S)) (S K (x (B v20 v17)) (B (B (I (x z)) (z K (x x I z)) (K (B K (I (z z (z S))) (v28 S x))))) (I (v14 (B v8)) K S S (K B (z (B S x))) I)))
x (v19 I) z v7 (x B (v10 x) (v21 I) z (S (I I S)) (S K (x (B v20 v17)) (B (B (I (x z)) (z K (x x I z)) (K (B K (I (z z (z S))) (v28 S x))))) (I (v14 (B v8)) K S S (K B (z (B S x))) I)))
x (v19 I) z v7 (x B (v10 x) (v21 I) z (S (I S)) (S K (x (B v20 v17)) (B (B (I (x z)) (z K (x x I z)) (K (B K (I (z z (z S))) (v28 S x))))) (I (v14 (B v8)) K S S (K B (z (B S x))) I)))
x (v19 I) z v7 (x B (v10 x) (v21 I) z (S S) (S K (x (B v20 v17)) (B (B (I (x z)) (z K (x x I z)) (K (B K (I (z z (z S))) (v28 S x))))) (I (v14 (B v8)) K S S (K B (z (B S x))) I)))
x (v19 I) z v7 (x B (v10 x) (v21 I) z (S S) (K (B (B (I (x z)) (z K (x x I z)) (K (B K (I (z z (z S))) (v28 S x))))) (x (B v20 v17) (B (B (I (x z)) (z K (x x I z)) (K (B K (I (z z (z S))) (v28 S x)))))) (I (v14 (B v8)) K S S (K B (z (B S x))) I)))
x (v19 I) z v7 (x B (v10 x) (v21 I) z (S S) (B (B (I (x z)) (z K (x x I z)) (K (B K (I (z z (z S))) (v28 S x)))) (I (v14 (B v8)) K S S (K B (z (B S x))) I)))
x (v19 I) z v7 (x B (v10 x) (v21 I) z (S S) (B (I (x z) (z K (x x I z) (K (B K (I (z z (z S))) (v28 S x))))) (I (v14 (B v8)) K S S (K B (z (B S x))) I)))
x (v19 I) z v7 (x B (v10 x) (v21 I) z (S S) (B (x z (z K (x x I z) (K (B K (I (z z (z S))) (v28 S x))))) (I (v14 (B v8)) K S S (K B (z (B S x))) I)))
x (v19 I) z v7 (x B (v10 x) (v21 I) z (S S) (B (x z (z K (x x I z) (K (K (I (z z (z S)) (v28 S x)))))) (I (v14 (B v8)) K S S (K B (z (B S x))) I)))
x (v19 I) z v7 (x B (v10 x) (v21 I) z (S S) (B (x z (z K (x x I z) (K (K (z z (z S) (v28 S x)))))) (I (v14 (B v8)) K S S (K B (z (B S x))) I)))
x (v19 I) z v7 (x B (v10 x) (v21 I) z (S S) (B (x z (z K (x x I z) (K (K (z z (z S) (v28 S x)))))) (v14 (B v8) K S S (K B (z (B S x))) I)))
x (v19 I) z v7 (x B (v10 x) (v21 I) z (S S) (B (x z (z K (x x I z) (K (K (z z (z S) (v28 S x)))))) (v14 (B v8) K S S B I)))
B (B (v7 x) I) (B K (S (x K x K) I) (x v11) x) (x K (x (B I x) (v4 x B) I (K I))) x
B (v7 x) I (B K (S (x K x K) I) (x v11) x (x K (x (B I x) (v4 x B) I (K I)))) x
v7 x (I (B K (S (x K x K) I) (x v11) x (x K (x (B I x) (v4 x B) I (K I))))) x
v7 x (B K (S (x K x K) I) (x v11) x (x K (x (B I x) (v4 x B) I (K I)))) x
v7 x (K (S (x K x K) I (x v11)) x (x K (x (B I x) (v4 x B) I (K I)))) x
v7 x (S (x K x K) I (x v11) (x K (x (B I x) (v4 x B) I (K I)))) x
v7 x (x K x K (x v11) (I (x v11)) (x K (x (B I x) (v4 x B) I (K I)))) x
v7 x (x K x K (x v11) (x v11) (x K (x (B I x) (v4 x B) I (K I)))) x
v23 I B B v28 z (S v16 (x (I S) (B z) (K S (B (I I)) (B K)))) (x B (x (B x) I (K x B) z B) S (v8 (I x z)))
v23 I B B v28 z (S v16 (x S (B z) (K S (B (I I)) (B K)))) (x B (x (B x) I (K x B) z B) S (v8 (I x z)))
v23 I B B v28 z (S v16 (x S (B z) (S (B K)))) (x B (x (B x) I (K x B) z B) S (v8 (I x z)))
v23 I B B v28 z (S v16 (x S (B z) (S (B K)))) (x B (x (B x) I x z B) S (v8 (I x z)))
v23 I B B v28 z (S v16 (x S (B z) (S (B K)))) (x B (x (B x) I x z B) S (v8 (x z)))
z x (B I) (K z (K z (I x (x K)))) (B v20 z) (z (I (K z)) (S (z (z z S (x (I v29 v23) (B v24) v9)) (v3 I))) (z K) S v26)
z x (B I) z (B v20 z) (z (I (K z)) (S (z (z z S (x (I v29 v23) (B v24) v9)) (v3 I))) (z K) S v26)
z x (B I) z (B v20 z) (z (K z) (S (z (z z S (x (I v29 v23) (B v24) v9)) (v3 I))) (z K) S v26)
z x (B I) z (B v20 z) (z (K z) (S (z (z z S (x (v29 v23) (B v24) v9)) (v3 I))) (z K) S v26)
