B S (I S v25) (I (K v10 (z (S x))) (z (I (x x z))) (S (I (v14 I) x) (I I)) (v27 (x (B (K (B S x z)) S)) (z (I (v27 I (K x) z x S))) x)) (B (z S) (I (z K)))
S (I S v25 (I (K v10 (z (S x))) (z (I (x x z))) (S (I (v14 I) x) (I I)) (v27 (x (B (K (B S x z)) S)) (z (I (v27 I (K x) z x S))) x))) (B (z S) (I (z K)))
S (S v25 (I (K v10 (z (S x))) (z (I (x x z))) (S (I (v14 I) x) (I I)) (v27 (x (B (K (B S x z)) S)) (z (I (v27 I (K x) z x S))) x))) (B (z S) (I (z K)))
S (S v25 (K v10 (z (S x)) (z (I (x x z))) (S (I (v14 I) x) (I I)) (v27 (x (B (K (B S x z)) S)) (z (I (v27 I (K x) z x S))) x))) (B (z S) (I (z K)))
S (S v25 (v10 (z (I (x x z))) (S (I (v14 I) x) (I I)) (v27 (x (B (K (B S x z)) S)) (z (I (v27 I (K x) z x S))) x))) (B (z S) (I (z K)))
S (S v25 (v10 (z (x x z)) (S (I (v14 I) x) (I I)) (v27 (x (B (K (B S x z)) S)) (z (I (v27 I (K x) z x S))) x))) (B (z S) (I (z K)))
S (S v25 (v10 (z (x x z)) (S (v14 I x) (I I)) (v27 (x (B (K (B S x z)) S)) (z (I (v27 I (K x) z x S))) x))) (B (z S) (I (z K)))
S (S v25 (v10 (z (x x z)) (S (v14 I x) I) (v27 (x (B (K (B S x z)) S)) (z (I (v27 I (K x) z x S))) x))) (B (z S) (I (z K)))
S (S v25 (v10 (z (x x z)) (S (v14 I x) I) (v27 (x (B (K (S (x z))) S)) (z (I (v27 I (K x) z x S))) x))) (B (z S) (I (z K)))
S (S v25 (v10 (z (x x z)) (S (v14 I x) I) (v27 (x (B (K (S (x z))) S)) (z (v27 I (K x) z x S)) x))) (B (z S) (I (z K)))
S (S v25 (v10 (z (x x z)) (S (v14 I x) I) (v27 (x (B (K (S (x z))) S)) (z (v27 I (K x) z x S)) x))) (B (z S) (z K))
z (x S)
z (K (S (K S B S))) (K B B x) S
z (K (S (S S))) (K B B x) S
z (K (S (S S))) (B x) S
v12 v4
I (v20 (z v18 (v16 S) K B) x) B v1 (K (S (B (K (v23 B)))))
v20 (z v18 (v16 S) K B) x B v1 (K (S (B (K (v23 B)))))
S (K S x z) (v13 x) (I (K (K I (I (I z I)) I) (B K)))
K S x z (I (K (K I (I (I z I)) I) (B K))) (v13 x (I (K (K I (I (I z I)) I) (B K))))
S z (I (K (K I (I (I z I)) I) (B K))) (v13 x (I (K (K I (I (I z I)) I) (B K))))
z (v13 x (I (K (K I (I (I z I)) I) (B K)))) (I (K (K I (I (I z I)) I) (B K)) (v13 x (I (K (K I (I (I z I)) I) (B K)))))
z (v13 x (K (K I (I (I z I)) I) (B K))) (I (K (K I (I (I z I)) I) (B K)) (v13 x (I (K (K I (I (I z I)) I) (B K)))))
z (v13 x (K I (I (I z I)) I)) (I (K (K I (I (I z I)) I) (B K)) (v13 x (I (K (K I (I (I z I)) I) (B K)))))
z (v13 x (I I)) (I (K (K I (I (I z I)) I) (B K)) (v13 x (I (K (K I (I (I z I)) I) (B K)))))
z (v13 x I) (I (K (K I (I (I z I)) I) (B K)) (v13 x (I (K (K I (I (I z I)) I) (B K)))))
z (v13 x I) (K (K I (I (I z I)) I) (B K) (v13 x (I (K (K I (I (I z I)) I) (B K)))))
z (v13 x I) (K I (I (I z I)) I (v13 x (I (K (K I (I (I z I)) I) (B K)))))
z (v13 x I) (I I (v13 x (I (K (K I (I (I z I)) I) (B K)))))
z (v13 x I) (I (v13 x (I (K (K I (I (I z I)) I) (B K)))))
z (v13 x I) (v13 x (I (K (K I (I (I z I)) I) (B K))))
z (v13 x I) (v13 x (K (K I (I (I z I)) I) (B K)))
z (v13 x I) (v13 x (K I (I (I z I)) I))
z (v13 x I) (v13 x (I I))
z (v13 x I) (v13 x I)
B K
x (v0 (K (v13 (I v6 (I S I) (I (K (K K (z B))))) (x (v6 (z B)) v14))))
x (v0 (K (v13 (v6 (I S I) (I (K (K K (z B))))) (x (v6 (z B)) v14))))
x (v0 (K (v13 (v6 (S I) (I (K (K K (z B))))) (x (v6 (z B)) v14))))
x (v0 (K (v13 (v6 (S I) (K (K K (z B)))) (x (v6 (z B)) v14))))
x (v0 (K (v13 (v6 (S I) (K K)) (x (v6 (z B)) v14))))
K (x z (x K (I (x v24)) (x (S (z (I z)) (v2 (B (S x)))))) v17 S)
K (x z (x K (x v24) (x (S (z (I z)) (v2 (B (S x)))))) v17 S)
K (x z (x K (x v24) (x (S (z z) (v2 (B (S x)))))) v17 S)
z (K B (B x v18 z (z S) v8) (B (K (x I)))) (z B (x (K K)) (x (S v10 z) x)) (I (v6 (B K) K K (S S (z v13))) K (v26 I)) (I (v1 (B B)) v21 (z (K B)) (z I (z B K (B v5) (S K))) x (S I (x (K v30 z K (B v23)))))
z (B (B (K (x I)))) (z B (x (K K)) (x (S v10 z) x)) (I (v6 (B K) K K (S S (z v13))) K (v26 I)) (I (v1 (B B)) v21 (z (K B)) (z I (z B K (B v5) (S K))) x (S I (x (K v30 z K (B v23)))))
z (B (B (K (x I)))) (z B (x (K K)) (x (S v10 z) x)) (v6 (B K) K K (S S (z v13)) K (v26 I)) (I (v1 (B B)) v21 (z (K B)) (z I (z B K (B v5) (S K))) x (S I (x (K v30 z K (B v23)))))
z (B (B (K (x I)))) (z B (x (K K)) (x (S v10 z) x)) (v6 (B K) K K (S S (z v13)) K (v26 I)) (v1 (B B) v21 (z (K B)) (z I (z B K (B v5) (S K))) x (S I (x (K v30 z K (B v23)))))
z (B (B (K (x I)))) (z B (x (K K)) (x (S v10 z) x)) (v6 (B K) K K (S S (z v13)) K (v26 I)) (v1 (B B) v21 (z (K B)) (z I (z B K (B v5) (S K))) x (S I (x (v30 K (B v23)))))
