I
z K z (z (B (I (v3 (I v21))) (x z) S (I x x S) x (x (S x)) (x S B B) z)) (S K z (B (v1 v14) S (x (v27 v14 K) v3) (x v17 x) v20))
z K z (z (I (v3 (I v21)) (x z S) (I x x S) x (x (S x)) (x S B B) z)) (S K z (B (v1 v14) S (x (v27 v14 K) v3) (x v17 x) v20))
z K z (z (v3 (I v21) (x z S) (I x x S) x (x (S x)) (x S B B) z)) (S K z (B (v1 v14) S (x (v27 v14 K) v3) (x v17 x) v20))
z K z (z (v3 v21 (x z S) (I x x S) x (x (S x)) (x S B B) z)) (S K z (B (v1 v14) S (x (v27 v14 K) v3) (x v17 x) v20))
z K z (z (v3 v21 (x z S) (x x S) x (x (S x)) (x S B B) z)) (S K z (B (v1 v14) S (x (v27 v14 K) v3) (x v17 x) v20))
z K z (z (v3 v21 (x z S) (x x S) x (x (S x)) (x S B B) z)) (K (B (v1 v14) S (x (v27 v14 K) v3) (x v17 x) v20) (z (B (v1 v14) S (x (v27 v14 K) v3) (x v17 x) v20)))
z K z (z (v3 v21 (x z S) (x x S) x (x (S x)) (x S B B) z)) (B (v1 v14) S (x (v27 v14 K) v3) (x v17 x) v20)
z K z (z (v3 v21 (x z S) (x x S) x (x (S x)) (x S B B) z)) (v1 v14 (S (x (v27 v14 K) v3)) (x v17 x) v20)
K S
z I
B (v16 (S I (K v14 (S (K S))) x)) (z v19) (S (I (I v5) v28 I) (B (x S v19))) (v4 (z (x K (I (K (S (x (I (v22 z S)) S)))))) x)
v16 (S I (K v14 (S (K S))) x) (z v19 (S (I (I v5) v28 I) (B (x S v19)))) (v4 (z (x K (I (K (S (x (I (v22 z S)) S)))))) x)
v16 (I x (K v14 (S (K S)) x)) (z v19 (S (I (I v5) v28 I) (B (x S v19)))) (v4 (z (x K (I (K (S (x (I (v22 z S)) S)))))) x)
v16 (x (K v14 (S (K S)) x)) (z v19 (S (I (I v5) v28 I) (B (x S v19)))) (v4 (z (x K (I (K (S (x (I (v22 z S)) S)))))) x)
v16 (x (v14 x)) (z v19 (S (I (I v5) v28 I) (B (x S v19)))) (v4 (z (x K (I (K (S (x (I (v22 z S)) S)))))) x)
v16 (x (v14 x)) (z v19 (S (I v5 v28 I) (B (x S v19)))) (v4 (z (x K (I (K (S (x (I (v22 z S)) S)))))) x)
v16 (x (v14 x)) (z v19 (S (v5 v28 I) (B (x S v19)))) (v4 (z (x K (I (K (S (x (I (v22 z S)) S)))))) x)
v16 (x (v14 x)) (z v19 (S (v5 v28 I) (B (x S v19)))) (v4 (z (x K (K (S (x (I (v22 z S)) S))))) x)
v16 (x (v14 x)) (z v19 (S (v5 v28 I) (B (x S v19)))) (v4 (z (x K (K (S (x (v22 z S) S))))) x)
K (v21 z S I) (I K B (I (v17 K) (S (I (x (I v6)) (K v6) v23)))) (v12 (I (z B) x) (v18 v5 K B (v12 (x x (z (B S) z) x)))) (z B S) (S (B z))
v21 z S I (v12 (I (z B) x) (v18 v5 K B (v12 (x x (z (B S) z) x)))) (z B S) (S (B z))
v21 z S I (v12 (z B x) (v18 v5 K B (v12 (x x (z (B S) z) x)))) (z B S) (S (B z))
B (x (S (v4 v7 (z z K) K) (S (I x (z (v14 z) I) v0 (z I) (S x (I K)))))) (z B K (S (S (K (I K (B (v16 v0)) B x) (x (I v1 (B I)))))))
B (x (S (v4 v7 (z z K) K) (S (x (z (v14 z) I) v0 (z I) (S x (I K)))))) (z B K (S (S (K (I K (B (v16 v0)) B x) (x (I v1 (B I)))))))
B (x (S (v4 v7 (z z K) K) (S (x (z (v14 z) I) v0 (z I) (S x K))))) (z B K (S (S (K (I K (B (v16 v0)) B x) (x (I v1 (B I)))))))
B (x (S (v4 v7 (z z K) K) (S (x (z (v14 z) I) v0 (z I) (S x K))))) (z B K (S (S (I K (B (v16 v0)) B x))))
B (x (S (v4 v7 (z z K) K) (S (x (z (v14 z) I) v0 (z I) (S x K))))) (z B K (S (S (K (B (v16 v0)) B x))))
B (x (S (v4 v7 (z z K) K) (S (x (z (v14 z) I) v0 (z I) (S x K))))) (z B K (S (S (B (v16 v0) x))))
B (K (I K (v10 x) (S x)) (z (I S B) (B (B (I z) x (x (x (K S) K) S))) (z x K (B (I K))))) (v18 x) (I (I x) (I x) (I (v1 (v18 v22 x (K (B B))))) (v11 (B I) (v16 K (B I S))) v5 S)
K (I K (v10 x) (S x)) (z (I S B) (B (B (I z) x (x (x (K S) K) S))) (z x K (B (I K)))) (v18 x (I (I x) (I x) (I (v1 (v18 v22 x (K (B B))))) (v11 (B I) (v16 K (B I S))) v5 S))
I K (v10 x) (S x) (v18 x (I (I x) (I x) (I (v1 (v18 v22 x (K (B B))))) (v11 (B I) (v16 K (B I S))) v5 S))
K (v10 x) (S x) (v18 x (I (I x) (I x) (I (v1 (v18 v22 x (K (B B))))) (v11 (B I) (v16 K (B I S))) v5 S))
v10 x (v18 x (I (I x) (I x) (I (v1 (v18 v22 x (K (B B))))) (v11 (B I) (v16 K (B I S))) v5 S))
v10 x (v18 x (I x (I x) (I (v1 (v18 v22 x (K (B B))))) (v11 (B I) (v16 K (B I S))) v5 S))
v10 x (v18 x (x (I x) (I (v1 (v18 v22 x (K (B B))))) (v11 (B I) (v16 K (B I S))) v5 S))
v10 x (v18 x (x x (I (v1 (v18 v22 x (K (B B))))) (v11 (B I) (v16 K (B I S))) v5 S))
v10 x (v18 x (x x (v1 (v18 v22 x (K (B B)))) (v11 (B I) (v16 K (B I S))) v5 S))
z B K (S I K) B (v8 (v14 x K) (v10 v20)) (z K (K B (z (B z) (B x) S) K) I) S
z B K (S I K) B (v8 (v14 x K) (v10 v20)) (z K (B K) I) S
I (S z) z K (S v28 (x B (I (B K) (v9 (B (S (S x)) z)))) (S (B (B x) z) (v1 (v9 I x I) I x (v3 (z (v5 z) S) I)) (S x) (x (K S) I (B I))) (K v29 B (z (x (v18 x)))))
S z z K (S v28 (x B (I (B K) (v9 (B (S (S x)) z)))) (S (B (B x) z) (v1 (v9 I x I) I x (v3 (z (v5 z) S) I)) (S x) (x (K S) I (B I))) (K v29 B (z (x (v18 x)))))
z K (z K) (S v28 (x B (I (B K) (v9 (B (S (S x)) z)))) (S (B (B x) z) (v1 (v9 I x I) I x (v3 (z (v5 z) S) I)) (S x) (x (K S) I (B I))) (K v29 B (z (x (v18 x)))))
z K (z K) (v28 (S (B (B x) z) (v1 (v9 I x I) I x (v3 (z (v5 z) S) I)) (S x) (x (K S) I (B I))) (x B (I (B K) (v9 (B (S (S x)) z))) (S (B (B x) z) (v1 (v9 I x I) I x (v3 (z (v5 z) S) I)) (S x) (x (K S) I (B I)))) (K v29 B (z (x (v18 x)))))
z K (z K) (v28 (B (B x) z (S x) (v1 (v9 I x I) I x (v3 (z (v5 z) S) I) (S x)) (x (K S) I (B I))) (x B (I (B K) (v9 (B (S (S x)) z))) (S (B (B x) z) (v1 (v9 I x I) I x (v3 (z (v5 z) S) I)) (S x) (x (K S) I (B I)))) (K v29 B (z (x (v18 x)))))
z K (z K) (v28 (B x (z (S x)) (v1 (v9 I x I) I x (v3 (z (v5 z) S) I) (S x)) (x (K S) I (B I))) (x B (I (B K) (v9 (B (S (S x)) z))) (S (B (B x) z) (v1 (v9 I x I) I x (v3 (z (v5 z) S) I)) (S x) (x (K S) I (B I)))) (K v29 B (z (x (v18 x)))))
z K (z K) (v28 (x (z (S x) (v1 (v9 I x I) I x (v3 (z (v5 z) S) I) (S x))) (x (K S) I (B I))) (x B (I (B K) (v9 (B (S (S x)) z))) (S (B (B x) z) (v1 (v9 I x I) I x (v3 (z (v5 z) S) I)) (S x) (x (K S) I (B I)))) (K v29 B (z (x (v18 x)))))
z K (z K) (v28 (x (z (S x) (v1 (v9 I x I) I x (v3 (z (v5 z) S) I) (S x))) (x (K S) I (B I))) (x B (B K (v9 (B (S (S x)) z))) (S (B (B x) z) (v1 (v9 I x I) I x (v3 (z (v5 z) S) I)) (S x) (x (K S) I (B I)))) (K v29 B (z (x (v18 x)))))
z K (z K) (v28 (x (z (S x) (v1 (v9 I x I) I x (v3 (z (v5 z) S) I) (S x))) (x (K S) I (B I))) (x B (B K (v9 (B (S (S x)) z))) (B (B x) z (S x) (v1 (v9 I x I) I x (v3 (z (v5 z) S) I) (S x)) (x (K S) I (B I)))) (K v29 B (z (x (v18 x)))))
z K (z K) (v28 (x (z (S x) (v1 (v9 I x I) I x (v3 (z (v5 z) S) I) (S x))) (x (K S) I (B I))) (x B (B K (v9 (B (S (S x)) z))) (B x (z (S x)) (v1 (v9 I x I) I x (v3 (z (v5 z) S) I) (S x)) (x (K S) I (B I)))) (K v29 B (z (x (v18 x)))))
z K (z K) (v28 (x (z (S x) (v1 (v9 I x I) I x (v3 (z (v5 z) S) I) (S x))) (x (K S) I (B I))) (x B (B K (v9 (B (S (S x)) z))) (x (z (S x) (v1 (v9 I x I) I x (v3 (z (v5 z) S) I) (S x))) (x (K S) I (B I)))) (K v29 B (z (x (v18 x)))))
z K (z K) (v28 (x (z (S x) (v1 (v9 I x I) I x (v3 (z (v5 z) S) I) (S x))) (x (K S) I (B I))) (x B (B K (v9 (B (S (S x)) z))) (x (z (S x) (v1 (v9 I x I) I x (v3 (z (v5 z) S) I) (S x))) (x (K S) I (B I)))) (v29 (z (x (v18 x)))))
