x (S (x x) (K z (S K I))) (K x (z (I (B (x B))) (B z (K v29 I) B (K B x)))) (S (v15 (z (I v1)))) (z (x K B (S (v20 z K z B) (B I (I (z (z S) (I (K x) B))))) (B z)))
x (S (x x) z) (K x (z (I (B (x B))) (B z (K v29 I) B (K B x)))) (S (v15 (z (I v1)))) (z (x K B (S (v20 z K z B) (B I (I (z (z S) (I (K x) B))))) (B z)))
x (S (x x) z) x (S (v15 (z (I v1)))) (z (x K B (S (v20 z K z B) (B I (I (z (z S) (I (K x) B))))) (B z)))
x (S (x x) z) x (S (v15 (z v1))) (z (x K B (S (v20 z K z B) (B I (I (z (z S) (I (K x) B))))) (B z)))
x (S (x x) z) x (S (v15 (z v1))) (z (x K B (S (v20 z K z B) (B I (z (z S) (I (K x) B)))) (B z)))
x (S (x x) z) x (S (v15 (z v1))) (z (x K B (S (v20 z K z B) (B I (z (z S) (K x B)))) (B z)))
x (S (x x) z) x (S (v15 (z v1))) (z (x K B (S (v20 z K z B) (B I (z (z S) x))) (B z)))
v5 (B (S (z (I z))) (B (v2 x S (B (S (x z) (B (v2 x) v21))) (z (z B x) S z)) S))
v5 (B (S (z z)) (B (v2 x S (B (S (x z) (B (v2 x) v21))) (z (z B x) S z)) S))
v18 (B K)
I
B K K z (v3 I) K (S x)
K (K z) (v3 I) K (S x)
K z K (S x)
z (S x)
K (B S (K B) K (K (x B))) (x (S x (K K) (x z)) (B K B (z (z (S K))))) v12 (B (I (z B K))) (I (I S)) S (K B I I (v1 B (K (S (v8 I) (B (K S)))) (v4 v4)) (B (I (S (x I (B (I I)))) B) S B))
B S (K B) K (K (x B)) v12 (B (I (z B K))) (I (I S)) S (K B I I (v1 B (K (S (v8 I) (B (K S)))) (v4 v4)) (B (I (S (x I (B (I I)))) B) S B))
S (K B K) (K (x B)) v12 (B (I (z B K))) (I (I S)) S (K B I I (v1 B (K (S (v8 I) (B (K S)))) (v4 v4)) (B (I (S (x I (B (I I)))) B) S B))
K B K v12 (K (x B) v12) (B (I (z B K))) (I (I S)) S (K B I I (v1 B (K (S (v8 I) (B (K S)))) (v4 v4)) (B (I (S (x I (B (I I)))) B) S B))
B v12 (K (x B) v12) (B (I (z B K))) (I (I S)) S (K B I I (v1 B (K (S (v8 I) (B (K S)))) (v4 v4)) (B (I (S (x I (B (I I)))) B) S B))
v12 (K (x B) v12 (B (I (z B K)))) (I (I S)) S (K B I I (v1 B (K (S (v8 I) (B (K S)))) (v4 v4)) (B (I (S (x I (B (I I)))) B) S B))
v12 (x B (B (I (z B K)))) (I (I S)) S (K B I I (v1 B (K (S (v8 I) (B (K S)))) (v4 v4)) (B (I (S (x I (B (I I)))) B) S B))
v12 (x B (B (z B K))) (I (I S)) S (K B I I (v1 B (K (S (v8 I) (B (K S)))) (v4 v4)) (B (I (S (x I (B (I I)))) B) S B))
v12 (x B (B (z B K))) (I S) S (K B I I (v1 B (K (S (v8 I) (B (K S)))) (v4 v4)) (B (I (S (x I (B (I I)))) B) S B))
v12 (x B (B (z B K))) S S (K B I I (v1 B (K (S (v8 I) (B (K S)))) (v4 v4)) (B (I (S (x I (B (I I)))) B) S B))
v12 (x B (B (z B K))) S S (B I (v1 B (K (S (v8 I) (B (K S)))) (v4 v4)) (B (I (S (x I (B (I I)))) B) S B))
v12 (x B (B (z B K))) S S (I (v1 B (K (S (v8 I) (B (K S)))) (v4 v4) (B (I (S (x I (B (I I)))) B) S B)))
v12 (x B (B (z B K))) S S (v1 B (K (S (v8 I) (B (K S)))) (v4 v4) (B (I (S (x I (B (I I)))) B) S B))
v12 (x B (B (z B K))) S S (v1 B (K (S (v8 I) (B (K S)))) (v4 v4) (I (S (x I (B (I I)))) B (S B)))
v12 (x B (B (z B K))) S S (v1 B (K (S (v8 I) (B (K S)))) (v4 v4) (S (x I (B (I I))) B (S B)))
v12 (x B (B (z B K))) S S (v1 B (K (S (v8 I) (B (K S)))) (v4 v4) (x I (B (I I)) (S B) (B (S B))))
v12 (x B (B (z B K))) S S (v1 B (K (S (v8 I) (B (K S)))) (v4 v4) (x I (B I) (S B) (B (S B))))
S
I v22 (v7 x)
v22 (v7 x)
K
B (S (I v25) (S S (I I v14) S) (v23 B K (B (v10 z) B)) (B K B))
B (I v25 (v23 B K (B (v10 z) B)) (S S (I I v14) S (v23 B K (B (v10 z) B))) (B K B))
B (v25 (v23 B K (B (v10 z) B)) (S S (I I v14) S (v23 B K (B (v10 z) B))) (B K B))
B (v25 (v23 B K (B (v10 z) B)) (S S (I I v14 S) (v23 B K (B (v10 z) B))) (B K B))
B (v25 (v23 B K (B (v10 z) B)) (S (v23 B K (B (v10 z) B)) (I I v14 S (v23 B K (B (v10 z) B)))) (B K B))
B (v25 (v23 B K (B (v10 z) B)) (S (v23 B K (B (v10 z) B)) (I v14 S (v23 B K (B (v10 z) B)))) (B K B))
B (v25 (v23 B K (B (v10 z) B)) (S (v23 B K (B (v10 z) B)) (v14 S (v23 B K (B (v10 z) B)))) (B K B))
