K I (I S) (z (B (v19 (x K)) (v9 v10) I v1) (K z (B (x (S I S) K) (x z)) K (v3 z))) (S (x (B v11 B) (S K x K (B (v9 (v11 I)) K (z (S v13 B) (x B (z B)) (I S) (I x))))) (K B B) (K v24))
I (z (B (v19 (x K)) (v9 v10) I v1) (K z (B (x (S I S) K) (x z)) K (v3 z))) (S (x (B v11 B) (S K x K (B (v9 (v11 I)) K (z (S v13 B) (x B (z B)) (I S) (I x))))) (K B B) (K v24))
z (B (v19 (x K)) (v9 v10) I v1) (K z (B (x (S I S) K) (x z)) K (v3 z)) (S (x (B v11 B) (S K x K (B (v9 (v11 I)) K (z (S v13 B) (x B (z B)) (I S) (I x))))) (K B B) (K v24))
z (v19 (x K) (v9 v10 I) v1) (K z (B (x (S I S) K) (x z)) K (v3 z)) (S (x (B v11 B) (S K x K (B (v9 (v11 I)) K (z (S v13 B) (x B (z B)) (I S) (I x))))) (K B B) (K v24))
z (v19 (x K) (v9 v10 I) v1) (z K (v3 z)) (S (x (B v11 B) (S K x K (B (v9 (v11 I)) K (z (S v13 B) (x B (z B)) (I S) (I x))))) (K B B) (K v24))
z (v19 (x K) (v9 v10 I) v1) (z K (v3 z)) (x (B v11 B) (S K x K (B (v9 (v11 I)) K (z (S v13 B) (x B (z B)) (I S) (I x)))) (K v24) (K B B (K v24)))
z (v19 (x K) (v9 v10 I) v1) (z K (v3 z)) (x (B v11 B) (K K (x K) (B (v9 (v11 I)) K (z (S v13 B) (x B (z B)) (I S) (I x)))) (K v24) (K B B (K v24)))
z (v19 (x K) (v9 v10 I) v1) (z K (v3 z)) (x (B v11 B) (K (B (v9 (v11 I)) K (z (S v13 B) (x B (z B)) (I S) (I x)))) (K v24) (K B B (K v24)))
z (v19 (x K) (v9 v10 I) v1) (z K (v3 z)) (x (B v11 B) (K (v9 (v11 I) (K (z (S v13 B) (x B (z B)) (I S) (I x))))) (K v24) (K B B (K v24)))
z (v19 (x K) (v9 v10 I) v1) (z K (v3 z)) (x (B v11 B) (K (v9 (v11 I) (K (z (S v13 B) (x B (z B)) S (I x))))) (K v24) (K B B (K v24)))
z (v19 (x K) (v9 v10 I) v1) (z K (v3 z)) (x (B v11 B) (K (v9 (v11 I) (K (z (S v13 B) (x B (z B)) S x)))) (K v24) (K B B (K v24)))
z (v19 (x K) (v9 v10 I) v1) (z K (v3 z)) (x (B v11 B) (K (v9 (v11 I) (K (z (S v13 B) (x B (z B)) S x)))) (K v24) (B (K v24)))
B x (I v1 (B (K S) S x) B x B) (x v28 S B B (K (x v14 (S x) I x) B (z I (B K (v26 (I K)) (K I)))))
x (I v1 (B (K S) S x) B x B (x v28 S B B (K (x v14 (S x) I x) B (z I (B K (v26 (I K)) (K I))))))
x (v1 (B (K S) S x) B x B (x v28 S B B (K (x v14 (S x) I x) B (z I (B K (v26 (I K)) (K I))))))
x (v1 (K S (S x)) B x B (x v28 S B B (K (x v14 (S x) I x) B (z I (B K (v26 (I K)) (K I))))))
x (v1 S B x B (x v28 S B B (K (x v14 (S x) I x) B (z I (B K (v26 (I K)) (K I))))))
x (v1 S B x B (x v28 S B B (x v14 (S x) I x (z I (B K (v26 (I K)) (K I))))))
x (v1 S B x B (x v28 S B B (x v14 (S x) I x (z I (K (v26 (I K) (K I)))))))
x (v1 S B x B (x v28 S B B (x v14 (S x) I x (z I (K (v26 K (K I)))))))
B (z z v24 (S v20) (z (x (z (I K)) (z (v1 K)))) (I K) B) (x (S v27 (v30 B) (z B (z K (B (v22 z (v22 z) z) (S v21 (K (v17 I S B)) B)) (K B v11 (K (S K) S))))) (K (B (v30 z) K) v5 v14 (B (v5 K) (I K)) S (x (B I) S)))
B (z z v24 (S v20) (z (x (z K) (z (v1 K)))) (I K) B) (x (S v27 (v30 B) (z B (z K (B (v22 z (v22 z) z) (S v21 (K (v17 I S B)) B)) (K B v11 (K (S K) S))))) (K (B (v30 z) K) v5 v14 (B (v5 K) (I K)) S (x (B I) S)))
B (z z v24 (S v20) (z (x (z K) (z (v1 K)))) K B) (x (S v27 (v30 B) (z B (z K (B (v22 z (v22 z) z) (S v21 (K (v17 I S B)) B)) (K B v11 (K (S K) S))))) (K (B (v30 z) K) v5 v14 (B (v5 K) (I K)) S (x (B I) S)))
B (z z v24 (S v20) (z (x (z K) (z (v1 K)))) K B) (x (v27 (z B (z K (B (v22 z (v22 z) z) (S v21 (K (v17 I S B)) B)) (K B v11 (K (S K) S)))) (v30 B (z B (z K (B (v22 z (v22 z) z) (S v21 (K (v17 I S B)) B)) (K B v11 (K (S K) S)))))) (K (B (v30 z) K) v5 v14 (B (v5 K) (I K)) S (x (B I) S)))
B (z z v24 (S v20) (z (x (z K) (z (v1 K)))) K B) (x (v27 (z B (z K (B (v22 z (v22 z) z) (v21 B (K (v17 I S B) B))) (K B v11 (K (S K) S)))) (v30 B (z B (z K (B (v22 z (v22 z) z) (S v21 (K (v17 I S B)) B)) (K B v11 (K (S K) S)))))) (K (B (v30 z) K) v5 v14 (B (v5 K) (I K)) S (x (B I) S)))
B (z z v24 (S v20) (z (x (z K) (z (v1 K)))) K B) (x (v27 (z B (z K (B (v22 z (v22 z) z) (v21 B (v17 I S B))) (K B v11 (K (S K) S)))) (v30 B (z B (z K (B (v22 z (v22 z) z) (S v21 (K (v17 I S B)) B)) (K B v11 (K (S K) S)))))) (K (B (v30 z) K) v5 v14 (B (v5 K) (I K)) S (x (B I) S)))
B (z z v24 (S v20) (z (x (z K) (z (v1 K)))) K B) (x (v27 (z B (z K (B (v22 z (v22 z) z) (v21 B (v17 I S B))) (B (K (S K) S)))) (v30 B (z B (z K (B (v22 z (v22 z) z) (S v21 (K (v17 I S B)) B)) (K B v11 (K (S K) S)))))) (K (B (v30 z) K) v5 v14 (B (v5 K) (I K)) S (x (B I) S)))
B (z z v24 (S v20) (z (x (z K) (z (v1 K)))) K B) (x (v27 (z B (z K (B (v22 z (v22 z) z) (v21 B (v17 I S B))) (B (S K)))) (v30 B (z B (z K (B (v22 z (v22 z) z) (S v21 (K (v17 I S B)) B)) (K B v11 (K (S K) S)))))) (K (B (v30 z) K) v5 v14 (B (v5 K) (I K)) S (x (B I) S)))
B (z z v24 (S v20) (z (x (z K) (z (v1 K)))) K B) (x (v27 (z B (z K (B (v22 z (v22 z) z) (v21 B (v17 I S B))) (B (S K)))) (v30 B (z B (z K (B (v22 z (v22 z) z) (v21 B (K (v17 I S B) B))) (K B v11 (K (S K) S)))))) (K (B (v30 z) K) v5 v14 (B (v5 K) (I K)) S (x (B I) S)))
B (z z v24 (S v20) (z (x (z K) (z (v1 K)))) K B) (x (v27 (z B (z K (B (v22 z (v22 z) z) (v21 B (v17 I S B))) (B (S K)))) (v30 B (z B (z K (B (v22 z (v22 z) z) (v21 B (v17 I S B))) (K B v11 (K (S K) S)))))) (K (B (v30 z) K) v5 v14 (B (v5 K) (I K)) S (x (B I) S)))
B (z z v24 (S v20) (z (x (z K) (z (v1 K)))) K B) (x (v27 (z B (z K (B (v22 z (v22 z) z) (v21 B (v17 I S B))) (B (S K)))) (v30 B (z B (z K (B (v22 z (v22 z) z) (v21 B (v17 I S B))) (B (K (S K) S)))))) (K (B (v30 z) K) v5 v14 (B (v5 K) (I K)) S (x (B I) S)))
B (z z v24 (S v20) (z (x (z K) (z (v1 K)))) K B) (x (v27 (z B (z K (B (v22 z (v22 z) z) (v21 B (v17 I S B))) (B (S K)))) (v30 B (z B (z K (B (v22 z (v22 z) z) (v21 B (v17 I S B))) (B (S K)))))) (K (B (v30 z) K) v5 v14 (B (v5 K) (I K)) S (x (B I) S)))
B (z z v24 (S v20) (z (x (z K) (z (v1 K)))) K B) (x (v27 (z B (z K (B (v22 z (v22 z) z) (v21 B (v17 I S B))) (B (S K)))) (v30 B (z B (z K (B (v22 z (v22 z) z) (v21 B (v17 I S B))) (B (S K)))))) (B (v30 z) K v14 (B (v5 K) (I K)) S (x (B I) S)))
B (z z v24 (S v20) (z (x (z K) (z (v1 K)))) K B) (x (v27 (z B (z K (B (v22 z (v22 z) z) (v21 B (v17 I S B))) (B (S K)))) (v30 B (z B (z K (B (v22 z (v22 z) z) (v21 B (v17 I S B))) (B (S K)))))) (v30 z (K v14) (B (v5 K) (I K)) S (x (B I) S)))
B (z z v24 (S v20) (z (x (z K) (z (v1 K)))) K B) (x (v27 (z B (z K (B (v22 z (v22 z) z) (v21 B (v17 I S B))) (B (S K)))) (v30 B (z B (z K (B (v22 z (v22 z) z) (v21 B (v17 I S B))) (B (S K)))))) (v30 z (K v14) (B (v5 K) K) S (x (B I) S)))
S (S (K (v29 (z (K B) (z I)))) B (x B))
S (K (v29 (z (K B) (z I))) (x B) (B (x B)))
S (v29 (z (K B) (z I)) (B (x B)))
z
B
S
v15 I (v18 (K (v26 x (I (v5 x K x) v12 x)) I (K B))) (I (S z v5 (z (B x)) S (I (x (S z (x v18)))) B) (I I (K v11) K))
v15 I (v18 (v26 x (I (v5 x K x) v12 x) (K B))) (I (S z v5 (z (B x)) S (I (x (S z (x v18)))) B) (I I (K v11) K))
v15 I (v18 (v26 x (v5 x K x v12 x) (K B))) (I (S z v5 (z (B x)) S (I (x (S z (x v18)))) B) (I I (K v11) K))
v15 I (v18 (v26 x (v5 x K x v12 x) (K B))) (S z v5 (z (B x)) S (I (x (S z (x v18)))) B (I I (K v11) K))
v15 I (v18 (v26 x (v5 x K x v12 x) (K B))) (z (z (B x)) (v5 (z (B x))) S (I (x (S z (x v18)))) B (I I (K v11) K))
v15 I (v18 (v26 x (v5 x K x v12 x) (K B))) (z (z (B x)) (v5 (z (B x))) S (x (S z (x v18))) B (I I (K v11) K))
v15 I (v18 (v26 x (v5 x K x v12 x) (K B))) (z (z (B x)) (v5 (z (B x))) S (x (S z (x v18))) B (I (K v11) K))
v15 I (v18 (v26 x (v5 x K x v12 x) (K B))) (z (z (B x)) (v5 (z (B x))) S (x (S z (x v18))) B (K v11 K))
v15 I (v18 (v26 x (v5 x K x v12 x) (K B))) (z (z (B x)) (v5 (z (B x))) S (x (S z (x v18))) B v11)
S
K v28 (B (B B S S)) S (I (x z (S (B S) B K) (v3 x) (x z) (S K v28 (v18 (x (I S z))) v6) z)) (S K (x (B (K S B x K) (x (z (x K)) x) (B (I (B S v10 B)))) (x (x S))))
v28 S (I (x z (S (B S) B K) (v3 x) (x z) (S K v28 (v18 (x (I S z))) v6) z)) (S K (x (B (K S B x K) (x (z (x K)) x) (B (I (B S v10 B)))) (x (x S))))
v28 S (x z (S (B S) B K) (v3 x) (x z) (S K v28 (v18 (x (I S z))) v6) z) (S K (x (B (K S B x K) (x (z (x K)) x) (B (I (B S v10 B)))) (x (x S))))
v28 S (x z (B S K (B K)) (v3 x) (x z) (S K v28 (v18 (x (I S z))) v6) z) (S K (x (B (K S B x K) (x (z (x K)) x) (B (I (B S v10 B)))) (x (x S))))
v28 S (x z (S (K (B K))) (v3 x) (x z) (S K v28 (v18 (x (I S z))) v6) z) (S K (x (B (K S B x K) (x (z (x K)) x) (B (I (B S v10 B)))) (x (x S))))
v28 S (x z (S (K (B K))) (v3 x) (x z) (K (v18 (x (I S z))) (v28 (v18 (x (I S z)))) v6) z) (S K (x (B (K S B x K) (x (z (x K)) x) (B (I (B S v10 B)))) (x (x S))))
v28 S (x z (S (K (B K))) (v3 x) (x z) (v18 (x (I S z)) v6) z) (S K (x (B (K S B x K) (x (z (x K)) x) (B (I (B S v10 B)))) (x (x S))))
v28 S (x z (S (K (B K))) (v3 x) (x z) (v18 (x (S z)) v6) z) (S K (x (B (K S B x K) (x (z (x K)) x) (B (I (B S v10 B)))) (x (x S))))
v28 S (x z (S (K (B K))) (v3 x) (x z) (v18 (x (S z)) v6) z) (S K (x (K S B x K (x (z (x K)) x (B (I (B S v10 B))))) (x (x S))))
v28 S (x z (S (K (B K))) (v3 x) (x z) (v18 (x (S z)) v6) z) (S K (x (S x K (x (z (x K)) x (B (I (B S v10 B))))) (x (x S))))
v28 S (x z (S (K (B K))) (v3 x) (x z) (v18 (x (S z)) v6) z) (S K (x (x (x (z (x K)) x (B (I (B S v10 B)))) (K (x (z (x K)) x (B (I (B S v10 B)))))) (x (x S))))
v28 S (x z (S (K (B K))) (v3 x) (x z) (v18 (x (S z)) v6) z) (S K (x (x (x (z (x K)) x (B (B S v10 B))) (K (x (z (x K)) x (B (I (B S v10 B)))))) (x (x S))))
v28 S (x z (S (K (B K))) (v3 x) (x z) (v18 (x (S z)) v6) z) (S K (x (x (x (z (x K)) x (B (S (v10 B)))) (K (x (z (x K)) x (B (I (B S v10 B)))))) (x (x S))))
v28 S (x z (S (K (B K))) (v3 x) (x z) (v18 (x (S z)) v6) z) (S K (x (x (x (z (x K)) x (B (S (v10 B)))) (K (x (z (x K)) x (B (B S v10 B))))) (x (x S))))
v28 S (x z (S (K (B K))) (v3 x) (x z) (v18 (x (S z)) v6) z) (S K (x (x (x (z (x K)) x (B (S (v10 B)))) (K (x (z (x K)) x (B (S (v10 B)))))) (x (x S))))
