z (I v24) (B K x (I (B (z I))))
z v24 (B K x (I (B (z I))))
z v24 (K (x (I (B (z I)))))
z v24 (K (x (B (z I))))
z (S (I z v23 (I (K z (v30 (K S)) (B z) x) (S z (v20 (B (v0 I)))) z))) K (B K I)
z (S (z v23 (I (K z (v30 (K S)) (B z) x) (S z (v20 (B (v0 I)))) z))) K (B K I)
z (S (z v23 (K z (v30 (K S)) (B z) x (S z (v20 (B (v0 I)))) z))) K (B K I)
z (S (z v23 (z (B z) x (S z (v20 (B (v0 I)))) z))) K (B K I)
B (x I x) B (S (v8 B S z)) (K B (B (x S)) (K (I (I S v5 (v8 (x (x v27)))))) z x) (B (K K) I) (I S S x)
x I x (B (S (v8 B S z))) (K B (B (x S)) (K (I (I S v5 (v8 (x (x v27)))))) z x) (B (K K) I) (I S S x)
x I x (B (S (v8 B S z))) (B (K (I (I S v5 (v8 (x (x v27)))))) z x) (B (K K) I) (I S S x)
x I x (B (S (v8 B S z))) (K (I (I S v5 (v8 (x (x v27))))) (z x)) (B (K K) I) (I S S x)
x I x (B (S (v8 B S z))) (I (I S v5 (v8 (x (x v27))))) (B (K K) I) (I S S x)
x I x (B (S (v8 B S z))) (I S v5 (v8 (x (x v27)))) (B (K K) I) (I S S x)
x I x (B (S (v8 B S z))) (S v5 (v8 (x (x v27)))) (B (K K) I) (I S S x)
x I x (B (S (v8 B S z))) (S v5 (v8 (x (x v27)))) (B (K K) I) (S S x)
z
K (x B x) (S (z (B B)) K (v1 (z v29)) B B) I
x B x I
x (B K) (K B (I K (v2 (x (z v21 (S (I I K K S (v22 x))))) (v15 (I S K B)) (v23 (K S) I (I B))))) K
x (B K) B K
S (I S (v5 I) I v17) K (S z) (B (z (K B) K) (I S (z S K S) (I K I) (S (B (S (S B (z I)))))) B)
I S (v5 I) I v17 (S z) (K (S z)) (B (z (K B) K) (I S (z S K S) (I K I) (S (B (S (S B (z I)))))) B)
S (v5 I) I v17 (S z) (K (S z)) (B (z (K B) K) (I S (z S K S) (I K I) (S (B (S (S B (z I)))))) B)
v5 I v17 (I v17) (S z) (K (S z)) (B (z (K B) K) (I S (z S K S) (I K I) (S (B (S (S B (z I)))))) B)
v5 I v17 v17 (S z) (K (S z)) (B (z (K B) K) (I S (z S K S) (I K I) (S (B (S (S B (z I)))))) B)
v5 I v17 v17 (S z) (K (S z)) (z (K B) K (I S (z S K S) (I K I) (S (B (S (S B (z I))))) B))
v5 I v17 v17 (S z) (K (S z)) (z (K B) K (S (z S K S) (I K I) (S (B (S (S B (z I))))) B))
v5 I v17 v17 (S z) (K (S z)) (z (K B) K (z S K S (S (B (S (S B (z I))))) (I K I (S (B (S (S B (z I)))))) B))
v5 I v17 v17 (S z) (K (S z)) (z (K B) K (z S K S (S (B (S (S B (z I))))) (K I (S (B (S (S B (z I)))))) B))
v5 I v17 v17 (S z) (K (S z)) (z (K B) K (z S K S (S (B (S (S B (z I))))) I B))
x (I (K v17 z (v18 (S (B B v0 (I I)) v26 (I v23))))) (x I z x) (v0 (I S K (I (K v13 (v8 B) (z B))) (K K) B))
x (K v17 z (v18 (S (B B v0 (I I)) v26 (I v23)))) (x I z x) (v0 (I S K (I (K v13 (v8 B) (z B))) (K K) B))
x (v17 (v18 (S (B B v0 (I I)) v26 (I v23)))) (x I z x) (v0 (I S K (I (K v13 (v8 B) (z B))) (K K) B))
x (v17 (v18 (B B v0 (I I) (I v23) (v26 (I v23))))) (x I z x) (v0 (I S K (I (K v13 (v8 B) (z B))) (K K) B))
x (v17 (v18 (B (v0 (I I)) (I v23) (v26 (I v23))))) (x I z x) (v0 (I S K (I (K v13 (v8 B) (z B))) (K K) B))
x (v17 (v18 (v0 (I I) (I v23 (v26 (I v23)))))) (x I z x) (v0 (I S K (I (K v13 (v8 B) (z B))) (K K) B))
x (v17 (v18 (v0 I (I v23 (v26 (I v23)))))) (x I z x) (v0 (I S K (I (K v13 (v8 B) (z B))) (K K) B))
x (v17 (v18 (v0 I (v23 (v26 (I v23)))))) (x I z x) (v0 (I S K (I (K v13 (v8 B) (z B))) (K K) B))
x (v17 (v18 (v0 I (v23 (v26 v23))))) (x I z x) (v0 (I S K (I (K v13 (v8 B) (z B))) (K K) B))
x (v17 (v18 (v0 I (v23 (v26 v23))))) (x I z x) (v0 (S K (I (K v13 (v8 B) (z B))) (K K) B))
x (v17 (v18 (v0 I (v23 (v26 v23))))) (x I z x) (v0 (K (K K) (I (K v13 (v8 B) (z B)) (K K)) B))
x (v17 (v18 (v0 I (v23 (v26 v23))))) (x I z x) (v0 (K K B))
x (v17 (v18 (v0 I (v23 (v26 v23))))) (x I z x) (v0 K)
K v1 B (v28 I (B v28 (z K)) x) z (v19 v13) K S
v1 (v28 I (B v28 (z K)) x) z (v19 v13) K S
K (v18 x) v8 S (B (S (S (B x)) (z (B v28 x (z (I (K x S)) (I B)) I))) v18)
v18 x S (B (S (S (B x)) (z (B v28 x (z (I (K x S)) (I B)) I))) v18)
v18 x S (B (S (S (B x)) (z (v28 (x (z (I (K x S)) (I B))) I))) v18)
v18 x S (B (S (S (B x)) (z (v28 (x (z (K x S) (I B))) I))) v18)
v18 x S (B (S (S (B x)) (z (v28 (x (z x (I B))) I))) v18)
v18 x S (B (S (S (B x)) (z (v28 (x (z x B)) I))) v18)
