x (z v16 (B v8)) z (K (z B) (v22 (x (z x) (I z v5 (B z (B z))))) (v17 v22 K (x x (S (K K) (v12 (K v20)))))) I (z (v17 x) I S)
x (z v16 (B v8)) z (z B (v17 v22 K (x x (S (K K) (v12 (K v20)))))) I (z (v17 x) I S)
K (v12 (S I) (K K (B B (B (B I) (v21 B))) (x K x)) (K v1 x) (v3 K (K v28) (K (v28 x) (B z (z K (S v24) S v5 (v17 (B (S (x B I S)))))) I)))
K (v12 (S I) (K (x K x)) (K v1 x) (v3 K (K v28) (K (v28 x) (B z (z K (S v24) S v5 (v17 (B (S (x B I S)))))) I)))
K (v12 (S I) (K (x K x)) v1 (v3 K (K v28) (K (v28 x) (B z (z K (S v24) S v5 (v17 (B (S (x B I S)))))) I)))
K (v12 (S I) (K (x K x)) v1 (v3 K (K v28) (v28 x I)))
z x v14 (I (B B (S K)) (I K z (x B (K v2 K)))) z (z (z v16) K)
z x v14 (B B (S K) (I K z (x B (K v2 K)))) z (z (z v16) K)
z x v14 (B (S K (I K z (x B (K v2 K))))) z (z (z v16) K)
z x v14 (B (S K (K z (x B (K v2 K))))) z (z (z v16) K)
z x v14 (B (S K z)) z (z (z v16) K)
B (S z) S
S (z S z v25 K (K (I S x I) (z (z S K) I) B v15))
S (z S z v25 K (I S x I B v15))
S (z S z v25 K (S x I B v15))
S (z S z v25 K (x B (I B) v15))
S (z S z v25 K (x B B v15))
v17 S (K z) z (v6 K)
B
K B (x K B S I) K (v12 I) (B z (S (K K x) x (K (z (z (v26 x (K B) S))))) S (z x))
B K (v12 I) (B z (S (K K x) x (K (z (z (v26 x (K B) S))))) S (z x))
K (v12 I (B z (S (K K x) x (K (z (z (v26 x (K B) S))))) S (z x)))
K (v12 I (z (S (K K x) x (K (z (z (v26 x (K B) S)))) S) (z x)))
K (v12 I (z (K K x (K (z (z (v26 x (K B) S)))) (x (K (z (z (v26 x (K B) S))))) S) (z x)))
K (v12 I (z (K (K (z (z (v26 x (K B) S)))) (x (K (z (z (v26 x (K B) S))))) S) (z x)))
K (v12 I (z (K (z (z (v26 x (K B) S))) S) (z x)))
K (v12 I (z (z (z (v26 x (K B) S))) (z x)))
I (v11 K S (z x S) K) (x x z) S v5 (S z x (I x) (x (I (K (K v30)) (S I B))) (B (z I) (S v9 S (z (z B))) (x z)) v1)
v11 K S (z x S) K (x x z) S v5 (S z x (I x) (x (I (K (K v30)) (S I B))) (B (z I) (S v9 S (z (z B))) (x z)) v1)
v11 K S (z x S) K (x x z) S v5 (z (I x) (x (I x)) (x (I (K (K v30)) (S I B))) (B (z I) (S v9 S (z (z B))) (x z)) v1)
v11 K S (z x S) K (x x z) S v5 (z x (x (I x)) (x (I (K (K v30)) (S I B))) (B (z I) (S v9 S (z (z B))) (x z)) v1)
v11 K S (z x S) K (x x z) S v5 (z x (x x) (x (I (K (K v30)) (S I B))) (B (z I) (S v9 S (z (z B))) (x z)) v1)
v11 K S (z x S) K (x x z) S v5 (z x (x x) (x (K (K v30) (S I B))) (B (z I) (S v9 S (z (z B))) (x z)) v1)
v11 K S (z x S) K (x x z) S v5 (z x (x x) (x (K v30)) (B (z I) (S v9 S (z (z B))) (x z)) v1)
v11 K S (z x S) K (x x z) S v5 (z x (x x) (x (K v30)) (z I (S v9 S (z (z B)) (x z))) v1)
v11 K S (z x S) K (x x z) S v5 (z x (x x) (x (K v30)) (z I (v9 (z (z B)) (S (z (z B))) (x z))) v1)
I I (v5 (I S B (z (B (v11 B)) (B (B B z K) B)))) x K (K v0 (K B B) (K z K v3 (I I (S z S (S K))))) (S x (K (K (v0 (K (v18 v8) (B (v9 x))) (z (z v14) (I x))) x)))
I (v5 (I S B (z (B (v11 B)) (B (B B z K) B)))) x K (K v0 (K B B) (K z K v3 (I I (S z S (S K))))) (S x (K (K (v0 (K (v18 v8) (B (v9 x))) (z (z v14) (I x))) x)))
v5 (I S B (z (B (v11 B)) (B (B B z K) B))) x K (K v0 (K B B) (K z K v3 (I I (S z S (S K))))) (S x (K (K (v0 (K (v18 v8) (B (v9 x))) (z (z v14) (I x))) x)))
v5 (S B (z (B (v11 B)) (B (B B z K) B))) x K (K v0 (K B B) (K z K v3 (I I (S z S (S K))))) (S x (K (K (v0 (K (v18 v8) (B (v9 x))) (z (z v14) (I x))) x)))
v5 (S B (z (B (v11 B)) (B (B (z K)) B))) x K (K v0 (K B B) (K z K v3 (I I (S z S (S K))))) (S x (K (K (v0 (K (v18 v8) (B (v9 x))) (z (z v14) (I x))) x)))
v5 (S B (z (B (v11 B)) (B (B (z K)) B))) x K (v0 (K z K v3 (I I (S z S (S K))))) (S x (K (K (v0 (K (v18 v8) (B (v9 x))) (z (z v14) (I x))) x)))
v5 (S B (z (B (v11 B)) (B (B (z K)) B))) x K (v0 (z v3 (I I (S z S (S K))))) (S x (K (K (v0 (K (v18 v8) (B (v9 x))) (z (z v14) (I x))) x)))
v5 (S B (z (B (v11 B)) (B (B (z K)) B))) x K (v0 (z v3 (I (S z S (S K))))) (S x (K (K (v0 (K (v18 v8) (B (v9 x))) (z (z v14) (I x))) x)))
v5 (S B (z (B (v11 B)) (B (B (z K)) B))) x K (v0 (z v3 (S z S (S K)))) (S x (K (K (v0 (K (v18 v8) (B (v9 x))) (z (z v14) (I x))) x)))
v5 (S B (z (B (v11 B)) (B (B (z K)) B))) x K (v0 (z v3 (z (S K) (S (S K))))) (S x (K (K (v0 (K (v18 v8) (B (v9 x))) (z (z v14) (I x))) x)))
v5 (S B (z (B (v11 B)) (B (B (z K)) B))) x K (v0 (z v3 (z (S K) (S (S K))))) (S x (K (v0 (K (v18 v8) (B (v9 x))) (z (z v14) (I x)))))
v5 (S B (z (B (v11 B)) (B (B (z K)) B))) x K (v0 (z v3 (z (S K) (S (S K))))) (S x (K (v0 (v18 v8) (z (z v14) (I x)))))
v5 (S B (z (B (v11 B)) (B (B (z K)) B))) x K (v0 (z v3 (z (S K) (S (S K))))) (S x (K (v0 (v18 v8) (z (z v14) x))))
