K (z B) (v0 B) (z (S K)) (I z z (I (z B (x v18) (x z) x) B) (I B) (S S (I v0 x I) (x (z S x)) (x (v28 B))) (v4 (z (v18 K (K z)))))
z B (z (S K)) (I z z (I (z B (x v18) (x z) x) B) (I B) (S S (I v0 x I) (x (z S x)) (x (v28 B))) (v4 (z (v18 K (K z)))))
z B (z (S K)) (z z (I (z B (x v18) (x z) x) B) (I B) (S S (I v0 x I) (x (z S x)) (x (v28 B))) (v4 (z (v18 K (K z)))))
z B (z (S K)) (z z (z B (x v18) (x z) x B) (I B) (S S (I v0 x I) (x (z S x)) (x (v28 B))) (v4 (z (v18 K (K z)))))
z B (z (S K)) (z z (z B (x v18) (x z) x B) B (S S (I v0 x I) (x (z S x)) (x (v28 B))) (v4 (z (v18 K (K z)))))
z B (z (S K)) (z z (z B (x v18) (x z) x B) B (S (x (z S x)) (I v0 x I (x (z S x))) (x (v28 B))) (v4 (z (v18 K (K z)))))
z B (z (S K)) (z z (z B (x v18) (x z) x B) B (x (z S x) (x (v28 B)) (I v0 x I (x (z S x)) (x (v28 B)))) (v4 (z (v18 K (K z)))))
z B (z (S K)) (z z (z B (x v18) (x z) x B) B (x (z S x) (x (v28 B)) (v0 x I (x (z S x)) (x (v28 B)))) (v4 (z (v18 K (K z)))))
I (v0 (z z) z) x S (S (I x B z K) K) S (z x (S (z v5 (K S))) K) (B (v22 z B (z (x (K B x x (z (K B K))) (S v22 v29 z))) I))
v0 (z z) z x S (S (I x B z K) K) S (z x (S (z v5 (K S))) K) (B (v22 z B (z (x (K B x x (z (K B K))) (S v22 v29 z))) I))
v0 (z z) z x S (S (x B z K) K) S (z x (S (z v5 (K S))) K) (B (v22 z B (z (x (K B x x (z (K B K))) (S v22 v29 z))) I))
v0 (z z) z x S (S (x B z K) K) S (z x (S (z v5 (K S))) K) (B (v22 z B (z (x (B x (z (K B K))) (S v22 v29 z))) I))
v0 (z z) z x S (S (x B z K) K) S (z x (S (z v5 (K S))) K) (B (v22 z B (z (x (B x (z B)) (S v22 v29 z))) I))
v0 (z z) z x S (S (x B z K) K) S (z x (S (z v5 (K S))) K) (B (v22 z B (z (x (B x (z B)) (v22 z (v29 z)))) I))
x (z v4 B) S (v18 (I (v27 z) v28)) (v28 (x (I I K)) v7 (x v22 B) I (I (K v15 (B v0))) (S (K v10 (B (x x))) (z (z z B))) I K S) (I I (x B (B I x z v18)) (B x K (K z)))
x (z v4 B) S (v18 (v27 z v28)) (v28 (x (I I K)) v7 (x v22 B) I (I (K v15 (B v0))) (S (K v10 (B (x x))) (z (z z B))) I K S) (I I (x B (B I x z v18)) (B x K (K z)))
x (z v4 B) S (v18 (v27 z v28)) (v28 (x (I K)) v7 (x v22 B) I (I (K v15 (B v0))) (S (K v10 (B (x x))) (z (z z B))) I K S) (I I (x B (B I x z v18)) (B x K (K z)))
x (z v4 B) S (v18 (v27 z v28)) (v28 (x K) v7 (x v22 B) I (I (K v15 (B v0))) (S (K v10 (B (x x))) (z (z z B))) I K S) (I I (x B (B I x z v18)) (B x K (K z)))
x (z v4 B) S (v18 (v27 z v28)) (v28 (x K) v7 (x v22 B) I (K v15 (B v0)) (S (K v10 (B (x x))) (z (z z B))) I K S) (I I (x B (B I x z v18)) (B x K (K z)))
x (z v4 B) S (v18 (v27 z v28)) (v28 (x K) v7 (x v22 B) I v15 (S (K v10 (B (x x))) (z (z z B))) I K S) (I I (x B (B I x z v18)) (B x K (K z)))
x (z v4 B) S (v18 (v27 z v28)) (v28 (x K) v7 (x v22 B) I v15 (S v10 (z (z z B))) I K S) (I I (x B (B I x z v18)) (B x K (K z)))
x (z v4 B) S (v18 (v27 z v28)) (v28 (x K) v7 (x v22 B) I v15 (S v10 (z (z z B))) I K S) (I (x B (B I x z v18)) (B x K (K z)))
x (z v4 B) S (v18 (v27 z v28)) (v28 (x K) v7 (x v22 B) I v15 (S v10 (z (z z B))) I K S) (x B (B I x z v18) (B x K (K z)))
x (z v4 B) S (v18 (v27 z v28)) (v28 (x K) v7 (x v22 B) I v15 (S v10 (z (z z B))) I K S) (x B (I (x z) v18) (B x K (K z)))
x (z v4 B) S (v18 (v27 z v28)) (v28 (x K) v7 (x v22 B) I v15 (S v10 (z (z z B))) I K S) (x B (x z v18) (B x K (K z)))
x (z v4 B) S (v18 (v27 z v28)) (v28 (x K) v7 (x v22 B) I v15 (S v10 (z (z z B))) I K S) (x B (x z v18) (x (K (K z))))
x v7 (I B) B (S K x (I (K z (z S x z) (z z) (K (x z)) (B K) z S))) (B B (S (K (B (I (S I) v13)))) (v18 z) (I (z (K B)) x))
x v7 B B (S K x (I (K z (z S x z) (z z) (K (x z)) (B K) z S))) (B B (S (K (B (I (S I) v13)))) (v18 z) (I (z (K B)) x))
x v7 B B (K (I (K z (z S x z) (z z) (K (x z)) (B K) z S)) (x (I (K z (z S x z) (z z) (K (x z)) (B K) z S)))) (B B (S (K (B (I (S I) v13)))) (v18 z) (I (z (K B)) x))
x v7 B B (I (K z (z S x z) (z z) (K (x z)) (B K) z S)) (B B (S (K (B (I (S I) v13)))) (v18 z) (I (z (K B)) x))
x v7 B B (K z (z S x z) (z z) (K (x z)) (B K) z S) (B B (S (K (B (I (S I) v13)))) (v18 z) (I (z (K B)) x))
x v7 B B (z (z z) (K (x z)) (B K) z S) (B B (S (K (B (I (S I) v13)))) (v18 z) (I (z (K B)) x))
x v7 B B (z (z z) (K (x z)) (B K) z S) (B (S (K (B (I (S I) v13))) (v18 z)) (I (z (K B)) x))
x v7 B B (z (z z) (K (x z)) (B K) z S) (B (S (K (B (S I v13))) (v18 z)) (I (z (K B)) x))
x v7 B B (z (z z) (K (x z)) (B K) z S) (B (S (K (B (S I v13))) (v18 z)) (z (K B) x))
x (x z) (B (S S) (I S)) (v8 (I (B (x (S (I K)))) (x (B I (x I) (z z) (K S) S)) x))
x (x z) (B (S S) S) (v8 (I (B (x (S (I K)))) (x (B I (x I) (z z) (K S) S)) x))
x (x z) (B (S S) S) (v8 (B (x (S (I K))) (x (B I (x I) (z z) (K S) S)) x))
x (x z) (B (S S) S) (v8 (x (S (I K)) (x (B I (x I) (z z) (K S) S) x)))
x (x z) (B (S S) S) (v8 (x (S K) (x (B I (x I) (z z) (K S) S) x)))
x (x z) (B (S S) S) (v8 (x (S K) (x (I (x I (z z)) (K S) S) x)))
x (x z) (B (S S) S) (v8 (x (S K) (x (x I (z z) (K S) S) x)))
z (S x z B (S v1) x) (z (I z (z S K (K z) B (z v3 (B I (z (K z)))) (S (v22 B S z v21))))) (S (z S)) (z (K (x B x)) S (v17 z z v20 (z (B (I K) (B (K (z (S x)) v23 S)))))) I
z (x B (z B) (S v1) x) (z (I z (z S K (K z) B (z v3 (B I (z (K z)))) (S (v22 B S z v21))))) (S (z S)) (z (K (x B x)) S (v17 z z v20 (z (B (I K) (B (K (z (S x)) v23 S)))))) I
z (x B (z B) (S v1) x) (z (z (z S K (K z) B (z v3 (B I (z (K z)))) (S (v22 B S z v21))))) (S (z S)) (z (K (x B x)) S (v17 z z v20 (z (B (I K) (B (K (z (S x)) v23 S)))))) I
z (x B (z B) (S v1) x) (z (z (z S K (K z) B (z v3 (B I (z (K z)))) (S (v22 B S z v21))))) (S (z S)) (z (K (x B x)) S (v17 z z v20 (z (B K (B (K (z (S x)) v23 S)))))) I
z (x B (z B) (S v1) x) (z (z (z S K (K z) B (z v3 (B I (z (K z)))) (S (v22 B S z v21))))) (S (z S)) (z (K (x B x)) S (v17 z z v20 (z (B K (B (z (S x) S)))))) I
I (I (z I) (B (S x) (K (I I B))) (K (S K)) (x (v20 (S I) (x B))) (x x) z)
I (z I) (B (S x) (K (I I B))) (K (S K)) (x (v20 (S I) (x B))) (x x) z
z I (B (S x) (K (I I B))) (K (S K)) (x (v20 (S I) (x B))) (x x) z
z I (B (S x) (K (I B))) (K (S K)) (x (v20 (S I) (x B))) (x x) z
z I (B (S x) (K B)) (K (S K)) (x (v20 (S I) (x B))) (x x) z
x I I (B x S) (K (z z) I x)
x I I (B x S) (z z x)
z (B (z (I K (K x))) S (v10 (z (v22 I (x z)) I (x (x z))))) (K (z (K (x (B (K S x))) v28))) (z (I (z z v21 S K) v13 I (K (B B K)) x v1 (z S) K))
z (z (I K (K x)) (S (v10 (z (v22 I (x z)) I (x (x z)))))) (K (z (K (x (B (K S x))) v28))) (z (I (z z v21 S K) v13 I (K (B B K)) x v1 (z S) K))
z (z (K (K x)) (S (v10 (z (v22 I (x z)) I (x (x z)))))) (K (z (K (x (B (K S x))) v28))) (z (I (z z v21 S K) v13 I (K (B B K)) x v1 (z S) K))
z (z (K (K x)) (S (v10 (z (v22 I (x z)) I (x (x z)))))) (K (z (x (B (K S x))))) (z (I (z z v21 S K) v13 I (K (B B K)) x v1 (z S) K))
z (z (K (K x)) (S (v10 (z (v22 I (x z)) I (x (x z)))))) (K (z (x (B S)))) (z (I (z z v21 S K) v13 I (K (B B K)) x v1 (z S) K))
z (z (K (K x)) (S (v10 (z (v22 I (x z)) I (x (x z)))))) (K (z (x (B S)))) (z (z z v21 S K v13 I (K (B B K)) x v1 (z S) K))
z v28
