I (I (B (B (x x) (I v9 B z))) (I (v18 (K I)) I))
I (B (B (x x) (I v9 B z))) (I (v18 (K I)) I)
B (B (x x) (I v9 B z)) (I (v18 (K I)) I)
B (B (x x) (v9 B z)) (I (v18 (K I)) I)
B (B (x x) (v9 B z)) (v18 (K I) I)
z (B (v6 x) (x (B S) (z (S I) z) (v12 K z I I I) (v2 v9 x))) I S (S (S S S v26 B))
z (B (v6 x) (x (B S) (z (S I) z) (v12 K z I I I) (v2 v9 x))) I S (S (S v26 (S v26) B))
z (B (v6 x) (x (B S) (z (S I) z) (v12 K z I I I) (v2 v9 x))) I S (S (v26 B (S v26 B)))
x (S (K (z (v14 v14)) (v12 I) (S x (S (B I))) I)) B (S K I I (v27 (x z) (B z (S S) K (B (z S)) S)) (z z (x B (B I)) (x (B (v6 z (S z)))) (S v0) B (x B K B) x))
x (S (z (v14 v14) (S x (S (B I))) I)) B (S K I I (v27 (x z) (B z (S S) K (B (z S)) S)) (z z (x B (B I)) (x (B (v6 z (S z)))) (S v0) B (x B K B) x))
x (S (z (v14 v14) (S x (S (B I))) I)) B (K I (I I) (v27 (x z) (B z (S S) K (B (z S)) S)) (z z (x B (B I)) (x (B (v6 z (S z)))) (S v0) B (x B K B) x))
x (S (z (v14 v14) (S x (S (B I))) I)) B (I (v27 (x z) (B z (S S) K (B (z S)) S)) (z z (x B (B I)) (x (B (v6 z (S z)))) (S v0) B (x B K B) x))
x (S (z (v14 v14) (S x (S (B I))) I)) B (v27 (x z) (B z (S S) K (B (z S)) S) (z z (x B (B I)) (x (B (v6 z (S z)))) (S v0) B (x B K B) x))
x (S (z (v14 v14) (S x (S (B I))) I)) B (v27 (x z) (z (S S K) (B (z S)) S) (z z (x B (B I)) (x (B (v6 z (S z)))) (S v0) B (x B K B) x))
x x (B (K (x K (K I (z v17) S)) (v4 x (S v21 I (z (S (z B))) x) (K x v5 I)))) K (I (I (x S)) K v0) (z K (K (S K) v28 (S I)) (I (B (x I) I S) S) B)
x x (B (x K (K I (z v17) S))) K (I (I (x S)) K v0) (z K (K (S K) v28 (S I)) (I (B (x I) I S) S) B)
x x (B (x K (I S))) K (I (I (x S)) K v0) (z K (K (S K) v28 (S I)) (I (B (x I) I S) S) B)
x x (B (x K S)) K (I (I (x S)) K v0) (z K (K (S K) v28 (S I)) (I (B (x I) I S) S) B)
x x (B (x K S)) K (I (x S) K v0) (z K (K (S K) v28 (S I)) (I (B (x I) I S) S) B)
x x (B (x K S)) K (x S K v0) (z K (K (S K) v28 (S I)) (I (B (x I) I S) S) B)
x x (B (x K S)) K (x S K v0) (z K (S K (S I)) (I (B (x I) I S) S) B)
x x (B (x K S)) K (x S K v0) (z K (S K (S I)) (B (x I) I S S) B)
x x (B (x K S)) K (x S K v0) (z K (S K (S I)) (x I (I S) S) B)
x x (B (x K S)) K (x S K v0) (z K (S K (S I)) (x I S S) B)
z v22
I (z I I I (S (K v4 S (I B) (x I) v13) (K z B)) (I (z I) z B (z z) x) (v18 (K (I (z (v22 (K S)) x (I v17)) v8 B))) (I S K))
z I I I (S (K v4 S (I B) (x I) v13) (K z B)) (I (z I) z B (z z) x) (v18 (K (I (z (v22 (K S)) x (I v17)) v8 B))) (I S K)
z I I I (S (v4 (I B) (x I) v13) (K z B)) (I (z I) z B (z z) x) (v18 (K (I (z (v22 (K S)) x (I v17)) v8 B))) (I S K)
z I I I (S (v4 B (x I) v13) (K z B)) (I (z I) z B (z z) x) (v18 (K (I (z (v22 (K S)) x (I v17)) v8 B))) (I S K)
z I I I (S (v4 B (x I) v13) z) (I (z I) z B (z z) x) (v18 (K (I (z (v22 (K S)) x (I v17)) v8 B))) (I S K)
z I I I (S (v4 B (x I) v13) z) (z I z B (z z) x) (v18 (K (I (z (v22 (K S)) x (I v17)) v8 B))) (I S K)
z I I I (S (v4 B (x I) v13) z) (z I z B (z z) x) (v18 (K (z (v22 (K S)) x (I v17) v8 B))) (I S K)
z I I I (S (v4 B (x I) v13) z) (z I z B (z z) x) (v18 (K (z (v22 (K S)) x v17 v8 B))) (I S K)
z I I I (S (v4 B (x I) v13) z) (z I z B (z z) x) (v18 (K (z (v22 (K S)) x v17 v8 B))) (S K)
v10 B (x (S S) v4) (K S (z (I (S B) v2 (z (S x) (v24 (B (v17 (I S))) x S (x S K))) (z (S x (S v2 x) I) (B K) (K B) S))))
v10 B (x (S S) v4) S
I (I (v25 K) (B (B (S (S z)) (x K (I z S v25 z))) (v14 (z (z K)))) (K v5 K) x)
I (v25 K) (B (B (S (S z)) (x K (I z S v25 z))) (v14 (z (z K)))) (K v5 K) x
v25 K (B (B (S (S z)) (x K (I z S v25 z))) (v14 (z (z K)))) (K v5 K) x
v25 K (B (B (S (S z)) (x K (z S v25 z))) (v14 (z (z K)))) (K v5 K) x
v25 K (B (B (S (S z)) (x K (z S v25 z))) (v14 (z (z K)))) v5 x
v16 (x (S K) B)
z I
