z
v25 (K B (z (S (I v0 (x K (B z)))))) (K (v23 S B v12) (z z (z v26)) (z (B z) I) (x (I I) (B (v20 (z B) z v6) (x v23 (K I)) S)) (S (v11 K))) B (S (B z S (I K S (z x)) (x B (z (B (K (S I)))))) (S K I) (K v7 (x (B x))) z (B I))
v25 B (K (v23 S B v12) (z z (z v26)) (z (B z) I) (x (I I) (B (v20 (z B) z v6) (x v23 (K I)) S)) (S (v11 K))) B (S (B z S (I K S (z x)) (x B (z (B (K (S I)))))) (S K I) (K v7 (x (B x))) z (B I))
v25 B (v23 S B v12 (z (B z) I) (x (I I) (B (v20 (z B) z v6) (x v23 (K I)) S)) (S (v11 K))) B (S (B z S (I K S (z x)) (x B (z (B (K (S I)))))) (S K I) (K v7 (x (B x))) z (B I))
v25 B (v23 S B v12 (z (B z) I) (x I (B (v20 (z B) z v6) (x v23 (K I)) S)) (S (v11 K))) B (S (B z S (I K S (z x)) (x B (z (B (K (S I)))))) (S K I) (K v7 (x (B x))) z (B I))
v25 B (v23 S B v12 (z (B z) I) (x I (v20 (z B) z v6 (x v23 (K I) S))) (S (v11 K))) B (S (B z S (I K S (z x)) (x B (z (B (K (S I)))))) (S K I) (K v7 (x (B x))) z (B I))
v25 B (v23 S B v12 (z (B z) I) (x I (v20 (z B) z v6 (x v23 (K I) S))) (S (v11 K))) B (B z S (I K S (z x)) (x B (z (B (K (S I))))) (K v7 (x (B x))) (S K I (K v7 (x (B x)))) z (B I))
v25 B (v23 S B v12 (z (B z) I) (x I (v20 (z B) z v6 (x v23 (K I) S))) (S (v11 K))) B (z (S (I K S (z x))) (x B (z (B (K (S I))))) (K v7 (x (B x))) (S K I (K v7 (x (B x)))) z (B I))
v25 B (v23 S B v12 (z (B z) I) (x I (v20 (z B) z v6 (x v23 (K I) S))) (S (v11 K))) B (z (S (K S (z x))) (x B (z (B (K (S I))))) (K v7 (x (B x))) (S K I (K v7 (x (B x)))) z (B I))
v25 B (v23 S B v12 (z (B z) I) (x I (v20 (z B) z v6 (x v23 (K I) S))) (S (v11 K))) B (z (S S) (x B (z (B (K (S I))))) (K v7 (x (B x))) (S K I (K v7 (x (B x)))) z (B I))
v25 B (v23 S B v12 (z (B z) I) (x I (v20 (z B) z v6 (x v23 (K I) S))) (S (v11 K))) B (z (S S) (x B (z (B (K (S I))))) v7 (S K I (K v7 (x (B x)))) z (B I))
v25 B (v23 S B v12 (z (B z) I) (x I (v20 (z B) z v6 (x v23 (K I) S))) (S (v11 K))) B (z (S S) (x B (z (B (K (S I))))) v7 (K (K v7 (x (B x))) (I (K v7 (x (B x))))) z (B I))
v25 B (v23 S B v12 (z (B z) I) (x I (v20 (z B) z v6 (x v23 (K I) S))) (S (v11 K))) B (z (S S) (x B (z (B (K (S I))))) v7 (K v7 (x (B x))) z (B I))
v25 B (v23 S B v12 (z (B z) I) (x I (v20 (z B) z v6 (x v23 (K I) S))) (S (v11 K))) B (z (S S) (x B (z (B (K (S I))))) v7 v7 z (B I))
x (z (K (z K (x K (z z S (v12 K (B S) B))))) z)
B x B (B (K v19 (I B) (B (I (K v17))) (S (K (z K (v15 K B)) (z (B S)) (S x)))) (S (I B) (S (I I z) x (x (x K) (x v18)) x) (B (x B x) (K (S v10)) (I (x B (z x)) v2)) (x S)))
x (B (B (K v19 (I B) (B (I (K v17))) (S (K (z K (v15 K B)) (z (B S)) (S x)))) (S (I B) (S (I I z) x (x (x K) (x v18)) x) (B (x B x) (K (S v10)) (I (x B (z x)) v2)) (x S))))
x (B (B (v19 (B (I (K v17))) (S (K (z K (v15 K B)) (z (B S)) (S x)))) (S (I B) (S (I I z) x (x (x K) (x v18)) x) (B (x B x) (K (S v10)) (I (x B (z x)) v2)) (x S))))
x (B (B (v19 (B (K v17)) (S (K (z K (v15 K B)) (z (B S)) (S x)))) (S (I B) (S (I I z) x (x (x K) (x v18)) x) (B (x B x) (K (S v10)) (I (x B (z x)) v2)) (x S))))
x (B (B (v19 (B (K v17)) (S (z K (v15 K B) (S x)))) (S (I B) (S (I I z) x (x (x K) (x v18)) x) (B (x B x) (K (S v10)) (I (x B (z x)) v2)) (x S))))
x (B (B (v19 (B (K v17)) (S (z K (v15 K B) (S x)))) (I B (B (x B x) (K (S v10)) (I (x B (z x)) v2)) (S (I I z) x (x (x K) (x v18)) x (B (x B x) (K (S v10)) (I (x B (z x)) v2))) (x S))))
x (B (B (v19 (B (K v17)) (S (z K (v15 K B) (S x)))) (B (B (x B x) (K (S v10)) (I (x B (z x)) v2)) (S (I I z) x (x (x K) (x v18)) x (B (x B x) (K (S v10)) (I (x B (z x)) v2))) (x S))))
x (B (B (v19 (B (K v17)) (S (z K (v15 K B) (S x)))) (B (x B x) (K (S v10)) (I (x B (z x)) v2) (S (I I z) x (x (x K) (x v18)) x (B (x B x) (K (S v10)) (I (x B (z x)) v2)) (x S)))))
x (B (B (v19 (B (K v17)) (S (z K (v15 K B) (S x)))) (x B x (K (S v10) (I (x B (z x)) v2)) (S (I I z) x (x (x K) (x v18)) x (B (x B x) (K (S v10)) (I (x B (z x)) v2)) (x S)))))
x (B (B (v19 (B (K v17)) (S (z K (v15 K B) (S x)))) (x B x (S v10) (S (I I z) x (x (x K) (x v18)) x (B (x B x) (K (S v10)) (I (x B (z x)) v2)) (x S)))))
x (B (B (v19 (B (K v17)) (S (z K (v15 K B) (S x)))) (x B x (S v10) (I I z (x (x K) (x v18)) (x (x (x K) (x v18))) x (B (x B x) (K (S v10)) (I (x B (z x)) v2)) (x S)))))
x (B (B (v19 (B (K v17)) (S (z K (v15 K B) (S x)))) (x B x (S v10) (I z (x (x K) (x v18)) (x (x (x K) (x v18))) x (B (x B x) (K (S v10)) (I (x B (z x)) v2)) (x S)))))
x (B (B (v19 (B (K v17)) (S (z K (v15 K B) (S x)))) (x B x (S v10) (z (x (x K) (x v18)) (x (x (x K) (x v18))) x (B (x B x) (K (S v10)) (I (x B (z x)) v2)) (x S)))))
x (B (B (v19 (B (K v17)) (S (z K (v15 K B) (S x)))) (x B x (S v10) (z (x (x K) (x v18)) (x (x (x K) (x v18))) x (x B x (K (S v10) (I (x B (z x)) v2))) (x S)))))
x (B (B (v19 (B (K v17)) (S (z K (v15 K B) (S x)))) (x B x (S v10) (z (x (x K) (x v18)) (x (x (x K) (x v18))) x (x B x (S v10)) (x S)))))
K (v22 (S v7 I) B (x z B))
v10 (x (B (S I x) (x S x)) K (z (v12 I) I (z x) x)) (x (K (S B) (S (x z)) x)) I I
v10 (x (B (S I x) (x S x)) K (z (v12 I) I (z x) x)) (x (S B x)) I I
K v22
B (K v21 K I) (v15 (K z) (x (z K) (S I)) (v10 (I (B z z)) (x (v13 I) B))) (v25 x x (K B)) (v8 v25 K (v13 (B (x (K B)) (v17 (K I) x)) (z v13 (z (I I) B) (S (K (z (B (x (S S))) S K))))))
K v21 K I (v15 (K z) (x (z K) (S I)) (v10 (I (B z z)) (x (v13 I) B)) (v25 x x (K B))) (v8 v25 K (v13 (B (x (K B)) (v17 (K I) x)) (z v13 (z (I I) B) (S (K (z (B (x (S S))) S K))))))
v21 I (v15 (K z) (x (z K) (S I)) (v10 (I (B z z)) (x (v13 I) B)) (v25 x x (K B))) (v8 v25 K (v13 (B (x (K B)) (v17 (K I) x)) (z v13 (z (I I) B) (S (K (z (B (x (S S))) S K))))))
v21 I (v15 (K z) (x (z K) (S I)) (v10 (B z z) (x (v13 I) B)) (v25 x x (K B))) (v8 v25 K (v13 (B (x (K B)) (v17 (K I) x)) (z v13 (z (I I) B) (S (K (z (B (x (S S))) S K))))))
v21 I (v15 (K z) (x (z K) (S I)) (v10 (B z z) (x (v13 I) B)) (v25 x x (K B))) (v8 v25 K (v13 (B (x (K B)) (v17 (K I) x)) (z v13 (z I B) (S (K (z (B (x (S S))) S K))))))
x
B S (z v6) (B (S I (S (B (B v5 z S) (B I) (x (v0 z) S))))) (S v18 I (x (B S (K x)) K))
S (z v6 (B (S I (S (B (B v5 z S) (B I) (x (v0 z) S)))))) (S v18 I (x (B S (K x)) K))
S (z v6 (B (S I (S (B v5 z S (B I (x (v0 z) S))))))) (S v18 I (x (B S (K x)) K))
S (z v6 (B (S I (S (v5 (z S) (B I (x (v0 z) S))))))) (S v18 I (x (B S (K x)) K))
S (z v6 (B (S I (S (v5 (z S) (B I (x (v0 z) S))))))) (v18 (x (B S (K x)) K) (I (x (B S (K x)) K)))
S (z v6 (B (S I (S (v5 (z S) (B I (x (v0 z) S))))))) (v18 (x (B S (K x)) K) (x (B S (K x)) K))
