I K
K
B K K (B (I (I I)) z K (K (B x S (K v5 (z x) z (I K)))))
K (K (B (I (I I)) z K (K (B x S (K v5 (z x) z (I K))))))
K (K (I (I I) (z K) (K (B x S (K v5 (z x) z (I K))))))
K (K (I I (z K) (K (B x S (K v5 (z x) z (I K))))))
K (K (I (z K) (K (B x S (K v5 (z x) z (I K))))))
K (K (z K (K (B x S (K v5 (z x) z (I K))))))
K (K (z K (K (x (S (K v5 (z x) z (I K)))))))
K (K (z K (K (x (S (v5 z (I K)))))))
K (K (z K (K (x (S (v5 z K))))))
x (K (z (I B (S (K S K)) (I (x I K)))))
x (K (z (B (S (K S K)) (I (x I K)))))
x (K (z (B (S S) (I (x I K)))))
x (K (z (B (S S) (x I K))))
x (I S I (z (v9 I) (K v15) (z z B)) B)
x (S I (z (v9 I) (K v15) (z z B)) B)
x (I B (z (v9 I) (K v15) (z z B) B))
x (B (z (v9 I) (K v15) (z z B) B))
z (K (I (B (K x) z) (K v3 v29 I K) K S (I B)) x) (z B (I (B (S I) z (v2 (S I) (B I) K z v6)) (v9 x K)))
z (I (B (K x) z) (K v3 v29 I K) K S (I B)) (z B (I (B (S I) z (v2 (S I) (B I) K z v6)) (v9 x K)))
z (B (K x) z (K v3 v29 I K) K S (I B)) (z B (I (B (S I) z (v2 (S I) (B I) K z v6)) (v9 x K)))
z (K x (z (K v3 v29 I K)) K S (I B)) (z B (I (B (S I) z (v2 (S I) (B I) K z v6)) (v9 x K)))
z (x K S (I B)) (z B (I (B (S I) z (v2 (S I) (B I) K z v6)) (v9 x K)))
z (x K S B) (z B (I (B (S I) z (v2 (S I) (B I) K z v6)) (v9 x K)))
z (x K S B) (z B (B (S I) z (v2 (S I) (B I) K z v6) (v9 x K)))
z (x K S B) (z B (S I (z (v2 (S I) (B I) K z v6)) (v9 x K)))
z (x K S B) (z B (I (v9 x K) (z (v2 (S I) (B I) K z v6) (v9 x K))))
z (x K S B) (z B (v9 x K (z (v2 (S I) (B I) K z v6) (v9 x K))))
z (z (K (S x) I)) (S v27) (I (I (z B (z z) S)))
z (z (S x)) (S v27) (I (I (z B (z z) S)))
z (z (S x)) (S v27) (I (z B (z z) S))
z (z (S x)) (S v27) (z B (z z) S)
x (z (S x (B B B)) (K v14)) (v27 (v1 v26) x) (v5 S B I x v18) (v13 x S K (B (x x)) z (v12 I x (I v11 (z (B (B v24)) B))) (S (x (z K) K) (v15 (B z)))) v11 (v6 B (v26 z (x S)) I)
x (z (S x (B B B)) (K v14)) (v27 (v1 v26) x) (v5 S B I x v18) (v13 x S K (B (x x)) z (v12 I x (v11 (z (B (B v24)) B))) (S (x (z K) K) (v15 (B z)))) v11 (v6 B (v26 z (x S)) I)
z (K I) (I (B z K (x (I z) (v5 x (x I) K))))
z (K I) (B z K (x (I z) (v5 x (x I) K)))
z (K I) (z (K (x (I z) (v5 x (x I) K))))
z (K I) (z (K (x z (v5 x (x I) K))))
B
I
