v10 K (S x (I B (x (B S) K (S (S (x v13) (S v17 B) K)) (S S I) z (x x))))
v10 K (S x (B (x (B S) K (S (S (x v13) (S v17 B) K)) (S S I) z (x x))))
v10 K (S x (B (x (B S) K (S (x v13 K (S v17 B K))) (S S I) z (x x))))
v10 K (S x (B (x (B S) K (S (x v13 K (v17 K (B K)))) (S S I) z (x x))))
v27
I S I x (v17 (x v17 (K (B (x x)))) B) (S (x (K (B (v20 (S v12)))) K)) (B (K K x v23) v18 v27 (S (v30 (I x) (K v28 (B (S z I x))) (B I))) (x (B (z S K v24 (v23 K)) z)))
S I x (v17 (x v17 (K (B (x x)))) B) (S (x (K (B (v20 (S v12)))) K)) (B (K K x v23) v18 v27 (S (v30 (I x) (K v28 (B (S z I x))) (B I))) (x (B (z S K v24 (v23 K)) z)))
I (v17 (x v17 (K (B (x x)))) B) (x (v17 (x v17 (K (B (x x)))) B)) (S (x (K (B (v20 (S v12)))) K)) (B (K K x v23) v18 v27 (S (v30 (I x) (K v28 (B (S z I x))) (B I))) (x (B (z S K v24 (v23 K)) z)))
v17 (x v17 (K (B (x x)))) B (x (v17 (x v17 (K (B (x x)))) B)) (S (x (K (B (v20 (S v12)))) K)) (B (K K x v23) v18 v27 (S (v30 (I x) (K v28 (B (S z I x))) (B I))) (x (B (z S K v24 (v23 K)) z)))
v17 (x v17 (K (B (x x)))) B (x (v17 (x v17 (K (B (x x)))) B)) (S (x (K (B (v20 (S v12)))) K)) (K K x v23 (v18 v27) (S (v30 (I x) (K v28 (B (S z I x))) (B I))) (x (B (z S K v24 (v23 K)) z)))
v17 (x v17 (K (B (x x)))) B (x (v17 (x v17 (K (B (x x)))) B)) (S (x (K (B (v20 (S v12)))) K)) (K v23 (v18 v27) (S (v30 (I x) (K v28 (B (S z I x))) (B I))) (x (B (z S K v24 (v23 K)) z)))
v17 (x v17 (K (B (x x)))) B (x (v17 (x v17 (K (B (x x)))) B)) (S (x (K (B (v20 (S v12)))) K)) (v23 (S (v30 (I x) (K v28 (B (S z I x))) (B I))) (x (B (z S K v24 (v23 K)) z)))
v17 (x v17 (K (B (x x)))) B (x (v17 (x v17 (K (B (x x)))) B)) (S (x (K (B (v20 (S v12)))) K)) (v23 (S (v30 x (K v28 (B (S z I x))) (B I))) (x (B (z S K v24 (v23 K)) z)))
v17 (x v17 (K (B (x x)))) B (x (v17 (x v17 (K (B (x x)))) B)) (S (x (K (B (v20 (S v12)))) K)) (v23 (S (v30 x v28 (B I))) (x (B (z S K v24 (v23 K)) z)))
v28 (x (K v30)) x
B
K (K v30)
B (K (v10 (B K)) (v23 (v10 B (z (I (x B))) z))) I (z (v6 (x (v6 B (S (I K K)) (x (x S (z I v14))))) (B (x S) (x (x x K) z v30 z) (x B) x)))
K (v10 (B K)) (v23 (v10 B (z (I (x B))) z)) (I (z (v6 (x (v6 B (S (I K K)) (x (x S (z I v14))))) (B (x S) (x (x x K) z v30 z) (x B) x))))
v10 (B K) (I (z (v6 (x (v6 B (S (I K K)) (x (x S (z I v14))))) (B (x S) (x (x x K) z v30 z) (x B) x))))
v10 (B K) (z (v6 (x (v6 B (S (I K K)) (x (x S (z I v14))))) (B (x S) (x (x x K) z v30 z) (x B) x)))
v10 (B K) (z (v6 (x (v6 B (S (K K)) (x (x S (z I v14))))) (B (x S) (x (x x K) z v30 z) (x B) x)))
v10 (B K) (z (v6 (x (v6 B (S (K K)) (x (x S (z I v14))))) (x S (x (x x K) z v30 z (x B)) x)))
B z
B (z I (x (z (v5 K) I) (x (B (I S) z)))) (I x (z z) v29 (I (x S v6) (z (x (I (z S)) (B x v25)) I S) B)) (S v15 (K x I (K I) z) (S B (K K)) x (z (z (S (S v16) I x (B I) (B z)))))
z I (x (z (v5 K) I) (x (B (I S) z))) (I x (z z) v29 (I (x S v6) (z (x (I (z S)) (B x v25)) I S) B) (S v15 (K x I (K I) z) (S B (K K)) x (z (z (S (S v16) I x (B I) (B z))))))
z I (x (z (v5 K) I) (x (B S z))) (I x (z z) v29 (I (x S v6) (z (x (I (z S)) (B x v25)) I S) B) (S v15 (K x I (K I) z) (S B (K K)) x (z (z (S (S v16) I x (B I) (B z))))))
z I (x (z (v5 K) I) (x (B S z))) (x (z z) v29 (I (x S v6) (z (x (I (z S)) (B x v25)) I S) B) (S v15 (K x I (K I) z) (S B (K K)) x (z (z (S (S v16) I x (B I) (B z))))))
z I (x (z (v5 K) I) (x (B S z))) (x (z z) v29 (x S v6 (z (x (I (z S)) (B x v25)) I S) B) (S v15 (K x I (K I) z) (S B (K K)) x (z (z (S (S v16) I x (B I) (B z))))))
z I (x (z (v5 K) I) (x (B S z))) (x (z z) v29 (x S v6 (z (x (z S) (B x v25)) I S) B) (S v15 (K x I (K I) z) (S B (K K)) x (z (z (S (S v16) I x (B I) (B z))))))
z I (x (z (v5 K) I) (x (B S z))) (x (z z) v29 (x S v6 (z (x (z S) (B x v25)) I S) B) (v15 (S B (K K)) (K x I (K I) z (S B (K K))) x (z (z (S (S v16) I x (B I) (B z))))))
z I (x (z (v5 K) I) (x (B S z))) (x (z z) v29 (x S v6 (z (x (z S) (B x v25)) I S) B) (v15 (S B (K K)) (x (K I) z (S B (K K))) x (z (z (S (S v16) I x (B I) (B z))))))
z I (x (z (v5 K) I) (x (B S z))) (x (z z) v29 (x S v6 (z (x (z S) (B x v25)) I S) B) (v15 (S B (K K)) (x (K I) z (S B (K K))) x (z (z (S v16 x (I x) (B I) (B z))))))
z I (x (z (v5 K) I) (x (B S z))) (x (z z) v29 (x S v6 (z (x (z S) (B x v25)) I S) B) (v15 (S B (K K)) (x (K I) z (S B (K K))) x (z (z (v16 (I x) (x (I x)) (B I) (B z))))))
z I (x (z (v5 K) I) (x (B S z))) (x (z z) v29 (x S v6 (z (x (z S) (B x v25)) I S) B) (v15 (S B (K K)) (x (K I) z (S B (K K))) x (z (z (v16 x (x (I x)) (B I) (B z))))))
z I (x (z (v5 K) I) (x (B S z))) (x (z z) v29 (x S v6 (z (x (z S) (B x v25)) I S) B) (v15 (S B (K K)) (x (K I) z (S B (K K))) x (z (z (v16 x (x x) (B I) (B z))))))
S v10 (v14 x (x (B S)) I) x (K K B) v22 (z (I (z x I B (S I K)) (S (x S (K K (B (S z))) I (S K)) v15 I) (z (K S (x B) (v25 (B I B S) (x x S))) x))) S (I (B (B x x) (B (z (S x) (v12 (x (B z v25 S)) B) x)) z))
v10 x (v14 x (x (B S)) I x) (K K B) v22 (z (I (z x I B (S I K)) (S (x S (K K (B (S z))) I (S K)) v15 I) (z (K S (x B) (v25 (B I B S) (x x S))) x))) S (I (B (B x x) (B (z (S x) (v12 (x (B z v25 S)) B) x)) z))
v10 x (v14 x (x (B S)) I x) K v22 (z (I (z x I B (S I K)) (S (x S (K K (B (S z))) I (S K)) v15 I) (z (K S (x B) (v25 (B I B S) (x x S))) x))) S (I (B (B x x) (B (z (S x) (v12 (x (B z v25 S)) B) x)) z))
v10 x (v14 x (x (B S)) I x) K v22 (z (z x I B (S I K) (S (x S (K K (B (S z))) I (S K)) v15 I) (z (K S (x B) (v25 (B I B S) (x x S))) x))) S (I (B (B x x) (B (z (S x) (v12 (x (B z v25 S)) B) x)) z))
v10 x (v14 x (x (B S)) I x) K v22 (z (z x I B (S I K) (x S (K K (B (S z))) I (S K) I (v15 I)) (z (K S (x B) (v25 (B I B S) (x x S))) x))) S (I (B (B x x) (B (z (S x) (v12 (x (B z v25 S)) B) x)) z))
v10 x (v14 x (x (B S)) I x) K v22 (z (z x I B (S I K) (x S K I (S K) I (v15 I)) (z (K S (x B) (v25 (B I B S) (x x S))) x))) S (I (B (B x x) (B (z (S x) (v12 (x (B z v25 S)) B) x)) z))
v10 x (v14 x (x (B S)) I x) K v22 (z (z x I B (S I K) (x S K I (S K) I (v15 I)) (z (S (v25 (B I B S) (x x S))) x))) S (I (B (B x x) (B (z (S x) (v12 (x (B z v25 S)) B) x)) z))
v10 x (v14 x (x (B S)) I x) K v22 (z (z x I B (S I K) (x S K I (S K) I (v15 I)) (z (S (v25 (I (B S)) (x x S))) x))) S (I (B (B x x) (B (z (S x) (v12 (x (B z v25 S)) B) x)) z))
v10 x (v14 x (x (B S)) I x) K v22 (z (z x I B (S I K) (x S K I (S K) I (v15 I)) (z (S (v25 (B S) (x x S))) x))) S (I (B (B x x) (B (z (S x) (v12 (x (B z v25 S)) B) x)) z))
v10 x (v14 x (x (B S)) I x) K v22 (z (z x I B (S I K) (x S K I (S K) I (v15 I)) (z (S (v25 (B S) (x x S))) x))) S (B (B x x) (B (z (S x) (v12 (x (B z v25 S)) B) x)) z)
v10 x (v14 x (x (B S)) I x) K v22 (z (z x I B (S I K) (x S K I (S K) I (v15 I)) (z (S (v25 (B S) (x x S))) x))) S (B x x (B (z (S x) (v12 (x (B z v25 S)) B) x) z))
v10 x (v14 x (x (B S)) I x) K v22 (z (z x I B (S I K) (x S K I (S K) I (v15 I)) (z (S (v25 (B S) (x x S))) x))) S (x (x (B (z (S x) (v12 (x (B z v25 S)) B) x) z)))
v10 x (v14 x (x (B S)) I x) K v22 (z (z x I B (S I K) (x S K I (S K) I (v15 I)) (z (S (v25 (B S) (x x S))) x))) S (x (x (B (z (S x) (v12 (x (z (v25 S))) B) x) z)))
