x (K (K (x (z v18)) I x (K (v6 z (x z (x x)))) (K I (v16 (z z z) (B z)) (I S (I S K)) I))) I
x (K (x (z v18) x (K (v6 z (x z (x x)))) (K I (v16 (z z z) (B z)) (I S (I S K)) I))) I
x (K (x (z v18) x (K (v6 z (x z (x x)))) (I (I S (I S K)) I))) I
x (K (x (z v18) x (K (v6 z (x z (x x)))) (I S (I S K) I))) I
x (K (x (z v18) x (K (v6 z (x z (x x)))) (S (I S K) I))) I
x (K (x (z v18) x (K (v6 z (x z (x x)))) (S (S K) I))) I
S (z K (B (S v0)) v28)
B (S (z (S (v11 B) x))) I (B B (x v3)) (x (S I (z S I (S z I x z)) (I K B x) (x (I I (I z) (z (I v1 v15))) (S z S)) (B (v25 x) (v27 B) (S (B B z) S (S (x B (K I)) (x B)) K) (x (I S)) z)))
S (z (S (v11 B) x)) (I (B B (x v3))) (x (S I (z S I (S z I x z)) (I K B x) (x (I I (I z) (z (I v1 v15))) (S z S)) (B (v25 x) (v27 B) (S (B B z) S (S (x B (K I)) (x B)) K) (x (I S)) z)))
z (S (v11 B) x) (x (S I (z S I (S z I x z)) (I K B x) (x (I I (I z) (z (I v1 v15))) (S z S)) (B (v25 x) (v27 B) (S (B B z) S (S (x B (K I)) (x B)) K) (x (I S)) z))) (I (B B (x v3)) (x (S I (z S I (S z I x z)) (I K B x) (x (I I (I z) (z (I v1 v15))) (S z S)) (B (v25 x) (v27 B) (S (B B z) S (S (x B (K I)) (x B)) K) (x (I S)) z))))
z (S (v11 B) x) (x (I (I K B x) (z S I (S z I x z) (I K B x)) (x (I I (I z) (z (I v1 v15))) (S z S)) (B (v25 x) (v27 B) (S (B B z) S (S (x B (K I)) (x B)) K) (x (I S)) z))) (I (B B (x v3)) (x (S I (z S I (S z I x z)) (I K B x) (x (I I (I z) (z (I v1 v15))) (S z S)) (B (v25 x) (v27 B) (S (B B z) S (S (x B (K I)) (x B)) K) (x (I S)) z))))
z (S (v11 B) x) (x (I K B x (z S I (S z I x z) (I K B x)) (x (I I (I z) (z (I v1 v15))) (S z S)) (B (v25 x) (v27 B) (S (B B z) S (S (x B (K I)) (x B)) K) (x (I S)) z))) (I (B B (x v3)) (x (S I (z S I (S z I x z)) (I K B x) (x (I I (I z) (z (I v1 v15))) (S z S)) (B (v25 x) (v27 B) (S (B B z) S (S (x B (K I)) (x B)) K) (x (I S)) z))))
z (S (v11 B) x) (x (K B x (z S I (S z I x z) (I K B x)) (x (I I (I z) (z (I v1 v15))) (S z S)) (B (v25 x) (v27 B) (S (B B z) S (S (x B (K I)) (x B)) K) (x (I S)) z))) (I (B B (x v3)) (x (S I (z S I (S z I x z)) (I K B x) (x (I I (I z) (z (I v1 v15))) (S z S)) (B (v25 x) (v27 B) (S (B B z) S (S (x B (K I)) (x B)) K) (x (I S)) z))))
z (S (v11 B) x) (x (B (z S I (S z I x z) (I K B x)) (x (I I (I z) (z (I v1 v15))) (S z S)) (B (v25 x) (v27 B) (S (B B z) S (S (x B (K I)) (x B)) K) (x (I S)) z))) (I (B B (x v3)) (x (S I (z S I (S z I x z)) (I K B x) (x (I I (I z) (z (I v1 v15))) (S z S)) (B (v25 x) (v27 B) (S (B B z) S (S (x B (K I)) (x B)) K) (x (I S)) z))))
z (S (v11 B) x) (x (z S I (S z I x z) (I K B x) (x (I I (I z) (z (I v1 v15))) (S z S) (B (v25 x) (v27 B) (S (B B z) S (S (x B (K I)) (x B)) K) (x (I S)) z)))) (I (B B (x v3)) (x (S I (z S I (S z I x z)) (I K B x) (x (I I (I z) (z (I v1 v15))) (S z S)) (B (v25 x) (v27 B) (S (B B z) S (S (x B (K I)) (x B)) K) (x (I S)) z))))
z (S (v11 B) x) (x (z S I (z x (I x) z) (I K B x) (x (I I (I z) (z (I v1 v15))) (S z S) (B (v25 x) (v27 B) (S (B B z) S (S (x B (K I)) (x B)) K) (x (I S)) z)))) (I (B B (x v3)) (x (S I (z S I (S z I x z)) (I K B x) (x (I I (I z) (z (I v1 v15))) (S z S)) (B (v25 x) (v27 B) (S (B B z) S (S (x B (K I)) (x B)) K) (x (I S)) z))))
z (S (v11 B) x) (x (z S I (z x x z) (I K B x) (x (I I (I z) (z (I v1 v15))) (S z S) (B (v25 x) (v27 B) (S (B B z) S (S (x B (K I)) (x B)) K) (x (I S)) z)))) (I (B B (x v3)) (x (S I (z S I (S z I x z)) (I K B x) (x (I I (I z) (z (I v1 v15))) (S z S)) (B (v25 x) (v27 B) (S (B B z) S (S (x B (K I)) (x B)) K) (x (I S)) z))))
z (S (v11 B) x) (x (z S I (z x x z) (K B x) (x (I I (I z) (z (I v1 v15))) (S z S) (B (v25 x) (v27 B) (S (B B z) S (S (x B (K I)) (x B)) K) (x (I S)) z)))) (I (B B (x v3)) (x (S I (z S I (S z I x z)) (I K B x) (x (I I (I z) (z (I v1 v15))) (S z S)) (B (v25 x) (v27 B) (S (B B z) S (S (x B (K I)) (x B)) K) (x (I S)) z))))
z (S (v11 B) x) (x (z S I (z x x z) B (x (I I (I z) (z (I v1 v15))) (S z S) (B (v25 x) (v27 B) (S (B B z) S (S (x B (K I)) (x B)) K) (x (I S)) z)))) (I (B B (x v3)) (x (S I (z S I (S z I x z)) (I K B x) (x (I I (I z) (z (I v1 v15))) (S z S)) (B (v25 x) (v27 B) (S (B B z) S (S (x B (K I)) (x B)) K) (x (I S)) z))))
z (S (v11 B) x) (x (z S I (z x x z) B (x (I (I z) (z (I v1 v15))) (S z S) (B (v25 x) (v27 B) (S (B B z) S (S (x B (K I)) (x B)) K) (x (I S)) z)))) (I (B B (x v3)) (x (S I (z S I (S z I x z)) (I K B x) (x (I I (I z) (z (I v1 v15))) (S z S)) (B (v25 x) (v27 B) (S (B B z) S (S (x B (K I)) (x B)) K) (x (I S)) z))))
z (S (v11 B) x) (x (z S I (z x x z) B (x (I z (z (I v1 v15))) (S z S) (B (v25 x) (v27 B) (S (B B z) S (S (x B (K I)) (x B)) K) (x (I S)) z)))) (I (B B (x v3)) (x (S I (z S I (S z I x z)) (I K B x) (x (I I (I z) (z (I v1 v15))) (S z S)) (B (v25 x) (v27 B) (S (B B z) S (S (x B (K I)) (x B)) K) (x (I S)) z))))
z (S (v11 B) x) (x (z S I (z x x z) B (x (z (z (I v1 v15))) (S z S) (B (v25 x) (v27 B) (S (B B z) S (S (x B (K I)) (x B)) K) (x (I S)) z)))) (I (B B (x v3)) (x (S I (z S I (S z I x z)) (I K B x) (x (I I (I z) (z (I v1 v15))) (S z S)) (B (v25 x) (v27 B) (S (B B z) S (S (x B (K I)) (x B)) K) (x (I S)) z))))
z (S (v11 B) x) (x (z S I (z x x z) B (x (z (z (v1 v15))) (S z S) (B (v25 x) (v27 B) (S (B B z) S (S (x B (K I)) (x B)) K) (x (I S)) z)))) (I (B B (x v3)) (x (S I (z S I (S z I x z)) (I K B x) (x (I I (I z) (z (I v1 v15))) (S z S)) (B (v25 x) (v27 B) (S (B B z) S (S (x B (K I)) (x B)) K) (x (I S)) z))))
z (S (v11 B) x) (x (z S I (z x x z) B (x (z (z (v1 v15))) (S z S) (v25 x (v27 B (S (B B z) S (S (x B (K I)) (x B)) K)) (x (I S)) z)))) (I (B B (x v3)) (x (S I (z S I (S z I x z)) (I K B x) (x (I I (I z) (z (I v1 v15))) (S z S)) (B (v25 x) (v27 B) (S (B B z) S (S (x B (K I)) (x B)) K) (x (I S)) z))))
z (S (v11 B) x) (x (z S I (z x x z) B (x (z (z (v1 v15))) (S z S) (v25 x (v27 B (B B z (S (x B (K I)) (x B)) (S (S (x B (K I)) (x B))) K)) (x (I S)) z)))) (I (B B (x v3)) (x (S I (z S I (S z I x z)) (I K B x) (x (I I (I z) (z (I v1 v15))) (S z S)) (B (v25 x) (v27 B) (S (B B z) S (S (x B (K I)) (x B)) K) (x (I S)) z))))
z (S (v11 B) x) (x (z S I (z x x z) B (x (z (z (v1 v15))) (S z S) (v25 x (v27 B (B (z (S (x B (K I)) (x B))) (S (S (x B (K I)) (x B))) K)) (x (I S)) z)))) (I (B B (x v3)) (x (S I (z S I (S z I x z)) (I K B x) (x (I I (I z) (z (I v1 v15))) (S z S)) (B (v25 x) (v27 B) (S (B B z) S (S (x B (K I)) (x B)) K) (x (I S)) z))))
z (S (v11 B) x) (x (z S I (z x x z) B (x (z (z (v1 v15))) (S z S) (v25 x (v27 B (z (S (x B (K I)) (x B)) (S (S (x B (K I)) (x B)) K))) (x (I S)) z)))) (I (B B (x v3)) (x (S I (z S I (S z I x z)) (I K B x) (x (I I (I z) (z (I v1 v15))) (S z S)) (B (v25 x) (v27 B) (S (B B z) S (S (x B (K I)) (x B)) K) (x (I S)) z))))
z (S (v11 B) x) (x (z S I (z x x z) B (x (z (z (v1 v15))) (S z S) (v25 x (v27 B (z (S (x B (K I)) (x B)) (S (S (x B (K I)) (x B)) K))) (x S) z)))) (I (B B (x v3)) (x (S I (z S I (S z I x z)) (I K B x) (x (I I (I z) (z (I v1 v15))) (S z S)) (B (v25 x) (v27 B) (S (B B z) S (S (x B (K I)) (x B)) K) (x (I S)) z))))
z (S (v11 B) x) (x (z S I (z x x z) B (x (z (z (v1 v15))) (S z S) (v25 x (v27 B (z (S (x B (K I)) (x B)) (S (S (x B (K I)) (x B)) K))) (x S) z)))) (B B (x v3) (x (S I (z S I (S z I x z)) (I K B x) (x (I I (I z) (z (I v1 v15))) (S z S)) (B (v25 x) (v27 B) (S (B B z) S (S (x B (K I)) (x B)) K) (x (I S)) z))))
z (S (v11 B) x) (x (z S I (z x x z) B (x (z (z (v1 v15))) (S z S) (v25 x (v27 B (z (S (x B (K I)) (x B)) (S (S (x B (K I)) (x B)) K))) (x S) z)))) (B (x v3 (x (S I (z S I (S z I x z)) (I K B x) (x (I I (I z) (z (I v1 v15))) (S z S)) (B (v25 x) (v27 B) (S (B B z) S (S (x B (K I)) (x B)) K) (x (I S)) z)))))
z (S (v11 B) x) (x (z S I (z x x z) B (x (z (z (v1 v15))) (S z S) (v25 x (v27 B (z (S (x B (K I)) (x B)) (S (S (x B (K I)) (x B)) K))) (x S) z)))) (B (x v3 (x (I (I K B x) (z S I (S z I x z) (I K B x)) (x (I I (I z) (z (I v1 v15))) (S z S)) (B (v25 x) (v27 B) (S (B B z) S (S (x B (K I)) (x B)) K) (x (I S)) z)))))
z (S (v11 B) x) (x (z S I (z x x z) B (x (z (z (v1 v15))) (S z S) (v25 x (v27 B (z (S (x B (K I)) (x B)) (S (S (x B (K I)) (x B)) K))) (x S) z)))) (B (x v3 (x (I K B x (z S I (S z I x z) (I K B x)) (x (I I (I z) (z (I v1 v15))) (S z S)) (B (v25 x) (v27 B) (S (B B z) S (S (x B (K I)) (x B)) K) (x (I S)) z)))))
z (S (v11 B) x) (x (z S I (z x x z) B (x (z (z (v1 v15))) (S z S) (v25 x (v27 B (z (S (x B (K I)) (x B)) (S (S (x B (K I)) (x B)) K))) (x S) z)))) (B (x v3 (x (K B x (z S I (S z I x z) (I K B x)) (x (I I (I z) (z (I v1 v15))) (S z S)) (B (v25 x) (v27 B) (S (B B z) S (S (x B (K I)) (x B)) K) (x (I S)) z)))))
z (S (v11 B) x) (x (z S I (z x x z) B (x (z (z (v1 v15))) (S z S) (v25 x (v27 B (z (S (x B (K I)) (x B)) (S (S (x B (K I)) (x B)) K))) (x S) z)))) (B (x v3 (x (B (z S I (S z I x z) (I K B x)) (x (I I (I z) (z (I v1 v15))) (S z S)) (B (v25 x) (v27 B) (S (B B z) S (S (x B (K I)) (x B)) K) (x (I S)) z)))))
z (S (v11 B) x) (x (z S I (z x x z) B (x (z (z (v1 v15))) (S z S) (v25 x (v27 B (z (S (x B (K I)) (x B)) (S (S (x B (K I)) (x B)) K))) (x S) z)))) (B (x v3 (x (z S I (S z I x z) (I K B x) (x (I I (I z) (z (I v1 v15))) (S z S) (B (v25 x) (v27 B) (S (B B z) S (S (x B (K I)) (x B)) K) (x (I S)) z))))))
z (S (v11 B) x) (x (z S I (z x x z) B (x (z (z (v1 v15))) (S z S) (v25 x (v27 B (z (S (x B (K I)) (x B)) (S (S (x B (K I)) (x B)) K))) (x S) z)))) (B (x v3 (x (z S I (z x (I x) z) (I K B x) (x (I I (I z) (z (I v1 v15))) (S z S) (B (v25 x) (v27 B) (S (B B z) S (S (x B (K I)) (x B)) K) (x (I S)) z))))))
z (S (v11 B) x) (x (z S I (z x x z) B (x (z (z (v1 v15))) (S z S) (v25 x (v27 B (z (S (x B (K I)) (x B)) (S (S (x B (K I)) (x B)) K))) (x S) z)))) (B (x v3 (x (z S I (z x x z) (I K B x) (x (I I (I z) (z (I v1 v15))) (S z S) (B (v25 x) (v27 B) (S (B B z) S (S (x B (K I)) (x B)) K) (x (I S)) z))))))
x K (B (v28 S) S (v23 z B (S (z B))) (I (I S) (B B) (I S)) (x B B (S (z x (K I)) (v7 K z z v13 S) (v12 K (I (x (I (x B)) I K S) (v18 B))))))
x K (v28 S (S (v23 z B (S (z B)))) (I (I S) (B B) (I S)) (x B B (S (z x (K I)) (v7 K z z v13 S) (v12 K (I (x (I (x B)) I K S) (v18 B))))))
x K (v28 S (S (v23 z B (S (z B)))) (I S (B B) (I S)) (x B B (S (z x (K I)) (v7 K z z v13 S) (v12 K (I (x (I (x B)) I K S) (v18 B))))))
x K (v28 S (S (v23 z B (S (z B)))) (S (B B) (I S)) (x B B (S (z x (K I)) (v7 K z z v13 S) (v12 K (I (x (I (x B)) I K S) (v18 B))))))
x K (v28 S (S (v23 z B (S (z B)))) (S (B B) S) (x B B (S (z x (K I)) (v7 K z z v13 S) (v12 K (I (x (I (x B)) I K S) (v18 B))))))
x K (v28 S (S (v23 z B (S (z B)))) (S (B B) S) (x B B (z x (K I) (v12 K (I (x (I (x B)) I K S) (v18 B))) (v7 K z z v13 S (v12 K (I (x (I (x B)) I K S) (v18 B)))))))
x K (v28 S (S (v23 z B (S (z B)))) (S (B B) S) (x B B (z x (K I) (v12 K (x (I (x B)) I K S (v18 B))) (v7 K z z v13 S (v12 K (I (x (I (x B)) I K S) (v18 B)))))))
x K (v28 S (S (v23 z B (S (z B)))) (S (B B) S) (x B B (z x (K I) (v12 K (x (x B) I K S (v18 B))) (v7 K z z v13 S (v12 K (I (x (I (x B)) I K S) (v18 B)))))))
x K (v28 S (S (v23 z B (S (z B)))) (S (B B) S) (x B B (z x (K I) (v12 K (x (x B) I K S (v18 B))) (v7 K z z v13 S (v12 K (x (I (x B)) I K S (v18 B)))))))
x K (v28 S (S (v23 z B (S (z B)))) (S (B B) S) (x B B (z x (K I) (v12 K (x (x B) I K S (v18 B))) (v7 K z z v13 S (v12 K (x (x B) I K S (v18 B)))))))
I (x S (z (I (B x) K x) (B (B (v7 (I K))) v22 x)) v26)
x S (z (I (B x) K x) (B (B (v7 (I K))) v22 x)) v26
x S (z (B x K x) (B (B (v7 (I K))) v22 x)) v26
x S (z (x (K x)) (B (B (v7 (I K))) v22 x)) v26
x S (z (x (K x)) (B (v7 (I K)) (v22 x))) v26
x S (z (x (K x)) (B (v7 K) (v22 x))) v26
v18 (v9 I v19) x (K (K B) (B (v2 I v19 B)) (v7 x))
v18 (v9 I v19) x (K B (v7 x))
v18 (v9 I v19) x B
S (v25 z (K (K B (B K (I (K S))) B))) (I (I I B S) S (B I) (B S (K K) (x v1) v9)) (B B) (v6 (v8 S K) (I I x (K (S (z v3))) B (K x (S x) S (S (S (S K)) v0)) (B v22 (v24 I) (z B (K (I S v30 K)) z) v27)))
v25 z (K (K B (B K (I (K S))) B)) (B B) (I (I I B S) S (B I) (B S (K K) (x v1) v9) (B B)) (v6 (v8 S K) (I I x (K (S (z v3))) B (K x (S x) S (S (S (S K)) v0)) (B v22 (v24 I) (z B (K (I S v30 K)) z) v27)))
v25 z (K (B B)) (B B) (I (I I B S) S (B I) (B S (K K) (x v1) v9) (B B)) (v6 (v8 S K) (I I x (K (S (z v3))) B (K x (S x) S (S (S (S K)) v0)) (B v22 (v24 I) (z B (K (I S v30 K)) z) v27)))
v25 z (K (B B)) (B B) (I I B S S (B I) (B S (K K) (x v1) v9) (B B)) (v6 (v8 S K) (I I x (K (S (z v3))) B (K x (S x) S (S (S (S K)) v0)) (B v22 (v24 I) (z B (K (I S v30 K)) z) v27)))
v25 z (K (B B)) (B B) (I B S S (B I) (B S (K K) (x v1) v9) (B B)) (v6 (v8 S K) (I I x (K (S (z v3))) B (K x (S x) S (S (S (S K)) v0)) (B v22 (v24 I) (z B (K (I S v30 K)) z) v27)))
v25 z (K (B B)) (B B) (B S S (B I) (B S (K K) (x v1) v9) (B B)) (v6 (v8 S K) (I I x (K (S (z v3))) B (K x (S x) S (S (S (S K)) v0)) (B v22 (v24 I) (z B (K (I S v30 K)) z) v27)))
v25 z (K (B B)) (B B) (S (S (B I)) (B S (K K) (x v1) v9) (B B)) (v6 (v8 S K) (I I x (K (S (z v3))) B (K x (S x) S (S (S (S K)) v0)) (B v22 (v24 I) (z B (K (I S v30 K)) z) v27)))
v25 z (K (B B)) (B B) (S (B I) (B B) (B S (K K) (x v1) v9 (B B))) (v6 (v8 S K) (I I x (K (S (z v3))) B (K x (S x) S (S (S (S K)) v0)) (B v22 (v24 I) (z B (K (I S v30 K)) z) v27)))
v25 z (K (B B)) (B B) (B I (B S (K K) (x v1) v9 (B B)) (B B (B S (K K) (x v1) v9 (B B)))) (v6 (v8 S K) (I I x (K (S (z v3))) B (K x (S x) S (S (S (S K)) v0)) (B v22 (v24 I) (z B (K (I S v30 K)) z) v27)))
v25 z (K (B B)) (B B) (I (B S (K K) (x v1) v9 (B B) (B B (B S (K K) (x v1) v9 (B B))))) (v6 (v8 S K) (I I x (K (S (z v3))) B (K x (S x) S (S (S (S K)) v0)) (B v22 (v24 I) (z B (K (I S v30 K)) z) v27)))
v25 z (K (B B)) (B B) (B S (K K) (x v1) v9 (B B) (B B (B S (K K) (x v1) v9 (B B)))) (v6 (v8 S K) (I I x (K (S (z v3))) B (K x (S x) S (S (S (S K)) v0)) (B v22 (v24 I) (z B (K (I S v30 K)) z) v27)))
v25 z (K (B B)) (B B) (S (K K (x v1)) v9 (B B) (B B (B S (K K) (x v1) v9 (B B)))) (v6 (v8 S K) (I I x (K (S (z v3))) B (K x (S x) S (S (S (S K)) v0)) (B v22 (v24 I) (z B (K (I S v30 K)) z) v27)))
v25 z (K (B B)) (B B) (K K (x v1) (B B) (v9 (B B)) (B B (B S (K K) (x v1) v9 (B B)))) (v6 (v8 S K) (I I x (K (S (z v3))) B (K x (S x) S (S (S (S K)) v0)) (B v22 (v24 I) (z B (K (I S v30 K)) z) v27)))
v25 z (K (B B)) (B B) (K (B B) (v9 (B B)) (B B (B S (K K) (x v1) v9 (B B)))) (v6 (v8 S K) (I I x (K (S (z v3))) B (K x (S x) S (S (S (S K)) v0)) (B v22 (v24 I) (z B (K (I S v30 K)) z) v27)))
v25 z (K (B B)) (B B) (B B (B B (B S (K K) (x v1) v9 (B B)))) (v6 (v8 S K) (I I x (K (S (z v3))) B (K x (S x) S (S (S (S K)) v0)) (B v22 (v24 I) (z B (K (I S v30 K)) z) v27)))
v25 z (K (B B)) (B B) (B B (B B (S (K K (x v1)) v9 (B B)))) (v6 (v8 S K) (I I x (K (S (z v3))) B (K x (S x) S (S (S (S K)) v0)) (B v22 (v24 I) (z B (K (I S v30 K)) z) v27)))
v25 z (K (B B)) (B B) (B B (B B (K K (x v1) (B B) (v9 (B B))))) (v6 (v8 S K) (I I x (K (S (z v3))) B (K x (S x) S (S (S (S K)) v0)) (B v22 (v24 I) (z B (K (I S v30 K)) z) v27)))
v25 z (K (B B)) (B B) (B B (B B (K (B B) (v9 (B B))))) (v6 (v8 S K) (I I x (K (S (z v3))) B (K x (S x) S (S (S (S K)) v0)) (B v22 (v24 I) (z B (K (I S v30 K)) z) v27)))
v25 z (K (B B)) (B B) (B B (B B (B B))) (v6 (v8 S K) (I I x (K (S (z v3))) B (K x (S x) S (S (S (S K)) v0)) (B v22 (v24 I) (z B (K (I S v30 K)) z) v27)))
v25 z (K (B B)) (B B) (B B (B B (B B))) (v6 (v8 S K) (I x (K (S (z v3))) B (K x (S x) S (S (S (S K)) v0)) (B v22 (v24 I) (z B (K (I S v30 K)) z) v27)))
v25 z (K (B B)) (B B) (B B (B B (B B))) (v6 (v8 S K) (x (K (S (z v3))) B (K x (S x) S (S (S (S K)) v0)) (B v22 (v24 I) (z B (K (I S v30 K)) z) v27)))
v25 z (K (B B)) (B B) (B B (B B (B B))) (v6 (v8 S K) (x (K (S (z v3))) B (x S (S (S (S K)) v0)) (B v22 (v24 I) (z B (K (I S v30 K)) z) v27)))
v25 z (K (B B)) (B B) (B B (B B (B B))) (v6 (v8 S K) (x (K (S (z v3))) B (x S (S (S (S K)) v0)) (v22 (v24 I (z B (K (I S v30 K)) z)) v27)))
v25 z (K (B B)) (B B) (B B (B B (B B))) (v6 (v8 S K) (x (K (S (z v3))) B (x S (S (S (S K)) v0)) (v22 (v24 I (z B (K (S v30 K)) z)) v27)))
v14 (x (I (z (I S (K S) S)) (S I x)) (B (K S z (z K (K K I)))) (S (S (I x (v2 S S)))) (K x) K)
v14 (x (z (I S (K S) S) (S I x)) (B (K S z (z K (K K I)))) (S (S (I x (v2 S S)))) (K x) K)
v14 (x (z (S (K S) S) (S I x)) (B (K S z (z K (K K I)))) (S (S (I x (v2 S S)))) (K x) K)
v14 (x (z (S (K S) S) (S I x)) (B (S (z K (K K I)))) (S (S (I x (v2 S S)))) (K x) K)
v14 (x (z (S (K S) S) (S I x)) (B (S (z K K))) (S (S (I x (v2 S S)))) (K x) K)
v14 (x (z (S (K S) S) (S I x)) (B (S (z K K))) (S (S (x (v2 S S)))) (K x) K)
x
v19 (B (I (I K) B (x z) (K (I S) (B I x (K x B (z x) I)))) (x (S v1 v26) (v29 x))) (B (x B z z (v16 z) v29 x (K (B K)) z) (z z) (x x v13 (z (v19 B (S v28))) (v6 (v10 (x B) (B v17 (B B))) (v20 I S z v15))) (B S))
v19 (B (I K B (x z) (K (I S) (B I x (K x B (z x) I)))) (x (S v1 v26) (v29 x))) (B (x B z z (v16 z) v29 x (K (B K)) z) (z z) (x x v13 (z (v19 B (S v28))) (v6 (v10 (x B) (B v17 (B B))) (v20 I S z v15))) (B S))
v19 (B (K B (x z) (K (I S) (B I x (K x B (z x) I)))) (x (S v1 v26) (v29 x))) (B (x B z z (v16 z) v29 x (K (B K)) z) (z z) (x x v13 (z (v19 B (S v28))) (v6 (v10 (x B) (B v17 (B B))) (v20 I S z v15))) (B S))
v19 (B (B (K (I S) (B I x (K x B (z x) I)))) (x (S v1 v26) (v29 x))) (B (x B z z (v16 z) v29 x (K (B K)) z) (z z) (x x v13 (z (v19 B (S v28))) (v6 (v10 (x B) (B v17 (B B))) (v20 I S z v15))) (B S))
v19 (B (B (I S)) (x (S v1 v26) (v29 x))) (B (x B z z (v16 z) v29 x (K (B K)) z) (z z) (x x v13 (z (v19 B (S v28))) (v6 (v10 (x B) (B v17 (B B))) (v20 I S z v15))) (B S))
v19 (B (B S) (x (S v1 v26) (v29 x))) (B (x B z z (v16 z) v29 x (K (B K)) z) (z z) (x x v13 (z (v19 B (S v28))) (v6 (v10 (x B) (B v17 (B B))) (v20 I S z v15))) (B S))
v19 (B (B S) (x (S v1 v26) (v29 x))) (x B z z (v16 z) v29 x (K (B K)) z (z z (x x v13 (z (v19 B (S v28))) (v6 (v10 (x B) (B v17 (B B))) (v20 I S z v15)))) (B S))
