I (v24 (x S (S S B I)) z v8) I (v27 (K I z K (v1 z) x (z (S z) (v27 v12)) (K (S (v12 (x S))) S)) (v2 S (z K B (K K) (x S z S)) B))
v24 (x S (S S B I)) z v8 I (v27 (K I z K (v1 z) x (z (S z) (v27 v12)) (K (S (v12 (x S))) S)) (v2 S (z K B (K K) (x S z S)) B))
v24 (x S (S I (B I))) z v8 I (v27 (K I z K (v1 z) x (z (S z) (v27 v12)) (K (S (v12 (x S))) S)) (v2 S (z K B (K K) (x S z S)) B))
v24 (x S (S I (B I))) z v8 I (v27 (I K (v1 z) x (z (S z) (v27 v12)) (K (S (v12 (x S))) S)) (v2 S (z K B (K K) (x S z S)) B))
v24 (x S (S I (B I))) z v8 I (v27 (K (v1 z) x (z (S z) (v27 v12)) (K (S (v12 (x S))) S)) (v2 S (z K B (K K) (x S z S)) B))
v24 (x S (S I (B I))) z v8 I (v27 (v1 z (z (S z) (v27 v12)) (K (S (v12 (x S))) S)) (v2 S (z K B (K K) (x S z S)) B))
v24 (x S (S I (B I))) z v8 I (v27 (v1 z (z (S z) (v27 v12)) (S (v12 (x S)))) (v2 S (z K B (K K) (x S z S)) B))
x (S B) x (K (x (S I)) z S) (I (K S))
x (S B) x (x (S I) S) (I (K S))
x (S B) x (x (S I) S) (K S)
K (v14 z x) (z (x (v25 z)) (K K (B (I (x K)) v27) (x I S (I (S (I B) x v30 S)) (z z (v29 K) v9))) (v30 K S (z x) v12 B) (K (K S B B)) B)
v14 z x
z
K (I (S S) (z B (z z z) (I x) (S (v9 z)) (I z z))) (x (S (S B)))
I (S S) (z B (z z z) (I x) (S (v9 z)) (I z z))
S S (z B (z z z) (I x) (S (v9 z)) (I z z))
S S (z B (z z z) x (S (v9 z)) (I z z))
S S (z B (z z z) x (S (v9 z)) (z z))
z (I (S (x I (B (v26 v5) (v8 x))))) x z (S (x S z I) (I x) (K (S v25)) (z (B (x v15 K) K)))
z (S (x I (B (v26 v5) (v8 x)))) x z (S (x S z I) (I x) (K (S v25)) (z (B (x v15 K) K)))
z (S (x I (B (v26 v5) (v8 x)))) x z (x S z I (K (S v25)) (I x (K (S v25))) (z (B (x v15 K) K)))
z (S (x I (B (v26 v5) (v8 x)))) x z (x S z I (K (S v25)) (x (K (S v25))) (z (B (x v15 K) K)))
K (x v2 (K I) (K v27 (z K z z)) S)
K (x v2 (K I) v27 S)
I
x (K (I (z v13 (S v13)))) (I (K S B I) (B (v4 (v14 x)))) B (B v15 (K v25) (v29 x S) (v24 z) (B S) (K (B x x I)) (z (z (z (z x))) (z B z (I (v9 B)))) (I K I))
x (K (z v13 (S v13))) (I (K S B I) (B (v4 (v14 x)))) B (B v15 (K v25) (v29 x S) (v24 z) (B S) (K (B x x I)) (z (z (z (z x))) (z B z (I (v9 B)))) (I K I))
x (K (z v13 (S v13))) (K S B I (B (v4 (v14 x)))) B (B v15 (K v25) (v29 x S) (v24 z) (B S) (K (B x x I)) (z (z (z (z x))) (z B z (I (v9 B)))) (I K I))
x (K (z v13 (S v13))) (S I (B (v4 (v14 x)))) B (B v15 (K v25) (v29 x S) (v24 z) (B S) (K (B x x I)) (z (z (z (z x))) (z B z (I (v9 B)))) (I K I))
x (K (z v13 (S v13))) (S I (B (v4 (v14 x)))) B (v15 (K v25 (v29 x S)) (v24 z) (B S) (K (B x x I)) (z (z (z (z x))) (z B z (I (v9 B)))) (I K I))
x (K (z v13 (S v13))) (S I (B (v4 (v14 x)))) B (v15 v25 (v24 z) (B S) (K (B x x I)) (z (z (z (z x))) (z B z (I (v9 B)))) (I K I))
x (K (z v13 (S v13))) (S I (B (v4 (v14 x)))) B (v15 v25 (v24 z) (B S) (K (x (x I))) (z (z (z (z x))) (z B z (I (v9 B)))) (I K I))
x (K (z v13 (S v13))) (S I (B (v4 (v14 x)))) B (v15 v25 (v24 z) (B S) (K (x (x I))) (z (z (z (z x))) (z B z (v9 B))) (I K I))
x (K (z v13 (S v13))) (S I (B (v4 (v14 x)))) B (v15 v25 (v24 z) (B S) (K (x (x I))) (z (z (z (z x))) (z B z (v9 B))) (K I))
v13
