x (v13 (z z)) B (x (x x)) (K (B v15)) (x K (K K S)) (z (I z (z K x S x (I x z)) I) z) K (S B z)
x (v13 (z z)) B (x (x x)) (K (B v15)) (x K K) (z (I z (z K x S x (I x z)) I) z) K (S B z)
x (v13 (z z)) B (x (x x)) (K (B v15)) (x K K) (z (z (z K x S x (I x z)) I) z) K (S B z)
x (v13 (z z)) B (x (x x)) (K (B v15)) (x K K) (z (z (z K x S x (x z)) I) z) K (S B z)
v5 S v3 (B S (K (x I S) (S v12) z (B (I (S z) (x (v19 (x v19)) (z v7 I))) (z (x (x x)) (I S))) (B (v18 (v1 K)) B (x v26) (z (x K) K) (x I) (B x z)))) (S (x B))
v5 S v3 (B S (x I S z (B (I (S z) (x (v19 (x v19)) (z v7 I))) (z (x (x x)) (I S))) (B (v18 (v1 K)) B (x v26) (z (x K) K) (x I) (B x z)))) (S (x B))
v5 S v3 (B S (x I S z (B (S z (x (v19 (x v19)) (z v7 I))) (z (x (x x)) (I S))) (B (v18 (v1 K)) B (x v26) (z (x K) K) (x I) (B x z)))) (S (x B))
v5 S v3 (B S (x I S z (B (S z (x (v19 (x v19)) (z v7 I))) (z (x (x x)) S)) (B (v18 (v1 K)) B (x v26) (z (x K) K) (x I) (B x z)))) (S (x B))
v5 S v3 (B S (x I S z (B (S z (x (v19 (x v19)) (z v7 I))) (z (x (x x)) S)) (v18 (v1 K) (B (x v26)) (z (x K) K) (x I) (B x z)))) (S (x B))
I (v21 S v14) (K x (I x I (z x I) I K (v16 (B (v12 (z z)))) x I (K v4)))
v21 S v14 (K x (I x I (z x I) I K (v16 (B (v12 (z z)))) x I (K v4)))
v21 S v14 x
v15 K S
x (v30 (x K (v13 x v24 S I) (x K v13 z) (K (K x) K S S (S (S I)) (K (v13 z)) K (I (x z B I B) K)) K))
x (v30 (x K (v13 x v24 S I) (x K v13 z) (K x S S (S (S I)) (K (v13 z)) K (I (x z B I B) K)) K))
x (v30 (x K (v13 x v24 S I) (x K v13 z) (x S (S (S I)) (K (v13 z)) K (I (x z B I B) K)) K))
x (v30 (x K (v13 x v24 S I) (x K v13 z) (x S (S (S I)) (K (v13 z)) K (x z B I B K)) K))
x (z x B B) (B (x (S z I) (I (z (v13 (v16 v8 v9) (B v19 B))))) S (z I)) (v7 (z I (z I B I)) (x (B (z z) S) (K (v19 v12) I I (z x)) K) (x S (z (z x z)) I))
x (z x B B) (x (S z I) (I (z (v13 (v16 v8 v9) (B v19 B)))) (S (z I))) (v7 (z I (z I B I)) (x (B (z z) S) (K (v19 v12) I I (z x)) K) (x S (z (z x z)) I))
x (z x B B) (x (S z I) (z (v13 (v16 v8 v9) (B v19 B))) (S (z I))) (v7 (z I (z I B I)) (x (B (z z) S) (K (v19 v12) I I (z x)) K) (x S (z (z x z)) I))
x (z x B B) (x (S z I) (z (v13 (v16 v8 v9) (B v19 B))) (S (z I))) (v7 (z I (z I B I)) (x (B (z z) S) (v19 v12 I (z x)) K) (x S (z (z x z)) I))
z S x (S B (x K (I v25)) (S S (x (v1 (S B)) (I B)) (v22 (I B) x z S B (v13 S))))
z S x (B (S S (x (v1 (S B)) (I B)) (v22 (I B) x z S B (v13 S))) (x K (I v25) (S S (x (v1 (S B)) (I B)) (v22 (I B) x z S B (v13 S)))))
z S x (B (S (v22 (I B) x z S B (v13 S)) (x (v1 (S B)) (I B) (v22 (I B) x z S B (v13 S)))) (x K (I v25) (S S (x (v1 (S B)) (I B)) (v22 (I B) x z S B (v13 S)))))
z S x (B (S (v22 B x z S B (v13 S)) (x (v1 (S B)) (I B) (v22 (I B) x z S B (v13 S)))) (x K (I v25) (S S (x (v1 (S B)) (I B)) (v22 (I B) x z S B (v13 S)))))
z S x (B (S (v22 B x z S B (v13 S)) (x (v1 (S B)) B (v22 (I B) x z S B (v13 S)))) (x K (I v25) (S S (x (v1 (S B)) (I B)) (v22 (I B) x z S B (v13 S)))))
z S x (B (S (v22 B x z S B (v13 S)) (x (v1 (S B)) B (v22 B x z S B (v13 S)))) (x K (I v25) (S S (x (v1 (S B)) (I B)) (v22 (I B) x z S B (v13 S)))))
z S x (B (S (v22 B x z S B (v13 S)) (x (v1 (S B)) B (v22 B x z S B (v13 S)))) (x K v25 (S S (x (v1 (S B)) (I B)) (v22 (I B) x z S B (v13 S)))))
z S x (B (S (v22 B x z S B (v13 S)) (x (v1 (S B)) B (v22 B x z S B (v13 S)))) (x K v25 (S (v22 (I B) x z S B (v13 S)) (x (v1 (S B)) (I B) (v22 (I B) x z S B (v13 S))))))
z S x (B (S (v22 B x z S B (v13 S)) (x (v1 (S B)) B (v22 B x z S B (v13 S)))) (x K v25 (S (v22 B x z S B (v13 S)) (x (v1 (S B)) (I B) (v22 (I B) x z S B (v13 S))))))
z S x (B (S (v22 B x z S B (v13 S)) (x (v1 (S B)) B (v22 B x z S B (v13 S)))) (x K v25 (S (v22 B x z S B (v13 S)) (x (v1 (S B)) B (v22 (I B) x z S B (v13 S))))))
z S x (B (S (v22 B x z S B (v13 S)) (x (v1 (S B)) B (v22 B x z S B (v13 S)))) (x K v25 (S (v22 B x z S B (v13 S)) (x (v1 (S B)) B (v22 B x z S B (v13 S))))))
x K
S
x S (z (K S) (I I B))
x S (z (K S) (I B))
x S (z (K S) B)
