K x (I x (I x (v24 (B z) (x z)) (v15 (I (I (I K)) x (z z) S))))
x
S (S K) (B B v23 v27 (v3 (S z))) (v6 (x x)) (S (v7 (I (z z) x)) (S v2 z (z (B z I)) (I (x (K (I S))) x (I (I K)) (z (z (I I))))))
S K (v6 (x x)) (B B v23 v27 (v3 (S z)) (v6 (x x))) (S (v7 (I (z z) x)) (S v2 z (z (B z I)) (I (x (K (I S))) x (I (I K)) (z (z (I I))))))
K (B B v23 v27 (v3 (S z)) (v6 (x x))) (v6 (x x) (B B v23 v27 (v3 (S z)) (v6 (x x)))) (S (v7 (I (z z) x)) (S v2 z (z (B z I)) (I (x (K (I S))) x (I (I K)) (z (z (I I))))))
B B v23 v27 (v3 (S z)) (v6 (x x)) (S (v7 (I (z z) x)) (S v2 z (z (B z I)) (I (x (K (I S))) x (I (I K)) (z (z (I I))))))
B (v23 v27) (v3 (S z)) (v6 (x x)) (S (v7 (I (z z) x)) (S v2 z (z (B z I)) (I (x (K (I S))) x (I (I K)) (z (z (I I))))))
v23 v27 (v3 (S z) (v6 (x x))) (S (v7 (I (z z) x)) (S v2 z (z (B z I)) (I (x (K (I S))) x (I (I K)) (z (z (I I))))))
v23 v27 (v3 (S z) (v6 (x x))) (S (v7 (z z x)) (S v2 z (z (B z I)) (I (x (K (I S))) x (I (I K)) (z (z (I I))))))
v23 v27 (v3 (S z) (v6 (x x))) (S (v7 (z z x)) (v2 (z (B z I)) (z (z (B z I))) (I (x (K (I S))) x (I (I K)) (z (z (I I))))))
v23 v27 (v3 (S z) (v6 (x x))) (S (v7 (z z x)) (v2 (z (B z I)) (z (z (B z I))) (x (K (I S)) x (I (I K)) (z (z (I I))))))
v23 v27 (v3 (S z) (v6 (x x))) (S (v7 (z z x)) (v2 (z (B z I)) (z (z (B z I))) (x (K S) x (I (I K)) (z (z (I I))))))
v23 v27 (v3 (S z) (v6 (x x))) (S (v7 (z z x)) (v2 (z (B z I)) (z (z (B z I))) (x (K S) x (I K) (z (z (I I))))))
v23 v27 (v3 (S z) (v6 (x x))) (S (v7 (z z x)) (v2 (z (B z I)) (z (z (B z I))) (x (K S) x K (z (z (I I))))))
v23 v27 (v3 (S z) (v6 (x x))) (S (v7 (z z x)) (v2 (z (B z I)) (z (z (B z I))) (x (K S) x K (z (z I)))))
K (v23 B) x I B
v23 B I B
x (x (S x) (B x B (S I K))) (x (I x)) B I (K (S v6 (v3 (B (I K z) z) (I K I (v20 (I (z I) S))))) (z I)) (v22 (K z (K (v12 (I z))))) (S (z v19) x v11 B)
x (x (S x) (x (B (S I K)))) (x (I x)) B I (K (S v6 (v3 (B (I K z) z) (I K I (v20 (I (z I) S))))) (z I)) (v22 (K z (K (v12 (I z))))) (S (z v19) x v11 B)
x (x (S x) (x (B (S I K)))) (x x) B I (K (S v6 (v3 (B (I K z) z) (I K I (v20 (I (z I) S))))) (z I)) (v22 (K z (K (v12 (I z))))) (S (z v19) x v11 B)
x (x (S x) (x (B (S I K)))) (x x) B I (S v6 (v3 (B (I K z) z) (I K I (v20 (I (z I) S))))) (v22 (K z (K (v12 (I z))))) (S (z v19) x v11 B)
x (x (S x) (x (B (S I K)))) (x x) B I (S v6 (v3 (B (K z) z) (I K I (v20 (I (z I) S))))) (v22 (K z (K (v12 (I z))))) (S (z v19) x v11 B)
x (x (S x) (x (B (S I K)))) (x x) B I (S v6 (v3 (B (K z) z) (K I (v20 (I (z I) S))))) (v22 (K z (K (v12 (I z))))) (S (z v19) x v11 B)
x (x (S x) (x (B (S I K)))) (x x) B I (S v6 (v3 (B (K z) z) I)) (v22 (K z (K (v12 (I z))))) (S (z v19) x v11 B)
x (x (S x) (x (B (S I K)))) (x x) B I (S v6 (v3 (B (K z) z) I)) (v22 z) (S (z v19) x v11 B)
x (x (S x) (x (B (S I K)))) (x x) B I (S v6 (v3 (B (K z) z) I)) (v22 z) (z v19 v11 (x v11) B)
x
z
K (x (v29 S) (B (x x) v18))
B (I (I K) (I (B B v2) v1 v30) (S (x v6))) B (v5 z I)
I (I K) (I (B B v2) v1 v30) (S (x v6)) (B (v5 z I))
I K (I (B B v2) v1 v30) (S (x v6)) (B (v5 z I))
K (I (B B v2) v1 v30) (S (x v6)) (B (v5 z I))
I (B B v2) v1 v30 (B (v5 z I))
B B v2 v1 v30 (B (v5 z I))
B (v2 v1) v30 (B (v5 z I))
v2 v1 (v30 (B (v5 z I)))
z (S (v4 (v11 v4) B) (S B v20)) (K (x (I K) (I S) (v1 K (S B) (v20 (x (v21 B) v15))) S)) z (x (I (K (K B v1)) (B B x)) (K B v21 I (S I) K x (x I (S S)) v16 (I K))) (B (K (K K I (K (x B))) (v29 (K (S I)) K S)) (x I))
z (S (v4 (v11 v4) B) (S B v20)) (K (x K (I S) (v1 K (S B) (v20 (x (v21 B) v15))) S)) z (x (I (K (K B v1)) (B B x)) (K B v21 I (S I) K x (x I (S S)) v16 (I K))) (B (K (K K I (K (x B))) (v29 (K (S I)) K S)) (x I))
z (S (v4 (v11 v4) B) (S B v20)) (K (x K S (v1 K (S B) (v20 (x (v21 B) v15))) S)) z (x (I (K (K B v1)) (B B x)) (K B v21 I (S I) K x (x I (S S)) v16 (I K))) (B (K (K K I (K (x B))) (v29 (K (S I)) K S)) (x I))
z (S (v4 (v11 v4) B) (S B v20)) (K (x K S (v1 K (S B) (v20 (x (v21 B) v15))) S)) z (x (K (K B v1) (B B x)) (K B v21 I (S I) K x (x I (S S)) v16 (I K))) (B (K (K K I (K (x B))) (v29 (K (S I)) K S)) (x I))
z (S (v4 (v11 v4) B) (S B v20)) (K (x K S (v1 K (S B) (v20 (x (v21 B) v15))) S)) z (x (K B v1) (K B v21 I (S I) K x (x I (S S)) v16 (I K))) (B (K (K K I (K (x B))) (v29 (K (S I)) K S)) (x I))
z (S (v4 (v11 v4) B) (S B v20)) (K (x K S (v1 K (S B) (v20 (x (v21 B) v15))) S)) z (x B (K B v21 I (S I) K x (x I (S S)) v16 (I K))) (B (K (K K I (K (x B))) (v29 (K (S I)) K S)) (x I))
z (S (v4 (v11 v4) B) (S B v20)) (K (x K S (v1 K (S B) (v20 (x (v21 B) v15))) S)) z (x B (B I (S I) K x (x I (S S)) v16 (I K))) (B (K (K K I (K (x B))) (v29 (K (S I)) K S)) (x I))
z (S (v4 (v11 v4) B) (S B v20)) (K (x K S (v1 K (S B) (v20 (x (v21 B) v15))) S)) z (x B (I (S I K) x (x I (S S)) v16 (I K))) (B (K (K K I (K (x B))) (v29 (K (S I)) K S)) (x I))
z (S (v4 (v11 v4) B) (S B v20)) (K (x K S (v1 K (S B) (v20 (x (v21 B) v15))) S)) z (x B (S I K x (x I (S S)) v16 (I K))) (B (K (K K I (K (x B))) (v29 (K (S I)) K S)) (x I))
z (S (v4 (v11 v4) B) (S B v20)) (K (x K S (v1 K (S B) (v20 (x (v21 B) v15))) S)) z (x B (I x (K x) (x I (S S)) v16 (I K))) (B (K (K K I (K (x B))) (v29 (K (S I)) K S)) (x I))
z (S (v4 (v11 v4) B) (S B v20)) (K (x K S (v1 K (S B) (v20 (x (v21 B) v15))) S)) z (x B (x (K x) (x I (S S)) v16 (I K))) (B (K (K K I (K (x B))) (v29 (K (S I)) K S)) (x I))
z (S (v4 (v11 v4) B) (S B v20)) (K (x K S (v1 K (S B) (v20 (x (v21 B) v15))) S)) z (x B (x (K x) (x I (S S)) v16 K)) (B (K (K K I (K (x B))) (v29 (K (S I)) K S)) (x I))
z (S (v4 (v11 v4) B) (S B v20)) (K (x K S (v1 K (S B) (v20 (x (v21 B) v15))) S)) z (x B (x (K x) (x I (S S)) v16 K)) (B (K K I (K (x B))) (x I))
z (S (v4 (v11 v4) B) (S B v20)) (K (x K S (v1 K (S B) (v20 (x (v21 B) v15))) S)) z (x B (x (K x) (x I (S S)) v16 K)) (B (K (K (x B))) (x I))
z
