v23 (x K (v16 z (x (S B))) I) (x S x (I B B)) (S (x v13) z) (x (I K) (B (v8 I K (x (x z))) (x v14)))
v23 (x K (v16 z (x (S B))) I) (x S x (B B)) (S (x v13) z) (x (I K) (B (v8 I K (x (x z))) (x v14)))
v23 (x K (v16 z (x (S B))) I) (x S x (B B)) (S (x v13) z) (x K (B (v8 I K (x (x z))) (x v14)))
x (B I x v22 (I I x))
x (I (x v22) (I I x))
x (x v22 (I I x))
x (x v22 (I x))
x (x v22 x)
S (I (S z) (z (I I v2) v30 z)) (z v8 (K (z K) z (K (I z))) v20 (v22 I I (B x) z))
S (S z (z (I I v2) v30 z)) (z v8 (K (z K) z (K (I z))) v20 (v22 I I (B x) z))
S (S z (z (I v2) v30 z)) (z v8 (K (z K) z (K (I z))) v20 (v22 I I (B x) z))
S (S z (z v2 v30 z)) (z v8 (K (z K) z (K (I z))) v20 (v22 I I (B x) z))
S (S z (z v2 v30 z)) (z v8 (z K (K (I z))) v20 (v22 I I (B x) z))
S (S z (z v2 v30 z)) (z v8 (z K (K z)) v20 (v22 I I (B x) z))
S (v17 (v16 (K (S I (z x)) (S B S))) (x B) (x S K I) (S (v12 (B S)) x (B (x z K) K z) x) (I (v22 (I S K (K (v7 I)) S (I z v21)))))
S (v17 (v16 (S I (z x))) (x B) (x S K I) (S (v12 (B S)) x (B (x z K) K z) x) (I (v22 (I S K (K (v7 I)) S (I z v21)))))
S (v17 (v16 (S I (z x))) (x B) (x S K I) (v12 (B S) (B (x z K) K z) (x (B (x z K) K z)) x) (I (v22 (I S K (K (v7 I)) S (I z v21)))))
S (v17 (v16 (S I (z x))) (x B) (x S K I) (v12 (B S) (x z K (K z)) (x (B (x z K) K z)) x) (I (v22 (I S K (K (v7 I)) S (I z v21)))))
S (v17 (v16 (S I (z x))) (x B) (x S K I) (v12 (B S) (x z K (K z)) (x (x z K (K z))) x) (I (v22 (I S K (K (v7 I)) S (I z v21)))))
S (v17 (v16 (S I (z x))) (x B) (x S K I) (v12 (B S) (x z K (K z)) (x (x z K (K z))) x) (v22 (I S K (K (v7 I)) S (I z v21))))
S (v17 (v16 (S I (z x))) (x B) (x S K I) (v12 (B S) (x z K (K z)) (x (x z K (K z))) x) (v22 (S K (K (v7 I)) S (I z v21))))
S (v17 (v16 (S I (z x))) (x B) (x S K I) (v12 (B S) (x z K (K z)) (x (x z K (K z))) x) (v22 (K S (K (v7 I) S) (I z v21))))
S (v17 (v16 (S I (z x))) (x B) (x S K I) (v12 (B S) (x z K (K z)) (x (x z K (K z))) x) (v22 (S (I z v21))))
S (v17 (v16 (S I (z x))) (x B) (x S K I) (v12 (B S) (x z K (K z)) (x (x z K (K z))) x) (v22 (S (z v21))))
K (v1 K) v22 (S (B (K z))) (z x) (v29 (S z))
v1 K (S (B (K z))) (z x) (v29 (S z))
S (z (I (x S) K (K (K K) (K K)) (z z x)) (x x (x z v24 K))) (x S B)
S (z (x S K (K (K K) (K K)) (z z x)) (x x (x z v24 K))) (x S B)
S (z (x S K (K K) (z z x)) (x x (x z v24 K))) (x S B)
B (v7 K) (x K (S (v11 B K) (S (I B))) (I (K (B z (I K I z))) K (x I (I x I) (v23 v21))) (v6 (K (x (z B)) z B (v18 (z (S x)) v15 S) (v2 K))))
B (v7 K) (x K (S (v11 B K) (S B)) (I (K (B z (I K I z))) K (x I (I x I) (v23 v21))) (v6 (K (x (z B)) z B (v18 (z (S x)) v15 S) (v2 K))))
B (v7 K) (x K (S (v11 B K) (S B)) (K (B z (I K I z)) K (x I (I x I) (v23 v21))) (v6 (K (x (z B)) z B (v18 (z (S x)) v15 S) (v2 K))))
B (v7 K) (x K (S (v11 B K) (S B)) (B z (I K I z) (x I (I x I) (v23 v21))) (v6 (K (x (z B)) z B (v18 (z (S x)) v15 S) (v2 K))))
B (v7 K) (x K (S (v11 B K) (S B)) (z (I K I z (x I (I x I) (v23 v21)))) (v6 (K (x (z B)) z B (v18 (z (S x)) v15 S) (v2 K))))
B (v7 K) (x K (S (v11 B K) (S B)) (z (K I z (x I (I x I) (v23 v21)))) (v6 (K (x (z B)) z B (v18 (z (S x)) v15 S) (v2 K))))
B (v7 K) (x K (S (v11 B K) (S B)) (z (I (x I (I x I) (v23 v21)))) (v6 (K (x (z B)) z B (v18 (z (S x)) v15 S) (v2 K))))
B (v7 K) (x K (S (v11 B K) (S B)) (z (x I (I x I) (v23 v21))) (v6 (K (x (z B)) z B (v18 (z (S x)) v15 S) (v2 K))))
B (v7 K) (x K (S (v11 B K) (S B)) (z (x I (x I) (v23 v21))) (v6 (K (x (z B)) z B (v18 (z (S x)) v15 S) (v2 K))))
B (v7 K) (x K (S (v11 B K) (S B)) (z (x I (x I) (v23 v21))) (v6 (x (z B) B (v18 (z (S x)) v15 S) (v2 K))))
z (K (B B (z K K K) B))
z (K (B (z K K K B)))
B (S (K (v23 S x (B K)) (v15 K z) x) I) (I B) x z S (K (S (z (I (K K) I (K I) (z S)) (K z x (v27 (B (B x)) (S S) B)))) (z (I (I (I v25) K) (B x (I (x (K v14 z) z K (K S))) (v19 (x v0))))))
S (K (v23 S x (B K)) (v15 K z) x) I (I B x) z S (K (S (z (I (K K) I (K I) (z S)) (K z x (v27 (B (B x)) (S S) B)))) (z (I (I (I v25) K) (B x (I (x (K v14 z) z K (K S))) (v19 (x v0))))))
K (v23 S x (B K)) (v15 K z) x (I B x) (I (I B x)) z S (K (S (z (I (K K) I (K I) (z S)) (K z x (v27 (B (B x)) (S S) B)))) (z (I (I (I v25) K) (B x (I (x (K v14 z) z K (K S))) (v19 (x v0))))))
v23 S x (B K) x (I B x) (I (I B x)) z S (K (S (z (I (K K) I (K I) (z S)) (K z x (v27 (B (B x)) (S S) B)))) (z (I (I (I v25) K) (B x (I (x (K v14 z) z K (K S))) (v19 (x v0))))))
v23 S x (B K) x (B x) (I (I B x)) z S (K (S (z (I (K K) I (K I) (z S)) (K z x (v27 (B (B x)) (S S) B)))) (z (I (I (I v25) K) (B x (I (x (K v14 z) z K (K S))) (v19 (x v0))))))
v23 S x (B K) x (B x) (I B x) z S (K (S (z (I (K K) I (K I) (z S)) (K z x (v27 (B (B x)) (S S) B)))) (z (I (I (I v25) K) (B x (I (x (K v14 z) z K (K S))) (v19 (x v0))))))
v23 S x (B K) x (B x) (B x) z S (K (S (z (I (K K) I (K I) (z S)) (K z x (v27 (B (B x)) (S S) B)))) (z (I (I (I v25) K) (B x (I (x (K v14 z) z K (K S))) (v19 (x v0))))))
v23 S x (B K) x (B x) (B x) z S (S (z (I (K K) I (K I) (z S)) (K z x (v27 (B (B x)) (S S) B))))
v23 S x (B K) x (B x) (B x) z S (S (z (K K I (K I) (z S)) (K z x (v27 (B (B x)) (S S) B))))
v23 S x (B K) x (B x) (B x) z S (S (z (K (K I) (z S)) (K z x (v27 (B (B x)) (S S) B))))
v23 S x (B K) x (B x) (B x) z S (S (z (K I) (K z x (v27 (B (B x)) (S S) B))))
v23 S x (B K) x (B x) (B x) z S (S (z (K I) (z (v27 (B (B x)) (S S) B))))
B
