z
I S
S
B x (K v13)
S (K B x) (x z) z
K B x z (x z z)
B z (x z z)
x (z (S I (x (v19 z x I)) (S x)) x x (x (z (x (z v27 I)) K (S (z z) (I (S (x (v13 v7)) I)) (B S)))) B (x K (x (K x (x v13) x (v2 x (B v4 (S (B B) I) I)))) I) x)
x (z (I (S x) (x (v19 z x I) (S x))) x x (x (z (x (z v27 I)) K (S (z z) (I (S (x (v13 v7)) I)) (B S)))) B (x K (x (K x (x v13) x (v2 x (B v4 (S (B B) I) I)))) I) x)
x (z (S x (x (v19 z x I) (S x))) x x (x (z (x (z v27 I)) K (S (z z) (I (S (x (v13 v7)) I)) (B S)))) B (x K (x (K x (x v13) x (v2 x (B v4 (S (B B) I) I)))) I) x)
x (z (S x (x (v19 z x I) (S x))) x x (x (z (x (z v27 I)) K (z z (B S) (I (S (x (v13 v7)) I) (B S))))) B (x K (x (K x (x v13) x (v2 x (B v4 (S (B B) I) I)))) I) x)
x (z (S x (x (v19 z x I) (S x))) x x (x (z (x (z v27 I)) K (z z (B S) (S (x (v13 v7)) I (B S))))) B (x K (x (K x (x v13) x (v2 x (B v4 (S (B B) I) I)))) I) x)
x (z (S x (x (v19 z x I) (S x))) x x (x (z (x (z v27 I)) K (z z (B S) (x (v13 v7) (B S) (I (B S)))))) B (x K (x (K x (x v13) x (v2 x (B v4 (S (B B) I) I)))) I) x)
x (z (S x (x (v19 z x I) (S x))) x x (x (z (x (z v27 I)) K (z z (B S) (x (v13 v7) (B S) (B S))))) B (x K (x (K x (x v13) x (v2 x (B v4 (S (B B) I) I)))) I) x)
x (z (S x (x (v19 z x I) (S x))) x x (x (z (x (z v27 I)) K (z z (B S) (x (v13 v7) (B S) (B S))))) B (x K (x (x x (v2 x (B v4 (S (B B) I) I)))) I) x)
x (z (S x (x (v19 z x I) (S x))) x x (x (z (x (z v27 I)) K (z z (B S) (x (v13 v7) (B S) (B S))))) B (x K (x (x x (v2 x (v4 (S (B B) I I))))) I) x)
x (z (S x (x (v19 z x I) (S x))) x x (x (z (x (z v27 I)) K (z z (B S) (x (v13 v7) (B S) (B S))))) B (x K (x (x x (v2 x (v4 (B B I (I I)))))) I) x)
x (z (S x (x (v19 z x I) (S x))) x x (x (z (x (z v27 I)) K (z z (B S) (x (v13 v7) (B S) (B S))))) B (x K (x (x x (v2 x (v4 (B (I (I I))))))) I) x)
x (z (S x (x (v19 z x I) (S x))) x x (x (z (x (z v27 I)) K (z z (B S) (x (v13 v7) (B S) (B S))))) B (x K (x (x x (v2 x (v4 (B (I I)))))) I) x)
x (z (S x (x (v19 z x I) (S x))) x x (x (z (x (z v27 I)) K (z z (B S) (x (v13 v7) (B S) (B S))))) B (x K (x (x x (v2 x (v4 (B I))))) I) x)
x B (x (z K (x K) I v28) x B) (S (v26 z) (I K (z z S) (z (K I) (I S S))) (S B) I) (v14 z (x (S (x (S K) K) I (S S)) (S x (v9 I (x K z B) (S I)))) I)
x B (x (z K (x K) I v28) x B) (v26 z (S B) (I K (z z S) (z (K I) (I S S)) (S B)) I) (v14 z (x (S (x (S K) K) I (S S)) (S x (v9 I (x K z B) (S I)))) I)
x B (x (z K (x K) I v28) x B) (v26 z (S B) (K (z z S) (z (K I) (I S S)) (S B)) I) (v14 z (x (S (x (S K) K) I (S S)) (S x (v9 I (x K z B) (S I)))) I)
x B (x (z K (x K) I v28) x B) (v26 z (S B) (z z S (S B)) I) (v14 z (x (S (x (S K) K) I (S S)) (S x (v9 I (x K z B) (S I)))) I)
x B (x (z K (x K) I v28) x B) (v26 z (S B) (z z S (S B)) I) (v14 z (x (x (S K) K (S S) (I (S S))) (S x (v9 I (x K z B) (S I)))) I)
x B (x (z K (x K) I v28) x B) (v26 z (S B) (z z S (S B)) I) (v14 z (x (x (S K) K (S S) (S S)) (S x (v9 I (x K z B) (S I)))) I)
S B (K (I z B (S v14 (x S x I z)))) (x (K (v17 S) v13) (v1 z z) (S x (S (B (S z)) (K (v30 S) z)))) (v6 (z B)) (z (I I) (S (B (B x))))
B (x (K (v17 S) v13) (v1 z z) (S x (S (B (S z)) (K (v30 S) z)))) (K (I z B (S v14 (x S x I z))) (x (K (v17 S) v13) (v1 z z) (S x (S (B (S z)) (K (v30 S) z))))) (v6 (z B)) (z (I I) (S (B (B x))))
x (K (v17 S) v13) (v1 z z) (S x (S (B (S z)) (K (v30 S) z))) (K (I z B (S v14 (x S x I z))) (x (K (v17 S) v13) (v1 z z) (S x (S (B (S z)) (K (v30 S) z)))) (v6 (z B))) (z (I I) (S (B (B x))))
x (v17 S) (v1 z z) (S x (S (B (S z)) (K (v30 S) z))) (K (I z B (S v14 (x S x I z))) (x (K (v17 S) v13) (v1 z z) (S x (S (B (S z)) (K (v30 S) z)))) (v6 (z B))) (z (I I) (S (B (B x))))
x (v17 S) (v1 z z) (S x (S (B (S z)) (v30 S))) (K (I z B (S v14 (x S x I z))) (x (K (v17 S) v13) (v1 z z) (S x (S (B (S z)) (K (v30 S) z)))) (v6 (z B))) (z (I I) (S (B (B x))))
x (v17 S) (v1 z z) (S x (S (B (S z)) (v30 S))) (I z B (S v14 (x S x I z)) (v6 (z B))) (z (I I) (S (B (B x))))
x (v17 S) (v1 z z) (S x (S (B (S z)) (v30 S))) (z B (S v14 (x S x I z)) (v6 (z B))) (z (I I) (S (B (B x))))
x (v17 S) (v1 z z) (S x (S (B (S z)) (v30 S))) (z B (S v14 (x S x I z)) (v6 (z B))) (z I (S (B (B x))))
S
z
v7 (v9 (v22 (B (z I (z K))))) (z (z (z (K (B v5)) I) x) x)
