S (x z (B v1 K (K v25 (I x (B z) (x v4) (I I v9 v4 S (I K)))))) (K (I (K z (x (B K I S K z))) (x I v5)))
S (x z (v1 (K (K v25 (I x (B z) (x v4) (I I v9 v4 S (I K))))))) (K (I (K z (x (B K I S K z))) (x I v5)))
S (x z (v1 (K v25))) (K (I (K z (x (B K I S K z))) (x I v5)))
S (x z (v1 (K v25))) (K (K z (x (B K I S K z)) (x I v5)))
S (x z (v1 (K v25))) (K (z (x I v5)))
v0 (K (B (x x (S K z S K)) (I (v8 x)))) (v13 v1) (B (x x x) (z (z z v12) z (I (z x)))) (S v2)
v0 (K (B (x x (K S (z S) K)) (I (v8 x)))) (v13 v1) (B (x x x) (z (z z v12) z (I (z x)))) (S v2)
v0 (K (B (x x (S K)) (I (v8 x)))) (v13 v1) (B (x x x) (z (z z v12) z (I (z x)))) (S v2)
v0 (K (B (x x (S K)) (v8 x))) (v13 v1) (B (x x x) (z (z z v12) z (I (z x)))) (S v2)
v0 (K (B (x x (S K)) (v8 x))) (v13 v1) (B (x x x) (z (z z v12) z (z x))) (S v2)
z
I z (K (z (I K K v4 v7) z (v4 (I B v13 (z (K (K I))) S v19 (S (x (x x) (v16 z)) (I z)) v7))) v23)
z (K (z (I K K v4 v7) z (v4 (I B v13 (z (K (K I))) S v19 (S (x (x x) (v16 z)) (I z)) v7))) v23)
z (z (I K K v4 v7) z (v4 (I B v13 (z (K (K I))) S v19 (S (x (x x) (v16 z)) (I z)) v7)))
z (z (K K v4 v7) z (v4 (I B v13 (z (K (K I))) S v19 (S (x (x x) (v16 z)) (I z)) v7)))
z (z (K v7) z (v4 (I B v13 (z (K (K I))) S v19 (S (x (x x) (v16 z)) (I z)) v7)))
z (z (K v7) z (v4 (B v13 (z (K (K I))) S v19 (S (x (x x) (v16 z)) (I z)) v7)))
z (z (K v7) z (v4 (v13 (z (K (K I)) S) v19 (S (x (x x) (v16 z)) (I z)) v7)))
z (z (K v7) z (v4 (v13 (z (K (K I)) S) v19 (S (x (x x) (v16 z)) z) v7)))
v27 (v22 z (B (K (K (x I))) K) (I S))
v27 (v22 z (B (K (K (x I))) K) S)
v0 S (K S (v19 (K K)) x I)
v0 S (S x I)
z v22 z (z z (I S z) I) (v26 S) (S (K (z (v5 B) x) v19))
z v22 z (z z (S z) I) (v26 S) (S (K (z (v5 B) x) v19))
z v22 z (z z (S z) I) (v26 S) (S (z (v5 B) x))
x (z (I (v6 (B x)) (I x B)) (I (z B) x)) I (I v13 S (S S (z K (K K)) (I (x (z z) z S) S) (B K z x))) (z x) (I (x (B S (v2 I B (I (v0 (B K))))) x (v26 S)))
x (z (v6 (B x) (I x B)) (I (z B) x)) I (I v13 S (S S (z K (K K)) (I (x (z z) z S) S) (B K z x))) (z x) (I (x (B S (v2 I B (I (v0 (B K))))) x (v26 S)))
x (z (v6 (B x) (x B)) (I (z B) x)) I (I v13 S (S S (z K (K K)) (I (x (z z) z S) S) (B K z x))) (z x) (I (x (B S (v2 I B (I (v0 (B K))))) x (v26 S)))
x (z (v6 (B x) (x B)) (z B x)) I (I v13 S (S S (z K (K K)) (I (x (z z) z S) S) (B K z x))) (z x) (I (x (B S (v2 I B (I (v0 (B K))))) x (v26 S)))
x (z (v6 (B x) (x B)) (z B x)) I (v13 S (S S (z K (K K)) (I (x (z z) z S) S) (B K z x))) (z x) (I (x (B S (v2 I B (I (v0 (B K))))) x (v26 S)))
x (z (v6 (B x) (x B)) (z B x)) I (v13 S (S (I (x (z z) z S) S) (z K (K K) (I (x (z z) z S) S)) (B K z x))) (z x) (I (x (B S (v2 I B (I (v0 (B K))))) x (v26 S)))
x (z (v6 (B x) (x B)) (z B x)) I (v13 S (I (x (z z) z S) S (B K z x) (z K (K K) (I (x (z z) z S) S) (B K z x)))) (z x) (I (x (B S (v2 I B (I (v0 (B K))))) x (v26 S)))
x (z (v6 (B x) (x B)) (z B x)) I (v13 S (x (z z) z S S (B K z x) (z K (K K) (I (x (z z) z S) S) (B K z x)))) (z x) (I (x (B S (v2 I B (I (v0 (B K))))) x (v26 S)))
x (z (v6 (B x) (x B)) (z B x)) I (v13 S (x (z z) z S S (K (z x)) (z K (K K) (I (x (z z) z S) S) (B K z x)))) (z x) (I (x (B S (v2 I B (I (v0 (B K))))) x (v26 S)))
x (z (v6 (B x) (x B)) (z B x)) I (v13 S (x (z z) z S S (K (z x)) (z K (K K) (x (z z) z S S) (B K z x)))) (z x) (I (x (B S (v2 I B (I (v0 (B K))))) x (v26 S)))
x (z (v6 (B x) (x B)) (z B x)) I (v13 S (x (z z) z S S (K (z x)) (z K (K K) (x (z z) z S S) (K (z x))))) (z x) (I (x (B S (v2 I B (I (v0 (B K))))) x (v26 S)))
x (z (v6 (B x) (x B)) (z B x)) I (v13 S (x (z z) z S S (K (z x)) (z K (K K) (x (z z) z S S) (K (z x))))) (z x) (x (B S (v2 I B (I (v0 (B K))))) x (v26 S))
x (z (v6 (B x) (x B)) (z B x)) I (v13 S (x (z z) z S S (K (z x)) (z K (K K) (x (z z) z S S) (K (z x))))) (z x) (x (B S (v2 I B (v0 (B K)))) x (v26 S))
z K (I (z (S B))) S I (K x z) (S (v14 I))
z K (z (S B)) S I (K x z) (S (v14 I))
z K (z (S B)) S I x (S (v14 I))
K
