z B (v12 S x (v27 x)) (x B) (S (K (I v24 v21 B v0)))
z B (v12 S x (v27 x)) (x B) (S (K (v24 v21 B v0)))
x (v2 (S v27 I) K (I z I (I v14)) x) S (v18 x (v28 x v9 (S x)) S (x (B (x K) z) (S x)))
x (v2 (S v27 I) K (z I (I v14)) x) S (v18 x (v28 x v9 (S x)) S (x (B (x K) z) (S x)))
x (v2 (S v27 I) K (z I v14) x) S (v18 x (v28 x v9 (S x)) S (x (B (x K) z) (S x)))
z v6 B (v20 (v16 S z))
I v7 (B (I (K (K x) (K (v7 v14) K)) (x S) I)) (x (K x (v10 (I x (I S K) (B I B)) (S (I I (K K S S)))))) (B x (v14 I) (K K) z v12 (S (S S) v17 B B K z) (v18 (z (B S)) (K (B v4 v23) (z B))) K)
v7 (B (I (K (K x) (K (v7 v14) K)) (x S) I)) (x (K x (v10 (I x (I S K) (B I B)) (S (I I (K K S S)))))) (B x (v14 I) (K K) z v12 (S (S S) v17 B B K z) (v18 (z (B S)) (K (B v4 v23) (z B))) K)
v7 (B (K (K x) (K (v7 v14) K) (x S) I)) (x (K x (v10 (I x (I S K) (B I B)) (S (I I (K K S S)))))) (B x (v14 I) (K K) z v12 (S (S S) v17 B B K z) (v18 (z (B S)) (K (B v4 v23) (z B))) K)
v7 (B (K x (x S) I)) (x (K x (v10 (I x (I S K) (B I B)) (S (I I (K K S S)))))) (B x (v14 I) (K K) z v12 (S (S S) v17 B B K z) (v18 (z (B S)) (K (B v4 v23) (z B))) K)
v7 (B (x I)) (x (K x (v10 (I x (I S K) (B I B)) (S (I I (K K S S)))))) (B x (v14 I) (K K) z v12 (S (S S) v17 B B K z) (v18 (z (B S)) (K (B v4 v23) (z B))) K)
v7 (B (x I)) (x x) (B x (v14 I) (K K) z v12 (S (S S) v17 B B K z) (v18 (z (B S)) (K (B v4 v23) (z B))) K)
v7 (B (x I)) (x x) (x (v14 I (K K)) z v12 (S (S S) v17 B B K z) (v18 (z (B S)) (K (B v4 v23) (z B))) K)
v7 (B (x I)) (x x) (x (v14 I (K K)) z v12 (S S B (v17 B) B K z) (v18 (z (B S)) (K (B v4 v23) (z B))) K)
v7 (B (x I)) (x x) (x (v14 I (K K)) z v12 (S (v17 B) (B (v17 B)) B K z) (v18 (z (B S)) (K (B v4 v23) (z B))) K)
v7 (B (x I)) (x x) (x (v14 I (K K)) z v12 (v17 B B (B (v17 B) B) K z) (v18 (z (B S)) (K (B v4 v23) (z B))) K)
v7 (B (x I)) (x x) (x (v14 I (K K)) z v12 (v17 B B (B (v17 B) B) K z) (v18 (z (B S)) (B v4 v23)) K)
S (S (z (S B (z v30) S))) B (z I (K x) K (K v23))
S (z (S B (z v30) S)) (z I (K x) K (K v23)) (B (z I (K x) K (K v23)))
z (S B (z v30) S) (B (z I (K x) K (K v23))) (z I (K x) K (K v23) (B (z I (K x) K (K v23))))
z (B S (z v30 S)) (B (z I (K x) K (K v23))) (z I (K x) K (K v23) (B (z I (K x) K (K v23))))
x (K I (v29 (I K z K)) (S (x K (x B I I)) z) x (S (S I (B (x (K S I S) v9)))) (z K) (K x z (B B (v7 x) v13)))
x (I (S (x K (x B I I)) z) x (S (S I (B (x (K S I S) v9)))) (z K) (K x z (B B (v7 x) v13)))
x (S (x K (x B I I)) z x (S (S I (B (x (K S I S) v9)))) (z K) (K x z (B B (v7 x) v13)))
x (x K (x B I I) x (z x) (S (S I (B (x (K S I S) v9)))) (z K) (K x z (B B (v7 x) v13)))
x (x K (x B I I) x (z x) (S (S I (B (x (S S) v9)))) (z K) (K x z (B B (v7 x) v13)))
x (x K (x B I I) x (z x) (S (S I (B (x (S S) v9)))) (z K) (x (B B (v7 x) v13)))
x (x K (x B I I) x (z x) (S (S I (B (x (S S) v9)))) (z K) (x (B (v7 x v13))))
B (S (z B)) (K I (K (S (S (v7 S) (z S K v19 x) (z B)) B) (S z)) (B v18 (v4 v28 z B (v19 x) (K K B)) K (z B) K x) (K z (K v29)))
B (S (z B)) (I (B v18 (v4 v28 z B (v19 x) (K K B)) K (z B) K x) (K z (K v29)))
B (S (z B)) (B v18 (v4 v28 z B (v19 x) (K K B)) K (z B) K x (K z (K v29)))
B (S (z B)) (v18 (v4 v28 z B (v19 x) (K K B) K) (z B) K x (K z (K v29)))
B (S (z B)) (v18 (v4 v28 z B (v19 x) K K) (z B) K x (K z (K v29)))
B (S (z B)) (v18 (v4 v28 z B (v19 x) K K) (z B) K x z)
z
v9 (I I (z K)) (x K)
v9 (I (z K)) (x K)
v9 (z K) (x K)
S z (I (x (K K) (z z) K)) (z B K v16 I I) K (B K v20 v23 K (I (I (K I K)) (B v17 v26) S (v6 (I z) I B)) S)
z (z B K v16 I I) (I (x (K K) (z z) K) (z B K v16 I I)) K (B K v20 v23 K (I (I (K I K)) (B v17 v26) S (v6 (I z) I B)) S)
z (z B K v16 I I) (x (K K) (z z) K (z B K v16 I I)) K (B K v20 v23 K (I (I (K I K)) (B v17 v26) S (v6 (I z) I B)) S)
z (z B K v16 I I) (x (K K) (z z) K (z B K v16 I I)) K (K (v20 v23) K (I (I (K I K)) (B v17 v26) S (v6 (I z) I B)) S)
z (z B K v16 I I) (x (K K) (z z) K (z B K v16 I I)) K (v20 v23 (I (I (K I K)) (B v17 v26) S (v6 (I z) I B)) S)
z (z B K v16 I I) (x (K K) (z z) K (z B K v16 I I)) K (v20 v23 (I (K I K) (B v17 v26) S (v6 (I z) I B)) S)
z (z B K v16 I I) (x (K K) (z z) K (z B K v16 I I)) K (v20 v23 (K I K (B v17 v26) S (v6 (I z) I B)) S)
z (z B K v16 I I) (x (K K) (z z) K (z B K v16 I I)) K (v20 v23 (I (B v17 v26) S (v6 (I z) I B)) S)
z (z B K v16 I I) (x (K K) (z z) K (z B K v16 I I)) K (v20 v23 (B v17 v26 S (v6 (I z) I B)) S)
z (z B K v16 I I) (x (K K) (z z) K (z B K v16 I I)) K (v20 v23 (v17 (v26 S) (v6 (I z) I B)) S)
z (z B K v16 I I) (x (K K) (z z) K (z B K v16 I I)) K (v20 v23 (v17 (v26 S) (v6 z I B)) S)
