S (x (x K) (S I I (K (x v30) (z x) (z z) (x (x (S (x z)) x)))) v22) (K S)
S (x (x K) (I (K (x v30) (z x) (z z) (x (x (S (x z)) x))) (I (K (x v30) (z x) (z z) (x (x (S (x z)) x))))) v22) (K S)
S (x (x K) (K (x v30) (z x) (z z) (x (x (S (x z)) x)) (I (K (x v30) (z x) (z z) (x (x (S (x z)) x))))) v22) (K S)
S (x (x K) (x v30 (z z) (x (x (S (x z)) x)) (I (K (x v30) (z x) (z z) (x (x (S (x z)) x))))) v22) (K S)
S (x (x K) (x v30 (z z) (x (x (S (x z)) x)) (K (x v30) (z x) (z z) (x (x (S (x z)) x)))) v22) (K S)
S (x (x K) (x v30 (z z) (x (x (S (x z)) x)) (x v30 (z z) (x (x (S (x z)) x)))) v22) (K S)
z z (S K (K (S v12 x) B (S B))) (z (I (S z) (v30 v11) x (S z z v10 (x z))))
z z (S K (S v12 x (S B))) (z (I (S z) (v30 v11) x (S z z v10 (x z))))
z z (S K (v12 (S B) (x (S B)))) (z (I (S z) (v30 v11) x (S z z v10 (x z))))
z z (S K (v12 (S B) (x (S B)))) (z (S z (v30 v11) x (S z z v10 (x z))))
z z (S K (v12 (S B) (x (S B)))) (z (z x (v30 v11 x) (S z z v10 (x z))))
z z (S K (v12 (S B) (x (S B)))) (z (z x (v30 v11 x) (z v10 (z v10) (x z))))
K (z (v20 (x x)) (v8 (x x) (I K I) (B S) (I (B B)) x)) (z I (S B (x x I) x (S (I (B (I z)))) (B (K I))) (z B (v0 (S z)) (K (B S)) (z (I (x (K (z K v2)))))) (x (I B (v12 v14 (z (v23 I)) (S v20) S)) (S K) z v22))
z (v20 (x x)) (v8 (x x) (I K I) (B S) (I (B B)) x)
z (v20 (x x)) (v8 (x x) (K I) (B S) (I (B B)) x)
z (v20 (x x)) (v8 (x x) (K I) (B S) (B B) x)
x (B (v21 S (v1 (v21 z))) (I (z (x S)) (v2 K (B (v13 v28)) (x (I (B (I (v20 (K (z I))))))))) (S (K K B (I S (x (S (S z) (v14 (K (I x) (x z))))))) (K z B (K K))))
x (v21 S (v1 (v21 z)) (I (z (x S)) (v2 K (B (v13 v28)) (x (I (B (I (v20 (K (z I)))))))) (S (K K B (I S (x (S (S z) (v14 (K (I x) (x z))))))) (K z B (K K)))))
x (v21 S (v1 (v21 z)) (z (x S) (v2 K (B (v13 v28)) (x (I (B (I (v20 (K (z I)))))))) (S (K K B (I S (x (S (S z) (v14 (K (I x) (x z))))))) (K z B (K K)))))
x (v21 S (v1 (v21 z)) (z (x S) (v2 K (B (v13 v28)) (x (B (I (v20 (K (z I))))))) (S (K K B (I S (x (S (S z) (v14 (K (I x) (x z))))))) (K z B (K K)))))
x (v21 S (v1 (v21 z)) (z (x S) (v2 K (B (v13 v28)) (x (B (v20 (K (z I)))))) (S (K K B (I S (x (S (S z) (v14 (K (I x) (x z))))))) (K z B (K K)))))
x (v21 S (v1 (v21 z)) (z (x S) (v2 K (B (v13 v28)) (x (B (v20 (K (z I)))))) (S (K (I S (x (S (S z) (v14 (K (I x) (x z))))))) (K z B (K K)))))
x (v21 S (v1 (v21 z)) (z (x S) (v2 K (B (v13 v28)) (x (B (v20 (K (z I)))))) (S (K (S (x (S (S z) (v14 (K (I x) (x z))))))) (K z B (K K)))))
x (v21 S (v1 (v21 z)) (z (x S) (v2 K (B (v13 v28)) (x (B (v20 (K (z I)))))) (S (K (S (x (S (S z) (v14 (I x)))))) (K z B (K K)))))
x (v21 S (v1 (v21 z)) (z (x S) (v2 K (B (v13 v28)) (x (B (v20 (K (z I)))))) (S (K (S (x (S (S z) (v14 x))))) (K z B (K K)))))
x (v21 S (v1 (v21 z)) (z (x S) (v2 K (B (v13 v28)) (x (B (v20 (K (z I)))))) (S (K (S (x (S (S z) (v14 x))))) (z (K K)))))
B K
S (z (z (K (I z)) z) (I (v25 (S (B v1) S) (S S)) (v22 (S x) B z I v30) S))
S (z (z (K z) z) (I (v25 (S (B v1) S) (S S)) (v22 (S x) B z I v30) S))
S (z (z (K z) z) (v25 (S (B v1) S) (S S) (v22 (S x) B z I v30) S))
v23 (z K)
I (B (S I B I (K z v24 I)) (x (B I))) (K K (x v14) K (B S))
B (S I B I (K z v24 I)) (x (B I)) (K K (x v14) K (B S))
S I B I (K z v24 I) (x (B I) (K K (x v14) K (B S)))
I I (B I) (K z v24 I) (x (B I) (K K (x v14) K (B S)))
I (B I) (K z v24 I) (x (B I) (K K (x v14) K (B S)))
B I (K z v24 I) (x (B I) (K K (x v14) K (B S)))
I (K z v24 I (x (B I) (K K (x v14) K (B S))))
K z v24 I (x (B I) (K K (x v14) K (B S)))
z I (x (B I) (K K (x v14) K (B S)))
z I (x (B I) (K K (B S)))
z I (x (B I) K)
B (B (v23 (I z (z I)) (v29 (I (x I)) (x v22))) B (z (x (v5 (S B (I x z)) B) (S v16)))) K
B (v23 (I z (z I)) (v29 (I (x I)) (x v22)) (B (z (x (v5 (S B (I x z)) B) (S v16))))) K
B (v23 (z (z I)) (v29 (I (x I)) (x v22)) (B (z (x (v5 (S B (I x z)) B) (S v16))))) K
B (v23 (z (z I)) (v29 (x I) (x v22)) (B (z (x (v5 (S B (I x z)) B) (S v16))))) K
B (v23 (z (z I)) (v29 (x I) (x v22)) (B (z (x (v5 (S B (x z)) B) (S v16))))) K
z (v24 K) (I K x (K S) z S (S (S v11))) K S (K v27 (z (I K (z (x (z (I I) z x (K (x (S (v7 S))))))))))
z (v24 K) (K x (K S) z S (S (S v11))) K S (K v27 (z (I K (z (x (z (I I) z x (K (x (S (v7 S))))))))))
z (v24 K) (x z S (S (S v11))) K S (K v27 (z (I K (z (x (z (I I) z x (K (x (S (v7 S))))))))))
z (v24 K) (x z S (S (S v11))) K S v27
