K (v21 (K I B z (z (S I))) (K (K K)) (v22 v7 (x S (K v22))) (S I) (I x (z (B x (v21 S) K) (K K S x) (x K) I v4 (K (S I K) (v28 S)))))
K (v21 (I z (z (S I))) (K (K K)) (v22 v7 (x S (K v22))) (S I) (I x (z (B x (v21 S) K) (K K S x) (x K) I v4 (K (S I K) (v28 S)))))
K (v21 (z (z (S I))) (K (K K)) (v22 v7 (x S (K v22))) (S I) (I x (z (B x (v21 S) K) (K K S x) (x K) I v4 (K (S I K) (v28 S)))))
K (v21 (z (z (S I))) (K (K K)) (v22 v7 (x S (K v22))) (S I) (x (z (B x (v21 S) K) (K K S x) (x K) I v4 (K (S I K) (v28 S)))))
K (v21 (z (z (S I))) (K (K K)) (v22 v7 (x S (K v22))) (S I) (x (z (x (v21 S K)) (K K S x) (x K) I v4 (K (S I K) (v28 S)))))
K (v21 (z (z (S I))) (K (K K)) (v22 v7 (x S (K v22))) (S I) (x (z (x (v21 S K)) (K x) (x K) I v4 (K (S I K) (v28 S)))))
K (v21 (z (z (S I))) (K (K K)) (v22 v7 (x S (K v22))) (S I) (x (z (x (v21 S K)) (K x) (x K) I v4 (S I K))))
x (z S) (B (z B x)) K (z (B v14)) (S I (x (K I) z x) z) (B (x (K x K) (x z)) (B (x S x) (B S (z K)) z) (v18 (z z (x (z (x S)))) (z (K (z B)) z)) K (z B))
x (z S) (B (z B x)) K (z (B v14)) (I z (x (K I) z x z)) (B (x (K x K) (x z)) (B (x S x) (B S (z K)) z) (v18 (z z (x (z (x S)))) (z (K (z B)) z)) K (z B))
x (z S) (B (z B x)) K (z (B v14)) (z (x (K I) z x z)) (B (x (K x K) (x z)) (B (x S x) (B S (z K)) z) (v18 (z z (x (z (x S)))) (z (K (z B)) z)) K (z B))
x (z S) (B (z B x)) K (z (B v14)) (z (x (K I) z x z)) (x (K x K) (x z) (B (x S x) (B S (z K)) z (v18 (z z (x (z (x S)))) (z (K (z B)) z))) K (z B))
x (z S) (B (z B x)) K (z (B v14)) (z (x (K I) z x z)) (x x (x z) (B (x S x) (B S (z K)) z (v18 (z z (x (z (x S)))) (z (K (z B)) z))) K (z B))
x (z S) (B (z B x)) K (z (B v14)) (z (x (K I) z x z)) (x x (x z) (x S x (B S (z K) z) (v18 (z z (x (z (x S)))) (z (K (z B)) z))) K (z B))
x (z S) (B (z B x)) K (z (B v14)) (z (x (K I) z x z)) (x x (x z) (x S x (S (z K z)) (v18 (z z (x (z (x S)))) (z (K (z B)) z))) K (z B))
z (I (S I (S (z (K x))) (I (v24 (I I)))) (z K x K (z (v6 K I))))
z (S I (S (z (K x))) (I (v24 (I I))) (z K x K (z (v6 K I))))
z (I (I (v24 (I I))) (S (z (K x)) (I (v24 (I I)))) (z K x K (z (v6 K I))))
z (I (v24 (I I)) (S (z (K x)) (I (v24 (I I)))) (z K x K (z (v6 K I))))
z (v24 (I I) (S (z (K x)) (I (v24 (I I)))) (z K x K (z (v6 K I))))
z (v24 I (S (z (K x)) (I (v24 (I I)))) (z K x K (z (v6 K I))))
z (v24 I (S (z (K x)) (v24 (I I))) (z K x K (z (v6 K I))))
z (v24 I (S (z (K x)) (v24 I)) (z K x K (z (v6 K I))))
S
v12 (v0 (v15 S B) (x I (v14 (S (I K))))) I (K (x (z K x (K v24 z))) (I B (B (z v3)) (B I))) (v12 K (K I z) (z x) v22 (z (v22 B)) v6 (B S (B z) (K B)) B K) (S (I S) (z (B (x x (z x (z S v25) v28)) K) (S z)))
v12 (v0 (v15 S B) (x I (v14 (S K)))) I (K (x (z K x (K v24 z))) (I B (B (z v3)) (B I))) (v12 K (K I z) (z x) v22 (z (v22 B)) v6 (B S (B z) (K B)) B K) (S (I S) (z (B (x x (z x (z S v25) v28)) K) (S z)))
v12 (v0 (v15 S B) (x I (v14 (S K)))) I (x (z K x (K v24 z))) (v12 K (K I z) (z x) v22 (z (v22 B)) v6 (B S (B z) (K B)) B K) (S (I S) (z (B (x x (z x (z S v25) v28)) K) (S z)))
v12 (v0 (v15 S B) (x I (v14 (S K)))) I (x (z K x v24)) (v12 K (K I z) (z x) v22 (z (v22 B)) v6 (B S (B z) (K B)) B K) (S (I S) (z (B (x x (z x (z S v25) v28)) K) (S z)))
v12 (v0 (v15 S B) (x I (v14 (S K)))) I (x (z K x v24)) (v12 K I (z x) v22 (z (v22 B)) v6 (B S (B z) (K B)) B K) (S (I S) (z (B (x x (z x (z S v25) v28)) K) (S z)))
v12 (v0 (v15 S B) (x I (v14 (S K)))) I (x (z K x v24)) (v12 K I (z x) v22 (z (v22 B)) v6 (S (B z (K B))) B K) (S (I S) (z (B (x x (z x (z S v25) v28)) K) (S z)))
v12 (v0 (v15 S B) (x I (v14 (S K)))) I (x (z K x v24)) (v12 K I (z x) v22 (z (v22 B)) v6 (S (B z (K B))) B K) (S S (z (B (x x (z x (z S v25) v28)) K) (S z)))
I (z x) S (K K K) (B B (v30 z S)) I x
z x S (K K K) (B B (v30 z S)) I x
z x S K (B B (v30 z S)) I x
S (B (S (K (v16 I)) (K I (v24 (I v14) I) I B (v7 (I z (v27 (K B)))))) B) (S (K B) (K (I (B z))) v2 (z K (B (v4 (I (K (S I x) K (B z))))) (z I z x (S (z (K (x I)) z (v17 (z K)))) (I (x (v28 (S z) K) (z v3 v19)))))) (z v17 I (K (I (x x (z B)))) (S (v2 (S (v23 B (I v21)))) B) I (I (I v8 (v5 K) z (z (z v28 K I))) x) (S (S (z K K z) (B (I (K I)) (K B I x) I) K) (x S)))
B (S (K (v16 I)) (K I (v24 (I v14) I) I B (v7 (I z (v27 (K B)))))) B (z v17 I (K (I (x x (z B)))) (S (v2 (S (v23 B (I v21)))) B) I (I (I v8 (v5 K) z (z (z v28 K I))) x) (S (S (z K K z) (B (I (K I)) (K B I x) I) K) (x S))) (S (K B) (K (I (B z))) v2 (z K (B (v4 (I (K (S I x) K (B z))))) (z I z x (S (z (K (x I)) z (v17 (z K)))) (I (x (v28 (S z) K) (z v3 v19))))) (z v17 I (K (I (x x (z B)))) (S (v2 (S (v23 B (I v21)))) B) I (I (I v8 (v5 K) z (z (z v28 K I))) x) (S (S (z K K z) (B (I (K I)) (K B I x) I) K) (x S))))
S (K (v16 I)) (K I (v24 (I v14) I) I B (v7 (I z (v27 (K B))))) (B (z v17 I (K (I (x x (z B)))) (S (v2 (S (v23 B (I v21)))) B) I (I (I v8 (v5 K) z (z (z v28 K I))) x) (S (S (z K K z) (B (I (K I)) (K B I x) I) K) (x S)))) (S (K B) (K (I (B z))) v2 (z K (B (v4 (I (K (S I x) K (B z))))) (z I z x (S (z (K (x I)) z (v17 (z K)))) (I (x (v28 (S z) K) (z v3 v19))))) (z v17 I (K (I (x x (z B)))) (S (v2 (S (v23 B (I v21)))) B) I (I (I v8 (v5 K) z (z (z v28 K I))) x) (S (S (z K K z) (B (I (K I)) (K B I x) I) K) (x S))))
K (v16 I) (B (z v17 I (K (I (x x (z B)))) (S (v2 (S (v23 B (I v21)))) B) I (I (I v8 (v5 K) z (z (z v28 K I))) x) (S (S (z K K z) (B (I (K I)) (K B I x) I) K) (x S)))) (K I (v24 (I v14) I) I B (v7 (I z (v27 (K B)))) (B (z v17 I (K (I (x x (z B)))) (S (v2 (S (v23 B (I v21)))) B) I (I (I v8 (v5 K) z (z (z v28 K I))) x) (S (S (z K K z) (B (I (K I)) (K B I x) I) K) (x S))))) (S (K B) (K (I (B z))) v2 (z K (B (v4 (I (K (S I x) K (B z))))) (z I z x (S (z (K (x I)) z (v17 (z K)))) (I (x (v28 (S z) K) (z v3 v19))))) (z v17 I (K (I (x x (z B)))) (S (v2 (S (v23 B (I v21)))) B) I (I (I v8 (v5 K) z (z (z v28 K I))) x) (S (S (z K K z) (B (I (K I)) (K B I x) I) K) (x S))))
v16 I (K I (v24 (I v14) I) I B (v7 (I z (v27 (K B)))) (B (z v17 I (K (I (x x (z B)))) (S (v2 (S (v23 B (I v21)))) B) I (I (I v8 (v5 K) z (z (z v28 K I))) x) (S (S (z K K z) (B (I (K I)) (K B I x) I) K) (x S))))) (S (K B) (K (I (B z))) v2 (z K (B (v4 (I (K (S I x) K (B z))))) (z I z x (S (z (K (x I)) z (v17 (z K)))) (I (x (v28 (S z) K) (z v3 v19))))) (z v17 I (K (I (x x (z B)))) (S (v2 (S (v23 B (I v21)))) B) I (I (I v8 (v5 K) z (z (z v28 K I))) x) (S (S (z K K z) (B (I (K I)) (K B I x) I) K) (x S))))
v16 I (I I B (v7 (I z (v27 (K B)))) (B (z v17 I (K (I (x x (z B)))) (S (v2 (S (v23 B (I v21)))) B) I (I (I v8 (v5 K) z (z (z v28 K I))) x) (S (S (z K K z) (B (I (K I)) (K B I x) I) K) (x S))))) (S (K B) (K (I (B z))) v2 (z K (B (v4 (I (K (S I x) K (B z))))) (z I z x (S (z (K (x I)) z (v17 (z K)))) (I (x (v28 (S z) K) (z v3 v19))))) (z v17 I (K (I (x x (z B)))) (S (v2 (S (v23 B (I v21)))) B) I (I (I v8 (v5 K) z (z (z v28 K I))) x) (S (S (z K K z) (B (I (K I)) (K B I x) I) K) (x S))))
v16 I (I B (v7 (I z (v27 (K B)))) (B (z v17 I (K (I (x x (z B)))) (S (v2 (S (v23 B (I v21)))) B) I (I (I v8 (v5 K) z (z (z v28 K I))) x) (S (S (z K K z) (B (I (K I)) (K B I x) I) K) (x S))))) (S (K B) (K (I (B z))) v2 (z K (B (v4 (I (K (S I x) K (B z))))) (z I z x (S (z (K (x I)) z (v17 (z K)))) (I (x (v28 (S z) K) (z v3 v19))))) (z v17 I (K (I (x x (z B)))) (S (v2 (S (v23 B (I v21)))) B) I (I (I v8 (v5 K) z (z (z v28 K I))) x) (S (S (z K K z) (B (I (K I)) (K B I x) I) K) (x S))))
v16 I (B (v7 (I z (v27 (K B)))) (B (z v17 I (K (I (x x (z B)))) (S (v2 (S (v23 B (I v21)))) B) I (I (I v8 (v5 K) z (z (z v28 K I))) x) (S (S (z K K z) (B (I (K I)) (K B I x) I) K) (x S))))) (S (K B) (K (I (B z))) v2 (z K (B (v4 (I (K (S I x) K (B z))))) (z I z x (S (z (K (x I)) z (v17 (z K)))) (I (x (v28 (S z) K) (z v3 v19))))) (z v17 I (K (I (x x (z B)))) (S (v2 (S (v23 B (I v21)))) B) I (I (I v8 (v5 K) z (z (z v28 K I))) x) (S (S (z K K z) (B (I (K I)) (K B I x) I) K) (x S))))
v16 I (B (v7 (z (v27 (K B)))) (B (z v17 I (K (I (x x (z B)))) (S (v2 (S (v23 B (I v21)))) B) I (I (I v8 (v5 K) z (z (z v28 K I))) x) (S (S (z K K z) (B (I (K I)) (K B I x) I) K) (x S))))) (S (K B) (K (I (B z))) v2 (z K (B (v4 (I (K (S I x) K (B z))))) (z I z x (S (z (K (x I)) z (v17 (z K)))) (I (x (v28 (S z) K) (z v3 v19))))) (z v17 I (K (I (x x (z B)))) (S (v2 (S (v23 B (I v21)))) B) I (I (I v8 (v5 K) z (z (z v28 K I))) x) (S (S (z K K z) (B (I (K I)) (K B I x) I) K) (x S))))
v16 I (B (v7 (z (v27 (K B)))) (B (z v17 I (K (x x (z B))) (S (v2 (S (v23 B (I v21)))) B) I (I (I v8 (v5 K) z (z (z v28 K I))) x) (S (S (z K K z) (B (I (K I)) (K B I x) I) K) (x S))))) (S (K B) (K (I (B z))) v2 (z K (B (v4 (I (K (S I x) K (B z))))) (z I z x (S (z (K (x I)) z (v17 (z K)))) (I (x (v28 (S z) K) (z v3 v19))))) (z v17 I (K (I (x x (z B)))) (S (v2 (S (v23 B (I v21)))) B) I (I (I v8 (v5 K) z (z (z v28 K I))) x) (S (S (z K K z) (B (I (K I)) (K B I x) I) K) (x S))))
v16 I (B (v7 (z (v27 (K B)))) (B (z v17 I (K (x x (z B))) (S (v2 (S (v23 B v21))) B) I (I (I v8 (v5 K) z (z (z v28 K I))) x) (S (S (z K K z) (B (I (K I)) (K B I x) I) K) (x S))))) (S (K B) (K (I (B z))) v2 (z K (B (v4 (I (K (S I x) K (B z))))) (z I z x (S (z (K (x I)) z (v17 (z K)))) (I (x (v28 (S z) K) (z v3 v19))))) (z v17 I (K (I (x x (z B)))) (S (v2 (S (v23 B (I v21)))) B) I (I (I v8 (v5 K) z (z (z v28 K I))) x) (S (S (z K K z) (B (I (K I)) (K B I x) I) K) (x S))))
v16 I (B (v7 (z (v27 (K B)))) (B (z v17 I (K (x x (z B))) (S (v2 (S (v23 B v21))) B) I (I v8 (v5 K) z (z (z v28 K I)) x) (S (S (z K K z) (B (I (K I)) (K B I x) I) K) (x S))))) (S (K B) (K (I (B z))) v2 (z K (B (v4 (I (K (S I x) K (B z))))) (z I z x (S (z (K (x I)) z (v17 (z K)))) (I (x (v28 (S z) K) (z v3 v19))))) (z v17 I (K (I (x x (z B)))) (S (v2 (S (v23 B (I v21)))) B) I (I (I v8 (v5 K) z (z (z v28 K I))) x) (S (S (z K K z) (B (I (K I)) (K B I x) I) K) (x S))))
v16 I (B (v7 (z (v27 (K B)))) (B (z v17 I (K (x x (z B))) (S (v2 (S (v23 B v21))) B) I (v8 (v5 K) z (z (z v28 K I)) x) (S (S (z K K z) (B (I (K I)) (K B I x) I) K) (x S))))) (S (K B) (K (I (B z))) v2 (z K (B (v4 (I (K (S I x) K (B z))))) (z I z x (S (z (K (x I)) z (v17 (z K)))) (I (x (v28 (S z) K) (z v3 v19))))) (z v17 I (K (I (x x (z B)))) (S (v2 (S (v23 B (I v21)))) B) I (I (I v8 (v5 K) z (z (z v28 K I))) x) (S (S (z K K z) (B (I (K I)) (K B I x) I) K) (x S))))
v16 I (B (v7 (z (v27 (K B)))) (B (z v17 I (K (x x (z B))) (S (v2 (S (v23 B v21))) B) I (v8 (v5 K) z (z (z v28 K I)) x) (S (z K K z K (B (I (K I)) (K B I x) I K)) (x S))))) (S (K B) (K (I (B z))) v2 (z K (B (v4 (I (K (S I x) K (B z))))) (z I z x (S (z (K (x I)) z (v17 (z K)))) (I (x (v28 (S z) K) (z v3 v19))))) (z v17 I (K (I (x x (z B)))) (S (v2 (S (v23 B (I v21)))) B) I (I (I v8 (v5 K) z (z (z v28 K I))) x) (S (S (z K K z) (B (I (K I)) (K B I x) I) K) (x S))))
v16 I (B (v7 (z (v27 (K B)))) (B (z v17 I (K (x x (z B))) (S (v2 (S (v23 B v21))) B) I (v8 (v5 K) z (z (z v28 K I)) x) (S (z K K z K (I (K I) (K B I x I) K)) (x S))))) (S (K B) (K (I (B z))) v2 (z K (B (v4 (I (K (S I x) K (B z))))) (z I z x (S (z (K (x I)) z (v17 (z K)))) (I (x (v28 (S z) K) (z v3 v19))))) (z v17 I (K (I (x x (z B)))) (S (v2 (S (v23 B (I v21)))) B) I (I (I v8 (v5 K) z (z (z v28 K I))) x) (S (S (z K K z) (B (I (K I)) (K B I x) I) K) (x S))))
v16 I (B (v7 (z (v27 (K B)))) (B (z v17 I (K (x x (z B))) (S (v2 (S (v23 B v21))) B) I (v8 (v5 K) z (z (z v28 K I)) x) (S (z K K z K (K I (K B I x I) K)) (x S))))) (S (K B) (K (I (B z))) v2 (z K (B (v4 (I (K (S I x) K (B z))))) (z I z x (S (z (K (x I)) z (v17 (z K)))) (I (x (v28 (S z) K) (z v3 v19))))) (z v17 I (K (I (x x (z B)))) (S (v2 (S (v23 B (I v21)))) B) I (I (I v8 (v5 K) z (z (z v28 K I))) x) (S (S (z K K z) (B (I (K I)) (K B I x) I) K) (x S))))
v16 I (B (v7 (z (v27 (K B)))) (B (z v17 I (K (x x (z B))) (S (v2 (S (v23 B v21))) B) I (v8 (v5 K) z (z (z v28 K I)) x) (S (z K K z K (I K)) (x S))))) (S (K B) (K (I (B z))) v2 (z K (B (v4 (I (K (S I x) K (B z))))) (z I z x (S (z (K (x I)) z (v17 (z K)))) (I (x (v28 (S z) K) (z v3 v19))))) (z v17 I (K (I (x x (z B)))) (S (v2 (S (v23 B (I v21)))) B) I (I (I v8 (v5 K) z (z (z v28 K I))) x) (S (S (z K K z) (B (I (K I)) (K B I x) I) K) (x S))))
v16 I (B (v7 (z (v27 (K B)))) (B (z v17 I (K (x x (z B))) (S (v2 (S (v23 B v21))) B) I (v8 (v5 K) z (z (z v28 K I)) x) (S (z K K z K K) (x S))))) (S (K B) (K (I (B z))) v2 (z K (B (v4 (I (K (S I x) K (B z))))) (z I z x (S (z (K (x I)) z (v17 (z K)))) (I (x (v28 (S z) K) (z v3 v19))))) (z v17 I (K (I (x x (z B)))) (S (v2 (S (v23 B (I v21)))) B) I (I (I v8 (v5 K) z (z (z v28 K I))) x) (S (S (z K K z) (B (I (K I)) (K B I x) I) K) (x S))))
v16 I (B (v7 (z (v27 (K B)))) (B (z v17 I (K (x x (z B))) (S (v2 (S (v23 B v21))) B) I (v8 (v5 K) z (z (z v28 K I)) x) (S (z K K z K K) (x S))))) (K B v2 (K (I (B z)) v2) (z K (B (v4 (I (K (S I x) K (B z))))) (z I z x (S (z (K (x I)) z (v17 (z K)))) (I (x (v28 (S z) K) (z v3 v19))))) (z v17 I (K (I (x x (z B)))) (S (v2 (S (v23 B (I v21)))) B) I (I (I v8 (v5 K) z (z (z v28 K I))) x) (S (S (z K K z) (B (I (K I)) (K B I x) I) K) (x S))))
v16 I (B (v7 (z (v27 (K B)))) (B (z v17 I (K (x x (z B))) (S (v2 (S (v23 B v21))) B) I (v8 (v5 K) z (z (z v28 K I)) x) (S (z K K z K K) (x S))))) (B (K (I (B z)) v2) (z K (B (v4 (I (K (S I x) K (B z))))) (z I z x (S (z (K (x I)) z (v17 (z K)))) (I (x (v28 (S z) K) (z v3 v19))))) (z v17 I (K (I (x x (z B)))) (S (v2 (S (v23 B (I v21)))) B) I (I (I v8 (v5 K) z (z (z v28 K I))) x) (S (S (z K K z) (B (I (K I)) (K B I x) I) K) (x S))))
v16 I (B (v7 (z (v27 (K B)))) (B (z v17 I (K (x x (z B))) (S (v2 (S (v23 B v21))) B) I (v8 (v5 K) z (z (z v28 K I)) x) (S (z K K z K K) (x S))))) (K (I (B z)) v2 (z K (B (v4 (I (K (S I x) K (B z))))) (z I z x (S (z (K (x I)) z (v17 (z K)))) (I (x (v28 (S z) K) (z v3 v19)))) (z v17 I (K (I (x x (z B)))) (S (v2 (S (v23 B (I v21)))) B) I (I (I v8 (v5 K) z (z (z v28 K I))) x) (S (S (z K K z) (B (I (K I)) (K B I x) I) K) (x S)))))
v16 I (B (v7 (z (v27 (K B)))) (B (z v17 I (K (x x (z B))) (S (v2 (S (v23 B v21))) B) I (v8 (v5 K) z (z (z v28 K I)) x) (S (z K K z K K) (x S))))) (I (B z) (z K (B (v4 (I (K (S I x) K (B z))))) (z I z x (S (z (K (x I)) z (v17 (z K)))) (I (x (v28 (S z) K) (z v3 v19)))) (z v17 I (K (I (x x (z B)))) (S (v2 (S (v23 B (I v21)))) B) I (I (I v8 (v5 K) z (z (z v28 K I))) x) (S (S (z K K z) (B (I (K I)) (K B I x) I) K) (x S)))))
v16 I (B (v7 (z (v27 (K B)))) (B (z v17 I (K (x x (z B))) (S (v2 (S (v23 B v21))) B) I (v8 (v5 K) z (z (z v28 K I)) x) (S (z K K z K K) (x S))))) (B z (z K (B (v4 (I (K (S I x) K (B z))))) (z I z x (S (z (K (x I)) z (v17 (z K)))) (I (x (v28 (S z) K) (z v3 v19)))) (z v17 I (K (I (x x (z B)))) (S (v2 (S (v23 B (I v21)))) B) I (I (I v8 (v5 K) z (z (z v28 K I))) x) (S (S (z K K z) (B (I (K I)) (K B I x) I) K) (x S)))))
v16 I (B (v7 (z (v27 (K B)))) (B (z v17 I (K (x x (z B))) (S (v2 (S (v23 B v21))) B) I (v8 (v5 K) z (z (z v28 K I)) x) (S (z K K z K K) (x S))))) (B z (z K (B (v4 (K (S I x) K (B z)))) (z I z x (S (z (K (x I)) z (v17 (z K)))) (I (x (v28 (S z) K) (z v3 v19)))) (z v17 I (K (I (x x (z B)))) (S (v2 (S (v23 B (I v21)))) B) I (I (I v8 (v5 K) z (z (z v28 K I))) x) (S (S (z K K z) (B (I (K I)) (K B I x) I) K) (x S)))))
v16 I (B (v7 (z (v27 (K B)))) (B (z v17 I (K (x x (z B))) (S (v2 (S (v23 B v21))) B) I (v8 (v5 K) z (z (z v28 K I)) x) (S (z K K z K K) (x S))))) (B z (z K (B (v4 (S I x (B z)))) (z I z x (S (z (K (x I)) z (v17 (z K)))) (I (x (v28 (S z) K) (z v3 v19)))) (z v17 I (K (I (x x (z B)))) (S (v2 (S (v23 B (I v21)))) B) I (I (I v8 (v5 K) z (z (z v28 K I))) x) (S (S (z K K z) (B (I (K I)) (K B I x) I) K) (x S)))))
v16 I (B (v7 (z (v27 (K B)))) (B (z v17 I (K (x x (z B))) (S (v2 (S (v23 B v21))) B) I (v8 (v5 K) z (z (z v28 K I)) x) (S (z K K z K K) (x S))))) (B z (z K (B (v4 (I (B z) (x (B z))))) (z I z x (S (z (K (x I)) z (v17 (z K)))) (I (x (v28 (S z) K) (z v3 v19)))) (z v17 I (K (I (x x (z B)))) (S (v2 (S (v23 B (I v21)))) B) I (I (I v8 (v5 K) z (z (z v28 K I))) x) (S (S (z K K z) (B (I (K I)) (K B I x) I) K) (x S)))))
v16 I (B (v7 (z (v27 (K B)))) (B (z v17 I (K (x x (z B))) (S (v2 (S (v23 B v21))) B) I (v8 (v5 K) z (z (z v28 K I)) x) (S (z K K z K K) (x S))))) (B z (z K (B (v4 (B z (x (B z))))) (z I z x (S (z (K (x I)) z (v17 (z K)))) (I (x (v28 (S z) K) (z v3 v19)))) (z v17 I (K (I (x x (z B)))) (S (v2 (S (v23 B (I v21)))) B) I (I (I v8 (v5 K) z (z (z v28 K I))) x) (S (S (z K K z) (B (I (K I)) (K B I x) I) K) (x S)))))
v16 I (B (v7 (z (v27 (K B)))) (B (z v17 I (K (x x (z B))) (S (v2 (S (v23 B v21))) B) I (v8 (v5 K) z (z (z v28 K I)) x) (S (z K K z K K) (x S))))) (B z (z K (B (v4 (B z (x (B z))))) (z I z x (S (z (K (x I)) z (v17 (z K)))) (x (v28 (S z) K) (z v3 v19))) (z v17 I (K (I (x x (z B)))) (S (v2 (S (v23 B (I v21)))) B) I (I (I v8 (v5 K) z (z (z v28 K I))) x) (S (S (z K K z) (B (I (K I)) (K B I x) I) K) (x S)))))
v16 I (B (v7 (z (v27 (K B)))) (B (z v17 I (K (x x (z B))) (S (v2 (S (v23 B v21))) B) I (v8 (v5 K) z (z (z v28 K I)) x) (S (z K K z K K) (x S))))) (B z (z K (B (v4 (B z (x (B z))))) (z I z x (S (z (K (x I)) z (v17 (z K)))) (x (v28 (S z) K) (z v3 v19))) (z v17 I (K (x x (z B))) (S (v2 (S (v23 B (I v21)))) B) I (I (I v8 (v5 K) z (z (z v28 K I))) x) (S (S (z K K z) (B (I (K I)) (K B I x) I) K) (x S)))))
v16 I (B (v7 (z (v27 (K B)))) (B (z v17 I (K (x x (z B))) (S (v2 (S (v23 B v21))) B) I (v8 (v5 K) z (z (z v28 K I)) x) (S (z K K z K K) (x S))))) (B z (z K (B (v4 (B z (x (B z))))) (z I z x (S (z (K (x I)) z (v17 (z K)))) (x (v28 (S z) K) (z v3 v19))) (z v17 I (K (x x (z B))) (S (v2 (S (v23 B v21))) B) I (I (I v8 (v5 K) z (z (z v28 K I))) x) (S (S (z K K z) (B (I (K I)) (K B I x) I) K) (x S)))))
z S (K z B) S B (B (z B) x (x (z K) I I) (x (z B) (B S x z x (K B (K (I x)))) z))
z S z S B (B (z B) x (x (z K) I I) (x (z B) (B S x z x (K B (K (I x)))) z))
z S z S B (z B (x (x (z K) I I)) (x (z B) (B S x z x (K B (K (I x)))) z))
z S z S B (z B (x (x (z K) I I)) (x (z B) (S (x z) x (K B (K (I x)))) z))
z S z S B (z B (x (x (z K) I I)) (x (z B) (x z (K B (K (I x))) (x (K B (K (I x))))) z))
z S z S B (z B (x (x (z K) I I)) (x (z B) (x z B (x (K B (K (I x))))) z))
z S z S B (z B (x (x (z K) I I)) (x (z B) (x z B (x B)) z))
K (x (z (v16 S (S (I x)))) B)
K (x (z (v16 S (S x))) B)
z (S B) I
