K (v20 v24) (I (v17 z (K S) v3))
v20 v24
B K v18 (K (z (I (K (x (B z))) (x (S B) (B B (S B) I I) I)) K)) (K (I I) (z (x (I I v24)) (z (v21 (S (S I)))) (z x) (z I (K (x B v12 (z K I))) I)))
K (v18 (K (z (I (K (x (B z))) (x (S B) (B B (S B) I I) I)) K))) (K (I I) (z (x (I I v24)) (z (v21 (S (S I)))) (z x) (z I (K (x B v12 (z K I))) I)))
v18 (K (z (I (K (x (B z))) (x (S B) (B B (S B) I I) I)) K))
v18 (K (z (K (x (B z)) (x (S B) (B B (S B) I I) I)) K))
v18 (K (z (x (B z)) K))
I (z z (B (S (K B))) K B K)
z z (B (S (K B))) K B K
S I S
v14 (K (S (I (x (v20 x S B))))) (K x) I (x (K (v10 x)) (v22 (z K) I) (K (I K)) (S I I) (K (x B (x I)))) (v9 v15 (K z (z (v20 (v4 K) z K (B (B (x K)))))) (I z B))
v14 (K (S (x (v20 x S B)))) (K x) I (x (K (v10 x)) (v22 (z K) I) (K (I K)) (S I I) (K (x B (x I)))) (v9 v15 (K z (z (v20 (v4 K) z K (B (B (x K)))))) (I z B))
v14 (K (S (x (v20 x S B)))) (K x) I (x (K (v10 x)) (v22 (z K) I) (K K) (S I I) (K (x B (x I)))) (v9 v15 (K z (z (v20 (v4 K) z K (B (B (x K)))))) (I z B))
v14 (K (S (x (v20 x S B)))) (K x) I (x (K (v10 x)) (v22 (z K) I) (K K) (S I I) (K (x B (x I)))) (v9 v15 z (I z B))
v14 (K (S (x (v20 x S B)))) (K x) I (x (K (v10 x)) (v22 (z K) I) (K K) (S I I) (K (x B (x I)))) (v9 v15 z (z B))
K B (K K) x v9 (S (S v3 (B v27) v26 S) B (z (K (K v23 (v9 v3))))) z (K (K B)) (z I) (K z z x (z z)) (S (K K (v29 (z S (B (S x)))) z v18))
B x v9 (S (S v3 (B v27) v26 S) B (z (K (K v23 (v9 v3))))) z (K (K B)) (z I) (K z z x (z z)) (S (K K (v29 (z S (B (S x)))) z v18))
x (v9 (S (S v3 (B v27) v26 S) B (z (K (K v23 (v9 v3)))))) z (K (K B)) (z I) (K z z x (z z)) (S (K K (v29 (z S (B (S x)))) z v18))
x (v9 (S v3 (B v27) v26 S (z (K (K v23 (v9 v3)))) (B (z (K (K v23 (v9 v3))))))) z (K (K B)) (z I) (K z z x (z z)) (S (K K (v29 (z S (B (S x)))) z v18))
x (v9 (v3 v26 (B v27 v26) S (z (K (K v23 (v9 v3)))) (B (z (K (K v23 (v9 v3))))))) z (K (K B)) (z I) (K z z x (z z)) (S (K K (v29 (z S (B (S x)))) z v18))
x (v9 (v3 v26 (B v27 v26) S (z (K v23)) (B (z (K (K v23 (v9 v3))))))) z (K (K B)) (z I) (K z z x (z z)) (S (K K (v29 (z S (B (S x)))) z v18))
x (v9 (v3 v26 (B v27 v26) S (z (K v23)) (B (z (K v23))))) z (K (K B)) (z I) (K z z x (z z)) (S (K K (v29 (z S (B (S x)))) z v18))
x (v9 (v3 v26 (B v27 v26) S (z (K v23)) (B (z (K v23))))) z (K (K B)) (z I) (z x (z z)) (S (K K (v29 (z S (B (S x)))) z v18))
x (v9 (v3 v26 (B v27 v26) S (z (K v23)) (B (z (K v23))))) z (K (K B)) (z I) (z x (z z)) (S (K z v18))
x (v9 (v3 v26 (B v27 v26) S (z (K v23)) (B (z (K v23))))) z (K (K B)) (z I) (z x (z z)) (S z)
S (B S (I x (S x K (x (S (B x))) z (v16 I) (x (x (K (B K B))) B) S)) (z v26 B (I (B S S B x (B B)) (v26 (K B B)))) z)
S (S (I x (S x K (x (S (B x))) z (v16 I) (x (x (K (B K B))) B) S) (z v26 B (I (B S S B x (B B)) (v26 (K B B))))) z)
S (S (x (S x K (x (S (B x))) z (v16 I) (x (x (K (B K B))) B) S) (z v26 B (I (B S S B x (B B)) (v26 (K B B))))) z)
S (S (x (x (x (S (B x))) (K (x (S (B x)))) z (v16 I) (x (x (K (B K B))) B) S) (z v26 B (I (B S S B x (B B)) (v26 (K B B))))) z)
S (S (x (x (x (S (B x))) (K (x (S (B x)))) z (v16 I) (x (x (K (B K B))) B) S) (z v26 B (B S S B x (B B) (v26 (K B B))))) z)
S (S (x (x (x (S (B x))) (K (x (S (B x)))) z (v16 I) (x (x (K (B K B))) B) S) (z v26 B (S (S B) x (B B) (v26 (K B B))))) z)
S (S (x (x (x (S (B x))) (K (x (S (B x)))) z (v16 I) (x (x (K (B K B))) B) S) (z v26 B (S B (B B) (x (B B)) (v26 (K B B))))) z)
S (S (x (x (x (S (B x))) (K (x (S (B x)))) z (v16 I) (x (x (K (B K B))) B) S) (z v26 B (B (x (B B)) (B B (x (B B))) (v26 (K B B))))) z)
S (S (x (x (x (S (B x))) (K (x (S (B x)))) z (v16 I) (x (x (K (B K B))) B) S) (z v26 B (x (B B) (B B (x (B B)) (v26 (K B B)))))) z)
S (S (x (x (x (S (B x))) (K (x (S (B x)))) z (v16 I) (x (x (K (B K B))) B) S) (z v26 B (x (B B) (B (x (B B) (v26 (K B B))))))) z)
S (S (x (x (x (S (B x))) (K (x (S (B x)))) z (v16 I) (x (x (K (B K B))) B) S) (z v26 B (x (B B) (B (x (B B) (v26 B)))))) z)
I
v18
x x S (v25 (z z K) (K (I K (S B))) (S K) K (B I)) (z x K v4 B (v10 S) (B z) B I)
x x S (v25 (z z K) (K (K (S B))) (S K) K (B I)) (z x K v4 B (v10 S) (B z) B I)
