I (I (x (S v24)))
I (x (S v24))
x (S v24)
x (K (x z) z) (B z (z I K)) I S
x (x z) (B z (z I K)) I S
S (B (B (z x I x) (I (v23 (S B) (S K (z B))))) (x (S (v20 (x x I z)) x S) (K x v13) v26)) (I (B v3 (K (S K) z I (K I))) I (x z) (x B (B v9) K) (z (v18 K) (K (I v9) (v17 K)) (S K) x S))
S (B (B (z x I x) (v23 (S B) (S K (z B)))) (x (S (v20 (x x I z)) x S) (K x v13) v26)) (I (B v3 (K (S K) z I (K I))) I (x z) (x B (B v9) K) (z (v18 K) (K (I v9) (v17 K)) (S K) x S))
S (B (B (z x I x) (v23 (S B) (S K (z B)))) (x (v20 (x x I z) S (x S)) (K x v13) v26)) (I (B v3 (K (S K) z I (K I))) I (x z) (x B (B v9) K) (z (v18 K) (K (I v9) (v17 K)) (S K) x S))
S (B (B (z x I x) (v23 (S B) (S K (z B)))) (x (v20 (x x I z) S (x S)) x v26)) (I (B v3 (K (S K) z I (K I))) I (x z) (x B (B v9) K) (z (v18 K) (K (I v9) (v17 K)) (S K) x S))
S (B (B (z x I x) (v23 (S B) (S K (z B)))) (x (v20 (x x I z) S (x S)) x v26)) (B v3 (K (S K) z I (K I)) I (x z) (x B (B v9) K) (z (v18 K) (K (I v9) (v17 K)) (S K) x S))
S (B (B (z x I x) (v23 (S B) (S K (z B)))) (x (v20 (x x I z) S (x S)) x v26)) (v3 (K (S K) z I (K I) I) (x z) (x B (B v9) K) (z (v18 K) (K (I v9) (v17 K)) (S K) x S))
S (B (B (z x I x) (v23 (S B) (S K (z B)))) (x (v20 (x x I z) S (x S)) x v26)) (v3 (S K I (K I) I) (x z) (x B (B v9) K) (z (v18 K) (K (I v9) (v17 K)) (S K) x S))
S (B (B (z x I x) (v23 (S B) (S K (z B)))) (x (v20 (x x I z) S (x S)) x v26)) (v3 (K (K I) (I (K I)) I) (x z) (x B (B v9) K) (z (v18 K) (K (I v9) (v17 K)) (S K) x S))
S (B (B (z x I x) (v23 (S B) (S K (z B)))) (x (v20 (x x I z) S (x S)) x v26)) (v3 (K I I) (x z) (x B (B v9) K) (z (v18 K) (K (I v9) (v17 K)) (S K) x S))
S (B (B (z x I x) (v23 (S B) (S K (z B)))) (x (v20 (x x I z) S (x S)) x v26)) (v3 I (x z) (x B (B v9) K) (z (v18 K) (K (I v9) (v17 K)) (S K) x S))
S (B (B (z x I x) (v23 (S B) (S K (z B)))) (x (v20 (x x I z) S (x S)) x v26)) (v3 I (x z) (x B (B v9) K) (z (v18 K) (I v9) (S K) x S))
S (B (B (z x I x) (v23 (S B) (S K (z B)))) (x (v20 (x x I z) S (x S)) x v26)) (v3 I (x z) (x B (B v9) K) (z (v18 K) v9 (S K) x S))
z (S (v15 B) (v10 x) (S (B (x x (B B x)) S)) (K (z (B B (S (I K (x B) S)) (v9 (z I) z)))) B (x (B (x (I z))) v9 (z (x K)))) (B x S x (S z z S K K S B))
z (v15 B (S (B (x x (B B x)) S)) (v10 x (S (B (x x (B B x)) S))) (K (z (B B (S (I K (x B) S)) (v9 (z I) z)))) B (x (B (x (I z))) v9 (z (x K)))) (B x S x (S z z S K K S B))
z (v15 B (S (B (x x (B B x)) S)) (v10 x (S (B (x x (B B x)) S))) (K (z (B (S (I K (x B) S) (v9 (z I) z))))) B (x (B (x (I z))) v9 (z (x K)))) (B x S x (S z z S K K S B))
z (v15 B (S (B (x x (B B x)) S)) (v10 x (S (B (x x (B B x)) S))) (K (z (B (S (K (x B) S) (v9 (z I) z))))) B (x (B (x (I z))) v9 (z (x K)))) (B x S x (S z z S K K S B))
z (v15 B (S (B (x x (B B x)) S)) (v10 x (S (B (x x (B B x)) S))) (K (z (B (S (x B) (v9 (z I) z))))) B (x (B (x (I z))) v9 (z (x K)))) (B x S x (S z z S K K S B))
z (v15 B (S (B (x x (B B x)) S)) (v10 x (S (B (x x (B B x)) S))) (K (z (B (S (x B) (v9 (z I) z))))) B (x (B (x z)) v9 (z (x K)))) (B x S x (S z z S K K S B))
z (v15 B (S (B (x x (B B x)) S)) (v10 x (S (B (x x (B B x)) S))) (K (z (B (S (x B) (v9 (z I) z))))) B (x (B (x z)) v9 (z (x K)))) (x (S x) (S z z S K K S B))
z (v15 B (S (B (x x (B B x)) S)) (v10 x (S (B (x x (B B x)) S))) (K (z (B (S (x B) (v9 (z I) z))))) B (x (B (x z)) v9 (z (x K)))) (x (S x) (z S (z S) K K S B))
K (K B (K (x z z) (I (I S)) S) z S) (v15 x S) (z (z (I x z (I B))) (x K)) z S S
K B (K (x z z) (I (I S)) S) z S (z (z (I x z (I B))) (x K)) z S S
B z S (z (z (I x z (I B))) (x K)) z S S
z (S (z (z (I x z (I B))) (x K))) z S S
z (S (z (z (x z (I B))) (x K))) z S S
z (S (z (z (x z B)) (x K))) z S S
S (K (I (z K)) (z I) x I) (v22 v26 v27) (K v18)
K (I (z K)) (z I) x I (K v18) (v22 v26 v27 (K v18))
I (z K) x I (K v18) (v22 v26 v27 (K v18))
z K x I (K v18) (v22 v26 v27 (K v18))
B B (x (z B K (z (x (I v8) (S (I K))) v20 S))) (B (v3 (B B) (x (I z (v27 v24) z) (z z B) z)) (z x (v21 x K) (S (v6 (v9 v3) v2 (I (K (v0 S x (K B)))))) (B S (K I) (v16 z v6) S) I)) (v8 (v12 (v1 S (I K I) (x z I) B)) v26 S x (S S))
B (x (z B K (z (x (I v8) (S (I K))) v20 S)) (B (v3 (B B) (x (I z (v27 v24) z) (z z B) z)) (z x (v21 x K) (S (v6 (v9 v3) v2 (I (K (v0 S x (K B)))))) (B S (K I) (v16 z v6) S) I))) (v8 (v12 (v1 S (I K I) (x z I) B)) v26 S x (S S))
B (x (z B K (z (x v8 (S (I K))) v20 S)) (B (v3 (B B) (x (I z (v27 v24) z) (z z B) z)) (z x (v21 x K) (S (v6 (v9 v3) v2 (I (K (v0 S x (K B)))))) (B S (K I) (v16 z v6) S) I))) (v8 (v12 (v1 S (I K I) (x z I) B)) v26 S x (S S))
B (x (z B K (z (x v8 (S K)) v20 S)) (B (v3 (B B) (x (I z (v27 v24) z) (z z B) z)) (z x (v21 x K) (S (v6 (v9 v3) v2 (I (K (v0 S x (K B)))))) (B S (K I) (v16 z v6) S) I))) (v8 (v12 (v1 S (I K I) (x z I) B)) v26 S x (S S))
B (x (z B K (z (x v8 (S K)) v20 S)) (B (v3 (B B) (x (z (v27 v24) z) (z z B) z)) (z x (v21 x K) (S (v6 (v9 v3) v2 (I (K (v0 S x (K B)))))) (B S (K I) (v16 z v6) S) I))) (v8 (v12 (v1 S (I K I) (x z I) B)) v26 S x (S S))
B (x (z B K (z (x v8 (S K)) v20 S)) (B (v3 (B B) (x (z (v27 v24) z) (z z B) z)) (z x (v21 x K) (S (v6 (v9 v3) v2 (K (v0 S x (K B))))) (B S (K I) (v16 z v6) S) I))) (v8 (v12 (v1 S (I K I) (x z I) B)) v26 S x (S S))
B (x (z B K (z (x v8 (S K)) v20 S)) (B (v3 (B B) (x (z (v27 v24) z) (z z B) z)) (z x (v21 x K) (S (v6 (v9 v3) v2 (K (v0 S x (K B))))) (S (K I (v16 z v6)) S) I))) (v8 (v12 (v1 S (I K I) (x z I) B)) v26 S x (S S))
B (x (z B K (z (x v8 (S K)) v20 S)) (B (v3 (B B) (x (z (v27 v24) z) (z z B) z)) (z x (v21 x K) (S (v6 (v9 v3) v2 (K (v0 S x (K B))))) (S I S) I))) (v8 (v12 (v1 S (I K I) (x z I) B)) v26 S x (S S))
B (x (z B K (z (x v8 (S K)) v20 S)) (B (v3 (B B) (x (z (v27 v24) z) (z z B) z)) (z x (v21 x K) (S (v6 (v9 v3) v2 (K (v0 S x (K B))))) (S I S) I))) (v8 (v12 (v1 S (K I) (x z I) B)) v26 S x (S S))
v23 K v0
K (S (B (K S S B I) (S v10 (I (I S x)) K x)))
K (S (B (S B I) (S v10 (I (I S x)) K x)))
K (S (B (S B I) (v10 K (I (I S x) K) x)))
K (S (B (S B I) (v10 K (I S x K) x)))
K (S (B (S B I) (v10 K (S x K) x)))
v7 (S K (B (I S) (z (I I K) (K (x z) z K x)) (I (x (B (v1 (K I K))) (z v30) (x K))) (B I)))
v7 (S K (I S (z (I I K) (K (x z) z K x) (I (x (B (v1 (K I K))) (z v30) (x K)))) (B I)))
v7 (S K (S (z (I I K) (K (x z) z K x) (I (x (B (v1 (K I K))) (z v30) (x K)))) (B I)))
v7 (S K (S (z (I K) (K (x z) z K x) (I (x (B (v1 (K I K))) (z v30) (x K)))) (B I)))
v7 (S K (S (z K (K (x z) z K x) (I (x (B (v1 (K I K))) (z v30) (x K)))) (B I)))
v7 (S K (S (z K (x z K x) (I (x (B (v1 (K I K))) (z v30) (x K)))) (B I)))
v7 (S K (S (z K (x z K x) (x (B (v1 (K I K))) (z v30) (x K))) (B I)))
v7 (S K (S (z K (x z K x) (x (B (v1 I)) (z v30) (x K))) (B I)))
