x
z B K
z K B (K I (x (K x x (S I (I x I) v2)) (S I (S I) I))) (x (I z z v20 B K (K (v20 K B) (B I))) v0) (x K (B K) (K (x x v8 I (S (x z) x))) z (S S (K (x v6 (B (v4 z)))) (K (z x) (x (K (x x v15) x) K)) z))
z K B I (x (I z z v20 B K (K (v20 K B) (B I))) v0) (x K (B K) (K (x x v8 I (S (x z) x))) z (S S (K (x v6 (B (v4 z)))) (K (z x) (x (K (x x v15) x) K)) z))
z K B I (x (z z v20 B K (K (v20 K B) (B I))) v0) (x K (B K) (K (x x v8 I (S (x z) x))) z (S S (K (x v6 (B (v4 z)))) (K (z x) (x (K (x x v15) x) K)) z))
z K B I (x (z z v20 B K (v20 K B)) v0) (x K (B K) (K (x x v8 I (S (x z) x))) z (S S (K (x v6 (B (v4 z)))) (K (z x) (x (K (x x v15) x) K)) z))
z K B I (x (z z v20 B K (v20 K B)) v0) (x K (B K) (K (x x v8 I (S (x z) x))) z (S (K (z x) (x (K (x x v15) x) K)) (K (x v6 (B (v4 z))) (K (z x) (x (K (x x v15) x) K))) z))
z K B I (x (z z v20 B K (v20 K B)) v0) (x K (B K) (K (x x v8 I (S (x z) x))) z (K (z x) (x (K (x x v15) x) K) z (K (x v6 (B (v4 z))) (K (z x) (x (K (x x v15) x) K)) z)))
z K B I (x (z z v20 B K (v20 K B)) v0) (x K (B K) (K (x x v8 I (S (x z) x))) z (z x z (K (x v6 (B (v4 z))) (K (z x) (x (K (x x v15) x) K)) z)))
z K B I (x (z z v20 B K (v20 K B)) v0) (x K (B K) (K (x x v8 I (S (x z) x))) z (z x z (x v6 (B (v4 z)) z)))
z (z (z (z S))) (B x S (x (I (x K)) v28 z K I))
z (z (z (z S))) (x (S (x (I (x K)) v28 z K I)))
z (z (z (z S))) (x (S (x (x K) v28 z K I)))
z v4 (K I S) (z (z (I (x I (z v19 (B I B))) I (v10 (K z))) x)) x (v22 (v30 (B I (z (z S))) (v20 v12) B) v1) x
z v4 I (z (z (I (x I (z v19 (B I B))) I (v10 (K z))) x)) x (v22 (v30 (B I (z (z S))) (v20 v12) B) v1) x
z v4 I (z (z (x I (z v19 (B I B)) I (v10 (K z))) x)) x (v22 (v30 (B I (z (z S))) (v20 v12) B) v1) x
B (v30 (I (B (K S) I (S z z I (v13 S x)) B) K)) K
B (v30 (B (K S) I (S z z I (v13 S x)) B K)) K
B (v30 (K S (I (S z z I (v13 S x))) B K)) K
B (v30 (S B K)) K
I
v21 (B x z)
z (B I (S (I K)) (I z) (K z) I) (I (v14 B x))
z (I (S (I K) (I z)) (K z) I) (I (v14 B x))
z (S (I K) (I z) (K z) I) (I (v14 B x))
z (I K (K z) (I z (K z)) I) (I (v14 B x))
z (K (K z) (I z (K z)) I) (I (v14 B x))
z (K z I) (I (v14 B x))
z z (I (v14 B x))
z z (v14 B x)
z
