B z (z S S (K (S x x))) (B (I v26 (I z))) K (v13 (v5 x)) (K (K (v13 v12) (K (B (K x) z z)) (z K)) (S S (z (I K) (K (x S)) S K S (v27 z)))) (x z (K K (I z v25)) (S K) I z (S (x (K (K z v26)) v12 (v27 I) K)))
z (z S S (K (S x x)) (B (I v26 (I z)))) K (v13 (v5 x)) (K (K (v13 v12) (K (B (K x) z z)) (z K)) (S S (z (I K) (K (x S)) S K S (v27 z)))) (x z (K K (I z v25)) (S K) I z (S (x (K (K z v26)) v12 (v27 I) K)))
z (z S S (K (S x x)) (B (v26 (I z)))) K (v13 (v5 x)) (K (K (v13 v12) (K (B (K x) z z)) (z K)) (S S (z (I K) (K (x S)) S K S (v27 z)))) (x z (K K (I z v25)) (S K) I z (S (x (K (K z v26)) v12 (v27 I) K)))
z (z S S (K (S x x)) (B (v26 z))) K (v13 (v5 x)) (K (K (v13 v12) (K (B (K x) z z)) (z K)) (S S (z (I K) (K (x S)) S K S (v27 z)))) (x z (K K (I z v25)) (S K) I z (S (x (K (K z v26)) v12 (v27 I) K)))
z (z S S (K (S x x)) (B (v26 z))) K (v13 (v5 x)) (K (v13 v12) (K (B (K x) z z)) (z K)) (x z (K K (I z v25)) (S K) I z (S (x (K (K z v26)) v12 (v27 I) K)))
z (z S S (K (S x x)) (B (v26 z))) K (v13 (v5 x)) (v13 v12 (z K)) (x z (K K (I z v25)) (S K) I z (S (x (K (K z v26)) v12 (v27 I) K)))
z (z S S (K (S x x)) (B (v26 z))) K (v13 (v5 x)) (v13 v12 (z K)) (x z K (S K) I z (S (x (K (K z v26)) v12 (v27 I) K)))
z (z S S (K (S x x)) (B (v26 z))) K (v13 (v5 x)) (v13 v12 (z K)) (x z K (S K) I z (S (x (K z) v12 (v27 I) K)))
B (S (x B v28)) (S (v9 (x (v1 x) (S (S (x z)) v19 I))) B (I (x z v16) (v23 K I) (B (K (v12 K (S x S)) (S (K (v8 x I))))))) (I S S v25) (x (S v4 (z (K x)) (z (x (x S))) (z (S (z S B S)) z) z))
S (x B v28) (S (v9 (x (v1 x) (S (S (x z)) v19 I))) B (I (x z v16) (v23 K I) (B (K (v12 K (S x S)) (S (K (v8 x I)))))) (I S S v25)) (x (S v4 (z (K x)) (z (x (x S))) (z (S (z S B S)) z) z))
x B v28 (x (S v4 (z (K x)) (z (x (x S))) (z (S (z S B S)) z) z)) (S (v9 (x (v1 x) (S (S (x z)) v19 I))) B (I (x z v16) (v23 K I) (B (K (v12 K (S x S)) (S (K (v8 x I)))))) (I S S v25) (x (S v4 (z (K x)) (z (x (x S))) (z (S (z S B S)) z) z)))
x B v28 (x (v4 (z (x (x S))) (z (K x) (z (x (x S)))) (z (S (z S B S)) z) z)) (S (v9 (x (v1 x) (S (S (x z)) v19 I))) B (I (x z v16) (v23 K I) (B (K (v12 K (S x S)) (S (K (v8 x I)))))) (I S S v25) (x (S v4 (z (K x)) (z (x (x S))) (z (S (z S B S)) z) z)))
x B v28 (x (v4 (z (x (x S))) (z (K x) (z (x (x S)))) (z (S (z S B S)) z) z)) (v9 (x (v1 x) (S (S (x z)) v19 I)) (I (x z v16) (v23 K I) (B (K (v12 K (S x S)) (S (K (v8 x I)))))) (B (I (x z v16) (v23 K I) (B (K (v12 K (S x S)) (S (K (v8 x I))))))) (I S S v25) (x (S v4 (z (K x)) (z (x (x S))) (z (S (z S B S)) z) z)))
x B v28 (x (v4 (z (x (x S))) (z (K x) (z (x (x S)))) (z (S (z S B S)) z) z)) (v9 (x (v1 x) (S (x z) I (v19 I))) (I (x z v16) (v23 K I) (B (K (v12 K (S x S)) (S (K (v8 x I)))))) (B (I (x z v16) (v23 K I) (B (K (v12 K (S x S)) (S (K (v8 x I))))))) (I S S v25) (x (S v4 (z (K x)) (z (x (x S))) (z (S (z S B S)) z) z)))
x B v28 (x (v4 (z (x (x S))) (z (K x) (z (x (x S)))) (z (S (z S B S)) z) z)) (v9 (x (v1 x) (x z (v19 I) (I (v19 I)))) (I (x z v16) (v23 K I) (B (K (v12 K (S x S)) (S (K (v8 x I)))))) (B (I (x z v16) (v23 K I) (B (K (v12 K (S x S)) (S (K (v8 x I))))))) (I S S v25) (x (S v4 (z (K x)) (z (x (x S))) (z (S (z S B S)) z) z)))
x B v28 (x (v4 (z (x (x S))) (z (K x) (z (x (x S)))) (z (S (z S B S)) z) z)) (v9 (x (v1 x) (x z (v19 I) (v19 I))) (I (x z v16) (v23 K I) (B (K (v12 K (S x S)) (S (K (v8 x I)))))) (B (I (x z v16) (v23 K I) (B (K (v12 K (S x S)) (S (K (v8 x I))))))) (I S S v25) (x (S v4 (z (K x)) (z (x (x S))) (z (S (z S B S)) z) z)))
x B v28 (x (v4 (z (x (x S))) (z (K x) (z (x (x S)))) (z (S (z S B S)) z) z)) (v9 (x (v1 x) (x z (v19 I) (v19 I))) (x z v16 (v23 K I) (B (K (v12 K (S x S)) (S (K (v8 x I)))))) (B (I (x z v16) (v23 K I) (B (K (v12 K (S x S)) (S (K (v8 x I))))))) (I S S v25) (x (S v4 (z (K x)) (z (x (x S))) (z (S (z S B S)) z) z)))
x B v28 (x (v4 (z (x (x S))) (z (K x) (z (x (x S)))) (z (S (z S B S)) z) z)) (v9 (x (v1 x) (x z (v19 I) (v19 I))) (x z v16 (v23 K I) (B (v12 K (S x S)))) (B (I (x z v16) (v23 K I) (B (K (v12 K (S x S)) (S (K (v8 x I))))))) (I S S v25) (x (S v4 (z (K x)) (z (x (x S))) (z (S (z S B S)) z) z)))
x B v28 (x (v4 (z (x (x S))) (z (K x) (z (x (x S)))) (z (S (z S B S)) z) z)) (v9 (x (v1 x) (x z (v19 I) (v19 I))) (x z v16 (v23 K I) (B (v12 K (S x S)))) (B (x z v16 (v23 K I) (B (K (v12 K (S x S)) (S (K (v8 x I))))))) (I S S v25) (x (S v4 (z (K x)) (z (x (x S))) (z (S (z S B S)) z) z)))
x B v28 (x (v4 (z (x (x S))) (z (K x) (z (x (x S)))) (z (S (z S B S)) z) z)) (v9 (x (v1 x) (x z (v19 I) (v19 I))) (x z v16 (v23 K I) (B (v12 K (S x S)))) (B (x z v16 (v23 K I) (B (v12 K (S x S))))) (I S S v25) (x (S v4 (z (K x)) (z (x (x S))) (z (S (z S B S)) z) z)))
x B v28 (x (v4 (z (x (x S))) (z (K x) (z (x (x S)))) (z (S (z S B S)) z) z)) (v9 (x (v1 x) (x z (v19 I) (v19 I))) (x z v16 (v23 K I) (B (v12 K (S x S)))) (B (x z v16 (v23 K I) (B (v12 K (S x S))))) (S S v25) (x (S v4 (z (K x)) (z (x (x S))) (z (S (z S B S)) z) z)))
x B v28 (x (v4 (z (x (x S))) (z (K x) (z (x (x S)))) (z (S (z S B S)) z) z)) (v9 (x (v1 x) (x z (v19 I) (v19 I))) (x z v16 (v23 K I) (B (v12 K (S x S)))) (B (x z v16 (v23 K I) (B (v12 K (S x S))))) (S S v25) (x (v4 (z (x (x S))) (z (K x) (z (x (x S)))) (z (S (z S B S)) z) z)))
z
v11 (B (K z) (B K (v29 (z I)) z (K I) I))
v11 (B (K z) (K (v29 (z I) z) (K I) I))
v11 (B (K z) (v29 (z I) z I))
B S (S (B v21))
S (I (v15 (x (I (x B))) (B (z S (x v12)) S z (I (K v10))))) (I (z (x I B (S (K I B) B)) (I I x)) x (x (S z I v13 (K K B (v0 (x B (S z))) v18)) z)) (B (B x (v17 (z v22)) (S (x S I))))
I (v15 (x (I (x B))) (B (z S (x v12)) S z (I (K v10)))) (B (B x (v17 (z v22)) (S (x S I)))) (I (z (x I B (S (K I B) B)) (I I x)) x (x (S z I v13 (K K B (v0 (x B (S z))) v18)) z) (B (B x (v17 (z v22)) (S (x S I)))))
v15 (x (I (x B))) (B (z S (x v12)) S z (I (K v10))) (B (B x (v17 (z v22)) (S (x S I)))) (I (z (x I B (S (K I B) B)) (I I x)) x (x (S z I v13 (K K B (v0 (x B (S z))) v18)) z) (B (B x (v17 (z v22)) (S (x S I)))))
v15 (x (x B)) (B (z S (x v12)) S z (I (K v10))) (B (B x (v17 (z v22)) (S (x S I)))) (I (z (x I B (S (K I B) B)) (I I x)) x (x (S z I v13 (K K B (v0 (x B (S z))) v18)) z) (B (B x (v17 (z v22)) (S (x S I)))))
v15 (x (x B)) (z S (x v12) (S z) (I (K v10))) (B (B x (v17 (z v22)) (S (x S I)))) (I (z (x I B (S (K I B) B)) (I I x)) x (x (S z I v13 (K K B (v0 (x B (S z))) v18)) z) (B (B x (v17 (z v22)) (S (x S I)))))
v15 (x (x B)) (z S (x v12) (S z) (K v10)) (B (B x (v17 (z v22)) (S (x S I)))) (I (z (x I B (S (K I B) B)) (I I x)) x (x (S z I v13 (K K B (v0 (x B (S z))) v18)) z) (B (B x (v17 (z v22)) (S (x S I)))))
v15 (x (x B)) (z S (x v12) (S z) (K v10)) (B (x (v17 (z v22) (S (x S I))))) (I (z (x I B (S (K I B) B)) (I I x)) x (x (S z I v13 (K K B (v0 (x B (S z))) v18)) z) (B (B x (v17 (z v22)) (S (x S I)))))
v15 (x (x B)) (z S (x v12) (S z) (K v10)) (B (x (v17 (z v22) (S (x S I))))) (z (x I B (S (K I B) B)) (I I x) x (x (S z I v13 (K K B (v0 (x B (S z))) v18)) z) (B (B x (v17 (z v22)) (S (x S I)))))
v15 (x (x B)) (z S (x v12) (S z) (K v10)) (B (x (v17 (z v22) (S (x S I))))) (z (x I B (S I B)) (I I x) x (x (S z I v13 (K K B (v0 (x B (S z))) v18)) z) (B (B x (v17 (z v22)) (S (x S I)))))
v15 (x (x B)) (z S (x v12) (S z) (K v10)) (B (x (v17 (z v22) (S (x S I))))) (z (x I B (S I B)) (I x) x (x (S z I v13 (K K B (v0 (x B (S z))) v18)) z) (B (B x (v17 (z v22)) (S (x S I)))))
v15 (x (x B)) (z S (x v12) (S z) (K v10)) (B (x (v17 (z v22) (S (x S I))))) (z (x I B (S I B)) x x (x (S z I v13 (K K B (v0 (x B (S z))) v18)) z) (B (B x (v17 (z v22)) (S (x S I)))))
v15 (x (x B)) (z S (x v12) (S z) (K v10)) (B (x (v17 (z v22) (S (x S I))))) (z (x I B (S I B)) x x (x (z v13 (I v13) (K K B (v0 (x B (S z))) v18)) z) (B (B x (v17 (z v22)) (S (x S I)))))
v15 (x (x B)) (z S (x v12) (S z) (K v10)) (B (x (v17 (z v22) (S (x S I))))) (z (x I B (S I B)) x x (x (z v13 v13 (K K B (v0 (x B (S z))) v18)) z) (B (B x (v17 (z v22)) (S (x S I)))))
v15 (x (x B)) (z S (x v12) (S z) (K v10)) (B (x (v17 (z v22) (S (x S I))))) (z (x I B (S I B)) x x (x (z v13 v13 (K (v0 (x B (S z))) v18)) z) (B (B x (v17 (z v22)) (S (x S I)))))
v15 (x (x B)) (z S (x v12) (S z) (K v10)) (B (x (v17 (z v22) (S (x S I))))) (z (x I B (S I B)) x x (x (z v13 v13 (v0 (x B (S z)))) z) (B (B x (v17 (z v22)) (S (x S I)))))
v15 (x (x B)) (z S (x v12) (S z) (K v10)) (B (x (v17 (z v22) (S (x S I))))) (z (x I B (S I B)) x x (x (z v13 v13 (v0 (x B (S z)))) z) (B (x (v17 (z v22) (S (x S I))))))
I (S (x B) z (v26 (S (K (I (B B) v23 K)) K (K B (x S v17 x z))) (x (x (x v27)) (I (I K) (I v22) I) x)))
S (x B) z (v26 (S (K (I (B B) v23 K)) K (K B (x S v17 x z))) (x (x (x v27)) (I (I K) (I v22) I) x))
x B (v26 (S (K (I (B B) v23 K)) K (K B (x S v17 x z))) (x (x (x v27)) (I (I K) (I v22) I) x)) (z (v26 (S (K (I (B B) v23 K)) K (K B (x S v17 x z))) (x (x (x v27)) (I (I K) (I v22) I) x)))
x B (v26 (K (I (B B) v23 K) (K B (x S v17 x z)) (K (K B (x S v17 x z)))) (x (x (x v27)) (I (I K) (I v22) I) x)) (z (v26 (S (K (I (B B) v23 K)) K (K B (x S v17 x z))) (x (x (x v27)) (I (I K) (I v22) I) x)))
x B (v26 (I (B B) v23 K (K (K B (x S v17 x z)))) (x (x (x v27)) (I (I K) (I v22) I) x)) (z (v26 (S (K (I (B B) v23 K)) K (K B (x S v17 x z))) (x (x (x v27)) (I (I K) (I v22) I) x)))
x B (v26 (B B v23 K (K (K B (x S v17 x z)))) (x (x (x v27)) (I (I K) (I v22) I) x)) (z (v26 (S (K (I (B B) v23 K)) K (K B (x S v17 x z))) (x (x (x v27)) (I (I K) (I v22) I) x)))
x B (v26 (B (v23 K) (K (K B (x S v17 x z)))) (x (x (x v27)) (I (I K) (I v22) I) x)) (z (v26 (S (K (I (B B) v23 K)) K (K B (x S v17 x z))) (x (x (x v27)) (I (I K) (I v22) I) x)))
x B (v26 (B (v23 K) (K B)) (x (x (x v27)) (I (I K) (I v22) I) x)) (z (v26 (S (K (I (B B) v23 K)) K (K B (x S v17 x z))) (x (x (x v27)) (I (I K) (I v22) I) x)))
x B (v26 (B (v23 K) (K B)) (x (x (x v27)) (I K (I v22) I) x)) (z (v26 (S (K (I (B B) v23 K)) K (K B (x S v17 x z))) (x (x (x v27)) (I (I K) (I v22) I) x)))
x B (v26 (B (v23 K) (K B)) (x (x (x v27)) (K (I v22) I) x)) (z (v26 (S (K (I (B B) v23 K)) K (K B (x S v17 x z))) (x (x (x v27)) (I (I K) (I v22) I) x)))
x B (v26 (B (v23 K) (K B)) (x (x (x v27)) (I v22) x)) (z (v26 (S (K (I (B B) v23 K)) K (K B (x S v17 x z))) (x (x (x v27)) (I (I K) (I v22) I) x)))
x B (v26 (B (v23 K) (K B)) (x (x (x v27)) v22 x)) (z (v26 (S (K (I (B B) v23 K)) K (K B (x S v17 x z))) (x (x (x v27)) (I (I K) (I v22) I) x)))
x B (v26 (B (v23 K) (K B)) (x (x (x v27)) v22 x)) (z (v26 (K (I (B B) v23 K) (K B (x S v17 x z)) (K (K B (x S v17 x z)))) (x (x (x v27)) (I (I K) (I v22) I) x)))
x B (v26 (B (v23 K) (K B)) (x (x (x v27)) v22 x)) (z (v26 (I (B B) v23 K (K (K B (x S v17 x z)))) (x (x (x v27)) (I (I K) (I v22) I) x)))
x B (v26 (B (v23 K) (K B)) (x (x (x v27)) v22 x)) (z (v26 (B B v23 K (K (K B (x S v17 x z)))) (x (x (x v27)) (I (I K) (I v22) I) x)))
x B (v26 (B (v23 K) (K B)) (x (x (x v27)) v22 x)) (z (v26 (B (v23 K) (K (K B (x S v17 x z)))) (x (x (x v27)) (I (I K) (I v22) I) x)))
x B (v26 (B (v23 K) (K B)) (x (x (x v27)) v22 x)) (z (v26 (B (v23 K) (K B)) (x (x (x v27)) (I (I K) (I v22) I) x)))
x B (v26 (B (v23 K) (K B)) (x (x (x v27)) v22 x)) (z (v26 (B (v23 K) (K B)) (x (x (x v27)) (I K (I v22) I) x)))
x B (v26 (B (v23 K) (K B)) (x (x (x v27)) v22 x)) (z (v26 (B (v23 K) (K B)) (x (x (x v27)) (K (I v22) I) x)))
x B (v26 (B (v23 K) (K B)) (x (x (x v27)) v22 x)) (z (v26 (B (v23 K) (K B)) (x (x (x v27)) (I v22) x)))
x B (v26 (B (v23 K) (K B)) (x (x (x v27)) v22 x)) (z (v26 (B (v23 K) (K B)) (x (x (x v27)) v22 x)))
z (I z v10) I
z (z v10) I
x (B x (v26 (S I)) (S (S (v0 z (I S x))) B v27)) x
x (x (v26 (S I) (S (S (v0 z (I S x))) B v27))) x
x (x (v26 (S I) (S (v0 z (I S x)) v27 (B v27)))) x
x (x (v26 (S I) (v0 z (I S x) (B v27) (v27 (B v27))))) x
x (x (v26 (S I) (v0 z (S x) (B v27) (v27 (B v27))))) x
x (B (x (v19 I))) S S (S K v1 (I B (v28 (B (v6 (v30 (K (v0 B))) v9 S x))))) (K B v28 S) (K (x (z (S I v7 (z K z (x (I v20))) S) (v22 B S (I (v12 (S B) (S (S S))))))) (z (x z I (B K S B) S) z (K I) (x x)))
x (B (x (v19 I))) S S (K (I B (v28 (B (v6 (v30 (K (v0 B))) v9 S x)))) (v1 (I B (v28 (B (v6 (v30 (K (v0 B))) v9 S x)))))) (K B v28 S) (K (x (z (S I v7 (z K z (x (I v20))) S) (v22 B S (I (v12 (S B) (S (S S))))))) (z (x z I (B K S B) S) z (K I) (x x)))
x (B (x (v19 I))) S S (I B (v28 (B (v6 (v30 (K (v0 B))) v9 S x)))) (K B v28 S) (K (x (z (S I v7 (z K z (x (I v20))) S) (v22 B S (I (v12 (S B) (S (S S))))))) (z (x z I (B K S B) S) z (K I) (x x)))
x (B (x (v19 I))) S S (B (v28 (B (v6 (v30 (K (v0 B))) v9 S x)))) (K B v28 S) (K (x (z (S I v7 (z K z (x (I v20))) S) (v22 B S (I (v12 (S B) (S (S S))))))) (z (x z I (B K S B) S) z (K I) (x x)))
x (B (x (v19 I))) S S (B (v28 (B (v6 (v30 (K (v0 B))) v9 S x)))) (B S) (K (x (z (S I v7 (z K z (x (I v20))) S) (v22 B S (I (v12 (S B) (S (S S))))))) (z (x z I (B K S B) S) z (K I) (x x)))
x (B (x (v19 I))) S S (B (v28 (B (v6 (v30 (K (v0 B))) v9 S x)))) (B S) (x (z (S I v7 (z K z (x (I v20))) S) (v22 B S (I (v12 (S B) (S (S S)))))))
x (B (x (v19 I))) S S (B (v28 (B (v6 (v30 (K (v0 B))) v9 S x)))) (B S) (x (z (I (z K z (x (I v20))) (v7 (z K z (x (I v20)))) S) (v22 B S (I (v12 (S B) (S (S S)))))))
x (B (x (v19 I))) S S (B (v28 (B (v6 (v30 (K (v0 B))) v9 S x)))) (B S) (x (z (z K z (x (I v20)) (v7 (z K z (x (I v20)))) S) (v22 B S (I (v12 (S B) (S (S S)))))))
x (B (x (v19 I))) S S (B (v28 (B (v6 (v30 (K (v0 B))) v9 S x)))) (B S) (x (z (z K z (x v20) (v7 (z K z (x (I v20)))) S) (v22 B S (I (v12 (S B) (S (S S)))))))
x (B (x (v19 I))) S S (B (v28 (B (v6 (v30 (K (v0 B))) v9 S x)))) (B S) (x (z (z K z (x v20) (v7 (z K z (x v20))) S) (v22 B S (I (v12 (S B) (S (S S)))))))
x (B (x (v19 I))) S S (B (v28 (B (v6 (v30 (K (v0 B))) v9 S x)))) (B S) (x (z (z K z (x v20) (v7 (z K z (x v20))) S) (v22 B S (v12 (S B) (S (S S))))))
