z (K (v18 K (S (S z) (I B)) (B z))) (K K I z (z (I (I (K v3))) (B B) (x K))) (z (x I) (I I (S (K (B K)) z)))
z (K (v18 K (S (S z) B) (B z))) (K K I z (z (I (I (K v3))) (B B) (x K))) (z (x I) (I I (S (K (B K)) z)))
z (K (v18 K (S (S z) B) (B z))) (K z (z (I (I (K v3))) (B B) (x K))) (z (x I) (I I (S (K (B K)) z)))
z (K (v18 K (S (S z) B) (B z))) z (z (x I) (I I (S (K (B K)) z)))
z (K (v18 K (S (S z) B) (B z))) z (z (x I) (I (S (K (B K)) z)))
z (K (v18 K (S (S z) B) (B z))) z (z (x I) (S (K (B K)) z))
v18 (B x x (B I)) z (S I) (S v6 v25 (v4 x (K (x v5) (B (K B (I (K (z x))) (z (I z)) x S)))) (x (z (K (B K S) x)))) (I (z (z B) (K v8 (B (x (z z (z K)))))) (z (B I) v17 (v12 (S v20 z) (z (v24 (z x) (S (v24 B))))) (S (S (I I)) x (K S (S S) z z) B) v18) (v0 (I K) K B))
v18 (x (x (B I))) z (S I) (S v6 v25 (v4 x (K (x v5) (B (K B (I (K (z x))) (z (I z)) x S)))) (x (z (K (B K S) x)))) (I (z (z B) (K v8 (B (x (z z (z K)))))) (z (B I) v17 (v12 (S v20 z) (z (v24 (z x) (S (v24 B))))) (S (S (I I)) x (K S (S S) z z) B) v18) (v0 (I K) K B))
v18 (x (x (B I))) z (S I) (v6 (v4 x (K (x v5) (B (K B (I (K (z x))) (z (I z)) x S)))) (v25 (v4 x (K (x v5) (B (K B (I (K (z x))) (z (I z)) x S))))) (x (z (K (B K S) x)))) (I (z (z B) (K v8 (B (x (z z (z K)))))) (z (B I) v17 (v12 (S v20 z) (z (v24 (z x) (S (v24 B))))) (S (S (I I)) x (K S (S S) z z) B) v18) (v0 (I K) K B))
v18 (x (x (B I))) z (S I) (v6 (v4 x (x v5)) (v25 (v4 x (K (x v5) (B (K B (I (K (z x))) (z (I z)) x S))))) (x (z (K (B K S) x)))) (I (z (z B) (K v8 (B (x (z z (z K)))))) (z (B I) v17 (v12 (S v20 z) (z (v24 (z x) (S (v24 B))))) (S (S (I I)) x (K S (S S) z z) B) v18) (v0 (I K) K B))
v18 (x (x (B I))) z (S I) (v6 (v4 x (x v5)) (v25 (v4 x (x v5))) (x (z (K (B K S) x)))) (I (z (z B) (K v8 (B (x (z z (z K)))))) (z (B I) v17 (v12 (S v20 z) (z (v24 (z x) (S (v24 B))))) (S (S (I I)) x (K S (S S) z z) B) v18) (v0 (I K) K B))
v18 (x (x (B I))) z (S I) (v6 (v4 x (x v5)) (v25 (v4 x (x v5))) (x (z (B K S)))) (I (z (z B) (K v8 (B (x (z z (z K)))))) (z (B I) v17 (v12 (S v20 z) (z (v24 (z x) (S (v24 B))))) (S (S (I I)) x (K S (S S) z z) B) v18) (v0 (I K) K B))
v18 (x (x (B I))) z (S I) (v6 (v4 x (x v5)) (v25 (v4 x (x v5))) (x (z (B K S)))) (z (z B) (K v8 (B (x (z z (z K))))) (z (B I) v17 (v12 (S v20 z) (z (v24 (z x) (S (v24 B))))) (S (S (I I)) x (K S (S S) z z) B) v18) (v0 (I K) K B))
v18 (x (x (B I))) z (S I) (v6 (v4 x (x v5)) (v25 (v4 x (x v5))) (x (z (B K S)))) (z (z B) v8 (z (B I) v17 (v12 (S v20 z) (z (v24 (z x) (S (v24 B))))) (S (S (I I)) x (K S (S S) z z) B) v18) (v0 (I K) K B))
v18 (x (x (B I))) z (S I) (v6 (v4 x (x v5)) (v25 (v4 x (x v5))) (x (z (B K S)))) (z (z B) v8 (z (B I) v17 (v12 (S v20 z) (z (v24 (z x) (S (v24 B))))) (S (I I) (K S (S S) z z) (x (K S (S S) z z)) B) v18) (v0 (I K) K B))
v18 (x (x (B I))) z (S I) (v6 (v4 x (x v5)) (v25 (v4 x (x v5))) (x (z (B K S)))) (z (z B) v8 (z (B I) v17 (v12 (S v20 z) (z (v24 (z x) (S (v24 B))))) (I I (x (K S (S S) z z)) (K S (S S) z z (x (K S (S S) z z))) B) v18) (v0 (I K) K B))
v18 (x (x (B I))) z (S I) (v6 (v4 x (x v5)) (v25 (v4 x (x v5))) (x (z (B K S)))) (z (z B) v8 (z (B I) v17 (v12 (S v20 z) (z (v24 (z x) (S (v24 B))))) (I (x (K S (S S) z z)) (K S (S S) z z (x (K S (S S) z z))) B) v18) (v0 (I K) K B))
v18 (x (x (B I))) z (S I) (v6 (v4 x (x v5)) (v25 (v4 x (x v5))) (x (z (B K S)))) (z (z B) v8 (z (B I) v17 (v12 (S v20 z) (z (v24 (z x) (S (v24 B))))) (x (K S (S S) z z) (K S (S S) z z (x (K S (S S) z z))) B) v18) (v0 (I K) K B))
v18 (x (x (B I))) z (S I) (v6 (v4 x (x v5)) (v25 (v4 x (x v5))) (x (z (B K S)))) (z (z B) v8 (z (B I) v17 (v12 (S v20 z) (z (v24 (z x) (S (v24 B))))) (x (S z z) (K S (S S) z z (x (K S (S S) z z))) B) v18) (v0 (I K) K B))
v18 (x (x (B I))) z (S I) (v6 (v4 x (x v5)) (v25 (v4 x (x v5))) (x (z (B K S)))) (z (z B) v8 (z (B I) v17 (v12 (S v20 z) (z (v24 (z x) (S (v24 B))))) (x (S z z) (S z z (x (K S (S S) z z))) B) v18) (v0 (I K) K B))
v18 (x (x (B I))) z (S I) (v6 (v4 x (x v5)) (v25 (v4 x (x v5))) (x (z (B K S)))) (z (z B) v8 (z (B I) v17 (v12 (S v20 z) (z (v24 (z x) (S (v24 B))))) (x (S z z) (z (x (K S (S S) z z)) (z (x (K S (S S) z z)))) B) v18) (v0 (I K) K B))
v18 (x (x (B I))) z (S I) (v6 (v4 x (x v5)) (v25 (v4 x (x v5))) (x (z (B K S)))) (z (z B) v8 (z (B I) v17 (v12 (S v20 z) (z (v24 (z x) (S (v24 B))))) (x (S z z) (z (x (S z z)) (z (x (K S (S S) z z)))) B) v18) (v0 (I K) K B))
v18 (x (x (B I))) z (S I) (v6 (v4 x (x v5)) (v25 (v4 x (x v5))) (x (z (B K S)))) (z (z B) v8 (z (B I) v17 (v12 (S v20 z) (z (v24 (z x) (S (v24 B))))) (x (S z z) (z (x (S z z)) (z (x (S z z)))) B) v18) (v0 (I K) K B))
v18 (x (x (B I))) z (S I) (v6 (v4 x (x v5)) (v25 (v4 x (x v5))) (x (z (B K S)))) (z (z B) v8 (z (B I) v17 (v12 (S v20 z) (z (v24 (z x) (S (v24 B))))) (x (S z z) (z (x (S z z)) (z (x (S z z)))) B) v18) (v0 K K B))
K z (B v6)
z
v14
K (S (x (x (v6 (S (B S)))))) (x (z (I (S K))) z) (S (B (B z)) B B z)
S (x (x (v6 (S (B S))))) (S (B (B z)) B B z)
S (x (x (v6 (S (B S))))) (B (B z) B (B B) z)
S (x (x (v6 (S (B S))))) (B z (B (B B)) z)
S (x (x (v6 (S (B S))))) (z (B (B B) z))
z (B I z (B (I B I B) v14 B (x (v15 B (v16 z B) I I) I)) (S (I K (K (z (v11 B x) B B) x) (z (K I)) (B (I (z (B (K I x)) (v5 B)))))))
z (I (z (B (I B I B) v14 B (x (v15 B (v16 z B) I I) I))) (S (I K (K (z (v11 B x) B B) x) (z (K I)) (B (I (z (B (K I x)) (v5 B)))))))
z (z (B (I B I B) v14 B (x (v15 B (v16 z B) I I) I)) (S (I K (K (z (v11 B x) B B) x) (z (K I)) (B (I (z (B (K I x)) (v5 B)))))))
z (z (I B I B (v14 B) (x (v15 B (v16 z B) I I) I)) (S (I K (K (z (v11 B x) B B) x) (z (K I)) (B (I (z (B (K I x)) (v5 B)))))))
z (z (B I B (v14 B) (x (v15 B (v16 z B) I I) I)) (S (I K (K (z (v11 B x) B B) x) (z (K I)) (B (I (z (B (K I x)) (v5 B)))))))
z (z (I (B (v14 B)) (x (v15 B (v16 z B) I I) I)) (S (I K (K (z (v11 B x) B B) x) (z (K I)) (B (I (z (B (K I x)) (v5 B)))))))
z (z (B (v14 B) (x (v15 B (v16 z B) I I) I)) (S (I K (K (z (v11 B x) B B) x) (z (K I)) (B (I (z (B (K I x)) (v5 B)))))))
z (z (B (v14 B) (x (v15 B (v16 z B) I I) I)) (S (K (K (z (v11 B x) B B) x) (z (K I)) (B (I (z (B (K I x)) (v5 B)))))))
z (z (B (v14 B) (x (v15 B (v16 z B) I I) I)) (S (K (z (v11 B x) B B) x (B (I (z (B (K I x)) (v5 B)))))))
z (z (B (v14 B) (x (v15 B (v16 z B) I I) I)) (S (z (v11 B x) B B (B (I (z (B (K I x)) (v5 B)))))))
z (z (B (v14 B) (x (v15 B (v16 z B) I I) I)) (S (z (v11 B x) B B (B (z (B (K I x)) (v5 B))))))
z (z (B (v14 B) (x (v15 B (v16 z B) I I) I)) (S (z (v11 B x) B B (B (z (B I) (v5 B))))))
K
S x x (I (S z) (x z v13 B v10 I) v23) (B I I)
x (I (S z) (x z v13 B v10 I) v23) (x (I (S z) (x z v13 B v10 I) v23)) (B I I)
x (S z (x z v13 B v10 I) v23) (x (I (S z) (x z v13 B v10 I) v23)) (B I I)
x (z v23 (x z v13 B v10 I v23)) (x (I (S z) (x z v13 B v10 I) v23)) (B I I)
x (z v23 (x z v13 B v10 I v23)) (x (S z (x z v13 B v10 I) v23)) (B I I)
x (z v23 (x z v13 B v10 I v23)) (x (z v23 (x z v13 B v10 I v23))) (B I I)
B (S K I v20 v22 I)
B (K v20 (I v20) v22 I)
B (v20 v22 I)
I K (K (I (v12 (I (I v24))) K)) S
K (K (I (v12 (I (I v24))) K)) S
K (I (v12 (I (I v24))) K)
K (v12 (I (I v24)) K)
K (v12 (I v24) K)
K (v12 v24 K)
