I
x (B v22) (K (S z (v29 x (S (z v10)) K) S I) B) (v22 B z (K (v6 v25 K) (v28 v14)) (z (z (S x) K I)))
x (B v22) (S z (v29 x (S (z v10)) K) S I) (v22 B z (K (v6 v25 K) (v28 v14)) (z (z (S x) K I)))
x (B v22) (z S (v29 x (S (z v10)) K S) I) (v22 B z (K (v6 v25 K) (v28 v14)) (z (z (S x) K I)))
x (B v22) (z S (v29 x (S (z v10)) K S) I) (v22 B z (v6 v25 K) (z (z (S x) K I)))
z S (I v4 S) I (K (S I B (K S) (B x)))
z S (v4 S) I (K (S I B (K S) (B x)))
z S (v4 S) I (K (I (K S) (B (K S)) (B x)))
z S (v4 S) I (K (K S (B (K S)) (B x)))
z S (v4 S) I (K (S (B x)))
I
S (x (B v11 x (v0 S)) K z)
S (x (v11 (x (v0 S))) K z)
v9 K (I z z (v6 S (v19 I x)) (v0 (z v30 (v25 (I K)))))
v9 K (z z (v6 S (v19 I x)) (v0 (z v30 (v25 (I K)))))
v9 K (z z (v6 S (v19 I x)) (v0 (z v30 (v25 K))))
B
z
x I v18 B (K (x K I (v21 (v14 B (B v21) (B x (z B)))) z) (v7 (x (K K z K)) (K (x (B x v9) z)) (S (S z x)) x) (B z (v0 K (z K)) (x I v29)) (z (v16 (K (x v5) (v19 S x))) (I I) (B z) (v3 (x S (S (x (v5 (z x (v10 I) B))) K)) (K S) v10)))
x I v18 B (x K I (v21 (v14 B (B v21) (B x (z B)))) z (B z (v0 K (z K)) (x I v29)) (z (v16 (K (x v5) (v19 S x))) (I I) (B z) (v3 (x S (S (x (v5 (z x (v10 I) B))) K)) (K S) v10)))
x I v18 B (x K I (v21 (v14 B (B v21) (B x (z B)))) z (z (v0 K (z K) (x I v29))) (z (v16 (K (x v5) (v19 S x))) (I I) (B z) (v3 (x S (S (x (v5 (z x (v10 I) B))) K)) (K S) v10)))
x I v18 B (x K I (v21 (v14 B (B v21) (B x (z B)))) z (z (v0 K (z K) (x I v29))) (z (v16 (x v5)) (I I) (B z) (v3 (x S (S (x (v5 (z x (v10 I) B))) K)) (K S) v10)))
x I v18 B (x K I (v21 (v14 B (B v21) (B x (z B)))) z (z (v0 K (z K) (x I v29))) (z (v16 (x v5)) I (B z) (v3 (x S (S (x (v5 (z x (v10 I) B))) K)) (K S) v10)))
v21 (x (x (S K) B v23) (S (z (B (B x B))) (S S z)) (I (B S v8 (S (x z) z)) x (K (S x) x x)) (I (v0 (z B) (S (B x S (v9 B))) B) (x (z (B (B v8 S (B (S K))) S (S S))))))
v21 (x (x (S K) B v23) (S (z (B (B x B))) (S S z)) (B S v8 (S (x z) z) x (K (S x) x x)) (I (v0 (z B) (S (B x S (v9 B))) B) (x (z (B (B v8 S (B (S K))) S (S S))))))
v21 (x (x (S K) B v23) (S (z (B (B x B))) (S S z)) (S (v8 (S (x z) z)) x (K (S x) x x)) (I (v0 (z B) (S (B x S (v9 B))) B) (x (z (B (B v8 S (B (S K))) S (S S))))))
v21 (x (x (S K) B v23) (S (z (B (B x B))) (S S z)) (v8 (S (x z) z) (K (S x) x x) (x (K (S x) x x))) (I (v0 (z B) (S (B x S (v9 B))) B) (x (z (B (B v8 S (B (S K))) S (S S))))))
v21 (x (x (S K) B v23) (S (z (B (B x B))) (S S z)) (v8 (S (x z) z) (S x x) (x (K (S x) x x))) (I (v0 (z B) (S (B x S (v9 B))) B) (x (z (B (B v8 S (B (S K))) S (S S))))))
v21 (x (x (S K) B v23) (S (z (B (B x B))) (S S z)) (v8 (S (x z) z) (S x x) (x (S x x))) (I (v0 (z B) (S (B x S (v9 B))) B) (x (z (B (B v8 S (B (S K))) S (S S))))))
v21 (x (x (S K) B v23) (S (z (B (B x B))) (S S z)) (v8 (S (x z) z) (S x x) (x (S x x))) (v0 (z B) (S (B x S (v9 B))) B (x (z (B (B v8 S (B (S K))) S (S S))))))
v21 (x (x (S K) B v23) (S (z (B (B x B))) (S S z)) (v8 (S (x z) z) (S x x) (x (S x x))) (v0 (z B) (S (x (S (v9 B)))) B (x (z (B (B v8 S (B (S K))) S (S S))))))
v21 (x (x (S K) B v23) (S (z (B (B x B))) (S S z)) (v8 (S (x z) z) (S x x) (x (S x x))) (v0 (z B) (S (x (S (v9 B)))) B (x (z (B v8 S (B (S K)) (S (S S)))))))
v21 (x (x (S K) B v23) (S (z (B (B x B))) (S S z)) (v8 (S (x z) z) (S x x) (x (S x x))) (v0 (z B) (S (x (S (v9 B)))) B (x (z (v8 (S (B (S K))) (S (S S)))))))
