B (S (S (K I (S I K B (x S) (x x))) (K (x S K (v14 z))))) (I B (I (S B)) (I I (v19 (K v12 (z v29))))) (K (B (S (I K (S (S K) (S (B z))))) I))
S (S (K I (S I K B (x S) (x x))) (K (x S K (v14 z)))) (I B (I (S B)) (I I (v19 (K v12 (z v29)))) (K (B (S (I K (S (S K) (S (B z))))) I)))
S (S I (K (x S K (v14 z)))) (I B (I (S B)) (I I (v19 (K v12 (z v29)))) (K (B (S (I K (S (S K) (S (B z))))) I)))
S (S I (K (x S K (v14 z)))) (B (I (S B)) (I I (v19 (K v12 (z v29)))) (K (B (S (I K (S (S K) (S (B z))))) I)))
S (S I (K (x S K (v14 z)))) (I (S B) (I I (v19 (K v12 (z v29))) (K (B (S (I K (S (S K) (S (B z))))) I))))
S (S I (K (x S K (v14 z)))) (S B (I I (v19 (K v12 (z v29))) (K (B (S (I K (S (S K) (S (B z))))) I))))
S (S I (K (x S K (v14 z)))) (S B (I (v19 (K v12 (z v29))) (K (B (S (I K (S (S K) (S (B z))))) I))))
S (S I (K (x S K (v14 z)))) (S B (v19 (K v12 (z v29)) (K (B (S (I K (S (S K) (S (B z))))) I))))
S (S I (K (x S K (v14 z)))) (S B (v19 v12 (K (B (S (I K (S (S K) (S (B z))))) I))))
S (S I (K (x S K (v14 z)))) (S B (v19 v12 (K (B (S (K (S (S K) (S (B z))))) I))))
S x
B B (v23 (B K (v16 (K (I K))) I (I (z (K (B I) (K v27)) x (z S I v4 z)) B)) (x x (v16 z)) (S x))
B B (v23 (K (v16 (K (I K)) I) (I (z (K (B I) (K v27)) x (z S I v4 z)) B)) (x x (v16 z)) (S x))
B B (v23 (v16 (K (I K)) I) (x x (v16 z)) (S x))
B B (v23 (v16 (K K) I) (x x (v16 z)) (S x))
v11 (z B) S
z z
B x (B (K S)) K (v5 (I (z I I K) I (S (v15 S (I K)) (x S (B (z (S x x (I x) (K z) B)) v13)))))
x (B (K S) K) (v5 (I (z I I K) I (S (v15 S (I K)) (x S (B (z (S x x (I x) (K z) B)) v13)))))
x (B (K S) K) (v5 (z I I K I (S (v15 S (I K)) (x S (B (z (S x x (I x) (K z) B)) v13)))))
x (B (K S) K) (v5 (z I I K I (S (v15 S K) (x S (B (z (S x x (I x) (K z) B)) v13)))))
x (B (K S) K) (v5 (z I I K I (S (v15 S K) (x S (B (z (x (I x) (x (I x)) (K z) B)) v13)))))
x (B (K S) K) (v5 (z I I K I (S (v15 S K) (x S (B (z (x x (x (I x)) (K z) B)) v13)))))
x (B (K S) K) (v5 (z I I K I (S (v15 S K) (x S (B (z (x x (x x) (K z) B)) v13)))))
x (S x (z (B (S S) B))) (I S) I
x (S x (z (B (S S) B))) S I
I z (I (S (x (v6 K z) (I (B (K S) (I (B z I)))) (v4 (S z S) z))))
z (I (S (x (v6 K z) (I (B (K S) (I (B z I)))) (v4 (S z S) z))))
z (S (x (v6 K z) (I (B (K S) (I (B z I)))) (v4 (S z S) z)))
z (S (x (v6 K z) (B (K S) (I (B z I))) (v4 (S z S) z)))
z (S (x (v6 K z) (B (K S) (B z I)) (v4 (S z S) z)))
B (K K (K (K B I))) (I (K K) K)
B K (I (K K) K)
B K (K K K)
B K K
I (B (K z)) (S (z S (x x (x K v3))) (I z)) (K (z (S z x (B (x I)) (x v28 S (B I)))) (S (S (S (x (v19 v8 z)))) v10)) (x (S K) S K) (v12 (K B))
B (K z) (S (z S (x x (x K v3))) (I z)) (K (z (S z x (B (x I)) (x v28 S (B I)))) (S (S (S (x (v19 v8 z)))) v10)) (x (S K) S K) (v12 (K B))
K z (S (z S (x x (x K v3))) (I z) (K (z (S z x (B (x I)) (x v28 S (B I)))) (S (S (S (x (v19 v8 z)))) v10))) (x (S K) S K) (v12 (K B))
z (x (S K) S K) (v12 (K B))
