S K z S I (B I (S (v26 z S B B) (I B) I S I)) (z B)
K S (z S) I (B I (S (v26 z S B B) (I B) I S I)) (z B)
S I (B I (S (v26 z S B B) (I B) I S I)) (z B)
I (z B) (B I (S (v26 z S B B) (I B) I S I) (z B))
z B (B I (S (v26 z S B B) (I B) I S I) (z B))
z B (I (S (v26 z S B B) (I B) I S I (z B)))
z B (S (v26 z S B B) (I B) I S I (z B))
z B (v26 z S B B I (I B I) S I (z B))
z B (v26 z S B B I (B I) S I (z B))
B (I B) v8 (K B) S (S K) K (z I) (x B v10 x) (v24 (K (v1 v10) S B x) (B (B x)) S (z I (S (x I (z x))) (z v1 (S v27))) (z B I (x (K I z))))
I B (v8 (K B)) S (S K) K (z I) (x B v10 x) (v24 (K (v1 v10) S B x) (B (B x)) S (z I (S (x I (z x))) (z v1 (S v27))) (z B I (x (K I z))))
B (v8 (K B)) S (S K) K (z I) (x B v10 x) (v24 (K (v1 v10) S B x) (B (B x)) S (z I (S (x I (z x))) (z v1 (S v27))) (z B I (x (K I z))))
v8 (K B) (S (S K)) K (z I) (x B v10 x) (v24 (K (v1 v10) S B x) (B (B x)) S (z I (S (x I (z x))) (z v1 (S v27))) (z B I (x (K I z))))
v8 (K B) (S (S K)) K (z I) (x B v10 x) (v24 (v1 v10 B x) (B (B x)) S (z I (S (x I (z x))) (z v1 (S v27))) (z B I (x (K I z))))
v8 (K B) (S (S K)) K (z I) (x B v10 x) (v24 (v1 v10 B x) (B (B x)) S (z I (S (x I (z x))) (z v1 (S v27))) (z B I (x I)))
z (z (B (S (B S x x)))) z (v22 (B S)) (x K (S (K (B (I B)) v23) v5) (B (K x)) (v18 x (I v8 S) (I (v27 S B)))) (B (K z B) (B (z S)))
z (z (B (S (S (x x))))) z (v22 (B S)) (x K (S (K (B (I B)) v23) v5) (B (K x)) (v18 x (I v8 S) (I (v27 S B)))) (B (K z B) (B (z S)))
z (z (B (S (S (x x))))) z (v22 (B S)) (x K (S (B (I B)) v5) (B (K x)) (v18 x (I v8 S) (I (v27 S B)))) (B (K z B) (B (z S)))
z (z (B (S (S (x x))))) z (v22 (B S)) (x K (S (B B) v5) (B (K x)) (v18 x (I v8 S) (I (v27 S B)))) (B (K z B) (B (z S)))
z (z (B (S (S (x x))))) z (v22 (B S)) (x K (S (B B) v5) (B (K x)) (v18 x (v8 S) (I (v27 S B)))) (B (K z B) (B (z S)))
z (z (B (S (S (x x))))) z (v22 (B S)) (x K (S (B B) v5) (B (K x)) (v18 x (v8 S) (v27 S B))) (B (K z B) (B (z S)))
z (z (B (S (S (x x))))) z (v22 (B S)) (x K (S (B B) v5) (B (K x)) (v18 x (v8 S) (v27 S B))) (B z (B (z S)))
v24
B (B (z K)) (I K z (I (I z (S I) z)) I) K
B (z K) (I K z (I (I z (S I) z)) I K)
B (z K) (K z (I (I z (S I) z)) I K)
B (z K) (z I K)
v27 x (z (v1 K) (K x K v13 B))
v27 x (z (v1 K) (x v13 B))
K (v3 z) (K (K S (S (z z K))))
v3 z
v26 v2
K K K v20 (I (z (z I) (B x))) (S I (B S z B) (K K) (v25 S I) (B (I z) v24 (x (z z v3 B) (K z) v22 (K S S (K x z) K)))) K (S (z B (x (v21 S K) (S K)) B x) (S (z (S v17 x z v7 (x (z (I I)))) v6)))
K v20 (I (z (z I) (B x))) (S I (B S z B) (K K) (v25 S I) (B (I z) v24 (x (z z v3 B) (K z) v22 (K S S (K x z) K)))) K (S (z B (x (v21 S K) (S K)) B x) (S (z (S v17 x z v7 (x (z (I I)))) v6)))
v20 (S I (B S z B) (K K) (v25 S I) (B (I z) v24 (x (z z v3 B) (K z) v22 (K S S (K x z) K)))) K (S (z B (x (v21 S K) (S K)) B x) (S (z (S v17 x z v7 (x (z (I I)))) v6)))
v20 (I (K K) (B S z B (K K)) (v25 S I) (B (I z) v24 (x (z z v3 B) (K z) v22 (K S S (K x z) K)))) K (S (z B (x (v21 S K) (S K)) B x) (S (z (S v17 x z v7 (x (z (I I)))) v6)))
v20 (K K (B S z B (K K)) (v25 S I) (B (I z) v24 (x (z z v3 B) (K z) v22 (K S S (K x z) K)))) K (S (z B (x (v21 S K) (S K)) B x) (S (z (S v17 x z v7 (x (z (I I)))) v6)))
v20 (K (v25 S I) (B (I z) v24 (x (z z v3 B) (K z) v22 (K S S (K x z) K)))) K (S (z B (x (v21 S K) (S K)) B x) (S (z (S v17 x z v7 (x (z (I I)))) v6)))
v20 (v25 S I) K (S (z B (x (v21 S K) (S K)) B x) (S (z (S v17 x z v7 (x (z (I I)))) v6)))
v20 (v25 S I) K (S (z B (x (v21 S K) (S K)) B x) (S (z (v17 z (x z) v7 (x (z (I I)))) v6)))
v20 (v25 S I) K (S (z B (x (v21 S K) (S K)) B x) (S (z (v17 z (x z) v7 (x (z I))) v6)))
S (S (z z (K (z z x)) I B) (x z) (K B))
S (z z (K (z z x)) I B (K B) (x z (K B)))
