B (I x) z (B (I (B B)))
I x (z (B (I (B B))))
x (z (B (I (B B))))
x (z (B (B B)))
K (K B (v1 (S x) (x x z (K B) B) (x v20) I)) K
K B (v1 (S x) (x x z (K B) B) (x v20) I)
B
K
x (S z (S (x (v30 (I x v27)) (I (K v13) S)) (I (I v15))) z)
x (z z (S (x (v30 (I x v27)) (I (K v13) S)) (I (I v15)) z))
x (z z (x (v30 (I x v27)) (I (K v13) S) z (I (I v15) z)))
x (z z (x (v30 (x v27)) (I (K v13) S) z (I (I v15) z)))
x (z z (x (v30 (x v27)) (K v13 S) z (I (I v15) z)))
x (z z (x (v30 (x v27)) v13 z (I (I v15) z)))
x (z z (x (v30 (x v27)) v13 z (I v15 z)))
x (z z (x (v30 (x v27)) v13 z (v15 z)))
z x (x (S (z v13)) S K B) (v7 z x (B (v8 z x) v7)) B
S (S v27 S) z (K S)
S v27 S (K S) (z (K S))
v27 (K S) (S (K S)) (z (K S))
x (x (B (x (z S)) (z S v16) (S B (v27 K) (S (B K (z I))) (K (I z v15 (S v25 K) (v27 (S S) v15 (K S)) K)))))
x (x (x (z S) (z S v16 (S B (v27 K) (S (B K (z I))) (K (I z v15 (S v25 K) (v27 (S S) v15 (K S)) K))))))
x (x (x (z S) (z S v16 (B (S (B K (z I))) (v27 K (S (B K (z I)))) (K (I z v15 (S v25 K) (v27 (S S) v15 (K S)) K))))))
x (x (x (z S) (z S v16 (S (B K (z I)) (v27 K (S (B K (z I))) (K (I z v15 (S v25 K) (v27 (S S) v15 (K S)) K)))))))
x (x (x (z S) (z S v16 (S (B K (z I)) (v27 K (S (B K (z I))) (K (z v15 (S v25 K) (v27 (S S) v15 (K S)) K)))))))
z v18 (z v30) (B I) (S (K v15)) (B (S x) (x (I (B z S) v8)) B)
z v18 (z v30) (B I) (S (K v15)) (S x (x (I (B z S) v8) B))
z v18 (z v30) (B I) (S (K v15)) (S x (x (B z S v8) B))
z v18 (z v30) (B I) (S (K v15)) (S x (x (z (S v8)) B))
K v5 (z (v1 S v20 (B z) (I B S x) (B (z (x x)) (B v10 K) (x (I x S)))))
v5
B (z (z (v2 (S S)) I) (K (B x (I z))) (I (x (B (K x) (x z (z B I S)) (B (I S))) z))) (I (I B v23))
B (z (z (v2 (S S)) I) (K (B x z)) (I (x (B (K x) (x z (z B I S)) (B (I S))) z))) (I (I B v23))
B (z (z (v2 (S S)) I) (K (B x z)) (x (B (K x) (x z (z B I S)) (B (I S))) z)) (I (I B v23))
B (z (z (v2 (S S)) I) (K (B x z)) (x (K x (x z (z B I S) (B (I S)))) z)) (I (I B v23))
B (z (z (v2 (S S)) I) (K (B x z)) (x x z)) (I (I B v23))
B (z (z (v2 (S S)) I) (K (B x z)) (x x z)) (I B v23)
B (z (z (v2 (S S)) I) (K (B x z)) (x x z)) (B v23)
