K
S I K
S S (z (B (B (I (B B (I S)) (v30 K))) (I (K I)) (z z)) x I) x (K (x (I (x (z B v20) K (S v1)))) B (x (B x) z (K (K (K v18 v29))) z I v21 (x (B v11) B (I (x (S z (x I S))) S) S)))
S x (z (B (B (I (B B (I S)) (v30 K))) (I (K I)) (z z)) x I x) (K (x (I (x (z B v20) K (S v1)))) B (x (B x) z (K (K (K v18 v29))) z I v21 (x (B v11) B (I (x (S z (x I S))) S) S)))
x (K (x (I (x (z B v20) K (S v1)))) B (x (B x) z (K (K (K v18 v29))) z I v21 (x (B v11) B (I (x (S z (x I S))) S) S))) (z (B (B (I (B B (I S)) (v30 K))) (I (K I)) (z z)) x I x (K (x (I (x (z B v20) K (S v1)))) B (x (B x) z (K (K (K v18 v29))) z I v21 (x (B v11) B (I (x (S z (x I S))) S) S))))
x (x (I (x (z B v20) K (S v1))) (x (B x) z (K (K (K v18 v29))) z I v21 (x (B v11) B (I (x (S z (x I S))) S) S))) (z (B (B (I (B B (I S)) (v30 K))) (I (K I)) (z z)) x I x (K (x (I (x (z B v20) K (S v1)))) B (x (B x) z (K (K (K v18 v29))) z I v21 (x (B v11) B (I (x (S z (x I S))) S) S))))
x (x (x (z B v20) K (S v1)) (x (B x) z (K (K (K v18 v29))) z I v21 (x (B v11) B (I (x (S z (x I S))) S) S))) (z (B (B (I (B B (I S)) (v30 K))) (I (K I)) (z z)) x I x (K (x (I (x (z B v20) K (S v1)))) B (x (B x) z (K (K (K v18 v29))) z I v21 (x (B v11) B (I (x (S z (x I S))) S) S))))
x (x (x (z B v20) K (S v1)) (x (B x) z (K (K v18)) z I v21 (x (B v11) B (I (x (S z (x I S))) S) S))) (z (B (B (I (B B (I S)) (v30 K))) (I (K I)) (z z)) x I x (K (x (I (x (z B v20) K (S v1)))) B (x (B x) z (K (K (K v18 v29))) z I v21 (x (B v11) B (I (x (S z (x I S))) S) S))))
x (x (x (z B v20) K (S v1)) (x (B x) z (K (K v18)) z I v21 (x (B v11) B (x (S z (x I S)) S) S))) (z (B (B (I (B B (I S)) (v30 K))) (I (K I)) (z z)) x I x (K (x (I (x (z B v20) K (S v1)))) B (x (B x) z (K (K (K v18 v29))) z I v21 (x (B v11) B (I (x (S z (x I S))) S) S))))
x (x (x (z B v20) K (S v1)) (x (B x) z (K (K v18)) z I v21 (x (B v11) B (x (S z (x I S)) S) S))) (z (B (I (B B (I S)) (v30 K)) (I (K I) (z z))) x I x (K (x (I (x (z B v20) K (S v1)))) B (x (B x) z (K (K (K v18 v29))) z I v21 (x (B v11) B (I (x (S z (x I S))) S) S))))
x (x (x (z B v20) K (S v1)) (x (B x) z (K (K v18)) z I v21 (x (B v11) B (x (S z (x I S)) S) S))) (z (B (B B (I S) (v30 K)) (I (K I) (z z))) x I x (K (x (I (x (z B v20) K (S v1)))) B (x (B x) z (K (K (K v18 v29))) z I v21 (x (B v11) B (I (x (S z (x I S))) S) S))))
x (x (x (z B v20) K (S v1)) (x (B x) z (K (K v18)) z I v21 (x (B v11) B (x (S z (x I S)) S) S))) (z (B (B (I S (v30 K))) (I (K I) (z z))) x I x (K (x (I (x (z B v20) K (S v1)))) B (x (B x) z (K (K (K v18 v29))) z I v21 (x (B v11) B (I (x (S z (x I S))) S) S))))
x (x (x (z B v20) K (S v1)) (x (B x) z (K (K v18)) z I v21 (x (B v11) B (x (S z (x I S)) S) S))) (z (B (B (S (v30 K))) (I (K I) (z z))) x I x (K (x (I (x (z B v20) K (S v1)))) B (x (B x) z (K (K (K v18 v29))) z I v21 (x (B v11) B (I (x (S z (x I S))) S) S))))
x (x (x (z B v20) K (S v1)) (x (B x) z (K (K v18)) z I v21 (x (B v11) B (x (S z (x I S)) S) S))) (z (B (B (S (v30 K))) (K I (z z))) x I x (K (x (I (x (z B v20) K (S v1)))) B (x (B x) z (K (K (K v18 v29))) z I v21 (x (B v11) B (I (x (S z (x I S))) S) S))))
x (x (x (z B v20) K (S v1)) (x (B x) z (K (K v18)) z I v21 (x (B v11) B (x (S z (x I S)) S) S))) (z (B (B (S (v30 K))) I) x I x (K (x (I (x (z B v20) K (S v1)))) B (x (B x) z (K (K (K v18 v29))) z I v21 (x (B v11) B (I (x (S z (x I S))) S) S))))
x (x (x (z B v20) K (S v1)) (x (B x) z (K (K v18)) z I v21 (x (B v11) B (x (S z (x I S)) S) S))) (z (B (B (S (v30 K))) I) x I x (x (I (x (z B v20) K (S v1))) (x (B x) z (K (K (K v18 v29))) z I v21 (x (B v11) B (I (x (S z (x I S))) S) S))))
x (x (x (z B v20) K (S v1)) (x (B x) z (K (K v18)) z I v21 (x (B v11) B (x (S z (x I S)) S) S))) (z (B (B (S (v30 K))) I) x I x (x (x (z B v20) K (S v1)) (x (B x) z (K (K (K v18 v29))) z I v21 (x (B v11) B (I (x (S z (x I S))) S) S))))
x (x (x (z B v20) K (S v1)) (x (B x) z (K (K v18)) z I v21 (x (B v11) B (x (S z (x I S)) S) S))) (z (B (B (S (v30 K))) I) x I x (x (x (z B v20) K (S v1)) (x (B x) z (K (K v18)) z I v21 (x (B v11) B (I (x (S z (x I S))) S) S))))
x (x (x (z B v20) K (S v1)) (x (B x) z (K (K v18)) z I v21 (x (B v11) B (x (S z (x I S)) S) S))) (z (B (B (S (v30 K))) I) x I x (x (x (z B v20) K (S v1)) (x (B x) z (K (K v18)) z I v21 (x (B v11) B (x (S z (x I S)) S) S))))
K (x (x (x I B)) x v8)
v25 (v17 B (S (K (S (B (B (v23 K)))) (B v15 K)) (S (v8 K))) I) v7
v25 (v17 B (S (S (B (B (v23 K)))) (S (v8 K))) I) v7
I S (I (S (B I) I) K v15 (K K (z I)) (v13 (z v8) v6) z (z (I B I) (z (I B z)))) v12
S (I (S (B I) I) K v15 (K K (z I)) (v13 (z v8) v6) z (z (I B I) (z (I B z)))) v12
S (S (B I) I K v15 (K K (z I)) (v13 (z v8) v6) z (z (I B I) (z (I B z)))) v12
S (B I K (I K) v15 (K K (z I)) (v13 (z v8) v6) z (z (I B I) (z (I B z)))) v12
S (I (K (I K)) v15 (K K (z I)) (v13 (z v8) v6) z (z (I B I) (z (I B z)))) v12
S (K (I K) v15 (K K (z I)) (v13 (z v8) v6) z (z (I B I) (z (I B z)))) v12
S (I K (K K (z I)) (v13 (z v8) v6) z (z (I B I) (z (I B z)))) v12
S (K (K K (z I)) (v13 (z v8) v6) z (z (I B I) (z (I B z)))) v12
S (K K (z I) z (z (I B I) (z (I B z)))) v12
S (K z (z (I B I) (z (I B z)))) v12
S z v12
S (I (I S z K (S K x (S S) x) S) (K K S I)) I
S (I S z K (S K x (S S) x) S (K K S I)) I
S (S z K (S K x (S S) x) S (K K S I)) I
S (z (S K x (S S) x) (K (S K x (S S) x)) S (K K S I)) I
S (z (K (S S) (x (S S)) x) (K (S K x (S S) x)) S (K K S I)) I
S (z (S S x) (K (S K x (S S) x)) S (K K S I)) I
S (z (S S x) (K (K (S S) (x (S S)) x)) S (K K S I)) I
S (z (S S x) (K (S S x)) S (K K S I)) I
S (z (S S x) (K (S S x)) S (K I)) I
z (z B) (B z z S (x S) I)
z (z B) (z (z S) (x S) I)
v2 (v28 (v7 v24 (x (z v28 (x x)))) v9 I)
v27 (z (v19 v9 (B (x I)))) (v9 (I v28)) (K v30) x I (K (B x I) (K z (z S)))
v27 (z (v19 v9 (B (x I)))) (v9 v28) (K v30) x I (K (B x I) (K z (z S)))
v27 (z (v19 v9 (B (x I)))) (v9 v28) (K v30) x I (B x I)
