z
S
x (v19 (x (z (I K K))) x) S (B (S v1 (B (K S (I (B z B) (B S (v1 (K x)) (I (S z)) z (v3 B I)))))) (S (z z z B I v19 (x (x S (B (I x z))) z)) (x (S K) (K (I (S v20) I z) v5) (I S (v23 S) v2 K (x v7 S (I (S I B) B) (x (B (z v21)) z S))))))
x (v19 (x (z (K K))) x) S (B (S v1 (B (K S (I (B z B) (B S (v1 (K x)) (I (S z)) z (v3 B I)))))) (S (z z z B I v19 (x (x S (B (I x z))) z)) (x (S K) (K (I (S v20) I z) v5) (I S (v23 S) v2 K (x v7 S (I (S I B) B) (x (B (z v21)) z S))))))
x (v19 (x (z (K K))) x) S (B (S v1 (B S)) (S (z z z B I v19 (x (x S (B (I x z))) z)) (x (S K) (K (I (S v20) I z) v5) (I S (v23 S) v2 K (x v7 S (I (S I B) B) (x (B (z v21)) z S))))))
x (v19 (x (z (K K))) x) S (B (S v1 (B S)) (S (z z z B I v19 (x (x S (B (x z))) z)) (x (S K) (K (I (S v20) I z) v5) (I S (v23 S) v2 K (x v7 S (I (S I B) B) (x (B (z v21)) z S))))))
x (v19 (x (z (K K))) x) S (B (S v1 (B S)) (S (z z z B I v19 (x (x S (B (x z))) z)) (x (S K) (I (S v20) I z) (I S (v23 S) v2 K (x v7 S (I (S I B) B) (x (B (z v21)) z S))))))
x (v19 (x (z (K K))) x) S (B (S v1 (B S)) (S (z z z B I v19 (x (x S (B (x z))) z)) (x (S K) (S v20 I z) (I S (v23 S) v2 K (x v7 S (I (S I B) B) (x (B (z v21)) z S))))))
x (v19 (x (z (K K))) x) S (B (S v1 (B S)) (S (z z z B I v19 (x (x S (B (x z))) z)) (x (S K) (v20 z (I z)) (I S (v23 S) v2 K (x v7 S (I (S I B) B) (x (B (z v21)) z S))))))
x (v19 (x (z (K K))) x) S (B (S v1 (B S)) (S (z z z B I v19 (x (x S (B (x z))) z)) (x (S K) (v20 z z) (I S (v23 S) v2 K (x v7 S (I (S I B) B) (x (B (z v21)) z S))))))
x (v19 (x (z (K K))) x) S (B (S v1 (B S)) (S (z z z B I v19 (x (x S (B (x z))) z)) (x (S K) (v20 z z) (S (v23 S) v2 K (x v7 S (I (S I B) B) (x (B (z v21)) z S))))))
x (v19 (x (z (K K))) x) S (B (S v1 (B S)) (S (z z z B I v19 (x (x S (B (x z))) z)) (x (S K) (v20 z z) (v23 S K (v2 K) (x v7 S (I (S I B) B) (x (B (z v21)) z S))))))
x (v19 (x (z (K K))) x) S (B (S v1 (B S)) (S (z z z B I v19 (x (x S (B (x z))) z)) (x (S K) (v20 z z) (v23 S K (v2 K) (x v7 S (S I B B) (x (B (z v21)) z S))))))
x (v19 (x (z (K K))) x) S (B (S v1 (B S)) (S (z z z B I v19 (x (x S (B (x z))) z)) (x (S K) (v20 z z) (v23 S K (v2 K) (x v7 S (I B (B B)) (x (B (z v21)) z S))))))
x (v19 (x (z (K K))) x) S (B (S v1 (B S)) (S (z z z B I v19 (x (x S (B (x z))) z)) (x (S K) (v20 z z) (v23 S K (v2 K) (x v7 S (B (B B)) (x (B (z v21)) z S))))))
v5 x (v12 K (B B (z v25 v17) (z (S z K)))) (S (I B) K) (x v17 (K (B S (x B))) x (K (B S) (x (v2 K)) (S (I x)) (K v2 (z v14))))
v5 x (v12 K (B (z v25 v17 (z (S z K))))) (S (I B) K) (x v17 (K (B S (x B))) x (K (B S) (x (v2 K)) (S (I x)) (K v2 (z v14))))
v5 x (v12 K (B (z v25 v17 (z (S z K))))) (S B K) (x v17 (K (B S (x B))) x (K (B S) (x (v2 K)) (S (I x)) (K v2 (z v14))))
v5 x (v12 K (B (z v25 v17 (z (S z K))))) (S B K) (x v17 (K (B S (x B))) x (B S (S (I x)) (K v2 (z v14))))
v5 x (v12 K (B (z v25 v17 (z (S z K))))) (S B K) (x v17 (K (B S (x B))) x (S (S (I x) (K v2 (z v14)))))
v5 x (v12 K (B (z v25 v17 (z (S z K))))) (S B K) (x v17 (K (B S (x B))) x (S (S x (K v2 (z v14)))))
v5 x (v12 K (B (z v25 v17 (z (S z K))))) (S B K) (x v17 (K (B S (x B))) x (S (S x v2)))
K (S I) (K v15) v24 (B S (B S v29 (K (x (v22 (z z)))) S) B) v21
S I v24 (B S (B S v29 (K (x (v22 (z z)))) S) B) v21
I (B S (B S v29 (K (x (v22 (z z)))) S) B) (v24 (B S (B S v29 (K (x (v22 (z z)))) S) B)) v21
B S (B S v29 (K (x (v22 (z z)))) S) B (v24 (B S (B S v29 (K (x (v22 (z z)))) S) B)) v21
S (B S v29 (K (x (v22 (z z)))) S B) (v24 (B S (B S v29 (K (x (v22 (z z)))) S) B)) v21
B S v29 (K (x (v22 (z z)))) S B v21 (v24 (B S (B S v29 (K (x (v22 (z z)))) S) B) v21)
S (v29 (K (x (v22 (z z))))) S B v21 (v24 (B S (B S v29 (K (x (v22 (z z)))) S) B) v21)
v29 (K (x (v22 (z z)))) B (S B) v21 (v24 (B S (B S v29 (K (x (v22 (z z)))) S) B) v21)
v29 (K (x (v22 (z z)))) B (S B) v21 (v24 (S (B S v29 (K (x (v22 (z z)))) S B)) v21)
v29 (K (x (v22 (z z)))) B (S B) v21 (v24 (S (S (v29 (K (x (v22 (z z))))) S B)) v21)
v29 (K (x (v22 (z z)))) B (S B) v21 (v24 (S (v29 (K (x (v22 (z z)))) B (S B))) v21)
B B (B v27) (v22 (S z)) (v16 x) I (I (x K) B (B (x v11)) (z (I B (K v15))))
B (B v27 (v22 (S z))) (v16 x) I (I (x K) B (B (x v11)) (z (I B (K v15))))
B v27 (v22 (S z)) (v16 x I) (I (x K) B (B (x v11)) (z (I B (K v15))))
v27 (v22 (S z) (v16 x I)) (I (x K) B (B (x v11)) (z (I B (K v15))))
v27 (v22 (S z) (v16 x I)) (x K B (B (x v11)) (z (I B (K v15))))
v27 (v22 (S z) (v16 x I)) (x K B (B (x v11)) (z (B (K v15))))
I
I (x v25 (S (B K)) (v6 (v23 (x (I v1 K z) x (K v11)) (x (S (S z))) K)))
x v25 (S (B K)) (v6 (v23 (x (I v1 K z) x (K v11)) (x (S (S z))) K))
x v25 (S (B K)) (v6 (v23 (x (v1 K z) x (K v11)) (x (S (S z))) K))
B v2 (S (v6 (S (I z)) B (K K (B x)) S) (x (I (v22 (B I (v12 I v16 (I (B S))) (I (S (B S) x)))))))
B v2 (S (v6 (S z) B (K K (B x)) S) (x (I (v22 (B I (v12 I v16 (I (B S))) (I (S (B S) x)))))))
B v2 (S (v6 (S z) B K S) (x (I (v22 (B I (v12 I v16 (I (B S))) (I (S (B S) x)))))))
B v2 (S (v6 (S z) B K S) (x (v22 (B I (v12 I v16 (I (B S))) (I (S (B S) x))))))
B v2 (S (v6 (S z) B K S) (x (v22 (I (v12 I v16 (I (B S)) (I (S (B S) x)))))))
B v2 (S (v6 (S z) B K S) (x (v22 (v12 I v16 (I (B S)) (I (S (B S) x))))))
B v2 (S (v6 (S z) B K S) (x (v22 (v12 I v16 (B S) (I (S (B S) x))))))
B v2 (S (v6 (S z) B K S) (x (v22 (v12 I v16 (B S) (S (B S) x)))))
B (I (K B (K (v4 (z K z v28)) I (K B)))) (I (I (B (x x)) v20 B (I x))) (B (K z I S) x)
I (K B (K (v4 (z K z v28)) I (K B))) (I (I (B (x x)) v20 B (I x)) (B (K z I S) x))
K B (K (v4 (z K z v28)) I (K B)) (I (I (B (x x)) v20 B (I x)) (B (K z I S) x))
B (I (I (B (x x)) v20 B (I x)) (B (K z I S) x))
B (I (B (x x)) v20 B (I x) (B (K z I S) x))
B (B (x x) v20 B (I x) (B (K z I S) x))
B (x x (v20 B) (I x) (B (K z I S) x))
B (x x (v20 B) x (B (K z I S) x))
B (x x (v20 B) x (B (z S) x))
