z (v2 z) v6
S
I (x (x I (I v16))) (v0 (S (x (I I I))) v15) (v17 (I (v29 (x x (v20 B)) (z (B S v28 (z (B I)) x))) (I (B (v10 (x x))) (v12 (z (x (x x I x v2))) S)) I))
x (x I (I v16)) (v0 (S (x (I I I))) v15) (v17 (I (v29 (x x (v20 B)) (z (B S v28 (z (B I)) x))) (I (B (v10 (x x))) (v12 (z (x (x x I x v2))) S)) I))
x (x I v16) (v0 (S (x (I I I))) v15) (v17 (I (v29 (x x (v20 B)) (z (B S v28 (z (B I)) x))) (I (B (v10 (x x))) (v12 (z (x (x x I x v2))) S)) I))
x (x I v16) (v0 (S (x (I I))) v15) (v17 (I (v29 (x x (v20 B)) (z (B S v28 (z (B I)) x))) (I (B (v10 (x x))) (v12 (z (x (x x I x v2))) S)) I))
x (x I v16) (v0 (S (x I)) v15) (v17 (I (v29 (x x (v20 B)) (z (B S v28 (z (B I)) x))) (I (B (v10 (x x))) (v12 (z (x (x x I x v2))) S)) I))
x (x I v16) (v0 (S (x I)) v15) (v17 (v29 (x x (v20 B)) (z (B S v28 (z (B I)) x)) (I (B (v10 (x x))) (v12 (z (x (x x I x v2))) S)) I))
x (x I v16) (v0 (S (x I)) v15) (v17 (v29 (x x (v20 B)) (z (S (v28 (z (B I))) x)) (I (B (v10 (x x))) (v12 (z (x (x x I x v2))) S)) I))
x (x I v16) (v0 (S (x I)) v15) (v17 (v29 (x x (v20 B)) (z (S (v28 (z (B I))) x)) (B (v10 (x x)) (v12 (z (x (x x I x v2))) S)) I))
B (B (I x)) (z K z) (v15 z (S B I (B x)) (z (x (z (S z)) (v22 (B B))) (z (I B (S K))) x) (z B x (v13 B))) (v24 K K S)
B (I x) (z K z (v15 z (S B I (B x)) (z (x (z (S z)) (v22 (B B))) (z (I B (S K))) x) (z B x (v13 B)))) (v24 K K S)
I x (z K z (v15 z (S B I (B x)) (z (x (z (S z)) (v22 (B B))) (z (I B (S K))) x) (z B x (v13 B))) (v24 K K S))
x (z K z (v15 z (S B I (B x)) (z (x (z (S z)) (v22 (B B))) (z (I B (S K))) x) (z B x (v13 B))) (v24 K K S))
x (z K z (v15 z (B (B x) (I (B x))) (z (x (z (S z)) (v22 (B B))) (z (I B (S K))) x) (z B x (v13 B))) (v24 K K S))
x (z K z (v15 z (B (B x) (B x)) (z (x (z (S z)) (v22 (B B))) (z (I B (S K))) x) (z B x (v13 B))) (v24 K K S))
x (z K z (v15 z (B (B x) (B x)) (z (x (z (S z)) (v22 (B B))) (z (B (S K))) x) (z B x (v13 B))) (v24 K K S))
z (K I z x)
z (I x)
z x
z x K K (x (B (S v17 K x)) (z B)) (v26 (B I z)) I
z x K K (x (B (v17 x (K x))) (z B)) (v26 (B I z)) I
S z (v20 (B (B (v17 K S) B) (v8 (I B I (K K) z)))) (B (K (S x S x x)) I) (B (x (I K)) S (x (K (I B (I (K K)) x) S)) (I I) (B K I (z (v23 K S) K (I (S (z K)) (I x x) (S (v3 (I z K (B B) S)))) (I (x K I) (S (v5 x)) S))) (v23 v1 (S (v12 z) B (v30 S K (I S (v17 z) v2 (x I) (I (v13 S)) K)))))
z (B (K (S x S x x)) I) (v20 (B (B (v17 K S) B) (v8 (I B I (K K) z))) (B (K (S x S x x)) I)) (B (x (I K)) S (x (K (I B (I (K K)) x) S)) (I I) (B K I (z (v23 K S) K (I (S (z K)) (I x x) (S (v3 (I z K (B B) S)))) (I (x K I) (S (v5 x)) S))) (v23 v1 (S (v12 z) B (v30 S K (I S (v17 z) v2 (x I) (I (v13 S)) K)))))
z (B (K (x x (S x) x)) I) (v20 (B (B (v17 K S) B) (v8 (I B I (K K) z))) (B (K (S x S x x)) I)) (B (x (I K)) S (x (K (I B (I (K K)) x) S)) (I I) (B K I (z (v23 K S) K (I (S (z K)) (I x x) (S (v3 (I z K (B B) S)))) (I (x K I) (S (v5 x)) S))) (v23 v1 (S (v12 z) B (v30 S K (I S (v17 z) v2 (x I) (I (v13 S)) K)))))
z (B (K (x x (S x) x)) I) (v20 (B (B (v17 K S) B) (v8 (B I (K K) z))) (B (K (S x S x x)) I)) (B (x (I K)) S (x (K (I B (I (K K)) x) S)) (I I) (B K I (z (v23 K S) K (I (S (z K)) (I x x) (S (v3 (I z K (B B) S)))) (I (x K I) (S (v5 x)) S))) (v23 v1 (S (v12 z) B (v30 S K (I S (v17 z) v2 (x I) (I (v13 S)) K)))))
z (B (K (x x (S x) x)) I) (v20 (B (B (v17 K S) B) (v8 (I (K K z)))) (B (K (S x S x x)) I)) (B (x (I K)) S (x (K (I B (I (K K)) x) S)) (I I) (B K I (z (v23 K S) K (I (S (z K)) (I x x) (S (v3 (I z K (B B) S)))) (I (x K I) (S (v5 x)) S))) (v23 v1 (S (v12 z) B (v30 S K (I S (v17 z) v2 (x I) (I (v13 S)) K)))))
z (B (K (x x (S x) x)) I) (v20 (B (B (v17 K S) B) (v8 (K K z))) (B (K (S x S x x)) I)) (B (x (I K)) S (x (K (I B (I (K K)) x) S)) (I I) (B K I (z (v23 K S) K (I (S (z K)) (I x x) (S (v3 (I z K (B B) S)))) (I (x K I) (S (v5 x)) S))) (v23 v1 (S (v12 z) B (v30 S K (I S (v17 z) v2 (x I) (I (v13 S)) K)))))
z (B (K (x x (S x) x)) I) (v20 (B (B (v17 K S) B) (v8 K)) (B (K (S x S x x)) I)) (B (x (I K)) S (x (K (I B (I (K K)) x) S)) (I I) (B K I (z (v23 K S) K (I (S (z K)) (I x x) (S (v3 (I z K (B B) S)))) (I (x K I) (S (v5 x)) S))) (v23 v1 (S (v12 z) B (v30 S K (I S (v17 z) v2 (x I) (I (v13 S)) K)))))
z (B (K (x x (S x) x)) I) (v20 (B (B (v17 K S) B) (v8 K)) (B (K (x x (S x) x)) I)) (B (x (I K)) S (x (K (I B (I (K K)) x) S)) (I I) (B K I (z (v23 K S) K (I (S (z K)) (I x x) (S (v3 (I z K (B B) S)))) (I (x K I) (S (v5 x)) S))) (v23 v1 (S (v12 z) B (v30 S K (I S (v17 z) v2 (x I) (I (v13 S)) K)))))
z (B (K (x x (S x) x)) I) (v20 (B (B (v17 K S) B) (v8 K)) (B (K (x x (S x) x)) I)) (x (I K) (S (x (K (I B (I (K K)) x) S))) (I I) (B K I (z (v23 K S) K (I (S (z K)) (I x x) (S (v3 (I z K (B B) S)))) (I (x K I) (S (v5 x)) S))) (v23 v1 (S (v12 z) B (v30 S K (I S (v17 z) v2 (x I) (I (v13 S)) K)))))
z (B (K (x x (S x) x)) I) (v20 (B (B (v17 K S) B) (v8 K)) (B (K (x x (S x) x)) I)) (x K (S (x (K (I B (I (K K)) x) S))) (I I) (B K I (z (v23 K S) K (I (S (z K)) (I x x) (S (v3 (I z K (B B) S)))) (I (x K I) (S (v5 x)) S))) (v23 v1 (S (v12 z) B (v30 S K (I S (v17 z) v2 (x I) (I (v13 S)) K)))))
z (B (K (x x (S x) x)) I) (v20 (B (B (v17 K S) B) (v8 K)) (B (K (x x (S x) x)) I)) (x K (S (x (I B (I (K K)) x))) (I I) (B K I (z (v23 K S) K (I (S (z K)) (I x x) (S (v3 (I z K (B B) S)))) (I (x K I) (S (v5 x)) S))) (v23 v1 (S (v12 z) B (v30 S K (I S (v17 z) v2 (x I) (I (v13 S)) K)))))
z (B (K (x x (S x) x)) I) (v20 (B (B (v17 K S) B) (v8 K)) (B (K (x x (S x) x)) I)) (x K (S (x (B (I (K K)) x))) (I I) (B K I (z (v23 K S) K (I (S (z K)) (I x x) (S (v3 (I z K (B B) S)))) (I (x K I) (S (v5 x)) S))) (v23 v1 (S (v12 z) B (v30 S K (I S (v17 z) v2 (x I) (I (v13 S)) K)))))
z (B (K (x x (S x) x)) I) (v20 (B (B (v17 K S) B) (v8 K)) (B (K (x x (S x) x)) I)) (x K (S (x (B (K K) x))) (I I) (B K I (z (v23 K S) K (I (S (z K)) (I x x) (S (v3 (I z K (B B) S)))) (I (x K I) (S (v5 x)) S))) (v23 v1 (S (v12 z) B (v30 S K (I S (v17 z) v2 (x I) (I (v13 S)) K)))))
z (B (K (x x (S x) x)) I) (v20 (B (B (v17 K S) B) (v8 K)) (B (K (x x (S x) x)) I)) (x K (S (x (B (K K) x))) I (B K I (z (v23 K S) K (I (S (z K)) (I x x) (S (v3 (I z K (B B) S)))) (I (x K I) (S (v5 x)) S))) (v23 v1 (S (v12 z) B (v30 S K (I S (v17 z) v2 (x I) (I (v13 S)) K)))))
z (B (K (x x (S x) x)) I) (v20 (B (B (v17 K S) B) (v8 K)) (B (K (x x (S x) x)) I)) (x K (S (x (B (K K) x))) I (K (I (z (v23 K S) K (I (S (z K)) (I x x) (S (v3 (I z K (B B) S)))) (I (x K I) (S (v5 x)) S)))) (v23 v1 (S (v12 z) B (v30 S K (I S (v17 z) v2 (x I) (I (v13 S)) K)))))
z (B (K (x x (S x) x)) I) (v20 (B (B (v17 K S) B) (v8 K)) (B (K (x x (S x) x)) I)) (x K (S (x (B (K K) x))) I (K (z (v23 K S) K (I (S (z K)) (I x x) (S (v3 (I z K (B B) S)))) (I (x K I) (S (v5 x)) S))) (v23 v1 (S (v12 z) B (v30 S K (I S (v17 z) v2 (x I) (I (v13 S)) K)))))
z (B (K (x x (S x) x)) I) (v20 (B (B (v17 K S) B) (v8 K)) (B (K (x x (S x) x)) I)) (x K (S (x (B (K K) x))) I (K (z (v23 K S) K (S (z K) (I x x) (S (v3 (I z K (B B) S)))) (I (x K I) (S (v5 x)) S))) (v23 v1 (S (v12 z) B (v30 S K (I S (v17 z) v2 (x I) (I (v13 S)) K)))))
z (B (K (x x (S x) x)) I) (v20 (B (B (v17 K S) B) (v8 K)) (B (K (x x (S x) x)) I)) (x K (S (x (B (K K) x))) I (K (z (v23 K S) K (z K (S (v3 (I z K (B B) S))) (I x x (S (v3 (I z K (B B) S))))) (I (x K I) (S (v5 x)) S))) (v23 v1 (S (v12 z) B (v30 S K (I S (v17 z) v2 (x I) (I (v13 S)) K)))))
z (B (K (x x (S x) x)) I) (v20 (B (B (v17 K S) B) (v8 K)) (B (K (x x (S x) x)) I)) (x K (S (x (B (K K) x))) I (K (z (v23 K S) K (z K (S (v3 (z K (B B) S))) (I x x (S (v3 (I z K (B B) S))))) (I (x K I) (S (v5 x)) S))) (v23 v1 (S (v12 z) B (v30 S K (I S (v17 z) v2 (x I) (I (v13 S)) K)))))
z (B (K (x x (S x) x)) I) (v20 (B (B (v17 K S) B) (v8 K)) (B (K (x x (S x) x)) I)) (x K (S (x (B (K K) x))) I (K (z (v23 K S) K (z K (S (v3 (z K (B B) S))) (x x (S (v3 (I z K (B B) S))))) (I (x K I) (S (v5 x)) S))) (v23 v1 (S (v12 z) B (v30 S K (I S (v17 z) v2 (x I) (I (v13 S)) K)))))
z (B (K (x x (S x) x)) I) (v20 (B (B (v17 K S) B) (v8 K)) (B (K (x x (S x) x)) I)) (x K (S (x (B (K K) x))) I (K (z (v23 K S) K (z K (S (v3 (z K (B B) S))) (x x (S (v3 (z K (B B) S))))) (I (x K I) (S (v5 x)) S))) (v23 v1 (S (v12 z) B (v30 S K (I S (v17 z) v2 (x I) (I (v13 S)) K)))))
z (B (K (x x (S x) x)) I) (v20 (B (B (v17 K S) B) (v8 K)) (B (K (x x (S x) x)) I)) (x K (S (x (B (K K) x))) I (K (z (v23 K S) K (z K (S (v3 (z K (B B) S))) (x x (S (v3 (z K (B B) S))))) (x K I (S (v5 x)) S))) (v23 v1 (S (v12 z) B (v30 S K (I S (v17 z) v2 (x I) (I (v13 S)) K)))))
z (B (K (x x (S x) x)) I) (v20 (B (B (v17 K S) B) (v8 K)) (B (K (x x (S x) x)) I)) (x K (S (x (B (K K) x))) I (K (z (v23 K S) K (z K (S (v3 (z K (B B) S))) (x x (S (v3 (z K (B B) S))))) (x K I (S (v5 x)) S))) (v23 v1 (v12 z (v30 S K (I S (v17 z) v2 (x I) (I (v13 S)) K)) (B (v30 S K (I S (v17 z) v2 (x I) (I (v13 S)) K))))))
z (B (K (x x (S x) x)) I) (v20 (B (B (v17 K S) B) (v8 K)) (B (K (x x (S x) x)) I)) (x K (S (x (B (K K) x))) I (K (z (v23 K S) K (z K (S (v3 (z K (B B) S))) (x x (S (v3 (z K (B B) S))))) (x K I (S (v5 x)) S))) (v23 v1 (v12 z (v30 S K (S (v17 z) v2 (x I) (I (v13 S)) K)) (B (v30 S K (I S (v17 z) v2 (x I) (I (v13 S)) K))))))
z (B (K (x x (S x) x)) I) (v20 (B (B (v17 K S) B) (v8 K)) (B (K (x x (S x) x)) I)) (x K (S (x (B (K K) x))) I (K (z (v23 K S) K (z K (S (v3 (z K (B B) S))) (x x (S (v3 (z K (B B) S))))) (x K I (S (v5 x)) S))) (v23 v1 (v12 z (v30 S K (v17 z (x I) (v2 (x I)) (I (v13 S)) K)) (B (v30 S K (I S (v17 z) v2 (x I) (I (v13 S)) K))))))
z (B (K (x x (S x) x)) I) (v20 (B (B (v17 K S) B) (v8 K)) (B (K (x x (S x) x)) I)) (x K (S (x (B (K K) x))) I (K (z (v23 K S) K (z K (S (v3 (z K (B B) S))) (x x (S (v3 (z K (B B) S))))) (x K I (S (v5 x)) S))) (v23 v1 (v12 z (v30 S K (v17 z (x I) (v2 (x I)) (v13 S) K)) (B (v30 S K (I S (v17 z) v2 (x I) (I (v13 S)) K))))))
z (B (K (x x (S x) x)) I) (v20 (B (B (v17 K S) B) (v8 K)) (B (K (x x (S x) x)) I)) (x K (S (x (B (K K) x))) I (K (z (v23 K S) K (z K (S (v3 (z K (B B) S))) (x x (S (v3 (z K (B B) S))))) (x K I (S (v5 x)) S))) (v23 v1 (v12 z (v30 S K (v17 z (x I) (v2 (x I)) (v13 S) K)) (B (v30 S K (S (v17 z) v2 (x I) (I (v13 S)) K))))))
z (B (K (x x (S x) x)) I) (v20 (B (B (v17 K S) B) (v8 K)) (B (K (x x (S x) x)) I)) (x K (S (x (B (K K) x))) I (K (z (v23 K S) K (z K (S (v3 (z K (B B) S))) (x x (S (v3 (z K (B B) S))))) (x K I (S (v5 x)) S))) (v23 v1 (v12 z (v30 S K (v17 z (x I) (v2 (x I)) (v13 S) K)) (B (v30 S K (v17 z (x I) (v2 (x I)) (I (v13 S)) K))))))
z (B (K (x x (S x) x)) I) (v20 (B (B (v17 K S) B) (v8 K)) (B (K (x x (S x) x)) I)) (x K (S (x (B (K K) x))) I (K (z (v23 K S) K (z K (S (v3 (z K (B B) S))) (x x (S (v3 (z K (B B) S))))) (x K I (S (v5 x)) S))) (v23 v1 (v12 z (v30 S K (v17 z (x I) (v2 (x I)) (v13 S) K)) (B (v30 S K (v17 z (x I) (v2 (x I)) (v13 S) K))))))
I (x (B S S) (S (I (x x)) (S (I z S) B) B (S (x (v11 I) z (S I))))) (I (v19 I S (S (v21 (K B S I) x) (S (x (B (S S (x x I)) z))) (x (B K))))) (S (B (B (z S (K x)) (B (v12 K) S x K (x v5) S I))) (z v25 K) (z (z v24 (x (S (B z)) v15) S (x (B S (x K (I I) (x B)))) z)))
x (B S S) (S (I (x x)) (S (I z S) B) B (S (x (v11 I) z (S I)))) (I (v19 I S (S (v21 (K B S I) x) (S (x (B (S S (x x I)) z))) (x (B K))))) (S (B (B (z S (K x)) (B (v12 K) S x K (x v5) S I))) (z v25 K) (z (z v24 (x (S (B z)) v15) S (x (B S (x K (I I) (x B)))) z)))
x (B S S) (I (x x) B (S (I z S) B B) (S (x (v11 I) z (S I)))) (I (v19 I S (S (v21 (K B S I) x) (S (x (B (S S (x x I)) z))) (x (B K))))) (S (B (B (z S (K x)) (B (v12 K) S x K (x v5) S I))) (z v25 K) (z (z v24 (x (S (B z)) v15) S (x (B S (x K (I I) (x B)))) z)))
x (B S S) (x x B (S (I z S) B B) (S (x (v11 I) z (S I)))) (I (v19 I S (S (v21 (K B S I) x) (S (x (B (S S (x x I)) z))) (x (B K))))) (S (B (B (z S (K x)) (B (v12 K) S x K (x v5) S I))) (z v25 K) (z (z v24 (x (S (B z)) v15) S (x (B S (x K (I I) (x B)))) z)))
x (B S S) (x x B (I z S B (B B)) (S (x (v11 I) z (S I)))) (I (v19 I S (S (v21 (K B S I) x) (S (x (B (S S (x x I)) z))) (x (B K))))) (S (B (B (z S (K x)) (B (v12 K) S x K (x v5) S I))) (z v25 K) (z (z v24 (x (S (B z)) v15) S (x (B S (x K (I I) (x B)))) z)))
x (B S S) (x x B (z S B (B B)) (S (x (v11 I) z (S I)))) (I (v19 I S (S (v21 (K B S I) x) (S (x (B (S S (x x I)) z))) (x (B K))))) (S (B (B (z S (K x)) (B (v12 K) S x K (x v5) S I))) (z v25 K) (z (z v24 (x (S (B z)) v15) S (x (B S (x K (I I) (x B)))) z)))
x (B S S) (x x B (z S B (B B)) (S (x (v11 I) z (S I)))) (v19 I S (S (v21 (K B S I) x) (S (x (B (S S (x x I)) z))) (x (B K)))) (S (B (B (z S (K x)) (B (v12 K) S x K (x v5) S I))) (z v25 K) (z (z v24 (x (S (B z)) v15) S (x (B S (x K (I I) (x B)))) z)))
x (B S S) (x x B (z S B (B B)) (S (x (v11 I) z (S I)))) (v19 I S (v21 (K B S I) x (x (B K)) (S (x (B (S S (x x I)) z)) (x (B K))))) (S (B (B (z S (K x)) (B (v12 K) S x K (x v5) S I))) (z v25 K) (z (z v24 (x (S (B z)) v15) S (x (B S (x K (I I) (x B)))) z)))
x (B S S) (x x B (z S B (B B)) (S (x (v11 I) z (S I)))) (v19 I S (v21 (B I) x (x (B K)) (S (x (B (S S (x x I)) z)) (x (B K))))) (S (B (B (z S (K x)) (B (v12 K) S x K (x v5) S I))) (z v25 K) (z (z v24 (x (S (B z)) v15) S (x (B S (x K (I I) (x B)))) z)))
x (B S S) (x x B (z S B (B B)) (S (x (v11 I) z (S I)))) (v19 I S (v21 (B I) x (x (B K)) (S (x (B (S S (x x I)) z)) (x (B K))))) (B (B (z S (K x)) (B (v12 K) S x K (x v5) S I)) (z (z v24 (x (S (B z)) v15) S (x (B S (x K (I I) (x B)))) z)) (z v25 K (z (z v24 (x (S (B z)) v15) S (x (B S (x K (I I) (x B)))) z))))
x (B S S) (x x B (z S B (B B)) (S (x (v11 I) z (S I)))) (v19 I S (v21 (B I) x (x (B K)) (S (x (B (S S (x x I)) z)) (x (B K))))) (B (z S (K x)) (B (v12 K) S x K (x v5) S I) (z (z v24 (x (S (B z)) v15) S (x (B S (x K (I I) (x B)))) z) (z v25 K (z (z v24 (x (S (B z)) v15) S (x (B S (x K (I I) (x B)))) z)))))
x (B S S) (x x B (z S B (B B)) (S (x (v11 I) z (S I)))) (v19 I S (v21 (B I) x (x (B K)) (S (x (B (S S (x x I)) z)) (x (B K))))) (z S (K x) (B (v12 K) S x K (x v5) S I (z (z v24 (x (S (B z)) v15) S (x (B S (x K (I I) (x B)))) z) (z v25 K (z (z v24 (x (S (B z)) v15) S (x (B S (x K (I I) (x B)))) z))))))
x (B S S) (x x B (z S B (B B)) (S (x (v11 I) z (S I)))) (v19 I S (v21 (B I) x (x (B K)) (S (x (B (S S (x x I)) z)) (x (B K))))) (z S (K x) (v12 K (S x) K (x v5) S I (z (z v24 (x (S (B z)) v15) S (x (B S (x K (I I) (x B)))) z) (z v25 K (z (z v24 (x (S (B z)) v15) S (x (B S (x K (I I) (x B)))) z))))))
x (B S S) (x x B (z S B (B B)) (S (x (v11 I) z (S I)))) (v19 I S (v21 (B I) x (x (B K)) (S (x (B (S S (x x I)) z)) (x (B K))))) (z S (K x) (v12 K (S x) K (x v5) S I (z (z v24 (x (S (B z)) v15) S (x (B S (x K I (x B)))) z) (z v25 K (z (z v24 (x (S (B z)) v15) S (x (B S (x K (I I) (x B)))) z))))))
x (B S S) (x x B (z S B (B B)) (S (x (v11 I) z (S I)))) (v19 I S (v21 (B I) x (x (B K)) (S (x (B (S S (x x I)) z)) (x (B K))))) (z S (K x) (v12 K (S x) K (x v5) S I (z (z v24 (x (S (B z)) v15) S (x (B S (x K I (x B)))) z) (z v25 K (z (z v24 (x (S (B z)) v15) S (x (B S (x K I (x B)))) z))))))
B (I K (S (z (B (S K)) (B S) v13 (z v27 I K)))) (B v14 (S B B (I K) (z (S S) z x) (B S (x v22) I (x (v3 z)) z)) (x z))
B (K (S (z (B (S K)) (B S) v13 (z v27 I K)))) (B v14 (S B B (I K) (z (S S) z x) (B S (x v22) I (x (v3 z)) z)) (x z))
B (K (S (z (B (S K)) (B S) v13 (z v27 I K)))) (v14 (S B B (I K) (z (S S) z x) (B S (x v22) I (x (v3 z)) z) (x z)))
B (K (S (z (B (S K)) (B S) v13 (z v27 I K)))) (v14 (B (I K) (B (I K)) (z (S S) z x) (B S (x v22) I (x (v3 z)) z) (x z)))
B (K (S (z (B (S K)) (B S) v13 (z v27 I K)))) (v14 (I K (B (I K) (z (S S) z x)) (B S (x v22) I (x (v3 z)) z) (x z)))
B (K (S (z (B (S K)) (B S) v13 (z v27 I K)))) (v14 (K (B (I K) (z (S S) z x)) (B S (x v22) I (x (v3 z)) z) (x z)))
B (K (S (z (B (S K)) (B S) v13 (z v27 I K)))) (v14 (B (I K) (z (S S) z x) (x z)))
B (K (S (z (B (S K)) (B S) v13 (z v27 I K)))) (v14 (I K (z (S S) z x (x z))))
B (K (S (z (B (S K)) (B S) v13 (z v27 I K)))) (v14 (K (z (S S) z x (x z))))
S
