B (v3 K (z B)) (v20 (K (x z) (I (v20 (B (S I)))))) (z (K S) (z z (v25 I z (S I S (K I) v19)) (K (I K) v12 (z B) (z z (I (x (I (v23 K))) (v16 I z)) (x v5)) I)))
v3 K (z B) (v20 (K (x z) (I (v20 (B (S I))))) (z (K S) (z z (v25 I z (S I S (K I) v19)) (K (I K) v12 (z B) (z z (I (x (I (v23 K))) (v16 I z)) (x v5)) I))))
v3 K (z B) (v20 (x z) (z (K S) (z z (v25 I z (S I S (K I) v19)) (K (I K) v12 (z B) (z z (I (x (I (v23 K))) (v16 I z)) (x v5)) I))))
v3 K (z B) (v20 (x z) (z (K S) (z z (v25 I z (I (K I) (S (K I)) v19)) (K (I K) v12 (z B) (z z (I (x (I (v23 K))) (v16 I z)) (x v5)) I))))
v3 K (z B) (v20 (x z) (z (K S) (z z (v25 I z (K I (S (K I)) v19)) (K (I K) v12 (z B) (z z (I (x (I (v23 K))) (v16 I z)) (x v5)) I))))
v3 K (z B) (v20 (x z) (z (K S) (z z (v25 I z (I v19)) (K (I K) v12 (z B) (z z (I (x (I (v23 K))) (v16 I z)) (x v5)) I))))
v3 K (z B) (v20 (x z) (z (K S) (z z (v25 I z v19) (K (I K) v12 (z B) (z z (I (x (I (v23 K))) (v16 I z)) (x v5)) I))))
v3 K (z B) (v20 (x z) (z (K S) (z z (v25 I z v19) (I K (z B) (z z (I (x (I (v23 K))) (v16 I z)) (x v5)) I))))
v3 K (z B) (v20 (x z) (z (K S) (z z (v25 I z v19) (K (z B) (z z (I (x (I (v23 K))) (v16 I z)) (x v5)) I))))
v3 K (z B) (v20 (x z) (z (K S) (z z (v25 I z v19) (z B I))))
B
x K x (v9 (z K) z (K S (x S) B v30) (B (S I)) (x v10 z) (z S))
x K x (v9 (z K) z (S B v30) (B (S I)) (x v10 z) (z S))
K
I K v16 I z (I (v30 z) B v19 z (v19 (x (z (K S v13)) I (K (v21 I I) z)) z))
K v16 I z (I (v30 z) B v19 z (v19 (x (z (K S v13)) I (K (v21 I I) z)) z))
v16 z (I (v30 z) B v19 z (v19 (x (z (K S v13)) I (K (v21 I I) z)) z))
v16 z (v30 z B v19 z (v19 (x (z (K S v13)) I (K (v21 I I) z)) z))
v16 z (v30 z B v19 z (v19 (x (z S) I (K (v21 I I) z)) z))
v16 z (v30 z B v19 z (v19 (x (z S) I (v21 I I)) z))
K (K x (v19 I (z x))) v30 (I (K (K K) B (S S x)) (x (v25 B) v1) (B (K I) (B I) (v8 I)) (z B)) (K S x)
K x (v19 I (z x)) (I (K (K K) B (S S x)) (x (v25 B) v1) (B (K I) (B I) (v8 I)) (z B)) (K S x)
x (I (K (K K) B (S S x)) (x (v25 B) v1) (B (K I) (B I) (v8 I)) (z B)) (K S x)
x (K (K K) B (S S x) (x (v25 B) v1) (B (K I) (B I) (v8 I)) (z B)) (K S x)
x (K K (S S x) (x (v25 B) v1) (B (K I) (B I) (v8 I)) (z B)) (K S x)
x (K (x (v25 B) v1) (B (K I) (B I) (v8 I)) (z B)) (K S x)
x (x (v25 B) v1 (z B)) (K S x)
x (x (v25 B) v1 (z B)) S
B (v2 z)
x
I (S (K (v17 (K (z (I S I)))))) (I v30 I v29 (S (x B (z I (B (v9 x))) B v15) (K (S S (S z)) (K (S x B)))) (B (z (v12 (B S K)) B) (S (I I x) K I (z (S v28 K)) K)))
S (K (v17 (K (z (I S I))))) (I v30 I v29 (S (x B (z I (B (v9 x))) B v15) (K (S S (S z)) (K (S x B)))) (B (z (v12 (B S K)) B) (S (I I x) K I (z (S v28 K)) K)))
S (K (v17 (K (z (S I))))) (I v30 I v29 (S (x B (z I (B (v9 x))) B v15) (K (S S (S z)) (K (S x B)))) (B (z (v12 (B S K)) B) (S (I I x) K I (z (S v28 K)) K)))
S (K (v17 (K (z (S I))))) (v30 I v29 (S (x B (z I (B (v9 x))) B v15) (K (S S (S z)) (K (S x B)))) (B (z (v12 (B S K)) B) (S (I I x) K I (z (S v28 K)) K)))
S (K (v17 (K (z (S I))))) (v30 I v29 (S (x B (z I (B (v9 x))) B v15) (S S (S z))) (B (z (v12 (B S K)) B) (S (I I x) K I (z (S v28 K)) K)))
S (K (v17 (K (z (S I))))) (v30 I v29 (S (x B (z I (B (v9 x))) B v15) (S S (S z))) (B (z (v12 (B S K)) B) (I I x I (K I) (z (S v28 K)) K)))
S (K (v17 (K (z (S I))))) (v30 I v29 (S (x B (z I (B (v9 x))) B v15) (S S (S z))) (B (z (v12 (B S K)) B) (I x I (K I) (z (S v28 K)) K)))
S (K (v17 (K (z (S I))))) (v30 I v29 (S (x B (z I (B (v9 x))) B v15) (S S (S z))) (B (z (v12 (B S K)) B) (x I (K I) (z (S v28 K)) K)))
v4 (z K) (S z) v0
