K (I (x B K S K (B (B (B v19 B) I (B v23) (S (z z (K v0) I) (x x) S)))))
K (x B K S K (B (B (B v19 B) I (B v23) (S (z z (K v0) I) (x x) S))))
K (x B K S K (B (B v19 B (I (B v23)) (S (z z (K v0) I) (x x) S))))
K (x B K S K (B (v19 (B (I (B v23))) (S (z z (K v0) I) (x x) S))))
K (x B K S K (B (v19 (B (B v23)) (S (z z (K v0) I) (x x) S))))
K (x B K S K (B (v19 (B (B v23)) (z z (K v0) I S (x x S)))))
v6 z x v10 (B (S S x (I (z (S z) (v11 (K I) (I I)) (S z S)))))
v6 z x v10 (B (S (I (z (S z) (v11 (K I) (I I)) (S z S))) (x (I (z (S z) (v11 (K I) (I I)) (S z S))))))
v6 z x v10 (B (S (z (S z) (v11 (K I) (I I)) (S z S)) (x (I (z (S z) (v11 (K I) (I I)) (S z S))))))
v6 z x v10 (B (S (z (S z) (v11 (K I) I) (S z S)) (x (I (z (S z) (v11 (K I) (I I)) (S z S))))))
v6 z x v10 (B (S (z (S z) (v11 (K I) I) (S z S)) (x (z (S z) (v11 (K I) (I I)) (S z S)))))
v6 z x v10 (B (S (z (S z) (v11 (K I) I) (S z S)) (x (z (S z) (v11 (K I) I) (S z S)))))
z (x x (K x I (z I K)) (z (B (x S I K))) (x (S S) z) z I) x
z (x x (x (z I K)) (z (B (x S I K))) (x (S S) z) z I) x
K (v3 (v9 z)) (x S) (z (K v23 B)) (z (B (K (S z (I v23 x) S) (K B z) (K z K z z)))) (z (K z) (K z) v24 v8) z (K (v13 v11) B B (K (S (z x) S B)))
v3 (v9 z) (z (K v23 B)) (z (B (K (S z (I v23 x) S) (K B z) (K z K z z)))) (z (K z) (K z) v24 v8) z (K (v13 v11) B B (K (S (z x) S B)))
v3 (v9 z) (z v23) (z (B (K (S z (I v23 x) S) (K B z) (K z K z z)))) (z (K z) (K z) v24 v8) z (K (v13 v11) B B (K (S (z x) S B)))
v3 (v9 z) (z v23) (z (B (S z (I v23 x) S (K z K z z)))) (z (K z) (K z) v24 v8) z (K (v13 v11) B B (K (S (z x) S B)))
v3 (v9 z) (z v23) (z (B (z S (I v23 x S) (K z K z z)))) (z (K z) (K z) v24 v8) z (K (v13 v11) B B (K (S (z x) S B)))
v3 (v9 z) (z v23) (z (B (z S (v23 x S) (K z K z z)))) (z (K z) (K z) v24 v8) z (K (v13 v11) B B (K (S (z x) S B)))
v3 (v9 z) (z v23) (z (B (z S (v23 x S) (z z z)))) (z (K z) (K z) v24 v8) z (K (v13 v11) B B (K (S (z x) S B)))
v3 (v9 z) (z v23) (z (B (z S (v23 x S) (z z z)))) (z (K z) (K z) v24 v8) z (v13 v11 B (K (S (z x) S B)))
v3 (v9 z) (z v23) (z (B (z S (v23 x S) (z z z)))) (z (K z) (K z) v24 v8) z (v13 v11 B (K (z x B (S B))))
v22
K
z z K
z (z I z (v4 (v28 v1 x B I (K S x (v0 (z I)))) (v30 B) v30) (I (B (x (S x))) x (K (B I)) (S z)))
z (z I z (v4 (v28 v1 x B I (S (v0 (z I)))) (v30 B) v30) (I (B (x (S x))) x (K (B I)) (S z)))
z (z I z (v4 (v28 v1 x B I (S (v0 (z I)))) (v30 B) v30) (B (x (S x)) x (K (B I)) (S z)))
z (z I z (v4 (v28 v1 x B I (S (v0 (z I)))) (v30 B) v30) (x (S x) (x (K (B I))) (S z)))
K (z B)
I (S x (v16 (B x) (K (S (z K)))) (S z)) (x (S K)) (v13 B) (z (B v5) (B (B z) (B (x x)) (K v17 S S S) K) (I v23 B S (B I (x B K) S K (v24 S (x (B S) I) (z S))) S)) (v3 K B x S)
S x (v16 (B x) (K (S (z K)))) (S z) (x (S K)) (v13 B) (z (B v5) (B (B z) (B (x x)) (K v17 S S S) K) (I v23 B S (B I (x B K) S K (v24 S (x (B S) I) (z S))) S)) (v3 K B x S)
x (S z) (v16 (B x) (K (S (z K))) (S z)) (x (S K)) (v13 B) (z (B v5) (B (B z) (B (x x)) (K v17 S S S) K) (I v23 B S (B I (x B K) S K (v24 S (x (B S) I) (z S))) S)) (v3 K B x S)
x (S z) (v16 (B x) (K (S (z K))) (S z)) (x (S K)) (v13 B) (z (B v5) (B z (B (x x) (K v17 S S S)) K) (I v23 B S (B I (x B K) S K (v24 S (x (B S) I) (z S))) S)) (v3 K B x S)
x (S z) (v16 (B x) (K (S (z K))) (S z)) (x (S K)) (v13 B) (z (B v5) (z (B (x x) (K v17 S S S) K)) (I v23 B S (B I (x B K) S K (v24 S (x (B S) I) (z S))) S)) (v3 K B x S)
x (S z) (v16 (B x) (K (S (z K))) (S z)) (x (S K)) (v13 B) (z (B v5) (z (x x (K v17 S S S K))) (I v23 B S (B I (x B K) S K (v24 S (x (B S) I) (z S))) S)) (v3 K B x S)
x (S z) (v16 (B x) (K (S (z K))) (S z)) (x (S K)) (v13 B) (z (B v5) (z (x x (v17 S S K))) (I v23 B S (B I (x B K) S K (v24 S (x (B S) I) (z S))) S)) (v3 K B x S)
x (S z) (v16 (B x) (K (S (z K))) (S z)) (x (S K)) (v13 B) (z (B v5) (z (x x (v17 S S K))) (v23 B S (B I (x B K) S K (v24 S (x (B S) I) (z S))) S)) (v3 K B x S)
x (S z) (v16 (B x) (K (S (z K))) (S z)) (x (S K)) (v13 B) (z (B v5) (z (x x (v17 S S K))) (v23 B S (I (x B K S) K (v24 S (x (B S) I) (z S))) S)) (v3 K B x S)
x (S z) (v16 (B x) (K (S (z K))) (S z)) (x (S K)) (v13 B) (z (B v5) (z (x x (v17 S S K))) (v23 B S (x B K S K (v24 S (x (B S) I) (z S))) S)) (v3 K B x S)
