S
K
v27 (x (K B z S (B x (x (B v28)) (K (S (z S)))) S S (x v3 (S (K v23) v4 (S v2) (I (x (x x) (B (v23 (K x B)))))))))
v27 (x (B S (B x (x (B v28)) (K (S (z S)))) S S (x v3 (S (K v23) v4 (S v2) (I (x (x x) (B (v23 (K x B)))))))))
v27 (x (S (B x (x (B v28)) (K (S (z S))) S) S (x v3 (S (K v23) v4 (S v2) (I (x (x x) (B (v23 (K x B)))))))))
v27 (x (B x (x (B v28)) (K (S (z S))) S (x v3 (S (K v23) v4 (S v2) (I (x (x x) (B (v23 (K x B))))))) (S (x v3 (S (K v23) v4 (S v2) (I (x (x x) (B (v23 (K x B))))))))))
v27 (x (x (x (B v28) (K (S (z S)))) S (x v3 (S (K v23) v4 (S v2) (I (x (x x) (B (v23 (K x B))))))) (S (x v3 (S (K v23) v4 (S v2) (I (x (x x) (B (v23 (K x B))))))))))
v27 (x (x (x (B v28) (K (S (z S)))) S (x v3 (K v23 (S v2) (v4 (S v2)) (I (x (x x) (B (v23 (K x B))))))) (S (x v3 (S (K v23) v4 (S v2) (I (x (x x) (B (v23 (K x B))))))))))
v27 (x (x (x (B v28) (K (S (z S)))) S (x v3 (v23 (v4 (S v2)) (I (x (x x) (B (v23 (K x B))))))) (S (x v3 (S (K v23) v4 (S v2) (I (x (x x) (B (v23 (K x B))))))))))
v27 (x (x (x (B v28) (K (S (z S)))) S (x v3 (v23 (v4 (S v2)) (x (x x) (B (v23 (K x B)))))) (S (x v3 (S (K v23) v4 (S v2) (I (x (x x) (B (v23 (K x B))))))))))
v27 (x (x (x (B v28) (K (S (z S)))) S (x v3 (v23 (v4 (S v2)) (x (x x) (B (v23 x))))) (S (x v3 (S (K v23) v4 (S v2) (I (x (x x) (B (v23 (K x B))))))))))
v27 (x (x (x (B v28) (K (S (z S)))) S (x v3 (v23 (v4 (S v2)) (x (x x) (B (v23 x))))) (S (x v3 (K v23 (S v2) (v4 (S v2)) (I (x (x x) (B (v23 (K x B))))))))))
v27 (x (x (x (B v28) (K (S (z S)))) S (x v3 (v23 (v4 (S v2)) (x (x x) (B (v23 x))))) (S (x v3 (v23 (v4 (S v2)) (I (x (x x) (B (v23 (K x B))))))))))
v27 (x (x (x (B v28) (K (S (z S)))) S (x v3 (v23 (v4 (S v2)) (x (x x) (B (v23 x))))) (S (x v3 (v23 (v4 (S v2)) (x (x x) (B (v23 (K x B)))))))))
v27 (x (x (x (B v28) (K (S (z S)))) S (x v3 (v23 (v4 (S v2)) (x (x x) (B (v23 x))))) (S (x v3 (v23 (v4 (S v2)) (x (x x) (B (v23 x))))))))
z S K B (z B) v25 (K x I (S (z (z I)) v17) (K z (K I z (K B))) (I (I (I (K I)) (v5 S (x (x (v18 (I I))) v8) (B v5)))))
z S K B (z B) v25 (x (S (z (z I)) v17) (K z (K I z (K B))) (I (I (I (K I)) (v5 S (x (x (v18 (I I))) v8) (B v5)))))
z S K B (z B) v25 (x (S (z (z I)) v17) z (I (I (I (K I)) (v5 S (x (x (v18 (I I))) v8) (B v5)))))
z S K B (z B) v25 (x (S (z (z I)) v17) z (I (I (K I)) (v5 S (x (x (v18 (I I))) v8) (B v5))))
z S K B (z B) v25 (x (S (z (z I)) v17) z (I (K I) (v5 S (x (x (v18 (I I))) v8) (B v5))))
z S K B (z B) v25 (x (S (z (z I)) v17) z (K I (v5 S (x (x (v18 (I I))) v8) (B v5))))
z S K B (z B) v25 (x (S (z (z I)) v17) z I)
S (I z)
S z
v19 (B B (K v16))
z (z K (z x (K B K) K)) (B (K (x (v23 K))) z (x (S S))) (B (z K)) (z (I (K z (B z)))) B
z (z K (z x B K)) (B (K (x (v23 K))) z (x (S S))) (B (z K)) (z (I (K z (B z)))) B
z (z K (z x B K)) (K (x (v23 K)) (z (x (S S)))) (B (z K)) (z (I (K z (B z)))) B
z (z K (z x B K)) (x (v23 K)) (B (z K)) (z (I (K z (B z)))) B
z (z K (z x B K)) (x (v23 K)) (B (z K)) (z (K z (B z))) B
z (z K (z x B K)) (x (v23 K)) (B (z K)) (z z) B
I z (K I) (S B x (S (v22 v15 (x z) (z S B)))) (z (S (v22 K) (x (B K)) v23 (z v30) x)) (I x) (v0 I (z (K (S I B) (B v12 z))) (B (B K (K I B S v26)) I)) (x S (I (S (S (v8 z))) (z (B K v8) S (B B B z B)) (I (I (B v23)) (x S))) (K (v19 (x K) B) (B (S S x x (K I S))) (v2 I x) z))
z (K I) (S B x (S (v22 v15 (x z) (z S B)))) (z (S (v22 K) (x (B K)) v23 (z v30) x)) (I x) (v0 I (z (K (S I B) (B v12 z))) (B (B K (K I B S v26)) I)) (x S (I (S (S (v8 z))) (z (B K v8) S (B B B z B)) (I (I (B v23)) (x S))) (K (v19 (x K) B) (B (S S x x (K I S))) (v2 I x) z))
z (K I) (B (S (v22 v15 (x z) (z S B))) (x (S (v22 v15 (x z) (z S B))))) (z (S (v22 K) (x (B K)) v23 (z v30) x)) (I x) (v0 I (z (K (S I B) (B v12 z))) (B (B K (K I B S v26)) I)) (x S (I (S (S (v8 z))) (z (B K v8) S (B B B z B)) (I (I (B v23)) (x S))) (K (v19 (x K) B) (B (S S x x (K I S))) (v2 I x) z))
z (K I) (B (S (v22 v15 (x z) (z S B))) (x (S (v22 v15 (x z) (z S B))))) (z (v22 K v23 (x (B K) v23) (z v30) x)) (I x) (v0 I (z (K (S I B) (B v12 z))) (B (B K (K I B S v26)) I)) (x S (I (S (S (v8 z))) (z (B K v8) S (B B B z B)) (I (I (B v23)) (x S))) (K (v19 (x K) B) (B (S S x x (K I S))) (v2 I x) z))
z (K I) (B (S (v22 v15 (x z) (z S B))) (x (S (v22 v15 (x z) (z S B))))) (z (v22 K v23 (x (B K) v23) (z v30) x)) x (v0 I (z (K (S I B) (B v12 z))) (B (B K (K I B S v26)) I)) (x S (I (S (S (v8 z))) (z (B K v8) S (B B B z B)) (I (I (B v23)) (x S))) (K (v19 (x K) B) (B (S S x x (K I S))) (v2 I x) z))
z (K I) (B (S (v22 v15 (x z) (z S B))) (x (S (v22 v15 (x z) (z S B))))) (z (v22 K v23 (x (B K) v23) (z v30) x)) x (v0 I (z (S I B)) (B (B K (K I B S v26)) I)) (x S (I (S (S (v8 z))) (z (B K v8) S (B B B z B)) (I (I (B v23)) (x S))) (K (v19 (x K) B) (B (S S x x (K I S))) (v2 I x) z))
z (K I) (B (S (v22 v15 (x z) (z S B))) (x (S (v22 v15 (x z) (z S B))))) (z (v22 K v23 (x (B K) v23) (z v30) x)) x (v0 I (z (S I B)) (B (B K (I S v26)) I)) (x S (I (S (S (v8 z))) (z (B K v8) S (B B B z B)) (I (I (B v23)) (x S))) (K (v19 (x K) B) (B (S S x x (K I S))) (v2 I x) z))
z (K I) (B (S (v22 v15 (x z) (z S B))) (x (S (v22 v15 (x z) (z S B))))) (z (v22 K v23 (x (B K) v23) (z v30) x)) x (v0 I (z (S I B)) (B (B K (S v26)) I)) (x S (I (S (S (v8 z))) (z (B K v8) S (B B B z B)) (I (I (B v23)) (x S))) (K (v19 (x K) B) (B (S S x x (K I S))) (v2 I x) z))
z (K I) (B (S (v22 v15 (x z) (z S B))) (x (S (v22 v15 (x z) (z S B))))) (z (v22 K v23 (x (B K) v23) (z v30) x)) x (v0 I (z (S I B)) (B (B K (S v26)) I)) (x S (S (S (v8 z)) (z (B K v8) S (B B B z B)) (I (I (B v23)) (x S))) (K (v19 (x K) B) (B (S S x x (K I S))) (v2 I x) z))
z (K I) (B (S (v22 v15 (x z) (z S B))) (x (S (v22 v15 (x z) (z S B))))) (z (v22 K v23 (x (B K) v23) (z v30) x)) x (v0 I (z (S I B)) (B (B K (S v26)) I)) (x S (S (v8 z) (I (I (B v23)) (x S)) (z (B K v8) S (B B B z B) (I (I (B v23)) (x S)))) (K (v19 (x K) B) (B (S S x x (K I S))) (v2 I x) z))
z (K I) (B (S (v22 v15 (x z) (z S B))) (x (S (v22 v15 (x z) (z S B))))) (z (v22 K v23 (x (B K) v23) (z v30) x)) x (v0 I (z (S I B)) (B (B K (S v26)) I)) (x S (v8 z (z (B K v8) S (B B B z B) (I (I (B v23)) (x S))) (I (I (B v23)) (x S) (z (B K v8) S (B B B z B) (I (I (B v23)) (x S))))) (K (v19 (x K) B) (B (S S x x (K I S))) (v2 I x) z))
z (K I) (B (S (v22 v15 (x z) (z S B))) (x (S (v22 v15 (x z) (z S B))))) (z (v22 K v23 (x (B K) v23) (z v30) x)) x (v0 I (z (S I B)) (B (B K (S v26)) I)) (x S (v8 z (z (B K v8) S (B (B z) B) (I (I (B v23)) (x S))) (I (I (B v23)) (x S) (z (B K v8) S (B B B z B) (I (I (B v23)) (x S))))) (K (v19 (x K) B) (B (S S x x (K I S))) (v2 I x) z))
z (K I) (B (S (v22 v15 (x z) (z S B))) (x (S (v22 v15 (x z) (z S B))))) (z (v22 K v23 (x (B K) v23) (z v30) x)) x (v0 I (z (S I B)) (B (B K (S v26)) I)) (x S (v8 z (z (B K v8) S (B (B z) B) (I (B v23) (x S))) (I (I (B v23)) (x S) (z (B K v8) S (B B B z B) (I (I (B v23)) (x S))))) (K (v19 (x K) B) (B (S S x x (K I S))) (v2 I x) z))
z (K I) (B (S (v22 v15 (x z) (z S B))) (x (S (v22 v15 (x z) (z S B))))) (z (v22 K v23 (x (B K) v23) (z v30) x)) x (v0 I (z (S I B)) (B (B K (S v26)) I)) (x S (v8 z (z (B K v8) S (B (B z) B) (B v23 (x S))) (I (I (B v23)) (x S) (z (B K v8) S (B B B z B) (I (I (B v23)) (x S))))) (K (v19 (x K) B) (B (S S x x (K I S))) (v2 I x) z))
z (K I) (B (S (v22 v15 (x z) (z S B))) (x (S (v22 v15 (x z) (z S B))))) (z (v22 K v23 (x (B K) v23) (z v30) x)) x (v0 I (z (S I B)) (B (B K (S v26)) I)) (x S (v8 z (z (B K v8) S (B (B z) B) (B v23 (x S))) (I (B v23) (x S) (z (B K v8) S (B B B z B) (I (I (B v23)) (x S))))) (K (v19 (x K) B) (B (S S x x (K I S))) (v2 I x) z))
z (K I) (B (S (v22 v15 (x z) (z S B))) (x (S (v22 v15 (x z) (z S B))))) (z (v22 K v23 (x (B K) v23) (z v30) x)) x (v0 I (z (S I B)) (B (B K (S v26)) I)) (x S (v8 z (z (B K v8) S (B (B z) B) (B v23 (x S))) (B v23 (x S) (z (B K v8) S (B B B z B) (I (I (B v23)) (x S))))) (K (v19 (x K) B) (B (S S x x (K I S))) (v2 I x) z))
z (K I) (B (S (v22 v15 (x z) (z S B))) (x (S (v22 v15 (x z) (z S B))))) (z (v22 K v23 (x (B K) v23) (z v30) x)) x (v0 I (z (S I B)) (B (B K (S v26)) I)) (x S (v8 z (z (B K v8) S (B (B z) B) (B v23 (x S))) (v23 (x S (z (B K v8) S (B B B z B) (I (I (B v23)) (x S)))))) (K (v19 (x K) B) (B (S S x x (K I S))) (v2 I x) z))
z (K I) (B (S (v22 v15 (x z) (z S B))) (x (S (v22 v15 (x z) (z S B))))) (z (v22 K v23 (x (B K) v23) (z v30) x)) x (v0 I (z (S I B)) (B (B K (S v26)) I)) (x S (v8 z (z (B K v8) S (B (B z) B) (B v23 (x S))) (v23 (x S (z (B K v8) S (B (B z) B) (I (I (B v23)) (x S)))))) (K (v19 (x K) B) (B (S S x x (K I S))) (v2 I x) z))
z (K I) (B (S (v22 v15 (x z) (z S B))) (x (S (v22 v15 (x z) (z S B))))) (z (v22 K v23 (x (B K) v23) (z v30) x)) x (v0 I (z (S I B)) (B (B K (S v26)) I)) (x S (v8 z (z (B K v8) S (B (B z) B) (B v23 (x S))) (v23 (x S (z (B K v8) S (B (B z) B) (I (B v23) (x S)))))) (K (v19 (x K) B) (B (S S x x (K I S))) (v2 I x) z))
z (K I) (B (S (v22 v15 (x z) (z S B))) (x (S (v22 v15 (x z) (z S B))))) (z (v22 K v23 (x (B K) v23) (z v30) x)) x (v0 I (z (S I B)) (B (B K (S v26)) I)) (x S (v8 z (z (B K v8) S (B (B z) B) (B v23 (x S))) (v23 (x S (z (B K v8) S (B (B z) B) (B v23 (x S)))))) (K (v19 (x K) B) (B (S S x x (K I S))) (v2 I x) z))
z (K I) (B (S (v22 v15 (x z) (z S B))) (x (S (v22 v15 (x z) (z S B))))) (z (v22 K v23 (x (B K) v23) (z v30) x)) x (v0 I (z (S I B)) (B (B K (S v26)) I)) (x S (v8 z (z (B K v8) S (B (B z) B) (B v23 (x S))) (v23 (x S (z (B K v8) S (B (B z) B) (B v23 (x S)))))) (v19 (x K) B (v2 I x) z))
v23 (v30 (S (K (z (S K)) B) z)) x (z B (K z z z (I z) (x I))) (x (B (z v29) z (z (B v25 (S z))) z (x (S (x (B z (I K) (B x)))) (z (x K)) (z B))) (v10 (x (x B)) S (x v1)))
v23 (v30 (S (z (S K)) z)) x (z B (K z z z (I z) (x I))) (x (B (z v29) z (z (B v25 (S z))) z (x (S (x (B z (I K) (B x)))) (z (x K)) (z B))) (v10 (x (x B)) S (x v1)))
v23 (v30 (S (z (S K)) z)) x (z B (z z (I z) (x I))) (x (B (z v29) z (z (B v25 (S z))) z (x (S (x (B z (I K) (B x)))) (z (x K)) (z B))) (v10 (x (x B)) S (x v1)))
v23 (v30 (S (z (S K)) z)) x (z B (z z z (x I))) (x (B (z v29) z (z (B v25 (S z))) z (x (S (x (B z (I K) (B x)))) (z (x K)) (z B))) (v10 (x (x B)) S (x v1)))
v23 (v30 (S (z (S K)) z)) x (z B (z z z (x I))) (x (z v29 (z (z (B v25 (S z)))) z (x (S (x (B z (I K) (B x)))) (z (x K)) (z B))) (v10 (x (x B)) S (x v1)))
v23 (v30 (S (z (S K)) z)) x (z B (z z z (x I))) (x (z v29 (z (z (B v25 (S z)))) z (x (S (x (z (I K (B x))))) (z (x K)) (z B))) (v10 (x (x B)) S (x v1)))
v23 (v30 (S (z (S K)) z)) x (z B (z z z (x I))) (x (z v29 (z (z (B v25 (S z)))) z (x (S (x (z (K (B x))))) (z (x K)) (z B))) (v10 (x (x B)) S (x v1)))
z
