I z (B v5 (v20 K (B (S K v23))) (K (I S)) (z z (z (v4 z) v5) (B v12)) (I v5) (I (x z)))
z (B v5 (v20 K (B (S K v23))) (K (I S)) (z z (z (v4 z) v5) (B v12)) (I v5) (I (x z)))
z (v5 (v20 K (B (S K v23)) (K (I S))) (z z (z (v4 z) v5) (B v12)) (I v5) (I (x z)))
z (v5 (v20 K (B (S K v23)) (K S)) (z z (z (v4 z) v5) (B v12)) (I v5) (I (x z)))
z (v5 (v20 K (B (S K v23)) (K S)) (z z (z (v4 z) v5) (B v12)) v5 (I (x z)))
z (v5 (v20 K (B (S K v23)) (K S)) (z z (z (v4 z) v5) (B v12)) v5 (x z))
v5 (B (S x) (S z B K (x S))) S (S B (z S (B z) (S (I B (x B) v1 (z v1))) K)) (x (S (K (z (B (S x))) I) (K (I (z v12 (z x)))) (z (K z))) (B (K v30) (B (B (K B v18))))) (B (K z v20 (K (z (z x (B x) I) (x (x K))) v5)))
v5 (B (S x) (z K (B K) (x S))) S (S B (z S (B z) (S (I B (x B) v1 (z v1))) K)) (x (S (K (z (B (S x))) I) (K (I (z v12 (z x)))) (z (K z))) (B (K v30) (B (B (K B v18))))) (B (K z v20 (K (z (z x (B x) I) (x (x K))) v5)))
v5 (B (S x) (z K (B K) (x S))) S (S B (z S (B z) (S (B (x B) v1 (z v1))) K)) (x (S (K (z (B (S x))) I) (K (I (z v12 (z x)))) (z (K z))) (B (K v30) (B (B (K B v18))))) (B (K z v20 (K (z (z x (B x) I) (x (x K))) v5)))
v5 (B (S x) (z K (B K) (x S))) S (S B (z S (B z) (S (x B (v1 (z v1)))) K)) (x (S (K (z (B (S x))) I) (K (I (z v12 (z x)))) (z (K z))) (B (K v30) (B (B (K B v18))))) (B (K z v20 (K (z (z x (B x) I) (x (x K))) v5)))
v5 (B (S x) (z K (B K) (x S))) S (S B (z S (B z) (S (x B (v1 (z v1)))) K)) (x (K (z (B (S x))) I (z (K z)) (K (I (z v12 (z x))) (z (K z)))) (B (K v30) (B (B (K B v18))))) (B (K z v20 (K (z (z x (B x) I) (x (x K))) v5)))
v5 (B (S x) (z K (B K) (x S))) S (S B (z S (B z) (S (x B (v1 (z v1)))) K)) (x (z (B (S x)) (z (K z)) (K (I (z v12 (z x))) (z (K z)))) (B (K v30) (B (B (K B v18))))) (B (K z v20 (K (z (z x (B x) I) (x (x K))) v5)))
v5 (B (S x) (z K (B K) (x S))) S (S B (z S (B z) (S (x B (v1 (z v1)))) K)) (x (z (B (S x)) (z (K z)) (I (z v12 (z x)))) (B (K v30) (B (B (K B v18))))) (B (K z v20 (K (z (z x (B x) I) (x (x K))) v5)))
v5 (B (S x) (z K (B K) (x S))) S (S B (z S (B z) (S (x B (v1 (z v1)))) K)) (x (z (B (S x)) (z (K z)) (z v12 (z x))) (B (K v30) (B (B (K B v18))))) (B (K z v20 (K (z (z x (B x) I) (x (x K))) v5)))
v5 (B (S x) (z K (B K) (x S))) S (S B (z S (B z) (S (x B (v1 (z v1)))) K)) (x (z (B (S x)) (z (K z)) (z v12 (z x))) (B (K v30) (B (B B)))) (B (K z v20 (K (z (z x (B x) I) (x (x K))) v5)))
v5 (B (S x) (z K (B K) (x S))) S (S B (z S (B z) (S (x B (v1 (z v1)))) K)) (x (z (B (S x)) (z (K z)) (z v12 (z x))) (B (K v30) (B (B B)))) (B (z (K (z (z x (B x) I) (x (x K))) v5)))
v5 (B (S x) (z K (B K) (x S))) S (S B (z S (B z) (S (x B (v1 (z v1)))) K)) (x (z (B (S x)) (z (K z)) (z v12 (z x))) (B (K v30) (B (B B)))) (B (z (z (z x (B x) I) (x (x K)))))
z S B K
K x z (I (v3 (x (S (v18 v9) K))) B) v22
x (I (v3 (x (S (v18 v9) K))) B) v22
x (v3 (x (S (v18 v9) K)) B) v22
I (I (B (z (x B S B x v20) (v28 (v21 (I (x (K v5) (x S)))) (I z))) S))
I (B (z (x B S B x v20) (v28 (v21 (I (x (K v5) (x S)))) (I z))) S)
B (z (x B S B x v20) (v28 (v21 (I (x (K v5) (x S)))) (I z))) S
B (z (x B S B x v20) (v28 (v21 (x (K v5) (x S))) (I z))) S
B (z (x B S B x v20) (v28 (v21 (x (K v5) (x S))) z)) S
x
x (B (B (x (z x) (K (I v16) v6) (S I K) z)) (v9 K)) (I K z (K B) (v24 (I x B B))) (x B)
x (B (B (x (z x) (I v16) (S I K) z)) (v9 K)) (I K z (K B) (v24 (I x B B))) (x B)
x (B (B (x (z x) v16 (S I K) z)) (v9 K)) (I K z (K B) (v24 (I x B B))) (x B)
x (B (B (x (z x) v16 (S I K) z)) (v9 K)) (K z (K B) (v24 (I x B B))) (x B)
x (B (B (x (z x) v16 (S I K) z)) (v9 K)) (z (v24 (I x B B))) (x B)
x (B (B (x (z x) v16 (S I K) z)) (v9 K)) (z (v24 (x B B))) (x B)
I I (K (v4 x x K (v0 (B K)) (K x)) v17 x I (I (v17 v26 K (z z))) S z)
I (K (v4 x x K (v0 (B K)) (K x)) v17 x I (I (v17 v26 K (z z))) S z)
K (v4 x x K (v0 (B K)) (K x)) v17 x I (I (v17 v26 K (z z))) S z
v4 x x K (v0 (B K)) (K x) x I (I (v17 v26 K (z z))) S z
v4 x x K (v0 (B K)) (K x) x I (v17 v26 K (z z)) S z
S I (K x (I (S (S I (z z) I) (B S (B S) B))) (S (B (B (B K z) S))) (K S x)) I
I I (K x (I (S (S I (z z) I) (B S (B S) B))) (S (B (B (B K z) S))) (K S x) I)
I (K x (I (S (S I (z z) I) (B S (B S) B))) (S (B (B (B K z) S))) (K S x) I)
K x (I (S (S I (z z) I) (B S (B S) B))) (S (B (B (B K z) S))) (K S x) I
x (S (B (B (B K z) S))) (K S x) I
x (S (B (B (B K z) S))) S I
K (S (I v3 (v8 (z I) x) (I B x)) v3)
K (S (v3 (v8 (z I) x) (I B x)) v3)
K (S (v3 (v8 (z I) x) (B x)) v3)
