z I (B (K (S (B z) (I (I (B S))) (I B)) I x))
z I (B (S (B z) (I (I (B S))) (I B) x))
z I (B (B z (I B) (I (I (B S)) (I B)) x))
z I (B (z (I B (I (I (B S)) (I B))) x))
z I (B (z (B (I (I (B S)) (I B))) x))
z I (B (z (B (I (B S) (I B))) x))
z I (B (z (B (B S (I B))) x))
z I (B (z (B (B S B)) x))
z (v3 B v27) (S B (z x) (B (z v17) K) (z (B I) (x (z (v10 S)))) (v28 (I I) v8 (I x (I S)))) (I (K (z S) (v1 I (v15 x))) (x x) v19 (z K)) (x B (S I v9 (B (v0 B K S z))) (v10 x (z S v8) (v25 (I B (B I) B))))
z (v3 B v27) (B (B (z v17) K) (z x (B (z v17) K)) (z (B I) (x (z (v10 S)))) (v28 (I I) v8 (I x (I S)))) (I (K (z S) (v1 I (v15 x))) (x x) v19 (z K)) (x B (S I v9 (B (v0 B K S z))) (v10 x (z S v8) (v25 (I B (B I) B))))
z (v3 B v27) (B (z v17) K (z x (B (z v17) K) (z (B I) (x (z (v10 S))))) (v28 (I I) v8 (I x (I S)))) (I (K (z S) (v1 I (v15 x))) (x x) v19 (z K)) (x B (S I v9 (B (v0 B K S z))) (v10 x (z S v8) (v25 (I B (B I) B))))
z (v3 B v27) (z v17 (K (z x (B (z v17) K) (z (B I) (x (z (v10 S)))))) (v28 (I I) v8 (I x (I S)))) (I (K (z S) (v1 I (v15 x))) (x x) v19 (z K)) (x B (S I v9 (B (v0 B K S z))) (v10 x (z S v8) (v25 (I B (B I) B))))
z (v3 B v27) (z v17 (K (z x (B (z v17) K) (z (B I) (x (z (v10 S)))))) (v28 I v8 (I x (I S)))) (I (K (z S) (v1 I (v15 x))) (x x) v19 (z K)) (x B (S I v9 (B (v0 B K S z))) (v10 x (z S v8) (v25 (I B (B I) B))))
z (v3 B v27) (z v17 (K (z x (B (z v17) K) (z (B I) (x (z (v10 S)))))) (v28 I v8 (x (I S)))) (I (K (z S) (v1 I (v15 x))) (x x) v19 (z K)) (x B (S I v9 (B (v0 B K S z))) (v10 x (z S v8) (v25 (I B (B I) B))))
z (v3 B v27) (z v17 (K (z x (B (z v17) K) (z (B I) (x (z (v10 S)))))) (v28 I v8 (x S))) (I (K (z S) (v1 I (v15 x))) (x x) v19 (z K)) (x B (S I v9 (B (v0 B K S z))) (v10 x (z S v8) (v25 (I B (B I) B))))
z (v3 B v27) (z v17 (K (z x (B (z v17) K) (z (B I) (x (z (v10 S)))))) (v28 I v8 (x S))) (K (z S) (v1 I (v15 x)) (x x) v19 (z K)) (x B (S I v9 (B (v0 B K S z))) (v10 x (z S v8) (v25 (I B (B I) B))))
z (v3 B v27) (z v17 (K (z x (B (z v17) K) (z (B I) (x (z (v10 S)))))) (v28 I v8 (x S))) (z S (x x) v19 (z K)) (x B (S I v9 (B (v0 B K S z))) (v10 x (z S v8) (v25 (I B (B I) B))))
z (v3 B v27) (z v17 (K (z x (B (z v17) K) (z (B I) (x (z (v10 S)))))) (v28 I v8 (x S))) (z S (x x) v19 (z K)) (x B (I (B (v0 B K S z)) (v9 (B (v0 B K S z)))) (v10 x (z S v8) (v25 (I B (B I) B))))
z (v3 B v27) (z v17 (K (z x (B (z v17) K) (z (B I) (x (z (v10 S)))))) (v28 I v8 (x S))) (z S (x x) v19 (z K)) (x B (B (v0 B K S z) (v9 (B (v0 B K S z)))) (v10 x (z S v8) (v25 (I B (B I) B))))
z (v3 B v27) (z v17 (K (z x (B (z v17) K) (z (B I) (x (z (v10 S)))))) (v28 I v8 (x S))) (z S (x x) v19 (z K)) (x B (B (v0 B K S z) (v9 (B (v0 B K S z)))) (v10 x (z S v8) (v25 (B (B I) B))))
z
S
S (B (K (B (B z) (v0 S (I (v20 (S I z S B)))))) (I (x B))) (S (K (K z)) (S (v18 v0 (S K))) (x x) (z (x (z v20 (x (S S))) v0) (x (I B (S I) (x z))) (z K (z v27) B)))
S (B (K (B (B z) (v0 S (v20 (S I z S B))))) (I (x B))) (S (K (K z)) (S (v18 v0 (S K))) (x x) (z (x (z v20 (x (S S))) v0) (x (I B (S I) (x z))) (z K (z v27) B)))
S (B (K (B (B z) (v0 S (v20 (I S (z S) B))))) (I (x B))) (S (K (K z)) (S (v18 v0 (S K))) (x x) (z (x (z v20 (x (S S))) v0) (x (I B (S I) (x z))) (z K (z v27) B)))
S (B (K (B (B z) (v0 S (v20 (S (z S) B))))) (I (x B))) (S (K (K z)) (S (v18 v0 (S K))) (x x) (z (x (z v20 (x (S S))) v0) (x (I B (S I) (x z))) (z K (z v27) B)))
S (B (K (B (B z) (v0 S (v20 (S (z S) B))))) (x B)) (S (K (K z)) (S (v18 v0 (S K))) (x x) (z (x (z v20 (x (S S))) v0) (x (I B (S I) (x z))) (z K (z v27) B)))
S (B (K (B (B z) (v0 S (v20 (S (z S) B))))) (x B)) (K (K z) (x x) (S (v18 v0 (S K)) (x x)) (z (x (z v20 (x (S S))) v0) (x (I B (S I) (x z))) (z K (z v27) B)))
S (B (K (B (B z) (v0 S (v20 (S (z S) B))))) (x B)) (K z (S (v18 v0 (S K)) (x x)) (z (x (z v20 (x (S S))) v0) (x (I B (S I) (x z))) (z K (z v27) B)))
S (B (K (B (B z) (v0 S (v20 (S (z S) B))))) (x B)) (z (z (x (z v20 (x (S S))) v0) (x (I B (S I) (x z))) (z K (z v27) B)))
S (B (K (B (B z) (v0 S (v20 (S (z S) B))))) (x B)) (z (z (x (z v20 (x (S S))) v0) (x (B (S I) (x z))) (z K (z v27) B)))
I (x B x) (B z (v17 (I (B x (I B)) K) v15)) (B v27) (B (B (B (v1 S))) I z (x (x (K x v11 (K (z z)) (z S) x) K))) K (z (B B v14) (K x S (K x (v18 S) x (v26 I (I v2)) (x (v0 (z v12))) B I) (z (x B (B B z z) x) (I (v2 (I I) (B (v8 K) z) K)))))
x B x (B z (v17 (I (B x (I B)) K) v15)) (B v27) (B (B (B (v1 S))) I z (x (x (K x v11 (K (z z)) (z S) x) K))) K (z (B B v14) (K x S (K x (v18 S) x (v26 I (I v2)) (x (v0 (z v12))) B I) (z (x B (B B z z) x) (I (v2 (I I) (B (v8 K) z) K)))))
x B x (B z (v17 (B x (I B) K) v15)) (B v27) (B (B (B (v1 S))) I z (x (x (K x v11 (K (z z)) (z S) x) K))) K (z (B B v14) (K x S (K x (v18 S) x (v26 I (I v2)) (x (v0 (z v12))) B I) (z (x B (B B z z) x) (I (v2 (I I) (B (v8 K) z) K)))))
x B x (B z (v17 (x (I B K)) v15)) (B v27) (B (B (B (v1 S))) I z (x (x (K x v11 (K (z z)) (z S) x) K))) K (z (B B v14) (K x S (K x (v18 S) x (v26 I (I v2)) (x (v0 (z v12))) B I) (z (x B (B B z z) x) (I (v2 (I I) (B (v8 K) z) K)))))
x B x (B z (v17 (x (B K)) v15)) (B v27) (B (B (B (v1 S))) I z (x (x (K x v11 (K (z z)) (z S) x) K))) K (z (B B v14) (K x S (K x (v18 S) x (v26 I (I v2)) (x (v0 (z v12))) B I) (z (x B (B B z z) x) (I (v2 (I I) (B (v8 K) z) K)))))
x B x (B z (v17 (x (B K)) v15)) (B v27) (B (B (v1 S)) (I z) (x (x (K x v11 (K (z z)) (z S) x) K))) K (z (B B v14) (K x S (K x (v18 S) x (v26 I (I v2)) (x (v0 (z v12))) B I) (z (x B (B B z z) x) (I (v2 (I I) (B (v8 K) z) K)))))
x B x (B z (v17 (x (B K)) v15)) (B v27) (B (v1 S) (I z (x (x (K x v11 (K (z z)) (z S) x) K)))) K (z (B B v14) (K x S (K x (v18 S) x (v26 I (I v2)) (x (v0 (z v12))) B I) (z (x B (B B z z) x) (I (v2 (I I) (B (v8 K) z) K)))))
x B x (B z (v17 (x (B K)) v15)) (B v27) (B (v1 S) (z (x (x (K x v11 (K (z z)) (z S) x) K)))) K (z (B B v14) (K x S (K x (v18 S) x (v26 I (I v2)) (x (v0 (z v12))) B I) (z (x B (B B z z) x) (I (v2 (I I) (B (v8 K) z) K)))))
x B x (B z (v17 (x (B K)) v15)) (B v27) (B (v1 S) (z (x (x (x (K (z z)) (z S) x) K)))) K (z (B B v14) (K x S (K x (v18 S) x (v26 I (I v2)) (x (v0 (z v12))) B I) (z (x B (B B z z) x) (I (v2 (I I) (B (v8 K) z) K)))))
x B x (B z (v17 (x (B K)) v15)) (B v27) (B (v1 S) (z (x (x (x (K (z z)) (z S) x) K)))) K (z (B B v14) (x (K x (v18 S) x (v26 I (I v2)) (x (v0 (z v12))) B I) (z (x B (B B z z) x) (I (v2 (I I) (B (v8 K) z) K)))))
x B x (B z (v17 (x (B K)) v15)) (B v27) (B (v1 S) (z (x (x (x (K (z z)) (z S) x) K)))) K (z (B B v14) (x (x x (v26 I (I v2)) (x (v0 (z v12))) B I) (z (x B (B B z z) x) (I (v2 (I I) (B (v8 K) z) K)))))
x B x (B z (v17 (x (B K)) v15)) (B v27) (B (v1 S) (z (x (x (x (K (z z)) (z S) x) K)))) K (z (B B v14) (x (x x (v26 I v2) (x (v0 (z v12))) B I) (z (x B (B B z z) x) (I (v2 (I I) (B (v8 K) z) K)))))
x B x (B z (v17 (x (B K)) v15)) (B v27) (B (v1 S) (z (x (x (x (K (z z)) (z S) x) K)))) K (z (B B v14) (x (x x (v26 I v2) (x (v0 (z v12))) B I) (z (x B (B (z z)) x) (I (v2 (I I) (B (v8 K) z) K)))))
x B x (B z (v17 (x (B K)) v15)) (B v27) (B (v1 S) (z (x (x (x (K (z z)) (z S) x) K)))) K (z (B B v14) (x (x x (v26 I v2) (x (v0 (z v12))) B I) (z (x B (B (z z)) x) (v2 (I I) (B (v8 K) z) K))))
x B x (B z (v17 (x (B K)) v15)) (B v27) (B (v1 S) (z (x (x (x (K (z z)) (z S) x) K)))) K (z (B B v14) (x (x x (v26 I v2) (x (v0 (z v12))) B I) (z (x B (B (z z)) x) (v2 I (B (v8 K) z) K))))
z (z (K I) (K v2) (v30 x v15) (I (K S))) x (I (x (x S (v23 I) z)))
z (z (K I) (K v2) (v30 x v15) (K S)) x (I (x (x S (v23 I) z)))
z (z (K I) (K v2) (v30 x v15) (K S)) x (x (x S (v23 I) z))
I
z (x (B z) z (x z))
I I K
I K
K
