x
S (x (K K z)) (v3 (B S)) (B S v21 (z (v30 (z I))) (I x (I (B v28) x x)) (B z K)) (B (I I) (S (v5 v3 K) K) (v14 (v27 I) (v8 v0) S))
x (K K z) (B S v21 (z (v30 (z I))) (I x (I (B v28) x x)) (B z K)) (v3 (B S) (B S v21 (z (v30 (z I))) (I x (I (B v28) x x)) (B z K))) (B (I I) (S (v5 v3 K) K) (v14 (v27 I) (v8 v0) S))
x K (B S v21 (z (v30 (z I))) (I x (I (B v28) x x)) (B z K)) (v3 (B S) (B S v21 (z (v30 (z I))) (I x (I (B v28) x x)) (B z K))) (B (I I) (S (v5 v3 K) K) (v14 (v27 I) (v8 v0) S))
x K (S (v21 (z (v30 (z I)))) (I x (I (B v28) x x)) (B z K)) (v3 (B S) (B S v21 (z (v30 (z I))) (I x (I (B v28) x x)) (B z K))) (B (I I) (S (v5 v3 K) K) (v14 (v27 I) (v8 v0) S))
x K (v21 (z (v30 (z I))) (B z K) (I x (I (B v28) x x) (B z K))) (v3 (B S) (B S v21 (z (v30 (z I))) (I x (I (B v28) x x)) (B z K))) (B (I I) (S (v5 v3 K) K) (v14 (v27 I) (v8 v0) S))
x K (v21 (z (v30 (z I))) (B z K) (x (I (B v28) x x) (B z K))) (v3 (B S) (B S v21 (z (v30 (z I))) (I x (I (B v28) x x)) (B z K))) (B (I I) (S (v5 v3 K) K) (v14 (v27 I) (v8 v0) S))
x K (v21 (z (v30 (z I))) (B z K) (x (B v28 x x) (B z K))) (v3 (B S) (B S v21 (z (v30 (z I))) (I x (I (B v28) x x)) (B z K))) (B (I I) (S (v5 v3 K) K) (v14 (v27 I) (v8 v0) S))
x K (v21 (z (v30 (z I))) (B z K) (x (v28 (x x)) (B z K))) (v3 (B S) (B S v21 (z (v30 (z I))) (I x (I (B v28) x x)) (B z K))) (B (I I) (S (v5 v3 K) K) (v14 (v27 I) (v8 v0) S))
x K (v21 (z (v30 (z I))) (B z K) (x (v28 (x x)) (B z K))) (v3 (B S) (S (v21 (z (v30 (z I)))) (I x (I (B v28) x x)) (B z K))) (B (I I) (S (v5 v3 K) K) (v14 (v27 I) (v8 v0) S))
x K (v21 (z (v30 (z I))) (B z K) (x (v28 (x x)) (B z K))) (v3 (B S) (v21 (z (v30 (z I))) (B z K) (I x (I (B v28) x x) (B z K)))) (B (I I) (S (v5 v3 K) K) (v14 (v27 I) (v8 v0) S))
x K (v21 (z (v30 (z I))) (B z K) (x (v28 (x x)) (B z K))) (v3 (B S) (v21 (z (v30 (z I))) (B z K) (x (I (B v28) x x) (B z K)))) (B (I I) (S (v5 v3 K) K) (v14 (v27 I) (v8 v0) S))
x K (v21 (z (v30 (z I))) (B z K) (x (v28 (x x)) (B z K))) (v3 (B S) (v21 (z (v30 (z I))) (B z K) (x (B v28 x x) (B z K)))) (B (I I) (S (v5 v3 K) K) (v14 (v27 I) (v8 v0) S))
x K (v21 (z (v30 (z I))) (B z K) (x (v28 (x x)) (B z K))) (v3 (B S) (v21 (z (v30 (z I))) (B z K) (x (v28 (x x)) (B z K)))) (B (I I) (S (v5 v3 K) K) (v14 (v27 I) (v8 v0) S))
x K (v21 (z (v30 (z I))) (B z K) (x (v28 (x x)) (B z K))) (v3 (B S) (v21 (z (v30 (z I))) (B z K) (x (v28 (x x)) (B z K)))) (I I (S (v5 v3 K) K (v14 (v27 I) (v8 v0) S)))
x K (v21 (z (v30 (z I))) (B z K) (x (v28 (x x)) (B z K))) (v3 (B S) (v21 (z (v30 (z I))) (B z K) (x (v28 (x x)) (B z K)))) (I (S (v5 v3 K) K (v14 (v27 I) (v8 v0) S)))
x K (v21 (z (v30 (z I))) (B z K) (x (v28 (x x)) (B z K))) (v3 (B S) (v21 (z (v30 (z I))) (B z K) (x (v28 (x x)) (B z K)))) (S (v5 v3 K) K (v14 (v27 I) (v8 v0) S))
x K (v21 (z (v30 (z I))) (B z K) (x (v28 (x x)) (B z K))) (v3 (B S) (v21 (z (v30 (z I))) (B z K) (x (v28 (x x)) (B z K)))) (v5 v3 K (v14 (v27 I) (v8 v0) S) (K (v14 (v27 I) (v8 v0) S)))
S
I (S (I (I (S (K z)))) (S (S (B S v5) K) (S (z (x K v24)) z x K (x (K x) (v13 x) z))) (B (K (x B) (B S K) I) z (z (K (z x)) (I x (z B z)) (z K z S S S (S I) B) (S (x (x v27)))) (z B)))
S (I (I (S (K z)))) (S (S (B S v5) K) (S (z (x K v24)) z x K (x (K x) (v13 x) z))) (B (K (x B) (B S K) I) z (z (K (z x)) (I x (z B z)) (z K z S S S (S I) B) (S (x (x v27)))) (z B))
I (I (S (K z))) (B (K (x B) (B S K) I) z (z (K (z x)) (I x (z B z)) (z K z S S S (S I) B) (S (x (x v27)))) (z B)) (S (S (B S v5) K) (S (z (x K v24)) z x K (x (K x) (v13 x) z)) (B (K (x B) (B S K) I) z (z (K (z x)) (I x (z B z)) (z K z S S S (S I) B) (S (x (x v27)))) (z B)))
I (S (K z)) (B (K (x B) (B S K) I) z (z (K (z x)) (I x (z B z)) (z K z S S S (S I) B) (S (x (x v27)))) (z B)) (S (S (B S v5) K) (S (z (x K v24)) z x K (x (K x) (v13 x) z)) (B (K (x B) (B S K) I) z (z (K (z x)) (I x (z B z)) (z K z S S S (S I) B) (S (x (x v27)))) (z B)))
S (K z) (B (K (x B) (B S K) I) z (z (K (z x)) (I x (z B z)) (z K z S S S (S I) B) (S (x (x v27)))) (z B)) (S (S (B S v5) K) (S (z (x K v24)) z x K (x (K x) (v13 x) z)) (B (K (x B) (B S K) I) z (z (K (z x)) (I x (z B z)) (z K z S S S (S I) B) (S (x (x v27)))) (z B)))
K z (S (S (B S v5) K) (S (z (x K v24)) z x K (x (K x) (v13 x) z)) (B (K (x B) (B S K) I) z (z (K (z x)) (I x (z B z)) (z K z S S S (S I) B) (S (x (x v27)))) (z B))) (B (K (x B) (B S K) I) z (z (K (z x)) (I x (z B z)) (z K z S S S (S I) B) (S (x (x v27)))) (z B) (S (S (B S v5) K) (S (z (x K v24)) z x K (x (K x) (v13 x) z)) (B (K (x B) (B S K) I) z (z (K (z x)) (I x (z B z)) (z K z S S S (S I) B) (S (x (x v27)))) (z B))))
z (B (K (x B) (B S K) I) z (z (K (z x)) (I x (z B z)) (z K z S S S (S I) B) (S (x (x v27)))) (z B) (S (S (B S v5) K) (S (z (x K v24)) z x K (x (K x) (v13 x) z)) (B (K (x B) (B S K) I) z (z (K (z x)) (I x (z B z)) (z K z S S S (S I) B) (S (x (x v27)))) (z B))))
z (K (x B) (B S K) I (z (z (K (z x)) (I x (z B z)) (z K z S S S (S I) B) (S (x (x v27))))) (z B) (S (S (B S v5) K) (S (z (x K v24)) z x K (x (K x) (v13 x) z)) (B (K (x B) (B S K) I) z (z (K (z x)) (I x (z B z)) (z K z S S S (S I) B) (S (x (x v27)))) (z B))))
z (x B I (z (z (K (z x)) (I x (z B z)) (z K z S S S (S I) B) (S (x (x v27))))) (z B) (S (S (B S v5) K) (S (z (x K v24)) z x K (x (K x) (v13 x) z)) (B (K (x B) (B S K) I) z (z (K (z x)) (I x (z B z)) (z K z S S S (S I) B) (S (x (x v27)))) (z B))))
z (x B I (z (z (K (z x)) (x (z B z)) (z K z S S S (S I) B) (S (x (x v27))))) (z B) (S (S (B S v5) K) (S (z (x K v24)) z x K (x (K x) (v13 x) z)) (B (K (x B) (B S K) I) z (z (K (z x)) (I x (z B z)) (z K z S S S (S I) B) (S (x (x v27)))) (z B))))
z (x B I (z (z (K (z x)) (x (z B z)) (z K z S S S (S I) B) (S (x (x v27))))) (z B) (S (B S v5) K (B (K (x B) (B S K) I) z (z (K (z x)) (I x (z B z)) (z K z S S S (S I) B) (S (x (x v27)))) (z B)) (S (z (x K v24)) z x K (x (K x) (v13 x) z) (B (K (x B) (B S K) I) z (z (K (z x)) (I x (z B z)) (z K z S S S (S I) B) (S (x (x v27)))) (z B)))))
z (x B I (z (z (K (z x)) (x (z B z)) (z K z S S S (S I) B) (S (x (x v27))))) (z B) (B S v5 (B (K (x B) (B S K) I) z (z (K (z x)) (I x (z B z)) (z K z S S S (S I) B) (S (x (x v27)))) (z B)) (K (B (K (x B) (B S K) I) z (z (K (z x)) (I x (z B z)) (z K z S S S (S I) B) (S (x (x v27)))) (z B))) (S (z (x K v24)) z x K (x (K x) (v13 x) z) (B (K (x B) (B S K) I) z (z (K (z x)) (I x (z B z)) (z K z S S S (S I) B) (S (x (x v27)))) (z B)))))
z (x B I (z (z (K (z x)) (x (z B z)) (z K z S S S (S I) B) (S (x (x v27))))) (z B) (S (v5 (B (K (x B) (B S K) I) z (z (K (z x)) (I x (z B z)) (z K z S S S (S I) B) (S (x (x v27)))) (z B))) (K (B (K (x B) (B S K) I) z (z (K (z x)) (I x (z B z)) (z K z S S S (S I) B) (S (x (x v27)))) (z B))) (S (z (x K v24)) z x K (x (K x) (v13 x) z) (B (K (x B) (B S K) I) z (z (K (z x)) (I x (z B z)) (z K z S S S (S I) B) (S (x (x v27)))) (z B)))))
z (x B I (z (z (K (z x)) (x (z B z)) (z K z S S S (S I) B) (S (x (x v27))))) (z B) (v5 (B (K (x B) (B S K) I) z (z (K (z x)) (I x (z B z)) (z K z S S S (S I) B) (S (x (x v27)))) (z B)) (S (z (x K v24)) z x K (x (K x) (v13 x) z) (B (K (x B) (B S K) I) z (z (K (z x)) (I x (z B z)) (z K z S S S (S I) B) (S (x (x v27)))) (z B))) (K (B (K (x B) (B S K) I) z (z (K (z x)) (I x (z B z)) (z K z S S S (S I) B) (S (x (x v27)))) (z B)) (S (z (x K v24)) z x K (x (K x) (v13 x) z) (B (K (x B) (B S K) I) z (z (K (z x)) (I x (z B z)) (z K z S S S (S I) B) (S (x (x v27)))) (z B))))))
z (x B I (z (z (K (z x)) (x (z B z)) (z K z S S S (S I) B) (S (x (x v27))))) (z B) (v5 (K (x B) (B S K) I (z (z (K (z x)) (I x (z B z)) (z K z S S S (S I) B) (S (x (x v27))))) (z B)) (S (z (x K v24)) z x K (x (K x) (v13 x) z) (B (K (x B) (B S K) I) z (z (K (z x)) (I x (z B z)) (z K z S S S (S I) B) (S (x (x v27)))) (z B))) (K (B (K (x B) (B S K) I) z (z (K (z x)) (I x (z B z)) (z K z S S S (S I) B) (S (x (x v27)))) (z B)) (S (z (x K v24)) z x K (x (K x) (v13 x) z) (B (K (x B) (B S K) I) z (z (K (z x)) (I x (z B z)) (z K z S S S (S I) B) (S (x (x v27)))) (z B))))))
z (x B I (z (z (K (z x)) (x (z B z)) (z K z S S S (S I) B) (S (x (x v27))))) (z B) (v5 (x B I (z (z (K (z x)) (I x (z B z)) (z K z S S S (S I) B) (S (x (x v27))))) (z B)) (S (z (x K v24)) z x K (x (K x) (v13 x) z) (B (K (x B) (B S K) I) z (z (K (z x)) (I x (z B z)) (z K z S S S (S I) B) (S (x (x v27)))) (z B))) (K (B (K (x B) (B S K) I) z (z (K (z x)) (I x (z B z)) (z K z S S S (S I) B) (S (x (x v27)))) (z B)) (S (z (x K v24)) z x K (x (K x) (v13 x) z) (B (K (x B) (B S K) I) z (z (K (z x)) (I x (z B z)) (z K z S S S (S I) B) (S (x (x v27)))) (z B))))))
z (x B I (z (z (K (z x)) (x (z B z)) (z K z S S S (S I) B) (S (x (x v27))))) (z B) (v5 (x B I (z (z (K (z x)) (x (z B z)) (z K z S S S (S I) B) (S (x (x v27))))) (z B)) (S (z (x K v24)) z x K (x (K x) (v13 x) z) (B (K (x B) (B S K) I) z (z (K (z x)) (I x (z B z)) (z K z S S S (S I) B) (S (x (x v27)))) (z B))) (K (B (K (x B) (B S K) I) z (z (K (z x)) (I x (z B z)) (z K z S S S (S I) B) (S (x (x v27)))) (z B)) (S (z (x K v24)) z x K (x (K x) (v13 x) z) (B (K (x B) (B S K) I) z (z (K (z x)) (I x (z B z)) (z K z S S S (S I) B) (S (x (x v27)))) (z B))))))
z (x B I (z (z (K (z x)) (x (z B z)) (z K z S S S (S I) B) (S (x (x v27))))) (z B) (v5 (x B I (z (z (K (z x)) (x (z B z)) (z K z S S S (S I) B) (S (x (x v27))))) (z B)) (z (x K v24) x (z x) K (x (K x) (v13 x) z) (B (K (x B) (B S K) I) z (z (K (z x)) (I x (z B z)) (z K z S S S (S I) B) (S (x (x v27)))) (z B))) (K (B (K (x B) (B S K) I) z (z (K (z x)) (I x (z B z)) (z K z S S S (S I) B) (S (x (x v27)))) (z B)) (S (z (x K v24)) z x K (x (K x) (v13 x) z) (B (K (x B) (B S K) I) z (z (K (z x)) (I x (z B z)) (z K z S S S (S I) B) (S (x (x v27)))) (z B))))))
z (x B I (z (z (K (z x)) (x (z B z)) (z K z S S S (S I) B) (S (x (x v27))))) (z B) (v5 (x B I (z (z (K (z x)) (x (z B z)) (z K z S S S (S I) B) (S (x (x v27))))) (z B)) (z (x K v24) x (z x) K (x (K x) (v13 x) z) (K (x B) (B S K) I (z (z (K (z x)) (I x (z B z)) (z K z S S S (S I) B) (S (x (x v27))))) (z B))) (K (B (K (x B) (B S K) I) z (z (K (z x)) (I x (z B z)) (z K z S S S (S I) B) (S (x (x v27)))) (z B)) (S (z (x K v24)) z x K (x (K x) (v13 x) z) (B (K (x B) (B S K) I) z (z (K (z x)) (I x (z B z)) (z K z S S S (S I) B) (S (x (x v27)))) (z B))))))
z (x B I (z (z (K (z x)) (x (z B z)) (z K z S S S (S I) B) (S (x (x v27))))) (z B) (v5 (x B I (z (z (K (z x)) (x (z B z)) (z K z S S S (S I) B) (S (x (x v27))))) (z B)) (z (x K v24) x (z x) K (x (K x) (v13 x) z) (x B I (z (z (K (z x)) (I x (z B z)) (z K z S S S (S I) B) (S (x (x v27))))) (z B))) (K (B (K (x B) (B S K) I) z (z (K (z x)) (I x (z B z)) (z K z S S S (S I) B) (S (x (x v27)))) (z B)) (S (z (x K v24)) z x K (x (K x) (v13 x) z) (B (K (x B) (B S K) I) z (z (K (z x)) (I x (z B z)) (z K z S S S (S I) B) (S (x (x v27)))) (z B))))))
z (x B I (z (z (K (z x)) (x (z B z)) (z K z S S S (S I) B) (S (x (x v27))))) (z B) (v5 (x B I (z (z (K (z x)) (x (z B z)) (z K z S S S (S I) B) (S (x (x v27))))) (z B)) (z (x K v24) x (z x) K (x (K x) (v13 x) z) (x B I (z (z (K (z x)) (x (z B z)) (z K z S S S (S I) B) (S (x (x v27))))) (z B))) (K (B (K (x B) (B S K) I) z (z (K (z x)) (I x (z B z)) (z K z S S S (S I) B) (S (x (x v27)))) (z B)) (S (z (x K v24)) z x K (x (K x) (v13 x) z) (B (K (x B) (B S K) I) z (z (K (z x)) (I x (z B z)) (z K z S S S (S I) B) (S (x (x v27)))) (z B))))))
z (x B I (z (z (K (z x)) (x (z B z)) (z K z S S S (S I) B) (S (x (x v27))))) (z B) (v5 (x B I (z (z (K (z x)) (x (z B z)) (z K z S S S (S I) B) (S (x (x v27))))) (z B)) (z (x K v24) x (z x) K (x (K x) (v13 x) z) (x B I (z (z (K (z x)) (x (z B z)) (z K z S S S (S I) B) (S (x (x v27))))) (z B))) (B (K (x B) (B S K) I) z (z (K (z x)) (I x (z B z)) (z K z S S S (S I) B) (S (x (x v27)))) (z B))))
z (x B I (z (z (K (z x)) (x (z B z)) (z K z S S S (S I) B) (S (x (x v27))))) (z B) (v5 (x B I (z (z (K (z x)) (x (z B z)) (z K z S S S (S I) B) (S (x (x v27))))) (z B)) (z (x K v24) x (z x) K (x (K x) (v13 x) z) (x B I (z (z (K (z x)) (x (z B z)) (z K z S S S (S I) B) (S (x (x v27))))) (z B))) (K (x B) (B S K) I (z (z (K (z x)) (I x (z B z)) (z K z S S S (S I) B) (S (x (x v27))))) (z B))))
z (x B I (z (z (K (z x)) (x (z B z)) (z K z S S S (S I) B) (S (x (x v27))))) (z B) (v5 (x B I (z (z (K (z x)) (x (z B z)) (z K z S S S (S I) B) (S (x (x v27))))) (z B)) (z (x K v24) x (z x) K (x (K x) (v13 x) z) (x B I (z (z (K (z x)) (x (z B z)) (z K z S S S (S I) B) (S (x (x v27))))) (z B))) (x B I (z (z (K (z x)) (I x (z B z)) (z K z S S S (S I) B) (S (x (x v27))))) (z B))))
z (x B I (z (z (K (z x)) (x (z B z)) (z K z S S S (S I) B) (S (x (x v27))))) (z B) (v5 (x B I (z (z (K (z x)) (x (z B z)) (z K z S S S (S I) B) (S (x (x v27))))) (z B)) (z (x K v24) x (z x) K (x (K x) (v13 x) z) (x B I (z (z (K (z x)) (x (z B z)) (z K z S S S (S I) B) (S (x (x v27))))) (z B))) (x B I (z (z (K (z x)) (x (z B z)) (z K z S S S (S I) B) (S (x (x v27))))) (z B))))
B
B (B (B (S v2 v22) z B B) (S (S x)) B (v7 z (z z) v3 B B (S z x) (v8 z (B (S B K I))) (z S) (S (S S (I (S v11))) (v3 z (K S (I (x I) v15 K)))) (I (z S z x (I v26)) B B z B)))
B (B (S v2 v22) z B B (S (S x) B) (v7 z (z z) v3 B B (S z x) (v8 z (B (S B K I))) (z S) (S (S S (I (S v11))) (v3 z (K S (I (x I) v15 K)))) (I (z S z x (I v26)) B B z B)))
B (S v2 v22 (z B) B (S (S x) B) (v7 z (z z) v3 B B (S z x) (v8 z (B (S B K I))) (z S) (S (S S (I (S v11))) (v3 z (K S (I (x I) v15 K)))) (I (z S z x (I v26)) B B z B)))
B (v2 (z B) (v22 (z B)) B (S (S x) B) (v7 z (z z) v3 B B (S z x) (v8 z (B (S B K I))) (z S) (S (S S (I (S v11))) (v3 z (K S (I (x I) v15 K)))) (I (z S z x (I v26)) B B z B)))
B (v2 (z B) (v22 (z B)) B (S (S x) B) (v7 z (z z) v3 B B (S z x) (v8 z (B (B I (K I)))) (z S) (S (S S (I (S v11))) (v3 z (K S (I (x I) v15 K)))) (I (z S z x (I v26)) B B z B)))
B (v2 (z B) (v22 (z B)) B (S (S x) B) (v7 z (z z) v3 B B (S z x) (v8 z (B (B I (K I)))) (z S) (S (S S (S v11)) (v3 z (K S (I (x I) v15 K)))) (I (z S z x (I v26)) B B z B)))
B (v2 (z B) (v22 (z B)) B (S (S x) B) (v7 z (z z) v3 B B (S z x) (v8 z (B (B I (K I)))) (z S) (S (S S (S v11)) (v3 z S)) (I (z S z x (I v26)) B B z B)))
B (v2 (z B) (v22 (z B)) B (S (S x) B) (v7 z (z z) v3 B B (S z x) (v8 z (B (B I (K I)))) (z S) (S (S S (S v11)) (v3 z S)) (z S z x (I v26) B B z B)))
B (v2 (z B) (v22 (z B)) B (S (S x) B) (v7 z (z z) v3 B B (S z x) (v8 z (B (B I (K I)))) (z S) (S (S S (S v11)) (v3 z S)) (z S z x v26 B B z B)))
K
K
z (B x) (S (z (v10 S x) B)) (v1 v5)
K (I (K I) (K K S (S I) (I K)) z (K (S (S I)) K) x) (v14 (B (v26 z) x) (S (z (S S) I) (x z) (I K S (K B) x I) (S S)))
I (K I) (K K S (S I) (I K)) z (K (S (S I)) K) x
K I (K K S (S I) (I K)) z (K (S (S I)) K) x
I z (K (S (S I)) K) x
z (K (S (S I)) K) x
z (S (S I)) x
