B I (z (z (K (z B)) (K (K v9) (K B S) S)))
B I (z (z (K (z B)) (K v9 S)))
B I (z (z (K (z B)) v9))
K (x (v6 v24) (S B) (K K)) (B v6 z) (K v0 K (B v1 B (I I)) (K (I (x x (K v0 v29)) (z B)) v13 (B (v30 z x (z B))))) (I z S (x (S K z z) I) K (z (K v2 (z (B z (z (v7 K))) (K (I x)))) (I (z (I B) (z (I I z v3 x))))))
x (v6 v24) (S B) (K K) (K v0 K (B v1 B (I I)) (K (I (x x (K v0 v29)) (z B)) v13 (B (v30 z x (z B))))) (I z S (x (S K z z) I) K (z (K v2 (z (B z (z (v7 K))) (K (I x)))) (I (z (I B) (z (I I z v3 x))))))
x (v6 v24) (S B) (K K) (v0 (B v1 B (I I)) (K (I (x x (K v0 v29)) (z B)) v13 (B (v30 z x (z B))))) (I z S (x (S K z z) I) K (z (K v2 (z (B z (z (v7 K))) (K (I x)))) (I (z (I B) (z (I I z v3 x))))))
x (v6 v24) (S B) (K K) (v0 (v1 (B (I I))) (K (I (x x (K v0 v29)) (z B)) v13 (B (v30 z x (z B))))) (I z S (x (S K z z) I) K (z (K v2 (z (B z (z (v7 K))) (K (I x)))) (I (z (I B) (z (I I z v3 x))))))
x (v6 v24) (S B) (K K) (v0 (v1 (B I)) (K (I (x x (K v0 v29)) (z B)) v13 (B (v30 z x (z B))))) (I z S (x (S K z z) I) K (z (K v2 (z (B z (z (v7 K))) (K (I x)))) (I (z (I B) (z (I I z v3 x))))))
x (v6 v24) (S B) (K K) (v0 (v1 (B I)) (I (x x (K v0 v29)) (z B) (B (v30 z x (z B))))) (I z S (x (S K z z) I) K (z (K v2 (z (B z (z (v7 K))) (K (I x)))) (I (z (I B) (z (I I z v3 x))))))
x (v6 v24) (S B) (K K) (v0 (v1 (B I)) (x x (K v0 v29) (z B) (B (v30 z x (z B))))) (I z S (x (S K z z) I) K (z (K v2 (z (B z (z (v7 K))) (K (I x)))) (I (z (I B) (z (I I z v3 x))))))
x (v6 v24) (S B) (K K) (v0 (v1 (B I)) (x x v0 (z B) (B (v30 z x (z B))))) (I z S (x (S K z z) I) K (z (K v2 (z (B z (z (v7 K))) (K (I x)))) (I (z (I B) (z (I I z v3 x))))))
x (v6 v24) (S B) (K K) (v0 (v1 (B I)) (x x v0 (z B) (B (v30 z x (z B))))) (z S (x (S K z z) I) K (z (K v2 (z (B z (z (v7 K))) (K (I x)))) (I (z (I B) (z (I I z v3 x))))))
x (v6 v24) (S B) (K K) (v0 (v1 (B I)) (x x v0 (z B) (B (v30 z x (z B))))) (z S (x (K z (z z)) I) K (z (K v2 (z (B z (z (v7 K))) (K (I x)))) (I (z (I B) (z (I I z v3 x))))))
x (v6 v24) (S B) (K K) (v0 (v1 (B I)) (x x v0 (z B) (B (v30 z x (z B))))) (z S (x z I) K (z (K v2 (z (B z (z (v7 K))) (K (I x)))) (I (z (I B) (z (I I z v3 x))))))
x (v6 v24) (S B) (K K) (v0 (v1 (B I)) (x x v0 (z B) (B (v30 z x (z B))))) (z S (x z I) K (z v2 (I (z (I B) (z (I I z v3 x))))))
x (v6 v24) (S B) (K K) (v0 (v1 (B I)) (x x v0 (z B) (B (v30 z x (z B))))) (z S (x z I) K (z v2 (z (I B) (z (I I z v3 x)))))
x (v6 v24) (S B) (K K) (v0 (v1 (B I)) (x x v0 (z B) (B (v30 z x (z B))))) (z S (x z I) K (z v2 (z B (z (I I z v3 x)))))
x (v6 v24) (S B) (K K) (v0 (v1 (B I)) (x x v0 (z B) (B (v30 z x (z B))))) (z S (x z I) K (z v2 (z B (z (I z v3 x)))))
x (v6 v24) (S B) (K K) (v0 (v1 (B I)) (x x v0 (z B) (B (v30 z x (z B))))) (z S (x z I) K (z v2 (z B (z (z v3 x)))))
S (v20 (x v0))
z
B
v5 z B (I x x v6 (z S)) (K (I (K v13)) (B (z B) (B K)) (v24 (B I)) B) v23 (I (B I) (I (S v26 v0 (x (I I (I S x (S S)) S)) (I S (v8 (S (x (B I))) S (v23 (K x)))))))
v5 z B (x x v6 (z S)) (K (I (K v13)) (B (z B) (B K)) (v24 (B I)) B) v23 (I (B I) (I (S v26 v0 (x (I I (I S x (S S)) S)) (I S (v8 (S (x (B I))) S (v23 (K x)))))))
v5 z B (x x v6 (z S)) (I (K v13) (v24 (B I)) B) v23 (I (B I) (I (S v26 v0 (x (I I (I S x (S S)) S)) (I S (v8 (S (x (B I))) S (v23 (K x)))))))
v5 z B (x x v6 (z S)) (K v13 (v24 (B I)) B) v23 (I (B I) (I (S v26 v0 (x (I I (I S x (S S)) S)) (I S (v8 (S (x (B I))) S (v23 (K x)))))))
v5 z B (x x v6 (z S)) (v13 B) v23 (I (B I) (I (S v26 v0 (x (I I (I S x (S S)) S)) (I S (v8 (S (x (B I))) S (v23 (K x)))))))
v5 z B (x x v6 (z S)) (v13 B) v23 (B I (I (S v26 v0 (x (I I (I S x (S S)) S)) (I S (v8 (S (x (B I))) S (v23 (K x)))))))
v5 z B (x x v6 (z S)) (v13 B) v23 (B I (S v26 v0 (x (I I (I S x (S S)) S)) (I S (v8 (S (x (B I))) S (v23 (K x))))))
v5 z B (x x v6 (z S)) (v13 B) v23 (B I (v26 (x (I I (I S x (S S)) S)) (v0 (x (I I (I S x (S S)) S))) (I S (v8 (S (x (B I))) S (v23 (K x))))))
v5 z B (x x v6 (z S)) (v13 B) v23 (B I (v26 (x (I (I S x (S S)) S)) (v0 (x (I I (I S x (S S)) S))) (I S (v8 (S (x (B I))) S (v23 (K x))))))
v5 z B (x x v6 (z S)) (v13 B) v23 (B I (v26 (x (I S x (S S) S)) (v0 (x (I I (I S x (S S)) S))) (I S (v8 (S (x (B I))) S (v23 (K x))))))
v5 z B (x x v6 (z S)) (v13 B) v23 (B I (v26 (x (S x (S S) S)) (v0 (x (I I (I S x (S S)) S))) (I S (v8 (S (x (B I))) S (v23 (K x))))))
v5 z B (x x v6 (z S)) (v13 B) v23 (B I (v26 (x (x S (S S S))) (v0 (x (I I (I S x (S S)) S))) (I S (v8 (S (x (B I))) S (v23 (K x))))))
v5 z B (x x v6 (z S)) (v13 B) v23 (B I (v26 (x (x S (S S S))) (v0 (x (I (I S x (S S)) S))) (I S (v8 (S (x (B I))) S (v23 (K x))))))
v5 z B (x x v6 (z S)) (v13 B) v23 (B I (v26 (x (x S (S S S))) (v0 (x (I S x (S S) S))) (I S (v8 (S (x (B I))) S (v23 (K x))))))
v5 z B (x x v6 (z S)) (v13 B) v23 (B I (v26 (x (x S (S S S))) (v0 (x (S x (S S) S))) (I S (v8 (S (x (B I))) S (v23 (K x))))))
v5 z B (x x v6 (z S)) (v13 B) v23 (B I (v26 (x (x S (S S S))) (v0 (x (x S (S S S)))) (I S (v8 (S (x (B I))) S (v23 (K x))))))
v5 z B (x x v6 (z S)) (v13 B) v23 (B I (v26 (x (x S (S S S))) (v0 (x (x S (S S S)))) (S (v8 (S (x (B I))) S (v23 (K x))))))
z
x
S (v3 x (K B K (B v7 x (K (z x z))) (x K (S S) I)) (K (B (I I)) (K v20 (S z I z B) (v0 (B (I (B S))) K x) v4)))
S (v3 x (B (B v7 x (K (z x z))) (x K (S S) I)) (K (B (I I)) (K v20 (S z I z B) (v0 (B (I (B S))) K x) v4)))
S (v3 x (B (v7 (x (K (z x z)))) (x K (S S) I)) (K (B (I I)) (K v20 (S z I z B) (v0 (B (I (B S))) K x) v4)))
S (v3 x (B (v7 (x (K (z x z)))) (x K (S S) I)) (B (I I)))
S (v3 x (B (v7 (x (K (z x z)))) (x K (S S) I)) (B I))
z
