I
S (I K)
S K
S (B z (S z (K B v29 (v1 x))) (v25 K z)) (I (x K (K (S (S v10 (z z)))) (I (I I z)) (v4 z K) (z (x z v19 v9 x (K (z S v25 (z v6 S))))) v26))
S (z (S z (K B v29 (v1 x)) (v25 K z))) (I (x K (K (S (S v10 (z z)))) (I (I I z)) (v4 z K) (z (x z v19 v9 x (K (z S v25 (z v6 S))))) v26))
S (z (z (v25 K z) (K B v29 (v1 x) (v25 K z)))) (I (x K (K (S (S v10 (z z)))) (I (I I z)) (v4 z K) (z (x z v19 v9 x (K (z S v25 (z v6 S))))) v26))
S (z (z (v25 K z) (B (v1 x) (v25 K z)))) (I (x K (K (S (S v10 (z z)))) (I (I I z)) (v4 z K) (z (x z v19 v9 x (K (z S v25 (z v6 S))))) v26))
S (z (z (v25 K z) (B (v1 x) (v25 K z)))) (x K (K (S (S v10 (z z)))) (I (I I z)) (v4 z K) (z (x z v19 v9 x (K (z S v25 (z v6 S))))) v26)
S (z (z (v25 K z) (B (v1 x) (v25 K z)))) (x K (K (S (S v10 (z z)))) (I I z) (v4 z K) (z (x z v19 v9 x (K (z S v25 (z v6 S))))) v26)
S (z (z (v25 K z) (B (v1 x) (v25 K z)))) (x K (K (S (S v10 (z z)))) (I z) (v4 z K) (z (x z v19 v9 x (K (z S v25 (z v6 S))))) v26)
S (z (z (v25 K z) (B (v1 x) (v25 K z)))) (x K (K (S (S v10 (z z)))) z (v4 z K) (z (x z v19 v9 x (K (z S v25 (z v6 S))))) v26)
S S (K S) (z (K (z x) z (x (B (B I)) S z (z I (K (x B v15)) v2)))) (B (I (x I) (v8 B)) x (x z (S (I x v0 (v17 v3 (v13 x)))) S) (z (B K z) (K (K v26 v27 K S)) (v9 S (z (I x) (x B K K) K)) (I (K x))))
S (z (K (z x) z (x (B (B I)) S z (z I (K (x B v15)) v2)))) (K S (z (K (z x) z (x (B (B I)) S z (z I (K (x B v15)) v2))))) (B (I (x I) (v8 B)) x (x z (S (I x v0 (v17 v3 (v13 x)))) S) (z (B K z) (K (K v26 v27 K S)) (v9 S (z (I x) (x B K K) K)) (I (K x))))
z (K (z x) z (x (B (B I)) S z (z I (K (x B v15)) v2))) (B (I (x I) (v8 B)) x (x z (S (I x v0 (v17 v3 (v13 x)))) S) (z (B K z) (K (K v26 v27 K S)) (v9 S (z (I x) (x B K K) K)) (I (K x)))) (K S (z (K (z x) z (x (B (B I)) S z (z I (K (x B v15)) v2)))) (B (I (x I) (v8 B)) x (x z (S (I x v0 (v17 v3 (v13 x)))) S) (z (B K z) (K (K v26 v27 K S)) (v9 S (z (I x) (x B K K) K)) (I (K x)))))
z (z x (x (B (B I)) S z (z I (K (x B v15)) v2))) (B (I (x I) (v8 B)) x (x z (S (I x v0 (v17 v3 (v13 x)))) S) (z (B K z) (K (K v26 v27 K S)) (v9 S (z (I x) (x B K K) K)) (I (K x)))) (K S (z (K (z x) z (x (B (B I)) S z (z I (K (x B v15)) v2)))) (B (I (x I) (v8 B)) x (x z (S (I x v0 (v17 v3 (v13 x)))) S) (z (B K z) (K (K v26 v27 K S)) (v9 S (z (I x) (x B K K) K)) (I (K x)))))
z (z x (x (B (B I)) S z (z I (K (x B v15)) v2))) (I (x I) (v8 B) (x (x z (S (I x v0 (v17 v3 (v13 x)))) S)) (z (B K z) (K (K v26 v27 K S)) (v9 S (z (I x) (x B K K) K)) (I (K x)))) (K S (z (K (z x) z (x (B (B I)) S z (z I (K (x B v15)) v2)))) (B (I (x I) (v8 B)) x (x z (S (I x v0 (v17 v3 (v13 x)))) S) (z (B K z) (K (K v26 v27 K S)) (v9 S (z (I x) (x B K K) K)) (I (K x)))))
z (z x (x (B (B I)) S z (z I (K (x B v15)) v2))) (x I (v8 B) (x (x z (S (I x v0 (v17 v3 (v13 x)))) S)) (z (B K z) (K (K v26 v27 K S)) (v9 S (z (I x) (x B K K) K)) (I (K x)))) (K S (z (K (z x) z (x (B (B I)) S z (z I (K (x B v15)) v2)))) (B (I (x I) (v8 B)) x (x z (S (I x v0 (v17 v3 (v13 x)))) S) (z (B K z) (K (K v26 v27 K S)) (v9 S (z (I x) (x B K K) K)) (I (K x)))))
z (z x (x (B (B I)) S z (z I (K (x B v15)) v2))) (x I (v8 B) (x (x z (S (x v0 (v17 v3 (v13 x)))) S)) (z (B K z) (K (K v26 v27 K S)) (v9 S (z (I x) (x B K K) K)) (I (K x)))) (K S (z (K (z x) z (x (B (B I)) S z (z I (K (x B v15)) v2)))) (B (I (x I) (v8 B)) x (x z (S (I x v0 (v17 v3 (v13 x)))) S) (z (B K z) (K (K v26 v27 K S)) (v9 S (z (I x) (x B K K) K)) (I (K x)))))
z (z x (x (B (B I)) S z (z I (K (x B v15)) v2))) (x I (v8 B) (x (x z (S (x v0 (v17 v3 (v13 x)))) S)) (z (B K z) (K (v26 K S)) (v9 S (z (I x) (x B K K) K)) (I (K x)))) (K S (z (K (z x) z (x (B (B I)) S z (z I (K (x B v15)) v2)))) (B (I (x I) (v8 B)) x (x z (S (I x v0 (v17 v3 (v13 x)))) S) (z (B K z) (K (K v26 v27 K S)) (v9 S (z (I x) (x B K K) K)) (I (K x)))))
z (z x (x (B (B I)) S z (z I (K (x B v15)) v2))) (x I (v8 B) (x (x z (S (x v0 (v17 v3 (v13 x)))) S)) (z (B K z) (K (v26 K S)) (v9 S (z x (x B K K) K)) (I (K x)))) (K S (z (K (z x) z (x (B (B I)) S z (z I (K (x B v15)) v2)))) (B (I (x I) (v8 B)) x (x z (S (I x v0 (v17 v3 (v13 x)))) S) (z (B K z) (K (K v26 v27 K S)) (v9 S (z (I x) (x B K K) K)) (I (K x)))))
z (z x (x (B (B I)) S z (z I (K (x B v15)) v2))) (x I (v8 B) (x (x z (S (x v0 (v17 v3 (v13 x)))) S)) (z (B K z) (K (v26 K S)) (v9 S (z x (x B K K) K)) (K x))) (K S (z (K (z x) z (x (B (B I)) S z (z I (K (x B v15)) v2)))) (B (I (x I) (v8 B)) x (x z (S (I x v0 (v17 v3 (v13 x)))) S) (z (B K z) (K (K v26 v27 K S)) (v9 S (z (I x) (x B K K) K)) (I (K x)))))
z (z x (x (B (B I)) S z (z I (K (x B v15)) v2))) (x I (v8 B) (x (x z (S (x v0 (v17 v3 (v13 x)))) S)) (z (B K z) (K (v26 K S)) (v9 S (z x (x B K K) K)) (K x))) (S (B (I (x I) (v8 B)) x (x z (S (I x v0 (v17 v3 (v13 x)))) S) (z (B K z) (K (K v26 v27 K S)) (v9 S (z (I x) (x B K K) K)) (I (K x)))))
z (z x (x (B (B I)) S z (z I (K (x B v15)) v2))) (x I (v8 B) (x (x z (S (x v0 (v17 v3 (v13 x)))) S)) (z (B K z) (K (v26 K S)) (v9 S (z x (x B K K) K)) (K x))) (S (I (x I) (v8 B) (x (x z (S (I x v0 (v17 v3 (v13 x)))) S)) (z (B K z) (K (K v26 v27 K S)) (v9 S (z (I x) (x B K K) K)) (I (K x)))))
z (z x (x (B (B I)) S z (z I (K (x B v15)) v2))) (x I (v8 B) (x (x z (S (x v0 (v17 v3 (v13 x)))) S)) (z (B K z) (K (v26 K S)) (v9 S (z x (x B K K) K)) (K x))) (S (x I (v8 B) (x (x z (S (I x v0 (v17 v3 (v13 x)))) S)) (z (B K z) (K (K v26 v27 K S)) (v9 S (z (I x) (x B K K) K)) (I (K x)))))
z (z x (x (B (B I)) S z (z I (K (x B v15)) v2))) (x I (v8 B) (x (x z (S (x v0 (v17 v3 (v13 x)))) S)) (z (B K z) (K (v26 K S)) (v9 S (z x (x B K K) K)) (K x))) (S (x I (v8 B) (x (x z (S (x v0 (v17 v3 (v13 x)))) S)) (z (B K z) (K (K v26 v27 K S)) (v9 S (z (I x) (x B K K) K)) (I (K x)))))
z (z x (x (B (B I)) S z (z I (K (x B v15)) v2))) (x I (v8 B) (x (x z (S (x v0 (v17 v3 (v13 x)))) S)) (z (B K z) (K (v26 K S)) (v9 S (z x (x B K K) K)) (K x))) (S (x I (v8 B) (x (x z (S (x v0 (v17 v3 (v13 x)))) S)) (z (B K z) (K (v26 K S)) (v9 S (z (I x) (x B K K) K)) (I (K x)))))
z (z x (x (B (B I)) S z (z I (K (x B v15)) v2))) (x I (v8 B) (x (x z (S (x v0 (v17 v3 (v13 x)))) S)) (z (B K z) (K (v26 K S)) (v9 S (z x (x B K K) K)) (K x))) (S (x I (v8 B) (x (x z (S (x v0 (v17 v3 (v13 x)))) S)) (z (B K z) (K (v26 K S)) (v9 S (z x (x B K K) K)) (I (K x)))))
z (z x (x (B (B I)) S z (z I (K (x B v15)) v2))) (x I (v8 B) (x (x z (S (x v0 (v17 v3 (v13 x)))) S)) (z (B K z) (K (v26 K S)) (v9 S (z x (x B K K) K)) (K x))) (S (x I (v8 B) (x (x z (S (x v0 (v17 v3 (v13 x)))) S)) (z (B K z) (K (v26 K S)) (v9 S (z x (x B K K) K)) (K x))))
x
B z
B
K v30 (B z (K B z)) (K v14 (v8 (I (z I (v29 S) S x (z (S (z S)) (B B)))) K) (z x (z (z K) (I (z K) (S v30 (I (B v11) (v6 I)) (B I))))) (z S B z (K (z K))) I)
v30 (K v14 (v8 (I (z I (v29 S) S x (z (S (z S)) (B B)))) K) (z x (z (z K) (I (z K) (S v30 (I (B v11) (v6 I)) (B I))))) (z S B z (K (z K))) I)
v30 (v14 (z x (z (z K) (I (z K) (S v30 (I (B v11) (v6 I)) (B I))))) (z S B z (K (z K))) I)
v30 (v14 (z x (z (z K) (z K (S v30 (I (B v11) (v6 I)) (B I))))) (z S B z (K (z K))) I)
v30 (v14 (z x (z (z K) (z K (v30 (B I) (I (B v11) (v6 I) (B I)))))) (z S B z (K (z K))) I)
v30 (v14 (z x (z (z K) (z K (v30 (B I) (B v11 (v6 I) (B I)))))) (z S B z (K (z K))) I)
v30 (v14 (z x (z (z K) (z K (v30 (B I) (v11 (v6 I (B I))))))) (z S B z (K (z K))) I)
K (S (v13 (S v10)) B (S S)) (z (I x (x (K (z (K K)) x (z B (B B))) x)) (x (K S (v24 z)))) (I K z (K v9 z B v15) (I B) (K (x I)) v25)
S (v13 (S v10)) B (S S) (I K z (K v9 z B v15) (I B) (K (x I)) v25)
v13 (S v10) (S S) (B (S S)) (I K z (K v9 z B v15) (I B) (K (x I)) v25)
v13 (S v10) (S S) (B (S S)) (K z (K v9 z B v15) (I B) (K (x I)) v25)
v13 (S v10) (S S) (B (S S)) (z (I B) (K (x I)) v25)
v13 (S v10) (S S) (B (S S)) (z B (K (x I)) v25)
I S (x (B (S K z)) K) K (x B B (x (K B) z (S I)) B (B (S (z S x)))) (z (B K (x (x K) I K (z (x B))) (K B) (B (K v24))) I) (K S (K v27 (B x (x S K B) I I) (I B)) (K I (v18 (z z x (K (K v10 (S B) K) K))) I) (S z))
S (x (B (S K z)) K) K (x B B (x (K B) z (S I)) B (B (S (z S x)))) (z (B K (x (x K) I K (z (x B))) (K B) (B (K v24))) I) (K S (K v27 (B x (x S K B) I I) (I B)) (K I (v18 (z z x (K (K v10 (S B) K) K))) I) (S z))
x (B (S K z)) K (x B B (x (K B) z (S I)) B (B (S (z S x)))) (K (x B B (x (K B) z (S I)) B (B (S (z S x))))) (z (B K (x (x K) I K (z (x B))) (K B) (B (K v24))) I) (K S (K v27 (B x (x S K B) I I) (I B)) (K I (v18 (z z x (K (K v10 (S B) K) K))) I) (S z))
x (B (S K z)) K (x B B (x (K B) z (S I)) B (B (S (z S x)))) (K (x B B (x (K B) z (S I)) B (B (S (z S x))))) (z (K (x (x K) I K (z (x B)) (K B)) (B (K v24))) I) (K S (K v27 (B x (x S K B) I I) (I B)) (K I (v18 (z z x (K (K v10 (S B) K) K))) I) (S z))
x (B (S K z)) K (x B B (x (K B) z (S I)) B (B (S (z S x)))) (K (x B B (x (K B) z (S I)) B (B (S (z S x))))) (z (x (x K) I K (z (x B)) (K B)) I) (K S (K v27 (B x (x S K B) I I) (I B)) (K I (v18 (z z x (K (K v10 (S B) K) K))) I) (S z))
x (B (S K z)) K (x B B (x (K B) z (S I)) B (B (S (z S x)))) (K (x B B (x (K B) z (S I)) B (B (S (z S x))))) (z (x (x K) I K (z (x B)) (K B)) I) (S (K I (v18 (z z x (K (K v10 (S B) K) K))) I) (S z))
x (B (S K z)) K (x B B (x (K B) z (S I)) B (B (S (z S x)))) (K (x B B (x (K B) z (S I)) B (B (S (z S x))))) (z (x (x K) I K (z (x B)) (K B)) I) (S (I I) (S z))
x (B (S K z)) K (x B B (x (K B) z (S I)) B (B (S (z S x)))) (K (x B B (x (K B) z (S I)) B (B (S (z S x))))) (z (x (x K) I K (z (x B)) (K B)) I) (S I (S z))
