z (K (B (B S z (v2 K)))) (v0 I (I z (K v24) (I (K (S (v29 (I z)))) (B S (K K)))) B) (B x (v14 x) z (z K (S x K I (v24 (z K)) K)))
z (K (B (S (z (v2 K))))) (v0 I (I z (K v24) (I (K (S (v29 (I z)))) (B S (K K)))) B) (B x (v14 x) z (z K (S x K I (v24 (z K)) K)))
z (K (B (S (z (v2 K))))) (v0 I (z (K v24) (I (K (S (v29 (I z)))) (B S (K K)))) B) (B x (v14 x) z (z K (S x K I (v24 (z K)) K)))
z (K (B (S (z (v2 K))))) (v0 I (z (K v24) (K (S (v29 (I z))) (B S (K K)))) B) (B x (v14 x) z (z K (S x K I (v24 (z K)) K)))
z (K (B (S (z (v2 K))))) (v0 I (z (K v24) (S (v29 (I z)))) B) (B x (v14 x) z (z K (S x K I (v24 (z K)) K)))
z (K (B (S (z (v2 K))))) (v0 I (z (K v24) (S (v29 z))) B) (B x (v14 x) z (z K (S x K I (v24 (z K)) K)))
z (K (B (S (z (v2 K))))) (v0 I (z (K v24) (S (v29 z))) B) (x (v14 x z) (z K (S x K I (v24 (z K)) K)))
z (K (B (S (z (v2 K))))) (v0 I (z (K v24) (S (v29 z))) B) (x (v14 x z) (z K (x I (K I) (v24 (z K)) K)))
B (v20 z (z (B (K S) (z S) v6)))
B (v20 z (z (K S (z S v6))))
B (v20 z (z S))
B (B S (I S (z z z (v10 K)))) (z (x (v20 z) S S (z v18 K)) (x (z z S K) (S v19 S) (x I) x) (z K (z (K z (K (z K) B) (I K (I z) (x (B B) z)))) (x I)) I) (x (v16 x (v16 B K z) S (K x B (I I S (z I (x (x I))) x)) S v24))
B S (I S (z z z (v10 K))) (z (x (v20 z) S S (z v18 K)) (x (z z S K) (S v19 S) (x I) x) (z K (z (K z (K (z K) B) (I K (I z) (x (B B) z)))) (x I)) I (x (v16 x (v16 B K z) S (K x B (I I S (z I (x (x I))) x)) S v24)))
S (I S (z z z (v10 K)) (z (x (v20 z) S S (z v18 K)) (x (z z S K) (S v19 S) (x I) x) (z K (z (K z (K (z K) B) (I K (I z) (x (B B) z)))) (x I)) I (x (v16 x (v16 B K z) S (K x B (I I S (z I (x (x I))) x)) S v24))))
S (S (z z z (v10 K)) (z (x (v20 z) S S (z v18 K)) (x (z z S K) (S v19 S) (x I) x) (z K (z (K z (K (z K) B) (I K (I z) (x (B B) z)))) (x I)) I (x (v16 x (v16 B K z) S (K x B (I I S (z I (x (x I))) x)) S v24))))
S (S (z z z (v10 K)) (z (x (v20 z) S S (z v18 K)) (x (z z S K) (S v19 S) (x I) x) (z K (z (z (I K (I z) (x (B B) z)))) (x I)) I (x (v16 x (v16 B K z) S (K x B (I I S (z I (x (x I))) x)) S v24))))
S (S (z z z (v10 K)) (z (x (v20 z) S S (z v18 K)) (x (z z S K) (S v19 S) (x I) x) (z K (z (z (K (I z) (x (B B) z)))) (x I)) I (x (v16 x (v16 B K z) S (K x B (I I S (z I (x (x I))) x)) S v24))))
S (S (z z z (v10 K)) (z (x (v20 z) S S (z v18 K)) (x (z z S K) (S v19 S) (x I) x) (z K (z (z (I z))) (x I)) I (x (v16 x (v16 B K z) S (K x B (I I S (z I (x (x I))) x)) S v24))))
S (S (z z z (v10 K)) (z (x (v20 z) S S (z v18 K)) (x (z z S K) (S v19 S) (x I) x) (z K (z (z z)) (x I)) I (x (v16 x (v16 B K z) S (K x B (I I S (z I (x (x I))) x)) S v24))))
S (S (z z z (v10 K)) (z (x (v20 z) S S (z v18 K)) (x (z z S K) (S v19 S) (x I) x) (z K (z (z z)) (x I)) I (x (v16 x (v16 B K z) S (x (I I S (z I (x (x I))) x)) S v24))))
S (S (z z z (v10 K)) (z (x (v20 z) S S (z v18 K)) (x (z z S K) (S v19 S) (x I) x) (z K (z (z z)) (x I)) I (x (v16 x (v16 B K z) S (x (I S (z I (x (x I))) x)) S v24))))
S (S (z z z (v10 K)) (z (x (v20 z) S S (z v18 K)) (x (z z S K) (S v19 S) (x I) x) (z K (z (z z)) (x I)) I (x (v16 x (v16 B K z) S (x (S (z I (x (x I))) x)) S v24))))
I (B I) v29
B I v29
z
z
B (B (B (x (I K) (x I))) K) B (x x (K z (x z x) S) (I x S (B (S S x)) S) (I K z (K (I (v2 K)))) z (B (z (z (v22 (z (x x I))))) (K (B z (I (v15 x v0) (B I)) B)) (x z (B x S))))
B (B (x (I K) (x I))) K (B (x x (K z (x z x) S) (I x S (B (S S x)) S) (I K z (K (I (v2 K)))) z (B (z (z (v22 (z (x x I))))) (K (B z (I (v15 x v0) (B I)) B)) (x z (B x S)))))
B (x (I K) (x I)) (K (B (x x (K z (x z x) S) (I x S (B (S S x)) S) (I K z (K (I (v2 K)))) z (B (z (z (v22 (z (x x I))))) (K (B z (I (v15 x v0) (B I)) B)) (x z (B x S))))))
B (x K (x I)) (K (B (x x (K z (x z x) S) (I x S (B (S S x)) S) (I K z (K (I (v2 K)))) z (B (z (z (v22 (z (x x I))))) (K (B z (I (v15 x v0) (B I)) B)) (x z (B x S))))))
B (x K (x I)) (K (B (x x (z S) (I x S (B (S S x)) S) (I K z (K (I (v2 K)))) z (B (z (z (v22 (z (x x I))))) (K (B z (I (v15 x v0) (B I)) B)) (x z (B x S))))))
B (x K (x I)) (K (B (x x (z S) (x S (B (S S x)) S) (I K z (K (I (v2 K)))) z (B (z (z (v22 (z (x x I))))) (K (B z (I (v15 x v0) (B I)) B)) (x z (B x S))))))
B (x K (x I)) (K (B (x x (z S) (x S (B (S S x)) S) (K z (K (I (v2 K)))) z (B (z (z (v22 (z (x x I))))) (K (B z (I (v15 x v0) (B I)) B)) (x z (B x S))))))
B (x K (x I)) (K (B (x x (z S) (x S (B (S S x)) S) z z (B (z (z (v22 (z (x x I))))) (K (B z (I (v15 x v0) (B I)) B)) (x z (B x S))))))
B (x K (x I)) (K (B (x x (z S) (x S (B (S S x)) S) z z (z (z (v22 (z (x x I)))) (K (B z (I (v15 x v0) (B I)) B) (x z (B x S)))))))
B (x K (x I)) (K (B (x x (z S) (x S (B (S S x)) S) z z (z (z (v22 (z (x x I)))) (B z (I (v15 x v0) (B I)) B)))))
B (x K (x I)) (K (B (x x (z S) (x S (B (S S x)) S) z z (z (z (v22 (z (x x I)))) (z (I (v15 x v0) (B I) B))))))
B (x K (x I)) (K (B (x x (z S) (x S (B (S S x)) S) z z (z (z (v22 (z (x x I)))) (z (v15 x v0 (B I) B))))))
B
x (B K z)
S x S
