S (I S (v22 (x x)))
S (S (v22 (x x)))
S (v30 (S K B S) v25 (x S I (x z B v8 (B (v17 B)) I))) B (K (x K)) (z (S (S K I) (x x) v30 (K (B I) K) (z v23)) K (z I v0 (v25 I (I (v15 (S z))) z) B (z B)))
v30 (S K B S) v25 (x S I (x z B v8 (B (v17 B)) I)) (K (x K)) (B (K (x K))) (z (S (S K I) (x x) v30 (K (B I) K) (z v23)) K (z I v0 (v25 I (I (v15 (S z))) z) B (z B)))
v30 (K S (B S)) v25 (x S I (x z B v8 (B (v17 B)) I)) (K (x K)) (B (K (x K))) (z (S (S K I) (x x) v30 (K (B I) K) (z v23)) K (z I v0 (v25 I (I (v15 (S z))) z) B (z B)))
v30 S v25 (x S I (x z B v8 (B (v17 B)) I)) (K (x K)) (B (K (x K))) (z (S (S K I) (x x) v30 (K (B I) K) (z v23)) K (z I v0 (v25 I (I (v15 (S z))) z) B (z B)))
v30 S v25 (x S I (x z B v8 (B (v17 B)) I)) (K (x K)) (B (K (x K))) (z (S K I v30 (x x v30) (K (B I) K) (z v23)) K (z I v0 (v25 I (I (v15 (S z))) z) B (z B)))
v30 S v25 (x S I (x z B v8 (B (v17 B)) I)) (K (x K)) (B (K (x K))) (z (K v30 (I v30) (x x v30) (K (B I) K) (z v23)) K (z I v0 (v25 I (I (v15 (S z))) z) B (z B)))
v30 S v25 (x S I (x z B v8 (B (v17 B)) I)) (K (x K)) (B (K (x K))) (z (v30 (x x v30) (K (B I) K) (z v23)) K (z I v0 (v25 I (I (v15 (S z))) z) B (z B)))
v30 S v25 (x S I (x z B v8 (B (v17 B)) I)) (K (x K)) (B (K (x K))) (z (v30 (x x v30) (B I) (z v23)) K (z I v0 (v25 I (I (v15 (S z))) z) B (z B)))
v30 S v25 (x S I (x z B v8 (B (v17 B)) I)) (K (x K)) (B (K (x K))) (z (v30 (x x v30) (B I) (z v23)) K (z I v0 (v25 I (v15 (S z)) z) B (z B)))
B (x (v9 (S x)) (B v9 (z z (K B) z)) S) I
B
x
B
I I (B (K x) z (v10 (v29 v7 (B (z K)))) (I (S (v25 z S) B) (x (I z z S) I))) (x (K (I (z x B K) v22 z (K (I x)))))
I (B (K x) z (v10 (v29 v7 (B (z K)))) (I (S (v25 z S) B) (x (I z z S) I))) (x (K (I (z x B K) v22 z (K (I x)))))
B (K x) z (v10 (v29 v7 (B (z K)))) (I (S (v25 z S) B) (x (I z z S) I)) (x (K (I (z x B K) v22 z (K (I x)))))
K x (z (v10 (v29 v7 (B (z K))))) (I (S (v25 z S) B) (x (I z z S) I)) (x (K (I (z x B K) v22 z (K (I x)))))
x (I (S (v25 z S) B) (x (I z z S) I)) (x (K (I (z x B K) v22 z (K (I x)))))
x (S (v25 z S) B (x (I z z S) I)) (x (K (I (z x B K) v22 z (K (I x)))))
x (v25 z S (x (I z z S) I) (B (x (I z z S) I))) (x (K (I (z x B K) v22 z (K (I x)))))
x (v25 z S (x (z z S) I) (B (x (I z z S) I))) (x (K (I (z x B K) v22 z (K (I x)))))
x (v25 z S (x (z z S) I) (B (x (z z S) I))) (x (K (I (z x B K) v22 z (K (I x)))))
x (v25 z S (x (z z S) I) (B (x (z z S) I))) (x (K (z x B K v22 z (K (I x)))))
x (v25 z S (x (z z S) I) (B (x (z z S) I))) (x (K (z x B K v22 z (K x))))
z
S z (B (v2 z x (S z (I z)) (S (v11 B (K (S (I B)))) (B S) v20 x) S)) (K z (z (B z (I (S S)) z) z (v22 (I (x z v14) x) K)) (x x v1 (S K) (x (z K I S x (K B K (x S) S) S)) (z (v13 (B (x (v3 I)) (K v22)) K z))))
z (K z (z (B z (I (S S)) z) z (v22 (I (x z v14) x) K)) (x x v1 (S K) (x (z K I S x (K B K (x S) S) S)) (z (v13 (B (x (v3 I)) (K v22)) K z)))) (B (v2 z x (S z (I z)) (S (v11 B (K (S (I B)))) (B S) v20 x) S) (K z (z (B z (I (S S)) z) z (v22 (I (x z v14) x) K)) (x x v1 (S K) (x (z K I S x (K B K (x S) S) S)) (z (v13 (B (x (v3 I)) (K v22)) K z)))))
z (z (x x v1 (S K) (x (z K I S x (K B K (x S) S) S)) (z (v13 (B (x (v3 I)) (K v22)) K z)))) (B (v2 z x (S z (I z)) (S (v11 B (K (S (I B)))) (B S) v20 x) S) (K z (z (B z (I (S S)) z) z (v22 (I (x z v14) x) K)) (x x v1 (S K) (x (z K I S x (K B K (x S) S) S)) (z (v13 (B (x (v3 I)) (K v22)) K z)))))
z (z (x x v1 (S K) (x (z K I S x (B (x S) S) S)) (z (v13 (B (x (v3 I)) (K v22)) K z)))) (B (v2 z x (S z (I z)) (S (v11 B (K (S (I B)))) (B S) v20 x) S) (K z (z (B z (I (S S)) z) z (v22 (I (x z v14) x) K)) (x x v1 (S K) (x (z K I S x (K B K (x S) S) S)) (z (v13 (B (x (v3 I)) (K v22)) K z)))))
z (z (x x v1 (S K) (x (z K I S x (B (x S) S) S)) (z (v13 (B (x (v3 I)) (K v22)) K z)))) (B (v2 z x (S z z) (S (v11 B (K (S (I B)))) (B S) v20 x) S) (K z (z (B z (I (S S)) z) z (v22 (I (x z v14) x) K)) (x x v1 (S K) (x (z K I S x (K B K (x S) S) S)) (z (v13 (B (x (v3 I)) (K v22)) K z)))))
z (z (x x v1 (S K) (x (z K I S x (B (x S) S) S)) (z (v13 (B (x (v3 I)) (K v22)) K z)))) (B (v2 z x (S z z) (v11 B (K (S (I B))) v20 (B S v20) x) S) (K z (z (B z (I (S S)) z) z (v22 (I (x z v14) x) K)) (x x v1 (S K) (x (z K I S x (K B K (x S) S) S)) (z (v13 (B (x (v3 I)) (K v22)) K z)))))
z (z (x x v1 (S K) (x (z K I S x (B (x S) S) S)) (z (v13 (B (x (v3 I)) (K v22)) K z)))) (B (v2 z x (S z z) (v11 B (K (S B)) v20 (B S v20) x) S) (K z (z (B z (I (S S)) z) z (v22 (I (x z v14) x) K)) (x x v1 (S K) (x (z K I S x (K B K (x S) S) S)) (z (v13 (B (x (v3 I)) (K v22)) K z)))))
z (z (x x v1 (S K) (x (z K I S x (B (x S) S) S)) (z (v13 (B (x (v3 I)) (K v22)) K z)))) (B (v2 z x (S z z) (v11 B (K (S B)) v20 (B S v20) x) S) (z (x x v1 (S K) (x (z K I S x (K B K (x S) S) S)) (z (v13 (B (x (v3 I)) (K v22)) K z)))))
z (z (x x v1 (S K) (x (z K I S x (B (x S) S) S)) (z (v13 (B (x (v3 I)) (K v22)) K z)))) (B (v2 z x (S z z) (v11 B (K (S B)) v20 (B S v20) x) S) (z (x x v1 (S K) (x (z K I S x (B (x S) S) S)) (z (v13 (B (x (v3 I)) (K v22)) K z)))))
x (S (B z) (K x z (K B) z B x) (x (B x I) z) (K (K (x B S B))))
x (B z (x (B x I) z) (K x z (K B) z B x (x (B x I) z)) (K (K (x B S B))))
x (z (x (B x I) z (K x z (K B) z B x (x (B x I) z))) (K (K (x B S B))))
x (z (x (B x I) z (x (K B) z B x (x (B x I) z))) (K (K (x B S B))))
