v20 K
x I (x (x v17)) (v6 (I x) (I z S z) (z (z S x (x (z S))))) (K S S z (x x I (S (I (z z) (x I) v21)) K)) (K v13 x (K K I z)) S
x I (x (x v17)) (v6 x (I z S z) (z (z S x (x (z S))))) (K S S z (x x I (S (I (z z) (x I) v21)) K)) (K v13 x (K K I z)) S
x I (x (x v17)) (v6 x (z S z) (z (z S x (x (z S))))) (K S S z (x x I (S (I (z z) (x I) v21)) K)) (K v13 x (K K I z)) S
x I (x (x v17)) (v6 x (z S z) (z (z S x (x (z S))))) (S z (x x I (S (I (z z) (x I) v21)) K)) (K v13 x (K K I z)) S
x I (x (x v17)) (v6 x (z S z) (z (z S x (x (z S))))) (S z (x x I (S (z z (x I) v21)) K)) (K v13 x (K K I z)) S
x I (x (x v17)) (v6 x (z S z) (z (z S x (x (z S))))) (S z (x x I (S (z z (x I) v21)) K)) (v13 (K K I z)) S
x I (x (x v17)) (v6 x (z S z) (z (z S x (x (z S))))) (S z (x x I (S (z z (x I) v21)) K)) (v13 (K z)) S
B I
K K
z
v6
K
K (I K) S (x z) (S I (v11 z) B) (S x z (v26 (z (I (v12 (x (I K)) S)) K))) K B
I K (x z) (S I (v11 z) B) (S x z (v26 (z (I (v12 (x (I K)) S)) K))) K B
K (x z) (S I (v11 z) B) (S x z (v26 (z (I (v12 (x (I K)) S)) K))) K B
x z (S x z (v26 (z (I (v12 (x (I K)) S)) K))) K B
x z (x (v26 (z (I (v12 (x (I K)) S)) K)) (z (v26 (z (I (v12 (x (I K)) S)) K)))) K B
x z (x (v26 (z (v12 (x (I K)) S) K)) (z (v26 (z (I (v12 (x (I K)) S)) K)))) K B
x z (x (v26 (z (v12 (x K) S) K)) (z (v26 (z (I (v12 (x (I K)) S)) K)))) K B
x z (x (v26 (z (v12 (x K) S) K)) (z (v26 (z (v12 (x (I K)) S) K)))) K B
x z (x (v26 (z (v12 (x K) S) K)) (z (v26 (z (v12 (x K) S) K)))) K B
I (z S) x (B K I (z (z K) K (K x))) K (K (B (z x (B x B) (v23 z)))) (B (B B (B S B (z B)) (v12 K (K z)) (B (K (I z) (B K) v3))) z (S K (I v15 (S (B B) I B))) (z (B B v25) (x (S (S (v8 S))) K K v3))) (I v23 (K S) K (x (B (z (I B)))) B (S z (v26 x) (x x (S x B (x K) (S B)) S (I (x x (v14 z) K) K))) (K B S) (I v8 (I S K)) (K (I (B K) x (S I)) (S (I K x x K (v24 S)) K I (I x S S K) (v24 (x (K v25 (B (x (B (I B))))))))))
z S x (B K I (z (z K) K (K x))) K (K (B (z x (B x B) (v23 z)))) (B (B B (B S B (z B)) (v12 K (K z)) (B (K (I z) (B K) v3))) z (S K (I v15 (S (B B) I B))) (z (B B v25) (x (S (S (v8 S))) K K v3))) (I v23 (K S) K (x (B (z (I B)))) B (S z (v26 x) (x x (S x B (x K) (S B)) S (I (x x (v14 z) K) K))) (K B S) (I v8 (I S K)) (K (I (B K) x (S I)) (S (I K x x K (v24 S)) K I (I x S S K) (v24 (x (K v25 (B (x (B (I B))))))))))
z S x (K (I (z (z K) K (K x)))) K (K (B (z x (B x B) (v23 z)))) (B (B B (B S B (z B)) (v12 K (K z)) (B (K (I z) (B K) v3))) z (S K (I v15 (S (B B) I B))) (z (B B v25) (x (S (S (v8 S))) K K v3))) (I v23 (K S) K (x (B (z (I B)))) B (S z (v26 x) (x x (S x B (x K) (S B)) S (I (x x (v14 z) K) K))) (K B S) (I v8 (I S K)) (K (I (B K) x (S I)) (S (I K x x K (v24 S)) K I (I x S S K) (v24 (x (K v25 (B (x (B (I B))))))))))
z S x (K (z (z K) K (K x))) K (K (B (z x (B x B) (v23 z)))) (B (B B (B S B (z B)) (v12 K (K z)) (B (K (I z) (B K) v3))) z (S K (I v15 (S (B B) I B))) (z (B B v25) (x (S (S (v8 S))) K K v3))) (I v23 (K S) K (x (B (z (I B)))) B (S z (v26 x) (x x (S x B (x K) (S B)) S (I (x x (v14 z) K) K))) (K B S) (I v8 (I S K)) (K (I (B K) x (S I)) (S (I K x x K (v24 S)) K I (I x S S K) (v24 (x (K v25 (B (x (B (I B))))))))))
z S x (K (z (z K) K (K x))) K (K (B (z x (B x B) (v23 z)))) (B B (B S B (z B)) (v12 K (K z)) (B (K (I z) (B K) v3)) (z (S K (I v15 (S (B B) I B)))) (z (B B v25) (x (S (S (v8 S))) K K v3))) (I v23 (K S) K (x (B (z (I B)))) B (S z (v26 x) (x x (S x B (x K) (S B)) S (I (x x (v14 z) K) K))) (K B S) (I v8 (I S K)) (K (I (B K) x (S I)) (S (I K x x K (v24 S)) K I (I x S S K) (v24 (x (K v25 (B (x (B (I B))))))))))
z S x (K (z (z K) K (K x))) K (K (B (z x (B x B) (v23 z)))) (B (B S B (z B) (v12 K (K z))) (B (K (I z) (B K) v3)) (z (S K (I v15 (S (B B) I B)))) (z (B B v25) (x (S (S (v8 S))) K K v3))) (I v23 (K S) K (x (B (z (I B)))) B (S z (v26 x) (x x (S x B (x K) (S B)) S (I (x x (v14 z) K) K))) (K B S) (I v8 (I S K)) (K (I (B K) x (S I)) (S (I K x x K (v24 S)) K I (I x S S K) (v24 (x (K v25 (B (x (B (I B))))))))))
z S x (K (z (z K) K (K x))) K (K (B (z x (B x B) (v23 z)))) (B S B (z B) (v12 K (K z)) (B (K (I z) (B K) v3) (z (S K (I v15 (S (B B) I B))))) (z (B B v25) (x (S (S (v8 S))) K K v3))) (I v23 (K S) K (x (B (z (I B)))) B (S z (v26 x) (x x (S x B (x K) (S B)) S (I (x x (v14 z) K) K))) (K B S) (I v8 (I S K)) (K (I (B K) x (S I)) (S (I K x x K (v24 S)) K I (I x S S K) (v24 (x (K v25 (B (x (B (I B))))))))))
z S x (K (z (z K) K (K x))) K (K (B (z x (B x B) (v23 z)))) (S (B (z B)) (v12 K (K z)) (B (K (I z) (B K) v3) (z (S K (I v15 (S (B B) I B))))) (z (B B v25) (x (S (S (v8 S))) K K v3))) (I v23 (K S) K (x (B (z (I B)))) B (S z (v26 x) (x x (S x B (x K) (S B)) S (I (x x (v14 z) K) K))) (K B S) (I v8 (I S K)) (K (I (B K) x (S I)) (S (I K x x K (v24 S)) K I (I x S S K) (v24 (x (K v25 (B (x (B (I B))))))))))
z S x (K (z (z K) K (K x))) K (K (B (z x (B x B) (v23 z)))) (B (z B) (B (K (I z) (B K) v3) (z (S K (I v15 (S (B B) I B))))) (v12 K (K z) (B (K (I z) (B K) v3) (z (S K (I v15 (S (B B) I B)))))) (z (B B v25) (x (S (S (v8 S))) K K v3))) (I v23 (K S) K (x (B (z (I B)))) B (S z (v26 x) (x x (S x B (x K) (S B)) S (I (x x (v14 z) K) K))) (K B S) (I v8 (I S K)) (K (I (B K) x (S I)) (S (I K x x K (v24 S)) K I (I x S S K) (v24 (x (K v25 (B (x (B (I B))))))))))
z S x (K (z (z K) K (K x))) K (K (B (z x (B x B) (v23 z)))) (z B (B (K (I z) (B K) v3) (z (S K (I v15 (S (B B) I B)))) (v12 K (K z) (B (K (I z) (B K) v3) (z (S K (I v15 (S (B B) I B))))))) (z (B B v25) (x (S (S (v8 S))) K K v3))) (I v23 (K S) K (x (B (z (I B)))) B (S z (v26 x) (x x (S x B (x K) (S B)) S (I (x x (v14 z) K) K))) (K B S) (I v8 (I S K)) (K (I (B K) x (S I)) (S (I K x x K (v24 S)) K I (I x S S K) (v24 (x (K v25 (B (x (B (I B))))))))))
z S x (K (z (z K) K (K x))) K (K (B (z x (B x B) (v23 z)))) (z B (K (I z) (B K) v3 (z (S K (I v15 (S (B B) I B))) (v12 K (K z) (B (K (I z) (B K) v3) (z (S K (I v15 (S (B B) I B)))))))) (z (B B v25) (x (S (S (v8 S))) K K v3))) (I v23 (K S) K (x (B (z (I B)))) B (S z (v26 x) (x x (S x B (x K) (S B)) S (I (x x (v14 z) K) K))) (K B S) (I v8 (I S K)) (K (I (B K) x (S I)) (S (I K x x K (v24 S)) K I (I x S S K) (v24 (x (K v25 (B (x (B (I B))))))))))
z S x (K (z (z K) K (K x))) K (K (B (z x (B x B) (v23 z)))) (z B (I z v3 (z (S K (I v15 (S (B B) I B))) (v12 K (K z) (B (K (I z) (B K) v3) (z (S K (I v15 (S (B B) I B)))))))) (z (B B v25) (x (S (S (v8 S))) K K v3))) (I v23 (K S) K (x (B (z (I B)))) B (S z (v26 x) (x x (S x B (x K) (S B)) S (I (x x (v14 z) K) K))) (K B S) (I v8 (I S K)) (K (I (B K) x (S I)) (S (I K x x K (v24 S)) K I (I x S S K) (v24 (x (K v25 (B (x (B (I B))))))))))
z S x (K (z (z K) K (K x))) K (K (B (z x (B x B) (v23 z)))) (z B (z v3 (z (S K (I v15 (S (B B) I B))) (v12 K (K z) (B (K (I z) (B K) v3) (z (S K (I v15 (S (B B) I B)))))))) (z (B B v25) (x (S (S (v8 S))) K K v3))) (I v23 (K S) K (x (B (z (I B)))) B (S z (v26 x) (x x (S x B (x K) (S B)) S (I (x x (v14 z) K) K))) (K B S) (I v8 (I S K)) (K (I (B K) x (S I)) (S (I K x x K (v24 S)) K I (I x S S K) (v24 (x (K v25 (B (x (B (I B))))))))))
z S x (K (z (z K) K (K x))) K (K (B (z x (B x B) (v23 z)))) (z B (z v3 (z (S K (v15 (S (B B) I B))) (v12 K (K z) (B (K (I z) (B K) v3) (z (S K (I v15 (S (B B) I B)))))))) (z (B B v25) (x (S (S (v8 S))) K K v3))) (I v23 (K S) K (x (B (z (I B)))) B (S z (v26 x) (x x (S x B (x K) (S B)) S (I (x x (v14 z) K) K))) (K B S) (I v8 (I S K)) (K (I (B K) x (S I)) (S (I K x x K (v24 S)) K I (I x S S K) (v24 (x (K v25 (B (x (B (I B))))))))))
z S x (K (z (z K) K (K x))) K (K (B (z x (B x B) (v23 z)))) (z B (z v3 (z (S K (v15 (B B B (I B)))) (v12 K (K z) (B (K (I z) (B K) v3) (z (S K (I v15 (S (B B) I B)))))))) (z (B B v25) (x (S (S (v8 S))) K K v3))) (I v23 (K S) K (x (B (z (I B)))) B (S z (v26 x) (x x (S x B (x K) (S B)) S (I (x x (v14 z) K) K))) (K B S) (I v8 (I S K)) (K (I (B K) x (S I)) (S (I K x x K (v24 S)) K I (I x S S K) (v24 (x (K v25 (B (x (B (I B))))))))))
z S x (K (z (z K) K (K x))) K (K (B (z x (B x B) (v23 z)))) (z B (z v3 (z (S K (v15 (B (B (I B))))) (v12 K (K z) (B (K (I z) (B K) v3) (z (S K (I v15 (S (B B) I B)))))))) (z (B B v25) (x (S (S (v8 S))) K K v3))) (I v23 (K S) K (x (B (z (I B)))) B (S z (v26 x) (x x (S x B (x K) (S B)) S (I (x x (v14 z) K) K))) (K B S) (I v8 (I S K)) (K (I (B K) x (S I)) (S (I K x x K (v24 S)) K I (I x S S K) (v24 (x (K v25 (B (x (B (I B))))))))))
z S x (K (z (z K) K (K x))) K (K (B (z x (B x B) (v23 z)))) (z B (z v3 (z (S K (v15 (B (B B)))) (v12 K (K z) (B (K (I z) (B K) v3) (z (S K (I v15 (S (B B) I B)))))))) (z (B B v25) (x (S (S (v8 S))) K K v3))) (I v23 (K S) K (x (B (z (I B)))) B (S z (v26 x) (x x (S x B (x K) (S B)) S (I (x x (v14 z) K) K))) (K B S) (I v8 (I S K)) (K (I (B K) x (S I)) (S (I K x x K (v24 S)) K I (I x S S K) (v24 (x (K v25 (B (x (B (I B))))))))))
z S x (K (z (z K) K (K x))) K (K (B (z x (B x B) (v23 z)))) (z B (z v3 (z (S K (v15 (B (B B)))) (v12 K (K z) (B (I z v3) (z (S K (I v15 (S (B B) I B)))))))) (z (B B v25) (x (S (S (v8 S))) K K v3))) (I v23 (K S) K (x (B (z (I B)))) B (S z (v26 x) (x x (S x B (x K) (S B)) S (I (x x (v14 z) K) K))) (K B S) (I v8 (I S K)) (K (I (B K) x (S I)) (S (I K x x K (v24 S)) K I (I x S S K) (v24 (x (K v25 (B (x (B (I B))))))))))
z S x (K (z (z K) K (K x))) K (K (B (z x (B x B) (v23 z)))) (z B (z v3 (z (S K (v15 (B (B B)))) (v12 K (K z) (B (z v3) (z (S K (I v15 (S (B B) I B)))))))) (z (B B v25) (x (S (S (v8 S))) K K v3))) (I v23 (K S) K (x (B (z (I B)))) B (S z (v26 x) (x x (S x B (x K) (S B)) S (I (x x (v14 z) K) K))) (K B S) (I v8 (I S K)) (K (I (B K) x (S I)) (S (I K x x K (v24 S)) K I (I x S S K) (v24 (x (K v25 (B (x (B (I B))))))))))
z S x (K (z (z K) K (K x))) K (K (B (z x (B x B) (v23 z)))) (z B (z v3 (z (S K (v15 (B (B B)))) (v12 K (K z) (B (z v3) (z (S K (v15 (S (B B) I B)))))))) (z (B B v25) (x (S (S (v8 S))) K K v3))) (I v23 (K S) K (x (B (z (I B)))) B (S z (v26 x) (x x (S x B (x K) (S B)) S (I (x x (v14 z) K) K))) (K B S) (I v8 (I S K)) (K (I (B K) x (S I)) (S (I K x x K (v24 S)) K I (I x S S K) (v24 (x (K v25 (B (x (B (I B))))))))))
z S x (K (z (z K) K (K x))) K (K (B (z x (B x B) (v23 z)))) (z B (z v3 (z (S K (v15 (B (B B)))) (v12 K (K z) (B (z v3) (z (S K (v15 (B B B (I B))))))))) (z (B B v25) (x (S (S (v8 S))) K K v3))) (I v23 (K S) K (x (B (z (I B)))) B (S z (v26 x) (x x (S x B (x K) (S B)) S (I (x x (v14 z) K) K))) (K B S) (I v8 (I S K)) (K (I (B K) x (S I)) (S (I K x x K (v24 S)) K I (I x S S K) (v24 (x (K v25 (B (x (B (I B))))))))))
z S x (K (z (z K) K (K x))) K (K (B (z x (B x B) (v23 z)))) (z B (z v3 (z (S K (v15 (B (B B)))) (v12 K (K z) (B (z v3) (z (S K (v15 (B (B (I B)))))))))) (z (B B v25) (x (S (S (v8 S))) K K v3))) (I v23 (K S) K (x (B (z (I B)))) B (S z (v26 x) (x x (S x B (x K) (S B)) S (I (x x (v14 z) K) K))) (K B S) (I v8 (I S K)) (K (I (B K) x (S I)) (S (I K x x K (v24 S)) K I (I x S S K) (v24 (x (K v25 (B (x (B (I B))))))))))
z S x (K (z (z K) K (K x))) K (K (B (z x (B x B) (v23 z)))) (z B (z v3 (z (S K (v15 (B (B B)))) (v12 K (K z) (B (z v3) (z (S K (v15 (B (B B))))))))) (z (B B v25) (x (S (S (v8 S))) K K v3))) (I v23 (K S) K (x (B (z (I B)))) B (S z (v26 x) (x x (S x B (x K) (S B)) S (I (x x (v14 z) K) K))) (K B S) (I v8 (I S K)) (K (I (B K) x (S I)) (S (I K x x K (v24 S)) K I (I x S S K) (v24 (x (K v25 (B (x (B (I B))))))))))
z S x (K (z (z K) K (K x))) K (K (B (z x (B x B) (v23 z)))) (z B (z v3 (z (S K (v15 (B (B B)))) (v12 K (K z) (B (z v3) (z (S K (v15 (B (B B))))))))) (z (B B v25) (x (S (S (v8 S))) K K v3))) (v23 (K S) K (x (B (z (I B)))) B (S z (v26 x) (x x (S x B (x K) (S B)) S (I (x x (v14 z) K) K))) (K B S) (I v8 (I S K)) (K (I (B K) x (S I)) (S (I K x x K (v24 S)) K I (I x S S K) (v24 (x (K v25 (B (x (B (I B))))))))))
z S x (K (z (z K) K (K x))) K (K (B (z x (B x B) (v23 z)))) (z B (z v3 (z (S K (v15 (B (B B)))) (v12 K (K z) (B (z v3) (z (S K (v15 (B (B B))))))))) (z (B B v25) (x (S (S (v8 S))) K K v3))) (v23 (K S) K (x (B (z B))) B (S z (v26 x) (x x (S x B (x K) (S B)) S (I (x x (v14 z) K) K))) (K B S) (I v8 (I S K)) (K (I (B K) x (S I)) (S (I K x x K (v24 S)) K I (I x S S K) (v24 (x (K v25 (B (x (B (I B))))))))))
z S x (K (z (z K) K (K x))) K (K (B (z x (B x B) (v23 z)))) (z B (z v3 (z (S K (v15 (B (B B)))) (v12 K (K z) (B (z v3) (z (S K (v15 (B (B B))))))))) (z (B B v25) (x (S (S (v8 S))) K K v3))) (v23 (K S) K (x (B (z B))) B (z (x x (S x B (x K) (S B)) S (I (x x (v14 z) K) K)) (v26 x (x x (S x B (x K) (S B)) S (I (x x (v14 z) K) K)))) (K B S) (I v8 (I S K)) (K (I (B K) x (S I)) (S (I K x x K (v24 S)) K I (I x S S K) (v24 (x (K v25 (B (x (B (I B))))))))))
z S x (K (z (z K) K (K x))) K (K (B (z x (B x B) (v23 z)))) (z B (z v3 (z (S K (v15 (B (B B)))) (v12 K (K z) (B (z v3) (z (S K (v15 (B (B B))))))))) (z (B B v25) (x (S (S (v8 S))) K K v3))) (v23 (K S) K (x (B (z B))) B (z (x x (x (x K) (B (x K)) (S B)) S (I (x x (v14 z) K) K)) (v26 x (x x (S x B (x K) (S B)) S (I (x x (v14 z) K) K)))) (K B S) (I v8 (I S K)) (K (I (B K) x (S I)) (S (I K x x K (v24 S)) K I (I x S S K) (v24 (x (K v25 (B (x (B (I B))))))))))
z S x (K (z (z K) K (K x))) K (K (B (z x (B x B) (v23 z)))) (z B (z v3 (z (S K (v15 (B (B B)))) (v12 K (K z) (B (z v3) (z (S K (v15 (B (B B))))))))) (z (B B v25) (x (S (S (v8 S))) K K v3))) (v23 (K S) K (x (B (z B))) B (z (x x (x (x K) (B (x K)) (S B)) S (x x (v14 z) K K)) (v26 x (x x (S x B (x K) (S B)) S (I (x x (v14 z) K) K)))) (K B S) (I v8 (I S K)) (K (I (B K) x (S I)) (S (I K x x K (v24 S)) K I (I x S S K) (v24 (x (K v25 (B (x (B (I B))))))))))
z S x (K (z (z K) K (K x))) K (K (B (z x (B x B) (v23 z)))) (z B (z v3 (z (S K (v15 (B (B B)))) (v12 K (K z) (B (z v3) (z (S K (v15 (B (B B))))))))) (z (B B v25) (x (S (S (v8 S))) K K v3))) (v23 (K S) K (x (B (z B))) B (z (x x (x (x K) (B (x K)) (S B)) S (x x (v14 z) K K)) (v26 x (x x (x (x K) (B (x K)) (S B)) S (I (x x (v14 z) K) K)))) (K B S) (I v8 (I S K)) (K (I (B K) x (S I)) (S (I K x x K (v24 S)) K I (I x S S K) (v24 (x (K v25 (B (x (B (I B))))))))))
z S x (K (z (z K) K (K x))) K (K (B (z x (B x B) (v23 z)))) (z B (z v3 (z (S K (v15 (B (B B)))) (v12 K (K z) (B (z v3) (z (S K (v15 (B (B B))))))))) (z (B B v25) (x (S (S (v8 S))) K K v3))) (v23 (K S) K (x (B (z B))) B (z (x x (x (x K) (B (x K)) (S B)) S (x x (v14 z) K K)) (v26 x (x x (x (x K) (B (x K)) (S B)) S (x x (v14 z) K K)))) (K B S) (I v8 (I S K)) (K (I (B K) x (S I)) (S (I K x x K (v24 S)) K I (I x S S K) (v24 (x (K v25 (B (x (B (I B))))))))))
I I
I
