x I (I z) z K (S (x K v12) K) (B K) v4 I (S (z B) (z (I I (S z) (S z) B) (x z) z) x (B z))
x I z z K (S (x K v12) K) (B K) v4 I (S (z B) (z (I I (S z) (S z) B) (x z) z) x (B z))
x I z z K (S (x K v12) K) (B K) v4 I (z B x (z (I I (S z) (S z) B) (x z) z x) (B z))
x I z z K (S (x K v12) K) (B K) v4 I (z B x (z (I (S z) (S z) B) (x z) z x) (B z))
x I z z K (S (x K v12) K) (B K) v4 I (z B x (z (S z (S z) B) (x z) z x) (B z))
x I z z K (S (x K v12) K) (B K) v4 I (z B x (z (z B (S z B)) (x z) z x) (B z))
I (K (B (I z) (I (S x S B) z) v1 (K v18) B v7))
K (B (I z) (I (S x S B) z) v1 (K v18) B v7)
K (I z (I (S x S B) z v1) (K v18) B v7)
K (z (I (S x S B) z v1) (K v18) B v7)
K (z (S x S B z v1) (K v18) B v7)
K (z (x B (S B) z v1) (K v18) B v7)
z (z B)
S (x (B S) K (K S (x B B B))) (S (z (B (v25 (K S (I B))) (B (K (S I))) (B S (I v23) I x z) (K x K)) K))
S (x (B S) K S) (S (z (B (v25 (K S (I B))) (B (K (S I))) (B S (I v23) I x z) (K x K)) K))
S (x (B S) K S) (S (z (v25 (K S (I B)) (B (K (S I)) (B S (I v23) I x z)) (K x K)) K))
S (x (B S) K S) (S (z (v25 S (B (K (S I)) (B S (I v23) I x z)) (K x K)) K))
S (x (B S) K S) (S (z (v25 S (B (K (S I)) (S (I v23 I) x z)) (K x K)) K))
S (x (B S) K S) (S (z (v25 S (B (K (S I)) (I v23 I z (x z))) (K x K)) K))
S (x (B S) K S) (S (z (v25 S (B (K (S I)) (v23 I z (x z))) (K x K)) K))
S (x (B S) K S) (S (z (v25 S (B (K (S I)) (v23 I z (x z))) x) K))
K (z z (B (v6 z) (I B)) v26)
K (z z (B (v6 z) B) v26)
z
B
v17 (I K) (v4 (B (v0 z) B (v3 v11 (I K)) (I z K)))
v17 K (v4 (B (v0 z) B (v3 v11 (I K)) (I z K)))
v17 K (v4 (v0 z (B (v3 v11 (I K))) (I z K)))
v17 K (v4 (v0 z (B (v3 v11 K)) (I z K)))
v17 K (v4 (v0 z (B (v3 v11 K)) (z K)))
B x
I (B B B (x K v11)) K I (z S (K I z) B) (I (x (B (B K) K) (I v2)) (z (S B) (I (S K)))) (B S (z (I (x (I v16)) (K z))) (K (z (z v17 B) (S (B (x v27)))) I))
B B B (x K v11) K I (z S (K I z) B) (I (x (B (B K) K) (I v2)) (z (S B) (I (S K)))) (B S (z (I (x (I v16)) (K z))) (K (z (z v17 B) (S (B (x v27)))) I))
B (B (x K v11)) K I (z S (K I z) B) (I (x (B (B K) K) (I v2)) (z (S B) (I (S K)))) (B S (z (I (x (I v16)) (K z))) (K (z (z v17 B) (S (B (x v27)))) I))
B (x K v11) (K I) (z S (K I z) B) (I (x (B (B K) K) (I v2)) (z (S B) (I (S K)))) (B S (z (I (x (I v16)) (K z))) (K (z (z v17 B) (S (B (x v27)))) I))
x K v11 (K I (z S (K I z) B)) (I (x (B (B K) K) (I v2)) (z (S B) (I (S K)))) (B S (z (I (x (I v16)) (K z))) (K (z (z v17 B) (S (B (x v27)))) I))
x K v11 I (I (x (B (B K) K) (I v2)) (z (S B) (I (S K)))) (B S (z (I (x (I v16)) (K z))) (K (z (z v17 B) (S (B (x v27)))) I))
x K v11 I (x (B (B K) K) (I v2) (z (S B) (I (S K)))) (B S (z (I (x (I v16)) (K z))) (K (z (z v17 B) (S (B (x v27)))) I))
x K v11 I (x (B (B K) K) v2 (z (S B) (I (S K)))) (B S (z (I (x (I v16)) (K z))) (K (z (z v17 B) (S (B (x v27)))) I))
x K v11 I (x (B (B K) K) v2 (z (S B) (S K))) (B S (z (I (x (I v16)) (K z))) (K (z (z v17 B) (S (B (x v27)))) I))
x K v11 I (x (B (B K) K) v2 (z (S B) (S K))) (S (z (I (x (I v16)) (K z)) (K (z (z v17 B) (S (B (x v27)))) I)))
x K v11 I (x (B (B K) K) v2 (z (S B) (S K))) (S (z (x (I v16) (K z)) (K (z (z v17 B) (S (B (x v27)))) I)))
x K v11 I (x (B (B K) K) v2 (z (S B) (S K))) (S (z (x v16 (K z)) (K (z (z v17 B) (S (B (x v27)))) I)))
x K v11 I (x (B (B K) K) v2 (z (S B) (S K))) (S (z (x v16 (K z)) (z (z v17 B) (S (B (x v27))))))
