x z B
S x
B B (v4 (K z v11 (v24 K))) (S (x B) (I x (B K (z (S (S x B))) (S K (z S) v28 (v18 (K (x x z))) (v5 (S S B)))))) (x (K B x) (B (K (I I (I (I v1)) (B S x (S S)))) (v8 I z K v18)) (I (x (S B K (v17 B) (S (x K))) (v0 z)) (S S (K S) (I B z K I))))
B (v4 (K z v11 (v24 K)) (S (x B) (I x (B K (z (S (S x B))) (S K (z S) v28 (v18 (K (x x z))) (v5 (S S B))))))) (x (K B x) (B (K (I I (I (I v1)) (B S x (S S)))) (v8 I z K v18)) (I (x (S B K (v17 B) (S (x K))) (v0 z)) (S S (K S) (I B z K I))))
B (v4 (z (v24 K)) (S (x B) (I x (B K (z (S (S x B))) (S K (z S) v28 (v18 (K (x x z))) (v5 (S S B))))))) (x (K B x) (B (K (I I (I (I v1)) (B S x (S S)))) (v8 I z K v18)) (I (x (S B K (v17 B) (S (x K))) (v0 z)) (S S (K S) (I B z K I))))
B (v4 (z (v24 K)) (S (x B) (x (B K (z (S (S x B))) (S K (z S) v28 (v18 (K (x x z))) (v5 (S S B))))))) (x (K B x) (B (K (I I (I (I v1)) (B S x (S S)))) (v8 I z K v18)) (I (x (S B K (v17 B) (S (x K))) (v0 z)) (S S (K S) (I B z K I))))
B (v4 (z (v24 K)) (S (x B) (x (K (z (S (S x B)) (S K (z S) v28 (v18 (K (x x z))) (v5 (S S B)))))))) (x (K B x) (B (K (I I (I (I v1)) (B S x (S S)))) (v8 I z K v18)) (I (x (S B K (v17 B) (S (x K))) (v0 z)) (S S (K S) (I B z K I))))
B (v4 (z (v24 K)) (S (x B) (x (K (z (S (S x B)) (K v28 (z S v28) (v18 (K (x x z))) (v5 (S S B)))))))) (x (K B x) (B (K (I I (I (I v1)) (B S x (S S)))) (v8 I z K v18)) (I (x (S B K (v17 B) (S (x K))) (v0 z)) (S S (K S) (I B z K I))))
B (v4 (z (v24 K)) (S (x B) (x (K (z (S (S x B)) (v28 (v18 (K (x x z))) (v5 (S S B)))))))) (x (K B x) (B (K (I I (I (I v1)) (B S x (S S)))) (v8 I z K v18)) (I (x (S B K (v17 B) (S (x K))) (v0 z)) (S S (K S) (I B z K I))))
B (v4 (z (v24 K)) (S (x B) (x (K (z (S (S x B)) (v28 (v18 (K (x x z))) (v5 (S S B)))))))) (x B (B (K (I I (I (I v1)) (B S x (S S)))) (v8 I z K v18)) (I (x (S B K (v17 B) (S (x K))) (v0 z)) (S S (K S) (I B z K I))))
B (v4 (z (v24 K)) (S (x B) (x (K (z (S (S x B)) (v28 (v18 (K (x x z))) (v5 (S S B)))))))) (x B (B (K (I (I (I v1)) (B S x (S S)))) (v8 I z K v18)) (I (x (S B K (v17 B) (S (x K))) (v0 z)) (S S (K S) (I B z K I))))
B (v4 (z (v24 K)) (S (x B) (x (K (z (S (S x B)) (v28 (v18 (K (x x z))) (v5 (S S B)))))))) (x B (B (K (I (I v1) (B S x (S S)))) (v8 I z K v18)) (I (x (S B K (v17 B) (S (x K))) (v0 z)) (S S (K S) (I B z K I))))
B (v4 (z (v24 K)) (S (x B) (x (K (z (S (S x B)) (v28 (v18 (K (x x z))) (v5 (S S B)))))))) (x B (B (K (I v1 (B S x (S S)))) (v8 I z K v18)) (I (x (S B K (v17 B) (S (x K))) (v0 z)) (S S (K S) (I B z K I))))
B (v4 (z (v24 K)) (S (x B) (x (K (z (S (S x B)) (v28 (v18 (K (x x z))) (v5 (S S B)))))))) (x B (B (K (v1 (B S x (S S)))) (v8 I z K v18)) (I (x (S B K (v17 B) (S (x K))) (v0 z)) (S S (K S) (I B z K I))))
B (v4 (z (v24 K)) (S (x B) (x (K (z (S (S x B)) (v28 (v18 (K (x x z))) (v5 (S S B)))))))) (x B (B (K (v1 (S (x (S S))))) (v8 I z K v18)) (I (x (S B K (v17 B) (S (x K))) (v0 z)) (S S (K S) (I B z K I))))
B (v4 (z (v24 K)) (S (x B) (x (K (z (S (S x B)) (v28 (v18 (K (x x z))) (v5 (S S B)))))))) (x B (B (K (v1 (S (x (S S))))) (v8 I z K v18)) (x (S B K (v17 B) (S (x K))) (v0 z) (S S (K S) (I B z K I))))
B (v4 (z (v24 K)) (S (x B) (x (K (z (S (S x B)) (v28 (v18 (K (x x z))) (v5 (S S B)))))))) (x B (B (K (v1 (S (x (S S))))) (v8 I z K v18)) (x (B (v17 B) (K (v17 B)) (S (x K))) (v0 z) (S S (K S) (I B z K I))))
B (v4 (z (v24 K)) (S (x B) (x (K (z (S (S x B)) (v28 (v18 (K (x x z))) (v5 (S S B)))))))) (x B (B (K (v1 (S (x (S S))))) (v8 I z K v18)) (x (v17 B (K (v17 B) (S (x K)))) (v0 z) (S S (K S) (I B z K I))))
B (v4 (z (v24 K)) (S (x B) (x (K (z (S (S x B)) (v28 (v18 (K (x x z))) (v5 (S S B)))))))) (x B (B (K (v1 (S (x (S S))))) (v8 I z K v18)) (x (v17 B (v17 B)) (v0 z) (S S (K S) (I B z K I))))
B (v4 (z (v24 K)) (S (x B) (x (K (z (S (S x B)) (v28 (v18 (K (x x z))) (v5 (S S B)))))))) (x B (B (K (v1 (S (x (S S))))) (v8 I z K v18)) (x (v17 B (v17 B)) (v0 z) (S (I B z K I) (K S (I B z K I)))))
B (v4 (z (v24 K)) (S (x B) (x (K (z (S (S x B)) (v28 (v18 (K (x x z))) (v5 (S S B)))))))) (x B (B (K (v1 (S (x (S S))))) (v8 I z K v18)) (x (v17 B (v17 B)) (v0 z) (S (B z K I) (K S (I B z K I)))))
B (v4 (z (v24 K)) (S (x B) (x (K (z (S (S x B)) (v28 (v18 (K (x x z))) (v5 (S S B)))))))) (x B (B (K (v1 (S (x (S S))))) (v8 I z K v18)) (x (v17 B (v17 B)) (v0 z) (S (z (K I)) (K S (I B z K I)))))
B (v4 (z (v24 K)) (S (x B) (x (K (z (S (S x B)) (v28 (v18 (K (x x z))) (v5 (S S B)))))))) (x B (B (K (v1 (S (x (S S))))) (v8 I z K v18)) (x (v17 B (v17 B)) (v0 z) (S (z (K I)) S)))
B (I (v16 B (I (x (S K)) I (v7 B) (z (z x)))))
B (v16 B (I (x (S K)) I (v7 B) (z (z x))))
B (v16 B (x (S K) I (v7 B) (z (z x))))
v24
I
K I v28
I
z (S v10 S) (x S I) (K K (I x)) S (I (z v27 z (z S (z v9) B) v24 (x I I)) (K (S (K x (S (I (I z)))) I) (z (K (x (B S))) B) z) S (K (z (z (K (z x (I (S z (v29 B x)))))))))
z (S v10 S) (x S I) K S (I (z v27 z (z S (z v9) B) v24 (x I I)) (K (S (K x (S (I (I z)))) I) (z (K (x (B S))) B) z) S (K (z (z (K (z x (I (S z (v29 B x)))))))))
z (S v10 S) (x S I) K S (z v27 z (z S (z v9) B) v24 (x I I) (K (S (K x (S (I (I z)))) I) (z (K (x (B S))) B) z) S (K (z (z (K (z x (I (S z (v29 B x)))))))))
z (S v10 S) (x S I) K S (z v27 z (z S (z v9) B) v24 (x I I) (S (K x (S (I (I z)))) I z) S (K (z (z (K (z x (I (S z (v29 B x)))))))))
z (S v10 S) (x S I) K S (z v27 z (z S (z v9) B) v24 (x I I) (K x (S (I (I z))) z (I z)) S (K (z (z (K (z x (I (S z (v29 B x)))))))))
z (S v10 S) (x S I) K S (z v27 z (z S (z v9) B) v24 (x I I) (x z (I z)) S (K (z (z (K (z x (I (S z (v29 B x)))))))))
z (S v10 S) (x S I) K S (z v27 z (z S (z v9) B) v24 (x I I) (x z z) S (K (z (z (K (z x (I (S z (v29 B x)))))))))
z (S v10 S) (x S I) K S (z v27 z (z S (z v9) B) v24 (x I I) (x z z) S (K (z (z (K (z x (S z (v29 B x))))))))
v3 v1 (z B)
v2
