K (I x) (I z) (S I S S)
I x (S I S S)
x (S I S S)
x (I S (S S))
x (S (S S))
K z I
z
z I (I (K B I I)) K (v4 x (I (z (x (I z) I (I (I S S))) (z B x v23 z v23 S))) (z (z v12))) (S x (I (I (B v20 S v7) B S) z)) v19
z I (K B I I) K (v4 x (I (z (x (I z) I (I (I S S))) (z B x v23 z v23 S))) (z (z v12))) (S x (I (I (B v20 S v7) B S) z)) v19
z I (B I) K (v4 x (I (z (x (I z) I (I (I S S))) (z B x v23 z v23 S))) (z (z v12))) (S x (I (I (B v20 S v7) B S) z)) v19
z I (B I) K (v4 x (z (x (I z) I (I (I S S))) (z B x v23 z v23 S)) (z (z v12))) (S x (I (I (B v20 S v7) B S) z)) v19
z I (B I) K (v4 x (z (x z I (I (I S S))) (z B x v23 z v23 S)) (z (z v12))) (S x (I (I (B v20 S v7) B S) z)) v19
z I (B I) K (v4 x (z (x z I (I S S)) (z B x v23 z v23 S)) (z (z v12))) (S x (I (I (B v20 S v7) B S) z)) v19
z I (B I) K (v4 x (z (x z I (S S)) (z B x v23 z v23 S)) (z (z v12))) (S x (I (I (B v20 S v7) B S) z)) v19
z I (B I) K (v4 x (z (x z I (S S)) (z B x v23 z v23 S)) (z (z v12))) (S x (I (B v20 S v7) B S z)) v19
z I (B I) K (v4 x (z (x z I (S S)) (z B x v23 z v23 S)) (z (z v12))) (S x (B v20 S v7 B S z)) v19
z I (B I) K (v4 x (z (x z I (S S)) (z B x v23 z v23 S)) (z (z v12))) (S x (v20 (S v7) B S z)) v19
K (I (K K K) (S (x B))) K (B K) I S x
I (K K K) (S (x B)) (B K) I S x
K K K (S (x B)) (B K) I S x
K (S (x B)) (B K) I S x
S (x B) I S x
x B S (I S) x
x B S S x
K K
S
B x
I
K (K B) (B (z (z z)) (v24 K I v19 z (B I))) B (K v5 K)
K B B (K v5 K)
B (K v5 K)
B v5
z (S (v5 S)) (x B) (S K (B v3)) (S z) (B (B (v14 I (v5 S) z (I v5 (z S)) z (z (S (x (K I))) (x (v25 z I I)))) S)) (z z (v0 K (z K x (B B S) (z S x (x z) K (K v24) (K B)))) K)
z (S (v5 S)) (x B) (S K (B v3)) (S z) (B (B (v14 I (v5 S) z (v5 (z S)) z (z (S (x (K I))) (x (v25 z I I)))) S)) (z z (v0 K (z K x (B B S) (z S x (x z) K (K v24) (K B)))) K)
