v11 B (I B) x (B B I (z I B B I) (I I)) B (S K K) K (I S) (B B)
v11 B B x (B B I (z I B B I) (I I)) B (S K K) K (I S) (B B)
v11 B B x (B (I (z I B B I)) (I I)) B (S K K) K (I S) (B B)
v11 B B x (B (z I B B I) (I I)) B (S K K) K (I S) (B B)
v11 B B x (B (z I B B I) I) B (S K K) K (I S) (B B)
v11 B B x (B (z I B B I) I) B (S K K) K S (B B)
S
v21 (x (S (z (I v3)) (I K) I)) (B (B (K S) (v4 I)) K (v25 (z (I v5)) S I) S (S (I z (S (B v5) (I x) (z (v14 z)) B) (I v21 B))))
v21 (x (z (I v3) I (I K I))) (B (B (K S) (v4 I)) K (v25 (z (I v5)) S I) S (S (I z (S (B v5) (I x) (z (v14 z)) B) (I v21 B))))
v21 (x (z v3 I (I K I))) (B (B (K S) (v4 I)) K (v25 (z (I v5)) S I) S (S (I z (S (B v5) (I x) (z (v14 z)) B) (I v21 B))))
v21 (x (z v3 I (K I))) (B (B (K S) (v4 I)) K (v25 (z (I v5)) S I) S (S (I z (S (B v5) (I x) (z (v14 z)) B) (I v21 B))))
v21 (x (z v3 I (K I))) (B (K S) (v4 I) (K (v25 (z (I v5)) S I)) S (S (I z (S (B v5) (I x) (z (v14 z)) B) (I v21 B))))
v21 (x (z v3 I (K I))) (K S (v4 I (K (v25 (z (I v5)) S I))) S (S (I z (S (B v5) (I x) (z (v14 z)) B) (I v21 B))))
v21 (x (z v3 I (K I))) (S S (S (I z (S (B v5) (I x) (z (v14 z)) B) (I v21 B))))
v21 (x (z v3 I (K I))) (S S (S (z (S (B v5) (I x) (z (v14 z)) B) (I v21 B))))
v21 (x (z v3 I (K I))) (S S (S (z (B v5 (z (v14 z)) (I x (z (v14 z))) B) (I v21 B))))
v21 (x (z v3 I (K I))) (S S (S (z (v5 (z (v14 z) (I x (z (v14 z)))) B) (I v21 B))))
v21 (x (z v3 I (K I))) (S S (S (z (v5 (z (v14 z) (x (z (v14 z)))) B) (I v21 B))))
v21 (x (z v3 I (K I))) (S S (S (z (v5 (z (v14 z) (x (z (v14 z)))) B) (v21 B))))
x z I (x (z S (v8 (I S) S)) x) (B (S x (K I I (z I)) S v17 (S I) (K (B K (v5 z (z K)) I (I (S z)) (B (K S v11 z v2 K))))) x) (x (I (z (v4 (B x) (K S))) (B v0)) I z S (z (v29 B (K B (I (B x))))))
x z I (x (z S (v8 S S)) x) (B (S x (K I I (z I)) S v17 (S I) (K (B K (v5 z (z K)) I (I (S z)) (B (K S v11 z v2 K))))) x) (x (I (z (v4 (B x) (K S))) (B v0)) I z S (z (v29 B (K B (I (B x))))))
x z I (x (z S (v8 S S)) x) (B (x S (K I I (z I) S) v17 (S I) (K (B K (v5 z (z K)) I (I (S z)) (B (K S v11 z v2 K))))) x) (x (I (z (v4 (B x) (K S))) (B v0)) I z S (z (v29 B (K B (I (B x))))))
x z I (x (z S (v8 S S)) x) (B (x S (I (z I) S) v17 (S I) (K (B K (v5 z (z K)) I (I (S z)) (B (K S v11 z v2 K))))) x) (x (I (z (v4 (B x) (K S))) (B v0)) I z S (z (v29 B (K B (I (B x))))))
x z I (x (z S (v8 S S)) x) (B (x S (z I S) v17 (S I) (K (B K (v5 z (z K)) I (I (S z)) (B (K S v11 z v2 K))))) x) (x (I (z (v4 (B x) (K S))) (B v0)) I z S (z (v29 B (K B (I (B x))))))
x z I (x (z S (v8 S S)) x) (B (x S (z I S) v17 (S I) (K (K (v5 z (z K) I) (I (S z)) (B (K S v11 z v2 K))))) x) (x (I (z (v4 (B x) (K S))) (B v0)) I z S (z (v29 B (K B (I (B x))))))
x z I (x (z S (v8 S S)) x) (B (x S (z I S) v17 (S I) (K (v5 z (z K) I (B (K S v11 z v2 K))))) x) (x (I (z (v4 (B x) (K S))) (B v0)) I z S (z (v29 B (K B (I (B x))))))
x z I (x (z S (v8 S S)) x) (B (x S (z I S) v17 (S I) (K (v5 z (z K) I (B (S z v2 K))))) x) (x (I (z (v4 (B x) (K S))) (B v0)) I z S (z (v29 B (K B (I (B x))))))
x z I (x (z S (v8 S S)) x) (B (x S (z I S) v17 (S I) (K (v5 z (z K) I (B (z K (v2 K)))))) x) (x (I (z (v4 (B x) (K S))) (B v0)) I z S (z (v29 B (K B (I (B x))))))
x z I (x (z S (v8 S S)) x) (B (x S (z I S) v17 (S I) (K (v5 z (z K) I (B (z K (v2 K)))))) x) (x (z (v4 (B x) (K S)) (B v0)) I z S (z (v29 B (K B (I (B x))))))
x z I (x (z S (v8 S S)) x) (B (x S (z I S) v17 (S I) (K (v5 z (z K) I (B (z K (v2 K)))))) x) (x (z (v4 (B x) (K S)) (B v0)) I z S (z (v29 B B)))
x (K (I S)) (x (x (B B (z (K I))) (K I B) (z z (B B)) (S B K (S K (v16 (S (z (v16 I) v10)))) S z (K x (v0 K (v23 v16 (z B)) (K z) (z (x K)) B)))) (S (x x)))
x (K S) (x (x (B B (z (K I))) (K I B) (z z (B B)) (S B K (S K (v16 (S (z (v16 I) v10)))) S z (K x (v0 K (v23 v16 (z B)) (K z) (z (x K)) B)))) (S (x x)))
x (K S) (x (x (B B (z (K I))) I (z z (B B)) (S B K (S K (v16 (S (z (v16 I) v10)))) S z (K x (v0 K (v23 v16 (z B)) (K z) (z (x K)) B)))) (S (x x)))
x (K S) (x (x (B B (z (K I))) I (z z (B B)) (B (S K (v16 (S (z (v16 I) v10)))) (K (S K (v16 (S (z (v16 I) v10))))) S z (K x (v0 K (v23 v16 (z B)) (K z) (z (x K)) B)))) (S (x x)))
x (K S) (x (x (B B (z (K I))) I (z z (B B)) (S K (v16 (S (z (v16 I) v10))) (K (S K (v16 (S (z (v16 I) v10)))) S) z (K x (v0 K (v23 v16 (z B)) (K z) (z (x K)) B)))) (S (x x)))
x (K S) (x (x (B B (z (K I))) I (z z (B B)) (K (K (S K (v16 (S (z (v16 I) v10)))) S) (v16 (S (z (v16 I) v10)) (K (S K (v16 (S (z (v16 I) v10)))) S)) z (K x (v0 K (v23 v16 (z B)) (K z) (z (x K)) B)))) (S (x x)))
x (K S) (x (x (B B (z (K I))) I (z z (B B)) (K (S K (v16 (S (z (v16 I) v10)))) S z (K x (v0 K (v23 v16 (z B)) (K z) (z (x K)) B)))) (S (x x)))
x (K S) (x (x (B B (z (K I))) I (z z (B B)) (S K (v16 (S (z (v16 I) v10))) z (K x (v0 K (v23 v16 (z B)) (K z) (z (x K)) B)))) (S (x x)))
x (K S) (x (x (B B (z (K I))) I (z z (B B)) (K z (v16 (S (z (v16 I) v10)) z) (K x (v0 K (v23 v16 (z B)) (K z) (z (x K)) B)))) (S (x x)))
x (K S) (x (x (B B (z (K I))) I (z z (B B)) (z (K x (v0 K (v23 v16 (z B)) (K z) (z (x K)) B)))) (S (x x)))
x (K S) (x (x (B B (z (K I))) I (z z (B B)) (z x)) (S (x x)))
v1 x
K (I S) (z z z x) I
I S I
S I
I (x I (B v23 B B)) (z (B S) (B (z (I S))) K)
x I (B v23 B B) (z (B S) (B (z (I S))) K)
x I (v23 (B B)) (z (B S) (B (z (I S))) K)
x I (v23 (B B)) (z (B S) (B (z S)) K)
K v10 (S (K K) x) (x (v24 x S)) (B z (K S)) (z (S (z (K v29 v27) v20 (I (S K (B v17)) (I K) (S S) (B (S v27))))))
v10 (x (v24 x S)) (B z (K S)) (z (S (z (K v29 v27) v20 (I (S K (B v17)) (I K) (S S) (B (S v27))))))
v10 (x (v24 x S)) (B z (K S)) (z (S (z v29 v20 (I (S K (B v17)) (I K) (S S) (B (S v27))))))
v10 (x (v24 x S)) (B z (K S)) (z (S (z v29 v20 (S K (B v17) (I K) (S S) (B (S v27))))))
v10 (x (v24 x S)) (B z (K S)) (z (S (z v29 v20 (K (I K) (B v17 (I K)) (S S) (B (S v27))))))
v10 (x (v24 x S)) (B z (K S)) (z (S (z v29 v20 (I K (S S) (B (S v27))))))
v10 (x (v24 x S)) (B z (K S)) (z (S (z v29 v20 (K (S S) (B (S v27))))))
v10 (x (v24 x S)) (B z (K S)) (z (S (z v29 v20 (S S))))
v22 (v19 (x K) (z I) z (v22 I (x (I B z) S (v8 S))) (x (x K (v2 I)) (K (S B I) (z B) (B (B z)) (S (K S S) B)) (B z))) (B (B I I) B)
v22 (v19 (x K) (z I) z (v22 I (x (B z) S (v8 S))) (x (x K (v2 I)) (K (S B I) (z B) (B (B z)) (S (K S S) B)) (B z))) (B (B I I) B)
v22 (v19 (x K) (z I) z (v22 I (x (B z) S (v8 S))) (x (x K (v2 I)) (S B I (B (B z)) (S (K S S) B)) (B z))) (B (B I I) B)
v22 (v19 (x K) (z I) z (v22 I (x (B z) S (v8 S))) (x (x K (v2 I)) (B (B (B z)) (I (B (B z))) (S (K S S) B)) (B z))) (B (B I I) B)
v22 (v19 (x K) (z I) z (v22 I (x (B z) S (v8 S))) (x (x K (v2 I)) (B (B z) (I (B (B z)) (S (K S S) B))) (B z))) (B (B I I) B)
v22 (v19 (x K) (z I) z (v22 I (x (B z) S (v8 S))) (x (x K (v2 I)) (B (B z) (B (B z) (S (K S S) B))) (B z))) (B (B I I) B)
v22 (v19 (x K) (z I) z (v22 I (x (B z) S (v8 S))) (x (x K (v2 I)) (B (B z) (B (B z) (S S B))) (B z))) (B (B I I) B)
