z
x
v11 (v28 K B) (K (I x K)) B (S (K K S (x S z)) x I) (S (x I z) x (K z B) (I K)) (v28 (x K) (S B)) (x (z (B S I I)) x (v9 S))
v11 (v28 K B) (K (x K)) B (S (K K S (x S z)) x I) (S (x I z) x (K z B) (I K)) (v28 (x K) (S B)) (x (z (B S I I)) x (v9 S))
v11 (v28 K B) (K (x K)) B (K K S (x S z) I (x I)) (S (x I z) x (K z B) (I K)) (v28 (x K) (S B)) (x (z (B S I I)) x (v9 S))
v11 (v28 K B) (K (x K)) B (K (x S z) I (x I)) (S (x I z) x (K z B) (I K)) (v28 (x K) (S B)) (x (z (B S I I)) x (v9 S))
v11 (v28 K B) (K (x K)) B (x S z (x I)) (S (x I z) x (K z B) (I K)) (v28 (x K) (S B)) (x (z (B S I I)) x (v9 S))
v11 (v28 K B) (K (x K)) B (x S z (x I)) (x I z (K z B) (x (K z B)) (I K)) (v28 (x K) (S B)) (x (z (B S I I)) x (v9 S))
v11 (v28 K B) (K (x K)) B (x S z (x I)) (x I z z (x (K z B)) (I K)) (v28 (x K) (S B)) (x (z (B S I I)) x (v9 S))
v11 (v28 K B) (K (x K)) B (x S z (x I)) (x I z z (x z) (I K)) (v28 (x K) (S B)) (x (z (B S I I)) x (v9 S))
v11 (v28 K B) (K (x K)) B (x S z (x I)) (x I z z (x z) K) (v28 (x K) (S B)) (x (z (B S I I)) x (v9 S))
v11 (v28 K B) (K (x K)) B (x S z (x I)) (x I z z (x z) K) (v28 (x K) (S B)) (x (z (S (I I))) x (v9 S))
v11 (v28 K B) (K (x K)) B (x S z (x I)) (x I z z (x z) K) (v28 (x K) (S B)) (x (z (S I)) x (v9 S))
S v16 (v29 x) (S x) (I (B (S I S S S))) (z x (v24 (B (x (v6 x))) (z x) (K x (x B (S K)) K x z) v17 (K (v17 (v13 S))) (I (z (x S) (B I))))) v29
v16 (S x) (v29 x (S x)) (I (B (S I S S S))) (z x (v24 (B (x (v6 x))) (z x) (K x (x B (S K)) K x z) v17 (K (v17 (v13 S))) (I (z (x S) (B I))))) v29
v16 (S x) (v29 x (S x)) (B (S I S S S)) (z x (v24 (B (x (v6 x))) (z x) (K x (x B (S K)) K x z) v17 (K (v17 (v13 S))) (I (z (x S) (B I))))) v29
v16 (S x) (v29 x (S x)) (B (I S (S S) S)) (z x (v24 (B (x (v6 x))) (z x) (K x (x B (S K)) K x z) v17 (K (v17 (v13 S))) (I (z (x S) (B I))))) v29
v16 (S x) (v29 x (S x)) (B (S (S S) S)) (z x (v24 (B (x (v6 x))) (z x) (K x (x B (S K)) K x z) v17 (K (v17 (v13 S))) (I (z (x S) (B I))))) v29
v16 (S x) (v29 x (S x)) (B (S (S S) S)) (z x (v24 (B (x (v6 x))) (z x) (x K x z) v17 (K (v17 (v13 S))) (I (z (x S) (B I))))) v29
v16 (S x) (v29 x (S x)) (B (S (S S) S)) (z x (v24 (B (x (v6 x))) (z x) (x K x z) v17 (K (v17 (v13 S))) (z (x S) (B I)))) v29
z z I (S (x K (v10 x) K)) (x (B (S S K) B v19 (v1 (S I (x (B K)) B (S z S)))))
z z I (S (x K (v10 x) K)) (x (S S K (B v19) (v1 (S I (x (B K)) B (S z S)))))
z z I (S (x K (v10 x) K)) (x (S (B v19) (K (B v19)) (v1 (S I (x (B K)) B (S z S)))))
z z I (S (x K (v10 x) K)) (x (B v19 (v1 (S I (x (B K)) B (S z S))) (K (B v19) (v1 (S I (x (B K)) B (S z S))))))
z z I (S (x K (v10 x) K)) (x (v19 (v1 (S I (x (B K)) B (S z S)) (K (B v19) (v1 (S I (x (B K)) B (S z S)))))))
z z I (S (x K (v10 x) K)) (x (v19 (v1 (I B (x (B K) B) (S z S)) (K (B v19) (v1 (S I (x (B K)) B (S z S)))))))
z z I (S (x K (v10 x) K)) (x (v19 (v1 (B (x (B K) B) (S z S)) (K (B v19) (v1 (S I (x (B K)) B (S z S)))))))
z z I (S (x K (v10 x) K)) (x (v19 (v1 (B (x (B K) B) (S z S)) (B v19))))
z
B v6 (K K (B S)) (S v10 (B S) x K) v28 (z x z K (B B (K K I S)) (v20 (I K S I (x v25)) S)) (I x) z
v6 (K K (B S) (S v10 (B S) x K)) v28 (z x z K (B B (K K I S)) (v20 (I K S I (x v25)) S)) (I x) z
v6 (K (S v10 (B S) x K)) v28 (z x z K (B B (K K I S)) (v20 (I K S I (x v25)) S)) (I x) z
v6 (K (v10 x (B S x) K)) v28 (z x z K (B B (K K I S)) (v20 (I K S I (x v25)) S)) (I x) z
v6 (K (v10 x (B S x) K)) v28 (z x z K (B B (K S)) (v20 (I K S I (x v25)) S)) (I x) z
v6 (K (v10 x (B S x) K)) v28 (z x z K (B B (K S)) (v20 (K S I (x v25)) S)) (I x) z
v6 (K (v10 x (B S x) K)) v28 (z x z K (B B (K S)) (v20 (S (x v25)) S)) (I x) z
v6 (K (v10 x (B S x) K)) v28 (z x z K (B B (K S)) (v20 (S (x v25)) S)) x z
x v14 (I v3 (z S (v6 K))) I K (S I B (v28 x) S (z B (z S) v26)) (v19 (v22 S)) x (K B)
x v14 (v3 (z S (v6 K))) I K (S I B (v28 x) S (z B (z S) v26)) (v19 (v22 S)) x (K B)
x v14 (v3 (z S (v6 K))) I K (I (v28 x) (B (v28 x)) S (z B (z S) v26)) (v19 (v22 S)) x (K B)
x v14 (v3 (z S (v6 K))) I K (v28 x (B (v28 x)) S (z B (z S) v26)) (v19 (v22 S)) x (K B)
z (B K) x (x (v1 x z)) I I v20 v17 I (x B (z x) (x (v22 I (K (x K (v13 v22 (K I)) (K (B (v16 v11)) K)))))) (S z (x (I S S) (v20 B)) (B (S (K x (S B) v13 x))))
z (B K) x (x (v1 x z)) I I v20 v17 I (x B (z x) (x (v22 I (K (x K (v13 v22 (K I)) (B (v16 v11))))))) (S z (x (I S S) (v20 B)) (B (S (K x (S B) v13 x))))
z (B K) x (x (v1 x z)) I I v20 v17 I (x B (z x) (x (v22 I (K (x K (v13 v22 (K I)) (B (v16 v11))))))) (z (B (S (K x (S B) v13 x))) (x (I S S) (v20 B) (B (S (K x (S B) v13 x)))))
z (B K) x (x (v1 x z)) I I v20 v17 I (x B (z x) (x (v22 I (K (x K (v13 v22 (K I)) (B (v16 v11))))))) (z (B (S (x v13 x))) (x (I S S) (v20 B) (B (S (K x (S B) v13 x)))))
z (B K) x (x (v1 x z)) I I v20 v17 I (x B (z x) (x (v22 I (K (x K (v13 v22 (K I)) (B (v16 v11))))))) (z (B (S (x v13 x))) (x (S S) (v20 B) (B (S (K x (S B) v13 x)))))
z (B K) x (x (v1 x z)) I I v20 v17 I (x B (z x) (x (v22 I (K (x K (v13 v22 (K I)) (B (v16 v11))))))) (z (B (S (x v13 x))) (x (S S) (v20 B) (B (S (x v13 x)))))
v20 S (K (x B (z K z))) (K (I x B) (I S) (B I))
v20 S (K (x B (z K z))) (I x B (B I))
v20 S (K (x B (z K z))) (x B (B I))
