S (z (K (v22 v11 (S z I) S))) (I B (z (S z z)) (z (B I) (K (z z)) (K (z (K S S) S I I) (x (x S B) x)))) (z v21 (z B (x K) (x (z x (v24 S I)))) (B (x x)) (S (I z B I S)))
z (K (v22 v11 (S z I) S)) (z v21 (z B (x K) (x (z x (v24 S I)))) (B (x x)) (S (I z B I S))) (I B (z (S z z)) (z (B I) (K (z z)) (K (z (K S S) S I I) (x (x S B) x))) (z v21 (z B (x K) (x (z x (v24 S I)))) (B (x x)) (S (I z B I S))))
z (K (v22 v11 (S z I) S)) (z v21 (z B (x K) (x (z x (v24 S I)))) (B (x x)) (S (z B I S))) (I B (z (S z z)) (z (B I) (K (z z)) (K (z (K S S) S I I) (x (x S B) x))) (z v21 (z B (x K) (x (z x (v24 S I)))) (B (x x)) (S (I z B I S))))
z (K (v22 v11 (S z I) S)) (z v21 (z B (x K) (x (z x (v24 S I)))) (B (x x)) (S (z B I S))) (B (z (S z z)) (z (B I) (K (z z)) (K (z (K S S) S I I) (x (x S B) x))) (z v21 (z B (x K) (x (z x (v24 S I)))) (B (x x)) (S (I z B I S))))
z (K (v22 v11 (S z I) S)) (z v21 (z B (x K) (x (z x (v24 S I)))) (B (x x)) (S (z B I S))) (z (S z z) (z (B I) (K (z z)) (K (z (K S S) S I I) (x (x S B) x)) (z v21 (z B (x K) (x (z x (v24 S I)))) (B (x x)) (S (I z B I S)))))
z (K (v22 v11 (S z I) S)) (z v21 (z B (x K) (x (z x (v24 S I)))) (B (x x)) (S (z B I S))) (z (S z z) (z (B I) (K (z z)) (z (K S S) S I I) (z v21 (z B (x K) (x (z x (v24 S I)))) (B (x x)) (S (I z B I S)))))
z (K (v22 v11 (S z I) S)) (z v21 (z B (x K) (x (z x (v24 S I)))) (B (x x)) (S (z B I S))) (z (S z z) (z (B I) (K (z z)) (z S S I I) (z v21 (z B (x K) (x (z x (v24 S I)))) (B (x x)) (S (I z B I S)))))
z (K (v22 v11 (S z I) S)) (z v21 (z B (x K) (x (z x (v24 S I)))) (B (x x)) (S (z B I S))) (z (S z z) (z (B I) (K (z z)) (z S S I I) (z v21 (z B (x K) (x (z x (v24 S I)))) (B (x x)) (S (z B I S)))))
v28 I (I (K K (v24 (B x)))) (z S (S (K (I (v14 I)))) B S) (z (B (I S x)))
v28 I (K K (v24 (B x))) (z S (S (K (I (v14 I)))) B S) (z (B (I S x)))
v28 I K (z S (S (K (I (v14 I)))) B S) (z (B (I S x)))
v28 I K (z S (S (K (v14 I))) B S) (z (B (I S x)))
v28 I K (z S (S (K (v14 I))) B S) (z (B (S x)))
S (S (z (I z S (K (x (x K))) (B (S (x K)) (K I))))) B (S (I (v14 S (v11 (v5 (v2 B) K I (B (z I)))) z) (I S)))
S (z (I z S (K (x (x K))) (B (S (x K)) (K I)))) (S (I (v14 S (v11 (v5 (v2 B) K I (B (z I)))) z) (I S))) (B (S (I (v14 S (v11 (v5 (v2 B) K I (B (z I)))) z) (I S))))
z (I z S (K (x (x K))) (B (S (x K)) (K I))) (B (S (I (v14 S (v11 (v5 (v2 B) K I (B (z I)))) z) (I S)))) (S (I (v14 S (v11 (v5 (v2 B) K I (B (z I)))) z) (I S)) (B (S (I (v14 S (v11 (v5 (v2 B) K I (B (z I)))) z) (I S)))))
z (z S (K (x (x K))) (B (S (x K)) (K I))) (B (S (I (v14 S (v11 (v5 (v2 B) K I (B (z I)))) z) (I S)))) (S (I (v14 S (v11 (v5 (v2 B) K I (B (z I)))) z) (I S)) (B (S (I (v14 S (v11 (v5 (v2 B) K I (B (z I)))) z) (I S)))))
z (z S (K (x (x K))) (B (S (x K)) (K I))) (B (S (v14 S (v11 (v5 (v2 B) K I (B (z I)))) z (I S)))) (S (I (v14 S (v11 (v5 (v2 B) K I (B (z I)))) z) (I S)) (B (S (I (v14 S (v11 (v5 (v2 B) K I (B (z I)))) z) (I S)))))
z (z S (K (x (x K))) (B (S (x K)) (K I))) (B (S (v14 S (v11 (v5 (v2 B) K I (B (z I)))) z S))) (S (I (v14 S (v11 (v5 (v2 B) K I (B (z I)))) z) (I S)) (B (S (I (v14 S (v11 (v5 (v2 B) K I (B (z I)))) z) (I S)))))
z (z S (K (x (x K))) (B (S (x K)) (K I))) (B (S (v14 S (v11 (v5 (v2 B) K I (B (z I)))) z S))) (S (v14 S (v11 (v5 (v2 B) K I (B (z I)))) z (I S)) (B (S (I (v14 S (v11 (v5 (v2 B) K I (B (z I)))) z) (I S)))))
z (z S (K (x (x K))) (B (S (x K)) (K I))) (B (S (v14 S (v11 (v5 (v2 B) K I (B (z I)))) z S))) (S (v14 S (v11 (v5 (v2 B) K I (B (z I)))) z S) (B (S (I (v14 S (v11 (v5 (v2 B) K I (B (z I)))) z) (I S)))))
z (z S (K (x (x K))) (B (S (x K)) (K I))) (B (S (v14 S (v11 (v5 (v2 B) K I (B (z I)))) z S))) (S (v14 S (v11 (v5 (v2 B) K I (B (z I)))) z S) (B (S (v14 S (v11 (v5 (v2 B) K I (B (z I)))) z (I S)))))
z (z S (K (x (x K))) (B (S (x K)) (K I))) (B (S (v14 S (v11 (v5 (v2 B) K I (B (z I)))) z S))) (S (v14 S (v11 (v5 (v2 B) K I (B (z I)))) z S) (B (S (v14 S (v11 (v5 (v2 B) K I (B (z I)))) z S))))
B
B (K (S (z K))) (S I (S z (K x) S (B (v30 x z (z v8) B (v30 (I z)))))) (z (S z) (S x (x K (B x)) (x v3)) (z (K (I I (v0 S I)))))
K (S (z K)) (S I (S z (K x) S (B (v30 x z (z v8) B (v30 (I z))))) (z (S z) (S x (x K (B x)) (x v3)) (z (K (I I (v0 S I))))))
S (z K)
B (v17 I) (v15 (K (x B))) I (B (B z I K S (K (I B B z I)) (S B I))) z (v25 (S B S B I (z S (I (S (v23 (x B) S) K))))) (S (S B (z (K v8 (K (x K (K B)))) x)) (B (B (v24 K K)) (v24 (x (S B v30 x))))) (I S x (K (I B)) (K K) v19 v13 S (K v23 z) I)
v17 I (v15 (K (x B)) I) (B (B z I K S (K (I B B z I)) (S B I))) z (v25 (S B S B I (z S (I (S (v23 (x B) S) K))))) (S (S B (z (K v8 (K (x K (K B)))) x)) (B (B (v24 K K)) (v24 (x (S B v30 x))))) (I S x (K (I B)) (K K) v19 v13 S (K v23 z) I)
v17 I (v15 (K (x B)) I) (B (z (I K) S (K (I B B z I)) (S B I))) z (v25 (S B S B I (z S (I (S (v23 (x B) S) K))))) (S (S B (z (K v8 (K (x K (K B)))) x)) (B (B (v24 K K)) (v24 (x (S B v30 x))))) (I S x (K (I B)) (K K) v19 v13 S (K v23 z) I)
v17 I (v15 (K (x B)) I) (B (z K S (K (I B B z I)) (S B I))) z (v25 (S B S B I (z S (I (S (v23 (x B) S) K))))) (S (S B (z (K v8 (K (x K (K B)))) x)) (B (B (v24 K K)) (v24 (x (S B v30 x))))) (I S x (K (I B)) (K K) v19 v13 S (K v23 z) I)
v17 I (v15 (K (x B)) I) (B (z K S (K (B B z I)) (S B I))) z (v25 (S B S B I (z S (I (S (v23 (x B) S) K))))) (S (S B (z (K v8 (K (x K (K B)))) x)) (B (B (v24 K K)) (v24 (x (S B v30 x))))) (I S x (K (I B)) (K K) v19 v13 S (K v23 z) I)
v17 I (v15 (K (x B)) I) (B (z K S (K (B (z I))) (S B I))) z (v25 (S B S B I (z S (I (S (v23 (x B) S) K))))) (S (S B (z (K v8 (K (x K (K B)))) x)) (B (B (v24 K K)) (v24 (x (S B v30 x))))) (I S x (K (I B)) (K K) v19 v13 S (K v23 z) I)
v17 I (v15 (K (x B)) I) (B (z K S (K (B (z I))) (S B I))) z (v25 (B B (S B) I (z S (I (S (v23 (x B) S) K))))) (S (S B (z (K v8 (K (x K (K B)))) x)) (B (B (v24 K K)) (v24 (x (S B v30 x))))) (I S x (K (I B)) (K K) v19 v13 S (K v23 z) I)
v17 I (v15 (K (x B)) I) (B (z K S (K (B (z I))) (S B I))) z (v25 (B (S B I) (z S (I (S (v23 (x B) S) K))))) (S (S B (z (K v8 (K (x K (K B)))) x)) (B (B (v24 K K)) (v24 (x (S B v30 x))))) (I S x (K (I B)) (K K) v19 v13 S (K v23 z) I)
v17 I (v15 (K (x B)) I) (B (z K S (K (B (z I))) (S B I))) z (v25 (B (S B I) (z S (S (v23 (x B) S) K)))) (S (S B (z (K v8 (K (x K (K B)))) x)) (B (B (v24 K K)) (v24 (x (S B v30 x))))) (I S x (K (I B)) (K K) v19 v13 S (K v23 z) I)
v17 I (v15 (K (x B)) I) (B (z K S (K (B (z I))) (S B I))) z (v25 (B (S B I) (z S (S (v23 (x B) S) K)))) (S (S B (z v8 x)) (B (B (v24 K K)) (v24 (x (S B v30 x))))) (I S x (K (I B)) (K K) v19 v13 S (K v23 z) I)
v17 I (v15 (K (x B)) I) (B (z K S (K (B (z I))) (S B I))) z (v25 (B (S B I) (z S (S (v23 (x B) S) K)))) (S (S B (z v8 x)) (B (B (v24 K K)) (v24 (x (B x (v30 x)))))) (I S x (K (I B)) (K K) v19 v13 S (K v23 z) I)
v17 I (v15 (K (x B)) I) (B (z K S (K (B (z I))) (S B I))) z (v25 (B (S B I) (z S (S (v23 (x B) S) K)))) (S (S B (z v8 x)) (B (B (v24 K K)) (v24 (x (B x (v30 x)))))) (S x (K (I B)) (K K) v19 v13 S (K v23 z) I)
v17 I (v15 (K (x B)) I) (B (z K S (K (B (z I))) (S B I))) z (v25 (B (S B I) (z S (S (v23 (x B) S) K)))) (S (S B (z v8 x)) (B (B (v24 K K)) (v24 (x (B x (v30 x)))))) (x (K K) (K (I B) (K K)) v19 v13 S (K v23 z) I)
v17 I (v15 (K (x B)) I) (B (z K S (K (B (z I))) (S B I))) z (v25 (B (S B I) (z S (S (v23 (x B) S) K)))) (S (S B (z v8 x)) (B (B (v24 K K)) (v24 (x (B x (v30 x)))))) (x (K K) (I B) v19 v13 S (K v23 z) I)
v17 I (v15 (K (x B)) I) (B (z K S (K (B (z I))) (S B I))) z (v25 (B (S B I) (z S (S (v23 (x B) S) K)))) (S (S B (z v8 x)) (B (B (v24 K K)) (v24 (x (B x (v30 x)))))) (x (K K) B v19 v13 S (K v23 z) I)
v17 I (v15 (K (x B)) I) (B (z K S (K (B (z I))) (S B I))) z (v25 (B (S B I) (z S (S (v23 (x B) S) K)))) (S (S B (z v8 x)) (B (B (v24 K K)) (v24 (x (B x (v30 x)))))) (x (K K) B v19 v13 S v23 I)
S
S (B x (S x) (S x x)) S
S (x (S x (S x x))) S
v27
B (I (K v24 (S (K (K S z))) (S x) K) B (I (S K) (S (B v9))) (K S v0 (K v27 v24) z (v27 K) z))
B (K v24 (S (K (K S z))) (S x) K B (I (S K) (S (B v9))) (K S v0 (K v27 v24) z (v27 K) z))
B (v24 (S x) K B (I (S K) (S (B v9))) (K S v0 (K v27 v24) z (v27 K) z))
B (v24 (S x) K B (S K (S (B v9))) (K S v0 (K v27 v24) z (v27 K) z))
B (v24 (S x) K B (S K (S (B v9))) (S (K v27 v24) z (v27 K) z))
B (v24 (S x) K B (S K (S (B v9))) (K v27 v24 (v27 K) (z (v27 K)) z))
B (v24 (S x) K B (S K (S (B v9))) (v27 (v27 K) (z (v27 K)) z))
