v18
z
v30 K (z S) (I v17) (z (v0 (z I K (I (S (z S)))) (B I (S I) v0) (K (K B))))
v30 K (z S) v17 (z (v0 (z I K (I (S (z S)))) (B I (S I) v0) (K (K B))))
v30 K (z S) v17 (z (v0 (z I K (S (z S))) (B I (S I) v0) (K (K B))))
v30 K (z S) v17 (z (v0 (z I K (S (z S))) (I (S I v0)) (K (K B))))
v30 K (z S) v17 (z (v0 (z I K (S (z S))) (S I v0) (K (K B))))
v0 z I (x K (z (x I I)) B (K I (S K) z) (x (z (x (v7 x)) (z (v11 B (B v11 x)) (I S (x B) K) K)))) (S I)
v0 z I (x K (z (x I I)) B (I z) (x (z (x (v7 x)) (z (v11 B (B v11 x)) (I S (x B) K) K)))) (S I)
v0 z I (x K (z (x I I)) B z (x (z (x (v7 x)) (z (v11 B (B v11 x)) (I S (x B) K) K)))) (S I)
v0 z I (x K (z (x I I)) B z (x (z (x (v7 x)) (z (v11 B (B v11 x)) (S (x B) K) K)))) (S I)
K (v9 (K (x K I)) v13 v25) (v23 z (I I) (x v15 x (v9 (I x)))) (K (x (v7 (z v25 (z I (x x B) v16) B B)) S) (v29 (B v26) (I B I)) (z I (B I) (v23 x I z) (K x z)) (v10 (I B (v14 x (z v4 I (x (K (B v6)))) (K K (I (B (v10 S))) (x z)) (v25 I)))))
v9 (K (x K I)) v13 v25 (K (x (v7 (z v25 (z I (x x B) v16) B B)) S) (v29 (B v26) (I B I)) (z I (B I) (v23 x I z) (K x z)) (v10 (I B (v14 x (z v4 I (x (K (B v6)))) (K K (I (B (v10 S))) (x z)) (v25 I)))))
v9 (K (x K I)) v13 v25 (x (v7 (z v25 (z I (x x B) v16) B B)) S (z I (B I) (v23 x I z) (K x z)) (v10 (I B (v14 x (z v4 I (x (K (B v6)))) (K K (I (B (v10 S))) (x z)) (v25 I)))))
v9 (K (x K I)) v13 v25 (x (v7 (z v25 (z I (x x B) v16) B B)) S (z I (B I) (v23 x I z) x) (v10 (I B (v14 x (z v4 I (x (K (B v6)))) (K K (I (B (v10 S))) (x z)) (v25 I)))))
v9 (K (x K I)) v13 v25 (x (v7 (z v25 (z I (x x B) v16) B B)) S (z I (B I) (v23 x I z) x) (v10 (B (v14 x (z v4 I (x (K (B v6)))) (K K (I (B (v10 S))) (x z)) (v25 I)))))
v9 (K (x K I)) v13 v25 (x (v7 (z v25 (z I (x x B) v16) B B)) S (z I (B I) (v23 x I z) x) (v10 (B (v14 x (z v4 I (x (K (B v6)))) (K (x z)) (v25 I)))))
K I x (I B (z (I x) (K x v16)) B) (S S) (I z (K (I B) z K z (K (B x S)) (I B (K (K S x) (z v20 K) I))))
I (I B (z (I x) (K x v16)) B) (S S) (I z (K (I B) z K z (K (B x S)) (I B (K (K S x) (z v20 K) I))))
I B (z (I x) (K x v16)) B (S S) (I z (K (I B) z K z (K (B x S)) (I B (K (K S x) (z v20 K) I))))
B (z (I x) (K x v16)) B (S S) (I z (K (I B) z K z (K (B x S)) (I B (K (K S x) (z v20 K) I))))
z (I x) (K x v16) (B (S S)) (I z (K (I B) z K z (K (B x S)) (I B (K (K S x) (z v20 K) I))))
z x (K x v16) (B (S S)) (I z (K (I B) z K z (K (B x S)) (I B (K (K S x) (z v20 K) I))))
z x x (B (S S)) (I z (K (I B) z K z (K (B x S)) (I B (K (K S x) (z v20 K) I))))
z x x (B (S S)) (z (K (I B) z K z (K (B x S)) (I B (K (K S x) (z v20 K) I))))
z x x (B (S S)) (z (I B K z (K (B x S)) (I B (K (K S x) (z v20 K) I))))
z x x (B (S S)) (z (B K z (K (B x S)) (I B (K (K S x) (z v20 K) I))))
z x x (B (S S)) (z (K (z (K (B x S))) (I B (K (K S x) (z v20 K) I))))
z x x (B (S S)) (z (z (K (B x S))))
K (B (x x v26 (S (S z) (K K S))) (K (I B B (x x) K))) v10 (K (v1 (v29 x) (K v13) v23) (I v16) (I S (z (S (S z)) v21))) (I (S S v26))
B (x x v26 (S (S z) (K K S))) (K (I B B (x x) K)) (K (v1 (v29 x) (K v13) v23) (I v16) (I S (z (S (S z)) v21))) (I (S S v26))
x x v26 (S (S z) (K K S)) (K (I B B (x x) K) (K (v1 (v29 x) (K v13) v23) (I v16) (I S (z (S (S z)) v21)))) (I (S S v26))
x x v26 (S (S z) K) (K (I B B (x x) K) (K (v1 (v29 x) (K v13) v23) (I v16) (I S (z (S (S z)) v21)))) (I (S S v26))
x x v26 (S (S z) K) (I B B (x x) K) (I (S S v26))
x x v26 (S (S z) K) (B B (x x) K) (I (S S v26))
x x v26 (S (S z) K) (B (x x K)) (I (S S v26))
x x v26 (S (S z) K) (B (x x K)) (S S v26)
v7
K
I (B (x B)) (x (S (B v24) (I z)) (z (I B S z (I (v24 B (x x (B (x I) S I))))) (S B (I (z K S) (S (z x) (B z) z (z K))) (x B))))
B (x B) (x (S (B v24) (I z)) (z (I B S z (I (v24 B (x x (B (x I) S I))))) (S B (I (z K S) (S (z x) (B z) z (z K))) (x B))))
B (x B) (x (S (B v24) z) (z (I B S z (I (v24 B (x x (B (x I) S I))))) (S B (I (z K S) (S (z x) (B z) z (z K))) (x B))))
B (x B) (x (S (B v24) z) (z (B S z (I (v24 B (x x (B (x I) S I))))) (S B (I (z K S) (S (z x) (B z) z (z K))) (x B))))
B (x B) (x (S (B v24) z) (z (S (z (I (v24 B (x x (B (x I) S I)))))) (S B (I (z K S) (S (z x) (B z) z (z K))) (x B))))
B (x B) (x (S (B v24) z) (z (S (z (v24 B (x x (B (x I) S I))))) (S B (I (z K S) (S (z x) (B z) z (z K))) (x B))))
B (x B) (x (S (B v24) z) (z (S (z (v24 B (x x (x I (S I)))))) (S B (I (z K S) (S (z x) (B z) z (z K))) (x B))))
B (x B) (x (S (B v24) z) (z (S (z (v24 B (x x (x I (S I)))))) (B (x B) (I (z K S) (S (z x) (B z) z (z K)) (x B)))))
B (x B) (x (S (B v24) z) (z (S (z (v24 B (x x (x I (S I)))))) (B (x B) (z K S (S (z x) (B z) z (z K)) (x B)))))
B (x B) (x (S (B v24) z) (z (S (z (v24 B (x x (x I (S I)))))) (B (x B) (z K S (z x z (B z z) (z K)) (x B)))))
