B
I (x (I (x B v8) (K (z (v19 z))))) z v3 B
x (I (x B v8) (K (z (v19 z)))) z v3 B
x (x B v8 (K (z (v19 z)))) z v3 B
S (z (v26 I B (B S z) (I x (v6 I z) (B z)))) (K (S K))
S (z (v26 I B (B S z) (x (v6 I z) (B z)))) (K (S K))
z (I I (K (I K)))
z (I (K (I K)))
z (K (I K))
z (K K)
K (z x (B (x v0) (S x) (S (K I x (B (B x) K I (v6 B v27)))) (z (I K x (v20 (K x))))))
K (z x (x v0 (S x (S (K I x (B (B x) K I (v6 B v27))))) (z (I K x (v20 (K x))))))
K (z x (x v0 (S x (S (I (B (B x) K I (v6 B v27))))) (z (I K x (v20 (K x))))))
K (z x (x v0 (S x (S (B (B x) K I (v6 B v27)))) (z (I K x (v20 (K x))))))
K (z x (x v0 (S x (S (B x (K I) (v6 B v27)))) (z (I K x (v20 (K x))))))
K (z x (x v0 (S x (S (x (K I (v6 B v27))))) (z (I K x (v20 (K x))))))
K (z x (x v0 (S x (S (x I))) (z (I K x (v20 (K x))))))
K (z x (x v0 (S x (S (x I))) (z (K x (v20 (K x))))))
K (z x (x v0 (S x (S (x I))) (z x)))
K (I (S z (z (K S B) (I z (x (I v30)))) (z (K S (B (v16 z) S))))) (S (z (I (x z S) (z I)) (z B)) (K (S I)) v5) (S (z S) v28 (x (z B)) (z (I x v3)) v23)
I (S z (z (K S B) (I z (x (I v30)))) (z (K S (B (v16 z) S)))) (S (z S) v28 (x (z B)) (z (I x v3)) v23)
S z (z (K S B) (I z (x (I v30)))) (z (K S (B (v16 z) S))) (S (z S) v28 (x (z B)) (z (I x v3)) v23)
z (z (K S (B (v16 z) S))) (z (K S B) (I z (x (I v30))) (z (K S (B (v16 z) S)))) (S (z S) v28 (x (z B)) (z (I x v3)) v23)
z (z S) (z (K S B) (I z (x (I v30))) (z (K S (B (v16 z) S)))) (S (z S) v28 (x (z B)) (z (I x v3)) v23)
z (z S) (z S (I z (x (I v30))) (z (K S (B (v16 z) S)))) (S (z S) v28 (x (z B)) (z (I x v3)) v23)
z (z S) (z S (z (x (I v30))) (z (K S (B (v16 z) S)))) (S (z S) v28 (x (z B)) (z (I x v3)) v23)
z (z S) (z S (z (x v30)) (z (K S (B (v16 z) S)))) (S (z S) v28 (x (z B)) (z (I x v3)) v23)
z (z S) (z S (z (x v30)) (z S)) (S (z S) v28 (x (z B)) (z (I x v3)) v23)
z (z S) (z S (z (x v30)) (z S)) (z S (x (z B)) (v28 (x (z B))) (z (I x v3)) v23)
z (z S) (z S (z (x v30)) (z S)) (z S (x (z B)) (v28 (x (z B))) (z (x v3)) v23)
I S (v7 (K v10) (B S (K v21) v16)) (I B (B B I x) (K S (v10 (x (S (S K))) (K (K B) B))) I) (B z)
S (v7 (K v10) (B S (K v21) v16)) (I B (B B I x) (K S (v10 (x (S (S K))) (K (K B) B))) I) (B z)
v7 (K v10) (B S (K v21) v16) (B z) (I B (B B I x) (K S (v10 (x (S (S K))) (K (K B) B))) I (B z))
v7 (K v10) (S (K v21 v16)) (B z) (I B (B B I x) (K S (v10 (x (S (S K))) (K (K B) B))) I (B z))
v7 (K v10) (S v21) (B z) (I B (B B I x) (K S (v10 (x (S (S K))) (K (K B) B))) I (B z))
v7 (K v10) (S v21) (B z) (B (B B I x) (K S (v10 (x (S (S K))) (K (K B) B))) I (B z))
v7 (K v10) (S v21) (B z) (B B I x (K S (v10 (x (S (S K))) (K (K B) B)) I) (B z))
v7 (K v10) (S v21) (B z) (B (I x) (K S (v10 (x (S (S K))) (K (K B) B)) I) (B z))
v7 (K v10) (S v21) (B z) (I x (K S (v10 (x (S (S K))) (K (K B) B)) I (B z)))
v7 (K v10) (S v21) (B z) (x (K S (v10 (x (S (S K))) (K (K B) B)) I (B z)))
v7 (K v10) (S v21) (B z) (x (S I (B z)))
v3 S (B B (x B z) S x (I B B) z (S (I (z K) (K B v21) B) (x (K z)))) (K v11 S x I)
v3 S (B (x B z S) x (I B B) z (S (I (z K) (K B v21) B) (x (K z)))) (K v11 S x I)
v3 S (x B z S (x (I B B)) z (S (I (z K) (K B v21) B) (x (K z)))) (K v11 S x I)
v3 S (x B z S (x (B B)) z (S (I (z K) (K B v21) B) (x (K z)))) (K v11 S x I)
v3 S (x B z S (x (B B)) z (S (z K (K B v21) B) (x (K z)))) (K v11 S x I)
v3 S (x B z S (x (B B)) z (S (z K B B) (x (K z)))) (K v11 S x I)
v3 S (x B z S (x (B B)) z (S (z K B B) (x (K z)))) (v11 x I)
B (z B)
v29 (I (S B (S (z K) (v16 x I))) I) z
v29 (S B (S (z K) (v16 x I)) I) z
v29 (B I (S (z K) (v16 x I) I)) z
v29 (B I (z K I (v16 x I I))) z
