z (z v14) (K (I (x z S z)) (K (K x)) v20 (I (v7 S) B) (S (x z x)) x (B (B (z (K (z x S) I z))) v10) I)
z (z v14) (I (x z S z) v20 (I (v7 S) B) (S (x z x)) x (B (B (z (K (z x S) I z))) v10) I)
z (z v14) (x z S z v20 (I (v7 S) B) (S (x z x)) x (B (B (z (K (z x S) I z))) v10) I)
z (z v14) (x z S z v20 (v7 S B) (S (x z x)) x (B (B (z (K (z x S) I z))) v10) I)
z (z v14) (x z S z v20 (v7 S B) (S (x z x)) x (B (B (z (z x S z))) v10) I)
S (x x S (v18 (K (B v28)) (S (x B I)) I)) z (B K (K S)) (K (I v1) S v8 (S z (B B) S B K))
x x S (v18 (K (B v28)) (S (x B I)) I) (B K (K S)) (z (B K (K S))) (K (I v1) S v8 (S z (B B) S B K))
x x S (v18 (K (B v28)) (S (x B I)) I) (B K (K S)) (z (B K (K S))) (I v1 v8 (S z (B B) S B K))
x x S (v18 (K (B v28)) (S (x B I)) I) (B K (K S)) (z (B K (K S))) (v1 v8 (S z (B B) S B K))
x x S (v18 (K (B v28)) (S (x B I)) I) (B K (K S)) (z (B K (K S))) (v1 v8 (z S (B B S) B K))
z (S v20 z (z (K (B I))) (v3 I)) (K K (K (x v12))) x (z S (z (I (I v30 B B B x I v10))))
z (v20 (z (K (B I))) (z (z (K (B I)))) (v3 I)) (K K (K (x v12))) x (z S (z (I (I v30 B B B x I v10))))
z (v20 (z (K (B I))) (z (z (K (B I)))) (v3 I)) K x (z S (z (I (I v30 B B B x I v10))))
z (v20 (z (K (B I))) (z (z (K (B I)))) (v3 I)) K x (z S (z (I v30 B B B x I v10)))
z (v20 (z (K (B I))) (z (z (K (B I)))) (v3 I)) K x (z S (z (v30 B B B x I v10)))
S (K (B x (v3 (I (z I) I)) (B (v25 (B I)) (v13 S))))
S (K (x (v3 (I (z I) I) (B (v25 (B I)) (v13 S)))))
S (K (x (v3 (z I I) (B (v25 (B I)) (v13 S)))))
I (S (z I I) (S (S x S (B (K v18 (B I v16))))) z)
S (z I I) (S (S x S (B (K v18 (B I v16))))) z
z I I z (S (S x S (B (K v18 (B I v16)))) z)
z I I z (S (x (B (K v18 (B I v16))) (S (B (K v18 (B I v16))))) z)
z I I z (S (x (B v18) (S (B (K v18 (B I v16))))) z)
z I I z (S (x (B v18) (S (B v18))) z)
v17 (B z) (z K (I x))
v17 (B z) (z K x)
K
x (x (x B) I)
B
v24 (v18 (B (K (v5 (z K (K I v22))) (I (x z)) I))) B (S (x B (K K) I) (K v26)) (x (S (B (I v14))) v9 (z z z) v28) (K x)
v24 (v18 (B (v5 (z K (K I v22)) I))) B (S (x B (K K) I) (K v26)) (x (S (B (I v14))) v9 (z z z) v28) (K x)
v24 (v18 (B (v5 (z K I) I))) B (S (x B (K K) I) (K v26)) (x (S (B (I v14))) v9 (z z z) v28) (K x)
v24 (v18 (B (v5 (z K I) I))) B (S (x B (K K) I) (K v26)) (x (S (B v14)) v9 (z z z) v28) (K x)
