v19 (z S S S I (x x (v0 x)) (S (K (K z B S (x z z x))) (z (B I (x v29 S) z) (S z) S)))
v19 (z S S S I (x x (v0 x)) (S (K (z S (x z z x))) (z (B I (x v29 S) z) (S z) S)))
v19 (z S S S I (x x (v0 x)) (S (K (z S (x z z x))) (z (I (x v29 S z)) (S z) S)))
v19 (z S S S I (x x (v0 x)) (S (K (z S (x z z x))) (z (x v29 S z) (S z) S)))
x (S (x (K I (S B) v13 S) (I (B (x I)) z)))
x (S (x (I v13 S) (I (B (x I)) z)))
x (S (x (v13 S) (I (B (x I)) z)))
x (S (x (v13 S) (B (x I) z)))
z B (B K (S z (I (z x)) (v30 (v15 S) K) (I (x S) (I S) v16) S) K)
z B (K (S z (I (z x)) (v30 (v15 S) K) (I (x S) (I S) v16) S K))
z B (K (z (v30 (v15 S) K) (I (z x) (v30 (v15 S) K)) (I (x S) (I S) v16) S K))
z B (K (z (v30 (v15 S) K) (z x (v30 (v15 S) K)) (I (x S) (I S) v16) S K))
z B (K (z (v30 (v15 S) K) (z x (v30 (v15 S) K)) (x S (I S) v16) S K))
z B (K (z (v30 (v15 S) K) (z x (v30 (v15 S) K)) (x S S v16) S K))
S I
I I (I (z B) (x (x I x B) (v29 (S v8 (I (B z) (z (v18 (S v26 S I)))))) z) v29 (I K)) (I z)
I (I (z B) (x (x I x B) (v29 (S v8 (I (B z) (z (v18 (S v26 S I)))))) z) v29 (I K)) (I z)
I (z B) (x (x I x B) (v29 (S v8 (I (B z) (z (v18 (S v26 S I)))))) z) v29 (I K) (I z)
z B (x (x I x B) (v29 (S v8 (I (B z) (z (v18 (S v26 S I)))))) z) v29 (I K) (I z)
z B (x (x I x B) (v29 (S v8 (B z (z (v18 (S v26 S I)))))) z) v29 (I K) (I z)
z B (x (x I x B) (v29 (S v8 (B z (z (v18 (v26 I (S I))))))) z) v29 (I K) (I z)
z B (x (x I x B) (v29 (S v8 (B z (z (v18 (v26 I (S I))))))) z) v29 K (I z)
z B (x (x I x B) (v29 (S v8 (B z (z (v18 (v26 I (S I))))))) z) v29 K z
x (I (I S z (B (I (I (S I)) (B K K) z) (v19 x (x K) (x B) (I (K I B) S)))) (S I (v6 (B (x x)) I) z v26 (x v9) (z B)))
x (I S z (B (I (I (S I)) (B K K) z) (v19 x (x K) (x B) (I (K I B) S))) (S I (v6 (B (x x)) I) z v26 (x v9) (z B)))
x (S z (B (I (I (S I)) (B K K) z) (v19 x (x K) (x B) (I (K I B) S))) (S I (v6 (B (x x)) I) z v26 (x v9) (z B)))
x (z (S I (v6 (B (x x)) I) z v26 (x v9) (z B)) (B (I (I (S I)) (B K K) z) (v19 x (x K) (x B) (I (K I B) S)) (S I (v6 (B (x x)) I) z v26 (x v9) (z B))))
x (z (I z (v6 (B (x x)) I z) v26 (x v9) (z B)) (B (I (I (S I)) (B K K) z) (v19 x (x K) (x B) (I (K I B) S)) (S I (v6 (B (x x)) I) z v26 (x v9) (z B))))
x (z (z (v6 (B (x x)) I z) v26 (x v9) (z B)) (B (I (I (S I)) (B K K) z) (v19 x (x K) (x B) (I (K I B) S)) (S I (v6 (B (x x)) I) z v26 (x v9) (z B))))
x (z (z (v6 (B (x x)) I z) v26 (x v9) (z B)) (I (I (S I)) (B K K) z (v19 x (x K) (x B) (I (K I B) S) (S I (v6 (B (x x)) I) z v26 (x v9) (z B)))))
x (z (z (v6 (B (x x)) I z) v26 (x v9) (z B)) (I (S I) (B K K) z (v19 x (x K) (x B) (I (K I B) S) (S I (v6 (B (x x)) I) z v26 (x v9) (z B)))))
x (z (z (v6 (B (x x)) I z) v26 (x v9) (z B)) (S I (B K K) z (v19 x (x K) (x B) (I (K I B) S) (S I (v6 (B (x x)) I) z v26 (x v9) (z B)))))
x (z (z (v6 (B (x x)) I z) v26 (x v9) (z B)) (I z (B K K z) (v19 x (x K) (x B) (I (K I B) S) (S I (v6 (B (x x)) I) z v26 (x v9) (z B)))))
x (z (z (v6 (B (x x)) I z) v26 (x v9) (z B)) (z (B K K z) (v19 x (x K) (x B) (I (K I B) S) (S I (v6 (B (x x)) I) z v26 (x v9) (z B)))))
x (z (z (v6 (B (x x)) I z) v26 (x v9) (z B)) (z (K (K z)) (v19 x (x K) (x B) (I (K I B) S) (S I (v6 (B (x x)) I) z v26 (x v9) (z B)))))
x (z (z (v6 (B (x x)) I z) v26 (x v9) (z B)) (z (K (K z)) (v19 x (x K) (x B) (K I B S) (S I (v6 (B (x x)) I) z v26 (x v9) (z B)))))
x (z (z (v6 (B (x x)) I z) v26 (x v9) (z B)) (z (K (K z)) (v19 x (x K) (x B) (I S) (S I (v6 (B (x x)) I) z v26 (x v9) (z B)))))
x (z (z (v6 (B (x x)) I z) v26 (x v9) (z B)) (z (K (K z)) (v19 x (x K) (x B) S (S I (v6 (B (x x)) I) z v26 (x v9) (z B)))))
x (z (z (v6 (B (x x)) I z) v26 (x v9) (z B)) (z (K (K z)) (v19 x (x K) (x B) S (I z (v6 (B (x x)) I z) v26 (x v9) (z B)))))
x (z (z (v6 (B (x x)) I z) v26 (x v9) (z B)) (z (K (K z)) (v19 x (x K) (x B) S (z (v6 (B (x x)) I z) v26 (x v9) (z B)))))
S (I x (S x) I (v25 B (z S))) (S (v27 (K (x (v15 (S K) (I B)) I)) I) K) (S (B x) z)
I x (S x) I (v25 B (z S)) (S (B x) z) (S (v27 (K (x (v15 (S K) (I B)) I)) I) K (S (B x) z))
x (S x) I (v25 B (z S)) (S (B x) z) (S (v27 (K (x (v15 (S K) (I B)) I)) I) K (S (B x) z))
x (S x) I (v25 B (z S)) (S (B x) z) (v27 (K (x (v15 (S K) (I B)) I)) I (S (B x) z) (K (S (B x) z)))
x (S x) I (v25 B (z S)) (S (B x) z) (v27 (K (x (v15 (S K) B) I)) I (S (B x) z) (K (S (B x) z)))
I (B (K (I z)) (K z S v27) (z (z S (z B))) v4) (B (I I (B v5 (B B) x) (v27 S) (B z) K)) (K (S (B (x z)) z) (K I) (I I (x (z (v25 x I))) S) I (x (x B) (I v0)) S (I (K (B (v29 v11))) (K (z (z I) z v1)) (I (v22 (I v24))) x (v6 B (v28 I (z x z v3)) (x x I) v15)))
B (K (I z)) (K z S v27) (z (z S (z B))) v4 (B (I I (B v5 (B B) x) (v27 S) (B z) K)) (K (S (B (x z)) z) (K I) (I I (x (z (v25 x I))) S) I (x (x B) (I v0)) S (I (K (B (v29 v11))) (K (z (z I) z v1)) (I (v22 (I v24))) x (v6 B (v28 I (z x z v3)) (x x I) v15)))
K (I z) (K z S v27 (z (z S (z B)))) v4 (B (I I (B v5 (B B) x) (v27 S) (B z) K)) (K (S (B (x z)) z) (K I) (I I (x (z (v25 x I))) S) I (x (x B) (I v0)) S (I (K (B (v29 v11))) (K (z (z I) z v1)) (I (v22 (I v24))) x (v6 B (v28 I (z x z v3)) (x x I) v15)))
I z v4 (B (I I (B v5 (B B) x) (v27 S) (B z) K)) (K (S (B (x z)) z) (K I) (I I (x (z (v25 x I))) S) I (x (x B) (I v0)) S (I (K (B (v29 v11))) (K (z (z I) z v1)) (I (v22 (I v24))) x (v6 B (v28 I (z x z v3)) (x x I) v15)))
z v4 (B (I I (B v5 (B B) x) (v27 S) (B z) K)) (K (S (B (x z)) z) (K I) (I I (x (z (v25 x I))) S) I (x (x B) (I v0)) S (I (K (B (v29 v11))) (K (z (z I) z v1)) (I (v22 (I v24))) x (v6 B (v28 I (z x z v3)) (x x I) v15)))
z v4 (B (I (B v5 (B B) x) (v27 S) (B z) K)) (K (S (B (x z)) z) (K I) (I I (x (z (v25 x I))) S) I (x (x B) (I v0)) S (I (K (B (v29 v11))) (K (z (z I) z v1)) (I (v22 (I v24))) x (v6 B (v28 I (z x z v3)) (x x I) v15)))
z v4 (B (B v5 (B B) x (v27 S) (B z) K)) (K (S (B (x z)) z) (K I) (I I (x (z (v25 x I))) S) I (x (x B) (I v0)) S (I (K (B (v29 v11))) (K (z (z I) z v1)) (I (v22 (I v24))) x (v6 B (v28 I (z x z v3)) (x x I) v15)))
z v4 (B (v5 (B B x) (v27 S) (B z) K)) (K (S (B (x z)) z) (K I) (I I (x (z (v25 x I))) S) I (x (x B) (I v0)) S (I (K (B (v29 v11))) (K (z (z I) z v1)) (I (v22 (I v24))) x (v6 B (v28 I (z x z v3)) (x x I) v15)))
z v4 (B (v5 (B B x) (v27 S) (B z) K)) (S (B (x z)) z (I I (x (z (v25 x I))) S) I (x (x B) (I v0)) S (I (K (B (v29 v11))) (K (z (z I) z v1)) (I (v22 (I v24))) x (v6 B (v28 I (z x z v3)) (x x I) v15)))
z v4 (B (v5 (B B x) (v27 S) (B z) K)) (B (x z) (I I (x (z (v25 x I))) S) (z (I I (x (z (v25 x I))) S)) I (x (x B) (I v0)) S (I (K (B (v29 v11))) (K (z (z I) z v1)) (I (v22 (I v24))) x (v6 B (v28 I (z x z v3)) (x x I) v15)))
z v4 (B (v5 (B B x) (v27 S) (B z) K)) (x z (I I (x (z (v25 x I))) S (z (I I (x (z (v25 x I))) S))) I (x (x B) (I v0)) S (I (K (B (v29 v11))) (K (z (z I) z v1)) (I (v22 (I v24))) x (v6 B (v28 I (z x z v3)) (x x I) v15)))
z v4 (B (v5 (B B x) (v27 S) (B z) K)) (x z (I (x (z (v25 x I))) S (z (I I (x (z (v25 x I))) S))) I (x (x B) (I v0)) S (I (K (B (v29 v11))) (K (z (z I) z v1)) (I (v22 (I v24))) x (v6 B (v28 I (z x z v3)) (x x I) v15)))
z v4 (B (v5 (B B x) (v27 S) (B z) K)) (x z (x (z (v25 x I)) S (z (I I (x (z (v25 x I))) S))) I (x (x B) (I v0)) S (I (K (B (v29 v11))) (K (z (z I) z v1)) (I (v22 (I v24))) x (v6 B (v28 I (z x z v3)) (x x I) v15)))
z v4 (B (v5 (B B x) (v27 S) (B z) K)) (x z (x (z (v25 x I)) S (z (I (x (z (v25 x I))) S))) I (x (x B) (I v0)) S (I (K (B (v29 v11))) (K (z (z I) z v1)) (I (v22 (I v24))) x (v6 B (v28 I (z x z v3)) (x x I) v15)))
z v4 (B (v5 (B B x) (v27 S) (B z) K)) (x z (x (z (v25 x I)) S (z (x (z (v25 x I)) S))) I (x (x B) (I v0)) S (I (K (B (v29 v11))) (K (z (z I) z v1)) (I (v22 (I v24))) x (v6 B (v28 I (z x z v3)) (x x I) v15)))
z v4 (B (v5 (B B x) (v27 S) (B z) K)) (x z (x (z (v25 x I)) S (z (x (z (v25 x I)) S))) I (x (x B) v0) S (I (K (B (v29 v11))) (K (z (z I) z v1)) (I (v22 (I v24))) x (v6 B (v28 I (z x z v3)) (x x I) v15)))
z v4 (B (v5 (B B x) (v27 S) (B z) K)) (x z (x (z (v25 x I)) S (z (x (z (v25 x I)) S))) I (x (x B) v0) S (K (B (v29 v11)) (K (z (z I) z v1)) (I (v22 (I v24))) x (v6 B (v28 I (z x z v3)) (x x I) v15)))
z v4 (B (v5 (B B x) (v27 S) (B z) K)) (x z (x (z (v25 x I)) S (z (x (z (v25 x I)) S))) I (x (x B) v0) S (B (v29 v11) (I (v22 (I v24))) x (v6 B (v28 I (z x z v3)) (x x I) v15)))
z v4 (B (v5 (B B x) (v27 S) (B z) K)) (x z (x (z (v25 x I)) S (z (x (z (v25 x I)) S))) I (x (x B) v0) S (v29 v11 (I (v22 (I v24)) x) (v6 B (v28 I (z x z v3)) (x x I) v15)))
z v4 (B (v5 (B B x) (v27 S) (B z) K)) (x z (x (z (v25 x I)) S (z (x (z (v25 x I)) S))) I (x (x B) v0) S (v29 v11 (v22 (I v24) x) (v6 B (v28 I (z x z v3)) (x x I) v15)))
z v4 (B (v5 (B B x) (v27 S) (B z) K)) (x z (x (z (v25 x I)) S (z (x (z (v25 x I)) S))) I (x (x B) v0) S (v29 v11 (v22 v24 x) (v6 B (v28 I (z x z v3)) (x x I) v15)))
x (x v1 (B (S x (x v3)) I (I (B K))) (I (B v25 (x B S x (S (K (v21 B))) (K (K I)))) (S v20)) (B I x S x K (z S) x (v6 z z (I I))))
x (x v1 (S x (x v3) (I (I (B K)))) (I (B v25 (x B S x (S (K (v21 B))) (K (K I)))) (S v20)) (B I x S x K (z S) x (v6 z z (I I))))
x (x v1 (x (I (I (B K))) (x v3 (I (I (B K))))) (I (B v25 (x B S x (S (K (v21 B))) (K (K I)))) (S v20)) (B I x S x K (z S) x (v6 z z (I I))))
x (x v1 (x (I (B K)) (x v3 (I (I (B K))))) (I (B v25 (x B S x (S (K (v21 B))) (K (K I)))) (S v20)) (B I x S x K (z S) x (v6 z z (I I))))
x (x v1 (x (B K) (x v3 (I (I (B K))))) (I (B v25 (x B S x (S (K (v21 B))) (K (K I)))) (S v20)) (B I x S x K (z S) x (v6 z z (I I))))
x (x v1 (x (B K) (x v3 (I (B K)))) (I (B v25 (x B S x (S (K (v21 B))) (K (K I)))) (S v20)) (B I x S x K (z S) x (v6 z z (I I))))
x (x v1 (x (B K) (x v3 (B K))) (I (B v25 (x B S x (S (K (v21 B))) (K (K I)))) (S v20)) (B I x S x K (z S) x (v6 z z (I I))))
x (x v1 (x (B K) (x v3 (B K))) (B v25 (x B S x (S (K (v21 B))) (K (K I))) (S v20)) (B I x S x K (z S) x (v6 z z (I I))))
x (x v1 (x (B K) (x v3 (B K))) (v25 (x B S x (S (K (v21 B))) (K (K I)) (S v20))) (B I x S x K (z S) x (v6 z z (I I))))
x (x v1 (x (B K) (x v3 (B K))) (v25 (x B S x (S (K (v21 B))) (K (K I)) (S v20))) (I (x S) x K (z S) x (v6 z z (I I))))
x (x v1 (x (B K) (x v3 (B K))) (v25 (x B S x (S (K (v21 B))) (K (K I)) (S v20))) (x S x K (z S) x (v6 z z (I I))))
x (x v1 (x (B K) (x v3 (B K))) (v25 (x B S x (S (K (v21 B))) (K (K I)) (S v20))) (x S x K (z S) x (v6 z z I)))
z
