z (S (I K v0) x (x (I I) (z (z z K B (S K) K))) (B (x K)) z) (z (K K (I I (v20 (v2 K)) B)) z)
z (I K v0 (x (I I) (z (z z K B (S K) K))) (x (x (I I) (z (z z K B (S K) K)))) (B (x K)) z) (z (K K (I I (v20 (v2 K)) B)) z)
z (K v0 (x (I I) (z (z z K B (S K) K))) (x (x (I I) (z (z z K B (S K) K)))) (B (x K)) z) (z (K K (I I (v20 (v2 K)) B)) z)
z (v0 (x (x (I I) (z (z z K B (S K) K)))) (B (x K)) z) (z (K K (I I (v20 (v2 K)) B)) z)
z (v0 (x (x I (z (z z K B (S K) K)))) (B (x K)) z) (z (K K (I I (v20 (v2 K)) B)) z)
z (v0 (x (x I (z (z z K B (S K) K)))) (B (x K)) z) (z K z)
z K (x x (v29 (K (B B)) K))
K (z (v19 S) (v21 z (x (x (v27 K x)))) (I (z (S (S z)) I) v11)) (K (x (K (z (x (I (S (K S S z))) z (z x v23 K))))))
z (v19 S) (v21 z (x (x (v27 K x)))) (I (z (S (S z)) I) v11)
z (v19 S) (v21 z (x (x (v27 K x)))) (z (S (S z)) I v11)
I (z v17 (S (B (v10 z) S) (I K) K) K (v27 (K x K) (S (B (B z S) (S (S (S B) (I I)) z B S))) (K (v5 B))))
z v17 (S (B (v10 z) S) (I K) K) K (v27 (K x K) (S (B (B z S) (S (S (S B) (I I)) z B S))) (K (v5 B)))
z v17 (B (v10 z) S K (I K K)) K (v27 (K x K) (S (B (B z S) (S (S (S B) (I I)) z B S))) (K (v5 B)))
z v17 (v10 z (S K) (I K K)) K (v27 (K x K) (S (B (B z S) (S (S (S B) (I I)) z B S))) (K (v5 B)))
z v17 (v10 z (S K) (K K)) K (v27 (K x K) (S (B (B z S) (S (S (S B) (I I)) z B S))) (K (v5 B)))
z v17 (v10 z (S K) (K K)) K (v27 x (S (B (B z S) (S (S (S B) (I I)) z B S))) (K (v5 B)))
z v17 (v10 z (S K) (K K)) K (v27 x (S (B (B z S) (S (S B) (I I) B (z B) S))) (K (v5 B)))
z v17 (v10 z (S K) (K K)) K (v27 x (S (B (B z S) (S B B (I I B) (z B) S))) (K (v5 B)))
z v17 (v10 z (S K) (K K)) K (v27 x (S (B (B z S) (B (I I B) (B (I I B)) (z B) S))) (K (v5 B)))
z v17 (v10 z (S K) (K K)) K (v27 x (S (B (B z S) (I I B (B (I I B) (z B)) S))) (K (v5 B)))
z v17 (v10 z (S K) (K K)) K (v27 x (S (B (B z S) (I B (B (I I B) (z B)) S))) (K (v5 B)))
z v17 (v10 z (S K) (K K)) K (v27 x (S (B (B z S) (B (B (I I B) (z B)) S))) (K (v5 B)))
z v17 (v10 z (S K) (K K)) K (v27 x (S (B (B z S) (B (B (I B) (z B)) S))) (K (v5 B)))
z v17 (v10 z (S K) (K K)) K (v27 x (S (B (B z S) (B (B B (z B)) S))) (K (v5 B)))
z (x v24) (z (z x S (I (z S) (z I I) S)))
z (x v24) (z (z x S (z S (z I I) S)))
B (K I) (v15 S S) (K S) v9 (v13 I)
K I (v15 S S (K S)) v9 (v13 I)
I v9 (v13 I)
v9 (v13 I)
B z B (z S (z (z I))) (B (S x) (K (S (S (I (S I (S S)) B x) z)))) z
z (B (z S (z (z I)))) (B (S x) (K (S (S (I (S I (S S)) B x) z)))) z
z (B (z S (z (z I)))) (B (S x) (K (S (S (S I (S S) B x) z)))) z
z (B (z S (z (z I)))) (B (S x) (K (S (S (I B (S S B) x) z)))) z
z (B (z S (z (z I)))) (B (S x) (K (S (S (B (S S B) x) z)))) z
B
x (x (B (x S) B S))
x (x (x S (B S)))
z (B v27 (x S))
