B (x K z (B (x (K z))) x K) (I B) (x (z x x v17) z x (S (z I)) (x (K (S (K (I (K B))) z (x x (x B (z (x (B S)))) B)) (K K z K))))
x K z (B (x (K z))) x K (I B (x (z x x v17) z x (S (z I)) (x (K (S (K (I (K B))) z (x x (x B (z (x (B S)))) B)) (K K z K)))))
x K z (B (x (K z))) x K (B (x (z x x v17) z x (S (z I)) (x (K (S (K (I (K B))) z (x x (x B (z (x (B S)))) B)) (K K z K)))))
x K z (B (x (K z))) x K (B (x (z x x v17) z x (S (z I)) (x (S (K (I (K B))) z (x x (x B (z (x (B S)))) B)))))
x K z (B (x (K z))) x K (B (x (z x x v17) z x (S (z I)) (x (K (I (K B)) (x x (x B (z (x (B S)))) B) (z (x x (x B (z (x (B S)))) B))))))
x K z (B (x (K z))) x K (B (x (z x x v17) z x (S (z I)) (x (I (K B) (z (x x (x B (z (x (B S)))) B))))))
x K z (B (x (K z))) x K (B (x (z x x v17) z x (S (z I)) (x (K B (z (x x (x B (z (x (B S)))) B))))))
x K z (B (x (K z))) x K (B (x (z x x v17) z x (S (z I)) (x B)))
K
I
S
x
B (z (S S)) (K (B (B (I (S (K z B) I)))) (S K (v7 K) S) (v9 S (B x))) B
z (S S) (K (B (B (I (S (K z B) I)))) (S K (v7 K) S) (v9 S (B x)) B)
z (S S) (B (B (I (S (K z B) I))) (v9 S (B x)) B)
z (S S) (B (I (S (K z B) I)) (v9 S (B x) B))
z (S S) (B (S (K z B) I) (v9 S (B x) B))
z (S S) (B (S z I) (v9 S (B x) B))
K
I (z (S S K)) (v19 v10) (z (x S z z) (v17 z B I) (z (v14 B x) S z) z I) (v11 (I (K x)) (x z)) S
z (S S K) (v19 v10) (z (x S z z) (v17 z B I) (z (v14 B x) S z) z I) (v11 (I (K x)) (x z)) S
z (S S K) (v19 v10) (z (x S z z) (v17 z B I) (z (v14 B x) S z) z I) (v11 (K x) (x z)) S
z
x (z I z) B K
