S x
v30 I (B I) S S (I (v14 v10 z)) (K I (z (K S) z) v4)
v30 I (B I) S S (v14 v10 z) (K I (z (K S) z) v4)
v30 I (B I) S S (v14 v10 z) (I v4)
v30 I (B I) S S (v14 v10 z) v4
x (z I)
v5 (I S v30) (B (K S v0 (B v0 (v12 S x x (z x z K))) I x)) (B S (x v8 (B v5 x) (B z)) (I S (v4 (v29 S) (I z)) (x (S K) (x I (v23 K) B (K K)) K I) S (I I (K S) (z x))))
v5 (S v30) (B (K S v0 (B v0 (v12 S x x (z x z K))) I x)) (B S (x v8 (B v5 x) (B z)) (I S (v4 (v29 S) (I z)) (x (S K) (x I (v23 K) B (K K)) K I) S (I I (K S) (z x))))
v5 (S v30) (B (S (B v0 (v12 S x x (z x z K))) I x)) (B S (x v8 (B v5 x) (B z)) (I S (v4 (v29 S) (I z)) (x (S K) (x I (v23 K) B (K K)) K I) S (I I (K S) (z x))))
v5 (S v30) (B (B v0 (v12 S x x (z x z K)) x (I x))) (B S (x v8 (B v5 x) (B z)) (I S (v4 (v29 S) (I z)) (x (S K) (x I (v23 K) B (K K)) K I) S (I I (K S) (z x))))
v5 (S v30) (B (v0 (v12 S x x (z x z K) x) (I x))) (B S (x v8 (B v5 x) (B z)) (I S (v4 (v29 S) (I z)) (x (S K) (x I (v23 K) B (K K)) K I) S (I I (K S) (z x))))
v5 (S v30) (B (v0 (v12 S x x (z x z K) x) x)) (B S (x v8 (B v5 x) (B z)) (I S (v4 (v29 S) (I z)) (x (S K) (x I (v23 K) B (K K)) K I) S (I I (K S) (z x))))
v5 (S v30) (B (v0 (v12 S x x (z x z K) x) x)) (S (x v8 (B v5 x) (B z) (I S (v4 (v29 S) (I z)) (x (S K) (x I (v23 K) B (K K)) K I) S (I I (K S) (z x)))))
v5 (S v30) (B (v0 (v12 S x x (z x z K) x) x)) (S (x v8 (B v5 x) (B z) (S (v4 (v29 S) (I z)) (x (S K) (x I (v23 K) B (K K)) K I) S (I I (K S) (z x)))))
v5 (S v30) (B (v0 (v12 S x x (z x z K) x) x)) (S (x v8 (B v5 x) (B z) (v4 (v29 S) (I z) S (x (S K) (x I (v23 K) B (K K)) K I S) (I I (K S) (z x)))))
v5 (S v30) (B (v0 (v12 S x x (z x z K) x) x)) (S (x v8 (B v5 x) (B z) (v4 (v29 S) z S (x (S K) (x I (v23 K) B (K K)) K I S) (I I (K S) (z x)))))
v5 (S v30) (B (v0 (v12 S x x (z x z K) x) x)) (S (x v8 (B v5 x) (B z) (v4 (v29 S) z S (x (S K) (x I (v23 K) B (K K)) K I S) (I (K S) (z x)))))
v5 (S v30) (B (v0 (v12 S x x (z x z K) x) x)) (S (x v8 (B v5 x) (B z) (v4 (v29 S) z S (x (S K) (x I (v23 K) B (K K)) K I S) (K S (z x)))))
v5 (S v30) (B (v0 (v12 S x x (z x z K) x) x)) (S (x v8 (B v5 x) (B z) (v4 (v29 S) z S (x (S K) (x I (v23 K) B (K K)) K I S) S)))
K
I B (S S) (S S (z (K v4 x (S (z B)) K) I v6)) (B (v11 (K (B K))) z (B z x v3 (I (z (z (B x)) (I (z K)))) x (K (v10 x S) S) S))
B (S S) (S S (z (K v4 x (S (z B)) K) I v6)) (B (v11 (K (B K))) z (B z x v3 (I (z (z (B x)) (I (z K)))) x (K (v10 x S) S) S))
S S (S S (z (K v4 x (S (z B)) K) I v6) (B (v11 (K (B K))) z (B z x v3 (I (z (z (B x)) (I (z K)))) x (K (v10 x S) S) S)))
S S (S (B (v11 (K (B K))) z (B z x v3 (I (z (z (B x)) (I (z K)))) x (K (v10 x S) S) S)) (z (K v4 x (S (z B)) K) I v6 (B (v11 (K (B K))) z (B z x v3 (I (z (z (B x)) (I (z K)))) x (K (v10 x S) S) S))))
S S (S (v11 (K (B K)) (z (B z x v3 (I (z (z (B x)) (I (z K)))) x (K (v10 x S) S) S))) (z (K v4 x (S (z B)) K) I v6 (B (v11 (K (B K))) z (B z x v3 (I (z (z (B x)) (I (z K)))) x (K (v10 x S) S) S))))
S S (S (v11 (K (B K)) (z (z (x v3) (I (z (z (B x)) (I (z K)))) x (K (v10 x S) S) S))) (z (K v4 x (S (z B)) K) I v6 (B (v11 (K (B K))) z (B z x v3 (I (z (z (B x)) (I (z K)))) x (K (v10 x S) S) S))))
S S (S (v11 (K (B K)) (z (z (x v3) (z (z (B x)) (I (z K))) x (K (v10 x S) S) S))) (z (K v4 x (S (z B)) K) I v6 (B (v11 (K (B K))) z (B z x v3 (I (z (z (B x)) (I (z K)))) x (K (v10 x S) S) S))))
S S (S (v11 (K (B K)) (z (z (x v3) (z (z (B x)) (z K)) x (K (v10 x S) S) S))) (z (K v4 x (S (z B)) K) I v6 (B (v11 (K (B K))) z (B z x v3 (I (z (z (B x)) (I (z K)))) x (K (v10 x S) S) S))))
S S (S (v11 (K (B K)) (z (z (x v3) (z (z (B x)) (z K)) x (v10 x S) S))) (z (K v4 x (S (z B)) K) I v6 (B (v11 (K (B K))) z (B z x v3 (I (z (z (B x)) (I (z K)))) x (K (v10 x S) S) S))))
S S (S (v11 (K (B K)) (z (z (x v3) (z (z (B x)) (z K)) x (v10 x S) S))) (z (v4 (S (z B)) K) I v6 (B (v11 (K (B K))) z (B z x v3 (I (z (z (B x)) (I (z K)))) x (K (v10 x S) S) S))))
S S (S (v11 (K (B K)) (z (z (x v3) (z (z (B x)) (z K)) x (v10 x S) S))) (z (v4 (S (z B)) K) I v6 (v11 (K (B K)) (z (B z x v3 (I (z (z (B x)) (I (z K)))) x (K (v10 x S) S) S)))))
S S (S (v11 (K (B K)) (z (z (x v3) (z (z (B x)) (z K)) x (v10 x S) S))) (z (v4 (S (z B)) K) I v6 (v11 (K (B K)) (z (z (x v3) (I (z (z (B x)) (I (z K)))) x (K (v10 x S) S) S)))))
S S (S (v11 (K (B K)) (z (z (x v3) (z (z (B x)) (z K)) x (v10 x S) S))) (z (v4 (S (z B)) K) I v6 (v11 (K (B K)) (z (z (x v3) (z (z (B x)) (I (z K))) x (K (v10 x S) S) S)))))
S S (S (v11 (K (B K)) (z (z (x v3) (z (z (B x)) (z K)) x (v10 x S) S))) (z (v4 (S (z B)) K) I v6 (v11 (K (B K)) (z (z (x v3) (z (z (B x)) (z K)) x (K (v10 x S) S) S)))))
S S (S (v11 (K (B K)) (z (z (x v3) (z (z (B x)) (z K)) x (v10 x S) S))) (z (v4 (S (z B)) K) I v6 (v11 (K (B K)) (z (z (x v3) (z (z (B x)) (z K)) x (v10 x S) S)))))
K (z S v12 S I) K (x z (K K) z (S (B I (v30 B)) (x (x (v24 (B B)) (K K (I I (z x) (z (S B)))))))) (v15 v10)
z S v12 S I (x z (K K) z (S (B I (v30 B)) (x (x (v24 (B B)) (K K (I I (z x) (z (S B)))))))) (v15 v10)
z S v12 S I (x z (K K) z (S (B I (v30 B)) (x (x (v24 (B B)) K)))) (v15 v10)
B
x v29 z (v8 (v22 (z (K I B B)) (x (v8 B x x z v5) v14) x) z) (B (S v6) (K (B S x))) (z v11 (z I (B z) (B (B (I S) S)) (B (z (S (v29 (z I) (x (I S) S))) K) (I x) (v17 B (x z) B))))
x v29 z (v8 (v22 (z (I B)) (x (v8 B x x z v5) v14) x) z) (B (S v6) (K (B S x))) (z v11 (z I (B z) (B (B (I S) S)) (B (z (S (v29 (z I) (x (I S) S))) K) (I x) (v17 B (x z) B))))
x v29 z (v8 (v22 (z B) (x (v8 B x x z v5) v14) x) z) (B (S v6) (K (B S x))) (z v11 (z I (B z) (B (B (I S) S)) (B (z (S (v29 (z I) (x (I S) S))) K) (I x) (v17 B (x z) B))))
x v29 z (v8 (v22 (z B) (x (v8 B x x z v5) v14) x) z) (B (S v6) (K (B S x))) (z v11 (z I (B z) (B (B S S)) (B (z (S (v29 (z I) (x (I S) S))) K) (I x) (v17 B (x z) B))))
x v29 z (v8 (v22 (z B) (x (v8 B x x z v5) v14) x) z) (B (S v6) (K (B S x))) (z v11 (z I (B z) (B (B S S)) (z (S (v29 (z I) (x (I S) S))) K (I x (v17 B (x z) B)))))
x v29 z (v8 (v22 (z B) (x (v8 B x x z v5) v14) x) z) (B (S v6) (K (B S x))) (z v11 (z I (B z) (B (B S S)) (z (S (v29 (z I) (x S S))) K (I x (v17 B (x z) B)))))
x v29 z (v8 (v22 (z B) (x (v8 B x x z v5) v14) x) z) (B (S v6) (K (B S x))) (z v11 (z I (B z) (B (B S S)) (z (S (v29 (z I) (x S S))) K (x (v17 B (x z) B)))))
x B (x K S) (v0 z) (K (x S K)) S S (x I (B (I (z v23))) (v28 (B S (S (K S) K)))) (K x (x z x) (B (I (I (I (S x)) S S x) (S v24 B)) (S B (S v29) (v13 I) (v27 (S (I B) K))) (S v22 (z x))))
x B (x K S) (v0 z) (K (x S K)) S S (x I (B (z v23)) (v28 (B S (S (K S) K)))) (K x (x z x) (B (I (I (I (S x)) S S x) (S v24 B)) (S B (S v29) (v13 I) (v27 (S (I B) K))) (S v22 (z x))))
x B (x K S) (v0 z) (K (x S K)) S S (x I (B (z v23)) (v28 (B S (S (K S) K)))) (x (B (I (I (I (S x)) S S x) (S v24 B)) (S B (S v29) (v13 I) (v27 (S (I B) K))) (S v22 (z x))))
x B (x K S) (v0 z) (K (x S K)) S S (x I (B (z v23)) (v28 (B S (S (K S) K)))) (x (I (I (I (S x)) S S x) (S v24 B) (S B (S v29) (v13 I) (v27 (S (I B) K)) (S v22 (z x)))))
x B (x K S) (v0 z) (K (x S K)) S S (x I (B (z v23)) (v28 (B S (S (K S) K)))) (x (I (I (S x)) S S x (S v24 B) (S B (S v29) (v13 I) (v27 (S (I B) K)) (S v22 (z x)))))
x B (x K S) (v0 z) (K (x S K)) S S (x I (B (z v23)) (v28 (B S (S (K S) K)))) (x (I (S x) S S x (S v24 B) (S B (S v29) (v13 I) (v27 (S (I B) K)) (S v22 (z x)))))
x B (x K S) (v0 z) (K (x S K)) S S (x I (B (z v23)) (v28 (B S (S (K S) K)))) (x (S x S S x (S v24 B) (S B (S v29) (v13 I) (v27 (S (I B) K)) (S v22 (z x)))))
x B (x K S) (v0 z) (K (x S K)) S S (x I (B (z v23)) (v28 (B S (S (K S) K)))) (x (x S (S S) x (S v24 B) (S B (S v29) (v13 I) (v27 (S (I B) K)) (S v22 (z x)))))
x B (x K S) (v0 z) (K (x S K)) S S (x I (B (z v23)) (v28 (B S (S (K S) K)))) (x (x S (S S) x (S v24 B) (B (v13 I) (S v29 (v13 I)) (v27 (S (I B) K)) (S v22 (z x)))))
x B (x K S) (v0 z) (K (x S K)) S S (x I (B (z v23)) (v28 (B S (S (K S) K)))) (x (x S (S S) x (S v24 B) (v13 I (S v29 (v13 I) (v27 (S (I B) K))) (S v22 (z x)))))
x B (x K S) (v0 z) (K (x S K)) S S (x I (B (z v23)) (v28 (B S (S (K S) K)))) (x (x S (S S) x (S v24 B) (v13 I (v29 (v27 (S (I B) K)) (v13 I (v27 (S (I B) K)))) (S v22 (z x)))))
x B (x K S) (v0 z) (K (x S K)) S S (x I (B (z v23)) (v28 (B S (S (K S) K)))) (x (x S (S S) x (S v24 B) (v13 I (v29 (v27 (S B K)) (v13 I (v27 (S (I B) K)))) (S v22 (z x)))))
x B (x K S) (v0 z) (K (x S K)) S S (x I (B (z v23)) (v28 (B S (S (K S) K)))) (x (x S (S S) x (S v24 B) (v13 I (v29 (v27 (S B K)) (v13 I (v27 (S B K)))) (S v22 (z x)))))
