x (I (I v6 (z B) S) K K) v25 (S (I (I z) v19 I K (K (S K S S z)))) (B (z (x z z)) (B (S S) v10 (x S B)) (B z (I I)) (S B S) (v28 S S (K (v21 (z (z z)) (v27 z))) (K (S v0 (x (v17 I) (v28 S)) K) z (K (S I) I))))
x (I v6 (z B) S K K) v25 (S (I (I z) v19 I K (K (S K S S z)))) (B (z (x z z)) (B (S S) v10 (x S B)) (B z (I I)) (S B S) (v28 S S (K (v21 (z (z z)) (v27 z))) (K (S v0 (x (v17 I) (v28 S)) K) z (K (S I) I))))
x (v6 (z B) S K K) v25 (S (I (I z) v19 I K (K (S K S S z)))) (B (z (x z z)) (B (S S) v10 (x S B)) (B z (I I)) (S B S) (v28 S S (K (v21 (z (z z)) (v27 z))) (K (S v0 (x (v17 I) (v28 S)) K) z (K (S I) I))))
x (v6 (z B) S K K) v25 (S (I z v19 I K (K (S K S S z)))) (B (z (x z z)) (B (S S) v10 (x S B)) (B z (I I)) (S B S) (v28 S S (K (v21 (z (z z)) (v27 z))) (K (S v0 (x (v17 I) (v28 S)) K) z (K (S I) I))))
x (v6 (z B) S K K) v25 (S (z v19 I K (K (S K S S z)))) (B (z (x z z)) (B (S S) v10 (x S B)) (B z (I I)) (S B S) (v28 S S (K (v21 (z (z z)) (v27 z))) (K (S v0 (x (v17 I) (v28 S)) K) z (K (S I) I))))
x (v6 (z B) S K K) v25 (S (z v19 I K (K (K S (S S) z)))) (B (z (x z z)) (B (S S) v10 (x S B)) (B z (I I)) (S B S) (v28 S S (K (v21 (z (z z)) (v27 z))) (K (S v0 (x (v17 I) (v28 S)) K) z (K (S I) I))))
x (v6 (z B) S K K) v25 (S (z v19 I K (K (S z)))) (B (z (x z z)) (B (S S) v10 (x S B)) (B z (I I)) (S B S) (v28 S S (K (v21 (z (z z)) (v27 z))) (K (S v0 (x (v17 I) (v28 S)) K) z (K (S I) I))))
x (v6 (z B) S K K) v25 (S (z v19 I K (K (S z)))) (z (x z z) (B (S S) v10 (x S B) (B z (I I))) (S B S) (v28 S S (K (v21 (z (z z)) (v27 z))) (K (S v0 (x (v17 I) (v28 S)) K) z (K (S I) I))))
x (v6 (z B) S K K) v25 (S (z v19 I K (K (S z)))) (z (x z z) (S S (v10 (x S B)) (B z (I I))) (S B S) (v28 S S (K (v21 (z (z z)) (v27 z))) (K (S v0 (x (v17 I) (v28 S)) K) z (K (S I) I))))
x (v6 (z B) S K K) v25 (S (z v19 I K (K (S z)))) (z (x z z) (S (B z (I I)) (v10 (x S B) (B z (I I)))) (S B S) (v28 S S (K (v21 (z (z z)) (v27 z))) (K (S v0 (x (v17 I) (v28 S)) K) z (K (S I) I))))
x (v6 (z B) S K K) v25 (S (z v19 I K (K (S z)))) (z (x z z) (S (B z I) (v10 (x S B) (B z (I I)))) (S B S) (v28 S S (K (v21 (z (z z)) (v27 z))) (K (S v0 (x (v17 I) (v28 S)) K) z (K (S I) I))))
x (v6 (z B) S K K) v25 (S (z v19 I K (K (S z)))) (z (x z z) (S (B z I) (v10 (x S B) (B z I))) (S B S) (v28 S S (K (v21 (z (z z)) (v27 z))) (K (S v0 (x (v17 I) (v28 S)) K) z (K (S I) I))))
x (v6 (z B) S K K) v25 (S (z v19 I K (K (S z)))) (z (x z z) (S (B z I) (v10 (x S B) (B z I))) (S B S) (v28 S S (K (v21 (z (z z)) (v27 z))) (S v0 (x (v17 I) (v28 S)) K (K (S I) I))))
x (v6 (z B) S K K) v25 (S (z v19 I K (K (S z)))) (z (x z z) (S (B z I) (v10 (x S B) (B z I))) (S B S) (v28 S S (K (v21 (z (z z)) (v27 z))) (v0 K (x (v17 I) (v28 S) K) (K (S I) I))))
x (v6 (z B) S K K) v25 (S (z v19 I K (K (S z)))) (z (x z z) (S (B z I) (v10 (x S B) (B z I))) (S B S) (v28 S S (K (v21 (z (z z)) (v27 z))) (v0 K (x (v17 I) (v28 S) K) (S I))))
x (v4 B (S I) (v7 x K x v1 (S S) v7 S z) S (z B) (x x (K I) (v3 S)) (K S (z x) z x (I I (x x)) x (S S) S (z B (x I (I K x) x) (S (v8 (v10 (x B S) K) (v10 v7 (I K))) z)) (S (I S v26 (z (K (I z)))))) (z (I (B (K x (B x) K))) (x K)))
x (v4 B (S I) (v7 x K x v1 (S S) v7 S z) S (z B) (x x (K I) (v3 S)) (S z x (I I (x x)) x (S S) S (z B (x I (I K x) x) (S (v8 (v10 (x B S) K) (v10 v7 (I K))) z)) (S (I S v26 (z (K (I z)))))) (z (I (B (K x (B x) K))) (x K)))
x (v4 B (S I) (v7 x K x v1 (S S) v7 S z) S (z B) (x x (K I) (v3 S)) (z (I I (x x)) (x (I I (x x))) x (S S) S (z B (x I (I K x) x) (S (v8 (v10 (x B S) K) (v10 v7 (I K))) z)) (S (I S v26 (z (K (I z)))))) (z (I (B (K x (B x) K))) (x K)))
x (v4 B (S I) (v7 x K x v1 (S S) v7 S z) S (z B) (x x (K I) (v3 S)) (z (I (x x)) (x (I I (x x))) x (S S) S (z B (x I (I K x) x) (S (v8 (v10 (x B S) K) (v10 v7 (I K))) z)) (S (I S v26 (z (K (I z)))))) (z (I (B (K x (B x) K))) (x K)))
x (v4 B (S I) (v7 x K x v1 (S S) v7 S z) S (z B) (x x (K I) (v3 S)) (z (x x) (x (I I (x x))) x (S S) S (z B (x I (I K x) x) (S (v8 (v10 (x B S) K) (v10 v7 (I K))) z)) (S (I S v26 (z (K (I z)))))) (z (I (B (K x (B x) K))) (x K)))
x (v4 B (S I) (v7 x K x v1 (S S) v7 S z) S (z B) (x x (K I) (v3 S)) (z (x x) (x (I (x x))) x (S S) S (z B (x I (I K x) x) (S (v8 (v10 (x B S) K) (v10 v7 (I K))) z)) (S (I S v26 (z (K (I z)))))) (z (I (B (K x (B x) K))) (x K)))
x (v4 B (S I) (v7 x K x v1 (S S) v7 S z) S (z B) (x x (K I) (v3 S)) (z (x x) (x (x x)) x (S S) S (z B (x I (I K x) x) (S (v8 (v10 (x B S) K) (v10 v7 (I K))) z)) (S (I S v26 (z (K (I z)))))) (z (I (B (K x (B x) K))) (x K)))
x (v4 B (S I) (v7 x K x v1 (S S) v7 S z) S (z B) (x x (K I) (v3 S)) (z (x x) (x (x x)) x (S S) S (z B (x I (K x) x) (S (v8 (v10 (x B S) K) (v10 v7 (I K))) z)) (S (I S v26 (z (K (I z)))))) (z (I (B (K x (B x) K))) (x K)))
x (v4 B (S I) (v7 x K x v1 (S S) v7 S z) S (z B) (x x (K I) (v3 S)) (z (x x) (x (x x)) x (S S) S (z B (x I (K x) x) (S (v8 (v10 (x B S) K) (v10 v7 K)) z)) (S (I S v26 (z (K (I z)))))) (z (I (B (K x (B x) K))) (x K)))
x (v4 B (S I) (v7 x K x v1 (S S) v7 S z) S (z B) (x x (K I) (v3 S)) (z (x x) (x (x x)) x (S S) S (z B (x I (K x) x) (S (v8 (v10 (x B S) K) (v10 v7 K)) z)) (S (S v26 (z (K (I z)))))) (z (I (B (K x (B x) K))) (x K)))
x (v4 B (S I) (v7 x K x v1 (S S) v7 S z) S (z B) (x x (K I) (v3 S)) (z (x x) (x (x x)) x (S S) S (z B (x I (K x) x) (S (v8 (v10 (x B S) K) (v10 v7 K)) z)) (S (S v26 (z (K z))))) (z (I (B (K x (B x) K))) (x K)))
x (v4 B (S I) (v7 x K x v1 (S S) v7 S z) S (z B) (x x (K I) (v3 S)) (z (x x) (x (x x)) x (S S) S (z B (x I (K x) x) (S (v8 (v10 (x B S) K) (v10 v7 K)) z)) (S (S v26 (z (K z))))) (z (B (K x (B x) K)) (x K)))
x (v4 B (S I) (v7 x K x v1 (S S) v7 S z) S (z B) (x x (K I) (v3 S)) (z (x x) (x (x x)) x (S S) S (z B (x I (K x) x) (S (v8 (v10 (x B S) K) (v10 v7 K)) z)) (S (S v26 (z (K z))))) (z (B (x K)) (x K)))
I (K S (x K (S (v14 (I (x (z I) (B (z K))))) (z z))) (B (S (B B) (S S I) I (I (v5 (K x x) (B (x (B S)) (v11 S (I v29 x)) S)))) K) (I (I (I (I (v15 B z B z z)) (K B B I K) (z K (v8 B I))))))
K S (x K (S (v14 (I (x (z I) (B (z K))))) (z z))) (B (S (B B) (S S I) I (I (v5 (K x x) (B (x (B S)) (v11 S (I v29 x)) S)))) K) (I (I (I (I (v15 B z B z z)) (K B B I K) (z K (v8 B I)))))
S (B (S (B B) (S S I) I (I (v5 (K x x) (B (x (B S)) (v11 S (I v29 x)) S)))) K) (I (I (I (I (v15 B z B z z)) (K B B I K) (z K (v8 B I)))))
S (B (B B I (S S I I) (I (v5 (K x x) (B (x (B S)) (v11 S (I v29 x)) S)))) K) (I (I (I (I (v15 B z B z z)) (K B B I K) (z K (v8 B I)))))
S (B (B (I (S S I I)) (I (v5 (K x x) (B (x (B S)) (v11 S (I v29 x)) S)))) K) (I (I (I (I (v15 B z B z z)) (K B B I K) (z K (v8 B I)))))
S (B (B (S S I I) (I (v5 (K x x) (B (x (B S)) (v11 S (I v29 x)) S)))) K) (I (I (I (I (v15 B z B z z)) (K B B I K) (z K (v8 B I)))))
S (B (B (S I (I I)) (I (v5 (K x x) (B (x (B S)) (v11 S (I v29 x)) S)))) K) (I (I (I (I (v15 B z B z z)) (K B B I K) (z K (v8 B I)))))
S (B (B (S I I) (I (v5 (K x x) (B (x (B S)) (v11 S (I v29 x)) S)))) K) (I (I (I (I (v15 B z B z z)) (K B B I K) (z K (v8 B I)))))
S (B (B (S I I) (v5 (K x x) (B (x (B S)) (v11 S (I v29 x)) S))) K) (I (I (I (I (v15 B z B z z)) (K B B I K) (z K (v8 B I)))))
S (B (B (S I I) (v5 x (B (x (B S)) (v11 S (I v29 x)) S))) K) (I (I (I (I (v15 B z B z z)) (K B B I K) (z K (v8 B I)))))
S (B (B (S I I) (v5 x (x (B S) (v11 S (I v29 x) S)))) K) (I (I (I (I (v15 B z B z z)) (K B B I K) (z K (v8 B I)))))
S (B (B (S I I) (v5 x (x (B S) (v11 S (v29 x) S)))) K) (I (I (I (I (v15 B z B z z)) (K B B I K) (z K (v8 B I)))))
S (B (B (S I I) (v5 x (x (B S) (v11 S (v29 x) S)))) K) (I (I (I (v15 B z B z z)) (K B B I K) (z K (v8 B I))))
S (B (B (S I I) (v5 x (x (B S) (v11 S (v29 x) S)))) K) (I (I (v15 B z B z z)) (K B B I K) (z K (v8 B I)))
S (B (B (S I I) (v5 x (x (B S) (v11 S (v29 x) S)))) K) (I (v15 B z B z z) (K B B I K) (z K (v8 B I)))
S (B (B (S I I) (v5 x (x (B S) (v11 S (v29 x) S)))) K) (v15 B z B z z (K B B I K) (z K (v8 B I)))
S (B (B (S I I) (v5 x (x (B S) (v11 S (v29 x) S)))) K) (v15 B z B z z (B I K) (z K (v8 B I)))
I (x (B B) (v2 (z (S x)) (K B) (I x z) (I (v8 x) (K z))) (B (S v23 x (K (v9 K))) (B z B) v3)) z (z (v3 (S B z v21 (I z x) (v3 (x (v12 B) (v1 x v3) (z v0 (B x K)) (z I))) (v23 (x x)) x)))
x (B B) (v2 (z (S x)) (K B) (I x z) (I (v8 x) (K z))) (B (S v23 x (K (v9 K))) (B z B) v3) z (z (v3 (S B z v21 (I z x) (v3 (x (v12 B) (v1 x v3) (z v0 (B x K)) (z I))) (v23 (x x)) x)))
x (B B) (v2 (z (S x)) (K B) (x z) (I (v8 x) (K z))) (B (S v23 x (K (v9 K))) (B z B) v3) z (z (v3 (S B z v21 (I z x) (v3 (x (v12 B) (v1 x v3) (z v0 (B x K)) (z I))) (v23 (x x)) x)))
x (B B) (v2 (z (S x)) (K B) (x z) (v8 x (K z))) (B (S v23 x (K (v9 K))) (B z B) v3) z (z (v3 (S B z v21 (I z x) (v3 (x (v12 B) (v1 x v3) (z v0 (B x K)) (z I))) (v23 (x x)) x)))
x (B B) (v2 (z (S x)) (K B) (x z) (v8 x (K z))) (S v23 x (K (v9 K)) (B z B v3)) z (z (v3 (S B z v21 (I z x) (v3 (x (v12 B) (v1 x v3) (z v0 (B x K)) (z I))) (v23 (x x)) x)))
x (B B) (v2 (z (S x)) (K B) (x z) (v8 x (K z))) (v23 (K (v9 K)) (x (K (v9 K))) (B z B v3)) z (z (v3 (S B z v21 (I z x) (v3 (x (v12 B) (v1 x v3) (z v0 (B x K)) (z I))) (v23 (x x)) x)))
x (B B) (v2 (z (S x)) (K B) (x z) (v8 x (K z))) (v23 (K (v9 K)) (x (K (v9 K))) (z (B v3))) z (z (v3 (S B z v21 (I z x) (v3 (x (v12 B) (v1 x v3) (z v0 (B x K)) (z I))) (v23 (x x)) x)))
x (B B) (v2 (z (S x)) (K B) (x z) (v8 x (K z))) (v23 (K (v9 K)) (x (K (v9 K))) (z (B v3))) z (z (v3 (B v21 (z v21) (I z x) (v3 (x (v12 B) (v1 x v3) (z v0 (B x K)) (z I))) (v23 (x x)) x)))
x (B B) (v2 (z (S x)) (K B) (x z) (v8 x (K z))) (v23 (K (v9 K)) (x (K (v9 K))) (z (B v3))) z (z (v3 (v21 (z v21 (I z x)) (v3 (x (v12 B) (v1 x v3) (z v0 (B x K)) (z I))) (v23 (x x)) x)))
x (B B) (v2 (z (S x)) (K B) (x z) (v8 x (K z))) (v23 (K (v9 K)) (x (K (v9 K))) (z (B v3))) z (z (v3 (v21 (z v21 (z x)) (v3 (x (v12 B) (v1 x v3) (z v0 (B x K)) (z I))) (v23 (x x)) x)))
z (v3 (z z x)) (K (S (I B)) (B K) (S (z x v18 S) (I (I x (v19 (z (I z)) (z S v21)) I (z (x z (v7 K)) (K I) v12 (z (z (I (I x) B) (K (z B))))))) K))
z (v3 (z z x)) (S (I B) (S (z x v18 S) (I (I x (v19 (z (I z)) (z S v21)) I (z (x z (v7 K)) (K I) v12 (z (z (I (I x) B) (K (z B))))))) K))
z (v3 (z z x)) (S B (S (z x v18 S) (I (I x (v19 (z (I z)) (z S v21)) I (z (x z (v7 K)) (K I) v12 (z (z (I (I x) B) (K (z B))))))) K))
z (v3 (z z x)) (S B (z x v18 S K (I (I x (v19 (z (I z)) (z S v21)) I (z (x z (v7 K)) (K I) v12 (z (z (I (I x) B) (K (z B)))))) K)))
z (v3 (z z x)) (S B (z x v18 S K (I x (v19 (z (I z)) (z S v21)) I (z (x z (v7 K)) (K I) v12 (z (z (I (I x) B) (K (z B))))) K)))
z (v3 (z z x)) (S B (z x v18 S K (x (v19 (z (I z)) (z S v21)) I (z (x z (v7 K)) (K I) v12 (z (z (I (I x) B) (K (z B))))) K)))
z (v3 (z z x)) (S B (z x v18 S K (x (v19 (z z) (z S v21)) I (z (x z (v7 K)) (K I) v12 (z (z (I (I x) B) (K (z B))))) K)))
z (v3 (z z x)) (S B (z x v18 S K (x (v19 (z z) (z S v21)) I (z (x z (v7 K)) (K I) v12 (z (z (I x B) (K (z B))))) K)))
z (v3 (z z x)) (S B (z x v18 S K (x (v19 (z z) (z S v21)) I (z (x z (v7 K)) (K I) v12 (z (z (x B) (K (z B))))) K)))
S
v7 S (K B I)
v7 S B
K (v27 S S z) (x (S (x I)))
v27 S S z
I (K K) (K (B (v24 (I S (K (v25 (v22 (I (S v11))) (B v0) v29)))))) (x (K S) x (S (z (S K)) I K) K (B (x B) (v19 (B (K B (S z)) I)))) z
K K (K (B (v24 (I S (K (v25 (v22 (I (S v11))) (B v0) v29)))))) (x (K S) x (S (z (S K)) I K) K (B (x B) (v19 (B (K B (S z)) I)))) z
K (x (K S) x (S (z (S K)) I K) K (B (x B) (v19 (B (K B (S z)) I)))) z
x (K S) x (S (z (S K)) I K) K (B (x B) (v19 (B (K B (S z)) I)))
x (K S) x (z (S K) K (I K)) K (B (x B) (v19 (B (K B (S z)) I)))
x (K S) x (z (S K) K K) K (B (x B) (v19 (B (K B (S z)) I)))
x (K S) x (z (S K) K K) K (B (x B) (v19 (B B I)))
I v6 (z (v10 K (K (B (z (K S B))))) (z (K S (K (K (I K) x))) z (K (S (B z) (v11 I) (v6 v0 I) x))) (v26 I (z x (I (z (K S x)))) (x (x I (I (x x) S)) K (v24 x B v14 I) (z S)) (S v3)))
v6 (z (v10 K (K (B (z (K S B))))) (z (K S (K (K (I K) x))) z (K (S (B z) (v11 I) (v6 v0 I) x))) (v26 I (z x (I (z (K S x)))) (x (x I (I (x x) S)) K (v24 x B v14 I) (z S)) (S v3)))
v6 (z (v10 K (K (B (z S)))) (z (K S (K (K (I K) x))) z (K (S (B z) (v11 I) (v6 v0 I) x))) (v26 I (z x (I (z (K S x)))) (x (x I (I (x x) S)) K (v24 x B v14 I) (z S)) (S v3)))
v6 (z (v10 K (K (B (z S)))) (z S z (K (S (B z) (v11 I) (v6 v0 I) x))) (v26 I (z x (I (z (K S x)))) (x (x I (I (x x) S)) K (v24 x B v14 I) (z S)) (S v3)))
v6 (z (v10 K (K (B (z S)))) (z S z (K (B z (v6 v0 I) (v11 I (v6 v0 I)) x))) (v26 I (z x (I (z (K S x)))) (x (x I (I (x x) S)) K (v24 x B v14 I) (z S)) (S v3)))
v6 (z (v10 K (K (B (z S)))) (z S z (K (z (v6 v0 I (v11 I (v6 v0 I))) x))) (v26 I (z x (I (z (K S x)))) (x (x I (I (x x) S)) K (v24 x B v14 I) (z S)) (S v3)))
v6 (z (v10 K (K (B (z S)))) (z S z (K (z (v6 v0 I (v11 I (v6 v0 I))) x))) (v26 I (z x (z (K S x))) (x (x I (I (x x) S)) K (v24 x B v14 I) (z S)) (S v3)))
v6 (z (v10 K (K (B (z S)))) (z S z (K (z (v6 v0 I (v11 I (v6 v0 I))) x))) (v26 I (z x (z S)) (x (x I (I (x x) S)) K (v24 x B v14 I) (z S)) (S v3)))
v6 (z (v10 K (K (B (z S)))) (z S z (K (z (v6 v0 I (v11 I (v6 v0 I))) x))) (v26 I (z x (z S)) (x (x I (x x S)) K (v24 x B v14 I) (z S)) (S v3)))
