K (B (B S x) (I (z (K (v0 S I))) I) (B B (v21 S B B)) (v15 B (I (v4 v5 S)) K (I x (S (z (K I) (S K) x (I v18 (I I B x) S) (x (x (K B B)) (K (S B)))))) (z S K (z B (I v11)) (S x (S S) (x B v5) B))))
K (B S x (I (z (K (v0 S I))) I (B B (v21 S B B))) (v15 B (I (v4 v5 S)) K (I x (S (z (K I) (S K) x (I v18 (I I B x) S) (x (x (K B B)) (K (S B)))))) (z S K (z B (I v11)) (S x (S S) (x B v5) B))))
K (S (x (I (z (K (v0 S I))) I (B B (v21 S B B)))) (v15 B (I (v4 v5 S)) K (I x (S (z (K I) (S K) x (I v18 (I I B x) S) (x (x (K B B)) (K (S B)))))) (z S K (z B (I v11)) (S x (S S) (x B v5) B))))
K (S (x (z (K (v0 S I)) I (B B (v21 S B B)))) (v15 B (I (v4 v5 S)) K (I x (S (z (K I) (S K) x (I v18 (I I B x) S) (x (x (K B B)) (K (S B)))))) (z S K (z B (I v11)) (S x (S S) (x B v5) B))))
K (S (x (z (K (v0 S I)) I (B B (v21 S B B)))) (v15 B (v4 v5 S) K (I x (S (z (K I) (S K) x (I v18 (I I B x) S) (x (x (K B B)) (K (S B)))))) (z S K (z B (I v11)) (S x (S S) (x B v5) B))))
K (S (x (z (K (v0 S I)) I (B B (v21 S B B)))) (v15 B (v4 v5 S) K (x (S (z (K I) (S K) x (I v18 (I I B x) S) (x (x (K B B)) (K (S B)))))) (z S K (z B (I v11)) (S x (S S) (x B v5) B))))
K (S (x (z (K (v0 S I)) I (B B (v21 S B B)))) (v15 B (v4 v5 S) K (x (S (z (K I) (S K) x (v18 (I I B x) S) (x (x (K B B)) (K (S B)))))) (z S K (z B (I v11)) (S x (S S) (x B v5) B))))
K (S (x (z (K (v0 S I)) I (B B (v21 S B B)))) (v15 B (v4 v5 S) K (x (S (z (K I) (S K) x (v18 (I B x) S) (x (x (K B B)) (K (S B)))))) (z S K (z B (I v11)) (S x (S S) (x B v5) B))))
K (S (x (z (K (v0 S I)) I (B B (v21 S B B)))) (v15 B (v4 v5 S) K (x (S (z (K I) (S K) x (v18 (B x) S) (x (x (K B B)) (K (S B)))))) (z S K (z B (I v11)) (S x (S S) (x B v5) B))))
K (S (x (z (K (v0 S I)) I (B B (v21 S B B)))) (v15 B (v4 v5 S) K (x (S (z (K I) (S K) x (v18 (B x) S) (x (x B) (K (S B)))))) (z S K (z B (I v11)) (S x (S S) (x B v5) B))))
K (S (x (z (K (v0 S I)) I (B B (v21 S B B)))) (v15 B (v4 v5 S) K (x (S (z (K I) (S K) x (v18 (B x) S) (x (x B) (K (S B)))))) (z S K (z B v11) (S x (S S) (x B v5) B))))
K (S (x (z (K (v0 S I)) I (B B (v21 S B B)))) (v15 B (v4 v5 S) K (x (S (z (K I) (S K) x (v18 (B x) S) (x (x B) (K (S B)))))) (z S K (z B v11) (x (x B v5) (S S (x B v5)) B))))
z v28 (S S) S (x K) S (B (v8 K) (B v14 S S))
z v28 (S S) S (x K) S (B (v8 K) (v14 (S S)))
v21
x (I (v3 z) S v10 (K (z v27) (I v26 I))) (I S (I (K (I (x I)) K) (v27 (K I) S) (I (v11 I) v11)) (z I (S B) (I (v21 B (B (I z (v18 S I))) z))) S I)
x (v3 z S v10 (K (z v27) (I v26 I))) (I S (I (K (I (x I)) K) (v27 (K I) S) (I (v11 I) v11)) (z I (S B) (I (v21 B (B (I z (v18 S I))) z))) S I)
x (v3 z S v10 (z v27)) (I S (I (K (I (x I)) K) (v27 (K I) S) (I (v11 I) v11)) (z I (S B) (I (v21 B (B (I z (v18 S I))) z))) S I)
x (v3 z S v10 (z v27)) (S (I (K (I (x I)) K) (v27 (K I) S) (I (v11 I) v11)) (z I (S B) (I (v21 B (B (I z (v18 S I))) z))) S I)
x (v3 z S v10 (z v27)) (I (K (I (x I)) K) (v27 (K I) S) (I (v11 I) v11) S (z I (S B) (I (v21 B (B (I z (v18 S I))) z)) S) I)
x (v3 z S v10 (z v27)) (K (I (x I)) K (v27 (K I) S) (I (v11 I) v11) S (z I (S B) (I (v21 B (B (I z (v18 S I))) z)) S) I)
x (v3 z S v10 (z v27)) (I (x I) (v27 (K I) S) (I (v11 I) v11) S (z I (S B) (I (v21 B (B (I z (v18 S I))) z)) S) I)
x (v3 z S v10 (z v27)) (x I (v27 (K I) S) (I (v11 I) v11) S (z I (S B) (I (v21 B (B (I z (v18 S I))) z)) S) I)
x (v3 z S v10 (z v27)) (x I (v27 (K I) S) (v11 I v11) S (z I (S B) (I (v21 B (B (I z (v18 S I))) z)) S) I)
x (v3 z S v10 (z v27)) (x I (v27 (K I) S) (v11 I v11) S (z I (S B) (v21 B (B (I z (v18 S I))) z) S) I)
x (v3 z S v10 (z v27)) (x I (v27 (K I) S) (v11 I v11) S (z I (S B) (v21 B (B (z (v18 S I))) z) S) I)
x (S v8) (S (v19 (z B) (x (I K)) I (I S) (z (K (B B))) (B x (z K (x x (S K))))) x) S
x (S v8) (S (v19 (z B) (x K) I (I S) (z (K (B B))) (B x (z K (x x (S K))))) x) S
x (S v8) (S (v19 (z B) (x K) I S (z (K (B B))) (B x (z K (x x (S K))))) x) S
I (S (z B)) (K (S (K I (I (S I) x)))) x (K x (I x)) I
S (z B) (K (S (K I (I (S I) x)))) x (K x (I x)) I
z B x (K (S (K I (I (S I) x))) x) (K x (I x)) I
z B x (S (K I (I (S I) x))) (K x (I x)) I
z B x (S I) (K x (I x)) I
z B x (S I) x I
v8 (v27 (B (B K) I I) z (I (B K) (v5 B S (v22 v14) v5 (K (S K (z (S B) (z z))))) (x S)) (x (K (S x) S (v27 (K S (I x v8)) S) (v8 (B (z B (v12 (K K S)))) (K S (S (I S) (x z) (S (S z))) (S (v0 B v8)))))))
v8 (v27 (B K (I I)) z (I (B K) (v5 B S (v22 v14) v5 (K (S K (z (S B) (z z))))) (x S)) (x (K (S x) S (v27 (K S (I x v8)) S) (v8 (B (z B (v12 (K K S)))) (K S (S (I S) (x z) (S (S z))) (S (v0 B v8)))))))
v8 (v27 (B K I) z (I (B K) (v5 B S (v22 v14) v5 (K (S K (z (S B) (z z))))) (x S)) (x (K (S x) S (v27 (K S (I x v8)) S) (v8 (B (z B (v12 (K K S)))) (K S (S (I S) (x z) (S (S z))) (S (v0 B v8)))))))
v8 (v27 (B K I) z (B K (v5 B S (v22 v14) v5 (K (S K (z (S B) (z z))))) (x S)) (x (K (S x) S (v27 (K S (I x v8)) S) (v8 (B (z B (v12 (K K S)))) (K S (S (I S) (x z) (S (S z))) (S (v0 B v8)))))))
v8 (v27 (B K I) z (K (v5 B S (v22 v14) v5 (K (S K (z (S B) (z z)))) (x S))) (x (K (S x) S (v27 (K S (I x v8)) S) (v8 (B (z B (v12 (K K S)))) (K S (S (I S) (x z) (S (S z))) (S (v0 B v8)))))))
v8 (v27 (B K I) z (K (v5 B S (v22 v14) v5 (K (S K (z (S B) (z z)))) (x S))) (x (S x (v27 (K S (I x v8)) S) (v8 (B (z B (v12 (K K S)))) (K S (S (I S) (x z) (S (S z))) (S (v0 B v8)))))))
v8 (v27 (B K I) z (K (v5 B S (v22 v14) v5 (K (S K (z (S B) (z z)))) (x S))) (x (x (v8 (B (z B (v12 (K K S)))) (K S (S (I S) (x z) (S (S z))) (S (v0 B v8)))) (v27 (K S (I x v8)) S (v8 (B (z B (v12 (K K S)))) (K S (S (I S) (x z) (S (S z))) (S (v0 B v8))))))))
v8 (v27 (B K I) z (K (v5 B S (v22 v14) v5 (K (S K (z (S B) (z z)))) (x S))) (x (x (v8 (B (z B (v12 K))) (K S (S (I S) (x z) (S (S z))) (S (v0 B v8)))) (v27 (K S (I x v8)) S (v8 (B (z B (v12 (K K S)))) (K S (S (I S) (x z) (S (S z))) (S (v0 B v8))))))))
v8 (v27 (B K I) z (K (v5 B S (v22 v14) v5 (K (S K (z (S B) (z z)))) (x S))) (x (x (v8 (B (z B (v12 K))) (S (S (v0 B v8)))) (v27 (K S (I x v8)) S (v8 (B (z B (v12 (K K S)))) (K S (S (I S) (x z) (S (S z))) (S (v0 B v8))))))))
v8 (v27 (B K I) z (K (v5 B S (v22 v14) v5 (K (S K (z (S B) (z z)))) (x S))) (x (x (v8 (B (z B (v12 K))) (S (S (v0 B v8)))) (v27 S S (v8 (B (z B (v12 (K K S)))) (K S (S (I S) (x z) (S (S z))) (S (v0 B v8))))))))
v8 (v27 (B K I) z (K (v5 B S (v22 v14) v5 (K (S K (z (S B) (z z)))) (x S))) (x (x (v8 (B (z B (v12 K))) (S (S (v0 B v8)))) (v27 S S (v8 (B (z B (v12 K))) (K S (S (I S) (x z) (S (S z))) (S (v0 B v8))))))))
v8 (v27 (B K I) z (K (v5 B S (v22 v14) v5 (K (S K (z (S B) (z z)))) (x S))) (x (x (v8 (B (z B (v12 K))) (S (S (v0 B v8)))) (v27 S S (v8 (B (z B (v12 K))) (S (S (v0 B v8))))))))
v27 (B (I (I I) B) (B x (v16 z I))) (B (S (I (S z)) (K (S (x S (I (x S)))) v6)) (I K (z K))) (B (I (K (K x v14) (B x x z) K)) z (B (I K) (K S I) (v25 v3 (B K S x v14)) (z (K x) (S S (I I v9 (z (v2 S K)))) I) (z (I (v6 S (v27 I) B) (I v17)) (B (K (I I (v7 K B)) B)))))
v27 (B (I I B) (B x (v16 z I))) (B (S (I (S z)) (K (S (x S (I (x S)))) v6)) (I K (z K))) (B (I (K (K x v14) (B x x z) K)) z (B (I K) (K S I) (v25 v3 (B K S x v14)) (z (K x) (S S (I I v9 (z (v2 S K)))) I) (z (I (v6 S (v27 I) B) (I v17)) (B (K (I I (v7 K B)) B)))))
v27 (B (I B) (B x (v16 z I))) (B (S (I (S z)) (K (S (x S (I (x S)))) v6)) (I K (z K))) (B (I (K (K x v14) (B x x z) K)) z (B (I K) (K S I) (v25 v3 (B K S x v14)) (z (K x) (S S (I I v9 (z (v2 S K)))) I) (z (I (v6 S (v27 I) B) (I v17)) (B (K (I I (v7 K B)) B)))))
v27 (B B (B x (v16 z I))) (B (S (I (S z)) (K (S (x S (I (x S)))) v6)) (I K (z K))) (B (I (K (K x v14) (B x x z) K)) z (B (I K) (K S I) (v25 v3 (B K S x v14)) (z (K x) (S S (I I v9 (z (v2 S K)))) I) (z (I (v6 S (v27 I) B) (I v17)) (B (K (I I (v7 K B)) B)))))
v27 (B B (B x (v16 z I))) (B (S (S z) (K (S (x S (I (x S)))) v6)) (I K (z K))) (B (I (K (K x v14) (B x x z) K)) z (B (I K) (K S I) (v25 v3 (B K S x v14)) (z (K x) (S S (I I v9 (z (v2 S K)))) I) (z (I (v6 S (v27 I) B) (I v17)) (B (K (I I (v7 K B)) B)))))
v27 (B B (B x (v16 z I))) (B (S (S z) (S (x S (I (x S))))) (I K (z K))) (B (I (K (K x v14) (B x x z) K)) z (B (I K) (K S I) (v25 v3 (B K S x v14)) (z (K x) (S S (I I v9 (z (v2 S K)))) I) (z (I (v6 S (v27 I) B) (I v17)) (B (K (I I (v7 K B)) B)))))
v27 (B B (B x (v16 z I))) (B (S (S z) (S (x S (x S)))) (I K (z K))) (B (I (K (K x v14) (B x x z) K)) z (B (I K) (K S I) (v25 v3 (B K S x v14)) (z (K x) (S S (I I v9 (z (v2 S K)))) I) (z (I (v6 S (v27 I) B) (I v17)) (B (K (I I (v7 K B)) B)))))
v27 (B B (B x (v16 z I))) (B (S (S z) (S (x S (x S)))) (K (z K))) (B (I (K (K x v14) (B x x z) K)) z (B (I K) (K S I) (v25 v3 (B K S x v14)) (z (K x) (S S (I I v9 (z (v2 S K)))) I) (z (I (v6 S (v27 I) B) (I v17)) (B (K (I I (v7 K B)) B)))))
v27 (B B (B x (v16 z I))) (B (S (S z) (S (x S (x S)))) (K (z K))) (I (K (K x v14) (B x x z) K) (z (B (I K) (K S I) (v25 v3 (B K S x v14)) (z (K x) (S S (I I v9 (z (v2 S K)))) I) (z (I (v6 S (v27 I) B) (I v17)) (B (K (I I (v7 K B)) B))))))
v27 (B B (B x (v16 z I))) (B (S (S z) (S (x S (x S)))) (K (z K))) (K (K x v14) (B x x z) K (z (B (I K) (K S I) (v25 v3 (B K S x v14)) (z (K x) (S S (I I v9 (z (v2 S K)))) I) (z (I (v6 S (v27 I) B) (I v17)) (B (K (I I (v7 K B)) B))))))
v27 (B B (B x (v16 z I))) (B (S (S z) (S (x S (x S)))) (K (z K))) (K x v14 K (z (B (I K) (K S I) (v25 v3 (B K S x v14)) (z (K x) (S S (I I v9 (z (v2 S K)))) I) (z (I (v6 S (v27 I) B) (I v17)) (B (K (I I (v7 K B)) B))))))
v27 (B B (B x (v16 z I))) (B (S (S z) (S (x S (x S)))) (K (z K))) (x K (z (B (I K) (K S I) (v25 v3 (B K S x v14)) (z (K x) (S S (I I v9 (z (v2 S K)))) I) (z (I (v6 S (v27 I) B) (I v17)) (B (K (I I (v7 K B)) B))))))
v27 (B B (B x (v16 z I))) (B (S (S z) (S (x S (x S)))) (K (z K))) (x K (z (I K (K S I (v25 v3 (B K S x v14))) (z (K x) (S S (I I v9 (z (v2 S K)))) I) (z (I (v6 S (v27 I) B) (I v17)) (B (K (I I (v7 K B)) B))))))
v27 (B B (B x (v16 z I))) (B (S (S z) (S (x S (x S)))) (K (z K))) (x K (z (K (K S I (v25 v3 (B K S x v14))) (z (K x) (S S (I I v9 (z (v2 S K)))) I) (z (I (v6 S (v27 I) B) (I v17)) (B (K (I I (v7 K B)) B))))))
v27 (B B (B x (v16 z I))) (B (S (S z) (S (x S (x S)))) (K (z K))) (x K (z (K S I (v25 v3 (B K S x v14)) (z (I (v6 S (v27 I) B) (I v17)) (B (K (I I (v7 K B)) B))))))
v27 (B B (B x (v16 z I))) (B (S (S z) (S (x S (x S)))) (K (z K))) (x K (z (S (v25 v3 (B K S x v14)) (z (I (v6 S (v27 I) B) (I v17)) (B (K (I I (v7 K B)) B))))))
v27 (B B (B x (v16 z I))) (B (S (S z) (S (x S (x S)))) (K (z K))) (x K (z (S (v25 v3 (K (S x) v14)) (z (I (v6 S (v27 I) B) (I v17)) (B (K (I I (v7 K B)) B))))))
v27 (B B (B x (v16 z I))) (B (S (S z) (S (x S (x S)))) (K (z K))) (x K (z (S (v25 v3 (S x)) (z (I (v6 S (v27 I) B) (I v17)) (B (K (I I (v7 K B)) B))))))
v27 (B B (B x (v16 z I))) (B (S (S z) (S (x S (x S)))) (K (z K))) (x K (z (S (v25 v3 (S x)) (z (v6 S (v27 I) B (I v17)) (B (K (I I (v7 K B)) B))))))
v27 (B B (B x (v16 z I))) (B (S (S z) (S (x S (x S)))) (K (z K))) (x K (z (S (v25 v3 (S x)) (z (v6 S (v27 I) B v17) (B (K (I I (v7 K B)) B))))))
v27 (B B (B x (v16 z I))) (B (S (S z) (S (x S (x S)))) (K (z K))) (x K (z (S (v25 v3 (S x)) (z (v6 S (v27 I) B v17) (B (I I (v7 K B)))))))
v27 (B B (B x (v16 z I))) (B (S (S z) (S (x S (x S)))) (K (z K))) (x K (z (S (v25 v3 (S x)) (z (v6 S (v27 I) B v17) (B (I (v7 K B)))))))
v27 (B B (B x (v16 z I))) (B (S (S z) (S (x S (x S)))) (K (z K))) (x K (z (S (v25 v3 (S x)) (z (v6 S (v27 I) B v17) (B (v7 K B))))))
z
S (S x (K (z x K S v22) I)) (S (x S (z (v19 z) x (B (S K v30 z (x K S)) (S B)) (x (z B))) S z))
S (S x (z x K S v22)) (S (x S (z (v19 z) x (B (S K v30 z (x K S)) (S B)) (x (z B))) S z))
S (S x (z x K S v22)) (S (x S (z (v19 z) x (B (K z (v30 z) (x K S)) (S B)) (x (z B))) S z))
S (S x (z x K S v22)) (S (x S (z (v19 z) x (B (z (x K S)) (S B)) (x (z B))) S z))
