B S (I S z (K S) (v23 (x I K)) (K (I S (v8 (x I) K)) B I x B) (K (z B B)))
B S (S z (K S) (v23 (x I K)) (K (I S (v8 (x I) K)) B I x B) (K (z B B)))
B S (z (v23 (x I K)) (K S (v23 (x I K))) (K (I S (v8 (x I) K)) B I x B) (K (z B B)))
B S (z (v23 (x I K)) S (K (I S (v8 (x I) K)) B I x B) (K (z B B)))
B S (z (v23 (x I K)) S (I S (v8 (x I) K) I x B) (K (z B B)))
B S (z (v23 (x I K)) S (S (v8 (x I) K) I x B) (K (z B B)))
B S (z (v23 (x I K)) S (v8 (x I) K x (I x) B) (K (z B B)))
B S (z (v23 (x I K)) S (v8 (x I) K x x B) (K (z B B)))
v5 (I z K z (S x) v6 (x (z (B x I)) v25 B)) B (K (B z) B I (z (K (I (v15 z)))))
v5 (z K z (S x) v6 (x (z (B x I)) v25 B)) B (K (B z) B I (z (K (I (v15 z)))))
v5 (z K z (S x) v6 (x (z (B x I)) v25 B)) B (B z I (z (K (I (v15 z)))))
v5 (z K z (S x) v6 (x (z (B x I)) v25 B)) B (z (I (z (K (I (v15 z))))))
v5 (z K z (S x) v6 (x (z (B x I)) v25 B)) B (z (z (K (I (v15 z)))))
v5 (z K z (S x) v6 (x (z (B x I)) v25 B)) B (z (z (K (v15 z))))
K
S (v22 z) (K (B S z v19 (z I)) x (z (x (v18 I x) B) S z (x x)) (B z I) (K S)) (I (K (z (v5 x I) (S (I K B I) (S I (K z) (x z (S B)) (v20 z) I)))) (v26 (z I (v25 x))))
v22 z (I (K (z (v5 x I) (S (I K B I) (S I (K z) (x z (S B)) (v20 z) I)))) (v26 (z I (v25 x)))) (K (B S z v19 (z I)) x (z (x (v18 I x) B) S z (x x)) (B z I) (K S) (I (K (z (v5 x I) (S (I K B I) (S I (K z) (x z (S B)) (v20 z) I)))) (v26 (z I (v25 x)))))
v22 z (K (z (v5 x I) (S (I K B I) (S I (K z) (x z (S B)) (v20 z) I))) (v26 (z I (v25 x)))) (K (B S z v19 (z I)) x (z (x (v18 I x) B) S z (x x)) (B z I) (K S) (I (K (z (v5 x I) (S (I K B I) (S I (K z) (x z (S B)) (v20 z) I)))) (v26 (z I (v25 x)))))
v22 z (z (v5 x I) (S (I K B I) (S I (K z) (x z (S B)) (v20 z) I))) (K (B S z v19 (z I)) x (z (x (v18 I x) B) S z (x x)) (B z I) (K S) (I (K (z (v5 x I) (S (I K B I) (S I (K z) (x z (S B)) (v20 z) I)))) (v26 (z I (v25 x)))))
v22 z (z (v5 x I) (S (K B I) (S I (K z) (x z (S B)) (v20 z) I))) (K (B S z v19 (z I)) x (z (x (v18 I x) B) S z (x x)) (B z I) (K S) (I (K (z (v5 x I) (S (I K B I) (S I (K z) (x z (S B)) (v20 z) I)))) (v26 (z I (v25 x)))))
v22 z (z (v5 x I) (S B (S I (K z) (x z (S B)) (v20 z) I))) (K (B S z v19 (z I)) x (z (x (v18 I x) B) S z (x x)) (B z I) (K S) (I (K (z (v5 x I) (S (I K B I) (S I (K z) (x z (S B)) (v20 z) I)))) (v26 (z I (v25 x)))))
v22 z (z (v5 x I) (S B (I (x z (S B)) (K z (x z (S B))) (v20 z) I))) (K (B S z v19 (z I)) x (z (x (v18 I x) B) S z (x x)) (B z I) (K S) (I (K (z (v5 x I) (S (I K B I) (S I (K z) (x z (S B)) (v20 z) I)))) (v26 (z I (v25 x)))))
v22 z (z (v5 x I) (S B (x z (S B) (K z (x z (S B))) (v20 z) I))) (K (B S z v19 (z I)) x (z (x (v18 I x) B) S z (x x)) (B z I) (K S) (I (K (z (v5 x I) (S (I K B I) (S I (K z) (x z (S B)) (v20 z) I)))) (v26 (z I (v25 x)))))
v22 z (z (v5 x I) (S B (x z (S B) z (v20 z) I))) (K (B S z v19 (z I)) x (z (x (v18 I x) B) S z (x x)) (B z I) (K S) (I (K (z (v5 x I) (S (I K B I) (S I (K z) (x z (S B)) (v20 z) I)))) (v26 (z I (v25 x)))))
v22 z (z (v5 x I) (S B (x z (S B) z (v20 z) I))) (B S z v19 (z I) (z (x (v18 I x) B) S z (x x)) (B z I) (K S) (I (K (z (v5 x I) (S (I K B I) (S I (K z) (x z (S B)) (v20 z) I)))) (v26 (z I (v25 x)))))
v22 z (z (v5 x I) (S B (x z (S B) z (v20 z) I))) (S (z v19) (z I) (z (x (v18 I x) B) S z (x x)) (B z I) (K S) (I (K (z (v5 x I) (S (I K B I) (S I (K z) (x z (S B)) (v20 z) I)))) (v26 (z I (v25 x)))))
v22 z (z (v5 x I) (S B (x z (S B) z (v20 z) I))) (z v19 (z (x (v18 I x) B) S z (x x)) (z I (z (x (v18 I x) B) S z (x x))) (B z I) (K S) (I (K (z (v5 x I) (S (I K B I) (S I (K z) (x z (S B)) (v20 z) I)))) (v26 (z I (v25 x)))))
v22 z (z (v5 x I) (S B (x z (S B) z (v20 z) I))) (z v19 (z (x (v18 I x) B) S z (x x)) (z I (z (x (v18 I x) B) S z (x x))) (B z I) (K S) (K (z (v5 x I) (S (I K B I) (S I (K z) (x z (S B)) (v20 z) I))) (v26 (z I (v25 x)))))
v22 z (z (v5 x I) (S B (x z (S B) z (v20 z) I))) (z v19 (z (x (v18 I x) B) S z (x x)) (z I (z (x (v18 I x) B) S z (x x))) (B z I) (K S) (z (v5 x I) (S (I K B I) (S I (K z) (x z (S B)) (v20 z) I))))
v22 z (z (v5 x I) (S B (x z (S B) z (v20 z) I))) (z v19 (z (x (v18 I x) B) S z (x x)) (z I (z (x (v18 I x) B) S z (x x))) (B z I) (K S) (z (v5 x I) (S (K B I) (S I (K z) (x z (S B)) (v20 z) I))))
v22 z (z (v5 x I) (S B (x z (S B) z (v20 z) I))) (z v19 (z (x (v18 I x) B) S z (x x)) (z I (z (x (v18 I x) B) S z (x x))) (B z I) (K S) (z (v5 x I) (S B (S I (K z) (x z (S B)) (v20 z) I))))
v22 z (z (v5 x I) (S B (x z (S B) z (v20 z) I))) (z v19 (z (x (v18 I x) B) S z (x x)) (z I (z (x (v18 I x) B) S z (x x))) (B z I) (K S) (z (v5 x I) (S B (I (x z (S B)) (K z (x z (S B))) (v20 z) I))))
v22 z (z (v5 x I) (S B (x z (S B) z (v20 z) I))) (z v19 (z (x (v18 I x) B) S z (x x)) (z I (z (x (v18 I x) B) S z (x x))) (B z I) (K S) (z (v5 x I) (S B (x z (S B) (K z (x z (S B))) (v20 z) I))))
v22 z (z (v5 x I) (S B (x z (S B) z (v20 z) I))) (z v19 (z (x (v18 I x) B) S z (x x)) (z I (z (x (v18 I x) B) S z (x x))) (B z I) (K S) (z (v5 x I) (S B (x z (S B) z (v20 z) I))))
S (I (B (I (x S K (B S) (x (B I (K (S S)) z)))) v24))
S (B (I (x S K (B S) (x (B I (K (S S)) z)))) v24)
S (B (x S K (B S) (x (B I (K (S S)) z))) v24)
S (B (x S K (B S) (x (I (K (S S) z)))) v24)
S (B (x S K (B S) (x (K (S S) z))) v24)
S (B (x S K (B S) (x (S S))) v24)
v10 v14
z
x
I (K x) z (v11 (B (B K) (v21 (x K x (B z) (v21 B) S) (x B x)))) x
K x z (v11 (B (B K) (v21 (x K x (B z) (v21 B) S) (x B x)))) x
x (v11 (B (B K) (v21 (x K x (B z) (v21 B) S) (x B x)))) x
S (z (S (I v23 B I)))
S (z (S (v23 B I)))
