K
S B
S (I (x x K)) (x (K S) x) (B (I (v14 (v6 B)) x (z z)) (B S)) (z (S B) (B z S)) (x v19) (x x B) (S (K K) x x (B (z (I K))) S (S (B (v8 K))) (K v17 (x z) (x v8 B) S))
I (x x K) (B (I (v14 (v6 B)) x (z z)) (B S)) (x (K S) x (B (I (v14 (v6 B)) x (z z)) (B S))) (z (S B) (B z S)) (x v19) (x x B) (S (K K) x x (B (z (I K))) S (S (B (v8 K))) (K v17 (x z) (x v8 B) S))
x x K (B (I (v14 (v6 B)) x (z z)) (B S)) (x (K S) x (B (I (v14 (v6 B)) x (z z)) (B S))) (z (S B) (B z S)) (x v19) (x x B) (S (K K) x x (B (z (I K))) S (S (B (v8 K))) (K v17 (x z) (x v8 B) S))
x x K (B (v14 (v6 B) x (z z)) (B S)) (x (K S) x (B (I (v14 (v6 B)) x (z z)) (B S))) (z (S B) (B z S)) (x v19) (x x B) (S (K K) x x (B (z (I K))) S (S (B (v8 K))) (K v17 (x z) (x v8 B) S))
x x K (B (v14 (v6 B) x (z z)) (B S)) (x (K S) x (B (v14 (v6 B) x (z z)) (B S))) (z (S B) (B z S)) (x v19) (x x B) (S (K K) x x (B (z (I K))) S (S (B (v8 K))) (K v17 (x z) (x v8 B) S))
x x K (B (v14 (v6 B) x (z z)) (B S)) (x (K S) x (B (v14 (v6 B) x (z z)) (B S))) (z (S B) (B z S)) (x v19) (x x B) (K K x (x x) (B (z (I K))) S (S (B (v8 K))) (K v17 (x z) (x v8 B) S))
x x K (B (v14 (v6 B) x (z z)) (B S)) (x (K S) x (B (v14 (v6 B) x (z z)) (B S))) (z (S B) (B z S)) (x v19) (x x B) (K (x x) (B (z (I K))) S (S (B (v8 K))) (K v17 (x z) (x v8 B) S))
x x K (B (v14 (v6 B) x (z z)) (B S)) (x (K S) x (B (v14 (v6 B) x (z z)) (B S))) (z (S B) (B z S)) (x v19) (x x B) (x x S (S (B (v8 K))) (K v17 (x z) (x v8 B) S))
x x K (B (v14 (v6 B) x (z z)) (B S)) (x (K S) x (B (v14 (v6 B) x (z z)) (B S))) (z (S B) (B z S)) (x v19) (x x B) (x x S (S (B (v8 K))) (v17 (x v8 B) S))
z v9 S (z (I I) (S z I))
z v9 S (z I (S z I))
K (I x (v0 K) (I I v21) v5 x) (K (v15 (x (B I)) (v7 B (z S)) (K (z x)) (I z (I z S) z K)))
I x (v0 K) (I I v21) v5 x
x (v0 K) (I I v21) v5 x
x (v0 K) (I v21) v5 x
x (v0 K) v21 v5 x
K (x v26 (I z) v29) (v30 (z (K S (B I B) (B (K S z) I) z))) (B (z (S S) (x (I (B v30)) (v15 (v4 K)) (S (x K) x (v23 B))))) (I (x (I B) K))
x v26 (I z) v29 (B (z (S S) (x (I (B v30)) (v15 (v4 K)) (S (x K) x (v23 B))))) (I (x (I B) K))
x v26 z v29 (B (z (S S) (x (I (B v30)) (v15 (v4 K)) (S (x K) x (v23 B))))) (I (x (I B) K))
x v26 z v29 (B (z (S S) (x (B v30) (v15 (v4 K)) (S (x K) x (v23 B))))) (I (x (I B) K))
x v26 z v29 (B (z (S S) (x (B v30) (v15 (v4 K)) (x K (v23 B) (x (v23 B)))))) (I (x (I B) K))
x v26 z v29 (B (z (S S) (x (B v30) (v15 (v4 K)) (x K (v23 B) (x (v23 B)))))) (x (I B) K)
x v26 z v29 (B (z (S S) (x (B v30) (v15 (v4 K)) (x K (v23 B) (x (v23 B)))))) (x B K)
I S (S (K (B (B K)) (v29 x))) (x (z (z (x x) K) I)) (I (z I) (K (B v4) z) (x (I (I z I) S) K)) (I (I B (B B (B v6)))) (K K S K K B (z (B x (S (I x K)) (v2 v16 I))) B) S
S (S (K (B (B K)) (v29 x))) (x (z (z (x x) K) I)) (I (z I) (K (B v4) z) (x (I (I z I) S) K)) (I (I B (B B (B v6)))) (K K S K K B (z (B x (S (I x K)) (v2 v16 I))) B) S
S (K (B (B K)) (v29 x)) (I (z I) (K (B v4) z) (x (I (I z I) S) K)) (x (z (z (x x) K) I) (I (z I) (K (B v4) z) (x (I (I z I) S) K))) (I (I B (B B (B v6)))) (K K S K K B (z (B x (S (I x K)) (v2 v16 I))) B) S
K (B (B K)) (v29 x) (x (z (z (x x) K) I) (I (z I) (K (B v4) z) (x (I (I z I) S) K))) (I (z I) (K (B v4) z) (x (I (I z I) S) K) (x (z (z (x x) K) I) (I (z I) (K (B v4) z) (x (I (I z I) S) K)))) (I (I B (B B (B v6)))) (K K S K K B (z (B x (S (I x K)) (v2 v16 I))) B) S
B (B K) (x (z (z (x x) K) I) (I (z I) (K (B v4) z) (x (I (I z I) S) K))) (I (z I) (K (B v4) z) (x (I (I z I) S) K) (x (z (z (x x) K) I) (I (z I) (K (B v4) z) (x (I (I z I) S) K)))) (I (I B (B B (B v6)))) (K K S K K B (z (B x (S (I x K)) (v2 v16 I))) B) S
B K (x (z (z (x x) K) I) (I (z I) (K (B v4) z) (x (I (I z I) S) K)) (I (z I) (K (B v4) z) (x (I (I z I) S) K) (x (z (z (x x) K) I) (I (z I) (K (B v4) z) (x (I (I z I) S) K))))) (I (I B (B B (B v6)))) (K K S K K B (z (B x (S (I x K)) (v2 v16 I))) B) S
K (x (z (z (x x) K) I) (I (z I) (K (B v4) z) (x (I (I z I) S) K)) (I (z I) (K (B v4) z) (x (I (I z I) S) K) (x (z (z (x x) K) I) (I (z I) (K (B v4) z) (x (I (I z I) S) K)))) (I (I B (B B (B v6))))) (K K S K K B (z (B x (S (I x K)) (v2 v16 I))) B) S
x (z (z (x x) K) I) (I (z I) (K (B v4) z) (x (I (I z I) S) K)) (I (z I) (K (B v4) z) (x (I (I z I) S) K) (x (z (z (x x) K) I) (I (z I) (K (B v4) z) (x (I (I z I) S) K)))) (I (I B (B B (B v6)))) S
x (z (z (x x) K) I) (z I (K (B v4) z) (x (I (I z I) S) K)) (I (z I) (K (B v4) z) (x (I (I z I) S) K) (x (z (z (x x) K) I) (I (z I) (K (B v4) z) (x (I (I z I) S) K)))) (I (I B (B B (B v6)))) S
x (z (z (x x) K) I) (z I (B v4) (x (I (I z I) S) K)) (I (z I) (K (B v4) z) (x (I (I z I) S) K) (x (z (z (x x) K) I) (I (z I) (K (B v4) z) (x (I (I z I) S) K)))) (I (I B (B B (B v6)))) S
x (z (z (x x) K) I) (z I (B v4) (x (I z I S) K)) (I (z I) (K (B v4) z) (x (I (I z I) S) K) (x (z (z (x x) K) I) (I (z I) (K (B v4) z) (x (I (I z I) S) K)))) (I (I B (B B (B v6)))) S
x (z (z (x x) K) I) (z I (B v4) (x (z I S) K)) (I (z I) (K (B v4) z) (x (I (I z I) S) K) (x (z (z (x x) K) I) (I (z I) (K (B v4) z) (x (I (I z I) S) K)))) (I (I B (B B (B v6)))) S
x (z (z (x x) K) I) (z I (B v4) (x (z I S) K)) (z I (K (B v4) z) (x (I (I z I) S) K) (x (z (z (x x) K) I) (I (z I) (K (B v4) z) (x (I (I z I) S) K)))) (I (I B (B B (B v6)))) S
x (z (z (x x) K) I) (z I (B v4) (x (z I S) K)) (z I (B v4) (x (I (I z I) S) K) (x (z (z (x x) K) I) (I (z I) (K (B v4) z) (x (I (I z I) S) K)))) (I (I B (B B (B v6)))) S
x (z (z (x x) K) I) (z I (B v4) (x (z I S) K)) (z I (B v4) (x (I z I S) K) (x (z (z (x x) K) I) (I (z I) (K (B v4) z) (x (I (I z I) S) K)))) (I (I B (B B (B v6)))) S
x (z (z (x x) K) I) (z I (B v4) (x (z I S) K)) (z I (B v4) (x (z I S) K) (x (z (z (x x) K) I) (I (z I) (K (B v4) z) (x (I (I z I) S) K)))) (I (I B (B B (B v6)))) S
x (z (z (x x) K) I) (z I (B v4) (x (z I S) K)) (z I (B v4) (x (z I S) K) (x (z (z (x x) K) I) (z I (K (B v4) z) (x (I (I z I) S) K)))) (I (I B (B B (B v6)))) S
x (z (z (x x) K) I) (z I (B v4) (x (z I S) K)) (z I (B v4) (x (z I S) K) (x (z (z (x x) K) I) (z I (B v4) (x (I (I z I) S) K)))) (I (I B (B B (B v6)))) S
x (z (z (x x) K) I) (z I (B v4) (x (z I S) K)) (z I (B v4) (x (z I S) K) (x (z (z (x x) K) I) (z I (B v4) (x (I z I S) K)))) (I (I B (B B (B v6)))) S
x (z (z (x x) K) I) (z I (B v4) (x (z I S) K)) (z I (B v4) (x (z I S) K) (x (z (z (x x) K) I) (z I (B v4) (x (z I S) K)))) (I (I B (B B (B v6)))) S
x (z (z (x x) K) I) (z I (B v4) (x (z I S) K)) (z I (B v4) (x (z I S) K) (x (z (z (x x) K) I) (z I (B v4) (x (z I S) K)))) (I B (B B (B v6))) S
x (z (z (x x) K) I) (z I (B v4) (x (z I S) K)) (z I (B v4) (x (z I S) K) (x (z (z (x x) K) I) (z I (B v4) (x (z I S) K)))) (B (B B (B v6))) S
B (z K (K (S x) K (z (x z x B))) (B x (I (v25 (S (K K)))))) (K (B I I) v30 B (I (I (x (I (I B x) (S (v9 z)) S)))))
B (z K (S x (z (x z x B))) (B x (I (v25 (S (K K)))))) (K (B I I) v30 B (I (I (x (I (I B x) (S (v9 z)) S)))))
B (z K (S x (z (x z x B))) (B x (v25 (S (K K))))) (K (B I I) v30 B (I (I (x (I (I B x) (S (v9 z)) S)))))
B (z K (S x (z (x z x B))) (B x (v25 (S (K K))))) (B I I B (I (I (x (I (I B x) (S (v9 z)) S)))))
B (z K (S x (z (x z x B))) (B x (v25 (S (K K))))) (I (I B) (I (I (x (I (I B x) (S (v9 z)) S)))))
B (z K (S x (z (x z x B))) (B x (v25 (S (K K))))) (I B (I (I (x (I (I B x) (S (v9 z)) S)))))
B (z K (S x (z (x z x B))) (B x (v25 (S (K K))))) (B (I (I (x (I (I B x) (S (v9 z)) S)))))
B (z K (S x (z (x z x B))) (B x (v25 (S (K K))))) (B (I (x (I (I B x) (S (v9 z)) S))))
B (z K (S x (z (x z x B))) (B x (v25 (S (K K))))) (B (x (I (I B x) (S (v9 z)) S)))
B (z K (S x (z (x z x B))) (B x (v25 (S (K K))))) (B (x (I B x (S (v9 z)) S)))
B (z K (S x (z (x z x B))) (B x (v25 (S (K K))))) (B (x (B x (S (v9 z)) S)))
B (z K (S x (z (x z x B))) (B x (v25 (S (K K))))) (B (x (x (S (v9 z) S))))
S
I (v8 (I (z z) v9 B x) (z (z (z K))) (v14 B (I (S S)) (S (x v22))) v4) (z (K x)) I (B x v1 (B K z) z)
v8 (I (z z) v9 B x) (z (z (z K))) (v14 B (I (S S)) (S (x v22))) v4 (z (K x)) I (B x v1 (B K z) z)
v8 (z z v9 B x) (z (z (z K))) (v14 B (I (S S)) (S (x v22))) v4 (z (K x)) I (B x v1 (B K z) z)
v8 (z z v9 B x) (z (z (z K))) (v14 B (S S) (S (x v22))) v4 (z (K x)) I (B x v1 (B K z) z)
v8 (z z v9 B x) (z (z (z K))) (v14 B (S S) (S (x v22))) v4 (z (K x)) I (x (v1 (B K z)) z)
