I (v26 z) v23 (v13 I x (B z)) S (I (I x v5 S (v24 B (v5 v2))) (I K (z S) S (z (B S) (v1 (I (v5 (v30 (K z) K))))) (B (I K))) S) (K v12 (K S) S z)
v26 z v23 (v13 I x (B z)) S (I (I x v5 S (v24 B (v5 v2))) (I K (z S) S (z (B S) (v1 (I (v5 (v30 (K z) K))))) (B (I K))) S) (K v12 (K S) S z)
v26 z v23 (v13 I x (B z)) S (I x v5 S (v24 B (v5 v2)) (I K (z S) S (z (B S) (v1 (I (v5 (v30 (K z) K))))) (B (I K))) S) (K v12 (K S) S z)
v26 z v23 (v13 I x (B z)) S (x v5 S (v24 B (v5 v2)) (I K (z S) S (z (B S) (v1 (I (v5 (v30 (K z) K))))) (B (I K))) S) (K v12 (K S) S z)
v26 z v23 (v13 I x (B z)) S (x v5 S (v24 B (v5 v2)) (K (z S) S (z (B S) (v1 (I (v5 (v30 (K z) K))))) (B (I K))) S) (K v12 (K S) S z)
v26 z v23 (v13 I x (B z)) S (x v5 S (v24 B (v5 v2)) (z S (z (B S) (v1 (I (v5 (v30 (K z) K))))) (B (I K))) S) (K v12 (K S) S z)
v26 z v23 (v13 I x (B z)) S (x v5 S (v24 B (v5 v2)) (z S (z (B S) (v1 (v5 (v30 (K z) K)))) (B (I K))) S) (K v12 (K S) S z)
v26 z v23 (v13 I x (B z)) S (x v5 S (v24 B (v5 v2)) (z S (z (B S) (v1 (v5 (v30 (K z) K)))) (B K)) S) (K v12 (K S) S z)
v26 z v23 (v13 I x (B z)) S (x v5 S (v24 B (v5 v2)) (z S (z (B S) (v1 (v5 (v30 (K z) K)))) (B K)) S) (v12 S z)
S S (x (v12 (K (K z x) (v3 z (B (K z v11) (B (I x)))))) (v0 (S z x)))
S S (x (v12 (K z x)) (v0 (S z x)))
S S (x (v12 z) (v0 (S z x)))
v22 v16 (S (v21 I B) (I (S (I z (v25 S))) (S I z (K S K) v0))) (K S (v21 (z I x) I) K)
v22 v16 (S (v21 I B) (S (I z (v25 S)) (S I z (K S K) v0))) (K S (v21 (z I x) I) K)
v22 v16 (S (v21 I B) (S (z (v25 S)) (S I z (K S K) v0))) (K S (v21 (z I x) I) K)
v22 v16 (S (v21 I B) (S (z (v25 S)) (I (K S K) (z (K S K)) v0))) (K S (v21 (z I x) I) K)
v22 v16 (S (v21 I B) (S (z (v25 S)) (K S K (z (K S K)) v0))) (K S (v21 (z I x) I) K)
v22 v16 (S (v21 I B) (S (z (v25 S)) (S (z (K S K)) v0))) (K S (v21 (z I x) I) K)
v22 v16 (S (v21 I B) (S (z (v25 S)) (S (z S) v0))) (K S (v21 (z I x) I) K)
v22 v16 (S (v21 I B) (S (z (v25 S)) (S (z S) v0))) (S K)
z v14 (S (K (S I)) v29) (v13 K) (S K) (I (B I)) (z (B (z z (z I) S (K x I) (K (z v25 (x I z v13)) x (I x (B (K z))))))) z
z v14 (S (K (S I)) v29) (v13 K) (S K) (B I) (z (B (z z (z I) S (K x I) (K (z v25 (x I z v13)) x (I x (B (K z))))))) z
z v14 (S (K (S I)) v29) (v13 K) (S K) (B I) (z (B (z z (z I) S x (K (z v25 (x I z v13)) x (I x (B (K z))))))) z
z v14 (S (K (S I)) v29) (v13 K) (S K) (B I) (z (B (z z (z I) S x (z v25 (x I z v13) (I x (B (K z))))))) z
z v14 (S (K (S I)) v29) (v13 K) (S K) (B I) (z (B (z z (z I) S x (z v25 (x I z v13) (x (B (K z))))))) z
B B B (I (B K z) (B S z S (S (x (S (z (B B) (K I z I (v2 (S z))) I))))))
B (B (I (B K z) (B S z S (S (x (S (z (B B) (K I z I (v2 (S z))) I)))))))
B (B (B K z (B S z S (S (x (S (z (B B) (K I z I (v2 (S z))) I)))))))
B (B (K (z (B S z S (S (x (S (z (B B) (K I z I (v2 (S z))) I))))))))
B (B (K (z (S (z S) (S (x (S (z (B B) (K I z I (v2 (S z))) I))))))))
B (B (K (z (S (z S) (S (x (S (z (B B) (I I (v2 (S z))) I))))))))
B (B (K (z (S (z S) (S (x (S (z (B B) (I (v2 (S z))) I))))))))
B (B (K (z (S (z S) (S (x (S (z (B B) (v2 (S z)) I))))))))
x v22
S (v4 (v19 S (I K (B I))) v11)
S (v4 (v19 S (K (B I))) v11)
K
v5 (K (K v25) I z) (v14 (I (K v26 (v25 v8 S v29) (v17 v7 (S S) (S I B)))) (S S z) (S S S z)) z (I (z z)) (S (x v18 (x I v16) (B (z (I (I z x))) (x (S (B (I z (I z))) z))) z) (x (B v0 (S v1 (I (I z) I)) z (I (x B S)) (K B B))))
v5 (K v25 z) (v14 (I (K v26 (v25 v8 S v29) (v17 v7 (S S) (S I B)))) (S S z) (S S S z)) z (I (z z)) (S (x v18 (x I v16) (B (z (I (I z x))) (x (S (B (I z (I z))) z))) z) (x (B v0 (S v1 (I (I z) I)) z (I (x B S)) (K B B))))
v5 v25 (v14 (I (K v26 (v25 v8 S v29) (v17 v7 (S S) (S I B)))) (S S z) (S S S z)) z (I (z z)) (S (x v18 (x I v16) (B (z (I (I z x))) (x (S (B (I z (I z))) z))) z) (x (B v0 (S v1 (I (I z) I)) z (I (x B S)) (K B B))))
v5 v25 (v14 (K v26 (v25 v8 S v29) (v17 v7 (S S) (S I B))) (S S z) (S S S z)) z (I (z z)) (S (x v18 (x I v16) (B (z (I (I z x))) (x (S (B (I z (I z))) z))) z) (x (B v0 (S v1 (I (I z) I)) z (I (x B S)) (K B B))))
v5 v25 (v14 (v26 (v17 v7 (S S) (S I B))) (S S z) (S S S z)) z (I (z z)) (S (x v18 (x I v16) (B (z (I (I z x))) (x (S (B (I z (I z))) z))) z) (x (B v0 (S v1 (I (I z) I)) z (I (x B S)) (K B B))))
v5 v25 (v14 (v26 (v17 v7 (S S) (S I B))) (S S z) (S z (S z))) z (I (z z)) (S (x v18 (x I v16) (B (z (I (I z x))) (x (S (B (I z (I z))) z))) z) (x (B v0 (S v1 (I (I z) I)) z (I (x B S)) (K B B))))
v5 v25 (v14 (v26 (v17 v7 (S S) (S I B))) (S S z) (S z (S z))) z (z z) (S (x v18 (x I v16) (B (z (I (I z x))) (x (S (B (I z (I z))) z))) z) (x (B v0 (S v1 (I (I z) I)) z (I (x B S)) (K B B))))
v5 v25 (v14 (v26 (v17 v7 (S S) (S I B))) (S S z) (S z (S z))) z (z z) (S (x v18 (x I v16) (B (z (I z x)) (x (S (B (I z (I z))) z))) z) (x (B v0 (S v1 (I (I z) I)) z (I (x B S)) (K B B))))
v5 v25 (v14 (v26 (v17 v7 (S S) (S I B))) (S S z) (S z (S z))) z (z z) (S (x v18 (x I v16) (B (z (z x)) (x (S (B (I z (I z))) z))) z) (x (B v0 (S v1 (I (I z) I)) z (I (x B S)) (K B B))))
v5 v25 (v14 (v26 (v17 v7 (S S) (S I B))) (S S z) (S z (S z))) z (z z) (S (x v18 (x I v16) (B (z (z x)) (x (S (B (z (I z))) z))) z) (x (B v0 (S v1 (I (I z) I)) z (I (x B S)) (K B B))))
v5 v25 (v14 (v26 (v17 v7 (S S) (S I B))) (S S z) (S z (S z))) z (z z) (S (x v18 (x I v16) (B (z (z x)) (x (S (B (z z)) z))) z) (x (B v0 (S v1 (I (I z) I)) z (I (x B S)) (K B B))))
v5 v25 (v14 (v26 (v17 v7 (S S) (S I B))) (S S z) (S z (S z))) z (z z) (S (x v18 (x I v16) (B (z (z x)) (x (S (B (z z)) z))) z) (x (v0 (S v1 (I (I z) I) z) (I (x B S)) (K B B))))
v5 v25 (v14 (v26 (v17 v7 (S S) (S I B))) (S S z) (S z (S z))) z (z z) (S (x v18 (x I v16) (B (z (z x)) (x (S (B (z z)) z))) z) (x (v0 (v1 z (I (I z) I z)) (I (x B S)) (K B B))))
v5 v25 (v14 (v26 (v17 v7 (S S) (S I B))) (S S z) (S z (S z))) z (z z) (S (x v18 (x I v16) (B (z (z x)) (x (S (B (z z)) z))) z) (x (v0 (v1 z (I z I z)) (I (x B S)) (K B B))))
v5 v25 (v14 (v26 (v17 v7 (S S) (S I B))) (S S z) (S z (S z))) z (z z) (S (x v18 (x I v16) (B (z (z x)) (x (S (B (z z)) z))) z) (x (v0 (v1 z (z I z)) (I (x B S)) (K B B))))
v5 v25 (v14 (v26 (v17 v7 (S S) (S I B))) (S S z) (S z (S z))) z (z z) (S (x v18 (x I v16) (B (z (z x)) (x (S (B (z z)) z))) z) (x (v0 (v1 z (z I z)) (x B S) (K B B))))
v5 v25 (v14 (v26 (v17 v7 (S S) (S I B))) (S S z) (S z (S z))) z (z z) (S (x v18 (x I v16) (B (z (z x)) (x (S (B (z z)) z))) z) (x (v0 (v1 z (z I z)) (x B S) B)))
I (x I (x z z K v27) (I (K K x K v2 (x v12 (B (z S) (I (K (S (x S))))) z (K (B z) S)))))
x I (x z z K v27) (I (K K x K v2 (x v12 (B (z S) (I (K (S (x S))))) z (K (B z) S))))
x I (x z z K v27) (K K x K v2 (x v12 (B (z S) (I (K (S (x S))))) z (K (B z) S)))
x I (x z z K v27) (K K v2 (x v12 (B (z S) (I (K (S (x S))))) z (K (B z) S)))
x I (x z z K v27) (K (x v12 (B (z S) (I (K (S (x S))))) z (K (B z) S)))
x I (x z z K v27) (K (x v12 (B (z S) (K (S (x S)))) z (K (B z) S)))
x I (x z z K v27) (K (x v12 (B (z S) (K (S (x S)))) z (B z)))
