z (B (I (S (B K K) (K (z (v23 S (v14 B))))) (z x (I (x z)) (S K v21 I)) (S (z v5 (B (K z B S S)))) I z)) (v30 B K S S x (v7 (I (S (v27 (v18 K)))) v24) I (B K (I (K (z z))) (S (z x x I z (S (S x)))) x))
z (B (S (B K K) (K (z (v23 S (v14 B)))) (z x (I (x z)) (S K v21 I)) (S (z v5 (B (K z B S S)))) I z)) (v30 B K S S x (v7 (I (S (v27 (v18 K)))) v24) I (B K (I (K (z z))) (S (z x x I z (S (S x)))) x))
z (B (B K K (z x (I (x z)) (S K v21 I)) (K (z (v23 S (v14 B))) (z x (I (x z)) (S K v21 I))) (S (z v5 (B (K z B S S)))) I z)) (v30 B K S S x (v7 (I (S (v27 (v18 K)))) v24) I (B K (I (K (z z))) (S (z x x I z (S (S x)))) x))
z (B (K (K (z x (I (x z)) (S K v21 I))) (K (z (v23 S (v14 B))) (z x (I (x z)) (S K v21 I))) (S (z v5 (B (K z B S S)))) I z)) (v30 B K S S x (v7 (I (S (v27 (v18 K)))) v24) I (B K (I (K (z z))) (S (z x x I z (S (S x)))) x))
z (B (K (z x (I (x z)) (S K v21 I)) (S (z v5 (B (K z B S S)))) I z)) (v30 B K S S x (v7 (I (S (v27 (v18 K)))) v24) I (B K (I (K (z z))) (S (z x x I z (S (S x)))) x))
z (B (z x (I (x z)) (S K v21 I) I z)) (v30 B K S S x (v7 (I (S (v27 (v18 K)))) v24) I (B K (I (K (z z))) (S (z x x I z (S (S x)))) x))
z (B (z x (x z) (S K v21 I) I z)) (v30 B K S S x (v7 (I (S (v27 (v18 K)))) v24) I (B K (I (K (z z))) (S (z x x I z (S (S x)))) x))
z (B (z x (x z) (K I (v21 I)) I z)) (v30 B K S S x (v7 (I (S (v27 (v18 K)))) v24) I (B K (I (K (z z))) (S (z x x I z (S (S x)))) x))
z (B (z x (x z) I I z)) (v30 B K S S x (v7 (I (S (v27 (v18 K)))) v24) I (B K (I (K (z z))) (S (z x x I z (S (S x)))) x))
z (B (z x (x z) I I z)) (v30 B K S S x (v7 (S (v27 (v18 K))) v24) I (B K (I (K (z z))) (S (z x x I z (S (S x)))) x))
z (B (z x (x z) I I z)) (v30 B K S S x (v7 (S (v27 (v18 K))) v24) I (K (I (K (z z)) (S (z x x I z (S (S x))))) x))
z (B (z x (x z) I I z)) (v30 B K S S x (v7 (S (v27 (v18 K))) v24) I (I (K (z z)) (S (z x x I z (S (S x))))))
z (B (z x (x z) I I z)) (v30 B K S S x (v7 (S (v27 (v18 K))) v24) I (K (z z) (S (z x x I z (S (S x))))))
z (B (z x (x z) I I z)) (v30 B K S S x (v7 (S (v27 (v18 K))) v24) I (z z))
S
I (I (B (v0 (S z) (I K B) (B B))) K) (x (S z (v22 (v15 (v13 x) S (I x) I))) (z (S B v23) K (v25 (v20 v9 (I S) (B (B I)) B))) S (v7 v5 z (B x)))
I (B (v0 (S z) (I K B) (B B))) K (x (S z (v22 (v15 (v13 x) S (I x) I))) (z (S B v23) K (v25 (v20 v9 (I S) (B (B I)) B))) S (v7 v5 z (B x)))
B (v0 (S z) (I K B) (B B)) K (x (S z (v22 (v15 (v13 x) S (I x) I))) (z (S B v23) K (v25 (v20 v9 (I S) (B (B I)) B))) S (v7 v5 z (B x)))
v0 (S z) (I K B) (B B) (K (x (S z (v22 (v15 (v13 x) S (I x) I))) (z (S B v23) K (v25 (v20 v9 (I S) (B (B I)) B))) S (v7 v5 z (B x))))
v0 (S z) (K B) (B B) (K (x (S z (v22 (v15 (v13 x) S (I x) I))) (z (S B v23) K (v25 (v20 v9 (I S) (B (B I)) B))) S (v7 v5 z (B x))))
v0 (S z) (K B) (B B) (K (x (S z (v22 (v15 (v13 x) S x I))) (z (S B v23) K (v25 (v20 v9 (I S) (B (B I)) B))) S (v7 v5 z (B x))))
v0 (S z) (K B) (B B) (K (x (S z (v22 (v15 (v13 x) S x I))) (z (S B v23) K (v25 (v20 v9 S (B (B I)) B))) S (v7 v5 z (B x))))
I (x K I) I (K (I I (I v11 B) K x (I z (x (z x) (x B (S z))))) x) (S (I S (K B) (v3 (v1 x (I z) v22)) (z (x z I K)))) (z (I I S z z I (x v29 K (I B v9) (S x z) K K) (v25 (K S (B (x S) (z x) z)) I K K B)) v0)
x K I I (K (I I (I v11 B) K x (I z (x (z x) (x B (S z))))) x) (S (I S (K B) (v3 (v1 x (I z) v22)) (z (x z I K)))) (z (I I S z z I (x v29 K (I B v9) (S x z) K K) (v25 (K S (B (x S) (z x) z)) I K K B)) v0)
x K I I (I I (I v11 B) K x (I z (x (z x) (x B (S z))))) (S (I S (K B) (v3 (v1 x (I z) v22)) (z (x z I K)))) (z (I I S z z I (x v29 K (I B v9) (S x z) K K) (v25 (K S (B (x S) (z x) z)) I K K B)) v0)
x K I I (I (I v11 B) K x (I z (x (z x) (x B (S z))))) (S (I S (K B) (v3 (v1 x (I z) v22)) (z (x z I K)))) (z (I I S z z I (x v29 K (I B v9) (S x z) K K) (v25 (K S (B (x S) (z x) z)) I K K B)) v0)
x K I I (I v11 B K x (I z (x (z x) (x B (S z))))) (S (I S (K B) (v3 (v1 x (I z) v22)) (z (x z I K)))) (z (I I S z z I (x v29 K (I B v9) (S x z) K K) (v25 (K S (B (x S) (z x) z)) I K K B)) v0)
x K I I (v11 B K x (I z (x (z x) (x B (S z))))) (S (I S (K B) (v3 (v1 x (I z) v22)) (z (x z I K)))) (z (I I S z z I (x v29 K (I B v9) (S x z) K K) (v25 (K S (B (x S) (z x) z)) I K K B)) v0)
x K I I (v11 B K x (z (x (z x) (x B (S z))))) (S (I S (K B) (v3 (v1 x (I z) v22)) (z (x z I K)))) (z (I I S z z I (x v29 K (I B v9) (S x z) K K) (v25 (K S (B (x S) (z x) z)) I K K B)) v0)
x K I I (v11 B K x (z (x (z x) (x B (S z))))) (S (S (K B) (v3 (v1 x (I z) v22)) (z (x z I K)))) (z (I I S z z I (x v29 K (I B v9) (S x z) K K) (v25 (K S (B (x S) (z x) z)) I K K B)) v0)
x K I I (v11 B K x (z (x (z x) (x B (S z))))) (S (K B (z (x z I K)) (v3 (v1 x (I z) v22) (z (x z I K))))) (z (I I S z z I (x v29 K (I B v9) (S x z) K K) (v25 (K S (B (x S) (z x) z)) I K K B)) v0)
x K I I (v11 B K x (z (x (z x) (x B (S z))))) (S (B (v3 (v1 x (I z) v22) (z (x z I K))))) (z (I I S z z I (x v29 K (I B v9) (S x z) K K) (v25 (K S (B (x S) (z x) z)) I K K B)) v0)
x K I I (v11 B K x (z (x (z x) (x B (S z))))) (S (B (v3 (v1 x z v22) (z (x z I K))))) (z (I I S z z I (x v29 K (I B v9) (S x z) K K) (v25 (K S (B (x S) (z x) z)) I K K B)) v0)
x K I I (v11 B K x (z (x (z x) (x B (S z))))) (S (B (v3 (v1 x z v22) (z (x z I K))))) (z (I S z z I (x v29 K (I B v9) (S x z) K K) (v25 (K S (B (x S) (z x) z)) I K K B)) v0)
x K I I (v11 B K x (z (x (z x) (x B (S z))))) (S (B (v3 (v1 x z v22) (z (x z I K))))) (z (S z z I (x v29 K (I B v9) (S x z) K K) (v25 (K S (B (x S) (z x) z)) I K K B)) v0)
x K I I (v11 B K x (z (x (z x) (x B (S z))))) (S (B (v3 (v1 x z v22) (z (x z I K))))) (z (z I (z I) (x v29 K (I B v9) (S x z) K K) (v25 (K S (B (x S) (z x) z)) I K K B)) v0)
x K I I (v11 B K x (z (x (z x) (x B (S z))))) (S (B (v3 (v1 x z v22) (z (x z I K))))) (z (z I (z I) (x v29 K (B v9) (S x z) K K) (v25 (K S (B (x S) (z x) z)) I K K B)) v0)
x K I I (v11 B K x (z (x (z x) (x B (S z))))) (S (B (v3 (v1 x z v22) (z (x z I K))))) (z (z I (z I) (x v29 K (B v9) (S x z) K K) (v25 S I K K B)) v0)
S
B v29 (I x (S I)) (v18 I z v17) (B (B S)) (S (S S)) S
v29 (I x (S I) (v18 I z v17)) (B (B S)) (S (S S)) S
v29 (x (S I) (v18 I z v17)) (B (B S)) (S (S S)) S
K S
v19 (K (x S (S (I (B I)))) (K (B (x (v8 z)) z (K K))) (S x) (K (v8 (I B v10 (x (v7 (I B)) (x (S S))) K)))) (z (I (B z) B (K (v2 z)) v29)) (v19 (K (z (I (z K K))) (v3 v25 (S (v10 (I (S z (I (S z)))))))) (B (z (v20 (S (I x B)))) (v6 (x z K (z B)) z (I v11))))
v19 (x S (S (I (B I))) (S x) (K (v8 (I B v10 (x (v7 (I B)) (x (S S))) K)))) (z (I (B z) B (K (v2 z)) v29)) (v19 (K (z (I (z K K))) (v3 v25 (S (v10 (I (S z (I (S z)))))))) (B (z (v20 (S (I x B)))) (v6 (x z K (z B)) z (I v11))))
v19 (x S (S (B I)) (S x) (K (v8 (I B v10 (x (v7 (I B)) (x (S S))) K)))) (z (I (B z) B (K (v2 z)) v29)) (v19 (K (z (I (z K K))) (v3 v25 (S (v10 (I (S z (I (S z)))))))) (B (z (v20 (S (I x B)))) (v6 (x z K (z B)) z (I v11))))
v19 (x S (S (B I)) (S x) (K (v8 (B v10 (x (v7 (I B)) (x (S S))) K)))) (z (I (B z) B (K (v2 z)) v29)) (v19 (K (z (I (z K K))) (v3 v25 (S (v10 (I (S z (I (S z)))))))) (B (z (v20 (S (I x B)))) (v6 (x z K (z B)) z (I v11))))
v19 (x S (S (B I)) (S x) (K (v8 (v10 (x (v7 (I B)) (x (S S)) K))))) (z (I (B z) B (K (v2 z)) v29)) (v19 (K (z (I (z K K))) (v3 v25 (S (v10 (I (S z (I (S z)))))))) (B (z (v20 (S (I x B)))) (v6 (x z K (z B)) z (I v11))))
v19 (x S (S (B I)) (S x) (K (v8 (v10 (x (v7 B) (x (S S)) K))))) (z (I (B z) B (K (v2 z)) v29)) (v19 (K (z (I (z K K))) (v3 v25 (S (v10 (I (S z (I (S z)))))))) (B (z (v20 (S (I x B)))) (v6 (x z K (z B)) z (I v11))))
v19 (x S (S (B I)) (S x) (K (v8 (v10 (x (v7 B) (x (S S)) K))))) (z (B z B (K (v2 z)) v29)) (v19 (K (z (I (z K K))) (v3 v25 (S (v10 (I (S z (I (S z)))))))) (B (z (v20 (S (I x B)))) (v6 (x z K (z B)) z (I v11))))
v19 (x S (S (B I)) (S x) (K (v8 (v10 (x (v7 B) (x (S S)) K))))) (z (z (B (K (v2 z))) v29)) (v19 (K (z (I (z K K))) (v3 v25 (S (v10 (I (S z (I (S z)))))))) (B (z (v20 (S (I x B)))) (v6 (x z K (z B)) z (I v11))))
v19 (x S (S (B I)) (S x) (K (v8 (v10 (x (v7 B) (x (S S)) K))))) (z (z (B (K (v2 z))) v29)) (v19 (z (I (z K K))) (B (z (v20 (S (I x B)))) (v6 (x z K (z B)) z (I v11))))
v19 (x S (S (B I)) (S x) (K (v8 (v10 (x (v7 B) (x (S S)) K))))) (z (z (B (K (v2 z))) v29)) (v19 (z (z K K)) (B (z (v20 (S (I x B)))) (v6 (x z K (z B)) z (I v11))))
v19 (x S (S (B I)) (S x) (K (v8 (v10 (x (v7 B) (x (S S)) K))))) (z (z (B (K (v2 z))) v29)) (v19 (z (z K K)) (B (z (v20 (S (x B)))) (v6 (x z K (z B)) z (I v11))))
v19 (x S (S (B I)) (S x) (K (v8 (v10 (x (v7 B) (x (S S)) K))))) (z (z (B (K (v2 z))) v29)) (v19 (z (z K K)) (B (z (v20 (S (x B)))) (v6 (x z K (z B)) z v11)))
I (x v18 z (v29 (S (v13 I))))
x v18 z (v29 (S (v13 I)))
B K x (S (K (v25 (x x)) I (x (z K S) (I S)) (v27 S (x I S) S z I))) (B x x (x B x B))
K (x (S (K (v25 (x x)) I (x (z K S) (I S)) (v27 S (x I S) S z I)))) (B x x (x B x B))
x (S (K (v25 (x x)) I (x (z K S) (I S)) (v27 S (x I S) S z I)))
x (S (v25 (x x) (x (z K S) (I S)) (v27 S (x I S) S z I)))
x (S (v25 (x x) (x (z K S) S) (v27 S (x I S) S z I)))
