v20 (K (B (S x))) (x (v0 (z B (B (B S)))))
v29 (I x v1 (I (z v14 K) (z I B x z) (I (K K)) v4)) (x B z K (I B v16) I v19) (S (v10 (I (K (B B)))) (x (B (x (B K)) (S (v18 (x (I v12 B S)))))) (B (z (x B) (x K))) (K K v30 (K S)))
v29 (x v1 (I (z v14 K) (z I B x z) (I (K K)) v4)) (x B z K (I B v16) I v19) (S (v10 (I (K (B B)))) (x (B (x (B K)) (S (v18 (x (I v12 B S)))))) (B (z (x B) (x K))) (K K v30 (K S)))
v29 (x v1 (z v14 K (z I B x z) (I (K K)) v4)) (x B z K (I B v16) I v19) (S (v10 (I (K (B B)))) (x (B (x (B K)) (S (v18 (x (I v12 B S)))))) (B (z (x B) (x K))) (K K v30 (K S)))
v29 (x v1 (z v14 K (z I B x z) (K K) v4)) (x B z K (I B v16) I v19) (S (v10 (I (K (B B)))) (x (B (x (B K)) (S (v18 (x (I v12 B S)))))) (B (z (x B) (x K))) (K K v30 (K S)))
v29 (x v1 (z v14 K (z I B x z) (K K) v4)) (x B z K (B v16) I v19) (S (v10 (I (K (B B)))) (x (B (x (B K)) (S (v18 (x (I v12 B S)))))) (B (z (x B) (x K))) (K K v30 (K S)))
v29 (x v1 (z v14 K (z I B x z) (K K) v4)) (x B z K (B v16) I v19) (v10 (I (K (B B))) (B (z (x B) (x K))) (x (B (x (B K)) (S (v18 (x (I v12 B S))))) (B (z (x B) (x K)))) (K K v30 (K S)))
v29 (x v1 (z v14 K (z I B x z) (K K) v4)) (x B z K (B v16) I v19) (v10 (K (B B)) (B (z (x B) (x K))) (x (B (x (B K)) (S (v18 (x (I v12 B S))))) (B (z (x B) (x K)))) (K K v30 (K S)))
v29 (x v1 (z v14 K (z I B x z) (K K) v4)) (x B z K (B v16) I v19) (v10 (K (B B)) (B (z (x B) (x K))) (x (B (x (B K)) (S (v18 (x (v12 B S))))) (B (z (x B) (x K)))) (K K v30 (K S)))
v29 (x v1 (z v14 K (z I B x z) (K K) v4)) (x B z K (B v16) I v19) (v10 (K (B B)) (B (z (x B) (x K))) (x (B (x (B K)) (S (v18 (x (v12 B S))))) (B (z (x B) (x K)))) (K (K S)))
x
B (z (B x) (I x z (v21 I)) (I z v6) (I (v4 x) x (I (K (z (B v5) x) x) (I K z) (K K)) (B K S) (B (I (z x))) (I B z (I (S x) (v20 (z v28) I) (B (z (z K (v10 K) B)))) (v29 x x))))
B (z (B x) (x z (v21 I)) (I z v6) (I (v4 x) x (I (K (z (B v5) x) x) (I K z) (K K)) (B K S) (B (I (z x))) (I B z (I (S x) (v20 (z v28) I) (B (z (z K (v10 K) B)))) (v29 x x))))
B (z (B x) (x z (v21 I)) (z v6) (I (v4 x) x (I (K (z (B v5) x) x) (I K z) (K K)) (B K S) (B (I (z x))) (I B z (I (S x) (v20 (z v28) I) (B (z (z K (v10 K) B)))) (v29 x x))))
B (z (B x) (x z (v21 I)) (z v6) (v4 x x (I (K (z (B v5) x) x) (I K z) (K K)) (B K S) (B (I (z x))) (I B z (I (S x) (v20 (z v28) I) (B (z (z K (v10 K) B)))) (v29 x x))))
B (z (B x) (x z (v21 I)) (z v6) (v4 x x (K (z (B v5) x) x (I K z) (K K)) (B K S) (B (I (z x))) (I B z (I (S x) (v20 (z v28) I) (B (z (z K (v10 K) B)))) (v29 x x))))
B (z (B x) (x z (v21 I)) (z v6) (v4 x x (z (B v5) x (I K z) (K K)) (B K S) (B (I (z x))) (I B z (I (S x) (v20 (z v28) I) (B (z (z K (v10 K) B)))) (v29 x x))))
B (z (B x) (x z (v21 I)) (z v6) (v4 x x (z (B v5) x (K z) (K K)) (B K S) (B (I (z x))) (I B z (I (S x) (v20 (z v28) I) (B (z (z K (v10 K) B)))) (v29 x x))))
B (z (B x) (x z (v21 I)) (z v6) (v4 x x (z (B v5) x (K z) (K K)) (B K S) (B (z x)) (I B z (I (S x) (v20 (z v28) I) (B (z (z K (v10 K) B)))) (v29 x x))))
B (z (B x) (x z (v21 I)) (z v6) (v4 x x (z (B v5) x (K z) (K K)) (B K S) (B (z x)) (B z (I (S x) (v20 (z v28) I) (B (z (z K (v10 K) B)))) (v29 x x))))
B (z (B x) (x z (v21 I)) (z v6) (v4 x x (z (B v5) x (K z) (K K)) (B K S) (B (z x)) (z (I (S x) (v20 (z v28) I) (B (z (z K (v10 K) B))) (v29 x x)))))
B (z (B x) (x z (v21 I)) (z v6) (v4 x x (z (B v5) x (K z) (K K)) (B K S) (B (z x)) (z (S x (v20 (z v28) I) (B (z (z K (v10 K) B))) (v29 x x)))))
B (z (B x) (x z (v21 I)) (z v6) (v4 x x (z (B v5) x (K z) (K K)) (B K S) (B (z x)) (z (x (B (z (z K (v10 K) B))) (v20 (z v28) I (B (z (z K (v10 K) B)))) (v29 x x)))))
K z (K (z (x (S (K K)) (K B S (x x)) (B (x B) z)))) (K x S (B x v1 S (I (z (v17 x)))) (I (v24 (B K) K) (S (K I B B v12))) (K v17 (B (K (I S)) x) (z (z K) I (S (x S (B S) (K (v28 I)) S) I (z K z)) (B (K z K) v9) B) x (I S)))
z (K x S (B x v1 S (I (z (v17 x)))) (I (v24 (B K) K) (S (K I B B v12))) (K v17 (B (K (I S)) x) (z (z K) I (S (x S (B S) (K (v28 I)) S) I (z K z)) (B (K z K) v9) B) x (I S)))
z (x (B x v1 S (I (z (v17 x)))) (I (v24 (B K) K) (S (K I B B v12))) (K v17 (B (K (I S)) x) (z (z K) I (S (x S (B S) (K (v28 I)) S) I (z K z)) (B (K z K) v9) B) x (I S)))
z (x (x (v1 S) (I (z (v17 x)))) (I (v24 (B K) K) (S (K I B B v12))) (K v17 (B (K (I S)) x) (z (z K) I (S (x S (B S) (K (v28 I)) S) I (z K z)) (B (K z K) v9) B) x (I S)))
z (x (x (v1 S) (z (v17 x))) (I (v24 (B K) K) (S (K I B B v12))) (K v17 (B (K (I S)) x) (z (z K) I (S (x S (B S) (K (v28 I)) S) I (z K z)) (B (K z K) v9) B) x (I S)))
z (x (x (v1 S) (z (v17 x))) (v24 (B K) K (S (K I B B v12))) (K v17 (B (K (I S)) x) (z (z K) I (S (x S (B S) (K (v28 I)) S) I (z K z)) (B (K z K) v9) B) x (I S)))
z (x (x (v1 S) (z (v17 x))) (v24 (B K) K (S (I B v12))) (K v17 (B (K (I S)) x) (z (z K) I (S (x S (B S) (K (v28 I)) S) I (z K z)) (B (K z K) v9) B) x (I S)))
z (x (x (v1 S) (z (v17 x))) (v24 (B K) K (S (B v12))) (K v17 (B (K (I S)) x) (z (z K) I (S (x S (B S) (K (v28 I)) S) I (z K z)) (B (K z K) v9) B) x (I S)))
z (x (x (v1 S) (z (v17 x))) (v24 (B K) K (S (B v12))) (v17 (z (z K) I (S (x S (B S) (K (v28 I)) S) I (z K z)) (B (K z K) v9) B) x (I S)))
z (x (x (v1 S) (z (v17 x))) (v24 (B K) K (S (B v12))) (v17 (z (z K) I (x S (B S) (K (v28 I)) S (z K z) (I (z K z))) (B (K z K) v9) B) x (I S)))
z (x (x (v1 S) (z (v17 x))) (v24 (B K) K (S (B v12))) (v17 (z (z K) I (x S (B S) (K (v28 I)) S (z K z) (z K z)) (B (K z K) v9) B) x (I S)))
z (x (x (v1 S) (z (v17 x))) (v24 (B K) K (S (B v12))) (v17 (z (z K) I (x S (B S) (K (v28 I)) S (z K z) (z K z)) (B z v9) B) x (I S)))
z (x (x (v1 S) (z (v17 x))) (v24 (B K) K (S (B v12))) (v17 (z (z K) I (x S (B S) (K (v28 I)) S (z K z) (z K z)) (B z v9) B) x S))
K (B (v10 (v24 K) B I) (S (I (v4 (S (S S)) B))) (K I (v17 B B (z I) (S S (x x) I B B)) (B (B (I S) x) (z (S K (I (x K) (x (K (x v6 (S x)))))))))) z
B (v10 (v24 K) B I) (S (I (v4 (S (S S)) B))) (K I (v17 B B (z I) (S S (x x) I B B)) (B (B (I S) x) (z (S K (I (x K) (x (K (x v6 (S x)))))))))
v10 (v24 K) B I (S (I (v4 (S (S S)) B)) (K I (v17 B B (z I) (S S (x x) I B B)) (B (B (I S) x) (z (S K (I (x K) (x (K (x v6 (S x))))))))))
v10 (v24 K) B I (S (v4 (S (S S)) B) (K I (v17 B B (z I) (S S (x x) I B B)) (B (B (I S) x) (z (S K (I (x K) (x (K (x v6 (S x))))))))))
v10 (v24 K) B I (S (v4 (S (S S)) B) (I (B (B (I S) x) (z (S K (I (x K) (x (K (x v6 (S x))))))))))
v10 (v24 K) B I (S (v4 (S (S S)) B) (B (B (I S) x) (z (S K (I (x K) (x (K (x v6 (S x)))))))))
v10 (v24 K) B I (S (v4 (S (S S)) B) (B (B S x) (z (S K (I (x K) (x (K (x v6 (S x)))))))))
v10 (v24 K) B I (S (v4 (S (S S)) B) (B (B S x) (z (S K (x K (x (K (x v6 (S x)))))))))
x
v22 (I (x B) B)
v22 (x B B)
S
v2 B (x (x K) B S z (K K I (v30 K x (B K (z (z v1 B))) (x B I) (S B (v20 x) (z (I z) (K B)))) (K I)))
v2 B (x (x K) B S z (K (v30 K x (B K (z (z v1 B))) (x B I) (S B (v20 x) (z (I z) (K B)))) (K I)))
v2 B (x (x K) B S z (v30 K x (B K (z (z v1 B))) (x B I) (S B (v20 x) (z (I z) (K B)))))
v2 B (x (x K) B S z (v30 K x (B K (z (z v1 B))) (x B I) (B (z (I z) (K B)) (v20 x (z (I z) (K B))))))
v2 B (x (x K) B S z (v30 K x (B K (z (z v1 B))) (x B I) (B (z z (K B)) (v20 x (z (I z) (K B))))))
v2 B (x (x K) B S z (v30 K x (B K (z (z v1 B))) (x B I) (B (z z (K B)) (v20 x (z z (K B))))))
