I B (x z) (K (x K I) x)
B (x z) (K (x K I) x)
B (x z) (x K I)
v7 B (x (x (I B) (I (z (v9 (K v25 (B (x v20 z))))))) (B I)) (v10 (B K) (S K I v22))
v7 B (x (x B (I (z (v9 (K v25 (B (x v20 z))))))) (B I)) (v10 (B K) (S K I v22))
v7 B (x (x B (z (v9 (K v25 (B (x v20 z)))))) (B I)) (v10 (B K) (S K I v22))
v7 B (x (x B (z (v9 v25))) (B I)) (v10 (B K) (S K I v22))
v7 B (x (x B (z (v9 v25))) (B I)) (v10 (B K) (K v22 (I v22)))
v7 B (x (x B (z (v9 v25))) (B I)) (v10 (B K) v22)
S (z (x (z S) B (B (B (I v11 I K) I) K)) I (I (z (v3 (I (x I)) v14 (S I I (x I I))))))
S (z (x (z S) B (B (B (v11 I K) I) K)) I (I (z (v3 (I (x I)) v14 (S I I (x I I))))))
S (z (x (z S) B (B (B (v11 I K) I) K)) I (z (v3 (I (x I)) v14 (S I I (x I I)))))
S (z (x (z S) B (B (B (v11 I K) I) K)) I (z (v3 (x I) v14 (S I I (x I I)))))
S (z (x (z S) B (B (B (v11 I K) I) K)) I (z (v3 (x I) v14 (I (x I I) (I (x I I))))))
S (z (x (z S) B (B (B (v11 I K) I) K)) I (z (v3 (x I) v14 (x I I (I (x I I))))))
S (z (x (z S) B (B (B (v11 I K) I) K)) I (z (v3 (x I) v14 (x I I (x I I)))))
I (v3 z) (I (v18 (S v0 v18 (z (v20 v22 v13 B))) (x (K K) I) (S (x S K (z (v30 (v11 B I (K x)))) (v15 (z (x I)) z))) I (S (K z) z (z B (K S K)) (S B z (S (z x) I) x (S (v10 K S S))) (B (S z) (I (x B (I x))))) x))
v3 z (I (v18 (S v0 v18 (z (v20 v22 v13 B))) (x (K K) I) (S (x S K (z (v30 (v11 B I (K x)))) (v15 (z (x I)) z))) I (S (K z) z (z B (K S K)) (S B z (S (z x) I) x (S (v10 K S S))) (B (S z) (I (x B (I x))))) x))
v3 z (v18 (S v0 v18 (z (v20 v22 v13 B))) (x (K K) I) (S (x S K (z (v30 (v11 B I (K x)))) (v15 (z (x I)) z))) I (S (K z) z (z B (K S K)) (S B z (S (z x) I) x (S (v10 K S S))) (B (S z) (I (x B (I x))))) x)
v3 z (v18 (v0 (z (v20 v22 v13 B)) (v18 (z (v20 v22 v13 B)))) (x (K K) I) (S (x S K (z (v30 (v11 B I (K x)))) (v15 (z (x I)) z))) I (S (K z) z (z B (K S K)) (S B z (S (z x) I) x (S (v10 K S S))) (B (S z) (I (x B (I x))))) x)
v3 z (v18 (v0 (z (v20 v22 v13 B)) (v18 (z (v20 v22 v13 B)))) (x (K K) I) (S (x S K (z (v30 (v11 B I (K x)))) (v15 (z (x I)) z))) I (K z (z B (K S K)) (z (z B (K S K))) (S B z (S (z x) I) x (S (v10 K S S))) (B (S z) (I (x B (I x))))) x)
v3 z (v18 (v0 (z (v20 v22 v13 B)) (v18 (z (v20 v22 v13 B)))) (x (K K) I) (S (x S K (z (v30 (v11 B I (K x)))) (v15 (z (x I)) z))) I (z (z (z B (K S K))) (S B z (S (z x) I) x (S (v10 K S S))) (B (S z) (I (x B (I x))))) x)
v3 z (v18 (v0 (z (v20 v22 v13 B)) (v18 (z (v20 v22 v13 B)))) (x (K K) I) (S (x S K (z (v30 (v11 B I (K x)))) (v15 (z (x I)) z))) I (z (z (z B S)) (S B z (S (z x) I) x (S (v10 K S S))) (B (S z) (I (x B (I x))))) x)
v3 z (v18 (v0 (z (v20 v22 v13 B)) (v18 (z (v20 v22 v13 B)))) (x (K K) I) (S (x S K (z (v30 (v11 B I (K x)))) (v15 (z (x I)) z))) I (z (z (z B S)) (B (S (z x) I) (z (S (z x) I)) x (S (v10 K S S))) (B (S z) (I (x B (I x))))) x)
v3 z (v18 (v0 (z (v20 v22 v13 B)) (v18 (z (v20 v22 v13 B)))) (x (K K) I) (S (x S K (z (v30 (v11 B I (K x)))) (v15 (z (x I)) z))) I (z (z (z B S)) (S (z x) I (z (S (z x) I) x) (S (v10 K S S))) (B (S z) (I (x B (I x))))) x)
v3 z (v18 (v0 (z (v20 v22 v13 B)) (v18 (z (v20 v22 v13 B)))) (x (K K) I) (S (x S K (z (v30 (v11 B I (K x)))) (v15 (z (x I)) z))) I (z (z (z B S)) (z x (z (S (z x) I) x) (I (z (S (z x) I) x)) (S (v10 K S S))) (B (S z) (I (x B (I x))))) x)
v3 z (v18 (v0 (z (v20 v22 v13 B)) (v18 (z (v20 v22 v13 B)))) (x (K K) I) (S (x S K (z (v30 (v11 B I (K x)))) (v15 (z (x I)) z))) I (z (z (z B S)) (z x (z (S (z x) I) x) (z (S (z x) I) x) (S (v10 K S S))) (B (S z) (I (x B (I x))))) x)
v3 z (v18 (v0 (z (v20 v22 v13 B)) (v18 (z (v20 v22 v13 B)))) (x (K K) I) (S (x S K (z (v30 (v11 B I (K x)))) (v15 (z (x I)) z))) I (z (z (z B S)) (z x (z (S (z x) I) x) (z (S (z x) I) x) (S (v10 K S S))) (B (S z) (x B (I x)))) x)
v3 z (v18 (v0 (z (v20 v22 v13 B)) (v18 (z (v20 v22 v13 B)))) (x (K K) I) (S (x S K (z (v30 (v11 B I (K x)))) (v15 (z (x I)) z))) I (z (z (z B S)) (z x (z (S (z x) I) x) (z (S (z x) I) x) (S (v10 K S S))) (B (S z) (x B x))) x)
z B (K (B K (x I)) (z (z z) S z)) (x B (B (B x) (x x S x S) I (K v21))) B (x (S (v13 z x)) (S z (B I) (S S) S) (K (I x) z v22 (z (v24 I)) (B (K (x (x v15) (x B)) S) (K z))))
z B (B K (x I)) (x B (B (B x) (x x S x S) I (K v21))) B (x (S (v13 z x)) (S z (B I) (S S) S) (K (I x) z v22 (z (v24 I)) (B (K (x (x v15) (x B)) S) (K z))))
z B (B K (x I)) (x B (B x (x x S x S I) (K v21))) B (x (S (v13 z x)) (S z (B I) (S S) S) (K (I x) z v22 (z (v24 I)) (B (K (x (x v15) (x B)) S) (K z))))
z B (B K (x I)) (x B (x (x x S x S I (K v21)))) B (x (S (v13 z x)) (S z (B I) (S S) S) (K (I x) z v22 (z (v24 I)) (B (K (x (x v15) (x B)) S) (K z))))
z B (B K (x I)) (x B (x (x x S x S I (K v21)))) B (x (S (v13 z x)) (z (S S) (B I (S S)) S) (K (I x) z v22 (z (v24 I)) (B (K (x (x v15) (x B)) S) (K z))))
z B (B K (x I)) (x B (x (x x S x S I (K v21)))) B (x (S (v13 z x)) (z (S S) (B I (S S)) S) (I x v22 (z (v24 I)) (B (K (x (x v15) (x B)) S) (K z))))
z B (B K (x I)) (x B (x (x x S x S I (K v21)))) B (x (S (v13 z x)) (z (S S) (B I (S S)) S) (x v22 (z (v24 I)) (B (K (x (x v15) (x B)) S) (K z))))
z B (B K (x I)) (x B (x (x x S x S I (K v21)))) B (x (S (v13 z x)) (z (S S) (B I (S S)) S) (x v22 (z (v24 I)) (B (x (x v15) (x B)) (K z))))
K
v6 (I (B B)) (S (K (I B)) x (x x)) (B (K (K (v14 v23) K (z B)) (x z)) (z (v22 (S (K z) (v9 v19 x K)))))
v6 (B B) (S (K (I B)) x (x x)) (B (K (K (v14 v23) K (z B)) (x z)) (z (v22 (S (K z) (v9 v19 x K)))))
v6 (B B) (K (I B) (x x) (x (x x))) (B (K (K (v14 v23) K (z B)) (x z)) (z (v22 (S (K z) (v9 v19 x K)))))
v6 (B B) (I B (x (x x))) (B (K (K (v14 v23) K (z B)) (x z)) (z (v22 (S (K z) (v9 v19 x K)))))
v6 (B B) (B (x (x x))) (B (K (K (v14 v23) K (z B)) (x z)) (z (v22 (S (K z) (v9 v19 x K)))))
v6 (B B) (B (x (x x))) (B (K (v14 v23) K (z B)) (z (v22 (S (K z) (v9 v19 x K)))))
v6 (B B) (B (x (x x))) (B (v14 v23 (z B)) (z (v22 (S (K z) (v9 v19 x K)))))
I
z x (S K) (K (x v13 (I B) S I (v1 (K S)) (x K z z)) (z v30 (K I S (I (B B)) (S I))) B)
z x (S K) (x v13 (I B) S I (v1 (K S)) (x K z z) B)
z x (S K) (x v13 B S I (v1 (K S)) (x K z z) B)
z v13 (v8 x) I (S z I (v17 z)) (S (B (I z v14 S) v6 S))
z v13 (v8 x) I (z (v17 z) (I (v17 z))) (S (B (I z v14 S) v6 S))
z v13 (v8 x) I (z (v17 z) (v17 z)) (S (B (I z v14 S) v6 S))
z v13 (v8 x) I (z (v17 z) (v17 z)) (S (I z v14 S (v6 S)))
z v13 (v8 x) I (z (v17 z) (v17 z)) (S (z v14 S (v6 S)))
