K (S B (x (S K v10) (z B (z (v26 S z))) z))
B (v14 (S S (B (B B)) (x I) (v15 (S (I (x (x v0))))) (x z)) v2)
B (v14 (S (x I) (B (B B) (x I)) (v15 (S (I (x (x v0))))) (x z)) v2)
B (v14 (x I (v15 (S (I (x (x v0))))) (B (B B) (x I) (v15 (S (I (x (x v0)))))) (x z)) v2)
B (v14 (x I (v15 (S (x (x v0)))) (B (B B) (x I) (v15 (S (I (x (x v0)))))) (x z)) v2)
B (v14 (x I (v15 (S (x (x v0)))) (B B (x I (v15 (S (I (x (x v0))))))) (x z)) v2)
B (v14 (x I (v15 (S (x (x v0)))) (B B (x I (v15 (S (x (x v0)))))) (x z)) v2)
B (B (S K)) (B (K (B v6 (v13 x)) S)) z (v8 (B (z (I z v15 (z v14)) (v5 I I) (z z)))) (B (v26 B (x (K S))) (x (K (B (z (S x) z)))))
B (S K) (B (K (B v6 (v13 x)) S) z) (v8 (B (z (I z v15 (z v14)) (v5 I I) (z z)))) (B (v26 B (x (K S))) (x (K (B (z (S x) z)))))
S K (B (K (B v6 (v13 x)) S) z (v8 (B (z (I z v15 (z v14)) (v5 I I) (z z))))) (B (v26 B (x (K S))) (x (K (B (z (S x) z)))))
K (B (v26 B (x (K S))) (x (K (B (z (S x) z))))) (B (K (B v6 (v13 x)) S) z (v8 (B (z (I z v15 (z v14)) (v5 I I) (z z)))) (B (v26 B (x (K S))) (x (K (B (z (S x) z))))))
B (v26 B (x (K S))) (x (K (B (z (S x) z))))
B (B K (B (B B (K S (S I) S (z z)))) B)
B (K (B (B B (K S (S I) S (z z))) B))
B (K (B (B B (S S (z z))) B))
B
z (K (K (z (K (v2 x) (I I))) (S (x (S (K B)))) (I (B z))) v5 (S (B I (z (x x) K) x)) I)
z (K (z (K (v2 x) (I I))) (S (x (S (K B)))) (I (B z)) (S (B I (z (x x) K) x)) I)
z (z (K (v2 x) (I I)) (I (B z)) (S (B I (z (x x) K) x)) I)
z (z (v2 x) (I (B z)) (S (B I (z (x x) K) x)) I)
z (z (v2 x) (B z) (S (B I (z (x x) K) x)) I)
z (z (v2 x) (B z) (S (I (z (x x) K x))) I)
z (z (v2 x) (B z) (S (z (x x) K x)) I)
I (B B (x (x v21)))
B B (x (x v21))
v21 S (I (S (v30 S B K (z v20 I) z (x K x (v18 K x))))) (K B (B I) (z (x (z (K v26))) v2) (x (B I (x K))) v17)
v21 S (S (v30 S B K (z v20 I) z (x K x (v18 K x)))) (K B (B I) (z (x (z (K v26))) v2) (x (B I (x K))) v17)
v21 S (S (v30 S B K (z v20 I) z (x K x (v18 K x)))) (B (z (x (z (K v26))) v2) (x (B I (x K))) v17)
v21 S (S (v30 S B K (z v20 I) z (x K x (v18 K x)))) (z (x (z (K v26))) v2 (x (B I (x K)) v17))
K (K (z B) (I (I (x x) S (B K) K) (v11 K I) (x B)) (S (z (B v30))))
K (z B (S (z (B v30))))
K (z I (B (x v16) (z K B))) (B I I (B K S) (z (I (v28 (x S)) B) (B (I (z I) (v17 (K x) S) S)) B))
z I (B (x v16) (z K B))
