x z
S (S (I (I (z K))) (I (x z) (I (K (v7 (K v25 I S) I) (B (v7 (v18 S)))) (B I) (I I K K)))) (B (S B))
S (S (I (z K)) (I (x z) (I (K (v7 (K v25 I S) I) (B (v7 (v18 S)))) (B I) (I I K K)))) (B (S B))
S (S (z K) (I (x z) (I (K (v7 (K v25 I S) I) (B (v7 (v18 S)))) (B I) (I I K K)))) (B (S B))
S (S (z K) (x z (I (K (v7 (K v25 I S) I) (B (v7 (v18 S)))) (B I) (I I K K)))) (B (S B))
S (S (z K) (x z (K (v7 (K v25 I S) I) (B (v7 (v18 S))) (B I) (I I K K)))) (B (S B))
S (S (z K) (x z (v7 (K v25 I S) I (B I) (I I K K)))) (B (S B))
S (S (z K) (x z (v7 (v25 S) I (B I) (I I K K)))) (B (S B))
S (S (z K) (x z (v7 (v25 S) I (B I) (I K K)))) (B (S B))
S (S (z K) (x z (v7 (v25 S) I (B I) (K K)))) (B (S B))
v5 (z K (z (I (K v15)) z (B v21 (z v29) B) v21) (I (S I) (z x K) v6 (v16 x))) (B v25 x K) (K (B (K (B S B (K (x B)) S B)) S x))
v5 (z K (z (K v15) z (B v21 (z v29) B) v21) (I (S I) (z x K) v6 (v16 x))) (B v25 x K) (K (B (K (B S B (K (x B)) S B)) S x))
v5 (z K (z (K v15) z (v21 (z v29 B)) v21) (I (S I) (z x K) v6 (v16 x))) (B v25 x K) (K (B (K (B S B (K (x B)) S B)) S x))
v5 (z K (z (K v15) z (v21 (z v29 B)) v21) (S I (z x K) v6 (v16 x))) (B v25 x K) (K (B (K (B S B (K (x B)) S B)) S x))
v5 (z K (z (K v15) z (v21 (z v29 B)) v21) (I v6 (z x K v6) (v16 x))) (B v25 x K) (K (B (K (B S B (K (x B)) S B)) S x))
v5 (z K (z (K v15) z (v21 (z v29 B)) v21) (v6 (z x K v6) (v16 x))) (B v25 x K) (K (B (K (B S B (K (x B)) S B)) S x))
v5 (z K (z (K v15) z (v21 (z v29 B)) v21) (v6 (z x K v6) (v16 x))) (v25 (x K)) (K (B (K (B S B (K (x B)) S B)) S x))
v5 (z K (z (K v15) z (v21 (z v29 B)) v21) (v6 (z x K v6) (v16 x))) (v25 (x K)) (K (K (B S B (K (x B)) S B) (S x)))
v5 (z K (z (K v15) z (v21 (z v29 B)) v21) (v6 (z x K v6) (v16 x))) (v25 (x K)) (K (B S B (K (x B)) S B))
v5 (z K (z (K v15) z (v21 (z v29 B)) v21) (v6 (z x K v6) (v16 x))) (v25 (x K)) (K (S (B (K (x B))) S B))
v5 (z K (z (K v15) z (v21 (z v29 B)) v21) (v6 (z x K v6) (v16 x))) (v25 (x K)) (K (B (K (x B)) B (S B)))
v5 (z K (z (K v15) z (v21 (z v29 B)) v21) (v6 (z x K v6) (v16 x))) (v25 (x K)) (K (K (x B) (B (S B))))
v5 (z K (z (K v15) z (v21 (z v29 B)) v21) (v6 (z x K v6) (v16 x))) (v25 (x K)) (K (x B))
K x S
x
v26
z
B (B (B (S (I (v8 v10) v15) x (x K B)) (z (K I (B z)) S) v23))
B (B (S (I (v8 v10) v15) x (x K B) (z (K I (B z)) S v23)))
B (B (I (v8 v10) v15 (x K B) (x (x K B)) (z (K I (B z)) S v23)))
B (B (v8 v10 v15 (x K B) (x (x K B)) (z (K I (B z)) S v23)))
B (B (v8 v10 v15 (x K B) (x (x K B)) (z I S v23)))
K (B x) (K (I x (v4 S (B v8 B x (S v21)) (S (x B))) (I B v30)) (v23 B S (v14 z) (K (K (x z (B (S z (x (v11 z)) z (v20 (z v26) z))))))) (I x (S (x (x (B (K S))) B z) (x (v9 S)) (z (S v25 (v7 (z B (x (x I))))) K)) (x (K z v24 (K (x (S I)))) z S)))
B x
z (x x (v29 (x z z x))) (z (I B) (z I K) S (z z) I S I (I (K (x (z B)) K))) x (x K (I S) v15 (v12 (x z (v9 K)) (S I (S B I B)) z (S z (B (K x (z z))))))
z (x x (v29 (x z z x))) (z B (z I K) S (z z) I S I (I (K (x (z B)) K))) x (x K (I S) v15 (v12 (x z (v9 K)) (S I (S B I B)) z (S z (B (K x (z z))))))
z (x x (v29 (x z z x))) (z B (z I K) S (z z) I S I (K (x (z B)) K)) x (x K (I S) v15 (v12 (x z (v9 K)) (S I (S B I B)) z (S z (B (K x (z z))))))
z (x x (v29 (x z z x))) (z B (z I K) S (z z) I S I (x (z B))) x (x K (I S) v15 (v12 (x z (v9 K)) (S I (S B I B)) z (S z (B (K x (z z))))))
z (x x (v29 (x z z x))) (z B (z I K) S (z z) I S I (x (z B))) x (x K S v15 (v12 (x z (v9 K)) (S I (S B I B)) z (S z (B (K x (z z))))))
z (x x (v29 (x z z x))) (z B (z I K) S (z z) I S I (x (z B))) x (x K S v15 (v12 (x z (v9 K)) (S I (B B (I B))) z (S z (B (K x (z z))))))
z (x x (v29 (x z z x))) (z B (z I K) S (z z) I S I (x (z B))) x (x K S v15 (v12 (x z (v9 K)) (S I (B B B)) z (S z (B (K x (z z))))))
z (x x (v29 (x z z x))) (z B (z I K) S (z z) I S I (x (z B))) x (x K S v15 (v12 (x z (v9 K)) (S I (B B B)) z (S z (B x))))
I (x K (S (z (K (v19 (B S I) S)))))
x K (S (z (K (v19 (B S I) S))))
