v19 I
I
v3 (z (S z I (x K))) K (x (S (z z v1)) K)
v3 (z (z (x K) (I (x K)))) K (x (S (z z v1)) K)
v3 (z (z (x K) (x K))) K (x (S (z z v1)) K)
B x (I x) (S x) (I (v2 (K B))) (z (v30 (B S K (S (S S))))) S (I (S B K K) K) (v27 K v10 S (v26 K)) (z (I S))
x (I x (S x)) (I (v2 (K B))) (z (v30 (B S K (S (S S))))) S (I (S B K K) K) (v27 K v10 S (v26 K)) (z (I S))
x (x (S x)) (I (v2 (K B))) (z (v30 (B S K (S (S S))))) S (I (S B K K) K) (v27 K v10 S (v26 K)) (z (I S))
x (x (S x)) (v2 (K B)) (z (v30 (B S K (S (S S))))) S (I (S B K K) K) (v27 K v10 S (v26 K)) (z (I S))
x (x (S x)) (v2 (K B)) (z (v30 (S (K (S (S S)))))) S (I (S B K K) K) (v27 K v10 S (v26 K)) (z (I S))
x (x (S x)) (v2 (K B)) (z (v30 (S (K (S (S S)))))) S (S B K K K) (v27 K v10 S (v26 K)) (z (I S))
x (x (S x)) (v2 (K B)) (z (v30 (S (K (S (S S)))))) S (B K (K K) K) (v27 K v10 S (v26 K)) (z (I S))
x (x (S x)) (v2 (K B)) (z (v30 (S (K (S (S S)))))) S (K (K K K)) (v27 K v10 S (v26 K)) (z (I S))
x (x (S x)) (v2 (K B)) (z (v30 (S (K (S (S S)))))) S (K K) (v27 K v10 S (v26 K)) (z (I S))
x (x (S x)) (v2 (K B)) (z (v30 (S (K (S (S S)))))) S (K K) (v27 K v10 S (v26 K)) (z S)
x
K v13 (v12 K K z (z (z I x) (v7 z (B I)) K)) (v9 B (K S) (S (I B (I (v13 x (x B)))) (S v12 z) K (I v5 B) (v16 B)))
v13 (v9 B (K S) (S (I B (I (v13 x (x B)))) (S v12 z) K (I v5 B) (v16 B)))
v13 (v9 B (K S) (I B (I (v13 x (x B))) K (S v12 z K) (I v5 B) (v16 B)))
v13 (v9 B (K S) (B (I (v13 x (x B))) K (S v12 z K) (I v5 B) (v16 B)))
v13 (v9 B (K S) (I (v13 x (x B)) (K (S v12 z K)) (I v5 B) (v16 B)))
v13 (v9 B (K S) (v13 x (x B) (K (S v12 z K)) (I v5 B) (v16 B)))
v13 (v9 B (K S) (v13 x (x B) (K (v12 K (z K))) (I v5 B) (v16 B)))
v13 (v9 B (K S) (v13 x (x B) (K (v12 K (z K))) (v5 B) (v16 B)))
S v30 v14 (S (x (B I (I (I (v25 x)))) B (z v12 K B) (x B (v24 (z (z S)))) (z (v2 K)) (v10 S (B S B z) (B B x) I B)) (S v26 (z S)) B)
v30 (S (x (B I (I (I (v25 x)))) B (z v12 K B) (x B (v24 (z (z S)))) (z (v2 K)) (v10 S (B S B z) (B B x) I B)) (S v26 (z S)) B) (v14 (S (x (B I (I (I (v25 x)))) B (z v12 K B) (x B (v24 (z (z S)))) (z (v2 K)) (v10 S (B S B z) (B B x) I B)) (S v26 (z S)) B))
v30 (x (B I (I (I (v25 x)))) B (z v12 K B) (x B (v24 (z (z S)))) (z (v2 K)) (v10 S (B S B z) (B B x) I B) B (S v26 (z S) B)) (v14 (S (x (B I (I (I (v25 x)))) B (z v12 K B) (x B (v24 (z (z S)))) (z (v2 K)) (v10 S (B S B z) (B B x) I B)) (S v26 (z S)) B))
v30 (x (B I (I (v25 x))) B (z v12 K B) (x B (v24 (z (z S)))) (z (v2 K)) (v10 S (B S B z) (B B x) I B) B (S v26 (z S) B)) (v14 (S (x (B I (I (I (v25 x)))) B (z v12 K B) (x B (v24 (z (z S)))) (z (v2 K)) (v10 S (B S B z) (B B x) I B)) (S v26 (z S)) B))
v30 (x (B I (v25 x)) B (z v12 K B) (x B (v24 (z (z S)))) (z (v2 K)) (v10 S (B S B z) (B B x) I B) B (S v26 (z S) B)) (v14 (S (x (B I (I (I (v25 x)))) B (z v12 K B) (x B (v24 (z (z S)))) (z (v2 K)) (v10 S (B S B z) (B B x) I B)) (S v26 (z S)) B))
v30 (x (B I (v25 x)) B (z v12 K B) (x B (v24 (z (z S)))) (z (v2 K)) (v10 S (S (B z)) (B B x) I B) B (S v26 (z S) B)) (v14 (S (x (B I (I (I (v25 x)))) B (z v12 K B) (x B (v24 (z (z S)))) (z (v2 K)) (v10 S (B S B z) (B B x) I B)) (S v26 (z S)) B))
v30 (x (B I (v25 x)) B (z v12 K B) (x B (v24 (z (z S)))) (z (v2 K)) (v10 S (S (B z)) (B B x) I B) B (v26 B (z S B))) (v14 (S (x (B I (I (I (v25 x)))) B (z v12 K B) (x B (v24 (z (z S)))) (z (v2 K)) (v10 S (B S B z) (B B x) I B)) (S v26 (z S)) B))
v30 (x (B I (v25 x)) B (z v12 K B) (x B (v24 (z (z S)))) (z (v2 K)) (v10 S (S (B z)) (B B x) I B) B (v26 B (z S B))) (v14 (x (B I (I (I (v25 x)))) B (z v12 K B) (x B (v24 (z (z S)))) (z (v2 K)) (v10 S (B S B z) (B B x) I B) B (S v26 (z S) B)))
v30 (x (B I (v25 x)) B (z v12 K B) (x B (v24 (z (z S)))) (z (v2 K)) (v10 S (S (B z)) (B B x) I B) B (v26 B (z S B))) (v14 (x (B I (I (v25 x))) B (z v12 K B) (x B (v24 (z (z S)))) (z (v2 K)) (v10 S (B S B z) (B B x) I B) B (S v26 (z S) B)))
v30 (x (B I (v25 x)) B (z v12 K B) (x B (v24 (z (z S)))) (z (v2 K)) (v10 S (S (B z)) (B B x) I B) B (v26 B (z S B))) (v14 (x (B I (v25 x)) B (z v12 K B) (x B (v24 (z (z S)))) (z (v2 K)) (v10 S (B S B z) (B B x) I B) B (S v26 (z S) B)))
v30 (x (B I (v25 x)) B (z v12 K B) (x B (v24 (z (z S)))) (z (v2 K)) (v10 S (S (B z)) (B B x) I B) B (v26 B (z S B))) (v14 (x (B I (v25 x)) B (z v12 K B) (x B (v24 (z (z S)))) (z (v2 K)) (v10 S (S (B z)) (B B x) I B) B (S v26 (z S) B)))
v30 (x (B I (v25 x)) B (z v12 K B) (x B (v24 (z (z S)))) (z (v2 K)) (v10 S (S (B z)) (B B x) I B) B (v26 B (z S B))) (v14 (x (B I (v25 x)) B (z v12 K B) (x B (v24 (z (z S)))) (z (v2 K)) (v10 S (S (B z)) (B B x) I B) B (v26 B (z S B))))
z (B K) K (B B (x (I x) B)) I (S (S I K) x K) x (x (S (v4 (x K (I I z)))) v11 B)
z (B K) K (B B (x x B)) I (S (S I K) x K) x (x (S (v4 (x K (I I z)))) v11 B)
z (B K) K (B B (x x B)) I (S I K K (x K)) x (x (S (v4 (x K (I I z)))) v11 B)
z (B K) K (B B (x x B)) I (I K (K K) (x K)) x (x (S (v4 (x K (I I z)))) v11 B)
z (B K) K (B B (x x B)) I (K (K K) (x K)) x (x (S (v4 (x K (I I z)))) v11 B)
z (B K) K (B B (x x B)) I (K K) x (x (S (v4 (x K (I I z)))) v11 B)
z (B K) K (B B (x x B)) I (K K) x (x (S (v4 (x K (I z)))) v11 B)
z (B K) K (B B (x x B)) I (K K) x (x (S (v4 (x K z))) v11 B)
S (B z x) (v25 (z v6 I (v15 (x z) (z z (K B I)) (B I (I x)))) (B (K B)) I)
S (B z x) (v25 (z v6 I (v15 (x z) (z z B) (B I (I x)))) (B (K B)) I)
S (B z x) (v25 (z v6 I (v15 (x z) (z z B) (B I x))) (B (K B)) I)
z B
