K (K z (v7 z))
K z
B K
z (I (x (B (B (z z)) S v24))) (x (K (B I z x) B S) (x (S x) (S K)) (x (z (I x z) B z))) (I z I v4 I (K (B B (S B K v11) (K (K K)) (v16 I))) (z (z (B I S)) (I z (B S x z) B) (v2 z))) (B (S z) S (S I (S S) (I K v12)))
z (x (B (B (z z)) S v24)) (x (K (B I z x) B S) (x (S x) (S K)) (x (z (I x z) B z))) (I z I v4 I (K (B B (S B K v11) (K (K K)) (v16 I))) (z (z (B I S)) (I z (B S x z) B) (v2 z))) (B (S z) S (S I (S S) (I K v12)))
z (x (B (z z) (S v24))) (x (K (B I z x) B S) (x (S x) (S K)) (x (z (I x z) B z))) (I z I v4 I (K (B B (S B K v11) (K (K K)) (v16 I))) (z (z (B I S)) (I z (B S x z) B) (v2 z))) (B (S z) S (S I (S S) (I K v12)))
z (x (B (z z) (S v24))) (x (B I z x S) (x (S x) (S K)) (x (z (I x z) B z))) (I z I v4 I (K (B B (S B K v11) (K (K K)) (v16 I))) (z (z (B I S)) (I z (B S x z) B) (v2 z))) (B (S z) S (S I (S S) (I K v12)))
z (x (B (z z) (S v24))) (x (I (z x) S) (x (S x) (S K)) (x (z (I x z) B z))) (I z I v4 I (K (B B (S B K v11) (K (K K)) (v16 I))) (z (z (B I S)) (I z (B S x z) B) (v2 z))) (B (S z) S (S I (S S) (I K v12)))
z (x (B (z z) (S v24))) (x (z x S) (x (S x) (S K)) (x (z (I x z) B z))) (I z I v4 I (K (B B (S B K v11) (K (K K)) (v16 I))) (z (z (B I S)) (I z (B S x z) B) (v2 z))) (B (S z) S (S I (S S) (I K v12)))
z (x (B (z z) (S v24))) (x (z x S) (x (S x) (S K)) (x (z (x z) B z))) (I z I v4 I (K (B B (S B K v11) (K (K K)) (v16 I))) (z (z (B I S)) (I z (B S x z) B) (v2 z))) (B (S z) S (S I (S S) (I K v12)))
z (x (B (z z) (S v24))) (x (z x S) (x (S x) (S K)) (x (z (x z) B z))) (z I v4 I (K (B B (S B K v11) (K (K K)) (v16 I))) (z (z (B I S)) (I z (B S x z) B) (v2 z))) (B (S z) S (S I (S S) (I K v12)))
z (x (B (z z) (S v24))) (x (z x S) (x (S x) (S K)) (x (z (x z) B z))) (z I v4 I (K (B (S B K v11 (K (K K))) (v16 I))) (z (z (B I S)) (I z (B S x z) B) (v2 z))) (B (S z) S (S I (S S) (I K v12)))
z (x (B (z z) (S v24))) (x (z x S) (x (S x) (S K)) (x (z (x z) B z))) (z I v4 I (K (B (B v11 (K v11) (K (K K))) (v16 I))) (z (z (B I S)) (I z (B S x z) B) (v2 z))) (B (S z) S (S I (S S) (I K v12)))
z (x (B (z z) (S v24))) (x (z x S) (x (S x) (S K)) (x (z (x z) B z))) (z I v4 I (K (B (v11 (K v11 (K (K K)))) (v16 I))) (z (z (B I S)) (I z (B S x z) B) (v2 z))) (B (S z) S (S I (S S) (I K v12)))
z (x (B (z z) (S v24))) (x (z x S) (x (S x) (S K)) (x (z (x z) B z))) (z I v4 I (K (B (v11 v11) (v16 I))) (z (z (B I S)) (I z (B S x z) B) (v2 z))) (B (S z) S (S I (S S) (I K v12)))
z (x (B (z z) (S v24))) (x (z x S) (x (S x) (S K)) (x (z (x z) B z))) (z I v4 I (K (B (v11 v11) (v16 I))) (z (z (B I S)) (z (B S x z) B) (v2 z))) (B (S z) S (S I (S S) (I K v12)))
z (x (B (z z) (S v24))) (x (z x S) (x (S x) (S K)) (x (z (x z) B z))) (z I v4 I (K (B (v11 v11) (v16 I))) (z (z (B I S)) (z (S (x z)) B) (v2 z))) (B (S z) S (S I (S S) (I K v12)))
z (x (B (z z) (S v24))) (x (z x S) (x (S x) (S K)) (x (z (x z) B z))) (z I v4 I (K (B (v11 v11) (v16 I))) (z (z (B I S)) (z (S (x z)) B) (v2 z))) (S z (S (S I (S S) (I K v12))))
z (x (B (z z) (S v24))) (x (z x S) (x (S x) (S K)) (x (z (x z) B z))) (z I v4 I (K (B (v11 v11) (v16 I))) (z (z (B I S)) (z (S (x z)) B) (v2 z))) (S z (S (I (I K v12) (S S (I K v12)))))
z (x (B (z z) (S v24))) (x (z x S) (x (S x) (S K)) (x (z (x z) B z))) (z I v4 I (K (B (v11 v11) (v16 I))) (z (z (B I S)) (z (S (x z)) B) (v2 z))) (S z (S (I K v12 (S S (I K v12)))))
z (x (B (z z) (S v24))) (x (z x S) (x (S x) (S K)) (x (z (x z) B z))) (z I v4 I (K (B (v11 v11) (v16 I))) (z (z (B I S)) (z (S (x z)) B) (v2 z))) (S z (S (K v12 (S S (I K v12)))))
z (x (B (z z) (S v24))) (x (z x S) (x (S x) (S K)) (x (z (x z) B z))) (z I v4 I (K (B (v11 v11) (v16 I))) (z (z (B I S)) (z (S (x z)) B) (v2 z))) (S z (S v12))
v11 (z (B B z)) x
x (x x (x v2 (z (x B) x) x K)) (z x S z S (z (v7 I)) z) (z (x z x) (I B K S) I (B K (z (v11 B (B v16))) (S K) (S x B) S)) (x (B (x S I (S B z))) (z (S (I (B (I B))) B (z z (z z) K)) z) I (I z (v12 (I (z (z v12)))))) (B x x K B (K I (z (B (x K (I S)) K)) (I x I (K I))))
x (x x (x v2 (z (x B) x) x K)) (z x S z S (z (v7 I)) z) (z (x z x) (B K S) I (B K (z (v11 B (B v16))) (S K) (S x B) S)) (x (B (x S I (S B z))) (z (S (I (B (I B))) B (z z (z z) K)) z) I (I z (v12 (I (z (z v12)))))) (B x x K B (K I (z (B (x K (I S)) K)) (I x I (K I))))
x (x x (x v2 (z (x B) x) x K)) (z x S z S (z (v7 I)) z) (z (x z x) (B K S) I (K (z (v11 B (B v16)) (S K)) (S x B) S)) (x (B (x S I (S B z))) (z (S (I (B (I B))) B (z z (z z) K)) z) I (I z (v12 (I (z (z v12)))))) (B x x K B (K I (z (B (x K (I S)) K)) (I x I (K I))))
x (x x (x v2 (z (x B) x) x K)) (z x S z S (z (v7 I)) z) (z (x z x) (B K S) I (z (v11 B (B v16)) (S K) S)) (x (B (x S I (S B z))) (z (S (I (B (I B))) B (z z (z z) K)) z) I (I z (v12 (I (z (z v12)))))) (B x x K B (K I (z (B (x K (I S)) K)) (I x I (K I))))
x (x x (x v2 (z (x B) x) x K)) (z x S z S (z (v7 I)) z) (z (x z x) (B K S) I (z (v11 B (B v16)) (S K) S)) (x (B (x S I (S B z))) (z (I (B (I B)) (z z (z z) K) (B (z z (z z) K))) z) I (I z (v12 (I (z (z v12)))))) (B x x K B (K I (z (B (x K (I S)) K)) (I x I (K I))))
x (x x (x v2 (z (x B) x) x K)) (z x S z S (z (v7 I)) z) (z (x z x) (B K S) I (z (v11 B (B v16)) (S K) S)) (x (B (x S I (S B z))) (z (B (I B) (z z (z z) K) (B (z z (z z) K))) z) I (I z (v12 (I (z (z v12)))))) (B x x K B (K I (z (B (x K (I S)) K)) (I x I (K I))))
x (x x (x v2 (z (x B) x) x K)) (z x S z S (z (v7 I)) z) (z (x z x) (B K S) I (z (v11 B (B v16)) (S K) S)) (x (B (x S I (S B z))) (z (I B (z z (z z) K (B (z z (z z) K)))) z) I (I z (v12 (I (z (z v12)))))) (B x x K B (K I (z (B (x K (I S)) K)) (I x I (K I))))
x (x x (x v2 (z (x B) x) x K)) (z x S z S (z (v7 I)) z) (z (x z x) (B K S) I (z (v11 B (B v16)) (S K) S)) (x (B (x S I (S B z))) (z (B (z z (z z) K (B (z z (z z) K)))) z) I (I z (v12 (I (z (z v12)))))) (B x x K B (K I (z (B (x K (I S)) K)) (I x I (K I))))
x (x x (x v2 (z (x B) x) x K)) (z x S z S (z (v7 I)) z) (z (x z x) (B K S) I (z (v11 B (B v16)) (S K) S)) (x (B (x S I (S B z))) (z (B (z z (z z) K (B (z z (z z) K)))) z) I (z (v12 (I (z (z v12)))))) (B x x K B (K I (z (B (x K (I S)) K)) (I x I (K I))))
x (x x (x v2 (z (x B) x) x K)) (z x S z S (z (v7 I)) z) (z (x z x) (B K S) I (z (v11 B (B v16)) (S K) S)) (x (B (x S I (S B z))) (z (B (z z (z z) K (B (z z (z z) K)))) z) I (z (v12 (z (z v12))))) (B x x K B (K I (z (B (x K (I S)) K)) (I x I (K I))))
x (x x (x v2 (z (x B) x) x K)) (z x S z S (z (v7 I)) z) (z (x z x) (B K S) I (z (v11 B (B v16)) (S K) S)) (x (B (x S I (S B z))) (z (B (z z (z z) K (B (z z (z z) K)))) z) I (z (v12 (z (z v12))))) (x (x K) B (K I (z (B (x K (I S)) K)) (I x I (K I))))
x (x x (x v2 (z (x B) x) x K)) (z x S z S (z (v7 I)) z) (z (x z x) (B K S) I (z (v11 B (B v16)) (S K) S)) (x (B (x S I (S B z))) (z (B (z z (z z) K (B (z z (z z) K)))) z) I (z (v12 (z (z v12))))) (x (x K) B (I (I x I (K I))))
x (x x (x v2 (z (x B) x) x K)) (z x S z S (z (v7 I)) z) (z (x z x) (B K S) I (z (v11 B (B v16)) (S K) S)) (x (B (x S I (S B z))) (z (B (z z (z z) K (B (z z (z z) K)))) z) I (z (v12 (z (z v12))))) (x (x K) B (I x I (K I)))
x (x x (x v2 (z (x B) x) x K)) (z x S z S (z (v7 I)) z) (z (x z x) (B K S) I (z (v11 B (B v16)) (S K) S)) (x (B (x S I (S B z))) (z (B (z z (z z) K (B (z z (z z) K)))) z) I (z (v12 (z (z v12))))) (x (x K) B (x I (K I)))
z (I (K x) K (B v2 (S (B (x B))) (K (z S) (z (v25 v6))) (B K))) (B K (B (B z v11)) K (I I))
z (K x K (B v2 (S (B (x B))) (K (z S) (z (v25 v6))) (B K))) (B K (B (B z v11)) K (I I))
z (x (B v2 (S (B (x B))) (K (z S) (z (v25 v6))) (B K))) (B K (B (B z v11)) K (I I))
z (x (v2 (S (B (x B)) (K (z S) (z (v25 v6)))) (B K))) (B K (B (B z v11)) K (I I))
z (x (v2 (S (B (x B)) (z S)) (B K))) (B K (B (B z v11)) K (I I))
z (x (v2 (S (B (x B)) (z S)) (B K))) (K (B (B z v11) K) (I I))
z (x (v2 (S (B (x B)) (z S)) (B K))) (B (B z v11) K)
S
B (x B (z v13)) (x x) v24 S (x (z (z (I K))) B) (x (v15 (z (K S) (K K)) (z K v7)))
x B (z v13) (x x v24) S (x (z (z (I K))) B) (x (v15 (z (K S) (K K)) (z K v7)))
x B (z v13) (x x v24) S (x (z (z K)) B) (x (v15 (z (K S) (K K)) (z K v7)))
x (z (I (B v17) (K z))) (S (S I) (v29 (S z z B)) K)
x (z (B v17 (K z))) (S (S I) (v29 (S z z B)) K)
x (z (B v17 (K z))) (S I K (v29 (S z z B) K))
x (z (B v17 (K z))) (I (v29 (S z z B) K) (K (v29 (S z z B) K)))
x (z (B v17 (K z))) (v29 (S z z B) K (K (v29 (S z z B) K)))
x (z (B v17 (K z))) (v29 (z B (z B)) K (K (v29 (S z z B) K)))
x (z (B v17 (K z))) (v29 (z B (z B)) K (K (v29 (z B (z B)) K)))
K (I S (z (I (I (K z (x z))) (x (v29 z)) x K (v15 (I (v7 I)) B)))) (B B (x x) z)
I S (z (I (I (K z (x z))) (x (v29 z)) x K (v15 (I (v7 I)) B)))
S (z (I (I (K z (x z))) (x (v29 z)) x K (v15 (I (v7 I)) B)))
S (z (I (K z (x z)) (x (v29 z)) x K (v15 (I (v7 I)) B)))
S (z (K z (x z) (x (v29 z)) x K (v15 (I (v7 I)) B)))
S (z (z (x (v29 z)) x K (v15 (I (v7 I)) B)))
S (z (z (x (v29 z)) x K (v15 (v7 I) B)))
