B (x (S z (K (K x) B) x)) (z (z x (K K B))) I (I (S S) (K (z K)))
x (S z (K (K x) B) x) (z (z x (K K B)) I) (I (S S) (K (z K)))
x (z x (K (K x) B x)) (z (z x (K K B)) I) (I (S S) (K (z K)))
x (z x (K x x)) (z (z x (K K B)) I) (I (S S) (K (z K)))
x (z x x) (z (z x (K K B)) I) (I (S S) (K (z K)))
x (z x x) (z (z x K) I) (I (S S) (K (z K)))
x (z x x) (z (z x K) I) (S S (K (z K)))
x (K (z (B (I (I (S S)))) K)) (v23 z (v11 (z x x B)) (I (I (v29 K))) I x S (B (K (I I B) (z I K S) z v26)))
x (K (z (B (I (S S))) K)) (v23 z (v11 (z x x B)) (I (I (v29 K))) I x S (B (K (I I B) (z I K S) z v26)))
x (K (z (B (S S)) K)) (v23 z (v11 (z x x B)) (I (I (v29 K))) I x S (B (K (I I B) (z I K S) z v26)))
x (K (z (B (S S)) K)) (v23 z (v11 (z x x B)) (I (v29 K)) I x S (B (K (I I B) (z I K S) z v26)))
x (K (z (B (S S)) K)) (v23 z (v11 (z x x B)) (v29 K) I x S (B (K (I I B) (z I K S) z v26)))
x (K (z (B (S S)) K)) (v23 z (v11 (z x x B)) (v29 K) I x S (B (I I B z v26)))
x (K (z (B (S S)) K)) (v23 z (v11 (z x x B)) (v29 K) I x S (B (I B z v26)))
x (K (z (B (S S)) K)) (v23 z (v11 (z x x B)) (v29 K) I x S (B (B z v26)))
I
B S z v28 v13 (z (x (K v15))) (K S (K v24 z (I I) (z (x S)) (K z))) (z v22 z x (x S) (v21 (S (B B x B) S)) I K)
S (z v28) v13 (z (x (K v15))) (K S (K v24 z (I I) (z (x S)) (K z))) (z v22 z x (x S) (v21 (S (B B x B) S)) I K)
z v28 (z (x (K v15))) (v13 (z (x (K v15)))) (K S (K v24 z (I I) (z (x S)) (K z))) (z v22 z x (x S) (v21 (S (B B x B) S)) I K)
z v28 (z (x (K v15))) (v13 (z (x (K v15)))) S (z v22 z x (x S) (v21 (S (B B x B) S)) I K)
z v28 (z (x (K v15))) (v13 (z (x (K v15)))) S (z v22 z x (x S) (v21 (S (B (x B)) S)) I K)
K
x (I (z S v24))
x (z S v24)
v27 (S x) (K (v21 (B (B (z z)) (I (B z (x (S (x S v11)) I x))))))
v27 (S x) (K (v21 (B (B (z z)) (B z (x (S (x S v11)) I x)))))
B (v8 (v29 (z (x I) K z I))) (z (B S) (I B) (I (B z (x K) K) (x S))) (z (B B) (B (S (B z (x B) S)) K) (v27 v6)) B (I (x (K (B (x B)) S K)) B (x (K I) S))
v8 (v29 (z (x I) K z I)) (z (B S) (I B) (I (B z (x K) K) (x S)) (z (B B) (B (S (B z (x B) S)) K) (v27 v6))) B (I (x (K (B (x B)) S K)) B (x (K I) S))
v8 (v29 (z (x I) K z I)) (z (B S) B (I (B z (x K) K) (x S)) (z (B B) (B (S (B z (x B) S)) K) (v27 v6))) B (I (x (K (B (x B)) S K)) B (x (K I) S))
v8 (v29 (z (x I) K z I)) (z (B S) B (B z (x K) K (x S)) (z (B B) (B (S (B z (x B) S)) K) (v27 v6))) B (I (x (K (B (x B)) S K)) B (x (K I) S))
v8 (v29 (z (x I) K z I)) (z (B S) B (z (x K K) (x S)) (z (B B) (B (S (B z (x B) S)) K) (v27 v6))) B (I (x (K (B (x B)) S K)) B (x (K I) S))
v8 (v29 (z (x I) K z I)) (z (B S) B (z (x K K) (x S)) (z (B B) (B (S (z (x B S))) K) (v27 v6))) B (I (x (K (B (x B)) S K)) B (x (K I) S))
v8 (v29 (z (x I) K z I)) (z (B S) B (z (x K K) (x S)) (z (B B) (B (S (z (x B S))) K) (v27 v6))) B (x (K (B (x B)) S K) B (x (K I) S))
v8 (v29 (z (x I) K z I)) (z (B S) B (z (x K K) (x S)) (z (B B) (B (S (z (x B S))) K) (v27 v6))) B (x (B (x B) K) B (x (K I) S))
z (v5 z (x v2 x (x B (v5 z)) x)) I (z S I) (B S S) (K (x (B (x (S v5)) I (z (z v17))) (I (S K)) (S (K I (v11 K)) S (v17 I (z (B (z (v7 v4 (S B (B v9)) (z K))) B))))))
z (v5 z (x v2 x (x B (v5 z)) x)) I (z S I) (B S S) (K (x (x (S v5) (I (z (z v17)))) (I (S K)) (S (K I (v11 K)) S (v17 I (z (B (z (v7 v4 (S B (B v9)) (z K))) B))))))
z (v5 z (x v2 x (x B (v5 z)) x)) I (z S I) (B S S) (K (x (x (S v5) (z (z v17))) (I (S K)) (S (K I (v11 K)) S (v17 I (z (B (z (v7 v4 (S B (B v9)) (z K))) B))))))
z (v5 z (x v2 x (x B (v5 z)) x)) I (z S I) (B S S) (K (x (x (S v5) (z (z v17))) (S K) (S (K I (v11 K)) S (v17 I (z (B (z (v7 v4 (S B (B v9)) (z K))) B))))))
z (v5 z (x v2 x (x B (v5 z)) x)) I (z S I) (B S S) (K (x (x (S v5) (z (z v17))) (S K) (K I (v11 K) (v17 I (z (B (z (v7 v4 (S B (B v9)) (z K))) B))) (S (v17 I (z (B (z (v7 v4 (S B (B v9)) (z K))) B)))))))
z (v5 z (x v2 x (x B (v5 z)) x)) I (z S I) (B S S) (K (x (x (S v5) (z (z v17))) (S K) (I (v17 I (z (B (z (v7 v4 (S B (B v9)) (z K))) B))) (S (v17 I (z (B (z (v7 v4 (S B (B v9)) (z K))) B)))))))
z (v5 z (x v2 x (x B (v5 z)) x)) I (z S I) (B S S) (K (x (x (S v5) (z (z v17))) (S K) (v17 I (z (B (z (v7 v4 (S B (B v9)) (z K))) B)) (S (v17 I (z (B (z (v7 v4 (S B (B v9)) (z K))) B)))))))
v3 (x (I (x S)) I z (x v11) z S)
v3 (x (x S) I z (x v11) z S)
