I (K (S S) (I z B (B (I (K (I K)))) (K x)))
K (S S) (I z B (B (I (K (I K)))) (K x))
S S
B K S (K (z (I (z K)))) (z (B B (B K z)) (z (v3 (K v28)) K z S) B) (x I)
K (S (K (z (I (z K))))) (z (B B (B K z)) (z (v3 (K v28)) K z S) B) (x I)
S (K (z (I (z K)))) (x I)
S (K (z (z K))) (x I)
v11 (z S) x (B S (S (z (x B K v6 x x z (K (I I z (z I)) (S S) S z)) I) (I B)))
v11 (z S) x (B S (S (z (x B K v6 x x z (I I z (z I) S z)) I) (I B)))
v11 (z S) x (B S (S (z (x B K v6 x x z (I z (z I) S z)) I) (I B)))
v11 (z S) x (B S (S (z (x B K v6 x x z (z (z I) S z)) I) (I B)))
v11 (z S) x (B S (S (z (x B K v6 x x z (z (z I) S z)) I) B))
K
x K (B x B) S (K I (S (z S) (z (v22 B)))) (x (z z K) (B x (K (K (v29 I)))) (I (z (I B (S x (x (S I v1)) (x v29 (I v7 K) B)) (S (S z x) (S (K v13)) (S v24))))))
x K (B x B) S I (x (z z K) (B x (K (K (v29 I)))) (I (z (I B (S x (x (S I v1)) (x v29 (I v7 K) B)) (S (S z x) (S (K v13)) (S v24))))))
x K (B x B) S I (x (z z K) (B x (K (K (v29 I)))) (z (I B (S x (x (S I v1)) (x v29 (I v7 K) B)) (S (S z x) (S (K v13)) (S v24)))))
x K (B x B) S I (x (z z K) (B x (K (K (v29 I)))) (z (B (S x (x (S I v1)) (x v29 (I v7 K) B)) (S (S z x) (S (K v13)) (S v24)))))
x K (B x B) S I (x (z z K) (B x (K (K (v29 I)))) (z (B (x (x v29 (I v7 K) B) (x (S I v1) (x v29 (I v7 K) B))) (S (S z x) (S (K v13)) (S v24)))))
x K (B x B) S I (x (z z K) (B x (K (K (v29 I)))) (z (B (x (x v29 (v7 K) B) (x (S I v1) (x v29 (I v7 K) B))) (S (S z x) (S (K v13)) (S v24)))))
x K (B x B) S I (x (z z K) (B x (K (K (v29 I)))) (z (B (x (x v29 (v7 K) B) (x (S I v1) (x v29 (v7 K) B))) (S (S z x) (S (K v13)) (S v24)))))
x K (B x B) S I (x (z z K) (B x (K (K (v29 I)))) (z (B (x (x v29 (v7 K) B) (x (S I v1) (x v29 (v7 K) B))) (S z x (S v24) (S (K v13) (S v24))))))
x K (B x B) S I (x (z z K) (B x (K (K (v29 I)))) (z (B (x (x v29 (v7 K) B) (x (S I v1) (x v29 (v7 K) B))) (z (S v24) (x (S v24)) (S (K v13) (S v24))))))
B (S (S (x (B S) z) (v4 I K) B (v16 K) (S K K (S I) (v26 B) I (B (K K)) z I)) (B (x S K (x (v29 (I v11 v4 (I S (S S))) I (v18 B))) (S (B (S I))) (I I B (v0 (B z) I) S (S (I x) K)))))
B (S (x (B S) z B (v4 I K B) (v16 K) (S K K (S I) (v26 B) I (B (K K)) z I)) (B (x S K (x (v29 (I v11 v4 (I S (S S))) I (v18 B))) (S (B (S I))) (I I B (v0 (B z) I) S (S (I x) K)))))
B (S (x (B S) z B (v4 I K B) (v16 K) (K (S I) (K (S I)) (v26 B) I (B (K K)) z I)) (B (x S K (x (v29 (I v11 v4 (I S (S S))) I (v18 B))) (S (B (S I))) (I I B (v0 (B z) I) S (S (I x) K)))))
B (S (x (B S) z B (v4 I K B) (v16 K) (S I (v26 B) I (B (K K)) z I)) (B (x S K (x (v29 (I v11 v4 (I S (S S))) I (v18 B))) (S (B (S I))) (I I B (v0 (B z) I) S (S (I x) K)))))
B (S (x (B S) z B (v4 I K B) (v16 K) (I I (v26 B I) (B (K K)) z I)) (B (x S K (x (v29 (I v11 v4 (I S (S S))) I (v18 B))) (S (B (S I))) (I I B (v0 (B z) I) S (S (I x) K)))))
B (S (x (B S) z B (v4 I K B) (v16 K) (I (v26 B I) (B (K K)) z I)) (B (x S K (x (v29 (I v11 v4 (I S (S S))) I (v18 B))) (S (B (S I))) (I I B (v0 (B z) I) S (S (I x) K)))))
B (S (x (B S) z B (v4 I K B) (v16 K) (v26 B I (B (K K)) z I)) (B (x S K (x (v29 (I v11 v4 (I S (S S))) I (v18 B))) (S (B (S I))) (I I B (v0 (B z) I) S (S (I x) K)))))
B (S (x (B S) z B (v4 I K B) (v16 K) (v26 B I (B (K K)) z I)) (B (x S K (x (v29 (v11 v4 (I S (S S))) I (v18 B))) (S (B (S I))) (I I B (v0 (B z) I) S (S (I x) K)))))
B (S (x (B S) z B (v4 I K B) (v16 K) (v26 B I (B (K K)) z I)) (B (x S K (x (v29 (v11 v4 (S (S S))) I (v18 B))) (S (B (S I))) (I I B (v0 (B z) I) S (S (I x) K)))))
B (S (x (B S) z B (v4 I K B) (v16 K) (v26 B I (B (K K)) z I)) (B (x S K (x (v29 (v11 v4 (S (S S))) I (v18 B))) (S (B (S I))) (I B (v0 (B z) I) S (S (I x) K)))))
B (S (x (B S) z B (v4 I K B) (v16 K) (v26 B I (B (K K)) z I)) (B (x S K (x (v29 (v11 v4 (S (S S))) I (v18 B))) (S (B (S I))) (B (v0 (B z) I) S (S (I x) K)))))
B (S (x (B S) z B (v4 I K B) (v16 K) (v26 B I (B (K K)) z I)) (B (x S K (x (v29 (v11 v4 (S (S S))) I (v18 B))) (S (B (S I))) (v0 (B z) I (S (S (I x) K))))))
B (S (x (B S) z B (v4 I K B) (v16 K) (v26 B I (B (K K)) z I)) (B (x S K (x (v29 (v11 v4 (S (S S))) I (v18 B))) (S (B (S I))) (v0 (B z) I (S (S x K))))))
I (v13 (B S K K) B S) I
v13 (B S K K) B S I
v13 (S (K K)) B S I
x v13 (z (v20 v13) (B x) (z (S (z v7 S)) z)) v18 (v4 (z (K (I (B v6 S))) (S z (I (z z) S)) (x K)) (v8 (B (z (S (I S)) (I K) (B (I v25))))) K) (S (S (x (x K (B B) (z v1) I))))
x v13 (z (v20 v13) (B x) (z (S (z v7 S)) z)) v18 (v4 (z (K (B v6 S)) (S z (I (z z) S)) (x K)) (v8 (B (z (S (I S)) (I K) (B (I v25))))) K) (S (S (x (x K (B B) (z v1) I))))
x v13 (z (v20 v13) (B x) (z (S (z v7 S)) z)) v18 (v4 (z (K (B v6 S)) (S z (z z S)) (x K)) (v8 (B (z (S (I S)) (I K) (B (I v25))))) K) (S (S (x (x K (B B) (z v1) I))))
x v13 (z (v20 v13) (B x) (z (S (z v7 S)) z)) v18 (v4 (z (K (B v6 S)) (S z (z z S)) (x K)) (v8 (B (z (S S) (I K) (B (I v25))))) K) (S (S (x (x K (B B) (z v1) I))))
x v13 (z (v20 v13) (B x) (z (S (z v7 S)) z)) v18 (v4 (z (K (B v6 S)) (S z (z z S)) (x K)) (v8 (B (z (S S) K (B (I v25))))) K) (S (S (x (x K (B B) (z v1) I))))
x v13 (z (v20 v13) (B x) (z (S (z v7 S)) z)) v18 (v4 (z (K (B v6 S)) (S z (z z S)) (x K)) (v8 (B (z (S S) K (B v25)))) K) (S (S (x (x K (B B) (z v1) I))))
B z B (K v14 (v4 B z K (x z I (B B) x (x v5))) K (I (z S) (B (z (S x (S K))) K S)) (B (I I) (z S) x I))
z (B (K v14 (v4 B z K (x z I (B B) x (x v5))) K (I (z S) (B (z (S x (S K))) K S)) (B (I I) (z S) x I)))
z (B (v14 K (I (z S) (B (z (S x (S K))) K S)) (B (I I) (z S) x I)))
z (B (v14 K (z S (B (z (S x (S K))) K S)) (B (I I) (z S) x I)))
z (B (v14 K (z S (z (S x (S K)) (K S))) (B (I I) (z S) x I)))
z (B (v14 K (z S (z (S x (S K)) (K S))) (I I (z S x) I)))
z (B (v14 K (z S (z (S x (S K)) (K S))) (I (z S x) I)))
z (B (v14 K (z S (z (S x (S K)) (K S))) (z S x I)))
B S x x (z B) I
S (x x) (z B) I
x x I (z B I)
