S
I (S x)
S x
B (x (z I (x z x)) x)
K (I x) (I (x B B (v16 (S I x) (K S z S (v17 (z (x z))) (v18 S K))) (S (K K))) I) (I (z v20) B I (B (B S K K (x (x B (S I))))) (S K (K (x S)) B))
I x (I (z v20) B I (B (B S K K (x (x B (S I))))) (S K (K (x S)) B))
x (I (z v20) B I (B (B S K K (x (x B (S I))))) (S K (K (x S)) B))
x (z v20 B I (B (B S K K (x (x B (S I))))) (S K (K (x S)) B))
x (z v20 B I (B (S (K K) (x (x B (S I))))) (S K (K (x S)) B))
x (z v20 B I (B (S (K K) (x (x B (S I))))) (K B (K (x S) B)))
x (z v20 B I (B (S (K K) (x (x B (S I))))) B)
K (S K)
x (x I B B B) (K (x (z B v17) S) (x v20 z) (S (B B) (v14 x)) (x x v4 (v10 (S (z z x)) (K v1 (v3 v14))) S))
x (x I B B B) (x (z B v17) S (S (B B) (v14 x)) (x x v4 (v10 (S (z z x)) (K v1 (v3 v14))) S))
x (x I B B B) (x (z B v17) S (S (B B) (v14 x)) (x x v4 (v10 (S (z z x)) v1) S))
B z (x K v22) (z (I (B I (B (S I (I x))) B)) (v25 B) x (B (B S) v18 v28)) (K K (K v5 I z (S (B S (K K (v13 I z K))) (z (K v30 v5)))))
z (x K v22 (z (I (B I (B (S I (I x))) B)) (v25 B) x (B (B S) v18 v28))) (K K (K v5 I z (S (B S (K K (v13 I z K))) (z (K v30 v5)))))
z (x K v22 (z (B I (B (S I (I x))) B) (v25 B) x (B (B S) v18 v28))) (K K (K v5 I z (S (B S (K K (v13 I z K))) (z (K v30 v5)))))
z (x K v22 (z (I (B (S I (I x)) B)) (v25 B) x (B (B S) v18 v28))) (K K (K v5 I z (S (B S (K K (v13 I z K))) (z (K v30 v5)))))
z (x K v22 (z (B (S I (I x)) B) (v25 B) x (B (B S) v18 v28))) (K K (K v5 I z (S (B S (K K (v13 I z K))) (z (K v30 v5)))))
z (x K v22 (z (B (S I x) B) (v25 B) x (B (B S) v18 v28))) (K K (K v5 I z (S (B S (K K (v13 I z K))) (z (K v30 v5)))))
z (x K v22 (z (B (S I x) B) (v25 B) x (B S (v18 v28)))) (K K (K v5 I z (S (B S (K K (v13 I z K))) (z (K v30 v5)))))
z (x K v22 (z (B (S I x) B) (v25 B) x (B S (v18 v28)))) K
z I (v1 (K (K (I K)) (z (I (I S v21))) S)) (x (z I) (x z S x) (I (I z) (I (x x))) (I (I z)) (K S))
z I (v1 (K (I K) S)) (x (z I) (x z S x) (I (I z) (I (x x))) (I (I z)) (K S))
z I (v1 (I K)) (x (z I) (x z S x) (I (I z) (I (x x))) (I (I z)) (K S))
z I (v1 K) (x (z I) (x z S x) (I (I z) (I (x x))) (I (I z)) (K S))
z I (v1 K) (x (z I) (x z S x) (I z (I (x x))) (I (I z)) (K S))
z I (v1 K) (x (z I) (x z S x) (z (I (x x))) (I (I z)) (K S))
z I (v1 K) (x (z I) (x z S x) (z (x x)) (I (I z)) (K S))
z I (v1 K) (x (z I) (x z S x) (z (x x)) (I z) (K S))
z I (v1 K) (x (z I) (x z S x) (z (x x)) z (K S))
x
I z (K K K (B v26 (x I) (z z) I) x (z I B (v18 z I z) v10 (K K S (B I (K v30 x (S B (z (z (x z)) v11)))))))
z (K K K (B v26 (x I) (z z) I) x (z I B (v18 z I z) v10 (K K S (B I (K v30 x (S B (z (z (x z)) v11)))))))
z (K (B v26 (x I) (z z) I) x (z I B (v18 z I z) v10 (K K S (B I (K v30 x (S B (z (z (x z)) v11)))))))
z (B v26 (x I) (z z) I (z I B (v18 z I z) v10 (K K S (B I (K v30 x (S B (z (z (x z)) v11)))))))
z (v26 (x I (z z)) I (z I B (v18 z I z) v10 (K K S (B I (K v30 x (S B (z (z (x z)) v11)))))))
z (v26 (x I (z z)) I (z I B (v18 z I z) v10 (K (B I (K v30 x (S B (z (z (x z)) v11)))))))
z (v26 (x I (z z)) I (z I B (v18 z I z) v10 (K (B I (v30 (S B (z (z (x z)) v11)))))))
