B (B (S (K K) (x (I x S) S K)) (z (B z K (B x x) v29 K (S x (S S))) (I (v14 (x v20) K (K (v10 v16)) I) (v7 K) (S (z (B K x)) S (I x)))))
B (B (S (K K) (x (x S) S K)) (z (B z K (B x x) v29 K (S x (S S))) (I (v14 (x v20) K (K (v10 v16)) I) (v7 K) (S (z (B K x)) S (I x)))))
B (B (S (K K) (x (x S) S K)) (z (z (K (B x x)) v29 K (S x (S S))) (I (v14 (x v20) K (K (v10 v16)) I) (v7 K) (S (z (B K x)) S (I x)))))
B (B (S (K K) (x (x S) S K)) (z (z (K (B x x)) v29 K (S x (S S))) (v14 (x v20) K (K (v10 v16)) I (v7 K) (S (z (B K x)) S (I x)))))
B (B (S (K K) (x (x S) S K)) (z (z (K (B x x)) v29 K (S x (S S))) (v14 (x v20) K (K (v10 v16)) I (v7 K) (z (B K x) (I x) (S (I x))))))
B (B (S (K K) (x (x S) S K)) (z (z (K (B x x)) v29 K (S x (S S))) (v14 (x v20) K (K (v10 v16)) I (v7 K) (z (B K x) x (S (I x))))))
B (B (S (K K) (x (x S) S K)) (z (z (K (B x x)) v29 K (S x (S S))) (v14 (x v20) K (K (v10 v16)) I (v7 K) (z (B K x) x (S x)))))
z (B (I I (B (K I K)) S (I S) x) x) S (I (K (z (v1 S z z))) (v17 (B I)) (x S z) (S I (K z)) (z (x B)) (S (K B (B x))))
z (B (I (B (K I K)) S (I S) x) x) S (I (K (z (v1 S z z))) (v17 (B I)) (x S z) (S I (K z)) (z (x B)) (S (K B (B x))))
z (B (B (K I K) S (I S) x) x) S (I (K (z (v1 S z z))) (v17 (B I)) (x S z) (S I (K z)) (z (x B)) (S (K B (B x))))
z (B (K I K (S (I S)) x) x) S (I (K (z (v1 S z z))) (v17 (B I)) (x S z) (S I (K z)) (z (x B)) (S (K B (B x))))
z (B (I (S (I S)) x) x) S (I (K (z (v1 S z z))) (v17 (B I)) (x S z) (S I (K z)) (z (x B)) (S (K B (B x))))
z (B (S (I S) x) x) S (I (K (z (v1 S z z))) (v17 (B I)) (x S z) (S I (K z)) (z (x B)) (S (K B (B x))))
z (B (S S x) x) S (I (K (z (v1 S z z))) (v17 (B I)) (x S z) (S I (K z)) (z (x B)) (S (K B (B x))))
z (B (S S x) x) S (K (z (v1 S z z)) (v17 (B I)) (x S z) (S I (K z)) (z (x B)) (S (K B (B x))))
z (B (S S x) x) S (z (v1 S z z) (x S z) (S I (K z)) (z (x B)) (S (K B (B x))))
z (B (S S x) x) S (z (v1 S z z) (x S z) (S I (K z)) (z (x B)) (S B))
x S (K (x (z x) (B I (x (I S K))) (S S (x (x I) B)))) (B S (v18 (I (S v1 (B I B x) (S (x I)) (I z I)))) (v15 B (x v6) K (S x)))
x S (K (x (z x) (B I (x (S K))) (S S (x (x I) B)))) (B S (v18 (I (S v1 (B I B x) (S (x I)) (I z I)))) (v15 B (x v6) K (S x)))
x S (K (x (z x) (B I (x (S K))) (S S (x (x I) B)))) (S (v18 (I (S v1 (B I B x) (S (x I)) (I z I))) (v15 B (x v6) K (S x))))
x S (K (x (z x) (B I (x (S K))) (S S (x (x I) B)))) (S (v18 (S v1 (B I B x) (S (x I)) (I z I)) (v15 B (x v6) K (S x))))
x S (K (x (z x) (B I (x (S K))) (S S (x (x I) B)))) (S (v18 (v1 (S (x I)) (B I B x (S (x I))) (I z I)) (v15 B (x v6) K (S x))))
x S (K (x (z x) (B I (x (S K))) (S S (x (x I) B)))) (S (v18 (v1 (S (x I)) (I (B x) (S (x I))) (I z I)) (v15 B (x v6) K (S x))))
x S (K (x (z x) (B I (x (S K))) (S S (x (x I) B)))) (S (v18 (v1 (S (x I)) (B x (S (x I))) (I z I)) (v15 B (x v6) K (S x))))
x S (K (x (z x) (B I (x (S K))) (S S (x (x I) B)))) (S (v18 (v1 (S (x I)) (B x (S (x I))) (z I)) (v15 B (x v6) K (S x))))
I (z (I I v7 I)) (z (K I v10 K)) (B K)
z (I I v7 I) (z (K I v10 K)) (B K)
z (I v7 I) (z (K I v10 K)) (B K)
z (v7 I) (z (K I v10 K)) (B K)
z (v7 I) (z (I K)) (B K)
z (v7 I) (z K) (B K)
v22
v5 (x (I B) B) (v2 (I (v18 x I x))) (z B (v24 B x B)) (z I z (I (v24 z) B) z z (B (I (x K) (x (I (K z)))) (v15 (I (S v21) I) (K (K I) I)) (K B)))
v5 (x B B) (v2 (I (v18 x I x))) (z B (v24 B x B)) (z I z (I (v24 z) B) z z (B (I (x K) (x (I (K z)))) (v15 (I (S v21) I) (K (K I) I)) (K B)))
v5 (x B B) (v2 (v18 x I x)) (z B (v24 B x B)) (z I z (I (v24 z) B) z z (B (I (x K) (x (I (K z)))) (v15 (I (S v21) I) (K (K I) I)) (K B)))
v5 (x B B) (v2 (v18 x I x)) (z B (v24 B x B)) (z I z (v24 z B) z z (B (I (x K) (x (I (K z)))) (v15 (I (S v21) I) (K (K I) I)) (K B)))
v5 (x B B) (v2 (v18 x I x)) (z B (v24 B x B)) (z I z (v24 z B) z z (I (x K) (x (I (K z))) (v15 (I (S v21) I) (K (K I) I) (K B))))
v5 (x B B) (v2 (v18 x I x)) (z B (v24 B x B)) (z I z (v24 z B) z z (x K (x (I (K z))) (v15 (I (S v21) I) (K (K I) I) (K B))))
v5 (x B B) (v2 (v18 x I x)) (z B (v24 B x B)) (z I z (v24 z B) z z (x K (x (K z)) (v15 (I (S v21) I) (K (K I) I) (K B))))
v5 (x B B) (v2 (v18 x I x)) (z B (v24 B x B)) (z I z (v24 z B) z z (x K (x (K z)) (v15 (S v21 I) (K (K I) I) (K B))))
v5 (x B B) (v2 (v18 x I x)) (z B (v24 B x B)) (z I z (v24 z B) z z (x K (x (K z)) (v15 (S v21 I) (K I) (K B))))
z S (B z) (B S (K I)) v27 (K v28) (I (B z)) (x S)
z S (B z) (B S (K I)) v27 (K v28) (B z) (x S)
K B v18 (B (S S) (I z (I (S v2) B (I I (I I) (K (B B) x) (z B))) (S z)) (B (v9 x) (v9 (S (v7 B)) (v9 (S K)) (v11 (I S)) S K)))
B (B (S S) (I z (I (S v2) B (I I (I I) (K (B B) x) (z B))) (S z)) (B (v9 x) (v9 (S (v7 B)) (v9 (S K)) (v11 (I S)) S K)))
B (S S (I z (I (S v2) B (I I (I I) (K (B B) x) (z B))) (S z) (B (v9 x) (v9 (S (v7 B)) (v9 (S K)) (v11 (I S)) S K))))
B (S S (z (I (S v2) B (I I (I I) (K (B B) x) (z B))) (S z) (B (v9 x) (v9 (S (v7 B)) (v9 (S K)) (v11 (I S)) S K))))
B (S S (z (S v2 B (I I (I I) (K (B B) x) (z B))) (S z) (B (v9 x) (v9 (S (v7 B)) (v9 (S K)) (v11 (I S)) S K))))
B (S S (z (v2 (I I (I I) (K (B B) x) (z B)) (B (I I (I I) (K (B B) x) (z B)))) (S z) (B (v9 x) (v9 (S (v7 B)) (v9 (S K)) (v11 (I S)) S K))))
B (S S (z (v2 (I (I I) (K (B B) x) (z B)) (B (I I (I I) (K (B B) x) (z B)))) (S z) (B (v9 x) (v9 (S (v7 B)) (v9 (S K)) (v11 (I S)) S K))))
B (S S (z (v2 (I I (K (B B) x) (z B)) (B (I I (I I) (K (B B) x) (z B)))) (S z) (B (v9 x) (v9 (S (v7 B)) (v9 (S K)) (v11 (I S)) S K))))
B (S S (z (v2 (I (K (B B) x) (z B)) (B (I I (I I) (K (B B) x) (z B)))) (S z) (B (v9 x) (v9 (S (v7 B)) (v9 (S K)) (v11 (I S)) S K))))
B (S S (z (v2 (K (B B) x (z B)) (B (I I (I I) (K (B B) x) (z B)))) (S z) (B (v9 x) (v9 (S (v7 B)) (v9 (S K)) (v11 (I S)) S K))))
B (S S (z (v2 (B B (z B)) (B (I I (I I) (K (B B) x) (z B)))) (S z) (B (v9 x) (v9 (S (v7 B)) (v9 (S K)) (v11 (I S)) S K))))
B (S S (z (v2 (B B (z B)) (B (I (I I) (K (B B) x) (z B)))) (S z) (B (v9 x) (v9 (S (v7 B)) (v9 (S K)) (v11 (I S)) S K))))
B (S S (z (v2 (B B (z B)) (B (I I (K (B B) x) (z B)))) (S z) (B (v9 x) (v9 (S (v7 B)) (v9 (S K)) (v11 (I S)) S K))))
B (S S (z (v2 (B B (z B)) (B (I (K (B B) x) (z B)))) (S z) (B (v9 x) (v9 (S (v7 B)) (v9 (S K)) (v11 (I S)) S K))))
B (S S (z (v2 (B B (z B)) (B (K (B B) x (z B)))) (S z) (B (v9 x) (v9 (S (v7 B)) (v9 (S K)) (v11 (I S)) S K))))
B (S S (z (v2 (B B (z B)) (B (B B (z B)))) (S z) (B (v9 x) (v9 (S (v7 B)) (v9 (S K)) (v11 (I S)) S K))))
B (S S (z (v2 (B B (z B)) (B (B B (z B)))) (S z) (B (v9 x) (v9 (S (v7 B)) (v9 (S K)) (v11 S) S K))))
S (B z (K S (z K B) v13)) (K (S (B (v5 v26) z K)) (K (v0 I I) x (z (x z)) (z S B K B (B (B (I K)) (I (I K)))))) S
B z (K S (z K B) v13) S (K (S (B (v5 v26) z K)) (K (v0 I I) x (z (x z)) (z S B K B (B (B (I K)) (I (I K))))) S)
z (K S (z K B) v13 S) (K (S (B (v5 v26) z K)) (K (v0 I I) x (z (x z)) (z S B K B (B (B (I K)) (I (I K))))) S)
z (S v13 S) (K (S (B (v5 v26) z K)) (K (v0 I I) x (z (x z)) (z S B K B (B (B (I K)) (I (I K))))) S)
z (S v13 S) (S (B (v5 v26) z K) S)
z (S v13 S) (S (v5 v26 (z K)) S)
B
