S (I (x z (S I) (S (K z) (x x) (x (S (B v5)) K (v16 I))))) (B K (x K K) S)
S (x z (S I) (S (K z) (x x) (x (S (B v5)) K (v16 I)))) (B K (x K K) S)
S (x z (S I) (K z (x (S (B v5)) K (v16 I)) (x x (x (S (B v5)) K (v16 I))))) (B K (x K K) S)
S (x z (S I) (z (x x (x (S (B v5)) K (v16 I))))) (B K (x K K) S)
S (x z (S I) (z (x x (x (S (B v5)) K (v16 I))))) (K (x K K S))
z
S
x
x (S (z (v8 (I S)))) (I K) (S (I (K (S v2) (z K K) (z (B S))) (I S)))
x (S (z (v8 S))) (I K) (S (I (K (S v2) (z K K) (z (B S))) (I S)))
x (S (z (v8 S))) K (S (I (K (S v2) (z K K) (z (B S))) (I S)))
x (S (z (v8 S))) K (S (K (S v2) (z K K) (z (B S)) (I S)))
x (S (z (v8 S))) K (S (S v2 (z (B S)) (I S)))
x (S (z (v8 S))) K (S (v2 (I S) (z (B S) (I S))))
x (S (z (v8 S))) K (S (v2 S (z (B S) (I S))))
x (S (z (v8 S))) K (S (v2 S (z (B S) S)))
I I I (I (I (B (z (S (z K B))) x)) z (I (I (z x) (K z (K K) z B x z I)))) (S B (v1 (S S (K (v28 x)) (K S (I x) I v21))) B) (B B (z (v23 (v15 S x)) v30)) (K v7 (I B K (I (I I) x)) (v2 (S (I x K (v24 B z)) (B B z))) (x z z (z B z) (B I) S) (S x (I K) x (z (S K S))))
I I (I (I (B (z (S (z K B))) x)) z (I (I (z x) (K z (K K) z B x z I)))) (S B (v1 (S S (K (v28 x)) (K S (I x) I v21))) B) (B B (z (v23 (v15 S x)) v30)) (K v7 (I B K (I (I I) x)) (v2 (S (I x K (v24 B z)) (B B z))) (x z z (z B z) (B I) S) (S x (I K) x (z (S K S))))
I (I (I (B (z (S (z K B))) x)) z (I (I (z x) (K z (K K) z B x z I)))) (S B (v1 (S S (K (v28 x)) (K S (I x) I v21))) B) (B B (z (v23 (v15 S x)) v30)) (K v7 (I B K (I (I I) x)) (v2 (S (I x K (v24 B z)) (B B z))) (x z z (z B z) (B I) S) (S x (I K) x (z (S K S))))
I (I (B (z (S (z K B))) x)) z (I (I (z x) (K z (K K) z B x z I))) (S B (v1 (S S (K (v28 x)) (K S (I x) I v21))) B) (B B (z (v23 (v15 S x)) v30)) (K v7 (I B K (I (I I) x)) (v2 (S (I x K (v24 B z)) (B B z))) (x z z (z B z) (B I) S) (S x (I K) x (z (S K S))))
I (B (z (S (z K B))) x) z (I (I (z x) (K z (K K) z B x z I))) (S B (v1 (S S (K (v28 x)) (K S (I x) I v21))) B) (B B (z (v23 (v15 S x)) v30)) (K v7 (I B K (I (I I) x)) (v2 (S (I x K (v24 B z)) (B B z))) (x z z (z B z) (B I) S) (S x (I K) x (z (S K S))))
B (z (S (z K B))) x z (I (I (z x) (K z (K K) z B x z I))) (S B (v1 (S S (K (v28 x)) (K S (I x) I v21))) B) (B B (z (v23 (v15 S x)) v30)) (K v7 (I B K (I (I I) x)) (v2 (S (I x K (v24 B z)) (B B z))) (x z z (z B z) (B I) S) (S x (I K) x (z (S K S))))
z (S (z K B)) (x z) (I (I (z x) (K z (K K) z B x z I))) (S B (v1 (S S (K (v28 x)) (K S (I x) I v21))) B) (B B (z (v23 (v15 S x)) v30)) (K v7 (I B K (I (I I) x)) (v2 (S (I x K (v24 B z)) (B B z))) (x z z (z B z) (B I) S) (S x (I K) x (z (S K S))))
z (S (z K B)) (x z) (I (z x) (K z (K K) z B x z I)) (S B (v1 (S S (K (v28 x)) (K S (I x) I v21))) B) (B B (z (v23 (v15 S x)) v30)) (K v7 (I B K (I (I I) x)) (v2 (S (I x K (v24 B z)) (B B z))) (x z z (z B z) (B I) S) (S x (I K) x (z (S K S))))
z (S (z K B)) (x z) (z x (K z (K K) z B x z I)) (S B (v1 (S S (K (v28 x)) (K S (I x) I v21))) B) (B B (z (v23 (v15 S x)) v30)) (K v7 (I B K (I (I I) x)) (v2 (S (I x K (v24 B z)) (B B z))) (x z z (z B z) (B I) S) (S x (I K) x (z (S K S))))
z (S (z K B)) (x z) (z x (z z B x z I)) (S B (v1 (S S (K (v28 x)) (K S (I x) I v21))) B) (B B (z (v23 (v15 S x)) v30)) (K v7 (I B K (I (I I) x)) (v2 (S (I x K (v24 B z)) (B B z))) (x z z (z B z) (B I) S) (S x (I K) x (z (S K S))))
z (S (z K B)) (x z) (z x (z z B x z I)) (B B (v1 (S S (K (v28 x)) (K S (I x) I v21)) B)) (B B (z (v23 (v15 S x)) v30)) (K v7 (I B K (I (I I) x)) (v2 (S (I x K (v24 B z)) (B B z))) (x z z (z B z) (B I) S) (S x (I K) x (z (S K S))))
z (S (z K B)) (x z) (z x (z z B x z I)) (B B (v1 (S (K S (I x) I v21) (K (v28 x) (K S (I x) I v21))) B)) (B B (z (v23 (v15 S x)) v30)) (K v7 (I B K (I (I I) x)) (v2 (S (I x K (v24 B z)) (B B z))) (x z z (z B z) (B I) S) (S x (I K) x (z (S K S))))
z (S (z K B)) (x z) (z x (z z B x z I)) (B B (v1 (S (S I v21) (K (v28 x) (K S (I x) I v21))) B)) (B B (z (v23 (v15 S x)) v30)) (K v7 (I B K (I (I I) x)) (v2 (S (I x K (v24 B z)) (B B z))) (x z z (z B z) (B I) S) (S x (I K) x (z (S K S))))
z (S (z K B)) (x z) (z x (z z B x z I)) (B B (v1 (S (S I v21) (v28 x)) B)) (B B (z (v23 (v15 S x)) v30)) (K v7 (I B K (I (I I) x)) (v2 (S (I x K (v24 B z)) (B B z))) (x z z (z B z) (B I) S) (S x (I K) x (z (S K S))))
z (S (z K B)) (x z) (z x (z z B x z I)) (B B (v1 (S (S I v21) (v28 x)) B)) (B B (z (v23 (v15 S x)) v30)) (v7 (v2 (S (I x K (v24 B z)) (B B z))) (x z z (z B z) (B I) S) (S x (I K) x (z (S K S))))
z (S (z K B)) (x z) (z x (z z B x z I)) (B B (v1 (S (S I v21) (v28 x)) B)) (B B (z (v23 (v15 S x)) v30)) (v7 (v2 (S (x K (v24 B z)) (B B z))) (x z z (z B z) (B I) S) (S x (I K) x (z (S K S))))
z (S (z K B)) (x z) (z x (z z B x z I)) (B B (v1 (S (S I v21) (v28 x)) B)) (B B (z (v23 (v15 S x)) v30)) (v7 (v2 (S (x K (v24 B z)) (B B z))) (x z z (z B z) (B I) S) (x x (I K x) (z (S K S))))
z (S (z K B)) (x z) (z x (z z B x z I)) (B B (v1 (S (S I v21) (v28 x)) B)) (B B (z (v23 (v15 S x)) v30)) (v7 (v2 (S (x K (v24 B z)) (B B z))) (x z z (z B z) (B I) S) (x x (K x) (z (S K S))))
z (B (x (K K) K (S (I B (S (z K)) z)))) S (I (B I K) B (B (z x)) z I B I)
z (B (x (K K) K (S (B (S (z K)) z)))) S (I (B I K) B (B (z x)) z I B I)
z (B (x (K K) K (S (B (S (z K)) z)))) S (B I K B (B (z x)) z I B I)
z (B (x (K K) K (S (B (S (z K)) z)))) S (I (K B) (B (z x)) z I B I)
z (B (x (K K) K (S (B (S (z K)) z)))) S (K B (B (z x)) z I B I)
z (B (x (K K) K (S (B (S (z K)) z)))) S (B z I B I)
z (B (x (K K) K (S (B (S (z K)) z)))) S (z (I B) I)
z (B (x (K K) K (S (B (S (z K)) z)))) S (z B I)
S I z I (v20 (S K z x) B)
I I (z I) (v20 (S K z x) B)
I (z I) (v20 (S K z x) B)
z I (v20 (S K z x) B)
z I (v20 (K x (z x)) B)
z I (v20 x B)
v6 (S K B K (K K (I (v27 B) x (v8 K) B) (x K (v20 (K x) S K (z (x x z)) (S (S I))))) (x (S I S) (x (z (S x)) (x S (I x) I) (z (I x) (v10 I (K I) z)) S) I))
v6 (K K (B K) (K K (I (v27 B) x (v8 K) B) (x K (v20 (K x) S K (z (x x z)) (S (S I))))) (x (S I S) (x (z (S x)) (x S (I x) I) (z (I x) (v10 I (K I) z)) S) I))
v6 (K (K K (I (v27 B) x (v8 K) B) (x K (v20 (K x) S K (z (x x z)) (S (S I))))) (x (S I S) (x (z (S x)) (x S (I x) I) (z (I x) (v10 I (K I) z)) S) I))
v6 (K K (I (v27 B) x (v8 K) B) (x K (v20 (K x) S K (z (x x z)) (S (S I)))))
v6 (K (x K (v20 (K x) S K (z (x x z)) (S (S I)))))
S (z (z (I (S B)) (v15 x))) (x (S (z (v27 S (K K))))) (z x) (K (x K) z) (K (I z v21 (z (z K)) (v4 (S K)) I) (B x (x z K (v21 (I B) I)))) z
z (z (I (S B)) (v15 x)) (z x) (x (S (z (v27 S (K K)))) (z x)) (K (x K) z) (K (I z v21 (z (z K)) (v4 (S K)) I) (B x (x z K (v21 (I B) I)))) z
z (z (S B) (v15 x)) (z x) (x (S (z (v27 S (K K)))) (z x)) (K (x K) z) (K (I z v21 (z (z K)) (v4 (S K)) I) (B x (x z K (v21 (I B) I)))) z
z (z (S B) (v15 x)) (z x) (x (S (z (v27 S (K K)))) (z x)) (x K) (K (I z v21 (z (z K)) (v4 (S K)) I) (B x (x z K (v21 (I B) I)))) z
z (z (S B) (v15 x)) (z x) (x (S (z (v27 S (K K)))) (z x)) (x K) (I z v21 (z (z K)) (v4 (S K)) I) z
z (z (S B) (v15 x)) (z x) (x (S (z (v27 S (K K)))) (z x)) (x K) (z v21 (z (z K)) (v4 (S K)) I) z
