S (x (z B (z I) (S (B (I S)) (v19 (B (S z)))) z)) z B
x (z B (z I) (S (B (I S)) (v19 (B (S z)))) z) B (z B)
x (z B (z I) (S (B S) (v19 (B (S z)))) z) B (z B)
K (K (S (x (B (z (B (S z) I)) (z B S B))) (I x))) (B (I (I I) (S z) x) z x I)
K (S (x (B (z (B (S z) I)) (z B S B))) (I x))
K (S (x (B (z (B (S z) I)) (z B S B))) x)
I I (z (z (B (I I)) x v25 K (z S S z x I (z v1)) (I (I (v29 v4) x I) x B x)))
I (z (z (B (I I)) x v25 K (z S S z x I (z v1)) (I (I (v29 v4) x I) x B x)))
z (z (B (I I)) x v25 K (z S S z x I (z v1)) (I (I (v29 v4) x I) x B x))
z (z (B I) x v25 K (z S S z x I (z v1)) (I (I (v29 v4) x I) x B x))
z (z (B I) x v25 K (z S S z x I (z v1)) (I (v29 v4) x I x B x))
z (z (B I) x v25 K (z S S z x I (z v1)) (v29 v4 x I x B x))
K (v16 (v24 x) K I) (B (I (x v26 z) v9) z S) (K v19) (v14 z (x x I) (v30 v20 K z) (v5 B))
v16 (v24 x) K I (K v19) (v14 z (x x I) (v30 v20 K z) (v5 B))
B (B I (z x) (z K (S (v4 (S x v2 I) (K I) (S I (B (I B)) v8))) S S))
B (I (z x (z K (S (v4 (S x v2 I) (K I) (S I (B (I B)) v8))) S S)))
B (z x (z K (S (v4 (S x v2 I) (K I) (S I (B (I B)) v8))) S S))
B (z x (z K (S (v4 (x I (v2 I)) (K I) (S I (B (I B)) v8))) S S))
B (z x (z K (S (v4 (x I (v2 I)) (K I) (I v8 (B (I B) v8)))) S S))
B (z x (z K (S (v4 (x I (v2 I)) (K I) (v8 (B (I B) v8)))) S S))
B (z x (z K (S (v4 (x I (v2 I)) (K I) (v8 (B B v8)))) S S))
v14
x x v24 (B x (x (S v13)) (B (B S) S (x x (S S z) (B (v0 z)) B S)))
x x v24 (x (x (S v13) (B (B S) S (x x (S S z) (B (v0 z)) B S))))
x x v24 (x (x (S v13) (B S (S (x x (S S z) (B (v0 z)) B S)))))
z (I K (S (B I)) (B (I v24 I)) (z (z (v29 v7) I v15)) (B S K (S I))) (x (B (S v23)))
z (K (S (B I)) (B (I v24 I)) (z (z (v29 v7) I v15)) (B S K (S I))) (x (B (S v23)))
z (S (B I) (z (z (v29 v7) I v15)) (B S K (S I))) (x (B (S v23)))
z (B I (B S K (S I)) (z (z (v29 v7) I v15) (B S K (S I)))) (x (B (S v23)))
z (I (B S K (S I) (z (z (v29 v7) I v15) (B S K (S I))))) (x (B (S v23)))
z (B S K (S I) (z (z (v29 v7) I v15) (B S K (S I)))) (x (B (S v23)))
z (S (K (S I)) (z (z (v29 v7) I v15) (B S K (S I)))) (x (B (S v23)))
z (S (K (S I)) (z (z (v29 v7) I v15) (S (K (S I))))) (x (B (S v23)))
z (v29 z) x z z (v9 (x I K)) (x v24) (K (z (I B (K (S v26 z K) x (x S) v12 z)) z))
z (v29 z) x z z (v9 (x I K)) (x v24) (K (z (B (K (S v26 z K) x (x S) v12 z)) z))
z (v29 z) x z z (v9 (x I K)) (x v24) (K (z (B (S v26 z K (x S) v12 z)) z))
z (v29 z) x z z (v9 (x I K)) (x v24) (K (z (B (v26 K (z K) (x S) v12 z)) z))
B (I z (v3 z v1 (K x) (B B (I v17 (x (B S (S x))))) (x z)))
B (z (v3 z v1 (K x) (B B (I v17 (x (B S (S x))))) (x z)))
B (z (v3 z v1 (K x) (B B (v17 (x (B S (S x))))) (x z)))
