I (I (x (I (z (I z)) x) (I K) I)) S I (I v24)
I (x (I (z (I z)) x) (I K) I) S I (I v24)
x (I (z (I z)) x) (I K) I S I (I v24)
x (z (I z) x) (I K) I S I (I v24)
x (z z x) (I K) I S I (I v24)
x (z z x) K I S I (I v24)
x (z z x) K I S I v24
z x (x B (K (I (B z) (I z S B) z (z (B S) I)) (x (I S) (B (x (z x))) v10 S (x (z (S I))))))
z x (x B (I (B z) (I z S B) z (z (B S) I)))
z x (x B (B z (I z S B) z (z (B S) I)))
z x (x B (z (I z S B z) (z (B S) I)))
z x (x B (z (z S B z) (z (B S) I)))
S (B S v12) z (S (z (B (S (z x)) (B (v20 K) (I z)) I))) (x K)
B S v12 (S (z (B (S (z x)) (B (v20 K) (I z)) I))) (z (S (z (B (S (z x)) (B (v20 K) (I z)) I)))) (x K)
S (v12 (S (z (B (S (z x)) (B (v20 K) (I z)) I)))) (z (S (z (B (S (z x)) (B (v20 K) (I z)) I)))) (x K)
v12 (S (z (B (S (z x)) (B (v20 K) (I z)) I))) (x K) (z (S (z (B (S (z x)) (B (v20 K) (I z)) I))) (x K))
v12 (S (z (S (z x) (B (v20 K) (I z) I)))) (x K) (z (S (z (B (S (z x)) (B (v20 K) (I z)) I))) (x K))
v12 (S (z (S (z x) (v20 K (I z I))))) (x K) (z (S (z (B (S (z x)) (B (v20 K) (I z)) I))) (x K))
v12 (S (z (S (z x) (v20 K (z I))))) (x K) (z (S (z (B (S (z x)) (B (v20 K) (I z)) I))) (x K))
v12 (S (z (S (z x) (v20 K (z I))))) (x K) (z (S (z (S (z x) (B (v20 K) (I z) I)))) (x K))
v12 (S (z (S (z x) (v20 K (z I))))) (x K) (z (S (z (S (z x) (v20 K (I z I))))) (x K))
v12 (S (z (S (z x) (v20 K (z I))))) (x K) (z (S (z (S (z x) (v20 K (z I))))) (x K))
B (S z (z I)) (S v24)
z (S K B z v28) (I (S (S v16 (S (K S)) B) (B (S S)) K (x z)))
z (K z (B z) v28) (I (S (S v16 (S (K S)) B) (B (S S)) K (x z)))
z (z v28) (I (S (S v16 (S (K S)) B) (B (S S)) K (x z)))
z (z v28) (S (S v16 (S (K S)) B) (B (S S)) K (x z))
z (z v28) (S v16 (S (K S)) B K (B (S S) K) (x z))
z (z v28) (v16 B (S (K S) B) K (B (S S) K) (x z))
x (B I B I) (S (x (S v2)) (S S)) x
x (I (B I)) (S (x (S v2)) (S S)) x
x (B I) (S (x (S v2)) (S S)) x
S (S (v24 (x (x (x I) z) z) (I K K))) v16 S
S (v24 (x (x (x I) z) z) (I K K)) S (v16 S)
v24 (x (x (x I) z) z) (I K K) (v16 S) (S (v16 S))
v24 (x (x (x I) z) z) (K K) (v16 S) (S (v16 S))
K z (z (I v16) (K z (v7 (S K) K) (S (x K) (x v15) B) B (B (K (z I v30) x))))
z
K (I K S K (z (S (K K) (x B x B))) (z S) (K (x v21 I z) (x S) I v4 (K (I x (v17 (B K)) (v22 z (K z)) (v9 v20 K) S) x)))
K (K S K (z (S (K K) (x B x B))) (z S) (K (x v21 I z) (x S) I v4 (K (I x (v17 (B K)) (v22 z (K z)) (v9 v20 K) S) x)))
K (S (z (S (K K) (x B x B))) (z S) (K (x v21 I z) (x S) I v4 (K (I x (v17 (B K)) (v22 z (K z)) (v9 v20 K) S) x)))
K (z (S (K K) (x B x B)) (K (x v21 I z) (x S) I v4 (K (I x (v17 (B K)) (v22 z (K z)) (v9 v20 K) S) x)) (z S (K (x v21 I z) (x S) I v4 (K (I x (v17 (B K)) (v22 z (K z)) (v9 v20 K) S) x))))
K (z (S (K K) (x B x B)) (x v21 I z I v4 (K (I x (v17 (B K)) (v22 z (K z)) (v9 v20 K) S) x)) (z S (K (x v21 I z) (x S) I v4 (K (I x (v17 (B K)) (v22 z (K z)) (v9 v20 K) S) x))))
K (z (S (K K) (x B x B)) (x v21 I z I v4 (I x (v17 (B K)) (v22 z (K z)) (v9 v20 K) S)) (z S (K (x v21 I z) (x S) I v4 (K (I x (v17 (B K)) (v22 z (K z)) (v9 v20 K) S) x))))
K (z (S (K K) (x B x B)) (x v21 I z I v4 (x (v17 (B K)) (v22 z (K z)) (v9 v20 K) S)) (z S (K (x v21 I z) (x S) I v4 (K (I x (v17 (B K)) (v22 z (K z)) (v9 v20 K) S) x))))
K (z (S (K K) (x B x B)) (x v21 I z I v4 (x (v17 (B K)) (v22 z (K z)) (v9 v20 K) S)) (z S (x v21 I z I v4 (K (I x (v17 (B K)) (v22 z (K z)) (v9 v20 K) S) x))))
K (z (S (K K) (x B x B)) (x v21 I z I v4 (x (v17 (B K)) (v22 z (K z)) (v9 v20 K) S)) (z S (x v21 I z I v4 (I x (v17 (B K)) (v22 z (K z)) (v9 v20 K) S))))
K (z (S (K K) (x B x B)) (x v21 I z I v4 (x (v17 (B K)) (v22 z (K z)) (v9 v20 K) S)) (z S (x v21 I z I v4 (x (v17 (B K)) (v22 z (K z)) (v9 v20 K) S))))
S
