B x x (v0 (S B) (S S (K (S v6) (x (z S (z (K (B B K)))) S) I) (S v8 v17 (B v28))))
x (x (v0 (S B) (S S (K (S v6) (x (z S (z (K (B B K)))) S) I) (S v8 v17 (B v28)))))
x (x (v0 (S B) (S (S v8 v17 (B v28)) (K (S v6) (x (z S (z (K (B B K)))) S) I (S v8 v17 (B v28))))))
x (x (v0 (S B) (S (v8 (B v28) (v17 (B v28))) (K (S v6) (x (z S (z (K (B B K)))) S) I (S v8 v17 (B v28))))))
x (x (v0 (S B) (S (v8 (B v28) (v17 (B v28))) (S v6 I (S v8 v17 (B v28))))))
x (x (v0 (S B) (S (v8 (B v28) (v17 (B v28))) (v6 (S v8 v17 (B v28)) (I (S v8 v17 (B v28)))))))
x (x (v0 (S B) (S (v8 (B v28) (v17 (B v28))) (v6 (v8 (B v28) (v17 (B v28))) (I (S v8 v17 (B v28)))))))
x (x (v0 (S B) (S (v8 (B v28) (v17 (B v28))) (v6 (v8 (B v28) (v17 (B v28))) (S v8 v17 (B v28))))))
x (x (v0 (S B) (S (v8 (B v28) (v17 (B v28))) (v6 (v8 (B v28) (v17 (B v28))) (v8 (B v28) (v17 (B v28)))))))
S (z I (x z) (K S) B (S (v15 (x (z x))))) S I S (B v3 S (I x x (z (S x)))) (I (x (I x)) B (x K (v2 z)) (z (I v12) (I (I (B x) x)) S S (x K B (z K v0))))
z I (x z) (K S) B (S (v15 (x (z x)))) I (S I) S (B v3 S (I x x (z (S x)))) (I (x (I x)) B (x K (v2 z)) (z (I v12) (I (I (B x) x)) S S (x K B (z K v0))))
z I (x z) (K S) B (S (v15 (x (z x)))) I (S I) S (v3 (S (I x x (z (S x))))) (I (x (I x)) B (x K (v2 z)) (z (I v12) (I (I (B x) x)) S S (x K B (z K v0))))
z I (x z) (K S) B (S (v15 (x (z x)))) I (S I) S (v3 (S (x x (z (S x))))) (I (x (I x)) B (x K (v2 z)) (z (I v12) (I (I (B x) x)) S S (x K B (z K v0))))
z I (x z) (K S) B (S (v15 (x (z x)))) I (S I) S (v3 (S (x x (z (S x))))) (x (I x) B (x K (v2 z)) (z (I v12) (I (I (B x) x)) S S (x K B (z K v0))))
z I (x z) (K S) B (S (v15 (x (z x)))) I (S I) S (v3 (S (x x (z (S x))))) (x x B (x K (v2 z)) (z (I v12) (I (I (B x) x)) S S (x K B (z K v0))))
z I (x z) (K S) B (S (v15 (x (z x)))) I (S I) S (v3 (S (x x (z (S x))))) (x x B (x K (v2 z)) (z v12 (I (I (B x) x)) S S (x K B (z K v0))))
z I (x z) (K S) B (S (v15 (x (z x)))) I (S I) S (v3 (S (x x (z (S x))))) (x x B (x K (v2 z)) (z v12 (I (B x) x) S S (x K B (z K v0))))
z I (x z) (K S) B (S (v15 (x (z x)))) I (S I) S (v3 (S (x x (z (S x))))) (x x B (x K (v2 z)) (z v12 (B x x) S S (x K B (z K v0))))
z (v21 I S K (S (x z z) (v1 S)))
x z (I (K K) B) (B x x v15) (K S) z (S v23 z) x
x z (K K B) (B x x v15) (K S) z (S v23 z) x
x z K (B x x v15) (K S) z (S v23 z) x
x z K (x (x v15)) (K S) z (S v23 z) x
x z I (K (I (B I (K B)) B) (v19 (z B)) (B v16 v8 v8) z (v15 z (z I) (S K B) I)) (S (K I I))
x z I (I (B I (K B)) B (B v16 v8 v8) z (v15 z (z I) (S K B) I)) (S (K I I))
x z I (B I (K B) B (B v16 v8 v8) z (v15 z (z I) (S K B) I)) (S (K I I))
x z I (I (K B B) (B v16 v8 v8) z (v15 z (z I) (S K B) I)) (S (K I I))
x z I (K B B (B v16 v8 v8) z (v15 z (z I) (S K B) I)) (S (K I I))
x z I (B (B v16 v8 v8) z (v15 z (z I) (S K B) I)) (S (K I I))
x z I (B v16 v8 v8 (z (v15 z (z I) (S K B) I))) (S (K I I))
x z I (v16 (v8 v8) (z (v15 z (z I) (S K B) I))) (S (K I I))
x z I (v16 (v8 v8) (z (v15 z (z I) (S K B) I))) (S I)
v9 B (x I (z x)) (I S) (K S) (K (K x z (v26 S) S)) (x B (x I))
v9 B (x I (z x)) S (K S) (K (K x z (v26 S) S)) (x B (x I))
v9 B (x I (z x)) S (K S) (K (x (v26 S) S)) (x B (x I))
B (S (v4 (z x) (K v9) (S K) v4)) (z (x (v19 z) z) (S x (x x))) (I K (z x v9 I v23) x (I x))
S (v4 (z x) (K v9) (S K) v4) (z (x (v19 z) z) (S x (x x)) (I K (z x v9 I v23) x (I x)))
S (v4 (z x) (K v9) (S K) v4) (z (x (v19 z) z) (S x (x x)) (K (z x v9 I v23) x (I x)))
S (v4 (z x) (K v9) (S K) v4) (z (x (v19 z) z) (S x (x x)) (z x v9 I v23 (I x)))
S (v4 (z x) (K v9) (S K) v4) (z (x (v19 z) z) (S x (x x)) (z x v9 I v23 x))
I
I (x (z K))
x (z K)
x
