x
K (v30 (I (I (z z)) B) (I v11) (S (S x (x (v2 K (S S) (I S) K))) (x v14) (S z (z K B)) B)) (I v18 (I v22 (z S)) (K K) K (S S) x I)
v30 (I (I (z z)) B) (I v11) (S (S x (x (v2 K (S S) (I S) K))) (x v14) (S z (z K B)) B)
v30 (I (z z) B) (I v11) (S (S x (x (v2 K (S S) (I S) K))) (x v14) (S z (z K B)) B)
v30 (z z B) (I v11) (S (S x (x (v2 K (S S) (I S) K))) (x v14) (S z (z K B)) B)
v30 (z z B) v11 (S (S x (x (v2 K (S S) (I S) K))) (x v14) (S z (z K B)) B)
v30 (z z B) v11 (S x (x (v2 K (S S) (I S) K)) (S z (z K B)) (x v14 (S z (z K B))) B)
v30 (z z B) v11 (x (S z (z K B)) (x (v2 K (S S) (I S) K) (S z (z K B))) (x v14 (S z (z K B))) B)
v30 (z z B) v11 (x (S z (z K B)) (x (v2 K (S S) S K) (S z (z K B))) (x v14 (S z (z K B))) B)
v16 (v23 v14 v2 (z (S z x S) S)) x (I z (v12 (I B z x)) B (S K (x S) (K I)) (z S (I (B (B x (x (K B))))) v15))
v16 (v23 v14 v2 (z (z S (x S)) S)) x (I z (v12 (I B z x)) B (S K (x S) (K I)) (z S (I (B (B x (x (K B))))) v15))
v16 (v23 v14 v2 (z (z S (x S)) S)) x (z (v12 (I B z x)) B (S K (x S) (K I)) (z S (I (B (B x (x (K B))))) v15))
v16 (v23 v14 v2 (z (z S (x S)) S)) x (z (v12 (B z x)) B (S K (x S) (K I)) (z S (I (B (B x (x (K B))))) v15))
v16 (v23 v14 v2 (z (z S (x S)) S)) x (z (v12 (B z x)) B (K (K I) (x S (K I))) (z S (I (B (B x (x (K B))))) v15))
v16 (v23 v14 v2 (z (z S (x S)) S)) x (z (v12 (B z x)) B (K I) (z S (I (B (B x (x (K B))))) v15))
v16 (v23 v14 v2 (z (z S (x S)) S)) x (z (v12 (B z x)) B (K I) (z S (B (B x (x (K B)))) v15))
K
S (v12 (z I B K (I (K x (I (I B)) K) K x)) (x (v28 (B (z (B B x) K (I v10))) (x x) (B (K K)))) (K B K)) (x (x (I B)) (v27 (I (z (K I))) (I K (v26 I (I (z I)) x) x) (x (I (x (x B S S (B I)))))) (v2 B))
S (v12 (z I B K (K x (I (I B)) K K x)) (x (v28 (B (z (B B x) K (I v10))) (x x) (B (K K)))) (K B K)) (x (x (I B)) (v27 (I (z (K I))) (I K (v26 I (I (z I)) x) x) (x (I (x (x B S S (B I)))))) (v2 B))
S (v12 (z I B K (x K K x)) (x (v28 (B (z (B B x) K (I v10))) (x x) (B (K K)))) (K B K)) (x (x (I B)) (v27 (I (z (K I))) (I K (v26 I (I (z I)) x) x) (x (I (x (x B S S (B I)))))) (v2 B))
S (v12 (z I B K (x K K x)) (x (v28 (B (z (B B x) K v10)) (x x) (B (K K)))) (K B K)) (x (x (I B)) (v27 (I (z (K I))) (I K (v26 I (I (z I)) x) x) (x (I (x (x B S S (B I)))))) (v2 B))
S (v12 (z I B K (x K K x)) (x (v28 (B (z (B B x) K v10)) (x x) (B (K K)))) B) (x (x (I B)) (v27 (I (z (K I))) (I K (v26 I (I (z I)) x) x) (x (I (x (x B S S (B I)))))) (v2 B))
S (v12 (z I B K (x K K x)) (x (v28 (B (z (B B x) K v10)) (x x) (B (K K)))) B) (x (x B) (v27 (I (z (K I))) (I K (v26 I (I (z I)) x) x) (x (I (x (x B S S (B I)))))) (v2 B))
S (v12 (z I B K (x K K x)) (x (v28 (B (z (B B x) K v10)) (x x) (B (K K)))) B) (x (x B) (v27 (z (K I)) (I K (v26 I (I (z I)) x) x) (x (I (x (x B S S (B I)))))) (v2 B))
S (v12 (z I B K (x K K x)) (x (v28 (B (z (B B x) K v10)) (x x) (B (K K)))) B) (x (x B) (v27 (z (K I)) (K (v26 I (I (z I)) x) x) (x (I (x (x B S S (B I)))))) (v2 B))
S (v12 (z I B K (x K K x)) (x (v28 (B (z (B B x) K v10)) (x x) (B (K K)))) B) (x (x B) (v27 (z (K I)) (v26 I (I (z I)) x) (x (I (x (x B S S (B I)))))) (v2 B))
S (v12 (z I B K (x K K x)) (x (v28 (B (z (B B x) K v10)) (x x) (B (K K)))) B) (x (x B) (v27 (z (K I)) (v26 I (z I) x) (x (I (x (x B S S (B I)))))) (v2 B))
S (v12 (z I B K (x K K x)) (x (v28 (B (z (B B x) K v10)) (x x) (B (K K)))) B) (x (x B) (v27 (z (K I)) (v26 I (z I) x) (x (x (x B S S (B I))))) (v2 B))
x (v16 v25)
B v11 I K
v11 (I K)
v11 K
z
z B (B x) S I B S z (K I (z I) I (K K) S x B (v29 S (B (z B S) z) I S v22 (B (v7 (B (x (v30 I z) v15))))))
z B (B x) S I B S z (I I (K K) S x B (v29 S (B (z B S) z) I S v22 (B (v7 (B (x (v30 I z) v15))))))
z B (B x) S I B S z (I (K K) S x B (v29 S (B (z B S) z) I S v22 (B (v7 (B (x (v30 I z) v15))))))
z B (B x) S I B S z (K K S x B (v29 S (B (z B S) z) I S v22 (B (v7 (B (x (v30 I z) v15))))))
z B (B x) S I B S z (K x B (v29 S (B (z B S) z) I S v22 (B (v7 (B (x (v30 I z) v15))))))
z B (B x) S I B S z (x (v29 S (B (z B S) z) I S v22 (B (v7 (B (x (v30 I z) v15))))))
K I (z (v20 (v5 (K v9) v23 I) (x K)))
I
