I (S (z B))
S (z B)
z I (x (B (I S x (z (I z)) (S (x v30) x) z v5 I) I))
z I (x (B (S x (z (I z)) (S (x v30) x) z v5 I) I))
z I (x (B (x (S (x v30) x) (z (I z) (S (x v30) x)) z v5 I) I))
z I (x (B (x (S (x v30) x) (z z (S (x v30) x)) z v5 I) I))
x (I (S (x (I S))) (v17 v9)) (S (v5 v20 v23 (B I (v13 S S)) K B (x x S x (K (x (K K) I)) x)))
x (S (x (I S)) (v17 v9)) (S (v5 v20 v23 (B I (v13 S S)) K B (x x S x (K (x (K K) I)) x)))
x (S (x S) (v17 v9)) (S (v5 v20 v23 (B I (v13 S S)) K B (x x S x (K (x (K K) I)) x)))
z
z (B (S (z (z z z (B z x K))) (z (S (B I v5) (z I)))) (I B (K (z (x (B K))) K) v10) I)
z (S (z (z z z (B z x K))) (z (S (B I v5) (z I))) (I B (K (z (x (B K))) K) v10 I))
z (z (z z z (B z x K)) (I B (K (z (x (B K))) K) v10 I) (z (S (B I v5) (z I)) (I B (K (z (x (B K))) K) v10 I)))
z (z (z z z (z (x K))) (I B (K (z (x (B K))) K) v10 I) (z (S (B I v5) (z I)) (I B (K (z (x (B K))) K) v10 I)))
z (z (z z z (z (x K))) (B (K (z (x (B K))) K) v10 I) (z (S (B I v5) (z I)) (I B (K (z (x (B K))) K) v10 I)))
z (z (z z z (z (x K))) (K (z (x (B K))) K (v10 I)) (z (S (B I v5) (z I)) (I B (K (z (x (B K))) K) v10 I)))
z (z (z z z (z (x K))) (z (x (B K)) (v10 I)) (z (S (B I v5) (z I)) (I B (K (z (x (B K))) K) v10 I)))
z (z (z z z (z (x K))) (z (x (B K)) (v10 I)) (z (S (B I v5) (z I)) (B (K (z (x (B K))) K) v10 I)))
z (z (z z z (z (x K))) (z (x (B K)) (v10 I)) (z (S (B I v5) (z I)) (K (z (x (B K))) K (v10 I))))
z (z (z z z (z (x K))) (z (x (B K)) (v10 I)) (z (S (B I v5) (z I)) (z (x (B K)) (v10 I))))
B (K x (B (v20 v1 B)) z (x (z (x z (B (z K) (v18 B S)) v22) (K S))) (S (v17 z)) S)
B (x z (x (z (x z (B (z K) (v18 B S)) v22) (K S))) (S (v17 z)) S)
v4
I (z (S (I K (K (z z) (z (S I) K) K) I) S x (B (I z) (x (I K (I I)))))) (z (B (z v29 (v16 (z S (I v22 I)) B) (x (v14 (v17 I))))))
z (S (I K (K (z z) (z (S I) K) K) I) S x (B (I z) (x (I K (I I))))) (z (B (z v29 (v16 (z S (I v22 I)) B) (x (v14 (v17 I))))))
z (I K (K (z z) (z (S I) K) K) I x (S x) (B (I z) (x (I K (I I))))) (z (B (z v29 (v16 (z S (I v22 I)) B) (x (v14 (v17 I))))))
z (K (K (z z) (z (S I) K) K) I x (S x) (B (I z) (x (I K (I I))))) (z (B (z v29 (v16 (z S (I v22 I)) B) (x (v14 (v17 I))))))
z (K (z z) (z (S I) K) K x (S x) (B (I z) (x (I K (I I))))) (z (B (z v29 (v16 (z S (I v22 I)) B) (x (v14 (v17 I))))))
z (z z K x (S x) (B (I z) (x (I K (I I))))) (z (B (z v29 (v16 (z S (I v22 I)) B) (x (v14 (v17 I))))))
z (z z K x (S x) (B z (x (I K (I I))))) (z (B (z v29 (v16 (z S (I v22 I)) B) (x (v14 (v17 I))))))
z (z z K x (S x) (B z (x (K (I I))))) (z (B (z v29 (v16 (z S (I v22 I)) B) (x (v14 (v17 I))))))
z (z z K x (S x) (B z (x (K I)))) (z (B (z v29 (v16 (z S (I v22 I)) B) (x (v14 (v17 I))))))
z (z z K x (S x) (B z (x (K I)))) (z (B (z v29 (v16 (z S (v22 I)) B) (x (v14 (v17 I))))))
v13 (B (v20 (S S x B) (B B)) (S (I (v26 (z S) (B x (x I) z)))) z K)
v13 (v20 (S S x B) (B B) (S (I (v26 (z S) (B x (x I) z))) z) K)
v13 (v20 (S B (x B)) (B B) (S (I (v26 (z S) (B x (x I) z))) z) K)
v13 (v20 (S B (x B)) (B B) (S (v26 (z S) (B x (x I) z)) z) K)
v13 (v20 (S B (x B)) (B B) (S (v26 (z S) (x (x I z))) z) K)
B v8 (z (z (S (z S) (v1 I))) v6 S x) (v8 (v17 v1) (B (x S (z (K v2) (v11 (S (B S))))) (x v12 (x B) x (x (I S) x))) x) (K (K z) (K (I S x K)) (K x))
v8 (z (z (S (z S) (v1 I))) v6 S x (v8 (v17 v1) (B (x S (z (K v2) (v11 (S (B S))))) (x v12 (x B) x (x (I S) x))) x)) (K (K z) (K (I S x K)) (K x))
v8 (z (z (S (z S) (v1 I))) v6 S x (v8 (v17 v1) (B (x S (z (K v2) (v11 (S (B S))))) (x v12 (x B) x (x S x))) x)) (K (K z) (K (I S x K)) (K x))
v8 (z (z (S (z S) (v1 I))) v6 S x (v8 (v17 v1) (B (x S (z (K v2) (v11 (S (B S))))) (x v12 (x B) x (x S x))) x)) (K z (K x))
v8 (z (z (S (z S) (v1 I))) v6 S x (v8 (v17 v1) (B (x S (z (K v2) (v11 (S (B S))))) (x v12 (x B) x (x S x))) x)) z
