I (x (K K (I v1)) K (x S (x (I B) (B x))))
x (K K (I v1)) K (x S (x (I B) (B x)))
x K K (x S (x (I B) (B x)))
x K K (x S (x B (B x)))
B z (I z) (S v29 v12 (v13 z (K z v13) (v16 I) z (K z) (K (x B S))) (z z z S (x (I B) x (B (S S)) (v3 S))) (x (I (z (S (K (K (B B)))))) (K (K (K S z (K (x I S I)))) (I (z (v28 z S)) x)))) (z (B K (I (K (z z K (v0 B (S (S v8 (B (S S)))) I))) (I I (z (I I))) (x v4))))
z (I z (S v29 v12 (v13 z (K z v13) (v16 I) z (K z) (K (x B S))) (z z z S (x (I B) x (B (S S)) (v3 S))) (x (I (z (S (K (K (B B)))))) (K (K (K S z (K (x I S I)))) (I (z (v28 z S)) x))))) (z (B K (I (K (z z K (v0 B (S (S v8 (B (S S)))) I))) (I I (z (I I))) (x v4))))
z (z (S v29 v12 (v13 z (K z v13) (v16 I) z (K z) (K (x B S))) (z z z S (x (I B) x (B (S S)) (v3 S))) (x (I (z (S (K (K (B B)))))) (K (K (K S z (K (x I S I)))) (I (z (v28 z S)) x))))) (z (B K (I (K (z z K (v0 B (S (S v8 (B (S S)))) I))) (I I (z (I I))) (x v4))))
z (z (v29 (v13 z (K z v13) (v16 I) z (K z) (K (x B S))) (v12 (v13 z (K z v13) (v16 I) z (K z) (K (x B S)))) (z z z S (x (I B) x (B (S S)) (v3 S))) (x (I (z (S (K (K (B B)))))) (K (K (K S z (K (x I S I)))) (I (z (v28 z S)) x))))) (z (B K (I (K (z z K (v0 B (S (S v8 (B (S S)))) I))) (I I (z (I I))) (x v4))))
z (z (v29 (v13 z z (v16 I) z (K z) (K (x B S))) (v12 (v13 z (K z v13) (v16 I) z (K z) (K (x B S)))) (z z z S (x (I B) x (B (S S)) (v3 S))) (x (I (z (S (K (K (B B)))))) (K (K (K S z (K (x I S I)))) (I (z (v28 z S)) x))))) (z (B K (I (K (z z K (v0 B (S (S v8 (B (S S)))) I))) (I I (z (I I))) (x v4))))
z (z (v29 (v13 z z (v16 I) z (K z) (K (x B S))) (v12 (v13 z z (v16 I) z (K z) (K (x B S)))) (z z z S (x (I B) x (B (S S)) (v3 S))) (x (I (z (S (K (K (B B)))))) (K (K (K S z (K (x I S I)))) (I (z (v28 z S)) x))))) (z (B K (I (K (z z K (v0 B (S (S v8 (B (S S)))) I))) (I I (z (I I))) (x v4))))
z (z (v29 (v13 z z (v16 I) z (K z) (K (x B S))) (v12 (v13 z z (v16 I) z (K z) (K (x B S)))) (z z z S (x B x (B (S S)) (v3 S))) (x (I (z (S (K (K (B B)))))) (K (K (K S z (K (x I S I)))) (I (z (v28 z S)) x))))) (z (B K (I (K (z z K (v0 B (S (S v8 (B (S S)))) I))) (I I (z (I I))) (x v4))))
z (z (v29 (v13 z z (v16 I) z (K z) (K (x B S))) (v12 (v13 z z (v16 I) z (K z) (K (x B S)))) (z z z S (x B x (B (S S)) (v3 S))) (x (z (S (K (K (B B))))) (K (K (K S z (K (x I S I)))) (I (z (v28 z S)) x))))) (z (B K (I (K (z z K (v0 B (S (S v8 (B (S S)))) I))) (I I (z (I I))) (x v4))))
z (z (v29 (v13 z z (v16 I) z (K z) (K (x B S))) (v12 (v13 z z (v16 I) z (K z) (K (x B S)))) (z z z S (x B x (B (S S)) (v3 S))) (x (z (S (K (K (B B))))) (K (K S z (K (x I S I))))))) (z (B K (I (K (z z K (v0 B (S (S v8 (B (S S)))) I))) (I I (z (I I))) (x v4))))
z (z (v29 (v13 z z (v16 I) z (K z) (K (x B S))) (v12 (v13 z z (v16 I) z (K z) (K (x B S)))) (z z z S (x B x (B (S S)) (v3 S))) (x (z (S (K (K (B B))))) (K (S (K (x I S I))))))) (z (B K (I (K (z z K (v0 B (S (S v8 (B (S S)))) I))) (I I (z (I I))) (x v4))))
z (z (v29 (v13 z z (v16 I) z (K z) (K (x B S))) (v12 (v13 z z (v16 I) z (K z) (K (x B S)))) (z z z S (x B x (B (S S)) (v3 S))) (x (z (S (K (K (B B))))) (K (S (K (x I S I))))))) (z (B K (K (z z K (v0 B (S (S v8 (B (S S)))) I)) (I I (z (I I))) (x v4))))
z (z (v29 (v13 z z (v16 I) z (K z) (K (x B S))) (v12 (v13 z z (v16 I) z (K z) (K (x B S)))) (z z z S (x B x (B (S S)) (v3 S))) (x (z (S (K (K (B B))))) (K (S (K (x I S I))))))) (z (B K (z z K (v0 B (S (S v8 (B (S S)))) I) (x v4))))
v29 (K x) (B (z (S (x (S B I I) (x (x (S S) (x S)))))))
v29 (K x) (B (z (S (x (B I (I I)) (x (x (S S) (x S)))))))
v29 (K x) (B (z (S (x (B I I) (x (x (S S) (x S)))))))
S
K
B I B (v29 x) B B (x (x K) S (x v22) (K (S I) I)) (v17 (B z) z (v13 B K) (K v9) (B (I x (v6 S (x (z z)) (K B I)) (S (x S v19))) K (x (B S B))) (x B (x (x B (v10 B K)) (I (I z B (K I S v20))) (v1 S (z I)) x) (z (S z) (x K v12) v10 (x v30)) (I (I (x I)) B)) I)
I (B (v29 x)) B B (x (x K) S (x v22) (K (S I) I)) (v17 (B z) z (v13 B K) (K v9) (B (I x (v6 S (x (z z)) (K B I)) (S (x S v19))) K (x (B S B))) (x B (x (x B (v10 B K)) (I (I z B (K I S v20))) (v1 S (z I)) x) (z (S z) (x K v12) v10 (x v30)) (I (I (x I)) B)) I)
B (v29 x) B B (x (x K) S (x v22) (K (S I) I)) (v17 (B z) z (v13 B K) (K v9) (B (I x (v6 S (x (z z)) (K B I)) (S (x S v19))) K (x (B S B))) (x B (x (x B (v10 B K)) (I (I z B (K I S v20))) (v1 S (z I)) x) (z (S z) (x K v12) v10 (x v30)) (I (I (x I)) B)) I)
v29 x (B B) (x (x K) S (x v22) (K (S I) I)) (v17 (B z) z (v13 B K) (K v9) (B (I x (v6 S (x (z z)) (K B I)) (S (x S v19))) K (x (B S B))) (x B (x (x B (v10 B K)) (I (I z B (K I S v20))) (v1 S (z I)) x) (z (S z) (x K v12) v10 (x v30)) (I (I (x I)) B)) I)
v29 x (B B) (x (x K) S (x v22) (S I)) (v17 (B z) z (v13 B K) (K v9) (B (I x (v6 S (x (z z)) (K B I)) (S (x S v19))) K (x (B S B))) (x B (x (x B (v10 B K)) (I (I z B (K I S v20))) (v1 S (z I)) x) (z (S z) (x K v12) v10 (x v30)) (I (I (x I)) B)) I)
v29 x (B B) (x (x K) S (x v22) (S I)) (v17 (B z) z (v13 B K) (K v9) (I x (v6 S (x (z z)) (K B I)) (S (x S v19)) (K (x (B S B)))) (x B (x (x B (v10 B K)) (I (I z B (K I S v20))) (v1 S (z I)) x) (z (S z) (x K v12) v10 (x v30)) (I (I (x I)) B)) I)
v29 x (B B) (x (x K) S (x v22) (S I)) (v17 (B z) z (v13 B K) (K v9) (x (v6 S (x (z z)) (K B I)) (S (x S v19)) (K (x (B S B)))) (x B (x (x B (v10 B K)) (I (I z B (K I S v20))) (v1 S (z I)) x) (z (S z) (x K v12) v10 (x v30)) (I (I (x I)) B)) I)
v29 x (B B) (x (x K) S (x v22) (S I)) (v17 (B z) z (v13 B K) (K v9) (x (v6 S (x (z z)) B) (S (x S v19)) (K (x (B S B)))) (x B (x (x B (v10 B K)) (I (I z B (K I S v20))) (v1 S (z I)) x) (z (S z) (x K v12) v10 (x v30)) (I (I (x I)) B)) I)
v29 x (B B) (x (x K) S (x v22) (S I)) (v17 (B z) z (v13 B K) (K v9) (x (v6 S (x (z z)) B) (S (x S v19)) (K (x (B S B)))) (x B (x (x B (v10 B K)) (I z B (K I S v20)) (v1 S (z I)) x) (z (S z) (x K v12) v10 (x v30)) (I (I (x I)) B)) I)
v29 x (B B) (x (x K) S (x v22) (S I)) (v17 (B z) z (v13 B K) (K v9) (x (v6 S (x (z z)) B) (S (x S v19)) (K (x (B S B)))) (x B (x (x B (v10 B K)) (z B (K I S v20)) (v1 S (z I)) x) (z (S z) (x K v12) v10 (x v30)) (I (I (x I)) B)) I)
v29 x (B B) (x (x K) S (x v22) (S I)) (v17 (B z) z (v13 B K) (K v9) (x (v6 S (x (z z)) B) (S (x S v19)) (K (x (B S B)))) (x B (x (x B (v10 B K)) (z B (I v20)) (v1 S (z I)) x) (z (S z) (x K v12) v10 (x v30)) (I (I (x I)) B)) I)
v29 x (B B) (x (x K) S (x v22) (S I)) (v17 (B z) z (v13 B K) (K v9) (x (v6 S (x (z z)) B) (S (x S v19)) (K (x (B S B)))) (x B (x (x B (v10 B K)) (z B v20) (v1 S (z I)) x) (z (S z) (x K v12) v10 (x v30)) (I (I (x I)) B)) I)
v29 x (B B) (x (x K) S (x v22) (S I)) (v17 (B z) z (v13 B K) (K v9) (x (v6 S (x (z z)) B) (S (x S v19)) (K (x (B S B)))) (x B (x (x B (v10 B K)) (z B v20) (v1 S (z I)) x) (z (S z) (x K v12) v10 (x v30)) (I (x I) B)) I)
v29 x (B B) (x (x K) S (x v22) (S I)) (v17 (B z) z (v13 B K) (K v9) (x (v6 S (x (z z)) B) (S (x S v19)) (K (x (B S B)))) (x B (x (x B (v10 B K)) (z B v20) (v1 S (z I)) x) (z (S z) (x K v12) v10 (x v30)) (x I B)) I)
x (z x (B B (z B)) (v12 (v26 v10 v6 (z (I v14) (z B)))) x) (z z (z (v8 B B (K B)) (v21 K z S)) (I z (z I (v0 (S S) K)) (I x) z (x (z I (B S x)) (z v9 v0 (v10 I I))) x B)) (x (K v5) (K B (K S B (x z))))
x (z x (B B (z B)) (v12 (v26 v10 v6 (z v14 (z B)))) x) (z z (z (v8 B B (K B)) (v21 K z S)) (I z (z I (v0 (S S) K)) (I x) z (x (z I (B S x)) (z v9 v0 (v10 I I))) x B)) (x (K v5) (K B (K S B (x z))))
x (z x (B B (z B)) (v12 (v26 v10 v6 (z v14 (z B)))) x) (z z (z (v8 B B (K B)) (v21 K z S)) (z (z I (v0 (S S) K)) (I x) z (x (z I (B S x)) (z v9 v0 (v10 I I))) x B)) (x (K v5) (K B (K S B (x z))))
x (z x (B B (z B)) (v12 (v26 v10 v6 (z v14 (z B)))) x) (z z (z (v8 B B (K B)) (v21 K z S)) (z (z I (v0 (S S) K)) x z (x (z I (B S x)) (z v9 v0 (v10 I I))) x B)) (x (K v5) (K B (K S B (x z))))
x (z x (B B (z B)) (v12 (v26 v10 v6 (z v14 (z B)))) x) (z z (z (v8 B B (K B)) (v21 K z S)) (z (z I (v0 (S S) K)) x z (x (z I (B S x)) (z v9 v0 (v10 I I))) x B)) (x (K v5) B)
S (B (I (S I v0 S) (v4 (x (I v2)) (B v3 (z (I K B))))))
S (B (S I v0 S (v4 (x (I v2)) (B v3 (z (I K B))))))
S (B (I S (v0 S) (v4 (x (I v2)) (B v3 (z (I K B))))))
S (B (S (v0 S) (v4 (x (I v2)) (B v3 (z (I K B))))))
S (B (S (v0 S) (v4 (x v2) (B v3 (z (I K B))))))
S (B (S (v0 S) (v4 (x v2) (B v3 (z (K B))))))
S x (K (B (v11 x v18) (v15 B z K)) x) (x K) (x K) (K v1) (K (S B x (x I (v3 (I (S z))) B S)) z)
x (x K) (K (B (v11 x v18) (v15 B z K)) x (x K)) (x K) (K v1) (K (S B x (x I (v3 (I (S z))) B S)) z)
x (x K) (B (v11 x v18) (v15 B z K) (x K)) (x K) (K v1) (K (S B x (x I (v3 (I (S z))) B S)) z)
x (x K) (v11 x v18 (v15 B z K (x K))) (x K) (K v1) (K (S B x (x I (v3 (I (S z))) B S)) z)
x (x K) (v11 x v18 (v15 B z K (x K))) (x K) (K v1) (S B x (x I (v3 (I (S z))) B S))
x (x K) (v11 x v18 (v15 B z K (x K))) (x K) (K v1) (B (x I (v3 (I (S z))) B S) (x (x I (v3 (I (S z))) B S)))
x (x K) (v11 x v18 (v15 B z K (x K))) (x K) (K v1) (B (x I (v3 (S z)) B S) (x (x I (v3 (I (S z))) B S)))
x (x K) (v11 x v18 (v15 B z K (x K))) (x K) (K v1) (B (x I (v3 (S z)) B S) (x (x I (v3 (S z)) B S)))
z K
