K (B (I (z S) I (K K))) (B (z (I (S I v24 (z v26))) (S (z v10 B) (x K)) B))
B (I (z S) I (K K))
B (z S I (K K))
z (z v1 (v24 (K (K I (K (x B (I v18)))) (B v29 B) K)) (v2 x (v12 (x K) (B (S I (v4 x K) (z S) x) (z (K z B)) K I) (x (S I K B)))))
z (z v1 (v24 (K I (K (x B (I v18))) K)) (v2 x (v12 (x K) (B (S I (v4 x K) (z S) x) (z (K z B)) K I) (x (S I K B)))))
z (z v1 (v24 (I K)) (v2 x (v12 (x K) (B (S I (v4 x K) (z S) x) (z (K z B)) K I) (x (S I K B)))))
z (z v1 (v24 K) (v2 x (v12 (x K) (B (S I (v4 x K) (z S) x) (z (K z B)) K I) (x (S I K B)))))
z (z v1 (v24 K) (v2 x (v12 (x K) (S I (v4 x K) (z S) x (z (K z B) K) I) (x (S I K B)))))
z (z v1 (v24 K) (v2 x (v12 (x K) (I (z S) (v4 x K (z S)) x (z (K z B) K) I) (x (S I K B)))))
z (z v1 (v24 K) (v2 x (v12 (x K) (z S (v4 x K (z S)) x (z (K z B) K) I) (x (S I K B)))))
z (z v1 (v24 K) (v2 x (v12 (x K) (z S (v4 x K (z S)) x (z z K) I) (x (S I K B)))))
z (z v1 (v24 K) (v2 x (v12 (x K) (z S (v4 x K (z S)) x (z z K) I) (x (I B (K B))))))
z (z v1 (v24 K) (v2 x (v12 (x K) (z S (v4 x K (z S)) x (z z K) I) (x (B (K B))))))
K
v15 S
v15
K (I I (S (K (B x z) (B x) v17) (z S)) I v6 (S x (v2 K (v5 z) (x (S B) (K (x z) z) S)) K (x (I S) x (B (I z K)) (K (v15 (K (I (S S) I))))))) (I S (x (x (B x) (x (x I)) (S (K (S I (K B) S)))) v8 I))
I I (S (K (B x z) (B x) v17) (z S)) I v6 (S x (v2 K (v5 z) (x (S B) (K (x z) z) S)) K (x (I S) x (B (I z K)) (K (v15 (K (I (S S) I))))))
I (S (K (B x z) (B x) v17) (z S)) I v6 (S x (v2 K (v5 z) (x (S B) (K (x z) z) S)) K (x (I S) x (B (I z K)) (K (v15 (K (I (S S) I))))))
S (K (B x z) (B x) v17) (z S) I v6 (S x (v2 K (v5 z) (x (S B) (K (x z) z) S)) K (x (I S) x (B (I z K)) (K (v15 (K (I (S S) I))))))
K (B x z) (B x) v17 I (z S I) v6 (S x (v2 K (v5 z) (x (S B) (K (x z) z) S)) K (x (I S) x (B (I z K)) (K (v15 (K (I (S S) I))))))
B x z v17 I (z S I) v6 (S x (v2 K (v5 z) (x (S B) (K (x z) z) S)) K (x (I S) x (B (I z K)) (K (v15 (K (I (S S) I))))))
x (z v17) I (z S I) v6 (S x (v2 K (v5 z) (x (S B) (K (x z) z) S)) K (x (I S) x (B (I z K)) (K (v15 (K (I (S S) I))))))
x (z v17) I (z S I) v6 (x K (v2 K (v5 z) (x (S B) (K (x z) z) S) K) (x (I S) x (B (I z K)) (K (v15 (K (I (S S) I))))))
x (z v17) I (z S I) v6 (x K (v2 K (v5 z) (x (S B) (x z) S) K) (x (I S) x (B (I z K)) (K (v15 (K (I (S S) I))))))
x (z v17) I (z S I) v6 (x K (v2 K (v5 z) (x (S B) (x z) S) K) (x S x (B (I z K)) (K (v15 (K (I (S S) I))))))
x (z v17) I (z S I) v6 (x K (v2 K (v5 z) (x (S B) (x z) S) K) (x S x (B (z K)) (K (v15 (K (I (S S) I))))))
x (z v17) I (z S I) v6 (x K (v2 K (v5 z) (x (S B) (x z) S) K) (x S x (B (z K)) (K (v15 (K (S S I))))))
K x x (B (B B (z v25) (S B S) (S S B v28 (I z)) B)) v8 (S B)
x (B (B B (z v25) (S B S) (S S B v28 (I z)) B)) v8 (S B)
x (B (B (z v25 (S B S)) (S S B v28 (I z)) B)) v8 (S B)
x (B (z v25 (S B S) (S S B v28 (I z) B))) v8 (S B)
x (B (z v25 (S B S) (S v28 (B v28) (I z) B))) v8 (S B)
x (B (z v25 (S B S) (v28 (I z) (B v28 (I z)) B))) v8 (S B)
x (B (z v25 (S B S) (v28 z (B v28 (I z)) B))) v8 (S B)
x (B (z v25 (S B S) (v28 z (B v28 z) B))) v8 (S B)
B x (z (K K K (v9 (I x)) (x z) (v8 v14 z)) (v0 (x (I K (v2 v3 S) K)) (v28 v11 B) z)) (S x (B S K K (I (K x B)) (K S) B (v5 (x (I (x B)))))) (S (v14 B (x (v16 z) I)) B S (z (I (I z) (x I (S v22) (z x) v17 z (z v24))) (x (B K (x (z v29) z x (I v8 x z) (S z))))) (S (B S S S)) (K (z (K I) (B (x (I x))) (I S v4 (B I x x (z z (K I B z)) (I B)))) (K (v2 I) (K (B K K) K))))
x (z (K K K (v9 (I x)) (x z) (v8 v14 z)) (v0 (x (I K (v2 v3 S) K)) (v28 v11 B) z) (S x (B S K K (I (K x B)) (K S) B (v5 (x (I (x B))))))) (S (v14 B (x (v16 z) I)) B S (z (I (I z) (x I (S v22) (z x) v17 z (z v24))) (x (B K (x (z v29) z x (I v8 x z) (S z))))) (S (B S S S)) (K (z (K I) (B (x (I x))) (I S v4 (B I x x (z z (K I B z)) (I B)))) (K (v2 I) (K (B K K) K))))
x (z (K (v9 (I x)) (x z) (v8 v14 z)) (v0 (x (I K (v2 v3 S) K)) (v28 v11 B) z) (S x (B S K K (I (K x B)) (K S) B (v5 (x (I (x B))))))) (S (v14 B (x (v16 z) I)) B S (z (I (I z) (x I (S v22) (z x) v17 z (z v24))) (x (B K (x (z v29) z x (I v8 x z) (S z))))) (S (B S S S)) (K (z (K I) (B (x (I x))) (I S v4 (B I x x (z z (K I B z)) (I B)))) (K (v2 I) (K (B K K) K))))
x (z (v9 (I x) (v8 v14 z)) (v0 (x (I K (v2 v3 S) K)) (v28 v11 B) z) (S x (B S K K (I (K x B)) (K S) B (v5 (x (I (x B))))))) (S (v14 B (x (v16 z) I)) B S (z (I (I z) (x I (S v22) (z x) v17 z (z v24))) (x (B K (x (z v29) z x (I v8 x z) (S z))))) (S (B S S S)) (K (z (K I) (B (x (I x))) (I S v4 (B I x x (z z (K I B z)) (I B)))) (K (v2 I) (K (B K K) K))))
x (z (v9 x (v8 v14 z)) (v0 (x (I K (v2 v3 S) K)) (v28 v11 B) z) (S x (B S K K (I (K x B)) (K S) B (v5 (x (I (x B))))))) (S (v14 B (x (v16 z) I)) B S (z (I (I z) (x I (S v22) (z x) v17 z (z v24))) (x (B K (x (z v29) z x (I v8 x z) (S z))))) (S (B S S S)) (K (z (K I) (B (x (I x))) (I S v4 (B I x x (z z (K I B z)) (I B)))) (K (v2 I) (K (B K K) K))))
x (z (v9 x (v8 v14 z)) (v0 (x (K (v2 v3 S) K)) (v28 v11 B) z) (S x (B S K K (I (K x B)) (K S) B (v5 (x (I (x B))))))) (S (v14 B (x (v16 z) I)) B S (z (I (I z) (x I (S v22) (z x) v17 z (z v24))) (x (B K (x (z v29) z x (I v8 x z) (S z))))) (S (B S S S)) (K (z (K I) (B (x (I x))) (I S v4 (B I x x (z z (K I B z)) (I B)))) (K (v2 I) (K (B K K) K))))
x (z (v9 x (v8 v14 z)) (v0 (x (v2 v3 S)) (v28 v11 B) z) (S x (B S K K (I (K x B)) (K S) B (v5 (x (I (x B))))))) (S (v14 B (x (v16 z) I)) B S (z (I (I z) (x I (S v22) (z x) v17 z (z v24))) (x (B K (x (z v29) z x (I v8 x z) (S z))))) (S (B S S S)) (K (z (K I) (B (x (I x))) (I S v4 (B I x x (z z (K I B z)) (I B)))) (K (v2 I) (K (B K K) K))))
x (z (v9 x (v8 v14 z)) (v0 (x (v2 v3 S)) (v28 v11 B) z) (S x (S (K K) (I (K x B)) (K S) B (v5 (x (I (x B))))))) (S (v14 B (x (v16 z) I)) B S (z (I (I z) (x I (S v22) (z x) v17 z (z v24))) (x (B K (x (z v29) z x (I v8 x z) (S z))))) (S (B S S S)) (K (z (K I) (B (x (I x))) (I S v4 (B I x x (z z (K I B z)) (I B)))) (K (v2 I) (K (B K K) K))))
x (z (v9 x (v8 v14 z)) (v0 (x (v2 v3 S)) (v28 v11 B) z) (S x (K K (K S) (I (K x B) (K S)) B (v5 (x (I (x B))))))) (S (v14 B (x (v16 z) I)) B S (z (I (I z) (x I (S v22) (z x) v17 z (z v24))) (x (B K (x (z v29) z x (I v8 x z) (S z))))) (S (B S S S)) (K (z (K I) (B (x (I x))) (I S v4 (B I x x (z z (K I B z)) (I B)))) (K (v2 I) (K (B K K) K))))
x (z (v9 x (v8 v14 z)) (v0 (x (v2 v3 S)) (v28 v11 B) z) (S x (K (I (K x B) (K S)) B (v5 (x (I (x B))))))) (S (v14 B (x (v16 z) I)) B S (z (I (I z) (x I (S v22) (z x) v17 z (z v24))) (x (B K (x (z v29) z x (I v8 x z) (S z))))) (S (B S S S)) (K (z (K I) (B (x (I x))) (I S v4 (B I x x (z z (K I B z)) (I B)))) (K (v2 I) (K (B K K) K))))
x (z (v9 x (v8 v14 z)) (v0 (x (v2 v3 S)) (v28 v11 B) z) (S x (I (K x B) (K S) (v5 (x (I (x B))))))) (S (v14 B (x (v16 z) I)) B S (z (I (I z) (x I (S v22) (z x) v17 z (z v24))) (x (B K (x (z v29) z x (I v8 x z) (S z))))) (S (B S S S)) (K (z (K I) (B (x (I x))) (I S v4 (B I x x (z z (K I B z)) (I B)))) (K (v2 I) (K (B K K) K))))
x (z (v9 x (v8 v14 z)) (v0 (x (v2 v3 S)) (v28 v11 B) z) (S x (K x B (K S) (v5 (x (I (x B))))))) (S (v14 B (x (v16 z) I)) B S (z (I (I z) (x I (S v22) (z x) v17 z (z v24))) (x (B K (x (z v29) z x (I v8 x z) (S z))))) (S (B S S S)) (K (z (K I) (B (x (I x))) (I S v4 (B I x x (z z (K I B z)) (I B)))) (K (v2 I) (K (B K K) K))))
x (z (v9 x (v8 v14 z)) (v0 (x (v2 v3 S)) (v28 v11 B) z) (S x (x (K S) (v5 (x (I (x B))))))) (S (v14 B (x (v16 z) I)) B S (z (I (I z) (x I (S v22) (z x) v17 z (z v24))) (x (B K (x (z v29) z x (I v8 x z) (S z))))) (S (B S S S)) (K (z (K I) (B (x (I x))) (I S v4 (B I x x (z z (K I B z)) (I B)))) (K (v2 I) (K (B K K) K))))
x (z (v9 x (v8 v14 z)) (v0 (x (v2 v3 S)) (v28 v11 B) z) (S x (x (K S) (v5 (x (x B)))))) (S (v14 B (x (v16 z) I)) B S (z (I (I z) (x I (S v22) (z x) v17 z (z v24))) (x (B K (x (z v29) z x (I v8 x z) (S z))))) (S (B S S S)) (K (z (K I) (B (x (I x))) (I S v4 (B I x x (z z (K I B z)) (I B)))) (K (v2 I) (K (B K K) K))))
x (z (v9 x (v8 v14 z)) (v0 (x (v2 v3 S)) (v28 v11 B) z) (S x (x (K S) (v5 (x (x B)))))) (v14 B (x (v16 z) I) S (B S) (z (I (I z) (x I (S v22) (z x) v17 z (z v24))) (x (B K (x (z v29) z x (I v8 x z) (S z))))) (S (B S S S)) (K (z (K I) (B (x (I x))) (I S v4 (B I x x (z z (K I B z)) (I B)))) (K (v2 I) (K (B K K) K))))
x (z (v9 x (v8 v14 z)) (v0 (x (v2 v3 S)) (v28 v11 B) z) (S x (x (K S) (v5 (x (x B)))))) (v14 B (x (v16 z) I) S (B S) (z (I z (x I (S v22) (z x) v17 z (z v24))) (x (B K (x (z v29) z x (I v8 x z) (S z))))) (S (B S S S)) (K (z (K I) (B (x (I x))) (I S v4 (B I x x (z z (K I B z)) (I B)))) (K (v2 I) (K (B K K) K))))
x (z (v9 x (v8 v14 z)) (v0 (x (v2 v3 S)) (v28 v11 B) z) (S x (x (K S) (v5 (x (x B)))))) (v14 B (x (v16 z) I) S (B S) (z (z (x I (S v22) (z x) v17 z (z v24))) (x (B K (x (z v29) z x (I v8 x z) (S z))))) (S (B S S S)) (K (z (K I) (B (x (I x))) (I S v4 (B I x x (z z (K I B z)) (I B)))) (K (v2 I) (K (B K K) K))))
x (z (v9 x (v8 v14 z)) (v0 (x (v2 v3 S)) (v28 v11 B) z) (S x (x (K S) (v5 (x (x B)))))) (v14 B (x (v16 z) I) S (B S) (z (z (x I (S v22) (z x) v17 z (z v24))) (x (B K (x (z v29) z x (v8 x z) (S z))))) (S (B S S S)) (K (z (K I) (B (x (I x))) (I S v4 (B I x x (z z (K I B z)) (I B)))) (K (v2 I) (K (B K K) K))))
x (z (v9 x (v8 v14 z)) (v0 (x (v2 v3 S)) (v28 v11 B) z) (S x (x (K S) (v5 (x (x B)))))) (v14 B (x (v16 z) I) S (B S) (z (z (x I (S v22) (z x) v17 z (z v24))) (x (B K (x (z v29) z x (v8 x z) (S z))))) (S (S (S S))) (K (z (K I) (B (x (I x))) (I S v4 (B I x x (z z (K I B z)) (I B)))) (K (v2 I) (K (B K K) K))))
x (z (v9 x (v8 v14 z)) (v0 (x (v2 v3 S)) (v28 v11 B) z) (S x (x (K S) (v5 (x (x B)))))) (v14 B (x (v16 z) I) S (B S) (z (z (x I (S v22) (z x) v17 z (z v24))) (x (B K (x (z v29) z x (v8 x z) (S z))))) (S (S (S S))) (z (K I) (B (x (I x))) (I S v4 (B I x x (z z (K I B z)) (I B)))))
x (z (v9 x (v8 v14 z)) (v0 (x (v2 v3 S)) (v28 v11 B) z) (S x (x (K S) (v5 (x (x B)))))) (v14 B (x (v16 z) I) S (B S) (z (z (x I (S v22) (z x) v17 z (z v24))) (x (B K (x (z v29) z x (v8 x z) (S z))))) (S (S (S S))) (z (K I) (B (x x)) (I S v4 (B I x x (z z (K I B z)) (I B)))))
x (z (v9 x (v8 v14 z)) (v0 (x (v2 v3 S)) (v28 v11 B) z) (S x (x (K S) (v5 (x (x B)))))) (v14 B (x (v16 z) I) S (B S) (z (z (x I (S v22) (z x) v17 z (z v24))) (x (B K (x (z v29) z x (v8 x z) (S z))))) (S (S (S S))) (z (K I) (B (x x)) (S v4 (B I x x (z z (K I B z)) (I B)))))
x (z (v9 x (v8 v14 z)) (v0 (x (v2 v3 S)) (v28 v11 B) z) (S x (x (K S) (v5 (x (x B)))))) (v14 B (x (v16 z) I) S (B S) (z (z (x I (S v22) (z x) v17 z (z v24))) (x (B K (x (z v29) z x (v8 x z) (S z))))) (S (S (S S))) (z (K I) (B (x x)) (S v4 (I (x x) (z z (K I B z)) (I B)))))
x (z (v9 x (v8 v14 z)) (v0 (x (v2 v3 S)) (v28 v11 B) z) (S x (x (K S) (v5 (x (x B)))))) (v14 B (x (v16 z) I) S (B S) (z (z (x I (S v22) (z x) v17 z (z v24))) (x (B K (x (z v29) z x (v8 x z) (S z))))) (S (S (S S))) (z (K I) (B (x x)) (S v4 (x x (z z (K I B z)) (I B)))))
x (z (v9 x (v8 v14 z)) (v0 (x (v2 v3 S)) (v28 v11 B) z) (S x (x (K S) (v5 (x (x B)))))) (v14 B (x (v16 z) I) S (B S) (z (z (x I (S v22) (z x) v17 z (z v24))) (x (B K (x (z v29) z x (v8 x z) (S z))))) (S (S (S S))) (z (K I) (B (x x)) (S v4 (x x (z z (I z)) (I B)))))
x (z (v9 x (v8 v14 z)) (v0 (x (v2 v3 S)) (v28 v11 B) z) (S x (x (K S) (v5 (x (x B)))))) (v14 B (x (v16 z) I) S (B S) (z (z (x I (S v22) (z x) v17 z (z v24))) (x (B K (x (z v29) z x (v8 x z) (S z))))) (S (S (S S))) (z (K I) (B (x x)) (S v4 (x x (z z z) (I B)))))
x (z (v9 x (v8 v14 z)) (v0 (x (v2 v3 S)) (v28 v11 B) z) (S x (x (K S) (v5 (x (x B)))))) (v14 B (x (v16 z) I) S (B S) (z (z (x I (S v22) (z x) v17 z (z v24))) (x (B K (x (z v29) z x (v8 x z) (S z))))) (S (S (S S))) (z (K I) (B (x x)) (S v4 (x x (z z z) B))))
z
I
