K v4 (v12 (I z) (z x (x (B z)) (v7 z) S)) B (S (v26 z (S (I (I K) B)) (B I (S z)) (S x)) v23 z (I (S I (I (K (x I) z)) (x z z (K (x B (K z) (x (I B) (K z) B)))))))
v4 B (S (v26 z (S (I (I K) B)) (B I (S z)) (S x)) v23 z (I (S I (I (K (x I) z)) (x z z (K (x B (K z) (x (I B) (K z) B)))))))
v4 B (v26 z (S (I (I K) B)) (B I (S z)) (S x) z (v23 z) (I (S I (I (K (x I) z)) (x z z (K (x B (K z) (x (I B) (K z) B)))))))
v4 B (v26 z (S (I K B)) (B I (S z)) (S x) z (v23 z) (I (S I (I (K (x I) z)) (x z z (K (x B (K z) (x (I B) (K z) B)))))))
v4 B (v26 z (S (K B)) (B I (S z)) (S x) z (v23 z) (I (S I (I (K (x I) z)) (x z z (K (x B (K z) (x (I B) (K z) B)))))))
v4 B (v26 z (S (K B)) (B I (S z)) (S x) z (v23 z) (S I (I (K (x I) z)) (x z z (K (x B (K z) (x (I B) (K z) B))))))
v4 B (v26 z (S (K B)) (B I (S z)) (S x) z (v23 z) (I (x z z (K (x B (K z) (x (I B) (K z) B)))) (I (K (x I) z) (x z z (K (x B (K z) (x (I B) (K z) B)))))))
v4 B (v26 z (S (K B)) (B I (S z)) (S x) z (v23 z) (x z z (K (x B (K z) (x (I B) (K z) B))) (I (K (x I) z) (x z z (K (x B (K z) (x (I B) (K z) B)))))))
v4 B (v26 z (S (K B)) (B I (S z)) (S x) z (v23 z) (x z z (K (x B (K z) (x B (K z) B))) (I (K (x I) z) (x z z (K (x B (K z) (x (I B) (K z) B)))))))
v4 B (v26 z (S (K B)) (B I (S z)) (S x) z (v23 z) (x z z (K (x B (K z) (x B (K z) B))) (K (x I) z (x z z (K (x B (K z) (x (I B) (K z) B)))))))
v4 B (v26 z (S (K B)) (B I (S z)) (S x) z (v23 z) (x z z (K (x B (K z) (x B (K z) B))) (x I (x z z (K (x B (K z) (x (I B) (K z) B)))))))
v4 B (v26 z (S (K B)) (B I (S z)) (S x) z (v23 z) (x z z (K (x B (K z) (x B (K z) B))) (x I (x z z (K (x B (K z) (x B (K z) B)))))))
z (I (x (v13 (S x)) B) (B (I (I (v24 K))))) (x (v16 (B S))) x (v1 B) (v11 x (v6 x x K)) (S v9 B (S (I I (B B)) I) (I I (x (S v26)) v5 (I (x S (I S (B B)) x x) (B K))))
z (x (v13 (S x)) B (B (I (I (v24 K))))) (x (v16 (B S))) x (v1 B) (v11 x (v6 x x K)) (S v9 B (S (I I (B B)) I) (I I (x (S v26)) v5 (I (x S (I S (B B)) x x) (B K))))
z (x (v13 (S x)) B (B (I (v24 K)))) (x (v16 (B S))) x (v1 B) (v11 x (v6 x x K)) (S v9 B (S (I I (B B)) I) (I I (x (S v26)) v5 (I (x S (I S (B B)) x x) (B K))))
z (x (v13 (S x)) B (B (v24 K))) (x (v16 (B S))) x (v1 B) (v11 x (v6 x x K)) (S v9 B (S (I I (B B)) I) (I I (x (S v26)) v5 (I (x S (I S (B B)) x x) (B K))))
z (x (v13 (S x)) B (B (v24 K))) (x (v16 (B S))) x (v1 B) (v11 x (v6 x x K)) (v9 (S (I I (B B)) I) (B (S (I I (B B)) I)) (I I (x (S v26)) v5 (I (x S (I S (B B)) x x) (B K))))
z (x (v13 (S x)) B (B (v24 K))) (x (v16 (B S))) x (v1 B) (v11 x (v6 x x K)) (v9 (S (I (B B)) I) (B (S (I I (B B)) I)) (I I (x (S v26)) v5 (I (x S (I S (B B)) x x) (B K))))
z (x (v13 (S x)) B (B (v24 K))) (x (v16 (B S))) x (v1 B) (v11 x (v6 x x K)) (v9 (S (B B) I) (B (S (I I (B B)) I)) (I I (x (S v26)) v5 (I (x S (I S (B B)) x x) (B K))))
z (x (v13 (S x)) B (B (v24 K))) (x (v16 (B S))) x (v1 B) (v11 x (v6 x x K)) (v9 (S (B B) I) (B (S (I (B B)) I)) (I I (x (S v26)) v5 (I (x S (I S (B B)) x x) (B K))))
z (x (v13 (S x)) B (B (v24 K))) (x (v16 (B S))) x (v1 B) (v11 x (v6 x x K)) (v9 (S (B B) I) (B (S (B B) I)) (I I (x (S v26)) v5 (I (x S (I S (B B)) x x) (B K))))
z (x (v13 (S x)) B (B (v24 K))) (x (v16 (B S))) x (v1 B) (v11 x (v6 x x K)) (v9 (S (B B) I) (B (S (B B) I)) (I (x (S v26)) v5 (I (x S (I S (B B)) x x) (B K))))
z (x (v13 (S x)) B (B (v24 K))) (x (v16 (B S))) x (v1 B) (v11 x (v6 x x K)) (v9 (S (B B) I) (B (S (B B) I)) (x (S v26) v5 (I (x S (I S (B B)) x x) (B K))))
z (x (v13 (S x)) B (B (v24 K))) (x (v16 (B S))) x (v1 B) (v11 x (v6 x x K)) (v9 (S (B B) I) (B (S (B B) I)) (x (S v26) v5 (x S (I S (B B)) x x (B K))))
z (x (v13 (S x)) B (B (v24 K))) (x (v16 (B S))) x (v1 B) (v11 x (v6 x x K)) (v9 (S (B B) I) (B (S (B B) I)) (x (S v26) v5 (x S (S (B B)) x x (B K))))
z I K (S (I (I S) I v25)) S (x I z) (z (S z) (K (v7 z B) (z I S)) (I z)) (B K S (K (z S z B (B K z (x (x (z I)) v20)) I) v30))
z I K (S (I S I v25)) S (x I z) (z (S z) (K (v7 z B) (z I S)) (I z)) (B K S (K (z S z B (B K z (x (x (z I)) v20)) I) v30))
z I K (S (S I v25)) S (x I z) (z (S z) (K (v7 z B) (z I S)) (I z)) (B K S (K (z S z B (B K z (x (x (z I)) v20)) I) v30))
z I K (S (S I v25)) S (x I z) (z (S z) (v7 z B) (I z)) (B K S (K (z S z B (B K z (x (x (z I)) v20)) I) v30))
z I K (S (S I v25)) S (x I z) (z (S z) (v7 z B) z) (B K S (K (z S z B (B K z (x (x (z I)) v20)) I) v30))
z I K (S (S I v25)) S (x I z) (z (S z) (v7 z B) z) (K (S (K (z S z B (B K z (x (x (z I)) v20)) I) v30)))
z I K (S (S I v25)) S (x I z) (z (S z) (v7 z B) z) (K (S (z S z B (B K z (x (x (z I)) v20)) I)))
z I K (S (S I v25)) S (x I z) (z (S z) (v7 z B) z) (K (S (z S z B (K (z (x (x (z I)) v20))) I)))
v10 (z I (I (K x B)) (S (v15 (K (K (S K B) I)) x x)))
v10 (z I (K x B) (S (v15 (K (K (S K B) I)) x x)))
v10 (z I x (S (v15 (K (K (S K B) I)) x x)))
v10 (z I x (S (v15 (K (S K B)) x x)))
K
v23
v3 (B v4 (S (z v6 S z) (K z K))) (S K z) (z z (x v8) (v20 B x)) (v23 (I (S x)) (v6 z v11 B B)) (z (v22 B (S (z (z v28) z z (v0 v19 (B B z))))))
v3 (B v4 (S (z v6 S z) z)) (S K z) (z z (x v8) (v20 B x)) (v23 (I (S x)) (v6 z v11 B B)) (z (v22 B (S (z (z v28) z z (v0 v19 (B B z))))))
v3 (B v4 (S (z v6 S z) z)) (S K z) (z z (x v8) (v20 B x)) (v23 (S x) (v6 z v11 B B)) (z (v22 B (S (z (z v28) z z (v0 v19 (B B z))))))
v16 (K (I B) K (I (v3 S)) (z x) (z (B S (K z (S (S x)))) (K K)) (v6 B)) (z (B x (I S K (v17 I))) (S I) (B K S x (B (I (S x I))) (v9 (S (z (S (v14 S))) (I v22 (x v4 K)))) (S K (x z (S K)))) (v28 S (B (K I B)) z))
v16 (I B (I (v3 S)) (z x) (z (B S (K z (S (S x)))) (K K)) (v6 B)) (z (B x (I S K (v17 I))) (S I) (B K S x (B (I (S x I))) (v9 (S (z (S (v14 S))) (I v22 (x v4 K)))) (S K (x z (S K)))) (v28 S (B (K I B)) z))
v16 (B (I (v3 S)) (z x) (z (B S (K z (S (S x)))) (K K)) (v6 B)) (z (B x (I S K (v17 I))) (S I) (B K S x (B (I (S x I))) (v9 (S (z (S (v14 S))) (I v22 (x v4 K)))) (S K (x z (S K)))) (v28 S (B (K I B)) z))
v16 (I (v3 S) (z x (z (B S (K z (S (S x)))) (K K))) (v6 B)) (z (B x (I S K (v17 I))) (S I) (B K S x (B (I (S x I))) (v9 (S (z (S (v14 S))) (I v22 (x v4 K)))) (S K (x z (S K)))) (v28 S (B (K I B)) z))
v16 (v3 S (z x (z (B S (K z (S (S x)))) (K K))) (v6 B)) (z (B x (I S K (v17 I))) (S I) (B K S x (B (I (S x I))) (v9 (S (z (S (v14 S))) (I v22 (x v4 K)))) (S K (x z (S K)))) (v28 S (B (K I B)) z))
v16 (v3 S (z x (z (B S z) (K K))) (v6 B)) (z (B x (I S K (v17 I))) (S I) (B K S x (B (I (S x I))) (v9 (S (z (S (v14 S))) (I v22 (x v4 K)))) (S K (x z (S K)))) (v28 S (B (K I B)) z))
v16 (v3 S (z x (z (B S z) (K K))) (v6 B)) (z (B x (S K (v17 I))) (S I) (B K S x (B (I (S x I))) (v9 (S (z (S (v14 S))) (I v22 (x v4 K)))) (S K (x z (S K)))) (v28 S (B (K I B)) z))
v16 (v3 S (z x (z (B S z) (K K))) (v6 B)) (z (B x (S K (v17 I))) (S I) (K (S x) (B (I (S x I))) (v9 (S (z (S (v14 S))) (I v22 (x v4 K)))) (S K (x z (S K)))) (v28 S (B (K I B)) z))
v16 (v3 S (z x (z (B S z) (K K))) (v6 B)) (z (B x (S K (v17 I))) (S I) (S x (v9 (S (z (S (v14 S))) (I v22 (x v4 K)))) (S K (x z (S K)))) (v28 S (B (K I B)) z))
v16 (v3 S (z x (z (B S z) (K K))) (v6 B)) (z (B x (S K (v17 I))) (S I) (x (S K (x z (S K))) (v9 (S (z (S (v14 S))) (I v22 (x v4 K))) (S K (x z (S K))))) (v28 S (B (K I B)) z))
v16 (v3 S (z x (z (B S z) (K K))) (v6 B)) (z (B x (S K (v17 I))) (S I) (x (S K (x z (S K))) (v9 (S (z (S (v14 S))) (v22 (x v4 K))) (S K (x z (S K))))) (v28 S (B (K I B)) z))
v16 (v3 S (z x (z (B S z) (K K))) (v6 B)) (z (B x (S K (v17 I))) (S I) (x (S K (x z (S K))) (v9 (S (z (S (v14 S))) (v22 (x v4 K))) (S K (x z (S K))))) (v28 S (B I) z))
z K (x z) (v3 (K x)) (v19 (x I B (K x))) (I (z K (x (z K (z (B B))))) (S (K (x I (K v12)) (B K z v17)))) (B B z (K v25 v21 (B K x) v6) S) (B (I v19) I)
z K (x z) (v3 (K x)) (v19 (x I B (K x))) (z K (x (z K (z (B B)))) (S (K (x I (K v12)) (B K z v17)))) (B B z (K v25 v21 (B K x) v6) S) (B (I v19) I)
z K (x z) (v3 (K x)) (v19 (x I B (K x))) (z K (x (z K (z (B B)))) (S (x I (K v12)))) (B B z (K v25 v21 (B K x) v6) S) (B (I v19) I)
z K (x z) (v3 (K x)) (v19 (x I B (K x))) (z K (x (z K (z (B B)))) (S (x I (K v12)))) (B (z (K v25 v21 (B K x) v6)) S) (B (I v19) I)
z K (x z) (v3 (K x)) (v19 (x I B (K x))) (z K (x (z K (z (B B)))) (S (x I (K v12)))) (B (z (v25 (B K x) v6)) S) (B (I v19) I)
z K (x z) (v3 (K x)) (v19 (x I B (K x))) (z K (x (z K (z (B B)))) (S (x I (K v12)))) (B (z (v25 (B K x) v6)) S) (B v19 I)
I S (x S) v7 (I v26) K (z (B I x) (K (I z)) (v19 S)) (v27 (S S)) (B (x z) (x (v3 I)))
S (x S) v7 (I v26) K (z (B I x) (K (I z)) (v19 S)) (v27 (S S)) (B (x z) (x (v3 I)))
x S (I v26) (v7 (I v26)) K (z (B I x) (K (I z)) (v19 S)) (v27 (S S)) (B (x z) (x (v3 I)))
x S v26 (v7 (I v26)) K (z (B I x) (K (I z)) (v19 S)) (v27 (S S)) (B (x z) (x (v3 I)))
x S v26 (v7 v26) K (z (B I x) (K (I z)) (v19 S)) (v27 (S S)) (B (x z) (x (v3 I)))
x S v26 (v7 v26) K (z (B I x) (K z) (v19 S)) (v27 (S S)) (B (x z) (x (v3 I)))
