K (x (v21 v28)) B (B z (B x)) (S (x (K (S z (z K (S x) v30)) I S)) (S (z (B (v28 x) v2) (v21 v7) S)) (S v23 (B (K (x (z K) K)) (K I) (S I) (I (K (B S) B)) (B x (S x))) (K (z (v14 (v19 (x z))) (v5 I)) (B (I K) (I (z v27))))))
x (v21 v28) (B z (B x)) (S (x (K (S z (z K (S x) v30)) I S)) (S (z (B (v28 x) v2) (v21 v7) S)) (S v23 (B (K (x (z K) K)) (K I) (S I) (I (K (B S) B)) (B x (S x))) (K (z (v14 (v19 (x z))) (v5 I)) (B (I K) (I (z v27))))))
x (v21 v28) (B z (B x)) (x (K (S z (z K (S x) v30)) I S) (S v23 (B (K (x (z K) K)) (K I) (S I) (I (K (B S) B)) (B x (S x))) (K (z (v14 (v19 (x z))) (v5 I)) (B (I K) (I (z v27))))) (S (z (B (v28 x) v2) (v21 v7) S) (S v23 (B (K (x (z K) K)) (K I) (S I) (I (K (B S) B)) (B x (S x))) (K (z (v14 (v19 (x z))) (v5 I)) (B (I K) (I (z v27)))))))
x (v21 v28) (B z (B x)) (x (S z (z K (S x) v30) S) (S v23 (B (K (x (z K) K)) (K I) (S I) (I (K (B S) B)) (B x (S x))) (K (z (v14 (v19 (x z))) (v5 I)) (B (I K) (I (z v27))))) (S (z (B (v28 x) v2) (v21 v7) S) (S v23 (B (K (x (z K) K)) (K I) (S I) (I (K (B S) B)) (B x (S x))) (K (z (v14 (v19 (x z))) (v5 I)) (B (I K) (I (z v27)))))))
x (v21 v28) (B z (B x)) (x (z S (z K (S x) v30 S)) (S v23 (B (K (x (z K) K)) (K I) (S I) (I (K (B S) B)) (B x (S x))) (K (z (v14 (v19 (x z))) (v5 I)) (B (I K) (I (z v27))))) (S (z (B (v28 x) v2) (v21 v7) S) (S v23 (B (K (x (z K) K)) (K I) (S I) (I (K (B S) B)) (B x (S x))) (K (z (v14 (v19 (x z))) (v5 I)) (B (I K) (I (z v27)))))))
x (v21 v28) (B z (B x)) (x (z S (z K (S x) v30 S)) (v23 (K (z (v14 (v19 (x z))) (v5 I)) (B (I K) (I (z v27)))) (B (K (x (z K) K)) (K I) (S I) (I (K (B S) B)) (B x (S x)) (K (z (v14 (v19 (x z))) (v5 I)) (B (I K) (I (z v27)))))) (S (z (B (v28 x) v2) (v21 v7) S) (S v23 (B (K (x (z K) K)) (K I) (S I) (I (K (B S) B)) (B x (S x))) (K (z (v14 (v19 (x z))) (v5 I)) (B (I K) (I (z v27)))))))
x (v21 v28) (B z (B x)) (x (z S (z K (S x) v30 S)) (v23 (z (v14 (v19 (x z))) (v5 I)) (B (K (x (z K) K)) (K I) (S I) (I (K (B S) B)) (B x (S x)) (K (z (v14 (v19 (x z))) (v5 I)) (B (I K) (I (z v27)))))) (S (z (B (v28 x) v2) (v21 v7) S) (S v23 (B (K (x (z K) K)) (K I) (S I) (I (K (B S) B)) (B x (S x))) (K (z (v14 (v19 (x z))) (v5 I)) (B (I K) (I (z v27)))))))
x (v21 v28) (B z (B x)) (x (z S (z K (S x) v30 S)) (v23 (z (v14 (v19 (x z))) (v5 I)) (K (x (z K) K) (K I (S I)) (I (K (B S) B)) (B x (S x)) (K (z (v14 (v19 (x z))) (v5 I)) (B (I K) (I (z v27)))))) (S (z (B (v28 x) v2) (v21 v7) S) (S v23 (B (K (x (z K) K)) (K I) (S I) (I (K (B S) B)) (B x (S x))) (K (z (v14 (v19 (x z))) (v5 I)) (B (I K) (I (z v27)))))))
x (v21 v28) (B z (B x)) (x (z S (z K (S x) v30 S)) (v23 (z (v14 (v19 (x z))) (v5 I)) (x (z K) K (I (K (B S) B)) (B x (S x)) (K (z (v14 (v19 (x z))) (v5 I)) (B (I K) (I (z v27)))))) (S (z (B (v28 x) v2) (v21 v7) S) (S v23 (B (K (x (z K) K)) (K I) (S I) (I (K (B S) B)) (B x (S x))) (K (z (v14 (v19 (x z))) (v5 I)) (B (I K) (I (z v27)))))))
x (v21 v28) (B z (B x)) (x (z S (z K (S x) v30 S)) (v23 (z (v14 (v19 (x z))) (v5 I)) (x (z K) K (K (B S) B) (B x (S x)) (K (z (v14 (v19 (x z))) (v5 I)) (B (I K) (I (z v27)))))) (S (z (B (v28 x) v2) (v21 v7) S) (S v23 (B (K (x (z K) K)) (K I) (S I) (I (K (B S) B)) (B x (S x))) (K (z (v14 (v19 (x z))) (v5 I)) (B (I K) (I (z v27)))))))
x (v21 v28) (B z (B x)) (x (z S (z K (S x) v30 S)) (v23 (z (v14 (v19 (x z))) (v5 I)) (x (z K) K (B S) (B x (S x)) (K (z (v14 (v19 (x z))) (v5 I)) (B (I K) (I (z v27)))))) (S (z (B (v28 x) v2) (v21 v7) S) (S v23 (B (K (x (z K) K)) (K I) (S I) (I (K (B S) B)) (B x (S x))) (K (z (v14 (v19 (x z))) (v5 I)) (B (I K) (I (z v27)))))))
x (v21 v28) (B z (B x)) (x (z S (z K (S x) v30 S)) (v23 (z (v14 (v19 (x z))) (v5 I)) (x (z K) K (B S) (B x (S x)) (z (v14 (v19 (x z))) (v5 I)))) (S (z (B (v28 x) v2) (v21 v7) S) (S v23 (B (K (x (z K) K)) (K I) (S I) (I (K (B S) B)) (B x (S x))) (K (z (v14 (v19 (x z))) (v5 I)) (B (I K) (I (z v27)))))))
x (v21 v28) (B z (B x)) (x (z S (z K (S x) v30 S)) (v23 (z (v14 (v19 (x z))) (v5 I)) (x (z K) K (B S) (B x (S x)) (z (v14 (v19 (x z))) (v5 I)))) (S (z (B (v28 x) v2) (v21 v7) S) (v23 (K (z (v14 (v19 (x z))) (v5 I)) (B (I K) (I (z v27)))) (B (K (x (z K) K)) (K I) (S I) (I (K (B S) B)) (B x (S x)) (K (z (v14 (v19 (x z))) (v5 I)) (B (I K) (I (z v27))))))))
x (v21 v28) (B z (B x)) (x (z S (z K (S x) v30 S)) (v23 (z (v14 (v19 (x z))) (v5 I)) (x (z K) K (B S) (B x (S x)) (z (v14 (v19 (x z))) (v5 I)))) (S (z (B (v28 x) v2) (v21 v7) S) (v23 (z (v14 (v19 (x z))) (v5 I)) (B (K (x (z K) K)) (K I) (S I) (I (K (B S) B)) (B x (S x)) (K (z (v14 (v19 (x z))) (v5 I)) (B (I K) (I (z v27))))))))
x (v21 v28) (B z (B x)) (x (z S (z K (S x) v30 S)) (v23 (z (v14 (v19 (x z))) (v5 I)) (x (z K) K (B S) (B x (S x)) (z (v14 (v19 (x z))) (v5 I)))) (S (z (B (v28 x) v2) (v21 v7) S) (v23 (z (v14 (v19 (x z))) (v5 I)) (K (x (z K) K) (K I (S I)) (I (K (B S) B)) (B x (S x)) (K (z (v14 (v19 (x z))) (v5 I)) (B (I K) (I (z v27))))))))
x (v21 v28) (B z (B x)) (x (z S (z K (S x) v30 S)) (v23 (z (v14 (v19 (x z))) (v5 I)) (x (z K) K (B S) (B x (S x)) (z (v14 (v19 (x z))) (v5 I)))) (S (z (B (v28 x) v2) (v21 v7) S) (v23 (z (v14 (v19 (x z))) (v5 I)) (x (z K) K (I (K (B S) B)) (B x (S x)) (K (z (v14 (v19 (x z))) (v5 I)) (B (I K) (I (z v27))))))))
x (v21 v28) (B z (B x)) (x (z S (z K (S x) v30 S)) (v23 (z (v14 (v19 (x z))) (v5 I)) (x (z K) K (B S) (B x (S x)) (z (v14 (v19 (x z))) (v5 I)))) (S (z (B (v28 x) v2) (v21 v7) S) (v23 (z (v14 (v19 (x z))) (v5 I)) (x (z K) K (K (B S) B) (B x (S x)) (K (z (v14 (v19 (x z))) (v5 I)) (B (I K) (I (z v27))))))))
x (v21 v28) (B z (B x)) (x (z S (z K (S x) v30 S)) (v23 (z (v14 (v19 (x z))) (v5 I)) (x (z K) K (B S) (B x (S x)) (z (v14 (v19 (x z))) (v5 I)))) (S (z (B (v28 x) v2) (v21 v7) S) (v23 (z (v14 (v19 (x z))) (v5 I)) (x (z K) K (B S) (B x (S x)) (K (z (v14 (v19 (x z))) (v5 I)) (B (I K) (I (z v27))))))))
x (v21 v28) (B z (B x)) (x (z S (z K (S x) v30 S)) (v23 (z (v14 (v19 (x z))) (v5 I)) (x (z K) K (B S) (B x (S x)) (z (v14 (v19 (x z))) (v5 I)))) (S (z (B (v28 x) v2) (v21 v7) S) (v23 (z (v14 (v19 (x z))) (v5 I)) (x (z K) K (B S) (B x (S x)) (z (v14 (v19 (x z))) (v5 I))))))
K
v28
S (B (I x z) (x z) S (v10 K)) (z (S (v13 (I (x v19))) B v18) (S (B z)) (B (z (I x))) (S B B) (K (z (S v16))) (x S) (S (B (v6 I x v10))) z)
S (I x z (x z S) (v10 K)) (z (S (v13 (I (x v19))) B v18) (S (B z)) (B (z (I x))) (S B B) (K (z (S v16))) (x S) (S (B (v6 I x v10))) z)
S (x z (x z S) (v10 K)) (z (S (v13 (I (x v19))) B v18) (S (B z)) (B (z (I x))) (S B B) (K (z (S v16))) (x S) (S (B (v6 I x v10))) z)
S (x z (x z S) (v10 K)) (z (v13 (I (x v19)) v18 (B v18)) (S (B z)) (B (z (I x))) (S B B) (K (z (S v16))) (x S) (S (B (v6 I x v10))) z)
S (x z (x z S) (v10 K)) (z (v13 (x v19) v18 (B v18)) (S (B z)) (B (z (I x))) (S B B) (K (z (S v16))) (x S) (S (B (v6 I x v10))) z)
S (x z (x z S) (v10 K)) (z (v13 (x v19) v18 (B v18)) (S (B z)) (B (z x)) (S B B) (K (z (S v16))) (x S) (S (B (v6 I x v10))) z)
x K (v30 (x (x (B I)) I I (z x B)) (K (B x (S z)) (B S) K (K S (I v10 x) v9 (x (K (z S v6))) (I (S B v2)) (v23 B))) K) (B K S (I (I v24 (v21 x (B I)) (x S)) x) (K (v27 (I (z (v19 K))) (z (K (I z)))) x (v1 (I S S) (I S (S v7) (v2 (K (I (K v15) K) S)) (x (v6 (v7 S v3) z x) (K x))))) K)
x K (v30 (x (x (B I)) I I (z x B)) (B x (S z) K (K S (I v10 x) v9 (x (K (z S v6))) (I (S B v2)) (v23 B))) K) (B K S (I (I v24 (v21 x (B I)) (x S)) x) (K (v27 (I (z (v19 K))) (z (K (I z)))) x (v1 (I S S) (I S (S v7) (v2 (K (I (K v15) K) S)) (x (v6 (v7 S v3) z x) (K x))))) K)
x K (v30 (x (x (B I)) I I (z x B)) (x (S z K) (K S (I v10 x) v9 (x (K (z S v6))) (I (S B v2)) (v23 B))) K) (B K S (I (I v24 (v21 x (B I)) (x S)) x) (K (v27 (I (z (v19 K))) (z (K (I z)))) x (v1 (I S S) (I S (S v7) (v2 (K (I (K v15) K) S)) (x (v6 (v7 S v3) z x) (K x))))) K)
x K (v30 (x (x (B I)) I I (z x B)) (x (S z K) (S v9 (x (K (z S v6))) (I (S B v2)) (v23 B))) K) (B K S (I (I v24 (v21 x (B I)) (x S)) x) (K (v27 (I (z (v19 K))) (z (K (I z)))) x (v1 (I S S) (I S (S v7) (v2 (K (I (K v15) K) S)) (x (v6 (v7 S v3) z x) (K x))))) K)
x K (v30 (x (x (B I)) I I (z x B)) (x (S z K) (v9 (I (S B v2)) (x (K (z S v6)) (I (S B v2))) (v23 B))) K) (B K S (I (I v24 (v21 x (B I)) (x S)) x) (K (v27 (I (z (v19 K))) (z (K (I z)))) x (v1 (I S S) (I S (S v7) (v2 (K (I (K v15) K) S)) (x (v6 (v7 S v3) z x) (K x))))) K)
x K (v30 (x (x (B I)) I I (z x B)) (x (S z K) (v9 (S B v2) (x (K (z S v6)) (I (S B v2))) (v23 B))) K) (B K S (I (I v24 (v21 x (B I)) (x S)) x) (K (v27 (I (z (v19 K))) (z (K (I z)))) x (v1 (I S S) (I S (S v7) (v2 (K (I (K v15) K) S)) (x (v6 (v7 S v3) z x) (K x))))) K)
x K (v30 (x (x (B I)) I I (z x B)) (x (S z K) (v9 (S B v2) (x (K (z S v6)) (S B v2)) (v23 B))) K) (B K S (I (I v24 (v21 x (B I)) (x S)) x) (K (v27 (I (z (v19 K))) (z (K (I z)))) x (v1 (I S S) (I S (S v7) (v2 (K (I (K v15) K) S)) (x (v6 (v7 S v3) z x) (K x))))) K)
x K (v30 (x (x (B I)) I I (z x B)) (x (S z K) (v9 (S B v2) (x (K (z S v6)) (S B v2)) (v23 B))) K) (K (S (I (I v24 (v21 x (B I)) (x S)) x)) (K (v27 (I (z (v19 K))) (z (K (I z)))) x (v1 (I S S) (I S (S v7) (v2 (K (I (K v15) K) S)) (x (v6 (v7 S v3) z x) (K x))))) K)
x K (v30 (x (x (B I)) I I (z x B)) (x (S z K) (v9 (S B v2) (x (K (z S v6)) (S B v2)) (v23 B))) K) (S (I (I v24 (v21 x (B I)) (x S)) x) K)
x K (v30 (x (x (B I)) I I (z x B)) (x (S z K) (v9 (S B v2) (x (K (z S v6)) (S B v2)) (v23 B))) K) (S (I v24 (v21 x (B I)) (x S) x) K)
x K (v30 (x (x (B I)) I I (z x B)) (x (S z K) (v9 (S B v2) (x (K (z S v6)) (S B v2)) (v23 B))) K) (S (v24 (v21 x (B I)) (x S) x) K)
z (v2 (z S (z x)) (x B z (I S))) (x (x (K (K K (K (S K B) x))))) v30
z (v2 (z S (z x)) (x B z S)) (x (x (K (K K (K (S K B) x))))) v30
z (v2 (z S (z x)) (x B z S)) (x (x (K K))) v30
z
B
z z (v0 B) S (B (I (B z S))) v10 I (I (K B))
z z (v0 B) S (B (B z S)) v10 I (I (K B))
z z (v0 B) S (B (B z S)) v10 I (K B)
I (S K (x (v9 B K)))
S K (x (v9 B K))
