x
B (K (K K (v10 v5) (z (K I) (v10 B)) (x (K (x (I S)) x K))) (v24 z) (I (z (K z I) (B B))) (I z))
B (K K (v10 v5) (z (K I) (v10 B)) (x (K (x (I S)) x K)) (I (z (K z I) (B B))) (I z))
B (K (z (K I) (v10 B)) (x (K (x (I S)) x K)) (I (z (K z I) (B B))) (I z))
B (z (K I) (v10 B) (I (z (K z I) (B B))) (I z))
B (z (K I) (v10 B) (z (K z I) (B B)) (I z))
B (z (K I) (v10 B) (z z (B B)) (I z))
B (z (K I) (v10 B) (z z (B B)) z)
B (K z (I (I I) z K) (z I S)) B x (x (z (K B K B) (z I K (S I (B (K S)) (z z)) (K S)) z) (x (z x v1) (z I (v1 B (S x))) v1))
K z (I (I I) z K) (z I S) (B x) (x (z (K B K B) (z I K (S I (B (K S)) (z z)) (K S)) z) (x (z x v1) (z I (v1 B (S x))) v1))
z (z I S) (B x) (x (z (K B K B) (z I K (S I (B (K S)) (z z)) (K S)) z) (x (z x v1) (z I (v1 B (S x))) v1))
z (z I S) (B x) (x (z (B B) (z I K (S I (B (K S)) (z z)) (K S)) z) (x (z x v1) (z I (v1 B (S x))) v1))
z (z I S) (B x) (x (z (B B) (z I K (I (z z) (B (K S) (z z))) (K S)) z) (x (z x v1) (z I (v1 B (S x))) v1))
z (z I S) (B x) (x (z (B B) (z I K (z z (B (K S) (z z))) (K S)) z) (x (z x v1) (z I (v1 B (S x))) v1))
K (B S)
v19 x
v23 (v15 (S (v28 (K v26 v4 (z (I z v11)) (B (z K) S)))) (z (z S) (K v24 (S (x x) x K (B S (x K) (B v1)) K (v11 z)))))
v23 (v15 (S (v28 (v26 (z (I z v11)) (B (z K) S)))) (z (z S) (K v24 (S (x x) x K (B S (x K) (B v1)) K (v11 z)))))
v23 (v15 (S (v28 (v26 (z (z v11)) (B (z K) S)))) (z (z S) (K v24 (S (x x) x K (B S (x K) (B v1)) K (v11 z)))))
v23 (v15 (S (v28 (v26 (z (z v11)) (B (z K) S)))) (z (z S) v24))
x
S (z S (S B I S (v25 z)) (S (B (S x) S (K B v22 x) x (x (v16 x)) (K (K (K B K B) (B x)))) (v14 (K (K (v25 (x K) x)))) (I K))) (K (S (z (x x (B (I v12)))) (S (v9 K) K S (I (K z) (K x)))) (K x (I I (I (I z v5 I v11)))))
S (z S (B S (I S) (v25 z)) (S (B (S x) S (K B v22 x) x (x (v16 x)) (K (K (K B K B) (B x)))) (v14 (K (K (v25 (x K) x)))) (I K))) (K (S (z (x x (B (I v12)))) (S (v9 K) K S (I (K z) (K x)))) (K x (I I (I (I z v5 I v11)))))
S (z S (S (I S (v25 z))) (S (B (S x) S (K B v22 x) x (x (v16 x)) (K (K (K B K B) (B x)))) (v14 (K (K (v25 (x K) x)))) (I K))) (K (S (z (x x (B (I v12)))) (S (v9 K) K S (I (K z) (K x)))) (K x (I I (I (I z v5 I v11)))))
S (z S (S (S (v25 z))) (S (B (S x) S (K B v22 x) x (x (v16 x)) (K (K (K B K B) (B x)))) (v14 (K (K (v25 (x K) x)))) (I K))) (K (S (z (x x (B (I v12)))) (S (v9 K) K S (I (K z) (K x)))) (K x (I I (I (I z v5 I v11)))))
S (z S (S (S (v25 z))) (B (S x) S (K B v22 x) x (x (v16 x)) (K (K (K B K B) (B x))) (I K) (v14 (K (K (v25 (x K) x))) (I K)))) (K (S (z (x x (B (I v12)))) (S (v9 K) K S (I (K z) (K x)))) (K x (I I (I (I z v5 I v11)))))
S (z S (S (S (v25 z))) (S x (S (K B v22 x)) x (x (v16 x)) (K (K (K B K B) (B x))) (I K) (v14 (K (K (v25 (x K) x))) (I K)))) (K (S (z (x x (B (I v12)))) (S (v9 K) K S (I (K z) (K x)))) (K x (I I (I (I z v5 I v11)))))
S (z S (S (S (v25 z))) (x x (S (K B v22 x) x) (x (v16 x)) (K (K (K B K B) (B x))) (I K) (v14 (K (K (v25 (x K) x))) (I K)))) (K (S (z (x x (B (I v12)))) (S (v9 K) K S (I (K z) (K x)))) (K x (I I (I (I z v5 I v11)))))
S (z S (S (S (v25 z))) (x x (S (B x) x) (x (v16 x)) (K (K (K B K B) (B x))) (I K) (v14 (K (K (v25 (x K) x))) (I K)))) (K (S (z (x x (B (I v12)))) (S (v9 K) K S (I (K z) (K x)))) (K x (I I (I (I z v5 I v11)))))
S (z S (S (S (v25 z))) (x x (S (B x) x) (x (v16 x)) (K (K B K B)) (I K) (v14 (K (K (v25 (x K) x))) (I K)))) (K (S (z (x x (B (I v12)))) (S (v9 K) K S (I (K z) (K x)))) (K x (I I (I (I z v5 I v11)))))
S (z S (S (S (v25 z))) (x x (S (B x) x) (x (v16 x)) (K (B B)) (I K) (v14 (K (K (v25 (x K) x))) (I K)))) (K (S (z (x x (B (I v12)))) (S (v9 K) K S (I (K z) (K x)))) (K x (I I (I (I z v5 I v11)))))
S (z S (S (S (v25 z))) (x x (S (B x) x) (x (v16 x)) (K (B B)) K (v14 (K (K (v25 (x K) x))) (I K)))) (K (S (z (x x (B (I v12)))) (S (v9 K) K S (I (K z) (K x)))) (K x (I I (I (I z v5 I v11)))))
S (z S (S (S (v25 z))) (x x (S (B x) x) (x (v16 x)) (K (B B)) K (v14 (K (K (v25 (x K) x))) K))) (K (S (z (x x (B (I v12)))) (S (v9 K) K S (I (K z) (K x)))) (K x (I I (I (I z v5 I v11)))))
S (z S (S (S (v25 z))) (x x (S (B x) x) (x (v16 x)) (K (B B)) K (v14 (K (K (v25 (x K) x))) K))) (S (z (x x (B (I v12)))) (S (v9 K) K S (I (K z) (K x))))
S (z S (S (S (v25 z))) (x x (S (B x) x) (x (v16 x)) (K (B B)) K (v14 (K (K (v25 (x K) x))) K))) (S (z (x x (B v12))) (S (v9 K) K S (I (K z) (K x))))
S (z S (S (S (v25 z))) (x x (S (B x) x) (x (v16 x)) (K (B B)) K (v14 (K (K (v25 (x K) x))) K))) (S (z (x x (B v12))) (v9 K S (K S) (I (K z) (K x))))
S (z S (S (S (v25 z))) (x x (S (B x) x) (x (v16 x)) (K (B B)) K (v14 (K (K (v25 (x K) x))) K))) (S (z (x x (B v12))) (v9 K S (K S) (K z (K x))))
S (z S (S (S (v25 z))) (x x (S (B x) x) (x (v16 x)) (K (B B)) K (v14 (K (K (v25 (x K) x))) K))) (S (z (x x (B v12))) (v9 K S (K S) z))
x v10 (I (x (K (z (z (z (B B)))) (I (S x) S v0 x))) (K v7 (S K S) (K I) (x S) I)) (z (I I) (v1 (v26 (S K) B) B (v18 v10 K) (I z)) (I (S (B (I S K) S))) (I (B v17 (x B) v4 x (S (B z) K))))
x v10 (x (K (z (z (z (B B)))) (I (S x) S v0 x)) (K v7 (S K S) (K I) (x S) I)) (z (I I) (v1 (v26 (S K) B) B (v18 v10 K) (I z)) (I (S (B (I S K) S))) (I (B v17 (x B) v4 x (S (B z) K))))
x v10 (x (z (z (z (B B)))) (K v7 (S K S) (K I) (x S) I)) (z (I I) (v1 (v26 (S K) B) B (v18 v10 K) (I z)) (I (S (B (I S K) S))) (I (B v17 (x B) v4 x (S (B z) K))))
x v10 (x (z (z (z (B B)))) (v7 (K I) (x S) I)) (z (I I) (v1 (v26 (S K) B) B (v18 v10 K) (I z)) (I (S (B (I S K) S))) (I (B v17 (x B) v4 x (S (B z) K))))
x v10 (x (z (z (z (B B)))) (v7 (K I) (x S) I)) (z I (v1 (v26 (S K) B) B (v18 v10 K) (I z)) (I (S (B (I S K) S))) (I (B v17 (x B) v4 x (S (B z) K))))
x v10 (x (z (z (z (B B)))) (v7 (K I) (x S) I)) (z I (v1 (v26 (S K) B) B (v18 v10 K) z) (I (S (B (I S K) S))) (I (B v17 (x B) v4 x (S (B z) K))))
x v10 (x (z (z (z (B B)))) (v7 (K I) (x S) I)) (z I (v1 (v26 (S K) B) B (v18 v10 K) z) (S (B (I S K) S)) (I (B v17 (x B) v4 x (S (B z) K))))
x v10 (x (z (z (z (B B)))) (v7 (K I) (x S) I)) (z I (v1 (v26 (S K) B) B (v18 v10 K) z) (S (B (S K) S)) (I (B v17 (x B) v4 x (S (B z) K))))
x v10 (x (z (z (z (B B)))) (v7 (K I) (x S) I)) (z I (v1 (v26 (S K) B) B (v18 v10 K) z) (S (B (S K) S)) (B v17 (x B) v4 x (S (B z) K)))
x v10 (x (z (z (z (B B)))) (v7 (K I) (x S) I)) (z I (v1 (v26 (S K) B) B (v18 v10 K) z) (S (B (S K) S)) (v17 (x B v4) x (S (B z) K)))
v8 (z (x (S z)) I v17 (S I) (v29 (v12 (z B (B B) x)) x)) (v24 (x (K B (x (v7 (x (x B) x) v27)) z) (x (B z (K S)) (S (K S (v10 S B) (B z)) (B (S B B (K I (x K z)))))) (I (S (B K) (v16 v16) I) S)))
v8 (z (x (S z)) I v17 (S I) (v29 (v12 (z B (B B) x)) x)) (v24 (x (B z) (x (B z (K S)) (S (K S (v10 S B) (B z)) (B (S B B (K I (x K z)))))) (I (S (B K) (v16 v16) I) S)))
v8 (z (x (S z)) I v17 (S I) (v29 (v12 (z B (B B) x)) x)) (v24 (x (B z) (x (B z (K S)) (S (S (B z)) (B (S B B (K I (x K z)))))) (I (S (B K) (v16 v16) I) S)))
v8 (z (x (S z)) I v17 (S I) (v29 (v12 (z B (B B) x)) x)) (v24 (x (B z) (x (B z (K S)) (S (S (B z)) (B (B (K I (x K z)) (B (K I (x K z))))))) (I (S (B K) (v16 v16) I) S)))
v8 (z (x (S z)) I v17 (S I) (v29 (v12 (z B (B B) x)) x)) (v24 (x (B z) (x (B z (K S)) (S (S (B z)) (B (B I (B (K I (x K z))))))) (I (S (B K) (v16 v16) I) S)))
v8 (z (x (S z)) I v17 (S I) (v29 (v12 (z B (B B) x)) x)) (v24 (x (B z) (x (B z (K S)) (S (S (B z)) (B (B I (B I))))) (I (S (B K) (v16 v16) I) S)))
v8 (z (x (S z)) I v17 (S I) (v29 (v12 (z B (B B) x)) x)) (v24 (x (B z) (x (B z (K S)) (S (S (B z)) (B (B I (B I))))) (S (B K) (v16 v16) I S)))
v8 (z (x (S z)) I v17 (S I) (v29 (v12 (z B (B B) x)) x)) (v24 (x (B z) (x (B z (K S)) (S (S (B z)) (B (B I (B I))))) (B K I (v16 v16 I) S)))
v8 (z (x (S z)) I v17 (S I) (v29 (v12 (z B (B B) x)) x)) (v24 (x (B z) (x (B z (K S)) (S (S (B z)) (B (B I (B I))))) (K (I (v16 v16 I)) S)))
v8 (z (x (S z)) I v17 (S I) (v29 (v12 (z B (B B) x)) x)) (v24 (x (B z) (x (B z (K S)) (S (S (B z)) (B (B I (B I))))) (I (v16 v16 I))))
v8 (z (x (S z)) I v17 (S I) (v29 (v12 (z B (B B) x)) x)) (v24 (x (B z) (x (B z (K S)) (S (S (B z)) (B (B I (B I))))) (v16 v16 I)))
