z (S (v29 B (S S) x) K) (S (x B (z (K (z K (I (x I)) z)))))
z (S (v29 B (S S) x) K) (S (x B (z (K (z K (x I) z)))))
z (z K B) (B (v16 (x I) B B)) x (z I (x K (S (x z)) K (x (z (S (I z)) B) (v19 S)))) (I (I (z B z)) (z x (B K)) I)
z (z K B) (B (v16 (x I) B B)) x (z I (x K (S (x z)) K (x (z (S z) B) (v19 S)))) (I (I (z B z)) (z x (B K)) I)
z (z K B) (B (v16 (x I) B B)) x (z I (x K (S (x z)) K (x (z (S z) B) (v19 S)))) (I (z B z) (z x (B K)) I)
z (z K B) (B (v16 (x I) B B)) x (z I (x K (S (x z)) K (x (z (S z) B) (v19 S)))) (z B z (z x (B K)) I)
I
I B S (x (v5 B S) S B) (x B K B K (B (v29 (z I) K x))) S (S (I v5) S x (S K))
B S (x (v5 B S) S B) (x B K B K (B (v29 (z I) K x))) S (S (I v5) S x (S K))
S (x (v5 B S) S B (x B K B K (B (v29 (z I) K x)))) S (S (I v5) S x (S K))
x (v5 B S) S B (x B K B K (B (v29 (z I) K x))) (S (I v5) S x (S K)) (S (S (I v5) S x (S K)))
x (v5 B S) S B (x B K B K (B (v29 (z I) K x))) (I v5 x (S x) (S K)) (S (S (I v5) S x (S K)))
x (v5 B S) S B (x B K B K (B (v29 (z I) K x))) (v5 x (S x) (S K)) (S (S (I v5) S x (S K)))
x (v5 B S) S B (x B K B K (B (v29 (z I) K x))) (v5 x (S x) (S K)) (S (I v5 x (S x) (S K)))
x (v5 B S) S B (x B K B K (B (v29 (z I) K x))) (v5 x (S x) (S K)) (S (v5 x (S x) (S K)))
S (K (v15 (z K (z S))) (S (B (S K) (x (B (S x)))) (B B (z x)) v21)) (S (S z (S K (S (v14 S z)) z)))
S (v15 (z K (z S))) (S (S z (S K (S (v14 S z)) z)))
S (v15 (z K (z S))) (S (S z (K z (S (v14 S z) z))))
S (v15 (z K (z S))) (S (S z z))
K K (S B B (I (S (v30 v23) S) S (z S) (B x (v12 (x (z x)))) (x (z S)) z (S (v26 v12) (z (x z) K) (S (S B)) (v30 (I (x B z S))) (K x (z K) I (v9 (K z) B I)))))
K
S I (B x B (x (x (B (I S (I x) K (I z I)))) (B (B (z v12 S B)) z (v12 (S z v7 S)) (K x))))
S I (x (B (x (x (B (I S (I x) K (I z I)))) (B (B (z v12 S B)) z (v12 (S z v7 S)) (K x)))))
S I (x (B (x (x (B (S (I x) K (I z I)))) (B (B (z v12 S B)) z (v12 (S z v7 S)) (K x)))))
S I (x (B (x (x (B (I x (I z I) (K (I z I))))) (B (B (z v12 S B)) z (v12 (S z v7 S)) (K x)))))
S I (x (B (x (x (B (x (I z I) (K (I z I))))) (B (B (z v12 S B)) z (v12 (S z v7 S)) (K x)))))
S I (x (B (x (x (B (x (z I) (K (I z I))))) (B (B (z v12 S B)) z (v12 (S z v7 S)) (K x)))))
S I (x (B (x (x (B (x (z I) (K (z I))))) (B (B (z v12 S B)) z (v12 (S z v7 S)) (K x)))))
S I (x (B (x (x (B (x (z I) (K (z I))))) (B (z v12 S B) (z (v12 (S z v7 S))) (K x)))))
S I (x (B (x (x (B (x (z I) (K (z I))))) (z v12 S B (z (v12 (S z v7 S)) (K x))))))
S I (x (B (x (x (B (x (z I) (K (z I))))) (z v12 S B (z (v12 (z S (v7 S))) (K x))))))
I S (x K S S) (z B) (I S)
S (x K S S) (z B) (I S)
x K S S (I S) (z B (I S))
x K S S S (z B (I S))
x K S S S (z B S)
I (x S I (B (S (z I)) S) (x (B (x v4 z) S (K x)))) (K (B B K)) (z (S (x (z z)) (x z z (x v6 (v30 v18) z I) (v16 (I I) S (x (v23 (S S) I) B)))) (z K (I x K) K x K))
x S I (B (S (z I)) S) (x (B (x v4 z) S (K x))) (K (B B K)) (z (S (x (z z)) (x z z (x v6 (v30 v18) z I) (v16 (I I) S (x (v23 (S S) I) B)))) (z K (I x K) K x K))
x S I (B (S (z I)) S) (x (x v4 z (S (K x)))) (K (B B K)) (z (S (x (z z)) (x z z (x v6 (v30 v18) z I) (v16 (I I) S (x (v23 (S S) I) B)))) (z K (I x K) K x K))
x S I (B (S (z I)) S) (x (x v4 z (S (K x)))) (K (B B K)) (z (S (x (z z)) (x z z (x v6 (v30 v18) z I) (v16 I S (x (v23 (S S) I) B)))) (z K (I x K) K x K))
x S I (B (S (z I)) S) (x (x v4 z (S (K x)))) (K (B B K)) (z (S (x (z z)) (x z z (x v6 (v30 v18) z I) (v16 I S (x (v23 (S S) I) B)))) (z K (x K) K x K))
B (z (x (z z) B) (z x))
