S
z
S x (B x S (I z) (I I) (v23 x (z v17 (v3 I) K) v4 K (v15 (B v24) (v20 B)))) B
x B (B x S (I z) (I I) (v23 x (z v17 (v3 I) K) v4 K (v15 (B v24) (v20 B))) B)
x B (x (S (I z)) (I I) (v23 x (z v17 (v3 I) K) v4 K (v15 (B v24) (v20 B))) B)
x B (x (S z) (I I) (v23 x (z v17 (v3 I) K) v4 K (v15 (B v24) (v20 B))) B)
x B (x (S z) I (v23 x (z v17 (v3 I) K) v4 K (v15 (B v24) (v20 B))) B)
I x (K (B (I K B) I (v6 (x z) B (v12 x)) (K (B I I z) S) (K (I (I v27)) v0) I) (x (K (I (I z (x (S v21 (B K I S)) K) I))) v6 (K (I S v14) K (z S K v5 z))))
x (K (B (I K B) I (v6 (x z) B (v12 x)) (K (B I I z) S) (K (I (I v27)) v0) I) (x (K (I (I z (x (S v21 (B K I S)) K) I))) v6 (K (I S v14) K (z S K v5 z))))
x (B (I K B) I (v6 (x z) B (v12 x)) (K (B I I z) S) (K (I (I v27)) v0) I)
x (I K B (I (v6 (x z) B (v12 x))) (K (B I I z) S) (K (I (I v27)) v0) I)
x (K B (I (v6 (x z) B (v12 x))) (K (B I I z) S) (K (I (I v27)) v0) I)
x (B (K (B I I z) S) (K (I (I v27)) v0) I)
x (K (B I I z) S (K (I (I v27)) v0 I))
x (B I I z (K (I (I v27)) v0 I))
x (I (I z) (K (I (I v27)) v0 I))
x (I z (K (I (I v27)) v0 I))
x (z (K (I (I v27)) v0 I))
x (z (I (I v27) I))
x (z (I v27 I))
x (z (v27 I))
I (K (B (z (K (K z))) S) (S (x x z K S (S S) (K (v16 (z (S v28))) (S B))) x))
K (B (z (K (K z))) S) (S (x x z K S (S S) (K (v16 (z (S v28))) (S B))) x)
B (z (K (K z))) S
K (K K K v17 (S I) z (B K I)) (z x (z (S v12))) I (B (K (I v28 K v26)) (K v9 I (K x)) B B)
K K K v17 (S I) z (B K I) I (B (K (I v28 K v26)) (K v9 I (K x)) B B)
K v17 (S I) z (B K I) I (B (K (I v28 K v26)) (K v9 I (K x)) B B)
v17 z (B K I) I (B (K (I v28 K v26)) (K v9 I (K x)) B B)
v17 z (B K I) I (K (I v28 K v26) (K v9 I (K x) B) B)
v17 z (B K I) I (I v28 K v26 B)
v17 z (B K I) I (v28 K v26 B)
v0 K (I (I v15 v18 (I z B) (v1 (S (z z (I (z B))) z I))) (B (B (S K) z v9 (I I))))
v0 K (I v15 v18 (I z B) (v1 (S (z z (I (z B))) z I)) (B (B (S K) z v9 (I I))))
v0 K (v15 v18 (I z B) (v1 (S (z z (I (z B))) z I)) (B (B (S K) z v9 (I I))))
v0 K (v15 v18 (z B) (v1 (S (z z (I (z B))) z I)) (B (B (S K) z v9 (I I))))
v0 K (v15 v18 (z B) (v1 (z z (I (z B)) I (z I))) (B (B (S K) z v9 (I I))))
v0 K (v15 v18 (z B) (v1 (z z (z B) I (z I))) (B (B (S K) z v9 (I I))))
v0 K (v15 v18 (z B) (v1 (z z (z B) I (z I))) (B (S K (z v9) (I I))))
v0 K (v15 v18 (z B) (v1 (z z (z B) I (z I))) (B (K (I I) (z v9 (I I)))))
v0 K (v15 v18 (z B) (v1 (z z (z B) I (z I))) (B (I I)))
v0 K (v15 v18 (z B) (v1 (z z (z B) I (z I))) (B I))
I (S (K B) S S S) (B S (B (I (I I) S (z (S K (S (K (B x) (I (x B)))))) (B (v28 x))))) (K (S (B (I I I K (B (B z I))) B)) B x x)
S (K B) S S S (B S (B (I (I I) S (z (S K (S (K (B x) (I (x B)))))) (B (v28 x))))) (K (S (B (I I I K (B (B z I))) B)) B x x)
K B S (S S) S (B S (B (I (I I) S (z (S K (S (K (B x) (I (x B)))))) (B (v28 x))))) (K (S (B (I I I K (B (B z I))) B)) B x x)
B (S S) S (B S (B (I (I I) S (z (S K (S (K (B x) (I (x B)))))) (B (v28 x))))) (K (S (B (I I I K (B (B z I))) B)) B x x)
S S (S (B S (B (I (I I) S (z (S K (S (K (B x) (I (x B)))))) (B (v28 x)))))) (K (S (B (I I I K (B (B z I))) B)) B x x)
S (K (S (B (I I I K (B (B z I))) B)) B x x) (S (B S (B (I (I I) S (z (S K (S (K (B x) (I (x B)))))) (B (v28 x))))) (K (S (B (I I I K (B (B z I))) B)) B x x))
S (S (B (I I I K (B (B z I))) B) x x) (S (B S (B (I (I I) S (z (S K (S (K (B x) (I (x B)))))) (B (v28 x))))) (K (S (B (I I I K (B (B z I))) B)) B x x))
S (B (I I I K (B (B z I))) B x (x x)) (S (B S (B (I (I I) S (z (S K (S (K (B x) (I (x B)))))) (B (v28 x))))) (K (S (B (I I I K (B (B z I))) B)) B x x))
S (I I I K (B (B z I)) (B x) (x x)) (S (B S (B (I (I I) S (z (S K (S (K (B x) (I (x B)))))) (B (v28 x))))) (K (S (B (I I I K (B (B z I))) B)) B x x))
S (I I K (B (B z I)) (B x) (x x)) (S (B S (B (I (I I) S (z (S K (S (K (B x) (I (x B)))))) (B (v28 x))))) (K (S (B (I I I K (B (B z I))) B)) B x x))
S (I K (B (B z I)) (B x) (x x)) (S (B S (B (I (I I) S (z (S K (S (K (B x) (I (x B)))))) (B (v28 x))))) (K (S (B (I I I K (B (B z I))) B)) B x x))
S (K (B (B z I)) (B x) (x x)) (S (B S (B (I (I I) S (z (S K (S (K (B x) (I (x B)))))) (B (v28 x))))) (K (S (B (I I I K (B (B z I))) B)) B x x))
S (B (B z I) (x x)) (S (B S (B (I (I I) S (z (S K (S (K (B x) (I (x B)))))) (B (v28 x))))) (K (S (B (I I I K (B (B z I))) B)) B x x))
S (B (B z I) (x x)) (S (B S (B (I I S (z (S K (S (K (B x) (I (x B)))))) (B (v28 x))))) (K (S (B (I I I K (B (B z I))) B)) B x x))
S (B (B z I) (x x)) (S (B S (B (I S (z (S K (S (K (B x) (I (x B)))))) (B (v28 x))))) (K (S (B (I I I K (B (B z I))) B)) B x x))
S (B (B z I) (x x)) (S (B S (B (S (z (S K (S (K (B x) (I (x B)))))) (B (v28 x))))) (K (S (B (I I I K (B (B z I))) B)) B x x))
S (B (B z I) (x x)) (S (B S (B (S (z (S K (S (B x)))) (B (v28 x))))) (K (S (B (I I I K (B (B z I))) B)) B x x))
S (B (B z I) (x x)) (S (B S (B (S (z (S K (S (B x)))) (B (v28 x))))) (S (B (I I I K (B (B z I))) B) x x))
S (B (B z I) (x x)) (S (B S (B (S (z (S K (S (B x)))) (B (v28 x))))) (B (I I I K (B (B z I))) B x (x x)))
S (B (B z I) (x x)) (S (B S (B (S (z (S K (S (B x)))) (B (v28 x))))) (I I I K (B (B z I)) (B x) (x x)))
S (B (B z I) (x x)) (S (B S (B (S (z (S K (S (B x)))) (B (v28 x))))) (I I K (B (B z I)) (B x) (x x)))
S (B (B z I) (x x)) (S (B S (B (S (z (S K (S (B x)))) (B (v28 x))))) (I K (B (B z I)) (B x) (x x)))
S (B (B z I) (x x)) (S (B S (B (S (z (S K (S (B x)))) (B (v28 x))))) (K (B (B z I)) (B x) (x x)))
S (B (B z I) (x x)) (S (B S (B (S (z (S K (S (B x)))) (B (v28 x))))) (B (B z I) (x x)))
z (S K v23 (z K I))
z (K (z K I) (v23 (z K I)))
z (z K I)
z I (K (B (I (B S K v10))) (I (v9 v24)) (S x (I I v4 (v2 (v29 (x (B v10))) K))))
z I (B (I (B S K v10)) (S x (I I v4 (v2 (v29 (x (B v10))) K))))
z I (B (B S K v10) (S x (I I v4 (v2 (v29 (x (B v10))) K))))
z I (B (S (K v10)) (S x (I I v4 (v2 (v29 (x (B v10))) K))))
z I (B (S (K v10)) (S x (I v4 (v2 (v29 (x (B v10))) K))))
z I (B (S (K v10)) (S x (v4 (v2 (v29 (x (B v10))) K))))
