B S
B (I (v2 z)) (v21 B) (I (I (z x) (B S)) (v4 B)) (B (S (v12 I (I (I I z))) (B v17 (B S) K)))
I (v2 z) (v21 B (I (I (z x) (B S)) (v4 B))) (B (S (v12 I (I (I I z))) (B v17 (B S) K)))
v2 z (v21 B (I (I (z x) (B S)) (v4 B))) (B (S (v12 I (I (I I z))) (B v17 (B S) K)))
v2 z (v21 B (I (z x) (B S) (v4 B))) (B (S (v12 I (I (I I z))) (B v17 (B S) K)))
v2 z (v21 B (z x (B S) (v4 B))) (B (S (v12 I (I (I I z))) (B v17 (B S) K)))
v2 z (v21 B (z x (B S) (v4 B))) (B (S (v12 I (I I z)) (B v17 (B S) K)))
v2 z (v21 B (z x (B S) (v4 B))) (B (S (v12 I (I z)) (B v17 (B S) K)))
v2 z (v21 B (z x (B S) (v4 B))) (B (S (v12 I z) (B v17 (B S) K)))
v2 z (v21 B (z x (B S) (v4 B))) (B (S (v12 I z) (v17 (B S K))))
S x
S z
z S (K B (S (x B I z) (I B) x) v24 v6 (x (v5 S B (x x B I) (x S) (B (v14 B (x (S I)) S (z (I S))))))) (B (S z) I (S (x (z (x (S (v23 I)) I)))) v2 K) (x (z (I (v30 x))) (B (I (S x)) I (I x (z B v6 K)) (B x (K (I B))) (z I)) (K (z B (K K (v5 (K I) (B v5)) z)) (z v20) v16))
z S (B v24 v6 (x (v5 S B (x x B I) (x S) (B (v14 B (x (S I)) S (z (I S))))))) (B (S z) I (S (x (z (x (S (v23 I)) I)))) v2 K) (x (z (I (v30 x))) (B (I (S x)) I (I x (z B v6 K)) (B x (K (I B))) (z I)) (K (z B (K K (v5 (K I) (B v5)) z)) (z v20) v16))
z S (v24 (v6 (x (v5 S B (x x B I) (x S) (B (v14 B (x (S I)) S (z (I S)))))))) (B (S z) I (S (x (z (x (S (v23 I)) I)))) v2 K) (x (z (I (v30 x))) (B (I (S x)) I (I x (z B v6 K)) (B x (K (I B))) (z I)) (K (z B (K K (v5 (K I) (B v5)) z)) (z v20) v16))
z S (v24 (v6 (x (v5 S B (x x B I) (x S) (B (v14 B (x (S I)) S (z S))))))) (B (S z) I (S (x (z (x (S (v23 I)) I)))) v2 K) (x (z (I (v30 x))) (B (I (S x)) I (I x (z B v6 K)) (B x (K (I B))) (z I)) (K (z B (K K (v5 (K I) (B v5)) z)) (z v20) v16))
z S (v24 (v6 (x (v5 S B (x x B I) (x S) (B (v14 B (x (S I)) S (z S))))))) (S z (I (S (x (z (x (S (v23 I)) I))))) v2 K) (x (z (I (v30 x))) (B (I (S x)) I (I x (z B v6 K)) (B x (K (I B))) (z I)) (K (z B (K K (v5 (K I) (B v5)) z)) (z v20) v16))
z S (v24 (v6 (x (v5 S B (x x B I) (x S) (B (v14 B (x (S I)) S (z S))))))) (z v2 (I (S (x (z (x (S (v23 I)) I)))) v2) K) (x (z (I (v30 x))) (B (I (S x)) I (I x (z B v6 K)) (B x (K (I B))) (z I)) (K (z B (K K (v5 (K I) (B v5)) z)) (z v20) v16))
z S (v24 (v6 (x (v5 S B (x x B I) (x S) (B (v14 B (x (S I)) S (z S))))))) (z v2 (S (x (z (x (S (v23 I)) I))) v2) K) (x (z (I (v30 x))) (B (I (S x)) I (I x (z B v6 K)) (B x (K (I B))) (z I)) (K (z B (K K (v5 (K I) (B v5)) z)) (z v20) v16))
z S (v24 (v6 (x (v5 S B (x x B I) (x S) (B (v14 B (x (S I)) S (z S))))))) (z v2 (S (x (z (x (S (v23 I)) I))) v2) K) (x (z (v30 x)) (B (I (S x)) I (I x (z B v6 K)) (B x (K (I B))) (z I)) (K (z B (K K (v5 (K I) (B v5)) z)) (z v20) v16))
z S (v24 (v6 (x (v5 S B (x x B I) (x S) (B (v14 B (x (S I)) S (z S))))))) (z v2 (S (x (z (x (S (v23 I)) I))) v2) K) (x (z (v30 x)) (I (S x) (I (I x (z B v6 K))) (B x (K (I B))) (z I)) (K (z B (K K (v5 (K I) (B v5)) z)) (z v20) v16))
z S (v24 (v6 (x (v5 S B (x x B I) (x S) (B (v14 B (x (S I)) S (z S))))))) (z v2 (S (x (z (x (S (v23 I)) I))) v2) K) (x (z (v30 x)) (S x (I (I x (z B v6 K))) (B x (K (I B))) (z I)) (K (z B (K K (v5 (K I) (B v5)) z)) (z v20) v16))
z S (v24 (v6 (x (v5 S B (x x B I) (x S) (B (v14 B (x (S I)) S (z S))))))) (z v2 (S (x (z (x (S (v23 I)) I))) v2) K) (x (z (v30 x)) (x (B x (K (I B))) (I (I x (z B v6 K)) (B x (K (I B)))) (z I)) (K (z B (K K (v5 (K I) (B v5)) z)) (z v20) v16))
z S (v24 (v6 (x (v5 S B (x x B I) (x S) (B (v14 B (x (S I)) S (z S))))))) (z v2 (S (x (z (x (S (v23 I)) I))) v2) K) (x (z (v30 x)) (x (B x (K B)) (I (I x (z B v6 K)) (B x (K (I B)))) (z I)) (K (z B (K K (v5 (K I) (B v5)) z)) (z v20) v16))
z S (v24 (v6 (x (v5 S B (x x B I) (x S) (B (v14 B (x (S I)) S (z S))))))) (z v2 (S (x (z (x (S (v23 I)) I))) v2) K) (x (z (v30 x)) (x (B x (K B)) (I x (z B v6 K) (B x (K (I B)))) (z I)) (K (z B (K K (v5 (K I) (B v5)) z)) (z v20) v16))
z S (v24 (v6 (x (v5 S B (x x B I) (x S) (B (v14 B (x (S I)) S (z S))))))) (z v2 (S (x (z (x (S (v23 I)) I))) v2) K) (x (z (v30 x)) (x (B x (K B)) (x (z B v6 K) (B x (K (I B)))) (z I)) (K (z B (K K (v5 (K I) (B v5)) z)) (z v20) v16))
z S (v24 (v6 (x (v5 S B (x x B I) (x S) (B (v14 B (x (S I)) S (z S))))))) (z v2 (S (x (z (x (S (v23 I)) I))) v2) K) (x (z (v30 x)) (x (B x (K B)) (x (z B v6 K) (B x (K B))) (z I)) (K (z B (K K (v5 (K I) (B v5)) z)) (z v20) v16))
z S (v24 (v6 (x (v5 S B (x x B I) (x S) (B (v14 B (x (S I)) S (z S))))))) (z v2 (S (x (z (x (S (v23 I)) I))) v2) K) (x (z (v30 x)) (x (B x (K B)) (x (z B v6 K) (B x (K B))) (z I)) (z B (K K (v5 (K I) (B v5)) z) v16))
z S (v24 (v6 (x (v5 S B (x x B I) (x S) (B (v14 B (x (S I)) S (z S))))))) (z v2 (S (x (z (x (S (v23 I)) I))) v2) K) (x (z (v30 x)) (x (B x (K B)) (x (z B v6 K) (B x (K B))) (z I)) (z B (K z) v16))
B (z (S I) (K B S) (K v22)) B
B (z (S I) B (K v22)) B
B (z (S (B (z I (x I) S)) K) v27)
x (x (K K) (S (x S z) (B S) (z z)) z (z S)) (B S) (x (B (z S (v1 K)))) (x (I (z z) K S (z (x x)) (v7 (S (S (z v30))) (x I v18) (K (z v26) v1) (v8 (x (I (B B)) (I B x (K I B)) v0))) z) (x z S (K (B z) B) (B (S z)) z (I (v10 B (K x)) (B v6)) B (v8 v24 (v26 B K (I (I z) z (z z)) v24) (S (I K) z K (S x)))))
x (x (K K) (x S z (z z) (B S (z z))) z (z S)) (B S) (x (B (z S (v1 K)))) (x (I (z z) K S (z (x x)) (v7 (S (S (z v30))) (x I v18) (K (z v26) v1) (v8 (x (I (B B)) (I B x (K I B)) v0))) z) (x z S (K (B z) B) (B (S z)) z (I (v10 B (K x)) (B v6)) B (v8 v24 (v26 B K (I (I z) z (z z)) v24) (S (I K) z K (S x)))))
x (x (K K) (x S z (z z) (B S (z z))) z (z S)) (B S) (x (B (z S (v1 K)))) (x (z z K S (z (x x)) (v7 (S (S (z v30))) (x I v18) (K (z v26) v1) (v8 (x (I (B B)) (I B x (K I B)) v0))) z) (x z S (K (B z) B) (B (S z)) z (I (v10 B (K x)) (B v6)) B (v8 v24 (v26 B K (I (I z) z (z z)) v24) (S (I K) z K (S x)))))
x (x (K K) (x S z (z z) (B S (z z))) z (z S)) (B S) (x (B (z S (v1 K)))) (x (z z K S (z (x x)) (v7 (S (S (z v30))) (x I v18) (z v26) (v8 (x (I (B B)) (I B x (K I B)) v0))) z) (x z S (K (B z) B) (B (S z)) z (I (v10 B (K x)) (B v6)) B (v8 v24 (v26 B K (I (I z) z (z z)) v24) (S (I K) z K (S x)))))
x (x (K K) (x S z (z z) (B S (z z))) z (z S)) (B S) (x (B (z S (v1 K)))) (x (z z K S (z (x x)) (v7 (S (S (z v30))) (x I v18) (z v26) (v8 (x (B B) (I B x (K I B)) v0))) z) (x z S (K (B z) B) (B (S z)) z (I (v10 B (K x)) (B v6)) B (v8 v24 (v26 B K (I (I z) z (z z)) v24) (S (I K) z K (S x)))))
x (x (K K) (x S z (z z) (B S (z z))) z (z S)) (B S) (x (B (z S (v1 K)))) (x (z z K S (z (x x)) (v7 (S (S (z v30))) (x I v18) (z v26) (v8 (x (B B) (B x (K I B)) v0))) z) (x z S (K (B z) B) (B (S z)) z (I (v10 B (K x)) (B v6)) B (v8 v24 (v26 B K (I (I z) z (z z)) v24) (S (I K) z K (S x)))))
x (x (K K) (x S z (z z) (B S (z z))) z (z S)) (B S) (x (B (z S (v1 K)))) (x (z z K S (z (x x)) (v7 (S (S (z v30))) (x I v18) (z v26) (v8 (x (B B) (B x I) v0))) z) (x z S (K (B z) B) (B (S z)) z (I (v10 B (K x)) (B v6)) B (v8 v24 (v26 B K (I (I z) z (z z)) v24) (S (I K) z K (S x)))))
x (x (K K) (x S z (z z) (B S (z z))) z (z S)) (B S) (x (B (z S (v1 K)))) (x (z z K S (z (x x)) (v7 (S (S (z v30))) (x I v18) (z v26) (v8 (x (B B) (B x I) v0))) z) (x z S (B z) (B (S z)) z (I (v10 B (K x)) (B v6)) B (v8 v24 (v26 B K (I (I z) z (z z)) v24) (S (I K) z K (S x)))))
x (x (K K) (x S z (z z) (B S (z z))) z (z S)) (B S) (x (B (z S (v1 K)))) (x (z z K S (z (x x)) (v7 (S (S (z v30))) (x I v18) (z v26) (v8 (x (B B) (B x I) v0))) z) (x z S (B z) (B (S z)) z (v10 B (K x) (B v6)) B (v8 v24 (v26 B K (I (I z) z (z z)) v24) (S (I K) z K (S x)))))
x (x (K K) (x S z (z z) (B S (z z))) z (z S)) (B S) (x (B (z S (v1 K)))) (x (z z K S (z (x x)) (v7 (S (S (z v30))) (x I v18) (z v26) (v8 (x (B B) (B x I) v0))) z) (x z S (B z) (B (S z)) z (v10 B (K x) (B v6)) B (v8 v24 (v26 B K (I z z (z z)) v24) (S (I K) z K (S x)))))
x (x (K K) (x S z (z z) (B S (z z))) z (z S)) (B S) (x (B (z S (v1 K)))) (x (z z K S (z (x x)) (v7 (S (S (z v30))) (x I v18) (z v26) (v8 (x (B B) (B x I) v0))) z) (x z S (B z) (B (S z)) z (v10 B (K x) (B v6)) B (v8 v24 (v26 B K (z z (z z)) v24) (S (I K) z K (S x)))))
x (x (K K) (x S z (z z) (B S (z z))) z (z S)) (B S) (x (B (z S (v1 K)))) (x (z z K S (z (x x)) (v7 (S (S (z v30))) (x I v18) (z v26) (v8 (x (B B) (B x I) v0))) z) (x z S (B z) (B (S z)) z (v10 B (K x) (B v6)) B (v8 v24 (v26 B K (z z (z z)) v24) (I K K (z K) (S x)))))
x (x (K K) (x S z (z z) (B S (z z))) z (z S)) (B S) (x (B (z S (v1 K)))) (x (z z K S (z (x x)) (v7 (S (S (z v30))) (x I v18) (z v26) (v8 (x (B B) (B x I) v0))) z) (x z S (B z) (B (S z)) z (v10 B (K x) (B v6)) B (v8 v24 (v26 B K (z z (z z)) v24) (K K (z K) (S x)))))
x (x (K K) (x S z (z z) (B S (z z))) z (z S)) (B S) (x (B (z S (v1 K)))) (x (z z K S (z (x x)) (v7 (S (S (z v30))) (x I v18) (z v26) (v8 (x (B B) (B x I) v0))) z) (x z S (B z) (B (S z)) z (v10 B (K x) (B v6)) B (v8 v24 (v26 B K (z z (z z)) v24) (K (S x)))))
S x (z z (K K))
x (x x v22 K K (z (v26 K) (x B)) z) (B (z x) K) (K K (z (v22 B)) v21 I I (x (K (z K B (B S))) S) z (S z B) (v7 (B v21) (B (x (z (K K)) (x S B))) (K K z)))
x (x x v22 K K (z (v26 K) (x B)) z) (B (z x) K) (K v21 I I (x (K (z K B (B S))) S) z (S z B) (v7 (B v21) (B (x (z (K K)) (x S B))) (K K z)))
x (x x v22 K K (z (v26 K) (x B)) z) (B (z x) K) (v21 I (x (K (z K B (B S))) S) z (S z B) (v7 (B v21) (B (x (z (K K)) (x S B))) (K K z)))
x (x x v22 K K (z (v26 K) (x B)) z) (B (z x) K) (v21 I (x (K (z K B (B S))) S) z (S z B) (v7 (B v21) (B (x (z (K K)) (x S B))) K))
