S (v17 (z (I I S B (K (x S))))) z
S (v17 (z (I S B (K (x S))))) z
S (v17 (z (S B (K (x S))))) z
z v1 (I B) (S K I (S (z K) (v2 (K I (v0 z x)) x) (K S I (z S) (z (z z))))) (x x (I (B x (B v10) x (z S S))))
z v1 B (S K I (S (z K) (v2 (K I (v0 z x)) x) (K S I (z S) (z (z z))))) (x x (I (B x (B v10) x (z S S))))
z v1 B (K (S (z K) (v2 (K I (v0 z x)) x) (K S I (z S) (z (z z)))) (I (S (z K) (v2 (K I (v0 z x)) x) (K S I (z S) (z (z z)))))) (x x (I (B x (B v10) x (z S S))))
z v1 B (S (z K) (v2 (K I (v0 z x)) x) (K S I (z S) (z (z z)))) (x x (I (B x (B v10) x (z S S))))
z v1 B (z K (K S I (z S) (z (z z))) (v2 (K I (v0 z x)) x (K S I (z S) (z (z z))))) (x x (I (B x (B v10) x (z S S))))
z v1 B (z K (S (z S) (z (z z))) (v2 (K I (v0 z x)) x (K S I (z S) (z (z z))))) (x x (I (B x (B v10) x (z S S))))
z v1 B (z K (S (z S) (z (z z))) (v2 I x (K S I (z S) (z (z z))))) (x x (I (B x (B v10) x (z S S))))
z v1 B (z K (S (z S) (z (z z))) (v2 I x (S (z S) (z (z z))))) (x x (I (B x (B v10) x (z S S))))
z v1 B (z K (S (z S) (z (z z))) (v2 I x (S (z S) (z (z z))))) (x x (B x (B v10) x (z S S)))
z v1 B (z K (S (z S) (z (z z))) (v2 I x (S (z S) (z (z z))))) (x x (x (B v10 x) (z S S)))
z S (K (v19 (B (K B)) K) (I (I (B (z I I (v1 S))) (x S v2) v23))) (z (I (v18 (v4 K) B)) K B (B I)) (K (B K) x)
z S (v19 (B (K B)) K) (z (I (v18 (v4 K) B)) K B (B I)) (K (B K) x)
z S (v19 (B (K B)) K) (z (v18 (v4 K) B) K B (B I)) (K (B K) x)
z S (v19 (B (K B)) K) (z (v18 (v4 K) B) K B (B I)) (B K)
x (x (x K) z x (z B) (S x)) v29 (I (v7 S (K (S S (S I)) v0 B) (z x (I z) K (S x v11)))) v12 z
x (x (x K) z x (z B) (S x)) v29 (v7 S (K (S S (S I)) v0 B) (z x (I z) K (S x v11))) v12 z
x (x (x K) z x (z B) (S x)) v29 (v7 S (S S (S I) B) (z x (I z) K (S x v11))) v12 z
x (x (x K) z x (z B) (S x)) v29 (v7 S (S B (S I B)) (z x (I z) K (S x v11))) v12 z
x (x (x K) z x (z B) (S x)) v29 (v7 S (S B (S I B)) (z x z K (S x v11))) v12 z
I (x x) (v27 (K v3 B)) (K (K (z (x I)) (v26 v21)) (S x) (I x) (z (z (v24 v11) (x (z S x) I) (K (S K) B)))) x
x x (v27 (K v3 B)) (K (K (z (x I)) (v26 v21)) (S x) (I x) (z (z (v24 v11) (x (z S x) I) (K (S K) B)))) x
x x (v27 v3) (K (K (z (x I)) (v26 v21)) (S x) (I x) (z (z (v24 v11) (x (z S x) I) (K (S K) B)))) x
x x (v27 v3) (K (z (x I)) (v26 v21) (I x) (z (z (v24 v11) (x (z S x) I) (K (S K) B)))) x
x x (v27 v3) (z (x I) (I x) (z (z (v24 v11) (x (z S x) I) (K (S K) B)))) x
x x (v27 v3) (z (x I) x (z (z (v24 v11) (x (z S x) I) (K (S K) B)))) x
x x (v27 v3) (z (x I) x (z (z (v24 v11) (x (z S x) I) (S K)))) x
I (x z) I B (S K B) (K (K v6 (B (v30 (z v30) z B))) (S x (S z) K) (B (K S)) (I z)) (x B (z (z I (B (x (K (x v27)))))) (S (z z) (x (z (K (B (v28 (B I))))))) (x S)) x (S v24 v22 K (S K) (B (z I) (I B (K B) x (x (B (x B)) x) (I (S (x x)) (z B I)))) (B (z (B I S (K (x x) K (K (v7 I)) S B (v3 z v19 I))))))
x z I B (S K B) (K (K v6 (B (v30 (z v30) z B))) (S x (S z) K) (B (K S)) (I z)) (x B (z (z I (B (x (K (x v27)))))) (S (z z) (x (z (K (B (v28 (B I))))))) (x S)) x (S v24 v22 K (S K) (B (z I) (I B (K B) x (x (B (x B)) x) (I (S (x x)) (z B I)))) (B (z (B I S (K (x x) K (K (v7 I)) S B (v3 z v19 I))))))
x z I B (S K B) (K v6 (B (v30 (z v30) z B)) (B (K S)) (I z)) (x B (z (z I (B (x (K (x v27)))))) (S (z z) (x (z (K (B (v28 (B I))))))) (x S)) x (S v24 v22 K (S K) (B (z I) (I B (K B) x (x (B (x B)) x) (I (S (x x)) (z B I)))) (B (z (B I S (K (x x) K (K (v7 I)) S B (v3 z v19 I))))))
x z I B (S K B) (v6 (B (K S)) (I z)) (x B (z (z I (B (x (K (x v27)))))) (S (z z) (x (z (K (B (v28 (B I))))))) (x S)) x (S v24 v22 K (S K) (B (z I) (I B (K B) x (x (B (x B)) x) (I (S (x x)) (z B I)))) (B (z (B I S (K (x x) K (K (v7 I)) S B (v3 z v19 I))))))
x z I B (S K B) (v6 (B (K S)) z) (x B (z (z I (B (x (K (x v27)))))) (S (z z) (x (z (K (B (v28 (B I))))))) (x S)) x (S v24 v22 K (S K) (B (z I) (I B (K B) x (x (B (x B)) x) (I (S (x x)) (z B I)))) (B (z (B I S (K (x x) K (K (v7 I)) S B (v3 z v19 I))))))
x z I B (S K B) (v6 (B (K S)) z) (x B (z (z I (B (x (K (x v27)))))) (S (z z) (x (z (K (B (v28 (B I))))))) (x S)) x (v24 K (v22 K) (S K) (B (z I) (I B (K B) x (x (B (x B)) x) (I (S (x x)) (z B I)))) (B (z (B I S (K (x x) K (K (v7 I)) S B (v3 z v19 I))))))
x z I B (S K B) (v6 (B (K S)) z) (x B (z (z I (B (x (K (x v27)))))) (S (z z) (x (z (K (B (v28 (B I))))))) (x S)) x (v24 K (v22 K) (S K) (B (z I) (B (K B) x (x (B (x B)) x) (I (S (x x)) (z B I)))) (B (z (B I S (K (x x) K (K (v7 I)) S B (v3 z v19 I))))))
x z I B (S K B) (v6 (B (K S)) z) (x B (z (z I (B (x (K (x v27)))))) (S (z z) (x (z (K (B (v28 (B I))))))) (x S)) x (v24 K (v22 K) (S K) (B (z I) (K B (x (x (B (x B)) x)) (I (S (x x)) (z B I)))) (B (z (B I S (K (x x) K (K (v7 I)) S B (v3 z v19 I))))))
x z I B (S K B) (v6 (B (K S)) z) (x B (z (z I (B (x (K (x v27)))))) (S (z z) (x (z (K (B (v28 (B I))))))) (x S)) x (v24 K (v22 K) (S K) (B (z I) (B (I (S (x x)) (z B I)))) (B (z (B I S (K (x x) K (K (v7 I)) S B (v3 z v19 I))))))
x z I B (S K B) (v6 (B (K S)) z) (x B (z (z I (B (x (K (x v27)))))) (S (z z) (x (z (K (B (v28 (B I))))))) (x S)) x (v24 K (v22 K) (S K) (B (z I) (B (S (x x) (z B I)))) (B (z (B I S (K (x x) K (K (v7 I)) S B (v3 z v19 I))))))
x z I B (S K B) (v6 (B (K S)) z) (x B (z (z I (B (x (K (x v27)))))) (S (z z) (x (z (K (B (v28 (B I))))))) (x S)) x (v24 K (v22 K) (S K) (B (z I) (B (S (x x) (z B I)))) (B (z (I (S (K (x x) K (K (v7 I)) S B (v3 z v19 I)))))))
x z I B (S K B) (v6 (B (K S)) z) (x B (z (z I (B (x (K (x v27)))))) (S (z z) (x (z (K (B (v28 (B I))))))) (x S)) x (v24 K (v22 K) (S K) (B (z I) (B (S (x x) (z B I)))) (B (z (S (K (x x) K (K (v7 I)) S B (v3 z v19 I))))))
x z I B (S K B) (v6 (B (K S)) z) (x B (z (z I (B (x (K (x v27)))))) (S (z z) (x (z (K (B (v28 (B I))))))) (x S)) x (v24 K (v22 K) (S K) (B (z I) (B (S (x x) (z B I)))) (B (z (S (x x (K (v7 I)) S B (v3 z v19 I))))))
I (z S z x)
z S z x
S (v17 I x K)
S
K B (S K) K (B (z x))
B K (B (z x))
