z (z I (z (B (S (v27 B (v11 K S) v21)))))
x K x B (B (x I))
I (S v28) (v15 B) (v18 z (x x) (S (z S))) I (K (v3 (z S) (z K) (x z (z (I B) z) (v21 S x)))) (v11 S)
S v28 (v15 B) (v18 z (x x) (S (z S))) I (K (v3 (z S) (z K) (x z (z (I B) z) (v21 S x)))) (v11 S)
v28 (v18 z (x x) (S (z S))) (v15 B (v18 z (x x) (S (z S)))) I (K (v3 (z S) (z K) (x z (z (I B) z) (v21 S x)))) (v11 S)
v28 (v18 z (x x) (S (z S))) (v15 B (v18 z (x x) (S (z S)))) I (K (v3 (z S) (z K) (x z (z B z) (v21 S x)))) (v11 S)
z (x (x (I I v15) (v15 (S B B) (B B (B (v8 I (K K v8)))))) (v5 S B (x (z (B B) x (z (I (S K))))) (x (I (S B S) (S S (I (x v16))))))) (S (z (z B) (K v8 S (z v17) S) (B (x I x v10))) (v9 (K (S (K v29))) (x v25 S) B) (z z)) S
z (x (x (I v15) (v15 (S B B) (B B (B (v8 I (K K v8)))))) (v5 S B (x (z (B B) x (z (I (S K))))) (x (I (S B S) (S S (I (x v16))))))) (S (z (z B) (K v8 S (z v17) S) (B (x I x v10))) (v9 (K (S (K v29))) (x v25 S) B) (z z)) S
z (x (x v15 (v15 (S B B) (B B (B (v8 I (K K v8)))))) (v5 S B (x (z (B B) x (z (I (S K))))) (x (I (S B S) (S S (I (x v16))))))) (S (z (z B) (K v8 S (z v17) S) (B (x I x v10))) (v9 (K (S (K v29))) (x v25 S) B) (z z)) S
z (x (x v15 (v15 (S B B) (B B (B (v8 I K))))) (v5 S B (x (z (B B) x (z (I (S K))))) (x (I (S B S) (S S (I (x v16))))))) (S (z (z B) (K v8 S (z v17) S) (B (x I x v10))) (v9 (K (S (K v29))) (x v25 S) B) (z z)) S
z (x (x v15 (v15 (S B B) (B B (B (v8 I K))))) (v5 S B (x (z (B B) x (z (S K)))) (x (I (S B S) (S S (I (x v16))))))) (S (z (z B) (K v8 S (z v17) S) (B (x I x v10))) (v9 (K (S (K v29))) (x v25 S) B) (z z)) S
z (x (x v15 (v15 (S B B) (B B (B (v8 I K))))) (v5 S B (x (z (B B) x (z (S K)))) (x (S B S (S S (I (x v16))))))) (S (z (z B) (K v8 S (z v17) S) (B (x I x v10))) (v9 (K (S (K v29))) (x v25 S) B) (z z)) S
z (x (x v15 (v15 (S B B) (B B (B (v8 I K))))) (v5 S B (x (z (B B) x (z (S K)))) (x (B (S S (I (x v16))) (S (S S (I (x v16)))))))) (S (z (z B) (K v8 S (z v17) S) (B (x I x v10))) (v9 (K (S (K v29))) (x v25 S) B) (z z)) S
z (x (x v15 (v15 (S B B) (B B (B (v8 I K))))) (v5 S B (x (z (B B) x (z (S K)))) (x (B (S S (x v16)) (S (S S (I (x v16)))))))) (S (z (z B) (K v8 S (z v17) S) (B (x I x v10))) (v9 (K (S (K v29))) (x v25 S) B) (z z)) S
z (x (x v15 (v15 (S B B) (B B (B (v8 I K))))) (v5 S B (x (z (B B) x (z (S K)))) (x (B (S S (x v16)) (S (S S (x v16))))))) (S (z (z B) (K v8 S (z v17) S) (B (x I x v10))) (v9 (K (S (K v29))) (x v25 S) B) (z z)) S
z (x (x v15 (v15 (S B B) (B B (B (v8 I K))))) (v5 S B (x (z (B B) x (z (S K)))) (x (B (S S (x v16)) (S (S S (x v16))))))) (z (z B) (K v8 S (z v17) S) (B (x I x v10)) (z z) (v9 (K (S (K v29))) (x v25 S) B (z z))) S
z (x (x v15 (v15 (S B B) (B B (B (v8 I K))))) (v5 S B (x (z (B B) x (z (S K)))) (x (B (S S (x v16)) (S (S S (x v16))))))) (z (z B) (v8 (z v17) S) (B (x I x v10)) (z z) (v9 (K (S (K v29))) (x v25 S) B (z z))) S
x (K (B (K v3) (S (z I))) (K K) (z (x (K (v17 B x)) x B (v8 v7)))) (I (x I) (z (z S (K (K x) (B B x (I x)) (z B) (K (B K) S) x (S (K K) (S v24 z))))))
x (B (K v3) (S (z I)) (z (x (K (v17 B x)) x B (v8 v7)))) (I (x I) (z (z S (K (K x) (B B x (I x)) (z B) (K (B K) S) x (S (K K) (S v24 z))))))
x (K v3 (S (z I) (z (x (K (v17 B x)) x B (v8 v7))))) (I (x I) (z (z S (K (K x) (B B x (I x)) (z B) (K (B K) S) x (S (K K) (S v24 z))))))
x v3 (I (x I) (z (z S (K (K x) (B B x (I x)) (z B) (K (B K) S) x (S (K K) (S v24 z))))))
x v3 (x I (z (z S (K (K x) (B B x (I x)) (z B) (K (B K) S) x (S (K K) (S v24 z))))))
x v3 (x I (z (z S (K x (z B) (K (B K) S) x (S (K K) (S v24 z))))))
x v3 (x I (z (z S (x (K (B K) S) x (S (K K) (S v24 z))))))
x v3 (x I (z (z S (x (B K) x (S (K K) (S v24 z))))))
I (S (v19 I v18 (z z))) (x (S (z z v18 B) z S x (B (z I) x) v2)) (I (v14 B K x z) (K (K (I (B (B S) (v0 K v26 v23)) (K (S (v30 B z)))) z)) (K (I I) z (K I) S (x K) B (I (z I))) (x x (S (K v1))))
S (v19 I v18 (z z)) (x (S (z z v18 B) z S x (B (z I) x) v2)) (I (v14 B K x z) (K (K (I (B (B S) (v0 K v26 v23)) (K (S (v30 B z)))) z)) (K (I I) z (K I) S (x K) B (I (z I))) (x x (S (K v1))))
v19 I v18 (z z) (I (v14 B K x z) (K (K (I (B (B S) (v0 K v26 v23)) (K (S (v30 B z)))) z)) (K (I I) z (K I) S (x K) B (I (z I))) (x x (S (K v1)))) (x (S (z z v18 B) z S x (B (z I) x) v2) (I (v14 B K x z) (K (K (I (B (B S) (v0 K v26 v23)) (K (S (v30 B z)))) z)) (K (I I) z (K I) S (x K) B (I (z I))) (x x (S (K v1)))))
v19 I v18 (z z) (v14 B K x z (K (K (I (B (B S) (v0 K v26 v23)) (K (S (v30 B z)))) z)) (K (I I) z (K I) S (x K) B (I (z I))) (x x (S (K v1)))) (x (S (z z v18 B) z S x (B (z I) x) v2) (I (v14 B K x z) (K (K (I (B (B S) (v0 K v26 v23)) (K (S (v30 B z)))) z)) (K (I I) z (K I) S (x K) B (I (z I))) (x x (S (K v1)))))
v19 I v18 (z z) (v14 B K x z (K (I (B (B S) (v0 K v26 v23)) (K (S (v30 B z))))) (K (I I) z (K I) S (x K) B (I (z I))) (x x (S (K v1)))) (x (S (z z v18 B) z S x (B (z I) x) v2) (I (v14 B K x z) (K (K (I (B (B S) (v0 K v26 v23)) (K (S (v30 B z)))) z)) (K (I I) z (K I) S (x K) B (I (z I))) (x x (S (K v1)))))
v19 I v18 (z z) (v14 B K x z (K (B (B S) (v0 K v26 v23) (K (S (v30 B z))))) (K (I I) z (K I) S (x K) B (I (z I))) (x x (S (K v1)))) (x (S (z z v18 B) z S x (B (z I) x) v2) (I (v14 B K x z) (K (K (I (B (B S) (v0 K v26 v23)) (K (S (v30 B z)))) z)) (K (I I) z (K I) S (x K) B (I (z I))) (x x (S (K v1)))))
v19 I v18 (z z) (v14 B K x z (K (B S (v0 K v26 v23 (K (S (v30 B z)))))) (K (I I) z (K I) S (x K) B (I (z I))) (x x (S (K v1)))) (x (S (z z v18 B) z S x (B (z I) x) v2) (I (v14 B K x z) (K (K (I (B (B S) (v0 K v26 v23)) (K (S (v30 B z)))) z)) (K (I I) z (K I) S (x K) B (I (z I))) (x x (S (K v1)))))
v19 I v18 (z z) (v14 B K x z (K (B S (v0 K v26 v23 (K (S (v30 B z)))))) (I I (K I) S (x K) B (I (z I))) (x x (S (K v1)))) (x (S (z z v18 B) z S x (B (z I) x) v2) (I (v14 B K x z) (K (K (I (B (B S) (v0 K v26 v23)) (K (S (v30 B z)))) z)) (K (I I) z (K I) S (x K) B (I (z I))) (x x (S (K v1)))))
v19 I v18 (z z) (v14 B K x z (K (B S (v0 K v26 v23 (K (S (v30 B z)))))) (I (K I) S (x K) B (I (z I))) (x x (S (K v1)))) (x (S (z z v18 B) z S x (B (z I) x) v2) (I (v14 B K x z) (K (K (I (B (B S) (v0 K v26 v23)) (K (S (v30 B z)))) z)) (K (I I) z (K I) S (x K) B (I (z I))) (x x (S (K v1)))))
v19 I v18 (z z) (v14 B K x z (K (B S (v0 K v26 v23 (K (S (v30 B z)))))) (K I S (x K) B (I (z I))) (x x (S (K v1)))) (x (S (z z v18 B) z S x (B (z I) x) v2) (I (v14 B K x z) (K (K (I (B (B S) (v0 K v26 v23)) (K (S (v30 B z)))) z)) (K (I I) z (K I) S (x K) B (I (z I))) (x x (S (K v1)))))
v19 I v18 (z z) (v14 B K x z (K (B S (v0 K v26 v23 (K (S (v30 B z)))))) (I (x K) B (I (z I))) (x x (S (K v1)))) (x (S (z z v18 B) z S x (B (z I) x) v2) (I (v14 B K x z) (K (K (I (B (B S) (v0 K v26 v23)) (K (S (v30 B z)))) z)) (K (I I) z (K I) S (x K) B (I (z I))) (x x (S (K v1)))))
v19 I v18 (z z) (v14 B K x z (K (B S (v0 K v26 v23 (K (S (v30 B z)))))) (x K B (I (z I))) (x x (S (K v1)))) (x (S (z z v18 B) z S x (B (z I) x) v2) (I (v14 B K x z) (K (K (I (B (B S) (v0 K v26 v23)) (K (S (v30 B z)))) z)) (K (I I) z (K I) S (x K) B (I (z I))) (x x (S (K v1)))))
v19 I v18 (z z) (v14 B K x z (K (B S (v0 K v26 v23 (K (S (v30 B z)))))) (x K B (z I)) (x x (S (K v1)))) (x (S (z z v18 B) z S x (B (z I) x) v2) (I (v14 B K x z) (K (K (I (B (B S) (v0 K v26 v23)) (K (S (v30 B z)))) z)) (K (I I) z (K I) S (x K) B (I (z I))) (x x (S (K v1)))))
v19 I v18 (z z) (v14 B K x z (K (B S (v0 K v26 v23 (K (S (v30 B z)))))) (x K B (z I)) (x x (S (K v1)))) (x (z z v18 B S (z S) x (B (z I) x) v2) (I (v14 B K x z) (K (K (I (B (B S) (v0 K v26 v23)) (K (S (v30 B z)))) z)) (K (I I) z (K I) S (x K) B (I (z I))) (x x (S (K v1)))))
v19 I v18 (z z) (v14 B K x z (K (B S (v0 K v26 v23 (K (S (v30 B z)))))) (x K B (z I)) (x x (S (K v1)))) (x (z z v18 B S (z S) x (B (z I) x) v2) (v14 B K x z (K (K (I (B (B S) (v0 K v26 v23)) (K (S (v30 B z)))) z)) (K (I I) z (K I) S (x K) B (I (z I))) (x x (S (K v1)))))
v19 I v18 (z z) (v14 B K x z (K (B S (v0 K v26 v23 (K (S (v30 B z)))))) (x K B (z I)) (x x (S (K v1)))) (x (z z v18 B S (z S) x (B (z I) x) v2) (v14 B K x z (K (I (B (B S) (v0 K v26 v23)) (K (S (v30 B z))))) (K (I I) z (K I) S (x K) B (I (z I))) (x x (S (K v1)))))
v19 I v18 (z z) (v14 B K x z (K (B S (v0 K v26 v23 (K (S (v30 B z)))))) (x K B (z I)) (x x (S (K v1)))) (x (z z v18 B S (z S) x (B (z I) x) v2) (v14 B K x z (K (B (B S) (v0 K v26 v23) (K (S (v30 B z))))) (K (I I) z (K I) S (x K) B (I (z I))) (x x (S (K v1)))))
v19 I v18 (z z) (v14 B K x z (K (B S (v0 K v26 v23 (K (S (v30 B z)))))) (x K B (z I)) (x x (S (K v1)))) (x (z z v18 B S (z S) x (B (z I) x) v2) (v14 B K x z (K (B S (v0 K v26 v23 (K (S (v30 B z)))))) (K (I I) z (K I) S (x K) B (I (z I))) (x x (S (K v1)))))
v19 I v18 (z z) (v14 B K x z (K (B S (v0 K v26 v23 (K (S (v30 B z)))))) (x K B (z I)) (x x (S (K v1)))) (x (z z v18 B S (z S) x (B (z I) x) v2) (v14 B K x z (K (B S (v0 K v26 v23 (K (S (v30 B z)))))) (I I (K I) S (x K) B (I (z I))) (x x (S (K v1)))))
v19 I v18 (z z) (v14 B K x z (K (B S (v0 K v26 v23 (K (S (v30 B z)))))) (x K B (z I)) (x x (S (K v1)))) (x (z z v18 B S (z S) x (B (z I) x) v2) (v14 B K x z (K (B S (v0 K v26 v23 (K (S (v30 B z)))))) (I (K I) S (x K) B (I (z I))) (x x (S (K v1)))))
v19 I v18 (z z) (v14 B K x z (K (B S (v0 K v26 v23 (K (S (v30 B z)))))) (x K B (z I)) (x x (S (K v1)))) (x (z z v18 B S (z S) x (B (z I) x) v2) (v14 B K x z (K (B S (v0 K v26 v23 (K (S (v30 B z)))))) (K I S (x K) B (I (z I))) (x x (S (K v1)))))
v19 I v18 (z z) (v14 B K x z (K (B S (v0 K v26 v23 (K (S (v30 B z)))))) (x K B (z I)) (x x (S (K v1)))) (x (z z v18 B S (z S) x (B (z I) x) v2) (v14 B K x z (K (B S (v0 K v26 v23 (K (S (v30 B z)))))) (I (x K) B (I (z I))) (x x (S (K v1)))))
v19 I v18 (z z) (v14 B K x z (K (B S (v0 K v26 v23 (K (S (v30 B z)))))) (x K B (z I)) (x x (S (K v1)))) (x (z z v18 B S (z S) x (B (z I) x) v2) (v14 B K x z (K (B S (v0 K v26 v23 (K (S (v30 B z)))))) (x K B (I (z I))) (x x (S (K v1)))))
v19 I v18 (z z) (v14 B K x z (K (B S (v0 K v26 v23 (K (S (v30 B z)))))) (x K B (z I)) (x x (S (K v1)))) (x (z z v18 B S (z S) x (B (z I) x) v2) (v14 B K x z (K (B S (v0 K v26 v23 (K (S (v30 B z)))))) (x K B (z I)) (x x (S (K v1)))))
z (I I z I I S (x (v26 S x (S v23))) S) (K (S (v20 x))) (x v7) B (S (S (B x x) (v3 I)) (x B)) (v3 (I (x (x (x (B z S))))) (S (K (x z) S z (I z) (I S) (S I)))) (B (v20 v21) (S (v24 x (I x (z (S (K K) v12))) (z x (B K (B K v23)) v26)) (x (S B (v5 (x v8 K (I z)))))))
z (I z I I S (x (v26 S x (S v23))) S) (K (S (v20 x))) (x v7) B (S (S (B x x) (v3 I)) (x B)) (v3 (I (x (x (x (B z S))))) (S (K (x z) S z (I z) (I S) (S I)))) (B (v20 v21) (S (v24 x (I x (z (S (K K) v12))) (z x (B K (B K v23)) v26)) (x (S B (v5 (x v8 K (I z)))))))
z (z I I S (x (v26 S x (S v23))) S) (K (S (v20 x))) (x v7) B (S (S (B x x) (v3 I)) (x B)) (v3 (I (x (x (x (B z S))))) (S (K (x z) S z (I z) (I S) (S I)))) (B (v20 v21) (S (v24 x (I x (z (S (K K) v12))) (z x (B K (B K v23)) v26)) (x (S B (v5 (x v8 K (I z)))))))
z (z I I S (x (v26 S x (S v23))) S) (K (S (v20 x))) (x v7) B (S (S (B x x) (v3 I)) (x B)) (v3 (x (x (x (B z S)))) (S (K (x z) S z (I z) (I S) (S I)))) (B (v20 v21) (S (v24 x (I x (z (S (K K) v12))) (z x (B K (B K v23)) v26)) (x (S B (v5 (x v8 K (I z)))))))
z (z I I S (x (v26 S x (S v23))) S) (K (S (v20 x))) (x v7) B (S (S (B x x) (v3 I)) (x B)) (v3 (x (x (x (B z S)))) (S (x z z (I z) (I S) (S I)))) (B (v20 v21) (S (v24 x (I x (z (S (K K) v12))) (z x (B K (B K v23)) v26)) (x (S B (v5 (x v8 K (I z)))))))
z (z I I S (x (v26 S x (S v23))) S) (K (S (v20 x))) (x v7) B (S (S (B x x) (v3 I)) (x B)) (v3 (x (x (x (B z S)))) (S (x z z z (I S) (S I)))) (B (v20 v21) (S (v24 x (I x (z (S (K K) v12))) (z x (B K (B K v23)) v26)) (x (S B (v5 (x v8 K (I z)))))))
z (z I I S (x (v26 S x (S v23))) S) (K (S (v20 x))) (x v7) B (S (S (B x x) (v3 I)) (x B)) (v3 (x (x (x (B z S)))) (S (x z z z S (S I)))) (B (v20 v21) (S (v24 x (I x (z (S (K K) v12))) (z x (B K (B K v23)) v26)) (x (S B (v5 (x v8 K (I z)))))))
z (z I I S (x (v26 S x (S v23))) S) (K (S (v20 x))) (x v7) B (S (S (B x x) (v3 I)) (x B)) (v3 (x (x (x (B z S)))) (S (x z z z S (S I)))) (B (v20 v21) (S (v24 x (x (z (S (K K) v12))) (z x (B K (B K v23)) v26)) (x (S B (v5 (x v8 K (I z)))))))
z (z I I S (x (v26 S x (S v23))) S) (K (S (v20 x))) (x v7) B (S (S (B x x) (v3 I)) (x B)) (v3 (x (x (x (B z S)))) (S (x z z z S (S I)))) (B (v20 v21) (S (v24 x (x (z (S (K K) v12))) (z x (B K (B K v23)) v26)) (x (S B (v5 (x v8 K z))))))
I (B (K (v21 v30) (S K I))) (z v4 (z K v10)) (S (B (K B)) v12 K S (v13 K)) (x (x K B I) (x (I I S (I z I)) (S K (S v9) (K (v8 (I S)) K) (z (I v25) (z z) (K z) x B))))
B (K (v21 v30) (S K I)) (z v4 (z K v10)) (S (B (K B)) v12 K S (v13 K)) (x (x K B I) (x (I I S (I z I)) (S K (S v9) (K (v8 (I S)) K) (z (I v25) (z z) (K z) x B))))
K (v21 v30) (S K I) (z v4 (z K v10) (S (B (K B)) v12 K S (v13 K))) (x (x K B I) (x (I I S (I z I)) (S K (S v9) (K (v8 (I S)) K) (z (I v25) (z z) (K z) x B))))
v21 v30 (z v4 (z K v10) (S (B (K B)) v12 K S (v13 K))) (x (x K B I) (x (I I S (I z I)) (S K (S v9) (K (v8 (I S)) K) (z (I v25) (z z) (K z) x B))))
v21 v30 (z v4 (z K v10) (B (K B) K (v12 K) S (v13 K))) (x (x K B I) (x (I I S (I z I)) (S K (S v9) (K (v8 (I S)) K) (z (I v25) (z z) (K z) x B))))
v21 v30 (z v4 (z K v10) (K B (K (v12 K)) S (v13 K))) (x (x K B I) (x (I I S (I z I)) (S K (S v9) (K (v8 (I S)) K) (z (I v25) (z z) (K z) x B))))
v21 v30 (z v4 (z K v10) (B S (v13 K))) (x (x K B I) (x (I I S (I z I)) (S K (S v9) (K (v8 (I S)) K) (z (I v25) (z z) (K z) x B))))
v21 v30 (z v4 (z K v10) (B S (v13 K))) (x (x K B I) (x (I S (I z I)) (S K (S v9) (K (v8 (I S)) K) (z (I v25) (z z) (K z) x B))))
v21 v30 (z v4 (z K v10) (B S (v13 K))) (x (x K B I) (x (S (I z I)) (S K (S v9) (K (v8 (I S)) K) (z (I v25) (z z) (K z) x B))))
v21 v30 (z v4 (z K v10) (B S (v13 K))) (x (x K B I) (x (S (z I)) (S K (S v9) (K (v8 (I S)) K) (z (I v25) (z z) (K z) x B))))
v21 v30 (z v4 (z K v10) (B S (v13 K))) (x (x K B I) (x (S (z I)) (K (K (v8 (I S)) K) (S v9 (K (v8 (I S)) K)) (z (I v25) (z z) (K z) x B))))
v21 v30 (z v4 (z K v10) (B S (v13 K))) (x (x K B I) (x (S (z I)) (K (v8 (I S)) K (z (I v25) (z z) (K z) x B))))
v21 v30 (z v4 (z K v10) (B S (v13 K))) (x (x K B I) (x (S (z I)) (v8 (I S) (z (I v25) (z z) (K z) x B))))
v21 v30 (z v4 (z K v10) (B S (v13 K))) (x (x K B I) (x (S (z I)) (v8 S (z (I v25) (z z) (K z) x B))))
v21 v30 (z v4 (z K v10) (B S (v13 K))) (x (x K B I) (x (S (z I)) (v8 S (z v25 (z z) (K z) x B))))
S (S I)
v10 B (x (x (B (z I)) (K v6 v8)) (B K))
v10 B (x (x (B (z I)) v6) (B K))
