x B
B (I (x (B x) v0 (K K)))
B (x (B x) v0 (K K))
x (B (B K (K (S K)) (K v0))) S (S z (B (I I) (I (K (I v30)))) z (z z (B z)) (I (B K)) K)
x (B (K (K (S K) (K v0)))) S (S z (B (I I) (I (K (I v30)))) z (z z (B z)) (I (B K)) K)
x (B (K (S K))) S (S z (B (I I) (I (K (I v30)))) z (z z (B z)) (I (B K)) K)
x (B (K (S K))) S (z z (B (I I) (I (K (I v30))) z) (z z (B z)) (I (B K)) K)
x (B (K (S K))) S (z z (I I (I (K (I v30)) z)) (z z (B z)) (I (B K)) K)
x (B (K (S K))) S (z z (I (I (K (I v30)) z)) (z z (B z)) (I (B K)) K)
x (B (K (S K))) S (z z (I (K (I v30)) z) (z z (B z)) (I (B K)) K)
x (B (K (S K))) S (z z (K (I v30) z) (z z (B z)) (I (B K)) K)
x (B (K (S K))) S (z z (I v30) (z z (B z)) (I (B K)) K)
x (B (K (S K))) S (z z v30 (z z (B z)) (I (B K)) K)
x (B (K (S K))) S (z z v30 (z z (B z)) (B K) K)
I S z
S z
I (x K) (I (v20 B) B) (B (x v4) (v20 B B)) B (v3 v23)
x K (I (v20 B) B) (B (x v4) (v20 B B)) B (v3 v23)
x K (v20 B B) (B (x v4) (v20 B B)) B (v3 v23)
I z v17 (v11 (S v19 S x (S x (z x)) K) (v21 (S B) z v23 S v8 (B I (v8 B B x) (z (I I x x)))))
z v17 (v11 (S v19 S x (S x (z x)) K) (v21 (S B) z v23 S v8 (B I (v8 B B x) (z (I I x x)))))
z v17 (v11 (v19 x (S x) (S x (z x)) K) (v21 (S B) z v23 S v8 (B I (v8 B B x) (z (I I x x)))))
z v17 (v11 (v19 x (S x) (S x (z x)) K) (v21 (S B) z v23 S v8 (I (v8 B B x (z (I I x x))))))
z v17 (v11 (v19 x (S x) (S x (z x)) K) (v21 (S B) z v23 S v8 (v8 B B x (z (I I x x)))))
z v17 (v11 (v19 x (S x) (S x (z x)) K) (v21 (S B) z v23 S v8 (v8 B B x (z (I x x)))))
z v17 (v11 (v19 x (S x) (S x (z x)) K) (v21 (S B) z v23 S v8 (v8 B B x (z (x x)))))
v11 (x (z K)) z
I (B (B S) (S z (z (z (z (K x) S) (K (x B)))))) S (x (I (I (v1 (K S (x S))) z I I (v19 K z))))
B (B S) (S z (z (z (z (K x) S) (K (x B))))) S (x (I (I (v1 (K S (x S))) z I I (v19 K z))))
B S (S z (z (z (z (K x) S) (K (x B)))) S) (x (I (I (v1 (K S (x S))) z I I (v19 K z))))
S (S z (z (z (z (K x) S) (K (x B)))) S (x (I (I (v1 (K S (x S))) z I I (v19 K z)))))
S (z S (z (z (z (K x) S) (K (x B))) S) (x (I (I (v1 (K S (x S))) z I I (v19 K z)))))
S (z S (z (z (z (K x) S) (K (x B))) S) (x (I (v1 (K S (x S))) z I I (v19 K z))))
S (z S (z (z (z (K x) S) (K (x B))) S) (x (v1 (K S (x S)) z I I (v19 K z))))
S (z S (z (z (z (K x) S) (K (x B))) S) (x (v1 S z I I (v19 K z))))
v20 (z (I (K z (I (I I (I B K)) z)) (v13 (I I) I)))
v20 (z (K z (I (I I (I B K)) z) (v13 (I I) I)))
v20 (z (z (v13 (I I) I)))
v20 (z (z (v13 I I)))
v29 (K B (B K)) (v22 z)
v29 B (v22 z)
