B S (v22 (B K)) S (I (S (S (B B (x (K K (v5 z)))))) x) (x (z x v0)) (B (K (S (x (v18 (B x I) x)))) (I S (B (B B (v15 S I S z) (I (z z)))) (v10 (B S))))
S (v22 (B K) S) (I (S (S (B B (x (K K (v5 z)))))) x) (x (z x v0)) (B (K (S (x (v18 (B x I) x)))) (I S (B (B B (v15 S I S z) (I (z z)))) (v10 (B S))))
v22 (B K) S (x (z x v0)) (I (S (S (B B (x (K K (v5 z)))))) x (x (z x v0))) (B (K (S (x (v18 (B x I) x)))) (I S (B (B B (v15 S I S z) (I (z z)))) (v10 (B S))))
v22 (B K) S (x (z x v0)) (S (S (B B (x (K K (v5 z))))) x (x (z x v0))) (B (K (S (x (v18 (B x I) x)))) (I S (B (B B (v15 S I S z) (I (z z)))) (v10 (B S))))
v22 (B K) S (x (z x v0)) (S (B B (x (K K (v5 z)))) (x (z x v0)) (x (x (z x v0)))) (B (K (S (x (v18 (B x I) x)))) (I S (B (B B (v15 S I S z) (I (z z)))) (v10 (B S))))
v22 (B K) S (x (z x v0)) (B B (x (K K (v5 z))) (x (x (z x v0))) (x (z x v0) (x (x (z x v0))))) (B (K (S (x (v18 (B x I) x)))) (I S (B (B B (v15 S I S z) (I (z z)))) (v10 (B S))))
v22 (B K) S (x (z x v0)) (B (x (K K (v5 z)) (x (x (z x v0)))) (x (z x v0) (x (x (z x v0))))) (B (K (S (x (v18 (B x I) x)))) (I S (B (B B (v15 S I S z) (I (z z)))) (v10 (B S))))
v22 (B K) S (x (z x v0)) (B (x K (x (x (z x v0)))) (x (z x v0) (x (x (z x v0))))) (B (K (S (x (v18 (B x I) x)))) (I S (B (B B (v15 S I S z) (I (z z)))) (v10 (B S))))
v22 (B K) S (x (z x v0)) (B (x K (x (x (z x v0)))) (x (z x v0) (x (x (z x v0))))) (B (K (S (x (v18 (B x I) x)))) (S (B (B B (v15 S I S z) (I (z z)))) (v10 (B S))))
v22 (B K) S (x (z x v0)) (B (x K (x (x (z x v0)))) (x (z x v0) (x (x (z x v0))))) (B (K (S (x (v18 (B x I) x)))) (S (B (B (v15 S I S z (I (z z))))) (v10 (B S))))
v22 (B K) S (x (z x v0)) (B (x K (x (x (z x v0)))) (x (z x v0) (x (x (z x v0))))) (B (K (S (x (v18 (B x I) x)))) (S (B (B (v15 S I S z (z z)))) (v10 (B S))))
B S K
K (B I)
B
S (x (K (I (B (K (v5 (I x))) z)) (K z (K S) x I) (I (x v20 (I (K K)) (I x))) (B (S (z K)) (S v14)))) (B (v13 x (I K (K (K B))) S (x (I (z S) S z) (B (v15 K x z)) z v28)))
S (x (I (B (K (v5 (I x))) z) (I (x v20 (I (K K)) (I x))) (B (S (z K)) (S v14)))) (B (v13 x (I K (K (K B))) S (x (I (z S) S z) (B (v15 K x z)) z v28)))
S (x (B (K (v5 (I x))) z (I (x v20 (I (K K)) (I x))) (B (S (z K)) (S v14)))) (B (v13 x (I K (K (K B))) S (x (I (z S) S z) (B (v15 K x z)) z v28)))
S (x (K (v5 (I x)) (z (I (x v20 (I (K K)) (I x)))) (B (S (z K)) (S v14)))) (B (v13 x (I K (K (K B))) S (x (I (z S) S z) (B (v15 K x z)) z v28)))
S (x (v5 (I x) (B (S (z K)) (S v14)))) (B (v13 x (I K (K (K B))) S (x (I (z S) S z) (B (v15 K x z)) z v28)))
S (x (v5 x (B (S (z K)) (S v14)))) (B (v13 x (I K (K (K B))) S (x (I (z S) S z) (B (v15 K x z)) z v28)))
S (x (v5 x (B (S (z K)) (S v14)))) (B (v13 x (K (K (K B))) S (x (I (z S) S z) (B (v15 K x z)) z v28)))
S (x (v5 x (B (S (z K)) (S v14)))) (B (v13 x (K (K (K B))) S (x (z S S z) (B (v15 K x z)) z v28)))
I B v2 (z (K v18 (v27 (K (z (B v1))) (v16 K x z))) K (I (K v13)) (x v1)) (z (S (z v30)) I (B v25 x (K (v30 (z S I) v12 I))) (B S (I I (K S (v7 K))) x) v9)
B v2 (z (K v18 (v27 (K (z (B v1))) (v16 K x z))) K (I (K v13)) (x v1)) (z (S (z v30)) I (B v25 x (K (v30 (z S I) v12 I))) (B S (I I (K S (v7 K))) x) v9)
v2 (z (K v18 (v27 (K (z (B v1))) (v16 K x z))) K (I (K v13)) (x v1) (z (S (z v30)) I (B v25 x (K (v30 (z S I) v12 I))) (B S (I I (K S (v7 K))) x) v9))
v2 (z v18 K (I (K v13)) (x v1) (z (S (z v30)) I (B v25 x (K (v30 (z S I) v12 I))) (B S (I I (K S (v7 K))) x) v9))
v2 (z v18 K (K v13) (x v1) (z (S (z v30)) I (B v25 x (K (v30 (z S I) v12 I))) (B S (I I (K S (v7 K))) x) v9))
v2 (z v18 K (K v13) (x v1) (z (S (z v30)) I (v25 (x (K (v30 (z S I) v12 I)))) (B S (I I (K S (v7 K))) x) v9))
v2 (z v18 K (K v13) (x v1) (z (S (z v30)) I (v25 (x (K (v30 (z S I) v12 I)))) (S (I I (K S (v7 K)) x)) v9))
v2 (z v18 K (K v13) (x v1) (z (S (z v30)) I (v25 (x (K (v30 (z S I) v12 I)))) (S (I (K S (v7 K)) x)) v9))
v2 (z v18 K (K v13) (x v1) (z (S (z v30)) I (v25 (x (K (v30 (z S I) v12 I)))) (S (K S (v7 K) x)) v9))
v2 (z v18 K (K v13) (x v1) (z (S (z v30)) I (v25 (x (K (v30 (z S I) v12 I)))) (S (S x)) v9))
x (S S (v13 (z v9 z x)) S (z I) K (v10 (v11 (B (B S)) (K K)) (x K z x (z (v13 B (K (x (I x (I B)))) x))) (K K B K)) (v28 S))
x (S S (v13 (z v9 z x) S) (z I) K (v10 (v11 (B (B S)) (K K)) (x K z x (z (v13 B (K (x (I x (I B)))) x))) (K K B K)) (v28 S))
x (S (z I) (v13 (z v9 z x) S (z I)) K (v10 (v11 (B (B S)) (K K)) (x K z x (z (v13 B (K (x (I x (I B)))) x))) (K K B K)) (v28 S))
x (z I K (v13 (z v9 z x) S (z I) K) (v10 (v11 (B (B S)) (K K)) (x K z x (z (v13 B (K (x (I x (I B)))) x))) (K K B K)) (v28 S))
x (z I K (v13 (z v9 z x) S (z I) K) (v10 (v11 (B (B S)) (K K)) (x K z x (z (v13 B (K (x (x (I B)))) x))) (K K B K)) (v28 S))
x (z I K (v13 (z v9 z x) S (z I) K) (v10 (v11 (B (B S)) (K K)) (x K z x (z (v13 B (K (x (x B))) x))) (K K B K)) (v28 S))
x (z I K (v13 (z v9 z x) S (z I) K) (v10 (v11 (B (B S)) (K K)) (x K z x (z (v13 B (K (x (x B))) x))) (K K)) (v28 S))
B
I x (B S (K (B (I x)) K)) B I
x (B S (K (B (I x)) K)) B I
x (B S (B (I x))) B I
x (B S (B x)) B I
x (I (S I (v25 (B (K z (v6 (x I) (v7 S)))) (z (S K K)) I) (z (v27 I z (S x)) S K)))
x (S I (v25 (B (K z (v6 (x I) (v7 S)))) (z (S K K)) I) (z (v27 I z (S x)) S K))
x (I (z (v27 I z (S x)) S K) (v25 (B (K z (v6 (x I) (v7 S)))) (z (S K K)) I (z (v27 I z (S x)) S K)))
x (z (v27 I z (S x)) S K (v25 (B (K z (v6 (x I) (v7 S)))) (z (S K K)) I (z (v27 I z (S x)) S K)))
x (z (v27 I z (S x)) S K (v25 (B z) (z (S K K)) I (z (v27 I z (S x)) S K)))
