B (S (B (S v18 B) B) (S z (x (z z (S B (z (B B) v8)) (v15 B))) x (x (v16 v25 (B (B z))) (I K x) B (I (I v11)))))
B (S (B (S v18 B) B) (z x (x (z z (S B (z (B B) v8)) (v15 B)) x) (x (v16 v25 (B (B z))) (I K x) B (I (I v11)))))
B (S (B (S v18 B) B) (z x (x (z z (S B (z (B B) v8)) (v15 B)) x) (x (v16 v25 (B (B z))) (K x) B (I (I v11)))))
B (S (B (S v18 B) B) (z x (x (z z (S B (z (B B) v8)) (v15 B)) x) (x (v16 v25 (B (B z))) (K x) B (I v11))))
B (S (B (S v18 B) B) (z x (x (z z (S B (z (B B) v8)) (v15 B)) x) (x (v16 v25 (B (B z))) (K x) B v11)))
S B (B (x (v13 (I v8) (v8 (z K (K B) (I B))) x)) (S v4 z (I v2)) (K (B K (S (B z K)) S) v30)) K
B K (B (x (v13 (I v8) (v8 (z K (K B) (I B))) x)) (S v4 z (I v2)) (K (B K (S (B z K)) S) v30) K)
B K (x (v13 (I v8) (v8 (z K (K B) (I B))) x) (S v4 z (I v2) (K (B K (S (B z K)) S) v30)) K)
B K (x (v13 v8 (v8 (z K (K B) (I B))) x) (S v4 z (I v2) (K (B K (S (B z K)) S) v30)) K)
B K (x (v13 v8 (v8 (z K (K B) B)) x) (S v4 z (I v2) (K (B K (S (B z K)) S) v30)) K)
B K (x (v13 v8 (v8 (z K (K B) B)) x) (v4 (I v2) (z (I v2)) (K (B K (S (B z K)) S) v30)) K)
B K (x (v13 v8 (v8 (z K (K B) B)) x) (v4 v2 (z (I v2)) (K (B K (S (B z K)) S) v30)) K)
B K (x (v13 v8 (v8 (z K (K B) B)) x) (v4 v2 (z v2) (K (B K (S (B z K)) S) v30)) K)
B K (x (v13 v8 (v8 (z K (K B) B)) x) (v4 v2 (z v2) (B K (S (B z K)) S)) K)
B K (x (v13 v8 (v8 (z K (K B) B)) x) (v4 v2 (z v2) (K (S (B z K) S))) K)
S
x
S
z (x (B S)) B (z z K) z (I B x K x) (v4 (B (I x) S) v8 S) (I (I (x S) S I (S (v23 v14)) (B (v22 S) (K (K (x I)) (B K)) v24)))
z (x (B S)) B (z z K) z (B x K x) (v4 (B (I x) S) v8 S) (I (I (x S) S I (S (v23 v14)) (B (v22 S) (K (K (x I)) (B K)) v24)))
z (x (B S)) B (z z K) z (x (K x)) (v4 (B (I x) S) v8 S) (I (I (x S) S I (S (v23 v14)) (B (v22 S) (K (K (x I)) (B K)) v24)))
z (x (B S)) B (z z K) z (x (K x)) (v4 (B x S) v8 S) (I (I (x S) S I (S (v23 v14)) (B (v22 S) (K (K (x I)) (B K)) v24)))
z (x (B S)) B (z z K) z (x (K x)) (v4 (B x S) v8 S) (I (x S) S I (S (v23 v14)) (B (v22 S) (K (K (x I)) (B K)) v24))
z (x (B S)) B (z z K) z (x (K x)) (v4 (B x S) v8 S) (x S S I (S (v23 v14)) (B (v22 S) (K (K (x I)) (B K)) v24))
z (x (B S)) B (z z K) z (x (K x)) (v4 (B x S) v8 S) (x S S I (S (v23 v14)) (v22 S (K (K (x I)) (B K) v24)))
z (x (B S)) B (z z K) z (x (K x)) (v4 (B x S) v8 S) (x S S I (S (v23 v14)) (v22 S (K (x I) v24)))
z (x (B S)) B (z z K) z (x (K x)) (v4 (B x S) v8 S) (x S S I (S (v23 v14)) (v22 S (x I)))
x (z (I v21 (x x)) (x (z B) S I) (B I) v18) (S (K (B z)) x z (I (z S)) B (K (x B (K (K z)))) K) (v19 (K (z v26 x) S (K (z (B z) (I x I x (B v21))))))
x (z (v21 (x x)) (x (z B) S I) (B I) v18) (S (K (B z)) x z (I (z S)) B (K (x B (K (K z)))) K) (v19 (K (z v26 x) S (K (z (B z) (I x I x (B v21))))))
x (z (v21 (x x)) (x (z B) S I) (B I) v18) (K (B z) z (x z) (I (z S)) B (K (x B (K (K z)))) K) (v19 (K (z v26 x) S (K (z (B z) (I x I x (B v21))))))
x (z (v21 (x x)) (x (z B) S I) (B I) v18) (B z (x z) (I (z S)) B (K (x B (K (K z)))) K) (v19 (K (z v26 x) S (K (z (B z) (I x I x (B v21))))))
x (z (v21 (x x)) (x (z B) S I) (B I) v18) (z (x z (I (z S))) B (K (x B (K (K z)))) K) (v19 (K (z v26 x) S (K (z (B z) (I x I x (B v21))))))
x (z (v21 (x x)) (x (z B) S I) (B I) v18) (z (x z (z S)) B (K (x B (K (K z)))) K) (v19 (K (z v26 x) S (K (z (B z) (I x I x (B v21))))))
x (z (v21 (x x)) (x (z B) S I) (B I) v18) (z (x z (z S)) B (K (x B (K (K z)))) K) (v19 (z v26 x (K (z (B z) (I x I x (B v21))))))
x (z (v21 (x x)) (x (z B) S I) (B I) v18) (z (x z (z S)) B (K (x B (K (K z)))) K) (v19 (z v26 x (K (z (B z) (x I x (B v21))))))
v18
S
x (K x) (S (I (S v2) z (S (B (S v19 S) (I K) (I S I) (z (x (x v16 (z B)))) (K K (K v20)))) (I (x x (z x) v19) v9 (v5 (I x)) (K (z B)))))
x (K x) (S (S v2 z (S (B (S v19 S) (I K) (I S I) (z (x (x v16 (z B)))) (K K (K v20)))) (I (x x (z x) v19) v9 (v5 (I x)) (K (z B)))))
x (K x) (S (v2 (S (B (S v19 S) (I K) (I S I) (z (x (x v16 (z B)))) (K K (K v20)))) (z (S (B (S v19 S) (I K) (I S I) (z (x (x v16 (z B)))) (K K (K v20))))) (I (x x (z x) v19) v9 (v5 (I x)) (K (z B)))))
x (K x) (S (v2 (S (S v19 S (I K (I S I)) (z (x (x v16 (z B)))) (K K (K v20)))) (z (S (B (S v19 S) (I K) (I S I) (z (x (x v16 (z B)))) (K K (K v20))))) (I (x x (z x) v19) v9 (v5 (I x)) (K (z B)))))
x (K x) (S (v2 (S (v19 (I K (I S I)) (S (I K (I S I))) (z (x (x v16 (z B)))) (K K (K v20)))) (z (S (B (S v19 S) (I K) (I S I) (z (x (x v16 (z B)))) (K K (K v20))))) (I (x x (z x) v19) v9 (v5 (I x)) (K (z B)))))
x (K x) (S (v2 (S (v19 (K (I S I)) (S (I K (I S I))) (z (x (x v16 (z B)))) (K K (K v20)))) (z (S (B (S v19 S) (I K) (I S I) (z (x (x v16 (z B)))) (K K (K v20))))) (I (x x (z x) v19) v9 (v5 (I x)) (K (z B)))))
x (K x) (S (v2 (S (v19 (K (S I)) (S (I K (I S I))) (z (x (x v16 (z B)))) (K K (K v20)))) (z (S (B (S v19 S) (I K) (I S I) (z (x (x v16 (z B)))) (K K (K v20))))) (I (x x (z x) v19) v9 (v5 (I x)) (K (z B)))))
x (K x) (S (v2 (S (v19 (K (S I)) (S (K (I S I))) (z (x (x v16 (z B)))) (K K (K v20)))) (z (S (B (S v19 S) (I K) (I S I) (z (x (x v16 (z B)))) (K K (K v20))))) (I (x x (z x) v19) v9 (v5 (I x)) (K (z B)))))
x (K x) (S (v2 (S (v19 (K (S I)) (S (K (S I))) (z (x (x v16 (z B)))) (K K (K v20)))) (z (S (B (S v19 S) (I K) (I S I) (z (x (x v16 (z B)))) (K K (K v20))))) (I (x x (z x) v19) v9 (v5 (I x)) (K (z B)))))
x (K x) (S (v2 (S (v19 (K (S I)) (S (K (S I))) (z (x (x v16 (z B)))) K)) (z (S (B (S v19 S) (I K) (I S I) (z (x (x v16 (z B)))) (K K (K v20))))) (I (x x (z x) v19) v9 (v5 (I x)) (K (z B)))))
x (K x) (S (v2 (S (v19 (K (S I)) (S (K (S I))) (z (x (x v16 (z B)))) K)) (z (S (S v19 S (I K (I S I)) (z (x (x v16 (z B)))) (K K (K v20))))) (I (x x (z x) v19) v9 (v5 (I x)) (K (z B)))))
x (K x) (S (v2 (S (v19 (K (S I)) (S (K (S I))) (z (x (x v16 (z B)))) K)) (z (S (v19 (I K (I S I)) (S (I K (I S I))) (z (x (x v16 (z B)))) (K K (K v20))))) (I (x x (z x) v19) v9 (v5 (I x)) (K (z B)))))
x (K x) (S (v2 (S (v19 (K (S I)) (S (K (S I))) (z (x (x v16 (z B)))) K)) (z (S (v19 (K (I S I)) (S (I K (I S I))) (z (x (x v16 (z B)))) (K K (K v20))))) (I (x x (z x) v19) v9 (v5 (I x)) (K (z B)))))
x (K x) (S (v2 (S (v19 (K (S I)) (S (K (S I))) (z (x (x v16 (z B)))) K)) (z (S (v19 (K (S I)) (S (I K (I S I))) (z (x (x v16 (z B)))) (K K (K v20))))) (I (x x (z x) v19) v9 (v5 (I x)) (K (z B)))))
x (K x) (S (v2 (S (v19 (K (S I)) (S (K (S I))) (z (x (x v16 (z B)))) K)) (z (S (v19 (K (S I)) (S (K (I S I))) (z (x (x v16 (z B)))) (K K (K v20))))) (I (x x (z x) v19) v9 (v5 (I x)) (K (z B)))))
x (K x) (S (v2 (S (v19 (K (S I)) (S (K (S I))) (z (x (x v16 (z B)))) K)) (z (S (v19 (K (S I)) (S (K (S I))) (z (x (x v16 (z B)))) (K K (K v20))))) (I (x x (z x) v19) v9 (v5 (I x)) (K (z B)))))
x (K x) (S (v2 (S (v19 (K (S I)) (S (K (S I))) (z (x (x v16 (z B)))) K)) (z (S (v19 (K (S I)) (S (K (S I))) (z (x (x v16 (z B)))) K))) (I (x x (z x) v19) v9 (v5 (I x)) (K (z B)))))
x (K x) (S (v2 (S (v19 (K (S I)) (S (K (S I))) (z (x (x v16 (z B)))) K)) (z (S (v19 (K (S I)) (S (K (S I))) (z (x (x v16 (z B)))) K))) (x x (z x) v19 v9 (v5 (I x)) (K (z B)))))
x (K x) (S (v2 (S (v19 (K (S I)) (S (K (S I))) (z (x (x v16 (z B)))) K)) (z (S (v19 (K (S I)) (S (K (S I))) (z (x (x v16 (z B)))) K))) (x x (z x) v19 v9 (v5 x) (K (z B)))))
