S (I (z (x (B z (B S)) (S S v17) z) z)) (K (K (B x (B K) S) (z (B (z (I (K S) x z)))))) (I (z S x (I (S S) (v29 v10)) B) S) (S I B (I z))
I (z (x (B z (B S)) (S S v17) z) z) (I (z S x (I (S S) (v29 v10)) B) S) (K (K (B x (B K) S) (z (B (z (I (K S) x z))))) (I (z S x (I (S S) (v29 v10)) B) S)) (S I B (I z))
z (x (B z (B S)) (S S v17) z) z (I (z S x (I (S S) (v29 v10)) B) S) (K (K (B x (B K) S) (z (B (z (I (K S) x z))))) (I (z S x (I (S S) (v29 v10)) B) S)) (S I B (I z))
z (x (B z (B S)) (S S v17) z) z (z S x (I (S S) (v29 v10)) B S) (K (K (B x (B K) S) (z (B (z (I (K S) x z))))) (I (z S x (I (S S) (v29 v10)) B) S)) (S I B (I z))
z (x (B z (B S)) (S S v17) z) z (z S x (S S (v29 v10)) B S) (K (K (B x (B K) S) (z (B (z (I (K S) x z))))) (I (z S x (I (S S) (v29 v10)) B) S)) (S I B (I z))
z (x (B z (B S)) (S S v17) z) z (z S x (S S (v29 v10)) B S) (K (B x (B K) S) (z (B (z (I (K S) x z))))) (S I B (I z))
z (x (B z (B S)) (S S v17) z) z (z S x (S S (v29 v10)) B S) (B x (B K) S) (S I B (I z))
z (x (B z (B S)) (S S v17) z) z (z S x (S S (v29 v10)) B S) (x (B K S)) (S I B (I z))
z (x (B z (B S)) (S S v17) z) z (z S x (S S (v29 v10)) B S) (x (B K S)) (I (I z) (B (I z)))
z (x (B z (B S)) (S S v17) z) z (z S x (S S (v29 v10)) B S) (x (B K S)) (I z (B (I z)))
z (x (B z (B S)) (S S v17) z) z (z S x (S S (v29 v10)) B S) (x (B K S)) (z (B (I z)))
z (x (B z (B S)) (S S v17) z) z (z S x (S S (v29 v10)) B S) (x (B K S)) (z (B z))
K (z v8 (K K) (S (I z B) (x (z (K I K)))) (z K) (S (z (v7 (S (S I v9)) K)) z S))
K (z v8 (K K) (S (z B) (x (z (K I K)))) (z K) (S (z (v7 (S (S I v9)) K)) z S))
K (z v8 (K K) (S (z B) (x (z I))) (z K) (S (z (v7 (S (S I v9)) K)) z S))
K (z v8 (K K) (S (z B) (x (z I))) (z K) (z (v7 (S (S I v9)) K) S (z S)))
K x
z (v5 (z (S B I v10) (z (S (B I K I))))) B
z (v5 (z (B v10 (I v10)) (z (S (B I K I))))) B
z (v5 (z (B v10 v10) (z (S (B I K I))))) B
z (v5 (z (B v10 v10) (z (S (I (K I)))))) B
z (v5 (z (B v10 v10) (z (S (K I))))) B
B (B I (K (K (K S)) (v4 S)) x x) (v23 S S (z I) (S (S K (S v18 B))) (x (B (x I))) (K I (x S (I (x (I K) z))) x)) (S I K)
B I (K (K (K S)) (v4 S)) x x (v23 S S (z I) (S (S K (S v18 B))) (x (B (x I))) (K I (x S (I (x (I K) z))) x) (S I K))
I (K (K (K S)) (v4 S) x) x (v23 S S (z I) (S (S K (S v18 B))) (x (B (x I))) (K I (x S (I (x (I K) z))) x) (S I K))
K (K (K S)) (v4 S) x x (v23 S S (z I) (S (S K (S v18 B))) (x (B (x I))) (K I (x S (I (x (I K) z))) x) (S I K))
K (K S) x x (v23 S S (z I) (S (S K (S v18 B))) (x (B (x I))) (K I (x S (I (x (I K) z))) x) (S I K))
K S x (v23 S S (z I) (S (S K (S v18 B))) (x (B (x I))) (K I (x S (I (x (I K) z))) x) (S I K))
S (v23 S S (z I) (S (S K (S v18 B))) (x (B (x I))) (K I (x S (I (x (I K) z))) x) (S I K))
S (v23 S S (z I) (S (S K (S v18 B))) (x (B (x I))) (I x) (S I K))
S (v23 S S (z I) (S (S K (S v18 B))) (x (B (x I))) x (S I K))
z (B (K I)) (K B)
K (S S (K x)) (v26 (K (K (B S (z x))) (S x S))) (I K (x (z (z I v9) (v25 (S K)) B S) x)) x (S S (K (z (S B S)) K (B v13 x (I v11)) (z x)) I K) (I (x z x) (x K (I z)) (B x) (B (x S) (B x B I) v17) S)
S S (K x) (I K (x (z (z I v9) (v25 (S K)) B S) x)) x (S S (K (z (S B S)) K (B v13 x (I v11)) (z x)) I K) (I (x z x) (x K (I z)) (B x) (B (x S) (B x B I) v17) S)
S (I K (x (z (z I v9) (v25 (S K)) B S) x)) (K x (I K (x (z (z I v9) (v25 (S K)) B S) x))) x (S S (K (z (S B S)) K (B v13 x (I v11)) (z x)) I K) (I (x z x) (x K (I z)) (B x) (B (x S) (B x B I) v17) S)
I K (x (z (z I v9) (v25 (S K)) B S) x) x (K x (I K (x (z (z I v9) (v25 (S K)) B S) x)) x) (S S (K (z (S B S)) K (B v13 x (I v11)) (z x)) I K) (I (x z x) (x K (I z)) (B x) (B (x S) (B x B I) v17) S)
K (x (z (z I v9) (v25 (S K)) B S) x) x (K x (I K (x (z (z I v9) (v25 (S K)) B S) x)) x) (S S (K (z (S B S)) K (B v13 x (I v11)) (z x)) I K) (I (x z x) (x K (I z)) (B x) (B (x S) (B x B I) v17) S)
x (z (z I v9) (v25 (S K)) B S) x (K x (I K (x (z (z I v9) (v25 (S K)) B S) x)) x) (S S (K (z (S B S)) K (B v13 x (I v11)) (z x)) I K) (I (x z x) (x K (I z)) (B x) (B (x S) (B x B I) v17) S)
x (z (z I v9) (v25 (S K)) B S) x (x x) (S S (K (z (S B S)) K (B v13 x (I v11)) (z x)) I K) (I (x z x) (x K (I z)) (B x) (B (x S) (B x B I) v17) S)
x (z (z I v9) (v25 (S K)) B S) x (x x) (S I (K (z (S B S)) K (B v13 x (I v11)) (z x) I) K) (I (x z x) (x K (I z)) (B x) (B (x S) (B x B I) v17) S)
x (z (z I v9) (v25 (S K)) B S) x (x x) (I K (K (z (S B S)) K (B v13 x (I v11)) (z x) I K)) (I (x z x) (x K (I z)) (B x) (B (x S) (B x B I) v17) S)
x (z (z I v9) (v25 (S K)) B S) x (x x) (K (K (z (S B S)) K (B v13 x (I v11)) (z x) I K)) (I (x z x) (x K (I z)) (B x) (B (x S) (B x B I) v17) S)
x (z (z I v9) (v25 (S K)) B S) x (x x) (K (z (S B S) (B v13 x (I v11)) (z x) I K)) (I (x z x) (x K (I z)) (B x) (B (x S) (B x B I) v17) S)
x (z (z I v9) (v25 (S K)) B S) x (x x) (K (z (S B S) (v13 (x (I v11))) (z x) I K)) (I (x z x) (x K (I z)) (B x) (B (x S) (B x B I) v17) S)
x (z (z I v9) (v25 (S K)) B S) x (x x) (K (z (S B S) (v13 (x v11)) (z x) I K)) (I (x z x) (x K (I z)) (B x) (B (x S) (B x B I) v17) S)
x (z (z I v9) (v25 (S K)) B S) x (x x) (K (z (S B S) (v13 (x v11)) (z x) I K)) (x z x (x K (I z)) (B x) (B (x S) (B x B I) v17) S)
x (z (z I v9) (v25 (S K)) B S) x (x x) (K (z (S B S) (v13 (x v11)) (z x) I K)) (x z x (x K z) (B x) (B (x S) (B x B I) v17) S)
x (z (z I v9) (v25 (S K)) B S) x (x x) (K (z (S B S) (v13 (x v11)) (z x) I K)) (x z x (x K z) (B x) (x S (B x B I v17)) S)
x (z (z I v9) (v25 (S K)) B S) x (x x) (K (z (S B S) (v13 (x v11)) (z x) I K)) (x z x (x K z) (B x) (x S (x (B I) v17)) S)
K (z I)
x z K x K
K
