v10 K (I (x x)) (x (K (z (S B)) S (v10 x (K (B K)) (I K)) K)) (B (x (z (v25 B) B) v0 (S (I (z (x v17)) K))) (I (I (S (K v26)))) (v20 (S x (I K z) v17)) (z (x (I S) S K (B (x I)) (x K S (K (K (x (I K) (v6 v23))))))) S)
v10 K (x x) (x (K (z (S B)) S (v10 x (K (B K)) (I K)) K)) (B (x (z (v25 B) B) v0 (S (I (z (x v17)) K))) (I (I (S (K v26)))) (v20 (S x (I K z) v17)) (z (x (I S) S K (B (x I)) (x K S (K (K (x (I K) (v6 v23))))))) S)
v10 K (x x) (x (z (S B) (v10 x (K (B K)) (I K)) K)) (B (x (z (v25 B) B) v0 (S (I (z (x v17)) K))) (I (I (S (K v26)))) (v20 (S x (I K z) v17)) (z (x (I S) S K (B (x I)) (x K S (K (K (x (I K) (v6 v23))))))) S)
v10 K (x x) (x (z (S B) (v10 x (K (B K)) K) K)) (B (x (z (v25 B) B) v0 (S (I (z (x v17)) K))) (I (I (S (K v26)))) (v20 (S x (I K z) v17)) (z (x (I S) S K (B (x I)) (x K S (K (K (x (I K) (v6 v23))))))) S)
v10 K (x x) (x (z (S B) (v10 x (K (B K)) K) K)) (x (z (v25 B) B) v0 (S (I (z (x v17)) K)) (I (I (S (K v26))) (v20 (S x (I K z) v17))) (z (x (I S) S K (B (x I)) (x K S (K (K (x (I K) (v6 v23))))))) S)
v10 K (x x) (x (z (S B) (v10 x (K (B K)) K) K)) (x (z (v25 B) B) v0 (S (z (x v17) K)) (I (I (S (K v26))) (v20 (S x (I K z) v17))) (z (x (I S) S K (B (x I)) (x K S (K (K (x (I K) (v6 v23))))))) S)
v10 K (x x) (x (z (S B) (v10 x (K (B K)) K) K)) (x (z (v25 B) B) v0 (S (z (x v17) K)) (I (S (K v26)) (v20 (S x (I K z) v17))) (z (x (I S) S K (B (x I)) (x K S (K (K (x (I K) (v6 v23))))))) S)
v10 K (x x) (x (z (S B) (v10 x (K (B K)) K) K)) (x (z (v25 B) B) v0 (S (z (x v17) K)) (S (K v26) (v20 (S x (I K z) v17))) (z (x (I S) S K (B (x I)) (x K S (K (K (x (I K) (v6 v23))))))) S)
v10 K (x x) (x (z (S B) (v10 x (K (B K)) K) K)) (x (z (v25 B) B) v0 (S (z (x v17) K)) (S (K v26) (v20 (x v17 (I K z v17)))) (z (x (I S) S K (B (x I)) (x K S (K (K (x (I K) (v6 v23))))))) S)
v10 K (x x) (x (z (S B) (v10 x (K (B K)) K) K)) (x (z (v25 B) B) v0 (S (z (x v17) K)) (S (K v26) (v20 (x v17 (K z v17)))) (z (x (I S) S K (B (x I)) (x K S (K (K (x (I K) (v6 v23))))))) S)
v10 K (x x) (x (z (S B) (v10 x (K (B K)) K) K)) (x (z (v25 B) B) v0 (S (z (x v17) K)) (S (K v26) (v20 (x v17 z))) (z (x (I S) S K (B (x I)) (x K S (K (K (x (I K) (v6 v23))))))) S)
v10 K (x x) (x (z (S B) (v10 x (K (B K)) K) K)) (x (z (v25 B) B) v0 (S (z (x v17) K)) (S (K v26) (v20 (x v17 z))) (z (x S S K (B (x I)) (x K S (K (K (x (I K) (v6 v23))))))) S)
v10 K (x x) (x (z (S B) (v10 x (K (B K)) K) K)) (x (z (v25 B) B) v0 (S (z (x v17) K)) (S (K v26) (v20 (x v17 z))) (z (x S S K (B (x I)) (x K S (K (K (x K (v6 v23))))))) S)
v24 (v14 (v23 B) x) S
x v29 (B I) x I (B z (v28 v28 S)) (z B (v1 (K (K v29 (S S) (x (x x x) (x (I z) K) (S x B S B)))) v10))
x v29 (B I) x I (B z (v28 v28 S)) (z B (v1 (K (v29 (x (x x x) (x (I z) K) (S x B S B)))) v10))
x v29 (B I) x I (B z (v28 v28 S)) (z B (v1 (K (v29 (x (x x x) (x z K) (S x B S B)))) v10))
x v29 (B I) x I (B z (v28 v28 S)) (z B (v1 (K (v29 (x (x x x) (x z K) (x S (B S) B)))) v10))
S (K (B v11 (z v15) (x (x B) (K x)) K) x) (x (S B) B (K (S z (v2 x) z (v19 (x I (I (S v11)) K B))) v4)) v21
K (B v11 (z v15) (x (x B) (K x)) K) x v21 (x (S B) B (K (S z (v2 x) z (v19 (x I (I (S v11)) K B))) v4) v21)
B v11 (z v15) (x (x B) (K x)) K v21 (x (S B) B (K (S z (v2 x) z (v19 (x I (I (S v11)) K B))) v4) v21)
v11 (z v15 (x (x B) (K x))) K v21 (x (S B) B (K (S z (v2 x) z (v19 (x I (I (S v11)) K B))) v4) v21)
v11 (z v15 (x (x B) (K x))) K v21 (x (S B) B (S z (v2 x) z (v19 (x I (I (S v11)) K B))) v21)
v11 (z v15 (x (x B) (K x))) K v21 (x (S B) B (z z (v2 x z) (v19 (x I (I (S v11)) K B))) v21)
v11 (z v15 (x (x B) (K x))) K v21 (x (S B) B (z z (v2 x z) (v19 (x I (S v11) K B))) v21)
x S (x (v5 K z K K) (v15 (S (B (I S B z) x v29) z) B B)) (z (z (K z)) S I K (K (B v16 x (x z) (B z (S (I (z (z (z I))) (S z v15 K x z)))) (B (x S)))))
x S (x (v5 K z K K) (v15 (S (I S B z (x v29)) z) B B)) (z (z (K z)) S I K (K (B v16 x (x z) (B z (S (I (z (z (z I))) (S z v15 K x z)))) (B (x S)))))
x S (x (v5 K z K K) (v15 (S (S B z (x v29)) z) B B)) (z (z (K z)) S I K (K (B v16 x (x z) (B z (S (I (z (z (z I))) (S z v15 K x z)))) (B (x S)))))
x S (x (v5 K z K K) (v15 (S (B (x v29) (z (x v29))) z) B B)) (z (z (K z)) S I K (K (B v16 x (x z) (B z (S (I (z (z (z I))) (S z v15 K x z)))) (B (x S)))))
x S (x (v5 K z K K) (v15 (S (B (x v29) (z (x v29))) z) B B)) (z (z (K z)) S I K (K (v16 (x (x z)) (B z (S (I (z (z (z I))) (S z v15 K x z)))) (B (x S)))))
x S (x (v5 K z K K) (v15 (S (B (x v29) (z (x v29))) z) B B)) (z (z (K z)) S I K (K (v16 (x (x z)) (B z (S (z (z (z I)) (S z v15 K x z)))) (B (x S)))))
x S (x (v5 K z K K) (v15 (S (B (x v29) (z (x v29))) z) B B)) (z (z (K z)) S I K (K (v16 (x (x z)) (B z (S (z (z (z I)) (z K (v15 K) x z)))) (B (x S)))))
I x
x
S (I (I (v14 v1 B)) (K S)) (K (I S)) (K v27 I I B z) (B S (z I (x (I (z z I)))) (B B (B I (B x) (z (z v8)) K) (v5 (B (S x)))) (B S (K (S (v16 (B x)) B) v16)) z)
I (I (v14 v1 B)) (K S) (K v27 I I B z) (K (I S) (K v27 I I B z)) (B S (z I (x (I (z z I)))) (B B (B I (B x) (z (z v8)) K) (v5 (B (S x)))) (B S (K (S (v16 (B x)) B) v16)) z)
I (v14 v1 B) (K S) (K v27 I I B z) (K (I S) (K v27 I I B z)) (B S (z I (x (I (z z I)))) (B B (B I (B x) (z (z v8)) K) (v5 (B (S x)))) (B S (K (S (v16 (B x)) B) v16)) z)
v14 v1 B (K S) (K v27 I I B z) (K (I S) (K v27 I I B z)) (B S (z I (x (I (z z I)))) (B B (B I (B x) (z (z v8)) K) (v5 (B (S x)))) (B S (K (S (v16 (B x)) B) v16)) z)
v14 v1 B (K S) (v27 I B z) (K (I S) (K v27 I I B z)) (B S (z I (x (I (z z I)))) (B B (B I (B x) (z (z v8)) K) (v5 (B (S x)))) (B S (K (S (v16 (B x)) B) v16)) z)
v14 v1 B (K S) (v27 I B z) (I S) (B S (z I (x (I (z z I)))) (B B (B I (B x) (z (z v8)) K) (v5 (B (S x)))) (B S (K (S (v16 (B x)) B) v16)) z)
v14 v1 B (K S) (v27 I B z) S (B S (z I (x (I (z z I)))) (B B (B I (B x) (z (z v8)) K) (v5 (B (S x)))) (B S (K (S (v16 (B x)) B) v16)) z)
v14 v1 B (K S) (v27 I B z) S (S (z I (x (I (z z I))) (B B (B I (B x) (z (z v8)) K) (v5 (B (S x))))) (B S (K (S (v16 (B x)) B) v16)) z)
v14 v1 B (K S) (v27 I B z) S (z I (x (I (z z I))) (B B (B I (B x) (z (z v8)) K) (v5 (B (S x)))) z (B S (K (S (v16 (B x)) B) v16) z))
v14 v1 B (K S) (v27 I B z) S (z I (x (z z I)) (B B (B I (B x) (z (z v8)) K) (v5 (B (S x)))) z (B S (K (S (v16 (B x)) B) v16) z))
v14 v1 B (K S) (v27 I B z) S (z I (x (z z I)) (B (B I (B x) (z (z v8)) K (v5 (B (S x))))) z (B S (K (S (v16 (B x)) B) v16) z))
v14 v1 B (K S) (v27 I B z) S (z I (x (z z I)) (B (I (B x (z (z v8))) K (v5 (B (S x))))) z (B S (K (S (v16 (B x)) B) v16) z))
v14 v1 B (K S) (v27 I B z) S (z I (x (z z I)) (B (B x (z (z v8)) K (v5 (B (S x))))) z (B S (K (S (v16 (B x)) B) v16) z))
v14 v1 B (K S) (v27 I B z) S (z I (x (z z I)) (B (x (z (z v8) K) (v5 (B (S x))))) z (B S (K (S (v16 (B x)) B) v16) z))
v14 v1 B (K S) (v27 I B z) S (z I (x (z z I)) (B (x (z (z v8) K) (v5 (B (S x))))) z (S (K (S (v16 (B x)) B) v16 z)))
v14 v1 B (K S) (v27 I B z) S (z I (x (z z I)) (B (x (z (z v8) K) (v5 (B (S x))))) z (S (S (v16 (B x)) B z)))
v14 v1 B (K S) (v27 I B z) S (z I (x (z z I)) (B (x (z (z v8) K) (v5 (B (S x))))) z (S (v16 (B x) z (B z))))
v20 v10 (x x z) (I x v17 (K (v4 (S K))) v1 K) (B (K B)) (B (z (S S I) (S (S K z (v23 (I v1)) (B v5 B)))) (K (x (x x) x v15) (v4 B (S (S z I)))))
v20 v10 (x x z) (x v17 (K (v4 (S K))) v1 K) (B (K B)) (B (z (S S I) (S (S K z (v23 (I v1)) (B v5 B)))) (K (x (x x) x v15) (v4 B (S (S z I)))))
v20 v10 (x x z) (x v17 (K (v4 (S K))) v1 K) (B (K B)) (B (z (S S I) (S (K (v23 (I v1)) (z (v23 (I v1))) (B v5 B)))) (K (x (x x) x v15) (v4 B (S (S z I)))))
v20 v10 (x x z) (x v17 (K (v4 (S K))) v1 K) (B (K B)) (B (z (S S I) (S (v23 (I v1) (B v5 B)))) (K (x (x x) x v15) (v4 B (S (S z I)))))
v20 v10 (x x z) (x v17 (K (v4 (S K))) v1 K) (B (K B)) (B (z (S S I) (S (v23 v1 (B v5 B)))) (K (x (x x) x v15) (v4 B (S (S z I)))))
v20 v10 (x x z) (x v17 (K (v4 (S K))) v1 K) (B (K B)) (B (z (S S I) (S (v23 v1 (B v5 B)))) (x (x x) x v15))
B (B v25 (x S S (K (S B) I)) (I B) x (K (v5 I v14 (I (S v18)) (x I)) (I K) I (x (z x) (v7 x))))
B (v25 (x S S (K (S B) I) (I B)) x (K (v5 I v14 (I (S v18)) (x I)) (I K) I (x (z x) (v7 x))))
B (v25 (x S S (S B) (I B)) x (K (v5 I v14 (I (S v18)) (x I)) (I K) I (x (z x) (v7 x))))
B (v25 (x S S (S B) B) x (K (v5 I v14 (I (S v18)) (x I)) (I K) I (x (z x) (v7 x))))
B (v25 (x S S (S B) B) x (v5 I v14 (I (S v18)) (x I) I (x (z x) (v7 x))))
B (v25 (x S S (S B) B) x (v5 I v14 (S v18) (x I) I (x (z x) (v7 x))))
B
