B (x (v4 K (S K (z S))) (K I S) (B K I (I (I v16)) v2) S) (B (S I K (v16 x) (S x S (I (I (I B z)))))) z
x (v4 K (S K (z S))) (K I S) (B K I (I (I v16)) v2) S (B (S I K (v16 x) (S x S (I (I (I B z))))) z)
x (v4 K (S K (z S))) I (B K I (I (I v16)) v2) S (B (S I K (v16 x) (S x S (I (I (I B z))))) z)
x (v4 K (S K (z S))) I (K (I (I (I v16))) v2) S (B (S I K (v16 x) (S x S (I (I (I B z))))) z)
x (v4 K (S K (z S))) I (I (I (I v16))) S (B (S I K (v16 x) (S x S (I (I (I B z))))) z)
x (v4 K (S K (z S))) I (I (I v16)) S (B (S I K (v16 x) (S x S (I (I (I B z))))) z)
x (v4 K (S K (z S))) I (I v16) S (B (S I K (v16 x) (S x S (I (I (I B z))))) z)
x (v4 K (S K (z S))) I v16 S (B (S I K (v16 x) (S x S (I (I (I B z))))) z)
x (v4 K (S K (z S))) I v16 S (B (I (v16 x) (K (v16 x)) (S x S (I (I (I B z))))) z)
x (v4 K (S K (z S))) I v16 S (B (v16 x (K (v16 x)) (S x S (I (I (I B z))))) z)
x (v4 K (S K (z S))) I v16 S (B (v16 x (K (v16 x)) (x (I (I (I B z))) (S (I (I (I B z)))))) z)
x (v4 K (S K (z S))) I v16 S (B (v16 x (K (v16 x)) (x (I (I B z)) (S (I (I (I B z)))))) z)
x (v4 K (S K (z S))) I v16 S (B (v16 x (K (v16 x)) (x (I B z) (S (I (I (I B z)))))) z)
x (v4 K (S K (z S))) I v16 S (B (v16 x (K (v16 x)) (x (B z) (S (I (I (I B z)))))) z)
x (v4 K (S K (z S))) I v16 S (B (v16 x (K (v16 x)) (x (B z) (S (I (I B z))))) z)
x (v4 K (S K (z S))) I v16 S (B (v16 x (K (v16 x)) (x (B z) (S (I B z)))) z)
x (v4 K (S K (z S))) I v16 S (B (v16 x (K (v16 x)) (x (B z) (S (B z)))) z)
z z B (S (S (K S B z (z (K S) S x z)) (z (K I) (x x)) (K (I v8)))) (B (B (z S) v15 (S I)))
z z B (S (K S B z (z (K S) S x z) (K (I v8)) (z (K I) (x x) (K (I v8))))) (B (B (z S) v15 (S I)))
z z B (S (S z (z (K S) S x z) (K (I v8)) (z (K I) (x x) (K (I v8))))) (B (B (z S) v15 (S I)))
z z B (S (z (K (I v8)) (z (K S) S x z (K (I v8))) (z (K I) (x x) (K (I v8))))) (B (B (z S) v15 (S I)))
z z B (S (z (K v8) (z (K S) S x z (K (I v8))) (z (K I) (x x) (K (I v8))))) (B (B (z S) v15 (S I)))
z z B (S (z (K v8) (z (K S) S x z (K v8)) (z (K I) (x x) (K (I v8))))) (B (B (z S) v15 (S I)))
z z B (S (z (K v8) (z (K S) S x z (K v8)) (z (K I) (x x) (K v8)))) (B (B (z S) v15 (S I)))
z z B (S (z (K v8) (z (K S) S x z (K v8)) (z (K I) (x x) (K v8)))) (B (z S (v15 (S I))))
S (K I (v29 v5 x v5 (v8 S (B (S (K (I B (I (v24 B))))))) z)) (v25 I)
S I (v25 I)
z
z (B (z (K v13)) (z K))
v6 (x v8 x) (x (x (I x K) I)) (x z) (z z (K x))
v6 (x v8 x) (x (x (x K) I)) (x z) (z z (K x))
S x (I (K B v10 K B (S (K (K v29 (K S)))) K)) (B (v20 (I B) (z z) K))
x (B (v20 (I B) (z z) K)) (I (K B v10 K B (S (K (K v29 (K S)))) K) (B (v20 (I B) (z z) K)))
x (B (v20 B (z z) K)) (I (K B v10 K B (S (K (K v29 (K S)))) K) (B (v20 (I B) (z z) K)))
x (B (v20 B (z z) K)) (K B v10 K B (S (K (K v29 (K S)))) K (B (v20 (I B) (z z) K)))
x (B (v20 B (z z) K)) (B K B (S (K (K v29 (K S)))) K (B (v20 (I B) (z z) K)))
x (B (v20 B (z z) K)) (K (B (S (K (K v29 (K S))))) K (B (v20 (I B) (z z) K)))
x (B (v20 B (z z) K)) (B (S (K (K v29 (K S)))) (B (v20 (I B) (z z) K)))
x (B (v20 B (z z) K)) (B (S (K v29)) (B (v20 (I B) (z z) K)))
x (B (v20 B (z z) K)) (B (S (K v29)) (B (v20 B (z z) K)))
S v18 (z (B (v24 (I z) (S B) (v18 S) (x v17)) (I (I (z x) (x (S v25)) v25)))) (B (K B) I)
v18 (B (K B) I) (z (B (v24 (I z) (S B) (v18 S) (x v17)) (I (I (z x) (x (S v25)) v25))) (B (K B) I))
v18 (B (K B) I) (z (B (v24 z (S B) (v18 S) (x v17)) (I (I (z x) (x (S v25)) v25))) (B (K B) I))
v18 (B (K B) I) (z (B (v24 z (S B) (v18 S) (x v17)) (I (z x) (x (S v25)) v25)) (B (K B) I))
v18 (B (K B) I) (z (B (v24 z (S B) (v18 S) (x v17)) (z x (x (S v25)) v25)) (B (K B) I))
v7 K (z (I (K x) (x (I v17)) I) (I (x K) S (I z)) (x S) (I (x (x (B (v14 z z)))) (z (v9 (S (K (x S))) (B B)) x))) K
v7 K (z (K x (x (I v17)) I) (I (x K) S (I z)) (x S) (I (x (x (B (v14 z z)))) (z (v9 (S (K (x S))) (B B)) x))) K
v7 K (z (x I) (I (x K) S (I z)) (x S) (I (x (x (B (v14 z z)))) (z (v9 (S (K (x S))) (B B)) x))) K
v7 K (z (x I) (x K S (I z)) (x S) (I (x (x (B (v14 z z)))) (z (v9 (S (K (x S))) (B B)) x))) K
v7 K (z (x I) (x K S z) (x S) (I (x (x (B (v14 z z)))) (z (v9 (S (K (x S))) (B B)) x))) K
v7 K (z (x I) (x K S z) (x S) (x (x (B (v14 z z))) (z (v9 (S (K (x S))) (B B)) x))) K
x (v24 (v20 x)) (z (K (v17 S (I (z (S S S I))) x (v19 v23 S)) x) (B B)) (I S (S (B (B (K S S)))) (z (v30 (S (v27 (z v13) K) S)) v21)) (z (B (z I) B (K z) K) (B (v14 (S S) (x (x (I v2)))) z (K (S (K (x (z v20 S))))) x))
x (v24 (v20 x)) (z (v17 S (I (z (S S S I))) x (v19 v23 S)) (B B)) (I S (S (B (B (K S S)))) (z (v30 (S (v27 (z v13) K) S)) v21)) (z (B (z I) B (K z) K) (B (v14 (S S) (x (x (I v2)))) z (K (S (K (x (z v20 S))))) x))
x (v24 (v20 x)) (z (v17 S (z (S S S I)) x (v19 v23 S)) (B B)) (I S (S (B (B (K S S)))) (z (v30 (S (v27 (z v13) K) S)) v21)) (z (B (z I) B (K z) K) (B (v14 (S S) (x (x (I v2)))) z (K (S (K (x (z v20 S))))) x))
x (v24 (v20 x)) (z (v17 S (z (S I (S I))) x (v19 v23 S)) (B B)) (I S (S (B (B (K S S)))) (z (v30 (S (v27 (z v13) K) S)) v21)) (z (B (z I) B (K z) K) (B (v14 (S S) (x (x (I v2)))) z (K (S (K (x (z v20 S))))) x))
x (v24 (v20 x)) (z (v17 S (z (S I (S I))) x (v19 v23 S)) (B B)) (S (S (B (B (K S S)))) (z (v30 (S (v27 (z v13) K) S)) v21)) (z (B (z I) B (K z) K) (B (v14 (S S) (x (x (I v2)))) z (K (S (K (x (z v20 S))))) x))
x (v24 (v20 x)) (z (v17 S (z (S I (S I))) x (v19 v23 S)) (B B)) (S (S (B (B S))) (z (v30 (S (v27 (z v13) K) S)) v21)) (z (B (z I) B (K z) K) (B (v14 (S S) (x (x (I v2)))) z (K (S (K (x (z v20 S))))) x))
x (v24 (v20 x)) (z (v17 S (z (S I (S I))) x (v19 v23 S)) (B B)) (S (S (B (B S))) (z (v30 (S (v27 (z v13) K) S)) v21)) (z (z I (B (K z)) K) (B (v14 (S S) (x (x (I v2)))) z (K (S (K (x (z v20 S))))) x))
x (v24 (v20 x)) (z (v17 S (z (S I (S I))) x (v19 v23 S)) (B B)) (S (S (B (B S))) (z (v30 (S (v27 (z v13) K) S)) v21)) (z (z I (B (K z)) K) (v14 (S S) (x (x (I v2))) (z (K (S (K (x (z v20 S)))))) x))
x (v24 (v20 x)) (z (v17 S (z (S I (S I))) x (v19 v23 S)) (B B)) (S (S (B (B S))) (z (v30 (S (v27 (z v13) K) S)) v21)) (z (z I (B (K z)) K) (v14 (S S) (x (x v2)) (z (K (S (K (x (z v20 S)))))) x))
