v21 K (B (S (K S))) B (I v15 S) (I (B B x (S B) I (z (I (z z))) (K (I (S S)) (I (x (z S S) (I B)))) (B I (B (v5 B)) (z (x (v21 S) (v27 (x K)) B) v20 (S K z) I) (K (z (v18 (I (K I)))) (S (K K))))))
v21 K (B (S (K S))) B (v15 S) (I (B B x (S B) I (z (I (z z))) (K (I (S S)) (I (x (z S S) (I B)))) (B I (B (v5 B)) (z (x (v21 S) (v27 (x K)) B) v20 (S K z) I) (K (z (v18 (I (K I)))) (S (K K))))))
v21 K (B (S (K S))) B (v15 S) (B B x (S B) I (z (I (z z))) (K (I (S S)) (I (x (z S S) (I B)))) (B I (B (v5 B)) (z (x (v21 S) (v27 (x K)) B) v20 (S K z) I) (K (z (v18 (I (K I)))) (S (K K)))))
v21 K (B (S (K S))) B (v15 S) (B (x (S B)) I (z (I (z z))) (K (I (S S)) (I (x (z S S) (I B)))) (B I (B (v5 B)) (z (x (v21 S) (v27 (x K)) B) v20 (S K z) I) (K (z (v18 (I (K I)))) (S (K K)))))
v21 K (B (S (K S))) B (v15 S) (x (S B) (I (z (I (z z)))) (K (I (S S)) (I (x (z S S) (I B)))) (B I (B (v5 B)) (z (x (v21 S) (v27 (x K)) B) v20 (S K z) I) (K (z (v18 (I (K I)))) (S (K K)))))
v21 K (B (S (K S))) B (v15 S) (x (S B) (z (I (z z))) (K (I (S S)) (I (x (z S S) (I B)))) (B I (B (v5 B)) (z (x (v21 S) (v27 (x K)) B) v20 (S K z) I) (K (z (v18 (I (K I)))) (S (K K)))))
v21 K (B (S (K S))) B (v15 S) (x (S B) (z (z z)) (K (I (S S)) (I (x (z S S) (I B)))) (B I (B (v5 B)) (z (x (v21 S) (v27 (x K)) B) v20 (S K z) I) (K (z (v18 (I (K I)))) (S (K K)))))
v21 K (B (S (K S))) B (v15 S) (x (S B) (z (z z)) (I (S S)) (B I (B (v5 B)) (z (x (v21 S) (v27 (x K)) B) v20 (S K z) I) (K (z (v18 (I (K I)))) (S (K K)))))
v21 K (B (S (K S))) B (v15 S) (x (S B) (z (z z)) (S S) (B I (B (v5 B)) (z (x (v21 S) (v27 (x K)) B) v20 (S K z) I) (K (z (v18 (I (K I)))) (S (K K)))))
v21 K (B (S (K S))) B (v15 S) (x (S B) (z (z z)) (S S) (I (B (v5 B) (z (x (v21 S) (v27 (x K)) B) v20 (S K z) I)) (K (z (v18 (I (K I)))) (S (K K)))))
v21 K (B (S (K S))) B (v15 S) (x (S B) (z (z z)) (S S) (B (v5 B) (z (x (v21 S) (v27 (x K)) B) v20 (S K z) I) (K (z (v18 (I (K I)))) (S (K K)))))
v21 K (B (S (K S))) B (v15 S) (x (S B) (z (z z)) (S S) (v5 B (z (x (v21 S) (v27 (x K)) B) v20 (S K z) I (K (z (v18 (I (K I)))) (S (K K))))))
v21 K (B (S (K S))) B (v15 S) (x (S B) (z (z z)) (S S) (v5 B (z (x (v21 S) (v27 (x K)) B) v20 (S K z) I (z (v18 (I (K I)))))))
v21 K (B (S (K S))) B (v15 S) (x (S B) (z (z z)) (S S) (v5 B (z (x (v21 S) (v27 (x K)) B) v20 (S K z) I (z (v18 (K I))))))
I
x B K (z (x (I z (S (K B v27 z x))) x) (v10 S)) (z (S (v6 (S B)) I) K) (S (I K (K I (I z (v14 x (z I B))) (x z)) (x v0 I) (x z)))
x B K (z (x (z (S (K B v27 z x))) x) (v10 S)) (z (S (v6 (S B)) I) K) (S (I K (K I (I z (v14 x (z I B))) (x z)) (x v0 I) (x z)))
x B K (z (x (z (S (B z x))) x) (v10 S)) (z (S (v6 (S B)) I) K) (S (I K (K I (I z (v14 x (z I B))) (x z)) (x v0 I) (x z)))
x B K (z (x (z (S (B z x))) x) (v10 S)) (z (S (v6 (S B)) I) K) (S (K (K I (I z (v14 x (z I B))) (x z)) (x v0 I) (x z)))
x B K (z (x (z (S (B z x))) x) (v10 S)) (z (S (v6 (S B)) I) K) (S (K I (I z (v14 x (z I B))) (x z) (x z)))
x B K (z (x (z (S (B z x))) x) (v10 S)) (z (S (v6 (S B)) I) K) (S (I (x z) (x z)))
x B K (z (x (z (S (B z x))) x) (v10 S)) (z (S (v6 (S B)) I) K) (S (x z (x z)))
K (z K B S (z (v9 I) (K I)) S (I x) K) v5 (K (S (I (z S)) x (S x I))) (x (v5 x) B (z (S (x (x x (S K B (K S I))) (K x v3)) (z (S (S (I I) v11 (v15 v3 (B I) B)))))))
z K B S (z (v9 I) (K I)) S (I x) K (K (S (I (z S)) x (S x I))) (x (v5 x) B (z (S (x (x x (S K B (K S I))) (K x v3)) (z (S (S (I I) v11 (v15 v3 (B I) B)))))))
z K B S (z (v9 I) (K I)) S x K (K (S (I (z S)) x (S x I))) (x (v5 x) B (z (S (x (x x (S K B (K S I))) (K x v3)) (z (S (S (I I) v11 (v15 v3 (B I) B)))))))
z K B S (z (v9 I) (K I)) S x K (K (I (z S) (S x I) (x (S x I)))) (x (v5 x) B (z (S (x (x x (S K B (K S I))) (K x v3)) (z (S (S (I I) v11 (v15 v3 (B I) B)))))))
z K B S (z (v9 I) (K I)) S x K (K (z S (S x I) (x (S x I)))) (x (v5 x) B (z (S (x (x x (S K B (K S I))) (K x v3)) (z (S (S (I I) v11 (v15 v3 (B I) B)))))))
z K B S (z (v9 I) (K I)) S x K (K (z S (S x I) (x (S x I)))) (x (v5 x) B (z (S (x (x x (K (K S I) (B (K S I)))) (K x v3)) (z (S (S (I I) v11 (v15 v3 (B I) B)))))))
z K B S (z (v9 I) (K I)) S x K (K (z S (S x I) (x (S x I)))) (x (v5 x) B (z (S (x (x x (K S I)) (K x v3)) (z (S (S (I I) v11 (v15 v3 (B I) B)))))))
z K B S (z (v9 I) (K I)) S x K (K (z S (S x I) (x (S x I)))) (x (v5 x) B (z (S (x (x x S) (K x v3)) (z (S (S (I I) v11 (v15 v3 (B I) B)))))))
z K B S (z (v9 I) (K I)) S x K (K (z S (S x I) (x (S x I)))) (x (v5 x) B (z (S (x (x x S) x) (z (S (S (I I) v11 (v15 v3 (B I) B)))))))
z K B S (z (v9 I) (K I)) S x K (K (z S (S x I) (x (S x I)))) (x (v5 x) B (z (S (x (x x S) x) (z (S (I I (v15 v3 (B I) B) (v11 (v15 v3 (B I) B))))))))
z K B S (z (v9 I) (K I)) S x K (K (z S (S x I) (x (S x I)))) (x (v5 x) B (z (S (x (x x S) x) (z (S (I (v15 v3 (B I) B) (v11 (v15 v3 (B I) B))))))))
z K B S (z (v9 I) (K I)) S x K (K (z S (S x I) (x (S x I)))) (x (v5 x) B (z (S (x (x x S) x) (z (S (v15 v3 (B I) B (v11 (v15 v3 (B I) B))))))))
x (z I B I (B I) (B (z B) (x (x I)) B)) (I B) B
x (z I B I (B I) (z B (x (x I) B))) (I B) B
x (z I B I (B I) (z B (x (x I) B))) B B
S
B (v5 (I z) (z (B S S z (S z (z (S B))) (S v19 (K I)) z)) I) (B (z I v6 (S S) (v14 B) (I (K (S (I x) S B (x B))) (x S K (B z v13 K I) z))))
B (v5 z (z (B S S z (S z (z (S B))) (S v19 (K I)) z)) I) (B (z I v6 (S S) (v14 B) (I (K (S (I x) S B (x B))) (x S K (B z v13 K I) z))))
B (v5 z (z (S (S z) (S z (z (S B))) (S v19 (K I)) z)) I) (B (z I v6 (S S) (v14 B) (I (K (S (I x) S B (x B))) (x S K (B z v13 K I) z))))
B (v5 z (z (S z (S v19 (K I)) (S z (z (S B)) (S v19 (K I))) z)) I) (B (z I v6 (S S) (v14 B) (I (K (S (I x) S B (x B))) (x S K (B z v13 K I) z))))
B (v5 z (z (z (S z (z (S B)) (S v19 (K I))) (S v19 (K I) (S z (z (S B)) (S v19 (K I)))) z)) I) (B (z I v6 (S S) (v14 B) (I (K (S (I x) S B (x B))) (x S K (B z v13 K I) z))))
B (v5 z (z (z (z (S v19 (K I)) (z (S B) (S v19 (K I)))) (S v19 (K I) (S z (z (S B)) (S v19 (K I)))) z)) I) (B (z I v6 (S S) (v14 B) (I (K (S (I x) S B (x B))) (x S K (B z v13 K I) z))))
B (v5 z (z (z (z (S v19 (K I)) (z (S B) (S v19 (K I)))) (v19 (S z (z (S B)) (S v19 (K I))) (K I (S z (z (S B)) (S v19 (K I))))) z)) I) (B (z I v6 (S S) (v14 B) (I (K (S (I x) S B (x B))) (x S K (B z v13 K I) z))))
B (v5 z (z (z (z (S v19 (K I)) (z (S B) (S v19 (K I)))) (v19 (z (S v19 (K I)) (z (S B) (S v19 (K I)))) (K I (S z (z (S B)) (S v19 (K I))))) z)) I) (B (z I v6 (S S) (v14 B) (I (K (S (I x) S B (x B))) (x S K (B z v13 K I) z))))
B (v5 z (z (z (z (S v19 (K I)) (z (S B) (S v19 (K I)))) (v19 (z (S v19 (K I)) (z (S B) (S v19 (K I)))) I) z)) I) (B (z I v6 (S S) (v14 B) (I (K (S (I x) S B (x B))) (x S K (B z v13 K I) z))))
B (v5 z (z (z (z (S v19 (K I)) (z (S B) (S v19 (K I)))) (v19 (z (S v19 (K I)) (z (S B) (S v19 (K I)))) I) z)) I) (B (z I v6 (S S) (v14 B) (K (S (I x) S B (x B)) (x S K (B z v13 K I) z))))
B (v5 z (z (z (z (S v19 (K I)) (z (S B) (S v19 (K I)))) (v19 (z (S v19 (K I)) (z (S B) (S v19 (K I)))) I) z)) I) (B (z I v6 (S S) (v14 B) (S (I x) S B (x B))))
B (v5 z (z (z (z (S v19 (K I)) (z (S B) (S v19 (K I)))) (v19 (z (S v19 (K I)) (z (S B) (S v19 (K I)))) I) z)) I) (B (z I v6 (S S) (v14 B) (I x B (S B) (x B))))
B (v5 z (z (z (z (S v19 (K I)) (z (S B) (S v19 (K I)))) (v19 (z (S v19 (K I)) (z (S B) (S v19 (K I)))) I) z)) I) (B (z I v6 (S S) (v14 B) (x B (S B) (x B))))
x K I x I (K I)
S
I
