x (I (x (S I) (B v22) (S v0))) (K (x I (x (K x))) v17 (B x) (K (z S x z B)) (K (I (K B) (v18 B) K) S (B (v29 (v13 z)) I)))
x (x (S I) (B v22) (S v0)) (K (x I (x (K x))) v17 (B x) (K (z S x z B)) (K (I (K B) (v18 B) K) S (B (v29 (v13 z)) I)))
x (x (S I) (B v22) (S v0)) (x I (x (K x)) (B x) (K (z S x z B)) (K (I (K B) (v18 B) K) S (B (v29 (v13 z)) I)))
x (x (S I) (B v22) (S v0)) (x I (x (K x)) (B x) (K (z S x z B)) (I (K B) (v18 B) K (B (v29 (v13 z)) I)))
x (x (S I) (B v22) (S v0)) (x I (x (K x)) (B x) (K (z S x z B)) (K B (v18 B) K (B (v29 (v13 z)) I)))
x (x (S I) (B v22) (S v0)) (x I (x (K x)) (B x) (K (z S x z B)) (B K (B (v29 (v13 z)) I)))
S (z K (z B))
B
B
z S
K
I (z (I (z v11) (K (K B v26)) x I (z B x) (I (x K)) (z S x))) (v15 (B (z (S (K B z))) (I (B (v17 (B z)) (K (B (I S))) x)) B (I B v27) (B I (K (B (I (S (I v25 z)))) B))) (v11 x))
z (I (z v11) (K (K B v26)) x I (z B x) (I (x K)) (z S x)) (v15 (B (z (S (K B z))) (I (B (v17 (B z)) (K (B (I S))) x)) B (I B v27) (B I (K (B (I (S (I v25 z)))) B))) (v11 x))
z (z v11 (K (K B v26)) x I (z B x) (I (x K)) (z S x)) (v15 (B (z (S (K B z))) (I (B (v17 (B z)) (K (B (I S))) x)) B (I B v27) (B I (K (B (I (S (I v25 z)))) B))) (v11 x))
z (z v11 (K B) x I (z B x) (I (x K)) (z S x)) (v15 (B (z (S (K B z))) (I (B (v17 (B z)) (K (B (I S))) x)) B (I B v27) (B I (K (B (I (S (I v25 z)))) B))) (v11 x))
z (z v11 (K B) x I (z B x) (x K) (z S x)) (v15 (B (z (S (K B z))) (I (B (v17 (B z)) (K (B (I S))) x)) B (I B v27) (B I (K (B (I (S (I v25 z)))) B))) (v11 x))
z (z v11 (K B) x I (z B x) (x K) (z S x)) (v15 (z (S (K B z)) (I (B (v17 (B z)) (K (B (I S))) x) B) (I B v27) (B I (K (B (I (S (I v25 z)))) B))) (v11 x))
z (z v11 (K B) x I (z B x) (x K) (z S x)) (v15 (z (S B) (I (B (v17 (B z)) (K (B (I S))) x) B) (I B v27) (B I (K (B (I (S (I v25 z)))) B))) (v11 x))
z (z v11 (K B) x I (z B x) (x K) (z S x)) (v15 (z (S B) (B (v17 (B z)) (K (B (I S))) x B) (I B v27) (B I (K (B (I (S (I v25 z)))) B))) (v11 x))
z (z v11 (K B) x I (z B x) (x K) (z S x)) (v15 (z (S B) (v17 (B z) (K (B (I S)) x) B) (I B v27) (B I (K (B (I (S (I v25 z)))) B))) (v11 x))
z (z v11 (K B) x I (z B x) (x K) (z S x)) (v15 (z (S B) (v17 (B z) (B (I S)) B) (I B v27) (B I (K (B (I (S (I v25 z)))) B))) (v11 x))
z (z v11 (K B) x I (z B x) (x K) (z S x)) (v15 (z (S B) (v17 (B z) (B S) B) (I B v27) (B I (K (B (I (S (I v25 z)))) B))) (v11 x))
z (z v11 (K B) x I (z B x) (x K) (z S x)) (v15 (z (S B) (v17 (B z) (B S) B) (B v27) (B I (K (B (I (S (I v25 z)))) B))) (v11 x))
z (z v11 (K B) x I (z B x) (x K) (z S x)) (v15 (z (S B) (v17 (B z) (B S) B) (B v27) (B I (B (I (S (I v25 z)))))) (v11 x))
z (z v11 (K B) x I (z B x) (x K) (z S x)) (v15 (z (S B) (v17 (B z) (B S) B) (B v27) (B I (B (S (I v25 z))))) (v11 x))
z (z v11 (K B) x I (z B x) (x K) (z S x)) (v15 (z (S B) (v17 (B z) (B S) B) (B v27) (B I (B (S (v25 z))))) (v11 x))
z (z x S (S (K (S K))) (v3 (x B (K K)) (v21 B (z K) (B (K (S B K v14) v26))))) (B (x (I K S (I z) (S B))))
z (z x S (S (K (S K))) (v3 (x B (K K)) (v21 B (z K) (B (S B K v14))))) (B (x (I K S (I z) (S B))))
z (z x S (S (K (S K))) (v3 (x B (K K)) (v21 B (z K) (B (B v14 (K v14)))))) (B (x (I K S (I z) (S B))))
z (z x S (S (K (S K))) (v3 (x B (K K)) (v21 B (z K) (B (B v14 (K v14)))))) (B (x (K S (I z) (S B))))
z (z x S (S (K (S K))) (v3 (x B (K K)) (v21 B (z K) (B (B v14 (K v14)))))) (B (x (S (S B))))
x x (S x) S I (B (K (S (S x)) (S (I (z (B v14)) B) z))) (K (B I)) (z x v3 (S S K (B I) (z (z (I B)) I (v13 (I v17 I v16))) z) K) v29 (K S x (z (I v1)) (x x z) B)
x x (S x) S I (B (S (S x))) (K (B I)) (z x v3 (S S K (B I) (z (z (I B)) I (v13 (I v17 I v16))) z) K) v29 (K S x (z (I v1)) (x x z) B)
x x (S x) S I (B (S (S x))) (K (B I)) (z x v3 (S (B I) (K (B I)) (z (z (I B)) I (v13 (I v17 I v16))) z) K) v29 (K S x (z (I v1)) (x x z) B)
x x (S x) S I (B (S (S x))) (K (B I)) (z x v3 (B I (z (z (I B)) I (v13 (I v17 I v16))) (K (B I) (z (z (I B)) I (v13 (I v17 I v16)))) z) K) v29 (K S x (z (I v1)) (x x z) B)
x x (S x) S I (B (S (S x))) (K (B I)) (z x v3 (I (z (z (I B)) I (v13 (I v17 I v16)) (K (B I) (z (z (I B)) I (v13 (I v17 I v16))))) z) K) v29 (K S x (z (I v1)) (x x z) B)
x x (S x) S I (B (S (S x))) (K (B I)) (z x v3 (z (z (I B)) I (v13 (I v17 I v16)) (K (B I) (z (z (I B)) I (v13 (I v17 I v16)))) z) K) v29 (K S x (z (I v1)) (x x z) B)
x x (S x) S I (B (S (S x))) (K (B I)) (z x v3 (z (z B) I (v13 (I v17 I v16)) (K (B I) (z (z (I B)) I (v13 (I v17 I v16)))) z) K) v29 (K S x (z (I v1)) (x x z) B)
x x (S x) S I (B (S (S x))) (K (B I)) (z x v3 (z (z B) I (v13 (v17 I v16)) (K (B I) (z (z (I B)) I (v13 (I v17 I v16)))) z) K) v29 (K S x (z (I v1)) (x x z) B)
x x (S x) S I (B (S (S x))) (K (B I)) (z x v3 (z (z B) I (v13 (v17 I v16)) (B I) z) K) v29 (K S x (z (I v1)) (x x z) B)
x x (S x) S I (B (S (S x))) (K (B I)) (z x v3 (z (z B) I (v13 (v17 I v16)) (B I) z) K) v29 (S (z (I v1)) (x x z) B)
x x (S x) S I (B (S (S x))) (K (B I)) (z x v3 (z (z B) I (v13 (v17 I v16)) (B I) z) K) v29 (z (I v1) B (x x z B))
x x (S x) S I (B (S (S x))) (K (B I)) (z x v3 (z (z B) I (v13 (v17 I v16)) (B I) z) K) v29 (z v1 B (x x z B))
x (S (K z) (z (v27 I) (S (z (v30 (z z))))) (z (z S) (x v18 (K S K K) (B (I (x (I x)) z))) (x (K (x I B)) B) x))
x (K z (z (z S) (x v18 (K S K K) (B (I (x (I x)) z))) (x (K (x I B)) B) x) (z (v27 I) (S (z (v30 (z z)))) (z (z S) (x v18 (K S K K) (B (I (x (I x)) z))) (x (K (x I B)) B) x)))
x (z (z (v27 I) (S (z (v30 (z z)))) (z (z S) (x v18 (K S K K) (B (I (x (I x)) z))) (x (K (x I B)) B) x)))
x (z (z (v27 I) (S (z (v30 (z z)))) (z (z S) (x v18 (S K) (B (I (x (I x)) z))) (x (K (x I B)) B) x)))
x (z (z (v27 I) (S (z (v30 (z z)))) (z (z S) (x v18 (S K) (B (x (I x) z))) (x (K (x I B)) B) x)))
x (z (z (v27 I) (S (z (v30 (z z)))) (z (z S) (x v18 (S K) (B (x x z))) (x (K (x I B)) B) x)))
