v6 (x K B) (K (B (S S)) (I (z (S (K K) z)))) z S
v6 (x K B) (B (S S)) z S
z (v21 v21 K (B I) (S z K v26)) (z (v17 z) (I B)) S z (z B S v20 K) (B B (B (K (x (I K) (v5 (K K (v7 I))))) (x (K S S) S K) (z (z (B (z x)))) (I (I K))) (z K K))
z (v21 v21 K (B I) (z v26 (K v26))) (z (v17 z) (I B)) S z (z B S v20 K) (B B (B (K (x (I K) (v5 (K K (v7 I))))) (x (K S S) S K) (z (z (B (z x)))) (I (I K))) (z K K))
z (v21 v21 K (B I) (z v26 (K v26))) (z (v17 z) B) S z (z B S v20 K) (B B (B (K (x (I K) (v5 (K K (v7 I))))) (x (K S S) S K) (z (z (B (z x)))) (I (I K))) (z K K))
z (v21 v21 K (B I) (z v26 (K v26))) (z (v17 z) B) S z (z B S v20 K) (B (B (K (x (I K) (v5 (K K (v7 I))))) (x (K S S) S K) (z (z (B (z x)))) (I (I K)) (z K K)))
z (v21 v21 K (B I) (z v26 (K v26))) (z (v17 z) B) S z (z B S v20 K) (B (K (x (I K) (v5 (K K (v7 I)))) (x (K S S) S K (z (z (B (z x))))) (I (I K)) (z K K)))
z (v21 v21 K (B I) (z v26 (K v26))) (z (v17 z) B) S z (z B S v20 K) (B (x (I K) (v5 (K K (v7 I))) (I (I K)) (z K K)))
z (v21 v21 K (B I) (z v26 (K v26))) (z (v17 z) B) S z (z B S v20 K) (B (x K (v5 (K K (v7 I))) (I (I K)) (z K K)))
z (v21 v21 K (B I) (z v26 (K v26))) (z (v17 z) B) S z (z B S v20 K) (B (x K (v5 K) (I (I K)) (z K K)))
z (v21 v21 K (B I) (z v26 (K v26))) (z (v17 z) B) S z (z B S v20 K) (B (x K (v5 K) (I K) (z K K)))
z (v21 v21 K (B I) (z v26 (K v26))) (z (v17 z) B) S z (z B S v20 K) (B (x K (v5 K) K (z K K)))
x B (B S S v15) (v27 x (x S x)) (I (x (z S) (x K (v3 (K K (K (x B)) x)) v7) (S v5 (K v27) (B (v24 z) (v4 v30) (B (v7 (v28 K) I z))) (S (S (x (K z)) (v11 z))) (B (K (x I x) B S) x) (S (x (x K)) (B K K) (S K)))) I)
x B (S (S v15)) (v27 x (x S x)) (I (x (z S) (x K (v3 (K K (K (x B)) x)) v7) (S v5 (K v27) (B (v24 z) (v4 v30) (B (v7 (v28 K) I z))) (S (S (x (K z)) (v11 z))) (B (K (x I x) B S) x) (S (x (x K)) (B K K) (S K)))) I)
x B (S (S v15)) (v27 x (x S x)) (x (z S) (x K (v3 (K K (K (x B)) x)) v7) (S v5 (K v27) (B (v24 z) (v4 v30) (B (v7 (v28 K) I z))) (S (S (x (K z)) (v11 z))) (B (K (x I x) B S) x) (S (x (x K)) (B K K) (S K))) I)
x B (S (S v15)) (v27 x (x S x)) (x (z S) (x K (v3 (K x)) v7) (S v5 (K v27) (B (v24 z) (v4 v30) (B (v7 (v28 K) I z))) (S (S (x (K z)) (v11 z))) (B (K (x I x) B S) x) (S (x (x K)) (B K K) (S K))) I)
x B (S (S v15)) (v27 x (x S x)) (x (z S) (x K (v3 (K x)) v7) (v5 (B (v24 z) (v4 v30) (B (v7 (v28 K) I z))) (K v27 (B (v24 z) (v4 v30) (B (v7 (v28 K) I z)))) (S (S (x (K z)) (v11 z))) (B (K (x I x) B S) x) (S (x (x K)) (B K K) (S K))) I)
x B (S (S v15)) (v27 x (x S x)) (x (z S) (x K (v3 (K x)) v7) (v5 (v24 z (v4 v30 (B (v7 (v28 K) I z)))) (K v27 (B (v24 z) (v4 v30) (B (v7 (v28 K) I z)))) (S (S (x (K z)) (v11 z))) (B (K (x I x) B S) x) (S (x (x K)) (B K K) (S K))) I)
x B (S (S v15)) (v27 x (x S x)) (x (z S) (x K (v3 (K x)) v7) (v5 (v24 z (v4 v30 (B (v7 (v28 K) I z)))) v27 (S (S (x (K z)) (v11 z))) (B (K (x I x) B S) x) (S (x (x K)) (B K K) (S K))) I)
x B (S (S v15)) (v27 x (x S x)) (x (z S) (x K (v3 (K x)) v7) (v5 (v24 z (v4 v30 (B (v7 (v28 K) I z)))) v27 (S (S (x (K z)) (v11 z))) (B (x I x S) x) (S (x (x K)) (B K K) (S K))) I)
x B (S (S v15)) (v27 x (x S x)) (x (z S) (x K (v3 (K x)) v7) (v5 (v24 z (v4 v30 (B (v7 (v28 K) I z)))) v27 (S (S (x (K z)) (v11 z))) (B (x I x S) x) (x (x K) (S K) (B K K (S K)))) I)
x B (S (S v15)) (v27 x (x S x)) (x (z S) (x K (v3 (K x)) v7) (v5 (v24 z (v4 v30 (B (v7 (v28 K) I z)))) v27 (S (S (x (K z)) (v11 z))) (B (x I x S) x) (x (x K) (S K) (K (K (S K))))) I)
x (z S) z (v13 x S (S z) v16 (S (S x S I (I z)) (S (x x) z I))) (v18 (S (S B) v0 K (S K)))
x (z S) z (v13 x S (S z) v16 (S (x I (S I) (I z)) (S (x x) z I))) (v18 (S (S B) v0 K (S K)))
x (z S) z (v13 x S (S z) v16 (S (x I (S I) z) (S (x x) z I))) (v18 (S (S B) v0 K (S K)))
x (z S) z (v13 x S (S z) v16 (S (x I (S I) z) (x x I (z I)))) (v18 (S (S B) v0 K (S K)))
x (z S) z (v13 x S (S z) v16 (S (x I (S I) z) (x x I (z I)))) (v18 (S B K (v0 K) (S K)))
x (z S) z (v13 x S (S z) v16 (S (x I (S I) z) (x x I (z I)))) (v18 (B (v0 K) (K (v0 K)) (S K)))
x (z S) z (v13 x S (S z) v16 (S (x I (S I) z) (x x I (z I)))) (v18 (v0 K (K (v0 K) (S K))))
x (z S) z (v13 x S (S z) v16 (S (x I (S I) z) (x x I (z I)))) (v18 (v0 K (v0 K)))
z (z x I (K (S K)) (I B (K (K I B) I) (S I (K z)))) (S z (K z) (K z))
z (z x I (K (S K)) (B (K (K I B) I) (S I (K z)))) (S z (K z) (K z))
z (z x I (K (S K)) (B (K I B) (S I (K z)))) (S z (K z) (K z))
z (z x I (K (S K)) (B I (S I (K z)))) (S z (K z) (K z))
z (z x I (K (S K)) (B I (S I (K z)))) (z (K z) (K z (K z)))
z (z x I (K (S K)) (B I (S I (K z)))) (z (K z) z)
I
I (S (S x)) (K (x I) (z S)) (v24 (v16 B) S) (x v11 K) z (B B x (K x (K K) (K v6) (x x (B (I (S K) S) (x K z))) (v8 v25)) (z (I v4) (I B)) (S (x K) (v0 I z)))
S (S x) (K (x I) (z S)) (v24 (v16 B) S) (x v11 K) z (B B x (K x (K K) (K v6) (x x (B (I (S K) S) (x K z))) (v8 v25)) (z (I v4) (I B)) (S (x K) (v0 I z)))
S x (v24 (v16 B) S) (K (x I) (z S) (v24 (v16 B) S)) (x v11 K) z (B B x (K x (K K) (K v6) (x x (B (I (S K) S) (x K z))) (v8 v25)) (z (I v4) (I B)) (S (x K) (v0 I z)))
x (K (x I) (z S) (v24 (v16 B) S)) (v24 (v16 B) S (K (x I) (z S) (v24 (v16 B) S))) (x v11 K) z (B B x (K x (K K) (K v6) (x x (B (I (S K) S) (x K z))) (v8 v25)) (z (I v4) (I B)) (S (x K) (v0 I z)))
x (x I (v24 (v16 B) S)) (v24 (v16 B) S (K (x I) (z S) (v24 (v16 B) S))) (x v11 K) z (B B x (K x (K K) (K v6) (x x (B (I (S K) S) (x K z))) (v8 v25)) (z (I v4) (I B)) (S (x K) (v0 I z)))
x (x I (v24 (v16 B) S)) (v24 (v16 B) S (x I (v24 (v16 B) S))) (x v11 K) z (B B x (K x (K K) (K v6) (x x (B (I (S K) S) (x K z))) (v8 v25)) (z (I v4) (I B)) (S (x K) (v0 I z)))
x (x I (v24 (v16 B) S)) (v24 (v16 B) S (x I (v24 (v16 B) S))) (x v11 K) z (B (x (K x (K K) (K v6) (x x (B (I (S K) S) (x K z))) (v8 v25))) (z (I v4) (I B)) (S (x K) (v0 I z)))
x (x I (v24 (v16 B) S)) (v24 (v16 B) S (x I (v24 (v16 B) S))) (x v11 K) z (x (K x (K K) (K v6) (x x (B (I (S K) S) (x K z))) (v8 v25)) (z (I v4) (I B) (S (x K) (v0 I z))))
x (x I (v24 (v16 B) S)) (v24 (v16 B) S (x I (v24 (v16 B) S))) (x v11 K) z (x (x (K v6) (x x (B (I (S K) S) (x K z))) (v8 v25)) (z (I v4) (I B) (S (x K) (v0 I z))))
x (x I (v24 (v16 B) S)) (v24 (v16 B) S (x I (v24 (v16 B) S))) (x v11 K) z (x (x (K v6) (x x (B (S K S) (x K z))) (v8 v25)) (z (I v4) (I B) (S (x K) (v0 I z))))
x (x I (v24 (v16 B) S)) (v24 (v16 B) S (x I (v24 (v16 B) S))) (x v11 K) z (x (x (K v6) (x x (B (S K S) (x K z))) (v8 v25)) (z v4 (I B) (S (x K) (v0 I z))))
x (x I (v24 (v16 B) S)) (v24 (v16 B) S (x I (v24 (v16 B) S))) (x v11 K) z (x (x (K v6) (x x (B (S K S) (x K z))) (v8 v25)) (z v4 B (S (x K) (v0 I z))))
B
I
S
