I
v22 (K x S B (x S (v22 (I I v23)) v23 K)) K z
v22 (x B (x S (v22 (I I v23)) v23 K)) K z
v22 (x B (x S (v22 (I v23)) v23 K)) K z
v22 (x B (x S (v22 v23) v23 K)) K z
v18 (z S (I (B K))) (I z) (z (B (I (B K K) (x B))) (K (B B B) S z) (v8 x) (I x)) x B
v18 (z S (B K)) (I z) (z (B (I (B K K) (x B))) (K (B B B) S z) (v8 x) (I x)) x B
v18 (z S (B K)) z (z (B (I (B K K) (x B))) (K (B B B) S z) (v8 x) (I x)) x B
v18 (z S (B K)) z (z (B (B K K (x B))) (K (B B B) S z) (v8 x) (I x)) x B
v18 (z S (B K)) z (z (B (K (K (x B)))) (K (B B B) S z) (v8 x) (I x)) x B
v18 (z S (B K)) z (z (B (K (K (x B)))) (B B B z) (v8 x) (I x)) x B
v18 (z S (B K)) z (z (B (K (K (x B)))) (B (B z)) (v8 x) (I x)) x B
v18 (z S (B K)) z (z (B (K (K (x B)))) (B (B z)) (v8 x) x) x B
S v9 (v8 (x x v30 (I (x v2)) z) K) (v2 S I (v18 (x z I) K) (z (x (z (x S)) z K (B x)) (B x (K (z (K K) x)) z))) (S (B (v18 z z) (S (K v1 z z))) (z (S K (z S I))) (S I x))
v9 (v2 S I (v18 (x z I) K) (z (x (z (x S)) z K (B x)) (B x (K (z (K K) x)) z))) (v8 (x x v30 (I (x v2)) z) K (v2 S I (v18 (x z I) K) (z (x (z (x S)) z K (B x)) (B x (K (z (K K) x)) z)))) (S (B (v18 z z) (S (K v1 z z))) (z (S K (z S I))) (S I x))
v9 (v2 S I (v18 (x z I) K) (z (x (z (x S)) z K (B x)) (x (K (z (K K) x) z)))) (v8 (x x v30 (I (x v2)) z) K (v2 S I (v18 (x z I) K) (z (x (z (x S)) z K (B x)) (B x (K (z (K K) x)) z)))) (S (B (v18 z z) (S (K v1 z z))) (z (S K (z S I))) (S I x))
v9 (v2 S I (v18 (x z I) K) (z (x (z (x S)) z K (B x)) (x (z (K K) x)))) (v8 (x x v30 (I (x v2)) z) K (v2 S I (v18 (x z I) K) (z (x (z (x S)) z K (B x)) (B x (K (z (K K) x)) z)))) (S (B (v18 z z) (S (K v1 z z))) (z (S K (z S I))) (S I x))
v9 (v2 S I (v18 (x z I) K) (z (x (z (x S)) z K (B x)) (x (z (K K) x)))) (v8 (x x v30 (x v2) z) K (v2 S I (v18 (x z I) K) (z (x (z (x S)) z K (B x)) (B x (K (z (K K) x)) z)))) (S (B (v18 z z) (S (K v1 z z))) (z (S K (z S I))) (S I x))
v9 (v2 S I (v18 (x z I) K) (z (x (z (x S)) z K (B x)) (x (z (K K) x)))) (v8 (x x v30 (x v2) z) K (v2 S I (v18 (x z I) K) (z (x (z (x S)) z K (B x)) (x (K (z (K K) x) z))))) (S (B (v18 z z) (S (K v1 z z))) (z (S K (z S I))) (S I x))
v9 (v2 S I (v18 (x z I) K) (z (x (z (x S)) z K (B x)) (x (z (K K) x)))) (v8 (x x v30 (x v2) z) K (v2 S I (v18 (x z I) K) (z (x (z (x S)) z K (B x)) (x (z (K K) x))))) (S (B (v18 z z) (S (K v1 z z))) (z (S K (z S I))) (S I x))
v9 (v2 S I (v18 (x z I) K) (z (x (z (x S)) z K (B x)) (x (z (K K) x)))) (v8 (x x v30 (x v2) z) K (v2 S I (v18 (x z I) K) (z (x (z (x S)) z K (B x)) (x (z (K K) x))))) (B (v18 z z) (S (K v1 z z)) (S I x) (z (S K (z S I)) (S I x)))
v9 (v2 S I (v18 (x z I) K) (z (x (z (x S)) z K (B x)) (x (z (K K) x)))) (v8 (x x v30 (x v2) z) K (v2 S I (v18 (x z I) K) (z (x (z (x S)) z K (B x)) (x (z (K K) x))))) (v18 z z (S (K v1 z z) (S I x)) (z (S K (z S I)) (S I x)))
v9 (v2 S I (v18 (x z I) K) (z (x (z (x S)) z K (B x)) (x (z (K K) x)))) (v8 (x x v30 (x v2) z) K (v2 S I (v18 (x z I) K) (z (x (z (x S)) z K (B x)) (x (z (K K) x))))) (v18 z z (S (v1 z) (S I x)) (z (S K (z S I)) (S I x)))
I (v21 z)
v21 z
B S (v0 (B (I z (v18 (S (K K)))) (z (v26 (B B))) (K B) K B))
B S (v0 (I z (v18 (S (K K))) (z (v26 (B B)) (K B)) K B))
B S (v0 (z (v18 (S (K K))) (z (v26 (B B)) (K B)) K B))
K (v23 v0 I) (x (x I) x (B (I (I (x S) S K K) (S (v18 K v9 I)) (B z)))) (I (B (v13 v28 B)))
v23 v0 I (I (B (v13 v28 B)))
v23 v0 I (B (v13 v28 B))
I (B (v26 I x) (K (K K B)) (z (I (v18 B v16)) (z (S z))) (v11 (v1 I (I x S)) v21 (v0 (S S)) K (B (B K (x (z z)) (I x))))) (I x S)
B (v26 I x) (K (K K B)) (z (I (v18 B v16)) (z (S z))) (v11 (v1 I (I x S)) v21 (v0 (S S)) K (B (B K (x (z z)) (I x)))) (I x S)
v26 I x (K (K K B) (z (I (v18 B v16)) (z (S z)))) (v11 (v1 I (I x S)) v21 (v0 (S S)) K (B (B K (x (z z)) (I x)))) (I x S)
v26 I x (K K B) (v11 (v1 I (I x S)) v21 (v0 (S S)) K (B (B K (x (z z)) (I x)))) (I x S)
v26 I x K (v11 (v1 I (I x S)) v21 (v0 (S S)) K (B (B K (x (z z)) (I x)))) (I x S)
v26 I x K (v11 (v1 I (x S)) v21 (v0 (S S)) K (B (B K (x (z z)) (I x)))) (I x S)
v26 I x K (v11 (v1 I (x S)) v21 (v0 (S S)) K (B (K (x (z z) (I x))))) (I x S)
v26 I x K (v11 (v1 I (x S)) v21 (v0 (S S)) K (B (K (x (z z) x)))) (I x S)
v26 I x K (v11 (v1 I (x S)) v21 (v0 (S S)) K (B (K (x (z z) x)))) (x S)
B (K K)
I
