S (S (K (S v11) (z (B K B) (x K (v22 I (v8 I))) (x x)))) (K (v10 (v13 (B K) (S z))) (x v17 x)) (x (S (B v9) (B B (z (z K) I))) (S z (S S (K (S v0) (B (x K B x)) v15 (B (S S)))) (S x)))
S (K (S v11) (z (B K B) (x K (v22 I (v8 I))) (x x))) (x (S (B v9) (B B (z (z K) I))) (S z (S S (K (S v0) (B (x K B x)) v15 (B (S S)))) (S x))) (K (v10 (v13 (B K) (S z))) (x v17 x) (x (S (B v9) (B B (z (z K) I))) (S z (S S (K (S v0) (B (x K B x)) v15 (B (S S)))) (S x))))
K (S v11) (z (B K B) (x K (v22 I (v8 I))) (x x)) (K (v10 (v13 (B K) (S z))) (x v17 x) (x (S (B v9) (B B (z (z K) I))) (S z (S S (K (S v0) (B (x K B x)) v15 (B (S S)))) (S x)))) (x (S (B v9) (B B (z (z K) I))) (S z (S S (K (S v0) (B (x K B x)) v15 (B (S S)))) (S x)) (K (v10 (v13 (B K) (S z))) (x v17 x) (x (S (B v9) (B B (z (z K) I))) (S z (S S (K (S v0) (B (x K B x)) v15 (B (S S)))) (S x)))))
S v11 (K (v10 (v13 (B K) (S z))) (x v17 x) (x (S (B v9) (B B (z (z K) I))) (S z (S S (K (S v0) (B (x K B x)) v15 (B (S S)))) (S x)))) (x (S (B v9) (B B (z (z K) I))) (S z (S S (K (S v0) (B (x K B x)) v15 (B (S S)))) (S x)) (K (v10 (v13 (B K) (S z))) (x v17 x) (x (S (B v9) (B B (z (z K) I))) (S z (S S (K (S v0) (B (x K B x)) v15 (B (S S)))) (S x)))))
v11 (x (S (B v9) (B B (z (z K) I))) (S z (S S (K (S v0) (B (x K B x)) v15 (B (S S)))) (S x)) (K (v10 (v13 (B K) (S z))) (x v17 x) (x (S (B v9) (B B (z (z K) I))) (S z (S S (K (S v0) (B (x K B x)) v15 (B (S S)))) (S x))))) (K (v10 (v13 (B K) (S z))) (x v17 x) (x (S (B v9) (B B (z (z K) I))) (S z (S S (K (S v0) (B (x K B x)) v15 (B (S S)))) (S x))) (x (S (B v9) (B B (z (z K) I))) (S z (S S (K (S v0) (B (x K B x)) v15 (B (S S)))) (S x)) (K (v10 (v13 (B K) (S z))) (x v17 x) (x (S (B v9) (B B (z (z K) I))) (S z (S S (K (S v0) (B (x K B x)) v15 (B (S S)))) (S x))))))
v11 (x (S (B v9) (B B (z (z K) I))) (z (S x) (S S (K (S v0) (B (x K B x)) v15 (B (S S))) (S x))) (K (v10 (v13 (B K) (S z))) (x v17 x) (x (S (B v9) (B B (z (z K) I))) (S z (S S (K (S v0) (B (x K B x)) v15 (B (S S)))) (S x))))) (K (v10 (v13 (B K) (S z))) (x v17 x) (x (S (B v9) (B B (z (z K) I))) (S z (S S (K (S v0) (B (x K B x)) v15 (B (S S)))) (S x))) (x (S (B v9) (B B (z (z K) I))) (S z (S S (K (S v0) (B (x K B x)) v15 (B (S S)))) (S x)) (K (v10 (v13 (B K) (S z))) (x v17 x) (x (S (B v9) (B B (z (z K) I))) (S z (S S (K (S v0) (B (x K B x)) v15 (B (S S)))) (S x))))))
v11 (x (S (B v9) (B B (z (z K) I))) (z (S x) (S (S x) (K (S v0) (B (x K B x)) v15 (B (S S)) (S x)))) (K (v10 (v13 (B K) (S z))) (x v17 x) (x (S (B v9) (B B (z (z K) I))) (S z (S S (K (S v0) (B (x K B x)) v15 (B (S S)))) (S x))))) (K (v10 (v13 (B K) (S z))) (x v17 x) (x (S (B v9) (B B (z (z K) I))) (S z (S S (K (S v0) (B (x K B x)) v15 (B (S S)))) (S x))) (x (S (B v9) (B B (z (z K) I))) (S z (S S (K (S v0) (B (x K B x)) v15 (B (S S)))) (S x)) (K (v10 (v13 (B K) (S z))) (x v17 x) (x (S (B v9) (B B (z (z K) I))) (S z (S S (K (S v0) (B (x K B x)) v15 (B (S S)))) (S x))))))
v11 (x (S (B v9) (B B (z (z K) I))) (z (S x) (S (S x) (S v0 v15 (B (S S)) (S x)))) (K (v10 (v13 (B K) (S z))) (x v17 x) (x (S (B v9) (B B (z (z K) I))) (S z (S S (K (S v0) (B (x K B x)) v15 (B (S S)))) (S x))))) (K (v10 (v13 (B K) (S z))) (x v17 x) (x (S (B v9) (B B (z (z K) I))) (S z (S S (K (S v0) (B (x K B x)) v15 (B (S S)))) (S x))) (x (S (B v9) (B B (z (z K) I))) (S z (S S (K (S v0) (B (x K B x)) v15 (B (S S)))) (S x)) (K (v10 (v13 (B K) (S z))) (x v17 x) (x (S (B v9) (B B (z (z K) I))) (S z (S S (K (S v0) (B (x K B x)) v15 (B (S S)))) (S x))))))
v11 (x (S (B v9) (B B (z (z K) I))) (z (S x) (S (S x) (v0 (B (S S)) (v15 (B (S S))) (S x)))) (K (v10 (v13 (B K) (S z))) (x v17 x) (x (S (B v9) (B B (z (z K) I))) (S z (S S (K (S v0) (B (x K B x)) v15 (B (S S)))) (S x))))) (K (v10 (v13 (B K) (S z))) (x v17 x) (x (S (B v9) (B B (z (z K) I))) (S z (S S (K (S v0) (B (x K B x)) v15 (B (S S)))) (S x))) (x (S (B v9) (B B (z (z K) I))) (S z (S S (K (S v0) (B (x K B x)) v15 (B (S S)))) (S x)) (K (v10 (v13 (B K) (S z))) (x v17 x) (x (S (B v9) (B B (z (z K) I))) (S z (S S (K (S v0) (B (x K B x)) v15 (B (S S)))) (S x))))))
v11 (x (S (B v9) (B B (z (z K) I))) (z (S x) (S (S x) (v0 (B (S S)) (v15 (B (S S))) (S x)))) (v10 (v13 (B K) (S z)) (x (S (B v9) (B B (z (z K) I))) (S z (S S (K (S v0) (B (x K B x)) v15 (B (S S)))) (S x))))) (K (v10 (v13 (B K) (S z))) (x v17 x) (x (S (B v9) (B B (z (z K) I))) (S z (S S (K (S v0) (B (x K B x)) v15 (B (S S)))) (S x))) (x (S (B v9) (B B (z (z K) I))) (S z (S S (K (S v0) (B (x K B x)) v15 (B (S S)))) (S x)) (K (v10 (v13 (B K) (S z))) (x v17 x) (x (S (B v9) (B B (z (z K) I))) (S z (S S (K (S v0) (B (x K B x)) v15 (B (S S)))) (S x))))))
v11 (x (S (B v9) (B B (z (z K) I))) (z (S x) (S (S x) (v0 (B (S S)) (v15 (B (S S))) (S x)))) (v10 (v13 (B K) (S z)) (x (S (B v9) (B B (z (z K) I))) (z (S x) (S S (K (S v0) (B (x K B x)) v15 (B (S S))) (S x)))))) (K (v10 (v13 (B K) (S z))) (x v17 x) (x (S (B v9) (B B (z (z K) I))) (S z (S S (K (S v0) (B (x K B x)) v15 (B (S S)))) (S x))) (x (S (B v9) (B B (z (z K) I))) (S z (S S (K (S v0) (B (x K B x)) v15 (B (S S)))) (S x)) (K (v10 (v13 (B K) (S z))) (x v17 x) (x (S (B v9) (B B (z (z K) I))) (S z (S S (K (S v0) (B (x K B x)) v15 (B (S S)))) (S x))))))
v11 (x (S (B v9) (B B (z (z K) I))) (z (S x) (S (S x) (v0 (B (S S)) (v15 (B (S S))) (S x)))) (v10 (v13 (B K) (S z)) (x (S (B v9) (B B (z (z K) I))) (z (S x) (S (S x) (K (S v0) (B (x K B x)) v15 (B (S S)) (S x))))))) (K (v10 (v13 (B K) (S z))) (x v17 x) (x (S (B v9) (B B (z (z K) I))) (S z (S S (K (S v0) (B (x K B x)) v15 (B (S S)))) (S x))) (x (S (B v9) (B B (z (z K) I))) (S z (S S (K (S v0) (B (x K B x)) v15 (B (S S)))) (S x)) (K (v10 (v13 (B K) (S z))) (x v17 x) (x (S (B v9) (B B (z (z K) I))) (S z (S S (K (S v0) (B (x K B x)) v15 (B (S S)))) (S x))))))
v11 (x (S (B v9) (B B (z (z K) I))) (z (S x) (S (S x) (v0 (B (S S)) (v15 (B (S S))) (S x)))) (v10 (v13 (B K) (S z)) (x (S (B v9) (B B (z (z K) I))) (z (S x) (S (S x) (S v0 v15 (B (S S)) (S x))))))) (K (v10 (v13 (B K) (S z))) (x v17 x) (x (S (B v9) (B B (z (z K) I))) (S z (S S (K (S v0) (B (x K B x)) v15 (B (S S)))) (S x))) (x (S (B v9) (B B (z (z K) I))) (S z (S S (K (S v0) (B (x K B x)) v15 (B (S S)))) (S x)) (K (v10 (v13 (B K) (S z))) (x v17 x) (x (S (B v9) (B B (z (z K) I))) (S z (S S (K (S v0) (B (x K B x)) v15 (B (S S)))) (S x))))))
v11 (x (S (B v9) (B B (z (z K) I))) (z (S x) (S (S x) (v0 (B (S S)) (v15 (B (S S))) (S x)))) (v10 (v13 (B K) (S z)) (x (S (B v9) (B B (z (z K) I))) (z (S x) (S (S x) (v0 (B (S S)) (v15 (B (S S))) (S x))))))) (K (v10 (v13 (B K) (S z))) (x v17 x) (x (S (B v9) (B B (z (z K) I))) (S z (S S (K (S v0) (B (x K B x)) v15 (B (S S)))) (S x))) (x (S (B v9) (B B (z (z K) I))) (S z (S S (K (S v0) (B (x K B x)) v15 (B (S S)))) (S x)) (K (v10 (v13 (B K) (S z))) (x v17 x) (x (S (B v9) (B B (z (z K) I))) (S z (S S (K (S v0) (B (x K B x)) v15 (B (S S)))) (S x))))))
v11 (x (S (B v9) (B B (z (z K) I))) (z (S x) (S (S x) (v0 (B (S S)) (v15 (B (S S))) (S x)))) (v10 (v13 (B K) (S z)) (x (S (B v9) (B B (z (z K) I))) (z (S x) (S (S x) (v0 (B (S S)) (v15 (B (S S))) (S x))))))) (v10 (v13 (B K) (S z)) (x (S (B v9) (B B (z (z K) I))) (S z (S S (K (S v0) (B (x K B x)) v15 (B (S S)))) (S x))) (x (S (B v9) (B B (z (z K) I))) (S z (S S (K (S v0) (B (x K B x)) v15 (B (S S)))) (S x)) (K (v10 (v13 (B K) (S z))) (x v17 x) (x (S (B v9) (B B (z (z K) I))) (S z (S S (K (S v0) (B (x K B x)) v15 (B (S S)))) (S x))))))
v11 (x (S (B v9) (B B (z (z K) I))) (z (S x) (S (S x) (v0 (B (S S)) (v15 (B (S S))) (S x)))) (v10 (v13 (B K) (S z)) (x (S (B v9) (B B (z (z K) I))) (z (S x) (S (S x) (v0 (B (S S)) (v15 (B (S S))) (S x))))))) (v10 (v13 (B K) (S z)) (x (S (B v9) (B B (z (z K) I))) (z (S x) (S S (K (S v0) (B (x K B x)) v15 (B (S S))) (S x)))) (x (S (B v9) (B B (z (z K) I))) (S z (S S (K (S v0) (B (x K B x)) v15 (B (S S)))) (S x)) (K (v10 (v13 (B K) (S z))) (x v17 x) (x (S (B v9) (B B (z (z K) I))) (S z (S S (K (S v0) (B (x K B x)) v15 (B (S S)))) (S x))))))
v11 (x (S (B v9) (B B (z (z K) I))) (z (S x) (S (S x) (v0 (B (S S)) (v15 (B (S S))) (S x)))) (v10 (v13 (B K) (S z)) (x (S (B v9) (B B (z (z K) I))) (z (S x) (S (S x) (v0 (B (S S)) (v15 (B (S S))) (S x))))))) (v10 (v13 (B K) (S z)) (x (S (B v9) (B B (z (z K) I))) (z (S x) (S (S x) (K (S v0) (B (x K B x)) v15 (B (S S)) (S x))))) (x (S (B v9) (B B (z (z K) I))) (S z (S S (K (S v0) (B (x K B x)) v15 (B (S S)))) (S x)) (K (v10 (v13 (B K) (S z))) (x v17 x) (x (S (B v9) (B B (z (z K) I))) (S z (S S (K (S v0) (B (x K B x)) v15 (B (S S)))) (S x))))))
v11 (x (S (B v9) (B B (z (z K) I))) (z (S x) (S (S x) (v0 (B (S S)) (v15 (B (S S))) (S x)))) (v10 (v13 (B K) (S z)) (x (S (B v9) (B B (z (z K) I))) (z (S x) (S (S x) (v0 (B (S S)) (v15 (B (S S))) (S x))))))) (v10 (v13 (B K) (S z)) (x (S (B v9) (B B (z (z K) I))) (z (S x) (S (S x) (S v0 v15 (B (S S)) (S x))))) (x (S (B v9) (B B (z (z K) I))) (S z (S S (K (S v0) (B (x K B x)) v15 (B (S S)))) (S x)) (K (v10 (v13 (B K) (S z))) (x v17 x) (x (S (B v9) (B B (z (z K) I))) (S z (S S (K (S v0) (B (x K B x)) v15 (B (S S)))) (S x))))))
v11 (x (S (B v9) (B B (z (z K) I))) (z (S x) (S (S x) (v0 (B (S S)) (v15 (B (S S))) (S x)))) (v10 (v13 (B K) (S z)) (x (S (B v9) (B B (z (z K) I))) (z (S x) (S (S x) (v0 (B (S S)) (v15 (B (S S))) (S x))))))) (v10 (v13 (B K) (S z)) (x (S (B v9) (B B (z (z K) I))) (z (S x) (S (S x) (v0 (B (S S)) (v15 (B (S S))) (S x))))) (x (S (B v9) (B B (z (z K) I))) (S z (S S (K (S v0) (B (x K B x)) v15 (B (S S)))) (S x)) (K (v10 (v13 (B K) (S z))) (x v17 x) (x (S (B v9) (B B (z (z K) I))) (S z (S S (K (S v0) (B (x K B x)) v15 (B (S S)))) (S x))))))
v11 (x (S (B v9) (B B (z (z K) I))) (z (S x) (S (S x) (v0 (B (S S)) (v15 (B (S S))) (S x)))) (v10 (v13 (B K) (S z)) (x (S (B v9) (B B (z (z K) I))) (z (S x) (S (S x) (v0 (B (S S)) (v15 (B (S S))) (S x))))))) (v10 (v13 (B K) (S z)) (x (S (B v9) (B B (z (z K) I))) (z (S x) (S (S x) (v0 (B (S S)) (v15 (B (S S))) (S x))))) (x (S (B v9) (B B (z (z K) I))) (z (S x) (S S (K (S v0) (B (x K B x)) v15 (B (S S))) (S x))) (K (v10 (v13 (B K) (S z))) (x v17 x) (x (S (B v9) (B B (z (z K) I))) (S z (S S (K (S v0) (B (x K B x)) v15 (B (S S)))) (S x))))))
v11 (x (S (B v9) (B B (z (z K) I))) (z (S x) (S (S x) (v0 (B (S S)) (v15 (B (S S))) (S x)))) (v10 (v13 (B K) (S z)) (x (S (B v9) (B B (z (z K) I))) (z (S x) (S (S x) (v0 (B (S S)) (v15 (B (S S))) (S x))))))) (v10 (v13 (B K) (S z)) (x (S (B v9) (B B (z (z K) I))) (z (S x) (S (S x) (v0 (B (S S)) (v15 (B (S S))) (S x))))) (x (S (B v9) (B B (z (z K) I))) (z (S x) (S (S x) (K (S v0) (B (x K B x)) v15 (B (S S)) (S x)))) (K (v10 (v13 (B K) (S z))) (x v17 x) (x (S (B v9) (B B (z (z K) I))) (S z (S S (K (S v0) (B (x K B x)) v15 (B (S S)))) (S x))))))
v11 (x (S (B v9) (B B (z (z K) I))) (z (S x) (S (S x) (v0 (B (S S)) (v15 (B (S S))) (S x)))) (v10 (v13 (B K) (S z)) (x (S (B v9) (B B (z (z K) I))) (z (S x) (S (S x) (v0 (B (S S)) (v15 (B (S S))) (S x))))))) (v10 (v13 (B K) (S z)) (x (S (B v9) (B B (z (z K) I))) (z (S x) (S (S x) (v0 (B (S S)) (v15 (B (S S))) (S x))))) (x (S (B v9) (B B (z (z K) I))) (z (S x) (S (S x) (S v0 v15 (B (S S)) (S x)))) (K (v10 (v13 (B K) (S z))) (x v17 x) (x (S (B v9) (B B (z (z K) I))) (S z (S S (K (S v0) (B (x K B x)) v15 (B (S S)))) (S x))))))
v11 (x (S (B v9) (B B (z (z K) I))) (z (S x) (S (S x) (v0 (B (S S)) (v15 (B (S S))) (S x)))) (v10 (v13 (B K) (S z)) (x (S (B v9) (B B (z (z K) I))) (z (S x) (S (S x) (v0 (B (S S)) (v15 (B (S S))) (S x))))))) (v10 (v13 (B K) (S z)) (x (S (B v9) (B B (z (z K) I))) (z (S x) (S (S x) (v0 (B (S S)) (v15 (B (S S))) (S x))))) (x (S (B v9) (B B (z (z K) I))) (z (S x) (S (S x) (v0 (B (S S)) (v15 (B (S S))) (S x)))) (K (v10 (v13 (B K) (S z))) (x v17 x) (x (S (B v9) (B B (z (z K) I))) (S z (S S (K (S v0) (B (x K B x)) v15 (B (S S)))) (S x))))))
v11 (x (S (B v9) (B B (z (z K) I))) (z (S x) (S (S x) (v0 (B (S S)) (v15 (B (S S))) (S x)))) (v10 (v13 (B K) (S z)) (x (S (B v9) (B B (z (z K) I))) (z (S x) (S (S x) (v0 (B (S S)) (v15 (B (S S))) (S x))))))) (v10 (v13 (B K) (S z)) (x (S (B v9) (B B (z (z K) I))) (z (S x) (S (S x) (v0 (B (S S)) (v15 (B (S S))) (S x))))) (x (S (B v9) (B B (z (z K) I))) (z (S x) (S (S x) (v0 (B (S S)) (v15 (B (S S))) (S x)))) (v10 (v13 (B K) (S z)) (x (S (B v9) (B B (z (z K) I))) (S z (S S (K (S v0) (B (x K B x)) v15 (B (S S)))) (S x))))))
v11 (x (S (B v9) (B B (z (z K) I))) (z (S x) (S (S x) (v0 (B (S S)) (v15 (B (S S))) (S x)))) (v10 (v13 (B K) (S z)) (x (S (B v9) (B B (z (z K) I))) (z (S x) (S (S x) (v0 (B (S S)) (v15 (B (S S))) (S x))))))) (v10 (v13 (B K) (S z)) (x (S (B v9) (B B (z (z K) I))) (z (S x) (S (S x) (v0 (B (S S)) (v15 (B (S S))) (S x))))) (x (S (B v9) (B B (z (z K) I))) (z (S x) (S (S x) (v0 (B (S S)) (v15 (B (S S))) (S x)))) (v10 (v13 (B K) (S z)) (x (S (B v9) (B B (z (z K) I))) (z (S x) (S S (K (S v0) (B (x K B x)) v15 (B (S S))) (S x)))))))
v11 (x (S (B v9) (B B (z (z K) I))) (z (S x) (S (S x) (v0 (B (S S)) (v15 (B (S S))) (S x)))) (v10 (v13 (B K) (S z)) (x (S (B v9) (B B (z (z K) I))) (z (S x) (S (S x) (v0 (B (S S)) (v15 (B (S S))) (S x))))))) (v10 (v13 (B K) (S z)) (x (S (B v9) (B B (z (z K) I))) (z (S x) (S (S x) (v0 (B (S S)) (v15 (B (S S))) (S x))))) (x (S (B v9) (B B (z (z K) I))) (z (S x) (S (S x) (v0 (B (S S)) (v15 (B (S S))) (S x)))) (v10 (v13 (B K) (S z)) (x (S (B v9) (B B (z (z K) I))) (z (S x) (S (S x) (K (S v0) (B (x K B x)) v15 (B (S S)) (S x))))))))
v11 (x (S (B v9) (B B (z (z K) I))) (z (S x) (S (S x) (v0 (B (S S)) (v15 (B (S S))) (S x)))) (v10 (v13 (B K) (S z)) (x (S (B v9) (B B (z (z K) I))) (z (S x) (S (S x) (v0 (B (S S)) (v15 (B (S S))) (S x))))))) (v10 (v13 (B K) (S z)) (x (S (B v9) (B B (z (z K) I))) (z (S x) (S (S x) (v0 (B (S S)) (v15 (B (S S))) (S x))))) (x (S (B v9) (B B (z (z K) I))) (z (S x) (S (S x) (v0 (B (S S)) (v15 (B (S S))) (S x)))) (v10 (v13 (B K) (S z)) (x (S (B v9) (B B (z (z K) I))) (z (S x) (S (S x) (S v0 v15 (B (S S)) (S x))))))))
v11 (x (S (B v9) (B B (z (z K) I))) (z (S x) (S (S x) (v0 (B (S S)) (v15 (B (S S))) (S x)))) (v10 (v13 (B K) (S z)) (x (S (B v9) (B B (z (z K) I))) (z (S x) (S (S x) (v0 (B (S S)) (v15 (B (S S))) (S x))))))) (v10 (v13 (B K) (S z)) (x (S (B v9) (B B (z (z K) I))) (z (S x) (S (S x) (v0 (B (S S)) (v15 (B (S S))) (S x))))) (x (S (B v9) (B B (z (z K) I))) (z (S x) (S (S x) (v0 (B (S S)) (v15 (B (S S))) (S x)))) (v10 (v13 (B K) (S z)) (x (S (B v9) (B B (z (z K) I))) (z (S x) (S (S x) (v0 (B (S S)) (v15 (B (S S))) (S x))))))))
S
x
K (I (v27 S (x K) (z (S z)) (v24 S (v16 I)) S) (K (v27 (x x) v24 I I)) (K z v3 (B S))) (B x (B (B (I z z (z v26) (x S (z I S)))) (B (x (S I (S z S v29) (B (z (B K) (I x S v25 S))))))))
I (v27 S (x K) (z (S z)) (v24 S (v16 I)) S) (K (v27 (x x) v24 I I)) (K z v3 (B S))
v27 S (x K) (z (S z)) (v24 S (v16 I)) S (K (v27 (x x) v24 I I)) (K z v3 (B S))
v27 S (x K) (z (S z)) (v24 S (v16 I)) S (K (v27 (x x) v24 I I)) (z (B S))
I (S (B (I z (K (S (B S))))) (K (v24 (B x) x)) (S B x)) (I z z (B z))
S (B (I z (K (S (B S))))) (K (v24 (B x) x)) (S B x) (I z z (B z))
B (I z (K (S (B S)))) (S B x) (K (v24 (B x) x) (S B x)) (I z z (B z))
I z (K (S (B S))) (S B x (K (v24 (B x) x) (S B x))) (I z z (B z))
z (K (S (B S))) (S B x (K (v24 (B x) x) (S B x))) (I z z (B z))
z (K (S (B S))) (B (K (v24 (B x) x) (S B x)) (x (K (v24 (B x) x) (S B x)))) (I z z (B z))
z (K (S (B S))) (B (v24 (B x) x) (x (K (v24 (B x) x) (S B x)))) (I z z (B z))
z (K (S (B S))) (B (v24 (B x) x) (x (v24 (B x) x))) (I z z (B z))
z (K (S (B S))) (B (v24 (B x) x) (x (v24 (B x) x))) (z z (B z))
S
v22
I (K (I (B (B x))) (B S z) (I (S S B (S (x (z (S (v2 (z (x I))))))))) (x I z (K I)))
K (I (B (B x))) (B S z) (I (S S B (S (x (z (S (v2 (z (x I))))))))) (x I z (K I))
I (B (B x)) (I (S S B (S (x (z (S (v2 (z (x I))))))))) (x I z (K I))
B (B x) (I (S S B (S (x (z (S (v2 (z (x I))))))))) (x I z (K I))
B x (I (S S B (S (x (z (S (v2 (z (x I)))))))) (x I z (K I)))
B x (S S B (S (x (z (S (v2 (z (x I))))))) (x I z (K I)))
B x (S (S (x (z (S (v2 (z (x I))))))) (B (S (x (z (S (v2 (z (x I)))))))) (x I z (K I)))
B x (S (x (z (S (v2 (z (x I)))))) (x I z (K I)) (B (S (x (z (S (v2 (z (x I))))))) (x I z (K I))))
B x (x (z (S (v2 (z (x I))))) (B (S (x (z (S (v2 (z (x I))))))) (x I z (K I))) (x I z (K I) (B (S (x (z (S (v2 (z (x I))))))) (x I z (K I)))))
v28 (x (x (K I (I (S B z))))) I (K I) (I S (x (x K)) (S K v30 B) (x v12 z (v20 (v5 K)) (K (S B)) (v9 (x v26) K (I S S I (I (I z (z (S (I z)))))))) v21 z)
v28 (x (x I)) I (K I) (I S (x (x K)) (S K v30 B) (x v12 z (v20 (v5 K)) (K (S B)) (v9 (x v26) K (I S S I (I (I z (z (S (I z)))))))) v21 z)
v28 (x (x I)) I (K I) (S (x (x K)) (S K v30 B) (x v12 z (v20 (v5 K)) (K (S B)) (v9 (x v26) K (I S S I (I (I z (z (S (I z)))))))) v21 z)
v28 (x (x I)) I (K I) (x (x K) (x v12 z (v20 (v5 K)) (K (S B)) (v9 (x v26) K (I S S I (I (I z (z (S (I z)))))))) (S K v30 B (x v12 z (v20 (v5 K)) (K (S B)) (v9 (x v26) K (I S S I (I (I z (z (S (I z))))))))) v21 z)
v28 (x (x I)) I (K I) (x (x K) (x v12 z (v20 (v5 K)) (K (S B)) (v9 (x v26) K (S S I (I (I z (z (S (I z)))))))) (S K v30 B (x v12 z (v20 (v5 K)) (K (S B)) (v9 (x v26) K (I S S I (I (I z (z (S (I z))))))))) v21 z)
v28 (x (x I)) I (K I) (x (x K) (x v12 z (v20 (v5 K)) (K (S B)) (v9 (x v26) K (S (I (I z (z (S (I z))))) (I (I (I z (z (S (I z))))))))) (S K v30 B (x v12 z (v20 (v5 K)) (K (S B)) (v9 (x v26) K (I S S I (I (I z (z (S (I z))))))))) v21 z)
v28 (x (x I)) I (K I) (x (x K) (x v12 z (v20 (v5 K)) (K (S B)) (v9 (x v26) K (S (I z (z (S (I z)))) (I (I (I z (z (S (I z))))))))) (S K v30 B (x v12 z (v20 (v5 K)) (K (S B)) (v9 (x v26) K (I S S I (I (I z (z (S (I z))))))))) v21 z)
v28 (x (x I)) I (K I) (x (x K) (x v12 z (v20 (v5 K)) (K (S B)) (v9 (x v26) K (S (z (z (S (I z)))) (I (I (I z (z (S (I z))))))))) (S K v30 B (x v12 z (v20 (v5 K)) (K (S B)) (v9 (x v26) K (I S S I (I (I z (z (S (I z))))))))) v21 z)
v28 (x (x I)) I (K I) (x (x K) (x v12 z (v20 (v5 K)) (K (S B)) (v9 (x v26) K (S (z (z (S z))) (I (I (I z (z (S (I z))))))))) (S K v30 B (x v12 z (v20 (v5 K)) (K (S B)) (v9 (x v26) K (I S S I (I (I z (z (S (I z))))))))) v21 z)
v28 (x (x I)) I (K I) (x (x K) (x v12 z (v20 (v5 K)) (K (S B)) (v9 (x v26) K (S (z (z (S z))) (I (I z (z (S (I z)))))))) (S K v30 B (x v12 z (v20 (v5 K)) (K (S B)) (v9 (x v26) K (I S S I (I (I z (z (S (I z))))))))) v21 z)
v28 (x (x I)) I (K I) (x (x K) (x v12 z (v20 (v5 K)) (K (S B)) (v9 (x v26) K (S (z (z (S z))) (I z (z (S (I z))))))) (S K v30 B (x v12 z (v20 (v5 K)) (K (S B)) (v9 (x v26) K (I S S I (I (I z (z (S (I z))))))))) v21 z)
v28 (x (x I)) I (K I) (x (x K) (x v12 z (v20 (v5 K)) (K (S B)) (v9 (x v26) K (S (z (z (S z))) (z (z (S (I z))))))) (S K v30 B (x v12 z (v20 (v5 K)) (K (S B)) (v9 (x v26) K (I S S I (I (I z (z (S (I z))))))))) v21 z)
v28 (x (x I)) I (K I) (x (x K) (x v12 z (v20 (v5 K)) (K (S B)) (v9 (x v26) K (S (z (z (S z))) (z (z (S z)))))) (S K v30 B (x v12 z (v20 (v5 K)) (K (S B)) (v9 (x v26) K (I S S I (I (I z (z (S (I z))))))))) v21 z)
v28 (x (x I)) I (K I) (x (x K) (x v12 z (v20 (v5 K)) (K (S B)) (v9 (x v26) K (S (z (z (S z))) (z (z (S z)))))) (K B (v30 B) (x v12 z (v20 (v5 K)) (K (S B)) (v9 (x v26) K (I S S I (I (I z (z (S (I z))))))))) v21 z)
v28 (x (x I)) I (K I) (x (x K) (x v12 z (v20 (v5 K)) (K (S B)) (v9 (x v26) K (S (z (z (S z))) (z (z (S z)))))) (B (x v12 z (v20 (v5 K)) (K (S B)) (v9 (x v26) K (I S S I (I (I z (z (S (I z))))))))) v21 z)
v28 (x (x I)) I (K I) (x (x K) (x v12 z (v20 (v5 K)) (K (S B)) (v9 (x v26) K (S (z (z (S z))) (z (z (S z)))))) (B (x v12 z (v20 (v5 K)) (K (S B)) (v9 (x v26) K (S S I (I (I z (z (S (I z))))))))) v21 z)
v28 (x (x I)) I (K I) (x (x K) (x v12 z (v20 (v5 K)) (K (S B)) (v9 (x v26) K (S (z (z (S z))) (z (z (S z)))))) (B (x v12 z (v20 (v5 K)) (K (S B)) (v9 (x v26) K (S (I (I z (z (S (I z))))) (I (I (I z (z (S (I z)))))))))) v21 z)
v28 (x (x I)) I (K I) (x (x K) (x v12 z (v20 (v5 K)) (K (S B)) (v9 (x v26) K (S (z (z (S z))) (z (z (S z)))))) (B (x v12 z (v20 (v5 K)) (K (S B)) (v9 (x v26) K (S (I z (z (S (I z)))) (I (I (I z (z (S (I z)))))))))) v21 z)
v28 (x (x I)) I (K I) (x (x K) (x v12 z (v20 (v5 K)) (K (S B)) (v9 (x v26) K (S (z (z (S z))) (z (z (S z)))))) (B (x v12 z (v20 (v5 K)) (K (S B)) (v9 (x v26) K (S (z (z (S (I z)))) (I (I (I z (z (S (I z)))))))))) v21 z)
v28 (x (x I)) I (K I) (x (x K) (x v12 z (v20 (v5 K)) (K (S B)) (v9 (x v26) K (S (z (z (S z))) (z (z (S z)))))) (B (x v12 z (v20 (v5 K)) (K (S B)) (v9 (x v26) K (S (z (z (S z))) (I (I (I z (z (S (I z)))))))))) v21 z)
v28 (x (x I)) I (K I) (x (x K) (x v12 z (v20 (v5 K)) (K (S B)) (v9 (x v26) K (S (z (z (S z))) (z (z (S z)))))) (B (x v12 z (v20 (v5 K)) (K (S B)) (v9 (x v26) K (S (z (z (S z))) (I (I z (z (S (I z))))))))) v21 z)
v28 (x (x I)) I (K I) (x (x K) (x v12 z (v20 (v5 K)) (K (S B)) (v9 (x v26) K (S (z (z (S z))) (z (z (S z)))))) (B (x v12 z (v20 (v5 K)) (K (S B)) (v9 (x v26) K (S (z (z (S z))) (I z (z (S (I z)))))))) v21 z)
v28 (x (x I)) I (K I) (x (x K) (x v12 z (v20 (v5 K)) (K (S B)) (v9 (x v26) K (S (z (z (S z))) (z (z (S z)))))) (B (x v12 z (v20 (v5 K)) (K (S B)) (v9 (x v26) K (S (z (z (S z))) (z (z (S (I z)))))))) v21 z)
v28 (x (x I)) I (K I) (x (x K) (x v12 z (v20 (v5 K)) (K (S B)) (v9 (x v26) K (S (z (z (S z))) (z (z (S z)))))) (B (x v12 z (v20 (v5 K)) (K (S B)) (v9 (x v26) K (S (z (z (S z))) (z (z (S z))))))) v21 z)
v21 B (S K) (v11 I (x z)) (x z) (x (B (v13 z)))
