v9 K (z K B (B K) (x (v0 (z (S (z z) I v16))) (K v7 S (B I z z (I B (B (x I)) (z S K)) (x (S K))))) (I (I (z B) (I B (z x S I) (v18 (I I) B (S (z z) z)) z))) (I (x x v24)))
v9 K (z K B (B K) (x (v0 (z (z z v16 (I v16)))) (K v7 S (B I z z (I B (B (x I)) (z S K)) (x (S K))))) (I (I (z B) (I B (z x S I) (v18 (I I) B (S (z z) z)) z))) (I (x x v24)))
v9 K (z K B (B K) (x (v0 (z (z z v16 v16))) (K v7 S (B I z z (I B (B (x I)) (z S K)) (x (S K))))) (I (I (z B) (I B (z x S I) (v18 (I I) B (S (z z) z)) z))) (I (x x v24)))
v9 K (z K B (B K) (x (v0 (z (z z v16 v16))) (v7 (B I z z (I B (B (x I)) (z S K)) (x (S K))))) (I (I (z B) (I B (z x S I) (v18 (I I) B (S (z z) z)) z))) (I (x x v24)))
v9 K (z K B (B K) (x (v0 (z (z z v16 v16))) (v7 (I (z z) (I B (B (x I)) (z S K)) (x (S K))))) (I (I (z B) (I B (z x S I) (v18 (I I) B (S (z z) z)) z))) (I (x x v24)))
v9 K (z K B (B K) (x (v0 (z (z z v16 v16))) (v7 (z z (I B (B (x I)) (z S K)) (x (S K))))) (I (I (z B) (I B (z x S I) (v18 (I I) B (S (z z) z)) z))) (I (x x v24)))
v9 K (z K B (B K) (x (v0 (z (z z v16 v16))) (v7 (z z (B (B (x I)) (z S K)) (x (S K))))) (I (I (z B) (I B (z x S I) (v18 (I I) B (S (z z) z)) z))) (I (x x v24)))
v9 K (z K B (B K) (x (v0 (z (z z v16 v16))) (v7 (z z (B (B (x I)) (z S K)) (x (S K))))) (I (z B) (I B (z x S I) (v18 (I I) B (S (z z) z)) z)) (I (x x v24)))
v9 K (z K B (B K) (x (v0 (z (z z v16 v16))) (v7 (z z (B (B (x I)) (z S K)) (x (S K))))) (z B (I B (z x S I) (v18 (I I) B (S (z z) z)) z)) (I (x x v24)))
v9 K (z K B (B K) (x (v0 (z (z z v16 v16))) (v7 (z z (B (B (x I)) (z S K)) (x (S K))))) (z B (B (z x S I) (v18 (I I) B (S (z z) z)) z)) (I (x x v24)))
v9 K (z K B (B K) (x (v0 (z (z z v16 v16))) (v7 (z z (B (B (x I)) (z S K)) (x (S K))))) (z B (z x S I (v18 (I I) B (S (z z) z) z))) (I (x x v24)))
v9 K (z K B (B K) (x (v0 (z (z z v16 v16))) (v7 (z z (B (B (x I)) (z S K)) (x (S K))))) (z B (z x S I (v18 I B (S (z z) z) z))) (I (x x v24)))
v9 K (z K B (B K) (x (v0 (z (z z v16 v16))) (v7 (z z (B (B (x I)) (z S K)) (x (S K))))) (z B (z x S I (v18 I B (S (z z) z) z))) (x x v24))
B (I (B (K (I x)) (S (B z)) (v16 (v20 B))) (v27 B S (v27 (x S) v26))) (B I v23 (z (K S) v7 (I S K) (x (x (v6 x)) v28 (x (v28 (z v23))) I (K (v23 B)) x) (v5 (B K (S v6 S K)))))
B (B (K (I x)) (S (B z)) (v16 (v20 B)) (v27 B S (v27 (x S) v26))) (B I v23 (z (K S) v7 (I S K) (x (x (v6 x)) v28 (x (v28 (z v23))) I (K (v23 B)) x) (v5 (B K (S v6 S K)))))
B (K (I x) (S (B z) (v16 (v20 B))) (v27 B S (v27 (x S) v26))) (B I v23 (z (K S) v7 (I S K) (x (x (v6 x)) v28 (x (v28 (z v23))) I (K (v23 B)) x) (v5 (B K (S v6 S K)))))
B (I x (v27 B S (v27 (x S) v26))) (B I v23 (z (K S) v7 (I S K) (x (x (v6 x)) v28 (x (v28 (z v23))) I (K (v23 B)) x) (v5 (B K (S v6 S K)))))
B (x (v27 B S (v27 (x S) v26))) (B I v23 (z (K S) v7 (I S K) (x (x (v6 x)) v28 (x (v28 (z v23))) I (K (v23 B)) x) (v5 (B K (S v6 S K)))))
B (x (v27 B S (v27 (x S) v26))) (I (v23 (z (K S) v7 (I S K) (x (x (v6 x)) v28 (x (v28 (z v23))) I (K (v23 B)) x) (v5 (B K (S v6 S K))))))
B (x (v27 B S (v27 (x S) v26))) (v23 (z (K S) v7 (I S K) (x (x (v6 x)) v28 (x (v28 (z v23))) I (K (v23 B)) x) (v5 (B K (S v6 S K)))))
B (x (v27 B S (v27 (x S) v26))) (v23 (z (K S) v7 (S K) (x (x (v6 x)) v28 (x (v28 (z v23))) I (K (v23 B)) x) (v5 (B K (S v6 S K)))))
B (x (v27 B S (v27 (x S) v26))) (v23 (z (K S) v7 (S K) (x (x (v6 x)) v28 (x (v28 (z v23))) I (K (v23 B)) x) (v5 (B K (v6 K (S K))))))
K (x x x) (x v15) (z S) (B z)
x x x (z S) (B z)
v7 (B (x x) (v12 (B (S B))) (B I z))
v7 (x x (v12 (B (S B)) (B I z)))
S (K I) (v29 (x x x (x (B v7 (I (S I))))) (z I) (z (x z))) (I (B z) K (B (S (B (v14 K)) S (K (v11 I) (I (v21 I (z z)))) (S v6)) x (B x))) (S (x x) (S (x (v14 (z x))) (z S (B (B S))) (v6 K (z (I B K S))))) (K (K I) (z (B (B (B (S B)) I) x) (z (K I (v11 (I S)) (B I x) z) (B (z v17) S)) (S S)) (v13 z))
K I (I (B z) K (B (S (B (v14 K)) S (K (v11 I) (I (v21 I (z z)))) (S v6)) x (B x))) (v29 (x x x (x (B v7 (I (S I))))) (z I) (z (x z)) (I (B z) K (B (S (B (v14 K)) S (K (v11 I) (I (v21 I (z z)))) (S v6)) x (B x)))) (S (x x) (S (x (v14 (z x))) (z S (B (B S))) (v6 K (z (I B K S))))) (K (K I) (z (B (B (B (S B)) I) x) (z (K I (v11 (I S)) (B I x) z) (B (z v17) S)) (S S)) (v13 z))
I (v29 (x x x (x (B v7 (I (S I))))) (z I) (z (x z)) (I (B z) K (B (S (B (v14 K)) S (K (v11 I) (I (v21 I (z z)))) (S v6)) x (B x)))) (S (x x) (S (x (v14 (z x))) (z S (B (B S))) (v6 K (z (I B K S))))) (K (K I) (z (B (B (B (S B)) I) x) (z (K I (v11 (I S)) (B I x) z) (B (z v17) S)) (S S)) (v13 z))
v29 (x x x (x (B v7 (I (S I))))) (z I) (z (x z)) (I (B z) K (B (S (B (v14 K)) S (K (v11 I) (I (v21 I (z z)))) (S v6)) x (B x))) (S (x x) (S (x (v14 (z x))) (z S (B (B S))) (v6 K (z (I B K S))))) (K (K I) (z (B (B (B (S B)) I) x) (z (K I (v11 (I S)) (B I x) z) (B (z v17) S)) (S S)) (v13 z))
v29 (x x x (x (B v7 (S I)))) (z I) (z (x z)) (I (B z) K (B (S (B (v14 K)) S (K (v11 I) (I (v21 I (z z)))) (S v6)) x (B x))) (S (x x) (S (x (v14 (z x))) (z S (B (B S))) (v6 K (z (I B K S))))) (K (K I) (z (B (B (B (S B)) I) x) (z (K I (v11 (I S)) (B I x) z) (B (z v17) S)) (S S)) (v13 z))
v29 (x x x (x (B v7 (S I)))) (z I) (z (x z)) (B z K (B (S (B (v14 K)) S (K (v11 I) (I (v21 I (z z)))) (S v6)) x (B x))) (S (x x) (S (x (v14 (z x))) (z S (B (B S))) (v6 K (z (I B K S))))) (K (K I) (z (B (B (B (S B)) I) x) (z (K I (v11 (I S)) (B I x) z) (B (z v17) S)) (S S)) (v13 z))
v29 (x x x (x (B v7 (S I)))) (z I) (z (x z)) (z (K (B (S (B (v14 K)) S (K (v11 I) (I (v21 I (z z)))) (S v6)) x (B x)))) (S (x x) (S (x (v14 (z x))) (z S (B (B S))) (v6 K (z (I B K S))))) (K (K I) (z (B (B (B (S B)) I) x) (z (K I (v11 (I S)) (B I x) z) (B (z v17) S)) (S S)) (v13 z))
v29 (x x x (x (B v7 (S I)))) (z I) (z (x z)) (z (K (S (B (v14 K)) S (K (v11 I) (I (v21 I (z z)))) (S v6) (x (B x))))) (S (x x) (S (x (v14 (z x))) (z S (B (B S))) (v6 K (z (I B K S))))) (K (K I) (z (B (B (B (S B)) I) x) (z (K I (v11 (I S)) (B I x) z) (B (z v17) S)) (S S)) (v13 z))
v29 (x x x (x (B v7 (S I)))) (z I) (z (x z)) (z (K (B (v14 K) (K (v11 I) (I (v21 I (z z)))) (S (K (v11 I) (I (v21 I (z z))))) (S v6) (x (B x))))) (S (x x) (S (x (v14 (z x))) (z S (B (B S))) (v6 K (z (I B K S))))) (K (K I) (z (B (B (B (S B)) I) x) (z (K I (v11 (I S)) (B I x) z) (B (z v17) S)) (S S)) (v13 z))
v29 (x x x (x (B v7 (S I)))) (z I) (z (x z)) (z (K (v14 K (K (v11 I) (I (v21 I (z z))) (S (K (v11 I) (I (v21 I (z z)))))) (S v6) (x (B x))))) (S (x x) (S (x (v14 (z x))) (z S (B (B S))) (v6 K (z (I B K S))))) (K (K I) (z (B (B (B (S B)) I) x) (z (K I (v11 (I S)) (B I x) z) (B (z v17) S)) (S S)) (v13 z))
v29 (x x x (x (B v7 (S I)))) (z I) (z (x z)) (z (K (v14 K (v11 I (S (K (v11 I) (I (v21 I (z z)))))) (S v6) (x (B x))))) (S (x x) (S (x (v14 (z x))) (z S (B (B S))) (v6 K (z (I B K S))))) (K (K I) (z (B (B (B (S B)) I) x) (z (K I (v11 (I S)) (B I x) z) (B (z v17) S)) (S S)) (v13 z))
v29 (x x x (x (B v7 (S I)))) (z I) (z (x z)) (z (K (v14 K (v11 I (S (v11 I))) (S v6) (x (B x))))) (S (x x) (S (x (v14 (z x))) (z S (B (B S))) (v6 K (z (I B K S))))) (K (K I) (z (B (B (B (S B)) I) x) (z (K I (v11 (I S)) (B I x) z) (B (z v17) S)) (S S)) (v13 z))
v29 (x x x (x (B v7 (S I)))) (z I) (z (x z)) (z (K (v14 K (v11 I (S (v11 I))) (S v6) (x (B x))))) (S (x x) (x (v14 (z x)) (v6 K (z (I B K S))) (z S (B (B S)) (v6 K (z (I B K S)))))) (K (K I) (z (B (B (B (S B)) I) x) (z (K I (v11 (I S)) (B I x) z) (B (z v17) S)) (S S)) (v13 z))
v29 (x x x (x (B v7 (S I)))) (z I) (z (x z)) (z (K (v14 K (v11 I (S (v11 I))) (S v6) (x (B x))))) (S (x x) (x (v14 (z x)) (v6 K (z (B K S))) (z S (B (B S)) (v6 K (z (I B K S)))))) (K (K I) (z (B (B (B (S B)) I) x) (z (K I (v11 (I S)) (B I x) z) (B (z v17) S)) (S S)) (v13 z))
v29 (x x x (x (B v7 (S I)))) (z I) (z (x z)) (z (K (v14 K (v11 I (S (v11 I))) (S v6) (x (B x))))) (S (x x) (x (v14 (z x)) (v6 K (z (B K S))) (z S (B (B S)) (v6 K (z (B K S)))))) (K (K I) (z (B (B (B (S B)) I) x) (z (K I (v11 (I S)) (B I x) z) (B (z v17) S)) (S S)) (v13 z))
v29 (x x x (x (B v7 (S I)))) (z I) (z (x z)) (z (K (v14 K (v11 I (S (v11 I))) (S v6) (x (B x))))) (S (x x) (x (v14 (z x)) (v6 K (z (B K S))) (z S (B (B S)) (v6 K (z (B K S)))))) (K I (v13 z))
v29 (x x x (x (B v7 (S I)))) (z I) (z (x z)) (z (K (v14 K (v11 I (S (v11 I))) (S v6) (x (B x))))) (S (x x) (x (v14 (z x)) (v6 K (z (B K S))) (z S (B (B S)) (v6 K (z (B K S)))))) I
z (S (B x (S (v19 z x (K B v19 B)) z K (S (S S) z (x S)))) (K (v16 (S B) I) S (x x v19 x (I x B (v3 z)) (I (K (I (B (v18 (z K))) (S K))))) v15))
z (S (B x (v19 z x (K B v19 B) K (z K) (S (S S) z (x S)))) (K (v16 (S B) I) S (x x v19 x (I x B (v3 z)) (I (K (I (B (v18 (z K))) (S K))))) v15))
z (S (B x (v19 z x (B B) K (z K) (S (S S) z (x S)))) (K (v16 (S B) I) S (x x v19 x (I x B (v3 z)) (I (K (I (B (v18 (z K))) (S K))))) v15))
z (S (B x (v19 z x (B B) K (z K) (S S (x S) (z (x S))))) (K (v16 (S B) I) S (x x v19 x (I x B (v3 z)) (I (K (I (B (v18 (z K))) (S K))))) v15))
z (S (B x (v19 z x (B B) K (z K) (S (z (x S)) (x S (z (x S)))))) (K (v16 (S B) I) S (x x v19 x (I x B (v3 z)) (I (K (I (B (v18 (z K))) (S K))))) v15))
z (S (B x (v19 z x (B B) K (z K) (S (z (x S)) (x S (z (x S)))))) (v16 (S B) I (x x v19 x (I x B (v3 z)) (I (K (I (B (v18 (z K))) (S K))))) v15))
z (S (B x (v19 z x (B B) K (z K) (S (z (x S)) (x S (z (x S)))))) (v16 (S B) I (x x v19 x (x B (v3 z)) (I (K (I (B (v18 (z K))) (S K))))) v15))
z (S (B x (v19 z x (B B) K (z K) (S (z (x S)) (x S (z (x S)))))) (v16 (S B) I (x x v19 x (x B (v3 z)) (K (I (B (v18 (z K))) (S K)))) v15))
z (S (B x (v19 z x (B B) K (z K) (S (z (x S)) (x S (z (x S)))))) (v16 (S B) I (x x v19 x (x B (v3 z)) (K (B (v18 (z K)) (S K)))) v15))
v21 (z x) B
S (v25 (K (v25 B) v2 K (z K) x)) (x z (x (B (S v20 K))) z) z (S (K S x))
v25 (K (v25 B) v2 K (z K) x) z (x z (x (B (S v20 K))) z z) (S (K S x))
v25 (v25 B K (z K) x) z (x z (x (B (S v20 K))) z z) (S (K S x))
v25 (v25 B K (z K) x) z (x z (x (B (S v20 K))) z z) (S S)
I (z z (x K) (S (I (I (K S z I z (B I (z z) x)))) K (K S) (S (B (x S) B (x z S) K) (K (K (S B))) (B (z (x x))))))
z z (x K) (S (I (I (K S z I z (B I (z z) x)))) K (K S) (S (B (x S) B (x z S) K) (K (K (S B))) (B (z (x x)))))
z z (x K) (I (I (K S z I z (B I (z z) x))) (K S) (K (K S)) (S (B (x S) B (x z S) K) (K (K (S B))) (B (z (x x)))))
z z (x K) (I (K S z I z (B I (z z) x)) (K S) (K (K S)) (S (B (x S) B (x z S) K) (K (K (S B))) (B (z (x x)))))
z z (x K) (K S z I z (B I (z z) x) (K S) (K (K S)) (S (B (x S) B (x z S) K) (K (K (S B))) (B (z (x x)))))
z z (x K) (S I z (B I (z z) x) (K S) (K (K S)) (S (B (x S) B (x z S) K) (K (K (S B))) (B (z (x x)))))
z z (x K) (I (B I (z z) x) (z (B I (z z) x)) (K S) (K (K S)) (S (B (x S) B (x z S) K) (K (K (S B))) (B (z (x x)))))
z z (x K) (B I (z z) x (z (B I (z z) x)) (K S) (K (K S)) (S (B (x S) B (x z S) K) (K (K (S B))) (B (z (x x)))))
z z (x K) (I (z z x) (z (B I (z z) x)) (K S) (K (K S)) (S (B (x S) B (x z S) K) (K (K (S B))) (B (z (x x)))))
z z (x K) (z z x (z (B I (z z) x)) (K S) (K (K S)) (S (B (x S) B (x z S) K) (K (K (S B))) (B (z (x x)))))
z z (x K) (z z x (z (I (z z x))) (K S) (K (K S)) (S (B (x S) B (x z S) K) (K (K (S B))) (B (z (x x)))))
z z (x K) (z z x (z (z z x)) (K S) (K (K S)) (S (B (x S) B (x z S) K) (K (K (S B))) (B (z (x x)))))
z z (x K) (z z x (z (z z x)) (K S) (K (K S)) (B (x S) B (x z S) K (B (z (x x))) (K (K (S B)) (B (z (x x))))))
z z (x K) (z z x (z (z z x)) (K S) (K (K S)) (x S (B (x z S)) K (B (z (x x))) (K (K (S B)) (B (z (x x))))))
z z (x K) (z z x (z (z z x)) (K S) (K (K S)) (x S (B (x z S)) K (B (z (x x))) (K (S B))))
x (I z (S (S z) v13 S)) (x (K I v2 K S (S S) (x z I)) (I (x S)))
x (z (S (S z) v13 S)) (x (K I v2 K S (S S) (x z I)) (I (x S)))
x (z (S z S (v13 S))) (x (K I v2 K S (S S) (x z I)) (I (x S)))
x (z (z (v13 S) (S (v13 S)))) (x (K I v2 K S (S S) (x z I)) (I (x S)))
x (z (z (v13 S) (S (v13 S)))) (x (I K S (S S) (x z I)) (I (x S)))
x (z (z (v13 S) (S (v13 S)))) (x (K S (S S) (x z I)) (I (x S)))
x (z (z (v13 S) (S (v13 S)))) (x (S (x z I)) (I (x S)))
x (z (z (v13 S) (S (v13 S)))) (x (S (x z I)) (x S))
