B (z (S (B (B (K B S v23 (I B) (S K S) (K S)) v13))))
B (z (S (B (B (B v23 (I B) (S K S) (K S)) v13))))
B (z (S (B (B (v23 (I B (S K S)) (K S)) v13))))
B (z (S (B (B (v23 (B (S K S)) (K S)) v13))))
I B (x v28 S) (B I v17 K) (B z) K (S v21 x (I S I K) (z z (B (z K))) v8 x)
B (x v28 S) (B I v17 K) (B z) K (S v21 x (I S I K) (z z (B (z K))) v8 x)
x v28 S (B I v17 K (B z)) K (S v21 x (I S I K) (z z (B (z K))) v8 x)
x v28 S (I (v17 K) (B z)) K (S v21 x (I S I K) (z z (B (z K))) v8 x)
x v28 S (v17 K (B z)) K (S v21 x (I S I K) (z z (B (z K))) v8 x)
x v28 S (v17 K (B z)) K (v21 (I S I K) (x (I S I K)) (z z (B (z K))) v8 x)
x v28 S (v17 K (B z)) K (v21 (S I K) (x (I S I K)) (z z (B (z K))) v8 x)
x v28 S (v17 K (B z)) K (v21 (S I K) (x (S I K)) (z z (B (z K))) v8 x)
I (x (z x B) v20) (K (K I B) B (v13 (B x (K x)) B (x (v28 B) (v8 (I (K (v18 (K (S z))))) (K z (x I v13)))) v16)) (I (K S) S)
x (z x B) v20 (K (K I B) B (v13 (B x (K x)) B (x (v28 B) (v8 (I (K (v18 (K (S z))))) (K z (x I v13)))) v16)) (I (K S) S)
x (z x B) v20 (K I B (v13 (B x (K x)) B (x (v28 B) (v8 (I (K (v18 (K (S z))))) (K z (x I v13)))) v16)) (I (K S) S)
x (z x B) v20 (I (v13 (B x (K x)) B (x (v28 B) (v8 (I (K (v18 (K (S z))))) (K z (x I v13)))) v16)) (I (K S) S)
x (z x B) v20 (v13 (B x (K x)) B (x (v28 B) (v8 (I (K (v18 (K (S z))))) (K z (x I v13)))) v16) (I (K S) S)
x (z x B) v20 (v13 (B x (K x)) B (x (v28 B) (v8 (K (v18 (K (S z)))) (K z (x I v13)))) v16) (I (K S) S)
x (z x B) v20 (v13 (B x (K x)) B (x (v28 B) (v8 (K (v18 (K (S z)))) z)) v16) (I (K S) S)
x (z x B) v20 (v13 (B x (K x)) B (x (v28 B) (v8 (K (v18 (K (S z)))) z)) v16) (K S S)
x (z x B) v20 (v13 (B x (K x)) B (x (v28 B) (v8 (K (v18 (K (S z)))) z)) v16) S
z K v23 (z v29) (I (z x)) (K v13) (x v10 S) (v22 x) (S (K (x (B x)))) (v1 (B S z (S x) (z I)) (z (B I K z z) (S (v24 (v29 (x I) I) v17 (I (x (v19 z)))))))
z K v23 (z v29) (z x) (K v13) (x v10 S) (v22 x) (S (K (x (B x)))) (v1 (B S z (S x) (z I)) (z (B I K z z) (S (v24 (v29 (x I) I) v17 (I (x (v19 z)))))))
z K v23 (z v29) (z x) (K v13) (x v10 S) (v22 x) (S (K (x (B x)))) (v1 (S (z (S x)) (z I)) (z (B I K z z) (S (v24 (v29 (x I) I) v17 (I (x (v19 z)))))))
z K v23 (z v29) (z x) (K v13) (x v10 S) (v22 x) (S (K (x (B x)))) (v1 (S (z (S x)) (z I)) (z (I (K z) z) (S (v24 (v29 (x I) I) v17 (I (x (v19 z)))))))
z K v23 (z v29) (z x) (K v13) (x v10 S) (v22 x) (S (K (x (B x)))) (v1 (S (z (S x)) (z I)) (z (K z z) (S (v24 (v29 (x I) I) v17 (I (x (v19 z)))))))
z K v23 (z v29) (z x) (K v13) (x v10 S) (v22 x) (S (K (x (B x)))) (v1 (S (z (S x)) (z I)) (z z (S (v24 (v29 (x I) I) v17 (I (x (v19 z)))))))
z K v23 (z v29) (z x) (K v13) (x v10 S) (v22 x) (S (K (x (B x)))) (v1 (S (z (S x)) (z I)) (z z (S (v24 (v29 (x I) I) v17 (x (v19 z))))))
I (B K) (K I) I (z x x z) K
B K (K I) I (z x x z) K
K (K I I) (z x x z) K
K I I K
I K
K
z S v22 (x (S v7) x)
S (I B S B)
S (B S B)
v19
S (z (v26 (K v3 (x S v5))) (I B v22) (v12 (x (S S K (B S) I)) (v9 v9) (K v1 (v13 K I))) (v19 (S (x (B x) B (v19 v20)) (K x)) (K (x v28 x (K S)) S) (z (K v27 (S (v28 (S S S) (x x)))))) I)
S (z (v26 v3) (I B v22) (v12 (x (S S K (B S) I)) (v9 v9) (K v1 (v13 K I))) (v19 (S (x (B x) B (v19 v20)) (K x)) (K (x v28 x (K S)) S) (z (K v27 (S (v28 (S S S) (x x)))))) I)
S (z (v26 v3) (B v22) (v12 (x (S S K (B S) I)) (v9 v9) (K v1 (v13 K I))) (v19 (S (x (B x) B (v19 v20)) (K x)) (K (x v28 x (K S)) S) (z (K v27 (S (v28 (S S S) (x x)))))) I)
S (z (v26 v3) (B v22) (v12 (x (S (B S) (K (B S)) I)) (v9 v9) (K v1 (v13 K I))) (v19 (S (x (B x) B (v19 v20)) (K x)) (K (x v28 x (K S)) S) (z (K v27 (S (v28 (S S S) (x x)))))) I)
S (z (v26 v3) (B v22) (v12 (x (B S I (K (B S) I))) (v9 v9) (K v1 (v13 K I))) (v19 (S (x (B x) B (v19 v20)) (K x)) (K (x v28 x (K S)) S) (z (K v27 (S (v28 (S S S) (x x)))))) I)
S (z (v26 v3) (B v22) (v12 (x (S (I (K (B S) I)))) (v9 v9) (K v1 (v13 K I))) (v19 (S (x (B x) B (v19 v20)) (K x)) (K (x v28 x (K S)) S) (z (K v27 (S (v28 (S S S) (x x)))))) I)
S (z (v26 v3) (B v22) (v12 (x (S (K (B S) I))) (v9 v9) (K v1 (v13 K I))) (v19 (S (x (B x) B (v19 v20)) (K x)) (K (x v28 x (K S)) S) (z (K v27 (S (v28 (S S S) (x x)))))) I)
S (z (v26 v3) (B v22) (v12 (x (S (B S))) (v9 v9) (K v1 (v13 K I))) (v19 (S (x (B x) B (v19 v20)) (K x)) (K (x v28 x (K S)) S) (z (K v27 (S (v28 (S S S) (x x)))))) I)
S (z (v26 v3) (B v22) (v12 (x (S (B S))) (v9 v9) v1) (v19 (S (x (B x) B (v19 v20)) (K x)) (K (x v28 x (K S)) S) (z (K v27 (S (v28 (S S S) (x x)))))) I)
S (z (v26 v3) (B v22) (v12 (x (S (B S))) (v9 v9) v1) (v19 (S (x (B x) B (v19 v20)) (K x)) (x v28 x (K S)) (z (K v27 (S (v28 (S S S) (x x)))))) I)
S (z (v26 v3) (B v22) (v12 (x (S (B S))) (v9 v9) v1) (v19 (S (x (B x) B (v19 v20)) (K x)) (x v28 x (K S)) (z v27)) I)
I S S
S S
