z
x
S (I (S v27 z) (B z) v11)
S (S v27 z (B z) v11)
S (v27 (B z) (z (B z)) v11)
z (B x (x (K (v20 z x z)) (v21 (x v23 I))) K x)
z (x (x (K (v20 z x z)) (v21 (x v23 I)) K) x)
S
I
S x (K (B (v17 I) K)) (B B) (z (v5 (x B)) (B (S I))) (v12 B B (v14 (S (S I))) (x (B x (I v18) S)) z) (I I)
x (B B) (K (B (v17 I) K) (B B)) (z (v5 (x B)) (B (S I))) (v12 B B (v14 (S (S I))) (x (B x (I v18) S)) z) (I I)
x (B B) (B (v17 I) K) (z (v5 (x B)) (B (S I))) (v12 B B (v14 (S (S I))) (x (B x (I v18) S)) z) (I I)
x (B B) (B (v17 I) K) (z (v5 (x B)) (B (S I))) (v12 B B (v14 (S (S I))) (x (x (I v18 S))) z) (I I)
x (B B) (B (v17 I) K) (z (v5 (x B)) (B (S I))) (v12 B B (v14 (S (S I))) (x (x (v18 S))) z) (I I)
x (B B) (B (v17 I) K) (z (v5 (x B)) (B (S I))) (v12 B B (v14 (S (S I))) (x (x (v18 S))) z) I
K (z (K (z B) (S I)) (I (x v30 B B) (B (B x) I (x z) (S (x I) S))) (I (v21 (x K) x S)) (B v19 (K z I (S (z K) (I S))) K (S (S (K (I x (z (v25 x)) (S K (x I)) I)))))) (z x (S (v5 (B S x z B I (x (K K)) (K B))) (z (I B) z (x (I z) S (K z)) (K (K z z I)))))
z (K (z B) (S I)) (I (x v30 B B) (B (B x) I (x z) (S (x I) S))) (I (v21 (x K) x S)) (B v19 (K z I (S (z K) (I S))) K (S (S (K (I x (z (v25 x)) (S K (x I)) I)))))
z (z B) (I (x v30 B B) (B (B x) I (x z) (S (x I) S))) (I (v21 (x K) x S)) (B v19 (K z I (S (z K) (I S))) K (S (S (K (I x (z (v25 x)) (S K (x I)) I)))))
z (z B) (x v30 B B (B (B x) I (x z) (S (x I) S))) (I (v21 (x K) x S)) (B v19 (K z I (S (z K) (I S))) K (S (S (K (I x (z (v25 x)) (S K (x I)) I)))))
z (z B) (x v30 B B (B x (I (x z)) (S (x I) S))) (I (v21 (x K) x S)) (B v19 (K z I (S (z K) (I S))) K (S (S (K (I x (z (v25 x)) (S K (x I)) I)))))
z (z B) (x v30 B B (x (I (x z) (S (x I) S)))) (I (v21 (x K) x S)) (B v19 (K z I (S (z K) (I S))) K (S (S (K (I x (z (v25 x)) (S K (x I)) I)))))
z (z B) (x v30 B B (x (x z (S (x I) S)))) (I (v21 (x K) x S)) (B v19 (K z I (S (z K) (I S))) K (S (S (K (I x (z (v25 x)) (S K (x I)) I)))))
z (z B) (x v30 B B (x (x z (S (x I) S)))) (v21 (x K) x S) (B v19 (K z I (S (z K) (I S))) K (S (S (K (I x (z (v25 x)) (S K (x I)) I)))))
z (z B) (x v30 B B (x (x z (S (x I) S)))) (v21 (x K) x S) (v19 (K z I (S (z K) (I S)) K) (S (S (K (I x (z (v25 x)) (S K (x I)) I)))))
z (z B) (x v30 B B (x (x z (S (x I) S)))) (v21 (x K) x S) (v19 (z (S (z K) (I S)) K) (S (S (K (I x (z (v25 x)) (S K (x I)) I)))))
z (z B) (x v30 B B (x (x z (S (x I) S)))) (v21 (x K) x S) (v19 (z (S (z K) S) K) (S (S (K (I x (z (v25 x)) (S K (x I)) I)))))
z (z B) (x v30 B B (x (x z (S (x I) S)))) (v21 (x K) x S) (v19 (z (S (z K) S) K) (S (S (K (x (z (v25 x)) (S K (x I)) I)))))
I (z I) (S I (x B x S) B) I (z (x (z I (I (K (K (z B B)) B) (z (K v7) x)))))
z I (S I (x B x S) B) I (z (x (z I (I (K (K (z B B)) B) (z (K v7) x)))))
z I (I B (x B x S B)) I (z (x (z I (I (K (K (z B B)) B) (z (K v7) x)))))
z I (B (x B x S B)) I (z (x (z I (I (K (K (z B B)) B) (z (K v7) x)))))
z I (B (x B x S B)) I (z (x (z I (K (K (z B B)) B (z (K v7) x)))))
z I (B (x B x S B)) I (z (x (z I (K (z B B) (z (K v7) x)))))
z I (B (x B x S B)) I (z (x (z I (z B B))))
v27 (B (K x) (z (K S (I K)) (S v21)))
v27 (B (K x) (z S (S v21)))
