z (I x (v26 (x v17)) v3) v19 (v3 I x) (v21 S (v5 (x S B v26))) S (B (x (K (I K) K S) I)) v29 (z (x x)) (z x)
z (x (v26 (x v17)) v3) v19 (v3 I x) (v21 S (v5 (x S B v26))) S (B (x (K (I K) K S) I)) v29 (z (x x)) (z x)
z (x (v26 (x v17)) v3) v19 (v3 I x) (v21 S (v5 (x S B v26))) S (B (x (I K S) I)) v29 (z (x x)) (z x)
z (x (v26 (x v17)) v3) v19 (v3 I x) (v21 S (v5 (x S B v26))) S (B (x (K S) I)) v29 (z (x x)) (z x)
K K (I (S S) (x (K (K v16) K) (x (z K I))) (S (x I (z K B) z) K K) (v30 (I K) B z (S (z (v11 z)))) S)
K
z (z B (B v2 x x (z x (z z)))) (B (x (I S)) (S z (B (S z S B))) S S) (S (S (B z)) (S (z S z (I v22) (S v24)) (K (x x S)) (I (z (S (B I) v0) K))) (x B z S x)) (B (B (v14 (S (z S) (S x)) z I)) (I v15 (K z (B I I (B I) (B I)) K (B B I)) v20))
z (z B (v2 (x x) (z x (z z)))) (B (x (I S)) (S z (B (S z S B))) S S) (S (S (B z)) (S (z S z (I v22) (S v24)) (K (x x S)) (I (z (S (B I) v0) K))) (x B z S x)) (B (B (v14 (S (z S) (S x)) z I)) (I v15 (K z (B I I (B I) (B I)) K (B B I)) v20))
z (z B (v2 (x x) (z x (z z)))) (x (I S) (S z (B (S z S B)) S) S) (S (S (B z)) (S (z S z (I v22) (S v24)) (K (x x S)) (I (z (S (B I) v0) K))) (x B z S x)) (B (B (v14 (S (z S) (S x)) z I)) (I v15 (K z (B I I (B I) (B I)) K (B B I)) v20))
z (z B (v2 (x x) (z x (z z)))) (x S (S z (B (S z S B)) S) S) (S (S (B z)) (S (z S z (I v22) (S v24)) (K (x x S)) (I (z (S (B I) v0) K))) (x B z S x)) (B (B (v14 (S (z S) (S x)) z I)) (I v15 (K z (B I I (B I) (B I)) K (B B I)) v20))
z (z B (v2 (x x) (z x (z z)))) (x S (z S (B (S z S B) S)) S) (S (S (B z)) (S (z S z (I v22) (S v24)) (K (x x S)) (I (z (S (B I) v0) K))) (x B z S x)) (B (B (v14 (S (z S) (S x)) z I)) (I v15 (K z (B I I (B I) (B I)) K (B B I)) v20))
z (z B (v2 (x x) (z x (z z)))) (x S (z S (B (z B (S B)) S)) S) (S (S (B z)) (S (z S z (I v22) (S v24)) (K (x x S)) (I (z (S (B I) v0) K))) (x B z S x)) (B (B (v14 (S (z S) (S x)) z I)) (I v15 (K z (B I I (B I) (B I)) K (B B I)) v20))
z (z B (v2 (x x) (z x (z z)))) (x S (z S (B (z B (S B)) S)) S) (S (B z) (x B z S x) (S (z S z (I v22) (S v24)) (K (x x S)) (I (z (S (B I) v0) K)) (x B z S x))) (B (B (v14 (S (z S) (S x)) z I)) (I v15 (K z (B I I (B I) (B I)) K (B B I)) v20))
z (z B (v2 (x x) (z x (z z)))) (x S (z S (B (z B (S B)) S)) S) (B z (S (z S z (I v22) (S v24)) (K (x x S)) (I (z (S (B I) v0) K)) (x B z S x)) (x B z S x (S (z S z (I v22) (S v24)) (K (x x S)) (I (z (S (B I) v0) K)) (x B z S x)))) (B (B (v14 (S (z S) (S x)) z I)) (I v15 (K z (B I I (B I) (B I)) K (B B I)) v20))
z (z B (v2 (x x) (z x (z z)))) (x S (z S (B (z B (S B)) S)) S) (z (S (z S z (I v22) (S v24)) (K (x x S)) (I (z (S (B I) v0) K)) (x B z S x) (x B z S x (S (z S z (I v22) (S v24)) (K (x x S)) (I (z (S (B I) v0) K)) (x B z S x))))) (B (B (v14 (S (z S) (S x)) z I)) (I v15 (K z (B I I (B I) (B I)) K (B B I)) v20))
z (z B (v2 (x x) (z x (z z)))) (x S (z S (B (z B (S B)) S)) S) (z (z S z (I v22) (S v24) (I (z (S (B I) v0) K)) (K (x x S) (I (z (S (B I) v0) K))) (x B z S x) (x B z S x (S (z S z (I v22) (S v24)) (K (x x S)) (I (z (S (B I) v0) K)) (x B z S x))))) (B (B (v14 (S (z S) (S x)) z I)) (I v15 (K z (B I I (B I) (B I)) K (B B I)) v20))
z (z B (v2 (x x) (z x (z z)))) (x S (z S (B (z B (S B)) S)) S) (z (z S z v22 (S v24) (I (z (S (B I) v0) K)) (K (x x S) (I (z (S (B I) v0) K))) (x B z S x) (x B z S x (S (z S z (I v22) (S v24)) (K (x x S)) (I (z (S (B I) v0) K)) (x B z S x))))) (B (B (v14 (S (z S) (S x)) z I)) (I v15 (K z (B I I (B I) (B I)) K (B B I)) v20))
z (z B (v2 (x x) (z x (z z)))) (x S (z S (B (z B (S B)) S)) S) (z (z S z v22 (S v24) (z (S (B I) v0) K) (K (x x S) (I (z (S (B I) v0) K))) (x B z S x) (x B z S x (S (z S z (I v22) (S v24)) (K (x x S)) (I (z (S (B I) v0) K)) (x B z S x))))) (B (B (v14 (S (z S) (S x)) z I)) (I v15 (K z (B I I (B I) (B I)) K (B B I)) v20))
z (z B (v2 (x x) (z x (z z)))) (x S (z S (B (z B (S B)) S)) S) (z (z S z v22 (S v24) (z (S (B I) v0) K) (x x S) (x B z S x) (x B z S x (S (z S z (I v22) (S v24)) (K (x x S)) (I (z (S (B I) v0) K)) (x B z S x))))) (B (B (v14 (S (z S) (S x)) z I)) (I v15 (K z (B I I (B I) (B I)) K (B B I)) v20))
z (z B (v2 (x x) (z x (z z)))) (x S (z S (B (z B (S B)) S)) S) (z (z S z v22 (S v24) (z (S (B I) v0) K) (x x S) (x B z S x) (x B z S x (z S z (I v22) (S v24) (I (z (S (B I) v0) K)) (K (x x S) (I (z (S (B I) v0) K))) (x B z S x))))) (B (B (v14 (S (z S) (S x)) z I)) (I v15 (K z (B I I (B I) (B I)) K (B B I)) v20))
z (z B (v2 (x x) (z x (z z)))) (x S (z S (B (z B (S B)) S)) S) (z (z S z v22 (S v24) (z (S (B I) v0) K) (x x S) (x B z S x) (x B z S x (z S z v22 (S v24) (I (z (S (B I) v0) K)) (K (x x S) (I (z (S (B I) v0) K))) (x B z S x))))) (B (B (v14 (S (z S) (S x)) z I)) (I v15 (K z (B I I (B I) (B I)) K (B B I)) v20))
z (z B (v2 (x x) (z x (z z)))) (x S (z S (B (z B (S B)) S)) S) (z (z S z v22 (S v24) (z (S (B I) v0) K) (x x S) (x B z S x) (x B z S x (z S z v22 (S v24) (z (S (B I) v0) K) (K (x x S) (I (z (S (B I) v0) K))) (x B z S x))))) (B (B (v14 (S (z S) (S x)) z I)) (I v15 (K z (B I I (B I) (B I)) K (B B I)) v20))
z (z B (v2 (x x) (z x (z z)))) (x S (z S (B (z B (S B)) S)) S) (z (z S z v22 (S v24) (z (S (B I) v0) K) (x x S) (x B z S x) (x B z S x (z S z v22 (S v24) (z (S (B I) v0) K) (x x S) (x B z S x))))) (B (B (v14 (S (z S) (S x)) z I)) (I v15 (K z (B I I (B I) (B I)) K (B B I)) v20))
z (z B (v2 (x x) (z x (z z)))) (x S (z S (B (z B (S B)) S)) S) (z (z S z v22 (S v24) (z (S (B I) v0) K) (x x S) (x B z S x) (x B z S x (z S z v22 (S v24) (z (S (B I) v0) K) (x x S) (x B z S x))))) (B (B (v14 (S (z S) (S x)) z I)) (v15 (K z (B I I (B I) (B I)) K (B B I)) v20))
z (z B (v2 (x x) (z x (z z)))) (x S (z S (B (z B (S B)) S)) S) (z (z S z v22 (S v24) (z (S (B I) v0) K) (x x S) (x B z S x) (x B z S x (z S z v22 (S v24) (z (S (B I) v0) K) (x x S) (x B z S x))))) (B (B (v14 (S (z S) (S x)) z I)) (v15 (z K (B B I)) v20))
z (K v15)
x (I (x (B (v15 (I (v1 K) I (B B) B)))))
x (x (B (v15 (I (v1 K) I (B B) B))))
x (x (B (v15 (v1 K I (B B) B))))
B (I (B (x S))) (x (S (I z))) (B x B) S (x (z S) (v6 (v19 (x (K (x S) x)) S (v8 (z v20) (x I))) (S (v25 S x) x) (K (z v30 (I S I z) (I (I z B) B K I z (z (z z))) (B x K)))) (v21 K v9 (v8 (v21 K) z)))
I (B (x S)) (x (S (I z)) (B x B)) S (x (z S) (v6 (v19 (x (K (x S) x)) S (v8 (z v20) (x I))) (S (v25 S x) x) (K (z v30 (I S I z) (I (I z B) B K I z (z (z z))) (B x K)))) (v21 K v9 (v8 (v21 K) z)))
B (x S) (x (S (I z)) (B x B)) S (x (z S) (v6 (v19 (x (K (x S) x)) S (v8 (z v20) (x I))) (S (v25 S x) x) (K (z v30 (I S I z) (I (I z B) B K I z (z (z z))) (B x K)))) (v21 K v9 (v8 (v21 K) z)))
x S (x (S (I z)) (B x B) S) (x (z S) (v6 (v19 (x (K (x S) x)) S (v8 (z v20) (x I))) (S (v25 S x) x) (K (z v30 (I S I z) (I (I z B) B K I z (z (z z))) (B x K)))) (v21 K v9 (v8 (v21 K) z)))
x S (x (S z) (B x B) S) (x (z S) (v6 (v19 (x (K (x S) x)) S (v8 (z v20) (x I))) (S (v25 S x) x) (K (z v30 (I S I z) (I (I z B) B K I z (z (z z))) (B x K)))) (v21 K v9 (v8 (v21 K) z)))
x S (x (S z) (B x B) S) (x (z S) (v6 (v19 (x (x S)) S (v8 (z v20) (x I))) (S (v25 S x) x) (K (z v30 (I S I z) (I (I z B) B K I z (z (z z))) (B x K)))) (v21 K v9 (v8 (v21 K) z)))
x S (x (S z) (B x B) S) (x (z S) (v6 (v19 (x (x S)) S (v8 (z v20) (x I))) (S (v25 S x) x) (K (z v30 (S I z) (I (I z B) B K I z (z (z z))) (B x K)))) (v21 K v9 (v8 (v21 K) z)))
x S (x (S z) (B x B) S) (x (z S) (v6 (v19 (x (x S)) S (v8 (z v20) (x I))) (S (v25 S x) x) (K (z v30 (S I z) (I z B B K I z (z (z z))) (B x K)))) (v21 K v9 (v8 (v21 K) z)))
x S (x (S z) (B x B) S) (x (z S) (v6 (v19 (x (x S)) S (v8 (z v20) (x I))) (S (v25 S x) x) (K (z v30 (S I z) (z B B K I z (z (z z))) (B x K)))) (v21 K v9 (v8 (v21 K) z)))
z (z I z (v10 (K x) (B K) (B B) v17)) S K (B S (x (K I)))
z
x B (I z (x B (v28 x (v22 v25) (x (K (B I))) (z (B x))) (K K)))
x B (z (x B (v28 x (v22 v25) (x (K (B I))) (z (B x))) (K K)))
K (z B (v17 (x (v14 S))) z (x B x) K)
