B B B (v4 (B (K v3) (K v4 (I B) (B (z v14) v4))) (x (x K v9) (v15 (B (S (x S)) S v17)) (v22 (x v13 (K S)) (v0 (x z (B (K B (B S)))))) (v12 (z z) x)))
B (B (v4 (B (K v3) (K v4 (I B) (B (z v14) v4))) (x (x K v9) (v15 (B (S (x S)) S v17)) (v22 (x v13 (K S)) (v0 (x z (B (K B (B S)))))) (v12 (z z) x))))
B (B (v4 (B (K v3) (v4 (B (z v14) v4))) (x (x K v9) (v15 (B (S (x S)) S v17)) (v22 (x v13 (K S)) (v0 (x z (B (K B (B S)))))) (v12 (z z) x))))
B (B (v4 (B (K v3) (v4 (B (z v14) v4))) (x (x K v9) (v15 (S (x S) (S v17))) (v22 (x v13 (K S)) (v0 (x z (B (K B (B S)))))) (v12 (z z) x))))
B (B (v4 (B (K v3) (v4 (B (z v14) v4))) (x (x K v9) (v15 (S (x S) (S v17))) (v22 (x v13 (K S)) (v0 (x z (B B)))) (v12 (z z) x))))
v11 (v21 z) K B (x (K I)) (B (x (I S I K x)) (v27 v1) (K v3))
v11 (v21 z) K B (x (K I)) (x (I S I K x) (v27 v1 (K v3)))
v11 (v21 z) K B (x (K I)) (x (S I K x) (v27 v1 (K v3)))
v11 (v21 z) K B (x (K I)) (x (I x (K x)) (v27 v1 (K v3)))
v11 (v21 z) K B (x (K I)) (x (x (K x)) (v27 v1 (K v3)))
z v7 x (v5 (B K) B (B K I) (B (z (x S I K z S))) x (v24 (x (S B)) (z z (I (B z) K) I) K)) (K B)
z v7 x (v5 (B K) B (B K I) (B (z (x S I K z S))) x (v24 (x (S B)) (z z (B z K) I) K)) (K B)
K
x B B (S z z) v25 (B I x (S B) v13 z) (I (K (x K I) S I (K I v17) K)) (z (K (x (I K K v27) B z) (x (S (I v28 (v16 S) S) B)))) (S (x K B) I S) (I (S v19 (K (B (K S K) B (K K (x I) S))) (K (z B (B (S (x I))))) v30 (B z)))
x B B (S z z) v25 (I (x (S B)) v13 z) (I (K (x K I) S I (K I v17) K)) (z (K (x (I K K v27) B z) (x (S (I v28 (v16 S) S) B)))) (S (x K B) I S) (I (S v19 (K (B (K S K) B (K K (x I) S))) (K (z B (B (S (x I))))) v30 (B z)))
x B B (S z z) v25 (x (S B) v13 z) (I (K (x K I) S I (K I v17) K)) (z (K (x (I K K v27) B z) (x (S (I v28 (v16 S) S) B)))) (S (x K B) I S) (I (S v19 (K (B (K S K) B (K K (x I) S))) (K (z B (B (S (x I))))) v30 (B z)))
x B B (S z z) v25 (x (S B) v13 z) (K (x K I) S I (K I v17) K) (z (K (x (I K K v27) B z) (x (S (I v28 (v16 S) S) B)))) (S (x K B) I S) (I (S v19 (K (B (K S K) B (K K (x I) S))) (K (z B (B (S (x I))))) v30 (B z)))
x B B (S z z) v25 (x (S B) v13 z) (x K I I (K I v17) K) (z (K (x (I K K v27) B z) (x (S (I v28 (v16 S) S) B)))) (S (x K B) I S) (I (S v19 (K (B (K S K) B (K K (x I) S))) (K (z B (B (S (x I))))) v30 (B z)))
x B B (S z z) v25 (x (S B) v13 z) (x K I I I K) (z (K (x (I K K v27) B z) (x (S (I v28 (v16 S) S) B)))) (S (x K B) I S) (I (S v19 (K (B (K S K) B (K K (x I) S))) (K (z B (B (S (x I))))) v30 (B z)))
x B B (S z z) v25 (x (S B) v13 z) (x K I I I K) (z (x (I K K v27) B z)) (S (x K B) I S) (I (S v19 (K (B (K S K) B (K K (x I) S))) (K (z B (B (S (x I))))) v30 (B z)))
x B B (S z z) v25 (x (S B) v13 z) (x K I I I K) (z (x (K K v27) B z)) (S (x K B) I S) (I (S v19 (K (B (K S K) B (K K (x I) S))) (K (z B (B (S (x I))))) v30 (B z)))
x B B (S z z) v25 (x (S B) v13 z) (x K I I I K) (z (x K B z)) (S (x K B) I S) (I (S v19 (K (B (K S K) B (K K (x I) S))) (K (z B (B (S (x I))))) v30 (B z)))
x B B (S z z) v25 (x (S B) v13 z) (x K I I I K) (z (x K B z)) (x K B S (I S)) (I (S v19 (K (B (K S K) B (K K (x I) S))) (K (z B (B (S (x I))))) v30 (B z)))
x B B (S z z) v25 (x (S B) v13 z) (x K I I I K) (z (x K B z)) (x K B S S) (I (S v19 (K (B (K S K) B (K K (x I) S))) (K (z B (B (S (x I))))) v30 (B z)))
x B B (S z z) v25 (x (S B) v13 z) (x K I I I K) (z (x K B z)) (x K B S S) (S v19 (K (B (K S K) B (K K (x I) S))) (K (z B (B (S (x I))))) v30 (B z))
x B B (S z z) v25 (x (S B) v13 z) (x K I I I K) (z (x K B z)) (x K B S S) (v19 (K (z B (B (S (x I))))) (K (B (K S K) B (K K (x I) S)) (K (z B (B (S (x I)))))) v30 (B z))
x B B (S z z) v25 (x (S B) v13 z) (x K I I I K) (z (x K B z)) (x K B S S) (v19 (K (z B (B (S (x I))))) (B (K S K) B (K K (x I) S)) v30 (B z))
x B B (S z z) v25 (x (S B) v13 z) (x K I I I K) (z (x K B z)) (x K B S S) (v19 (K (z B (B (S (x I))))) (K S K (B (K K (x I) S))) v30 (B z))
x B B (S z z) v25 (x (S B) v13 z) (x K I I I K) (z (x K B z)) (x K B S S) (v19 (K (z B (B (S (x I))))) (S (B (K K (x I) S))) v30 (B z))
x B B (S z z) v25 (x (S B) v13 z) (x K I I I K) (z (x K B z)) (x K B S S) (v19 (K (z B (B (S (x I))))) (S (B (K S))) v30 (B z))
I I (S B) I (B (B (z x S)) v14 z (K K (B (z B v17) B K) (z (S x I) (I x (I (z S) I (S (B x))) (S z I)))) (x (S (I (z (v24 v13))) B z) z) (I S (I (K v24 K) (v8 (z x)))))
I (S B) I (B (B (z x S)) v14 z (K K (B (z B v17) B K) (z (S x I) (I x (I (z S) I (S (B x))) (S z I)))) (x (S (I (z (v24 v13))) B z) z) (I S (I (K v24 K) (v8 (z x)))))
S B I (B (B (z x S)) v14 z (K K (B (z B v17) B K) (z (S x I) (I x (I (z S) I (S (B x))) (S z I)))) (x (S (I (z (v24 v13))) B z) z) (I S (I (K v24 K) (v8 (z x)))))
B (B (B (z x S)) v14 z (K K (B (z B v17) B K) (z (S x I) (I x (I (z S) I (S (B x))) (S z I)))) (x (S (I (z (v24 v13))) B z) z) (I S (I (K v24 K) (v8 (z x))))) (I (B (B (z x S)) v14 z (K K (B (z B v17) B K) (z (S x I) (I x (I (z S) I (S (B x))) (S z I)))) (x (S (I (z (v24 v13))) B z) z) (I S (I (K v24 K) (v8 (z x))))))
B (B (z x S) (v14 z) (K K (B (z B v17) B K) (z (S x I) (I x (I (z S) I (S (B x))) (S z I)))) (x (S (I (z (v24 v13))) B z) z) (I S (I (K v24 K) (v8 (z x))))) (I (B (B (z x S)) v14 z (K K (B (z B v17) B K) (z (S x I) (I x (I (z S) I (S (B x))) (S z I)))) (x (S (I (z (v24 v13))) B z) z) (I S (I (K v24 K) (v8 (z x))))))
B (z x S (v14 z (K K (B (z B v17) B K) (z (S x I) (I x (I (z S) I (S (B x))) (S z I))))) (x (S (I (z (v24 v13))) B z) z) (I S (I (K v24 K) (v8 (z x))))) (I (B (B (z x S)) v14 z (K K (B (z B v17) B K) (z (S x I) (I x (I (z S) I (S (B x))) (S z I)))) (x (S (I (z (v24 v13))) B z) z) (I S (I (K v24 K) (v8 (z x))))))
B (z x S (v14 z (K (z (S x I) (I x (I (z S) I (S (B x))) (S z I))))) (x (S (I (z (v24 v13))) B z) z) (I S (I (K v24 K) (v8 (z x))))) (I (B (B (z x S)) v14 z (K K (B (z B v17) B K) (z (S x I) (I x (I (z S) I (S (B x))) (S z I)))) (x (S (I (z (v24 v13))) B z) z) (I S (I (K v24 K) (v8 (z x))))))
B (z x S (v14 z (K (z (S x I) (x (I (z S) I (S (B x))) (S z I))))) (x (S (I (z (v24 v13))) B z) z) (I S (I (K v24 K) (v8 (z x))))) (I (B (B (z x S)) v14 z (K K (B (z B v17) B K) (z (S x I) (I x (I (z S) I (S (B x))) (S z I)))) (x (S (I (z (v24 v13))) B z) z) (I S (I (K v24 K) (v8 (z x))))))
B (z x S (v14 z (K (z (S x I) (x (z S I (S (B x))) (S z I))))) (x (S (I (z (v24 v13))) B z) z) (I S (I (K v24 K) (v8 (z x))))) (I (B (B (z x S)) v14 z (K K (B (z B v17) B K) (z (S x I) (I x (I (z S) I (S (B x))) (S z I)))) (x (S (I (z (v24 v13))) B z) z) (I S (I (K v24 K) (v8 (z x))))))
B (z x S (v14 z (K (z (S x I) (x (z S I (S (B x))) (S z I))))) (x (I (z (v24 v13)) z (B z)) z) (I S (I (K v24 K) (v8 (z x))))) (I (B (B (z x S)) v14 z (K K (B (z B v17) B K) (z (S x I) (I x (I (z S) I (S (B x))) (S z I)))) (x (S (I (z (v24 v13))) B z) z) (I S (I (K v24 K) (v8 (z x))))))
B (z x S (v14 z (K (z (S x I) (x (z S I (S (B x))) (S z I))))) (x (z (v24 v13) z (B z)) z) (I S (I (K v24 K) (v8 (z x))))) (I (B (B (z x S)) v14 z (K K (B (z B v17) B K) (z (S x I) (I x (I (z S) I (S (B x))) (S z I)))) (x (S (I (z (v24 v13))) B z) z) (I S (I (K v24 K) (v8 (z x))))))
B (z x S (v14 z (K (z (S x I) (x (z S I (S (B x))) (S z I))))) (x (z (v24 v13) z (B z)) z) (S (I (K v24 K) (v8 (z x))))) (I (B (B (z x S)) v14 z (K K (B (z B v17) B K) (z (S x I) (I x (I (z S) I (S (B x))) (S z I)))) (x (S (I (z (v24 v13))) B z) z) (I S (I (K v24 K) (v8 (z x))))))
B (z x S (v14 z (K (z (S x I) (x (z S I (S (B x))) (S z I))))) (x (z (v24 v13) z (B z)) z) (S (K v24 K (v8 (z x))))) (I (B (B (z x S)) v14 z (K K (B (z B v17) B K) (z (S x I) (I x (I (z S) I (S (B x))) (S z I)))) (x (S (I (z (v24 v13))) B z) z) (I S (I (K v24 K) (v8 (z x))))))
B (z x S (v14 z (K (z (S x I) (x (z S I (S (B x))) (S z I))))) (x (z (v24 v13) z (B z)) z) (S (v24 (v8 (z x))))) (I (B (B (z x S)) v14 z (K K (B (z B v17) B K) (z (S x I) (I x (I (z S) I (S (B x))) (S z I)))) (x (S (I (z (v24 v13))) B z) z) (I S (I (K v24 K) (v8 (z x))))))
B (z x S (v14 z (K (z (S x I) (x (z S I (S (B x))) (S z I))))) (x (z (v24 v13) z (B z)) z) (S (v24 (v8 (z x))))) (B (B (z x S)) v14 z (K K (B (z B v17) B K) (z (S x I) (I x (I (z S) I (S (B x))) (S z I)))) (x (S (I (z (v24 v13))) B z) z) (I S (I (K v24 K) (v8 (z x)))))
B (z x S (v14 z (K (z (S x I) (x (z S I (S (B x))) (S z I))))) (x (z (v24 v13) z (B z)) z) (S (v24 (v8 (z x))))) (B (z x S) (v14 z) (K K (B (z B v17) B K) (z (S x I) (I x (I (z S) I (S (B x))) (S z I)))) (x (S (I (z (v24 v13))) B z) z) (I S (I (K v24 K) (v8 (z x)))))
B (z x S (v14 z (K (z (S x I) (x (z S I (S (B x))) (S z I))))) (x (z (v24 v13) z (B z)) z) (S (v24 (v8 (z x))))) (z x S (v14 z (K K (B (z B v17) B K) (z (S x I) (I x (I (z S) I (S (B x))) (S z I))))) (x (S (I (z (v24 v13))) B z) z) (I S (I (K v24 K) (v8 (z x)))))
B (z x S (v14 z (K (z (S x I) (x (z S I (S (B x))) (S z I))))) (x (z (v24 v13) z (B z)) z) (S (v24 (v8 (z x))))) (z x S (v14 z (K (z (S x I) (I x (I (z S) I (S (B x))) (S z I))))) (x (S (I (z (v24 v13))) B z) z) (I S (I (K v24 K) (v8 (z x)))))
B (z x S (v14 z (K (z (S x I) (x (z S I (S (B x))) (S z I))))) (x (z (v24 v13) z (B z)) z) (S (v24 (v8 (z x))))) (z x S (v14 z (K (z (S x I) (x (I (z S) I (S (B x))) (S z I))))) (x (S (I (z (v24 v13))) B z) z) (I S (I (K v24 K) (v8 (z x)))))
B (z x S (v14 z (K (z (S x I) (x (z S I (S (B x))) (S z I))))) (x (z (v24 v13) z (B z)) z) (S (v24 (v8 (z x))))) (z x S (v14 z (K (z (S x I) (x (z S I (S (B x))) (S z I))))) (x (S (I (z (v24 v13))) B z) z) (I S (I (K v24 K) (v8 (z x)))))
B (z x S (v14 z (K (z (S x I) (x (z S I (S (B x))) (S z I))))) (x (z (v24 v13) z (B z)) z) (S (v24 (v8 (z x))))) (z x S (v14 z (K (z (S x I) (x (z S I (S (B x))) (S z I))))) (x (I (z (v24 v13)) z (B z)) z) (I S (I (K v24 K) (v8 (z x)))))
B (z x S (v14 z (K (z (S x I) (x (z S I (S (B x))) (S z I))))) (x (z (v24 v13) z (B z)) z) (S (v24 (v8 (z x))))) (z x S (v14 z (K (z (S x I) (x (z S I (S (B x))) (S z I))))) (x (z (v24 v13) z (B z)) z) (I S (I (K v24 K) (v8 (z x)))))
B (z x S (v14 z (K (z (S x I) (x (z S I (S (B x))) (S z I))))) (x (z (v24 v13) z (B z)) z) (S (v24 (v8 (z x))))) (z x S (v14 z (K (z (S x I) (x (z S I (S (B x))) (S z I))))) (x (z (v24 v13) z (B z)) z) (S (I (K v24 K) (v8 (z x)))))
B (z x S (v14 z (K (z (S x I) (x (z S I (S (B x))) (S z I))))) (x (z (v24 v13) z (B z)) z) (S (v24 (v8 (z x))))) (z x S (v14 z (K (z (S x I) (x (z S I (S (B x))) (S z I))))) (x (z (v24 v13) z (B z)) z) (S (K v24 K (v8 (z x)))))
B (z x S (v14 z (K (z (S x I) (x (z S I (S (B x))) (S z I))))) (x (z (v24 v13) z (B z)) z) (S (v24 (v8 (z x))))) (z x S (v14 z (K (z (S x I) (x (z S I (S (B x))) (S z I))))) (x (z (v24 v13) z (B z)) z) (S (v24 (v8 (z x)))))
B (K S) (z (B (K (x (z S)) (B I I z (x K I K K)) (S (S (K x) (B B)))) (S K)))
B (K S) (z (B (x (z S) (S (S (K x) (B B)))) (S K)))
v8 x (x (B (B (x x (v1 (v8 I))))) (S S (B (z B) (x x)) (K (x I B))))
v8 x (x (B (B (x x (v1 (v8 I))))) (S (K (x I B)) (B (z B) (x x) (K (x I B)))))
v8 x (x (B (B (x x (v1 (v8 I))))) (S (K (x I B)) (z B (x x (K (x I B))))))
B (B (S v15 I) (v27 v8 (v7 (K (S x) x))))
B (B (S v15 I) (v27 v8 (v7 (S x))))
K
