B B (x v12 (I (K (x S v26) S K)) K) z z (I (S (B x (I (z I) (K B z))) (K (B (K (S z I z))) B v13)) (v13 S) (K (z x (z K) (S I (x (z (z B) x) z v27 S) (x x z) z)) K))
B (x v12 (I (K (x S v26) S K)) K z) z (I (S (B x (I (z I) (K B z))) (K (B (K (S z I z))) B v13)) (v13 S) (K (z x (z K) (S I (x (z (z B) x) z v27 S) (x x z) z)) K))
x v12 (I (K (x S v26) S K)) K z (z (I (S (B x (I (z I) (K B z))) (K (B (K (S z I z))) B v13)) (v13 S) (K (z x (z K) (S I (x (z (z B) x) z v27 S) (x x z) z)) K)))
x v12 (K (x S v26) S K) K z (z (I (S (B x (I (z I) (K B z))) (K (B (K (S z I z))) B v13)) (v13 S) (K (z x (z K) (S I (x (z (z B) x) z v27 S) (x x z) z)) K)))
x v12 (x S v26 K) K z (z (I (S (B x (I (z I) (K B z))) (K (B (K (S z I z))) B v13)) (v13 S) (K (z x (z K) (S I (x (z (z B) x) z v27 S) (x x z) z)) K)))
x v12 (x S v26 K) K z (z (S (B x (I (z I) (K B z))) (K (B (K (S z I z))) B v13) (v13 S) (K (z x (z K) (S I (x (z (z B) x) z v27 S) (x x z) z)) K)))
x v12 (x S v26 K) K z (z (B x (I (z I) (K B z)) (v13 S) (K (B (K (S z I z))) B v13 (v13 S)) (K (z x (z K) (S I (x (z (z B) x) z v27 S) (x x z) z)) K)))
x v12 (x S v26 K) K z (z (x (I (z I) (K B z) (v13 S)) (K (B (K (S z I z))) B v13 (v13 S)) (K (z x (z K) (S I (x (z (z B) x) z v27 S) (x x z) z)) K)))
x v12 (x S v26 K) K z (z (x (z I (K B z) (v13 S)) (K (B (K (S z I z))) B v13 (v13 S)) (K (z x (z K) (S I (x (z (z B) x) z v27 S) (x x z) z)) K)))
x v12 (x S v26 K) K z (z (x (z I B (v13 S)) (K (B (K (S z I z))) B v13 (v13 S)) (K (z x (z K) (S I (x (z (z B) x) z v27 S) (x x z) z)) K)))
x v12 (x S v26 K) K z (z (x (z I B (v13 S)) (B (K (S z I z)) v13 (v13 S)) (K (z x (z K) (S I (x (z (z B) x) z v27 S) (x x z) z)) K)))
x v12 (x S v26 K) K z (z (x (z I B (v13 S)) (K (S z I z) (v13 (v13 S))) (K (z x (z K) (S I (x (z (z B) x) z v27 S) (x x z) z)) K)))
x v12 (x S v26 K) K z (z (x (z I B (v13 S)) (S z I z) (K (z x (z K) (S I (x (z (z B) x) z v27 S) (x x z) z)) K)))
x v12 (x S v26 K) K z (z (x (z I B (v13 S)) (z z (I z)) (K (z x (z K) (S I (x (z (z B) x) z v27 S) (x x z) z)) K)))
x v12 (x S v26 K) K z (z (x (z I B (v13 S)) (z z z) (K (z x (z K) (S I (x (z (z B) x) z v27 S) (x x z) z)) K)))
x v12 (x S v26 K) K z (z (x (z I B (v13 S)) (z z z) (z x (z K) (S I (x (z (z B) x) z v27 S) (x x z) z))))
x v12 (x S v26 K) K z (z (x (z I B (v13 S)) (z z z) (z x (z K) (I (x x z) (x (z (z B) x) z v27 S (x x z)) z))))
x v12 (x S v26 K) K z (z (x (z I B (v13 S)) (z z z) (z x (z K) (x x z (x (z (z B) x) z v27 S (x x z)) z))))
z (x (z K) (v20 (v0 (z S)))) (B (x I z (v30 (z (v25 (v19 S (S K) (S v7) S x))))))
S
v14 I z B (B (x B (z (B (x K (x (x B))))))) (z (x x (K (x z S) x)) (K I (K (K x)) S (x I x K) (K (z S) v30) B (x K) z (S z (B (S (I v9 z))) K)))
v14 I z B (B (x B (z (B (x K (x (x B))))))) (z (x x (x z S)) (K I (K (K x)) S (x I x K) (K (z S) v30) B (x K) z (S z (B (S (I v9 z))) K)))
v14 I z B (B (x B (z (B (x K (x (x B))))))) (z (x x (x z S)) (I S (x I x K) (K (z S) v30) B (x K) z (S z (B (S (I v9 z))) K)))
v14 I z B (B (x B (z (B (x K (x (x B))))))) (z (x x (x z S)) (S (x I x K) (K (z S) v30) B (x K) z (S z (B (S (I v9 z))) K)))
v14 I z B (B (x B (z (B (x K (x (x B))))))) (z (x x (x z S)) (x I x K B (K (z S) v30 B) (x K) z (S z (B (S (I v9 z))) K)))
v14 I z B (B (x B (z (B (x K (x (x B))))))) (z (x x (x z S)) (x I x K B (z S B) (x K) z (S z (B (S (I v9 z))) K)))
v14 I z B (B (x B (z (B (x K (x (x B))))))) (z (x x (x z S)) (x I x K B (z S B) (x K) z (z K (B (S (I v9 z)) K))))
v14 I z B (B (x B (z (B (x K (x (x B))))))) (z (x x (x z S)) (x I x K B (z S B) (x K) z (z K (B (S (v9 z)) K))))
K K (I (K (z I v18 (v28 (x (v18 (K z) x)))))) (B (K z (x (z I))) (S K (K (I v9)) (S (B x) z)) (S (z (z (v22 (z (I v26)))) (v23 (v3 (x B K)))) (K (B (K z)) (v28 v19) z (K v21 (I (v6 I) (v17 (I v24 z (z z v6) (I x I z x z))))))) (v20 (x (I B v12 (v20 (I z (z (I B))) I (K (S I)))))))
K (B (K z (x (z I))) (S K (K (I v9)) (S (B x) z)) (S (z (z (v22 (z (I v26)))) (v23 (v3 (x B K)))) (K (B (K z)) (v28 v19) z (K v21 (I (v6 I) (v17 (I v24 z (z z v6) (I x I z x z))))))) (v20 (x (I B v12 (v20 (I z (z (I B))) I (K (S I)))))))
K (K z (x (z I)) (S K (K (I v9)) (S (B x) z) (S (z (z (v22 (z (I v26)))) (v23 (v3 (x B K)))) (K (B (K z)) (v28 v19) z (K v21 (I (v6 I) (v17 (I v24 z (z z v6) (I x I z x z)))))))) (v20 (x (I B v12 (v20 (I z (z (I B))) I (K (S I)))))))
K (z (S K (K (I v9)) (S (B x) z) (S (z (z (v22 (z (I v26)))) (v23 (v3 (x B K)))) (K (B (K z)) (v28 v19) z (K v21 (I (v6 I) (v17 (I v24 z (z z v6) (I x I z x z)))))))) (v20 (x (I B v12 (v20 (I z (z (I B))) I (K (S I)))))))
K (z (K (S (B x) z) (K (I v9) (S (B x) z)) (S (z (z (v22 (z (I v26)))) (v23 (v3 (x B K)))) (K (B (K z)) (v28 v19) z (K v21 (I (v6 I) (v17 (I v24 z (z z v6) (I x I z x z)))))))) (v20 (x (I B v12 (v20 (I z (z (I B))) I (K (S I)))))))
K (z (S (B x) z (S (z (z (v22 (z (I v26)))) (v23 (v3 (x B K)))) (K (B (K z)) (v28 v19) z (K v21 (I (v6 I) (v17 (I v24 z (z z v6) (I x I z x z)))))))) (v20 (x (I B v12 (v20 (I z (z (I B))) I (K (S I)))))))
K (z (B x (S (z (z (v22 (z (I v26)))) (v23 (v3 (x B K)))) (K (B (K z)) (v28 v19) z (K v21 (I (v6 I) (v17 (I v24 z (z z v6) (I x I z x z))))))) (z (S (z (z (v22 (z (I v26)))) (v23 (v3 (x B K)))) (K (B (K z)) (v28 v19) z (K v21 (I (v6 I) (v17 (I v24 z (z z v6) (I x I z x z))))))))) (v20 (x (I B v12 (v20 (I z (z (I B))) I (K (S I)))))))
K (z (x (S (z (z (v22 (z (I v26)))) (v23 (v3 (x B K)))) (K (B (K z)) (v28 v19) z (K v21 (I (v6 I) (v17 (I v24 z (z z v6) (I x I z x z)))))) (z (S (z (z (v22 (z (I v26)))) (v23 (v3 (x B K)))) (K (B (K z)) (v28 v19) z (K v21 (I (v6 I) (v17 (I v24 z (z z v6) (I x I z x z)))))))))) (v20 (x (I B v12 (v20 (I z (z (I B))) I (K (S I)))))))
K (z (x (z (z (v22 (z (I v26)))) (v23 (v3 (x B K))) (z (S (z (z (v22 (z (I v26)))) (v23 (v3 (x B K)))) (K (B (K z)) (v28 v19) z (K v21 (I (v6 I) (v17 (I v24 z (z z v6) (I x I z x z)))))))) (K (B (K z)) (v28 v19) z (K v21 (I (v6 I) (v17 (I v24 z (z z v6) (I x I z x z))))) (z (S (z (z (v22 (z (I v26)))) (v23 (v3 (x B K)))) (K (B (K z)) (v28 v19) z (K v21 (I (v6 I) (v17 (I v24 z (z z v6) (I x I z x z))))))))))) (v20 (x (I B v12 (v20 (I z (z (I B))) I (K (S I)))))))
K (z (x (z (z (v22 (z v26))) (v23 (v3 (x B K))) (z (S (z (z (v22 (z (I v26)))) (v23 (v3 (x B K)))) (K (B (K z)) (v28 v19) z (K v21 (I (v6 I) (v17 (I v24 z (z z v6) (I x I z x z)))))))) (K (B (K z)) (v28 v19) z (K v21 (I (v6 I) (v17 (I v24 z (z z v6) (I x I z x z))))) (z (S (z (z (v22 (z (I v26)))) (v23 (v3 (x B K)))) (K (B (K z)) (v28 v19) z (K v21 (I (v6 I) (v17 (I v24 z (z z v6) (I x I z x z))))))))))) (v20 (x (I B v12 (v20 (I z (z (I B))) I (K (S I)))))))
K (z (x (z (z (v22 (z v26))) (v23 (v3 (x B K))) (z (S (z (z (v22 (z v26))) (v23 (v3 (x B K)))) (K (B (K z)) (v28 v19) z (K v21 (I (v6 I) (v17 (I v24 z (z z v6) (I x I z x z)))))))) (K (B (K z)) (v28 v19) z (K v21 (I (v6 I) (v17 (I v24 z (z z v6) (I x I z x z))))) (z (S (z (z (v22 (z (I v26)))) (v23 (v3 (x B K)))) (K (B (K z)) (v28 v19) z (K v21 (I (v6 I) (v17 (I v24 z (z z v6) (I x I z x z))))))))))) (v20 (x (I B v12 (v20 (I z (z (I B))) I (K (S I)))))))
K (z (x (z (z (v22 (z v26))) (v23 (v3 (x B K))) (z (S (z (z (v22 (z v26))) (v23 (v3 (x B K)))) (B (K z) z (K v21 (I (v6 I) (v17 (I v24 z (z z v6) (I x I z x z)))))))) (K (B (K z)) (v28 v19) z (K v21 (I (v6 I) (v17 (I v24 z (z z v6) (I x I z x z))))) (z (S (z (z (v22 (z (I v26)))) (v23 (v3 (x B K)))) (K (B (K z)) (v28 v19) z (K v21 (I (v6 I) (v17 (I v24 z (z z v6) (I x I z x z))))))))))) (v20 (x (I B v12 (v20 (I z (z (I B))) I (K (S I)))))))
K (z (x (z (z (v22 (z v26))) (v23 (v3 (x B K))) (z (S (z (z (v22 (z v26))) (v23 (v3 (x B K)))) (K z (z (K v21 (I (v6 I) (v17 (I v24 z (z z v6) (I x I z x z))))))))) (K (B (K z)) (v28 v19) z (K v21 (I (v6 I) (v17 (I v24 z (z z v6) (I x I z x z))))) (z (S (z (z (v22 (z (I v26)))) (v23 (v3 (x B K)))) (K (B (K z)) (v28 v19) z (K v21 (I (v6 I) (v17 (I v24 z (z z v6) (I x I z x z))))))))))) (v20 (x (I B v12 (v20 (I z (z (I B))) I (K (S I)))))))
K (z (x (z (z (v22 (z v26))) (v23 (v3 (x B K))) (z (S (z (z (v22 (z v26))) (v23 (v3 (x B K)))) z)) (K (B (K z)) (v28 v19) z (K v21 (I (v6 I) (v17 (I v24 z (z z v6) (I x I z x z))))) (z (S (z (z (v22 (z (I v26)))) (v23 (v3 (x B K)))) (K (B (K z)) (v28 v19) z (K v21 (I (v6 I) (v17 (I v24 z (z z v6) (I x I z x z))))))))))) (v20 (x (I B v12 (v20 (I z (z (I B))) I (K (S I)))))))
K (z (x (z (z (v22 (z v26))) (v23 (v3 (x B K))) (z (S (z (z (v22 (z v26))) (v23 (v3 (x B K)))) z)) (B (K z) z (K v21 (I (v6 I) (v17 (I v24 z (z z v6) (I x I z x z))))) (z (S (z (z (v22 (z (I v26)))) (v23 (v3 (x B K)))) (K (B (K z)) (v28 v19) z (K v21 (I (v6 I) (v17 (I v24 z (z z v6) (I x I z x z))))))))))) (v20 (x (I B v12 (v20 (I z (z (I B))) I (K (S I)))))))
K (z (x (z (z (v22 (z v26))) (v23 (v3 (x B K))) (z (S (z (z (v22 (z v26))) (v23 (v3 (x B K)))) z)) (K z (z (K v21 (I (v6 I) (v17 (I v24 z (z z v6) (I x I z x z)))))) (z (S (z (z (v22 (z (I v26)))) (v23 (v3 (x B K)))) (K (B (K z)) (v28 v19) z (K v21 (I (v6 I) (v17 (I v24 z (z z v6) (I x I z x z))))))))))) (v20 (x (I B v12 (v20 (I z (z (I B))) I (K (S I)))))))
K (z (x (z (z (v22 (z v26))) (v23 (v3 (x B K))) (z (S (z (z (v22 (z v26))) (v23 (v3 (x B K)))) z)) (z (z (S (z (z (v22 (z (I v26)))) (v23 (v3 (x B K)))) (K (B (K z)) (v28 v19) z (K v21 (I (v6 I) (v17 (I v24 z (z z v6) (I x I z x z))))))))))) (v20 (x (I B v12 (v20 (I z (z (I B))) I (K (S I)))))))
K (z (x (z (z (v22 (z v26))) (v23 (v3 (x B K))) (z (S (z (z (v22 (z v26))) (v23 (v3 (x B K)))) z)) (z (z (S (z (z (v22 (z v26))) (v23 (v3 (x B K)))) (K (B (K z)) (v28 v19) z (K v21 (I (v6 I) (v17 (I v24 z (z z v6) (I x I z x z))))))))))) (v20 (x (I B v12 (v20 (I z (z (I B))) I (K (S I)))))))
K (z (x (z (z (v22 (z v26))) (v23 (v3 (x B K))) (z (S (z (z (v22 (z v26))) (v23 (v3 (x B K)))) z)) (z (z (S (z (z (v22 (z v26))) (v23 (v3 (x B K)))) (B (K z) z (K v21 (I (v6 I) (v17 (I v24 z (z z v6) (I x I z x z))))))))))) (v20 (x (I B v12 (v20 (I z (z (I B))) I (K (S I)))))))
K (z (x (z (z (v22 (z v26))) (v23 (v3 (x B K))) (z (S (z (z (v22 (z v26))) (v23 (v3 (x B K)))) z)) (z (z (S (z (z (v22 (z v26))) (v23 (v3 (x B K)))) (K z (z (K v21 (I (v6 I) (v17 (I v24 z (z z v6) (I x I z x z)))))))))))) (v20 (x (I B v12 (v20 (I z (z (I B))) I (K (S I)))))))
K (z (x (z (z (v22 (z v26))) (v23 (v3 (x B K))) (z (S (z (z (v22 (z v26))) (v23 (v3 (x B K)))) z)) (z (z (S (z (z (v22 (z v26))) (v23 (v3 (x B K)))) z))))) (v20 (x (I B v12 (v20 (I z (z (I B))) I (K (S I)))))))
K (z (x (z (z (v22 (z v26))) (v23 (v3 (x B K))) (z (S (z (z (v22 (z v26))) (v23 (v3 (x B K)))) z)) (z (z (S (z (z (v22 (z v26))) (v23 (v3 (x B K)))) z))))) (v20 (x (B v12 (v20 (I z (z (I B))) I (K (S I)))))))
K (z (x (z (z (v22 (z v26))) (v23 (v3 (x B K))) (z (S (z (z (v22 (z v26))) (v23 (v3 (x B K)))) z)) (z (z (S (z (z (v22 (z v26))) (v23 (v3 (x B K)))) z))))) (v20 (x (B v12 (v20 (z (z (I B))) I (K (S I)))))))
K (z (x (z (z (v22 (z v26))) (v23 (v3 (x B K))) (z (S (z (z (v22 (z v26))) (v23 (v3 (x B K)))) z)) (z (z (S (z (z (v22 (z v26))) (v23 (v3 (x B K)))) z))))) (v20 (x (B v12 (v20 (z (z B)) I (K (S I)))))))
v23 (I (z (S S B B))) (x (z (B z v7))) I (z x) (z (x K (S x (z v19 K))) (K v29) z (S x (z (B (z S) B B) x)))
v23 (z (S S B B)) (x (z (B z v7))) I (z x) (z (x K (S x (z v19 K))) (K v29) z (S x (z (B (z S) B B) x)))
v23 (z (S B (B B))) (x (z (B z v7))) I (z x) (z (x K (S x (z v19 K))) (K v29) z (S x (z (B (z S) B B) x)))
v23 (z (S B (B B))) (x (z (B z v7))) I (z x) (z (x K (S x (z v19 K))) (K v29) z (S x (z (z S (B B)) x)))
I (x I (x v17 I (x z K (B (S K))) I (S (B (B (x S)) K (x x x))))) (z (S (v10 K) (z K)) (I (x B K) B)) I
x I (x v17 I (x z K (B (S K))) I (S (B (B (x S)) K (x x x)))) (z (S (v10 K) (z K)) (I (x B K) B)) I
x I (x v17 I (x z K (B (S K))) I (S (B (x S) (K (x x x))))) (z (S (v10 K) (z K)) (I (x B K) B)) I
x I (x v17 I (x z K (B (S K))) I (S (B (x S) (K (x x x))))) (z (S (v10 K) (z K)) (x B K B)) I
B (z K (z x S) (K (z (K z)) (x B))) (B (x (z (x S K (z (v14 (z v0 v18) (K z z (z S))))) (B (B I) (z I)))))
B (z K (z x S) (z (K z))) (B (x (z (x S K (z (v14 (z v0 v18) (K z z (z S))))) (B (B I) (z I)))))
B (z K (z x S) (z (K z))) (B (x (z (x S K (z (v14 (z v0 v18) (z (z S))))) (B (B I) (z I)))))
x
I (S (v11 S (B K I K)) z) (S S (z z) (x (K (z x B)) K) (v30 (v13 B B) (I v4) S (S z (x B) (K I (K I S)) x))) x
S (v11 S (B K I K)) z (S S (z z) (x (K (z x B)) K) (v30 (v13 B B) (I v4) S (S z (x B) (K I (K I S)) x))) x
v11 S (B K I K) (S S (z z) (x (K (z x B)) K) (v30 (v13 B B) (I v4) S (S z (x B) (K I (K I S)) x))) (z (S S (z z) (x (K (z x B)) K) (v30 (v13 B B) (I v4) S (S z (x B) (K I (K I S)) x)))) x
v11 S (K (I K)) (S S (z z) (x (K (z x B)) K) (v30 (v13 B B) (I v4) S (S z (x B) (K I (K I S)) x))) (z (S S (z z) (x (K (z x B)) K) (v30 (v13 B B) (I v4) S (S z (x B) (K I (K I S)) x)))) x
v11 S (K K) (S S (z z) (x (K (z x B)) K) (v30 (v13 B B) (I v4) S (S z (x B) (K I (K I S)) x))) (z (S S (z z) (x (K (z x B)) K) (v30 (v13 B B) (I v4) S (S z (x B) (K I (K I S)) x)))) x
v11 S (K K) (S (x (K (z x B)) K) (z z (x (K (z x B)) K)) (v30 (v13 B B) (I v4) S (S z (x B) (K I (K I S)) x))) (z (S S (z z) (x (K (z x B)) K) (v30 (v13 B B) (I v4) S (S z (x B) (K I (K I S)) x)))) x
v11 S (K K) (x (K (z x B)) K (v30 (v13 B B) (I v4) S (S z (x B) (K I (K I S)) x)) (z z (x (K (z x B)) K) (v30 (v13 B B) (I v4) S (S z (x B) (K I (K I S)) x)))) (z (S S (z z) (x (K (z x B)) K) (v30 (v13 B B) (I v4) S (S z (x B) (K I (K I S)) x)))) x
v11 S (K K) (x (K (z x B)) K (v30 (v13 B B) v4 S (S z (x B) (K I (K I S)) x)) (z z (x (K (z x B)) K) (v30 (v13 B B) (I v4) S (S z (x B) (K I (K I S)) x)))) (z (S S (z z) (x (K (z x B)) K) (v30 (v13 B B) (I v4) S (S z (x B) (K I (K I S)) x)))) x
v11 S (K K) (x (K (z x B)) K (v30 (v13 B B) v4 S (z (K I (K I S)) (x B (K I (K I S))) x)) (z z (x (K (z x B)) K) (v30 (v13 B B) (I v4) S (S z (x B) (K I (K I S)) x)))) (z (S S (z z) (x (K (z x B)) K) (v30 (v13 B B) (I v4) S (S z (x B) (K I (K I S)) x)))) x
v11 S (K K) (x (K (z x B)) K (v30 (v13 B B) v4 S (z I (x B (K I (K I S))) x)) (z z (x (K (z x B)) K) (v30 (v13 B B) (I v4) S (S z (x B) (K I (K I S)) x)))) (z (S S (z z) (x (K (z x B)) K) (v30 (v13 B B) (I v4) S (S z (x B) (K I (K I S)) x)))) x
v11 S (K K) (x (K (z x B)) K (v30 (v13 B B) v4 S (z I (x B I) x)) (z z (x (K (z x B)) K) (v30 (v13 B B) (I v4) S (S z (x B) (K I (K I S)) x)))) (z (S S (z z) (x (K (z x B)) K) (v30 (v13 B B) (I v4) S (S z (x B) (K I (K I S)) x)))) x
v11 S (K K) (x (K (z x B)) K (v30 (v13 B B) v4 S (z I (x B I) x)) (z z (x (K (z x B)) K) (v30 (v13 B B) v4 S (S z (x B) (K I (K I S)) x)))) (z (S S (z z) (x (K (z x B)) K) (v30 (v13 B B) (I v4) S (S z (x B) (K I (K I S)) x)))) x
v11 S (K K) (x (K (z x B)) K (v30 (v13 B B) v4 S (z I (x B I) x)) (z z (x (K (z x B)) K) (v30 (v13 B B) v4 S (z (K I (K I S)) (x B (K I (K I S))) x)))) (z (S S (z z) (x (K (z x B)) K) (v30 (v13 B B) (I v4) S (S z (x B) (K I (K I S)) x)))) x
v11 S (K K) (x (K (z x B)) K (v30 (v13 B B) v4 S (z I (x B I) x)) (z z (x (K (z x B)) K) (v30 (v13 B B) v4 S (z I (x B (K I (K I S))) x)))) (z (S S (z z) (x (K (z x B)) K) (v30 (v13 B B) (I v4) S (S z (x B) (K I (K I S)) x)))) x
v11 S (K K) (x (K (z x B)) K (v30 (v13 B B) v4 S (z I (x B I) x)) (z z (x (K (z x B)) K) (v30 (v13 B B) v4 S (z I (x B I) x)))) (z (S S (z z) (x (K (z x B)) K) (v30 (v13 B B) (I v4) S (S z (x B) (K I (K I S)) x)))) x
v11 S (K K) (x (K (z x B)) K (v30 (v13 B B) v4 S (z I (x B I) x)) (z z (x (K (z x B)) K) (v30 (v13 B B) v4 S (z I (x B I) x)))) (z (S (x (K (z x B)) K) (z z (x (K (z x B)) K)) (v30 (v13 B B) (I v4) S (S z (x B) (K I (K I S)) x)))) x
v11 S (K K) (x (K (z x B)) K (v30 (v13 B B) v4 S (z I (x B I) x)) (z z (x (K (z x B)) K) (v30 (v13 B B) v4 S (z I (x B I) x)))) (z (x (K (z x B)) K (v30 (v13 B B) (I v4) S (S z (x B) (K I (K I S)) x)) (z z (x (K (z x B)) K) (v30 (v13 B B) (I v4) S (S z (x B) (K I (K I S)) x))))) x
v11 S (K K) (x (K (z x B)) K (v30 (v13 B B) v4 S (z I (x B I) x)) (z z (x (K (z x B)) K) (v30 (v13 B B) v4 S (z I (x B I) x)))) (z (x (K (z x B)) K (v30 (v13 B B) v4 S (S z (x B) (K I (K I S)) x)) (z z (x (K (z x B)) K) (v30 (v13 B B) (I v4) S (S z (x B) (K I (K I S)) x))))) x
v11 S (K K) (x (K (z x B)) K (v30 (v13 B B) v4 S (z I (x B I) x)) (z z (x (K (z x B)) K) (v30 (v13 B B) v4 S (z I (x B I) x)))) (z (x (K (z x B)) K (v30 (v13 B B) v4 S (z (K I (K I S)) (x B (K I (K I S))) x)) (z z (x (K (z x B)) K) (v30 (v13 B B) (I v4) S (S z (x B) (K I (K I S)) x))))) x
v11 S (K K) (x (K (z x B)) K (v30 (v13 B B) v4 S (z I (x B I) x)) (z z (x (K (z x B)) K) (v30 (v13 B B) v4 S (z I (x B I) x)))) (z (x (K (z x B)) K (v30 (v13 B B) v4 S (z I (x B (K I (K I S))) x)) (z z (x (K (z x B)) K) (v30 (v13 B B) (I v4) S (S z (x B) (K I (K I S)) x))))) x
v11 S (K K) (x (K (z x B)) K (v30 (v13 B B) v4 S (z I (x B I) x)) (z z (x (K (z x B)) K) (v30 (v13 B B) v4 S (z I (x B I) x)))) (z (x (K (z x B)) K (v30 (v13 B B) v4 S (z I (x B I) x)) (z z (x (K (z x B)) K) (v30 (v13 B B) (I v4) S (S z (x B) (K I (K I S)) x))))) x
v11 S (K K) (x (K (z x B)) K (v30 (v13 B B) v4 S (z I (x B I) x)) (z z (x (K (z x B)) K) (v30 (v13 B B) v4 S (z I (x B I) x)))) (z (x (K (z x B)) K (v30 (v13 B B) v4 S (z I (x B I) x)) (z z (x (K (z x B)) K) (v30 (v13 B B) v4 S (S z (x B) (K I (K I S)) x))))) x
v11 S (K K) (x (K (z x B)) K (v30 (v13 B B) v4 S (z I (x B I) x)) (z z (x (K (z x B)) K) (v30 (v13 B B) v4 S (z I (x B I) x)))) (z (x (K (z x B)) K (v30 (v13 B B) v4 S (z I (x B I) x)) (z z (x (K (z x B)) K) (v30 (v13 B B) v4 S (z (K I (K I S)) (x B (K I (K I S))) x))))) x
v11 S (K K) (x (K (z x B)) K (v30 (v13 B B) v4 S (z I (x B I) x)) (z z (x (K (z x B)) K) (v30 (v13 B B) v4 S (z I (x B I) x)))) (z (x (K (z x B)) K (v30 (v13 B B) v4 S (z I (x B I) x)) (z z (x (K (z x B)) K) (v30 (v13 B B) v4 S (z I (x B (K I (K I S))) x))))) x
v11 S (K K) (x (K (z x B)) K (v30 (v13 B B) v4 S (z I (x B I) x)) (z z (x (K (z x B)) K) (v30 (v13 B B) v4 S (z I (x B I) x)))) (z (x (K (z x B)) K (v30 (v13 B B) v4 S (z I (x B I) x)) (z z (x (K (z x B)) K) (v30 (v13 B B) v4 S (z I (x B I) x))))) x
