B (z (B (K B) K))
B
B (v16 I) (x (I (K (K I)) (v20 K v24) I) B) (z S) (v28 v21 (B (z S) z (B S) z) z) (v11 I v21 (x I) (v17 S I (B v25 K z (B B I)) z) S (S (x x x x))) (I (z K v5) (B K) (I (S B z (K x)) (S z)) (z B S (B (S K)) (z (v10 (S v12))) (z B) (B (z (x v29 (v29 z))))) z)
v16 I (x (I (K (K I)) (v20 K v24) I) B (z S)) (v28 v21 (B (z S) z (B S) z) z) (v11 I v21 (x I) (v17 S I (B v25 K z (B B I)) z) S (S (x x x x))) (I (z K v5) (B K) (I (S B z (K x)) (S z)) (z B S (B (S K)) (z (v10 (S v12))) (z B) (B (z (x v29 (v29 z))))) z)
v16 I (x (K (K I) (v20 K v24) I) B (z S)) (v28 v21 (B (z S) z (B S) z) z) (v11 I v21 (x I) (v17 S I (B v25 K z (B B I)) z) S (S (x x x x))) (I (z K v5) (B K) (I (S B z (K x)) (S z)) (z B S (B (S K)) (z (v10 (S v12))) (z B) (B (z (x v29 (v29 z))))) z)
v16 I (x (K I I) B (z S)) (v28 v21 (B (z S) z (B S) z) z) (v11 I v21 (x I) (v17 S I (B v25 K z (B B I)) z) S (S (x x x x))) (I (z K v5) (B K) (I (S B z (K x)) (S z)) (z B S (B (S K)) (z (v10 (S v12))) (z B) (B (z (x v29 (v29 z))))) z)
v16 I (x I B (z S)) (v28 v21 (B (z S) z (B S) z) z) (v11 I v21 (x I) (v17 S I (B v25 K z (B B I)) z) S (S (x x x x))) (I (z K v5) (B K) (I (S B z (K x)) (S z)) (z B S (B (S K)) (z (v10 (S v12))) (z B) (B (z (x v29 (v29 z))))) z)
v16 I (x I B (z S)) (v28 v21 (z S (z (B S)) z) z) (v11 I v21 (x I) (v17 S I (B v25 K z (B B I)) z) S (S (x x x x))) (I (z K v5) (B K) (I (S B z (K x)) (S z)) (z B S (B (S K)) (z (v10 (S v12))) (z B) (B (z (x v29 (v29 z))))) z)
v16 I (x I B (z S)) (v28 v21 (z S (z (B S)) z) z) (v11 I v21 (x I) (v17 S I (v25 (K z) (B B I)) z) S (S (x x x x))) (I (z K v5) (B K) (I (S B z (K x)) (S z)) (z B S (B (S K)) (z (v10 (S v12))) (z B) (B (z (x v29 (v29 z))))) z)
v16 I (x I B (z S)) (v28 v21 (z S (z (B S)) z) z) (v11 I v21 (x I) (v17 S I (v25 (K z) (B B I)) z) S (S (x x x x))) (z K v5 (B K) (I (S B z (K x)) (S z)) (z B S (B (S K)) (z (v10 (S v12))) (z B) (B (z (x v29 (v29 z))))) z)
v16 I (x I B (z S)) (v28 v21 (z S (z (B S)) z) z) (v11 I v21 (x I) (v17 S I (v25 (K z) (B B I)) z) S (S (x x x x))) (z K v5 (B K) (S B z (K x) (S z)) (z B S (B (S K)) (z (v10 (S v12))) (z B) (B (z (x v29 (v29 z))))) z)
v16 I (x I B (z S)) (v28 v21 (z S (z (B S)) z) z) (v11 I v21 (x I) (v17 S I (v25 (K z) (B B I)) z) S (S (x x x x))) (z K v5 (B K) (B (K x) (z (K x)) (S z)) (z B S (B (S K)) (z (v10 (S v12))) (z B) (B (z (x v29 (v29 z))))) z)
v16 I (x I B (z S)) (v28 v21 (z S (z (B S)) z) z) (v11 I v21 (x I) (v17 S I (v25 (K z) (B B I)) z) S (S (x x x x))) (z K v5 (B K) (K x (z (K x) (S z))) (z B S (B (S K)) (z (v10 (S v12))) (z B) (B (z (x v29 (v29 z))))) z)
v16 I (x I B (z S)) (v28 v21 (z S (z (B S)) z) z) (v11 I v21 (x I) (v17 S I (v25 (K z) (B B I)) z) S (S (x x x x))) (z K v5 (B K) x (z B S (B (S K)) (z (v10 (S v12))) (z B) (B (z (x v29 (v29 z))))) z)
z (K (I z)) I (x K B x B (B (K (x (x S)) B))) (B (x x (B S (v3 z))) (x (x I) K))
z (K z) I (x K B x B (B (K (x (x S)) B))) (B (x x (B S (v3 z))) (x (x I) K))
z (K z) I (x K B x B (B (x (x S)))) (B (x x (B S (v3 z))) (x (x I) K))
z
K (K (v2 (B K z S) (v18 B (K x))) (z K) (x v20 (B (K (I z) (K B z)))))
K (v2 (B K z S) (v18 B (K x)) (x v20 (B (K (I z) (K B z)))))
K (v2 (K (z S)) (v18 B (K x)) (x v20 (B (K (I z) (K B z)))))
K (v2 (K (z S)) (v18 B (K x)) (x v20 (B (I z))))
K (v2 (K (z S)) (v18 B (K x)) (x v20 (B z)))
x K (B (B S) (v14 (I z) v27 K (K v13 (S (S K)) v4 v19 I) z)) (v22 (z S (S S (v12 I v18 S (x (z x))) z S)) (I (B x) (K (B (S (z (v12 v14 I) x (B I))) x B)) (v30 (K x (K K) (I z v14 (z B) (S K v3) z S)))))
x K (B (B S) (v14 z v27 K (K v13 (S (S K)) v4 v19 I) z)) (v22 (z S (S S (v12 I v18 S (x (z x))) z S)) (I (B x) (K (B (S (z (v12 v14 I) x (B I))) x B)) (v30 (K x (K K) (I z v14 (z B) (S K v3) z S)))))
x K (B (B S) (v14 z v27 K (v13 v4 v19 I) z)) (v22 (z S (S S (v12 I v18 S (x (z x))) z S)) (I (B x) (K (B (S (z (v12 v14 I) x (B I))) x B)) (v30 (K x (K K) (I z v14 (z B) (S K v3) z S)))))
x K (B (B S) (v14 z v27 K (v13 v4 v19 I) z)) (v22 (z S (S z (v12 I v18 S (x (z x)) z) S)) (I (B x) (K (B (S (z (v12 v14 I) x (B I))) x B)) (v30 (K x (K K) (I z v14 (z B) (S K v3) z S)))))
x K (B (B S) (v14 z v27 K (v13 v4 v19 I) z)) (v22 (z S (z S (v12 I v18 S (x (z x)) z S))) (I (B x) (K (B (S (z (v12 v14 I) x (B I))) x B)) (v30 (K x (K K) (I z v14 (z B) (S K v3) z S)))))
x K (B (B S) (v14 z v27 K (v13 v4 v19 I) z)) (v22 (z S (z S (v12 I v18 S (x (z x)) z S))) (B x (K (B (S (z (v12 v14 I) x (B I))) x B)) (v30 (K x (K K) (I z v14 (z B) (S K v3) z S)))))
x K (B (B S) (v14 z v27 K (v13 v4 v19 I) z)) (v22 (z S (z S (v12 I v18 S (x (z x)) z S))) (x (K (B (S (z (v12 v14 I) x (B I))) x B) (v30 (K x (K K) (I z v14 (z B) (S K v3) z S))))))
x K (B (B S) (v14 z v27 K (v13 v4 v19 I) z)) (v22 (z S (z S (v12 I v18 S (x (z x)) z S))) (x (B (S (z (v12 v14 I) x (B I))) x B)))
x K (B (B S) (v14 z v27 K (v13 v4 v19 I) z)) (v22 (z S (z S (v12 I v18 S (x (z x)) z S))) (x (S (z (v12 v14 I) x (B I)) (x B))))
I (K (z K (x x)) K) (x (z z) (x (S z x v7) (v22 z) I) (S x) B v9) B (I z (S B) B K (z (K v27) S))
K (z K (x x)) K (x (z z) (x (S z x v7) (v22 z) I) (S x) B v9) B (I z (S B) B K (z (K v27) S))
z K (x x) (x (z z) (x (S z x v7) (v22 z) I) (S x) B v9) B (I z (S B) B K (z (K v27) S))
z K (x x) (x (z z) (x (z v7 (x v7)) (v22 z) I) (S x) B v9) B (I z (S B) B K (z (K v27) S))
z K (x x) (x (z z) (x (z v7 (x v7)) (v22 z) I) (S x) B v9) B (z (S B) B K (z (K v27) S))
x v20
I
