x S (I K S) (B (I v10) K (x (z (K I))) (z S) (v26 (x (B B) x (B (I (B (z B I) v5)) v14 x)) S)) (K (x v23 I)) I
x S (K S) (B (I v10) K (x (z (K I))) (z S) (v26 (x (B B) x (B (I (B (z B I) v5)) v14 x)) S)) (K (x v23 I)) I
x S (K S) (I v10 (K (x (z (K I)))) (z S) (v26 (x (B B) x (B (I (B (z B I) v5)) v14 x)) S)) (K (x v23 I)) I
x S (K S) (v10 (K (x (z (K I)))) (z S) (v26 (x (B B) x (B (I (B (z B I) v5)) v14 x)) S)) (K (x v23 I)) I
x S (K S) (v10 (K (x (z (K I)))) (z S) (v26 (x (B B) x (I (B (z B I) v5) (v14 x))) S)) (K (x v23 I)) I
x S (K S) (v10 (K (x (z (K I)))) (z S) (v26 (x (B B) x (B (z B I) v5 (v14 x))) S)) (K (x v23 I)) I
x S (K S) (v10 (K (x (z (K I)))) (z S) (v26 (x (B B) x (z B I (v5 (v14 x)))) S)) (K (x v23 I)) I
S (I I) (I (z (K (v12 (z v11) I x) (S (v7 S)))) (B I S) (z K (S x (K (x v14 S) (B v17)) (K (x x z)) (z I)) (B (I (B S I)))) (S (K K (x K v30) B K))) (z (I (z x) z (B S) (B B S)) z)
I I (z (I (z x) z (B S) (B B S)) z) (I (z (K (v12 (z v11) I x) (S (v7 S)))) (B I S) (z K (S x (K (x v14 S) (B v17)) (K (x x z)) (z I)) (B (I (B S I)))) (S (K K (x K v30) B K)) (z (I (z x) z (B S) (B B S)) z))
I (z (I (z x) z (B S) (B B S)) z) (I (z (K (v12 (z v11) I x) (S (v7 S)))) (B I S) (z K (S x (K (x v14 S) (B v17)) (K (x x z)) (z I)) (B (I (B S I)))) (S (K K (x K v30) B K)) (z (I (z x) z (B S) (B B S)) z))
z (I (z x) z (B S) (B B S)) z (I (z (K (v12 (z v11) I x) (S (v7 S)))) (B I S) (z K (S x (K (x v14 S) (B v17)) (K (x x z)) (z I)) (B (I (B S I)))) (S (K K (x K v30) B K)) (z (I (z x) z (B S) (B B S)) z))
z (z x z (B S) (B B S)) z (I (z (K (v12 (z v11) I x) (S (v7 S)))) (B I S) (z K (S x (K (x v14 S) (B v17)) (K (x x z)) (z I)) (B (I (B S I)))) (S (K K (x K v30) B K)) (z (I (z x) z (B S) (B B S)) z))
z (z x z (B S) (B B S)) z (z (K (v12 (z v11) I x) (S (v7 S))) (B I S) (z K (S x (K (x v14 S) (B v17)) (K (x x z)) (z I)) (B (I (B S I)))) (S (K K (x K v30) B K)) (z (I (z x) z (B S) (B B S)) z))
z (z x z (B S) (B B S)) z (z (v12 (z v11) I x) (B I S) (z K (S x (K (x v14 S) (B v17)) (K (x x z)) (z I)) (B (I (B S I)))) (S (K K (x K v30) B K)) (z (I (z x) z (B S) (B B S)) z))
z (z x z (B S) (B B S)) z (z (v12 (z v11) I x) (B I S) (z K (x (K (x x z)) (K (x v14 S) (B v17) (K (x x z))) (z I)) (B (I (B S I)))) (S (K K (x K v30) B K)) (z (I (z x) z (B S) (B B S)) z))
z (z x z (B S) (B B S)) z (z (v12 (z v11) I x) (B I S) (z K (x (K (x x z)) (x v14 S (K (x x z))) (z I)) (B (I (B S I)))) (S (K K (x K v30) B K)) (z (I (z x) z (B S) (B B S)) z))
z (z x z (B S) (B B S)) z (z (v12 (z v11) I x) (B I S) (z K (x (K (x x z)) (x v14 S (K (x x z))) (z I)) (B (B S I))) (S (K K (x K v30) B K)) (z (I (z x) z (B S) (B B S)) z))
z (z x z (B S) (B B S)) z (z (v12 (z v11) I x) (B I S) (z K (x (K (x x z)) (x v14 S (K (x x z))) (z I)) (B (B S I))) (S (K B K)) (z (I (z x) z (B S) (B B S)) z))
z (z x z (B S) (B B S)) z (z (v12 (z v11) I x) (B I S) (z K (x (K (x x z)) (x v14 S (K (x x z))) (z I)) (B (B S I))) (S B) (z (I (z x) z (B S) (B B S)) z))
z (z x z (B S) (B B S)) z (z (v12 (z v11) I x) (B I S) (z K (x (K (x x z)) (x v14 S (K (x x z))) (z I)) (B (B S I))) (S B) (z (z x z (B S) (B B S)) z))
z
B (v22 (v13 x) B K) B (K v13) (I x (v13 (S (I S))) (S (K B) (S (B K v5) z B) (x (I (I B) (z v11 x x))))) (v16 (z (z z z (x v20 S))) v19) (B I)
v22 (v13 x) B K (B (K v13)) (I x (v13 (S (I S))) (S (K B) (S (B K v5) z B) (x (I (I B) (z v11 x x))))) (v16 (z (z z z (x v20 S))) v19) (B I)
v22 (v13 x) B K (B (K v13)) (x (v13 (S (I S))) (S (K B) (S (B K v5) z B) (x (I (I B) (z v11 x x))))) (v16 (z (z z z (x v20 S))) v19) (B I)
v22 (v13 x) B K (B (K v13)) (x (v13 (S S)) (S (K B) (S (B K v5) z B) (x (I (I B) (z v11 x x))))) (v16 (z (z z z (x v20 S))) v19) (B I)
v22 (v13 x) B K (B (K v13)) (x (v13 (S S)) (K B (x (I (I B) (z v11 x x))) (S (B K v5) z B (x (I (I B) (z v11 x x)))))) (v16 (z (z z z (x v20 S))) v19) (B I)
v22 (v13 x) B K (B (K v13)) (x (v13 (S S)) (B (S (B K v5) z B (x (I (I B) (z v11 x x)))))) (v16 (z (z z z (x v20 S))) v19) (B I)
v22 (v13 x) B K (B (K v13)) (x (v13 (S S)) (B (B K v5 B (z B) (x (I (I B) (z v11 x x)))))) (v16 (z (z z z (x v20 S))) v19) (B I)
v22 (v13 x) B K (B (K v13)) (x (v13 (S S)) (B (K (v5 B) (z B) (x (I (I B) (z v11 x x)))))) (v16 (z (z z z (x v20 S))) v19) (B I)
v22 (v13 x) B K (B (K v13)) (x (v13 (S S)) (B (v5 B (x (I (I B) (z v11 x x)))))) (v16 (z (z z z (x v20 S))) v19) (B I)
v22 (v13 x) B K (B (K v13)) (x (v13 (S S)) (B (v5 B (x (I B (z v11 x x)))))) (v16 (z (z z z (x v20 S))) v19) (B I)
v22 (v13 x) B K (B (K v13)) (x (v13 (S S)) (B (v5 B (x (B (z v11 x x)))))) (v16 (z (z z z (x v20 S))) v19) (B I)
x (B (S (B (S B I))) B)
K
B (I K) (K (S K) (K v8 (B (I I) (v30 S S) (z B (v30 (x x))))))
B K (K (S K) (K v8 (B (I I) (v30 S S) (z B (v30 (x x))))))
B K (S K)
B I (S I (K z) (B K v21) (K (I (I v7 v10))) B (K (z (K I x)) x) (v22 v25) (S z) B) (B (K (B S z S) (I B x) (K v30)) S (B I))
I (S I (K z) (B K v21) (K (I (I v7 v10))) B (K (z (K I x)) x) (v22 v25) (S z) B (B (K (B S z S) (I B x) (K v30)) S (B I)))
S I (K z) (B K v21) (K (I (I v7 v10))) B (K (z (K I x)) x) (v22 v25) (S z) B (B (K (B S z S) (I B x) (K v30)) S (B I))
I (B K v21) (K z (B K v21)) (K (I (I v7 v10))) B (K (z (K I x)) x) (v22 v25) (S z) B (B (K (B S z S) (I B x) (K v30)) S (B I))
B K v21 (K z (B K v21)) (K (I (I v7 v10))) B (K (z (K I x)) x) (v22 v25) (S z) B (B (K (B S z S) (I B x) (K v30)) S (B I))
K (v21 (K z (B K v21))) (K (I (I v7 v10))) B (K (z (K I x)) x) (v22 v25) (S z) B (B (K (B S z S) (I B x) (K v30)) S (B I))
v21 (K z (B K v21)) B (K (z (K I x)) x) (v22 v25) (S z) B (B (K (B S z S) (I B x) (K v30)) S (B I))
v21 z B (K (z (K I x)) x) (v22 v25) (S z) B (B (K (B S z S) (I B x) (K v30)) S (B I))
v21 z B (z (K I x)) (v22 v25) (S z) B (B (K (B S z S) (I B x) (K v30)) S (B I))
v21 z B (z I) (v22 v25) (S z) B (B (K (B S z S) (I B x) (K v30)) S (B I))
v21 z B (z I) (v22 v25) (S z) B (K (B S z S) (I B x) (K v30) (S (B I)))
v21 z B (z I) (v22 v25) (S z) B (B S z S (K v30) (S (B I)))
v21 z B (z I) (v22 v25) (S z) B (S (z S) (K v30) (S (B I)))
v21 z B (z I) (v22 v25) (S z) B (z S (S (B I)) (K v30 (S (B I))))
v21 z B (z I) (v22 v25) (S z) B (z S (S (B I)) v30)
z (z x) x
K (S v20 (K (S B (v25 z z (B (B z)) (B x) (z S))))) x (I (z (S z) x (S S (v2 (z (K (B I x)))))) (K (K (B S)) (z (v21 I B)) (B K v1))) (B v18 B (z z) (v17 I S))
S v20 (K (S B (v25 z z (B (B z)) (B x) (z S)))) (I (z (S z) x (S S (v2 (z (K (B I x)))))) (K (K (B S)) (z (v21 I B)) (B K v1))) (B v18 B (z z) (v17 I S))
v20 (I (z (S z) x (S S (v2 (z (K (B I x)))))) (K (K (B S)) (z (v21 I B)) (B K v1))) (K (S B (v25 z z (B (B z)) (B x) (z S))) (I (z (S z) x (S S (v2 (z (K (B I x)))))) (K (K (B S)) (z (v21 I B)) (B K v1)))) (B v18 B (z z) (v17 I S))
v20 (z (S z) x (S S (v2 (z (K (B I x))))) (K (K (B S)) (z (v21 I B)) (B K v1))) (K (S B (v25 z z (B (B z)) (B x) (z S))) (I (z (S z) x (S S (v2 (z (K (B I x)))))) (K (K (B S)) (z (v21 I B)) (B K v1)))) (B v18 B (z z) (v17 I S))
v20 (z (S z) x (S S (v2 (z (K (B I x))))) (K (B S) (B K v1))) (K (S B (v25 z z (B (B z)) (B x) (z S))) (I (z (S z) x (S S (v2 (z (K (B I x)))))) (K (K (B S)) (z (v21 I B)) (B K v1)))) (B v18 B (z z) (v17 I S))
v20 (z (S z) x (S S (v2 (z (K (B I x))))) (B S)) (K (S B (v25 z z (B (B z)) (B x) (z S))) (I (z (S z) x (S S (v2 (z (K (B I x)))))) (K (K (B S)) (z (v21 I B)) (B K v1)))) (B v18 B (z z) (v17 I S))
v20 (z (S z) x (S S (v2 (z (K (B I x))))) (B S)) (S B (v25 z z (B (B z)) (B x) (z S))) (B v18 B (z z) (v17 I S))
v20 (z (S z) x (S S (v2 (z (K (B I x))))) (B S)) (S B (v25 z z (B (B z)) (B x) (z S))) (v18 (B (z z)) (v17 I S))
