v19 z (S v18) (K z) B B S z (v14 z (S (I v5)) S S z)
v19 z (S v18) (K z) B B S z (v14 z (S v5) S S z)
K (x (B S)) (B x) (S B z)
x (B S) (S B z)
K (x v25 (S x S)) (S (x (x (v5 I (I z (K (z (K (v28 K)))) (K B))) (v15 v30 (B K))))) (I (B x) v28 (K v19 x)) I (S (S (z I (B (B z)))) B (I (B B)) x)
x v25 (S x S) (I (B x) v28 (K v19 x)) I (S (S (z I (B (B z)))) B (I (B B)) x)
x v25 (S x S) (B x v28 (K v19 x)) I (S (S (z I (B (B z)))) B (I (B B)) x)
x v25 (S x S) (x (v28 (K v19 x))) I (S (S (z I (B (B z)))) B (I (B B)) x)
x v25 (S x S) (x (v28 v19)) I (S (S (z I (B (B z)))) B (I (B B)) x)
x v25 (S x S) (x (v28 v19)) I (S (z I (B (B z))) (I (B B)) (B (I (B B))) x)
x v25 (S x S) (x (v28 v19)) I (z I (B (B z)) (B (I (B B))) (I (B B) (B (I (B B)))) x)
x v25 (S x S) (x (v28 v19)) I (z I (B (B z)) (B (B B)) (I (B B) (B (I (B B)))) x)
x v25 (S x S) (x (v28 v19)) I (z I (B (B z)) (B (B B)) (B B (B (I (B B)))) x)
x v25 (S x S) (x (v28 v19)) I (z I (B (B z)) (B (B B)) (B B (B (B B))) x)
S (K v4 (S (z (B B (I (B z I) S) I) x))) v26 (z (S (S I (I B) (z I)) (B v3 I (v1 (x (v19 x)))) (x S x) (z (S (v30 S) x))))
K v4 (S (z (B B (I (B z I) S) I) x)) (z (S (S I (I B) (z I)) (B v3 I (v1 (x (v19 x)))) (x S x) (z (S (v30 S) x)))) (v26 (z (S (S I (I B) (z I)) (B v3 I (v1 (x (v19 x)))) (x S x) (z (S (v30 S) x)))))
v4 (z (S (S I (I B) (z I)) (B v3 I (v1 (x (v19 x)))) (x S x) (z (S (v30 S) x)))) (v26 (z (S (S I (I B) (z I)) (B v3 I (v1 (x (v19 x)))) (x S x) (z (S (v30 S) x)))))
v4 (z (S I (I B) (z I) (x S x) (B v3 I (v1 (x (v19 x))) (x S x)) (z (S (v30 S) x)))) (v26 (z (S (S I (I B) (z I)) (B v3 I (v1 (x (v19 x)))) (x S x) (z (S (v30 S) x)))))
v4 (z (I (z I) (I B (z I)) (x S x) (B v3 I (v1 (x (v19 x))) (x S x)) (z (S (v30 S) x)))) (v26 (z (S (S I (I B) (z I)) (B v3 I (v1 (x (v19 x)))) (x S x) (z (S (v30 S) x)))))
v4 (z (z I (I B (z I)) (x S x) (B v3 I (v1 (x (v19 x))) (x S x)) (z (S (v30 S) x)))) (v26 (z (S (S I (I B) (z I)) (B v3 I (v1 (x (v19 x)))) (x S x) (z (S (v30 S) x)))))
v4 (z (z I (B (z I)) (x S x) (B v3 I (v1 (x (v19 x))) (x S x)) (z (S (v30 S) x)))) (v26 (z (S (S I (I B) (z I)) (B v3 I (v1 (x (v19 x)))) (x S x) (z (S (v30 S) x)))))
v4 (z (z I (B (z I)) (x S x) (v3 (I (v1 (x (v19 x)))) (x S x)) (z (S (v30 S) x)))) (v26 (z (S (S I (I B) (z I)) (B v3 I (v1 (x (v19 x)))) (x S x) (z (S (v30 S) x)))))
v4 (z (z I (B (z I)) (x S x) (v3 (v1 (x (v19 x))) (x S x)) (z (S (v30 S) x)))) (v26 (z (S (S I (I B) (z I)) (B v3 I (v1 (x (v19 x)))) (x S x) (z (S (v30 S) x)))))
v4 (z (z I (B (z I)) (x S x) (v3 (v1 (x (v19 x))) (x S x)) (z (S (v30 S) x)))) (v26 (z (S I (I B) (z I) (x S x) (B v3 I (v1 (x (v19 x))) (x S x)) (z (S (v30 S) x)))))
v4 (z (z I (B (z I)) (x S x) (v3 (v1 (x (v19 x))) (x S x)) (z (S (v30 S) x)))) (v26 (z (I (z I) (I B (z I)) (x S x) (B v3 I (v1 (x (v19 x))) (x S x)) (z (S (v30 S) x)))))
v4 (z (z I (B (z I)) (x S x) (v3 (v1 (x (v19 x))) (x S x)) (z (S (v30 S) x)))) (v26 (z (z I (I B (z I)) (x S x) (B v3 I (v1 (x (v19 x))) (x S x)) (z (S (v30 S) x)))))
v4 (z (z I (B (z I)) (x S x) (v3 (v1 (x (v19 x))) (x S x)) (z (S (v30 S) x)))) (v26 (z (z I (B (z I)) (x S x) (B v3 I (v1 (x (v19 x))) (x S x)) (z (S (v30 S) x)))))
v4 (z (z I (B (z I)) (x S x) (v3 (v1 (x (v19 x))) (x S x)) (z (S (v30 S) x)))) (v26 (z (z I (B (z I)) (x S x) (v3 (I (v1 (x (v19 x)))) (x S x)) (z (S (v30 S) x)))))
v4 (z (z I (B (z I)) (x S x) (v3 (v1 (x (v19 x))) (x S x)) (z (S (v30 S) x)))) (v26 (z (z I (B (z I)) (x S x) (v3 (v1 (x (v19 x))) (x S x)) (z (S (v30 S) x)))))
S I (I (I K v9) v22) (x x (I (S (K x x) (S (x z (x x B (S (x (x K))))))) (x (z S) (B I))) (I z) (S (K x) (S I))) I
I (x x (I (S (K x x) (S (x z (x x B (S (x (x K))))))) (x (z S) (B I))) (I z) (S (K x) (S I))) (I (I K v9) v22 (x x (I (S (K x x) (S (x z (x x B (S (x (x K))))))) (x (z S) (B I))) (I z) (S (K x) (S I)))) I
x x (I (S (K x x) (S (x z (x x B (S (x (x K))))))) (x (z S) (B I))) (I z) (S (K x) (S I)) (I (I K v9) v22 (x x (I (S (K x x) (S (x z (x x B (S (x (x K))))))) (x (z S) (B I))) (I z) (S (K x) (S I)))) I
x x (S (K x x) (S (x z (x x B (S (x (x K)))))) (x (z S) (B I))) (I z) (S (K x) (S I)) (I (I K v9) v22 (x x (I (S (K x x) (S (x z (x x B (S (x (x K))))))) (x (z S) (B I))) (I z) (S (K x) (S I)))) I
x x (K x x (x (z S) (B I)) (S (x z (x x B (S (x (x K))))) (x (z S) (B I)))) (I z) (S (K x) (S I)) (I (I K v9) v22 (x x (I (S (K x x) (S (x z (x x B (S (x (x K))))))) (x (z S) (B I))) (I z) (S (K x) (S I)))) I
x x (x (x (z S) (B I)) (S (x z (x x B (S (x (x K))))) (x (z S) (B I)))) (I z) (S (K x) (S I)) (I (I K v9) v22 (x x (I (S (K x x) (S (x z (x x B (S (x (x K))))))) (x (z S) (B I))) (I z) (S (K x) (S I)))) I
x x (x (x (z S) (B I)) (S (x z (x x B (S (x (x K))))) (x (z S) (B I)))) z (S (K x) (S I)) (I (I K v9) v22 (x x (I (S (K x x) (S (x z (x x B (S (x (x K))))))) (x (z S) (B I))) (I z) (S (K x) (S I)))) I
x x (x (x (z S) (B I)) (S (x z (x x B (S (x (x K))))) (x (z S) (B I)))) z (S (K x) (S I)) (I K v9 v22 (x x (I (S (K x x) (S (x z (x x B (S (x (x K))))))) (x (z S) (B I))) (I z) (S (K x) (S I)))) I
x x (x (x (z S) (B I)) (S (x z (x x B (S (x (x K))))) (x (z S) (B I)))) z (S (K x) (S I)) (K v9 v22 (x x (I (S (K x x) (S (x z (x x B (S (x (x K))))))) (x (z S) (B I))) (I z) (S (K x) (S I)))) I
x x (x (x (z S) (B I)) (S (x z (x x B (S (x (x K))))) (x (z S) (B I)))) z (S (K x) (S I)) (v9 (x x (I (S (K x x) (S (x z (x x B (S (x (x K))))))) (x (z S) (B I))) (I z) (S (K x) (S I)))) I
x x (x (x (z S) (B I)) (S (x z (x x B (S (x (x K))))) (x (z S) (B I)))) z (S (K x) (S I)) (v9 (x x (S (K x x) (S (x z (x x B (S (x (x K)))))) (x (z S) (B I))) (I z) (S (K x) (S I)))) I
x x (x (x (z S) (B I)) (S (x z (x x B (S (x (x K))))) (x (z S) (B I)))) z (S (K x) (S I)) (v9 (x x (K x x (x (z S) (B I)) (S (x z (x x B (S (x (x K))))) (x (z S) (B I)))) (I z) (S (K x) (S I)))) I
x x (x (x (z S) (B I)) (S (x z (x x B (S (x (x K))))) (x (z S) (B I)))) z (S (K x) (S I)) (v9 (x x (x (x (z S) (B I)) (S (x z (x x B (S (x (x K))))) (x (z S) (B I)))) (I z) (S (K x) (S I)))) I
x x (x (x (z S) (B I)) (S (x z (x x B (S (x (x K))))) (x (z S) (B I)))) z (S (K x) (S I)) (v9 (x x (x (x (z S) (B I)) (S (x z (x x B (S (x (x K))))) (x (z S) (B I)))) z (S (K x) (S I)))) I
B
I (K K (K (I (x (S B))) (K K)) v7)
K K (K (I (x (S B))) (K K)) v7
K v7
x x z K
B (S x S v17) (x (K (I (I K S))) (x (B K) I (I z)) (K v7) (v20 v0) S) (x x K) (z (S S K (K S (S S)) I z))
S x S v17 (x (K (I (I K S))) (x (B K) I (I z)) (K v7) (v20 v0) S (x x K)) (z (S S K (K S (S S)) I z))
x v17 (S v17) (x (K (I (I K S))) (x (B K) I (I z)) (K v7) (v20 v0) S (x x K)) (z (S S K (K S (S S)) I z))
x v17 (S v17) (x (K (I K S)) (x (B K) I (I z)) (K v7) (v20 v0) S (x x K)) (z (S S K (K S (S S)) I z))
x v17 (S v17) (x (K (K S)) (x (B K) I (I z)) (K v7) (v20 v0) S (x x K)) (z (S S K (K S (S S)) I z))
x v17 (S v17) (x (K (K S)) (x (B K) I z) (K v7) (v20 v0) S (x x K)) (z (S S K (K S (S S)) I z))
x v17 (S v17) (x (K (K S)) (x (B K) I z) (K v7) (v20 v0) S (x x K)) (z (S (K S (S S)) (K (K S (S S))) I z))
x v17 (S v17) (x (K (K S)) (x (B K) I z) (K v7) (v20 v0) S (x x K)) (z (K S (S S) I (K (K S (S S)) I) z))
x v17 (S v17) (x (K (K S)) (x (B K) I z) (K v7) (v20 v0) S (x x K)) (z (S I (K (K S (S S)) I) z))
x v17 (S v17) (x (K (K S)) (x (B K) I z) (K v7) (v20 v0) S (x x K)) (z (I z (K (K S (S S)) I z)))
x v17 (S v17) (x (K (K S)) (x (B K) I z) (K v7) (v20 v0) S (x x K)) (z (z (K (K S (S S)) I z)))
x v17 (S v17) (x (K (K S)) (x (B K) I z) (K v7) (v20 v0) S (x x K)) (z (z (K S (S S) z)))
x v17 (S v17) (x (K (K S)) (x (B K) I z) (K v7) (v20 v0) S (x x K)) (z (z (S z)))
S K (z (z (S (I v30) (B z z x (B x S))) I (z z)) (I (K (I x K (I v22)))) x) S
K S (z (z (S (I v30) (B z z x (B x S))) I (z z)) (I (K (I x K (I v22)))) x S)
S
