S S (S K (I (v30 (v22 v10)) z) B (S (K z z) (x B) z) (B (B I) v24) (v21 (K B)))
S S (K B (I (v30 (v22 v10)) z B) (S (K z z) (x B) z) (B (B I) v24) (v21 (K B)))
S S (B (S (K z z) (x B) z) (B (B I) v24) (v21 (K B)))
S S (S (K z z) (x B) z (B (B I) v24 (v21 (K B))))
S S (K z z z (x B z) (B (B I) v24 (v21 (K B))))
S S (z z (x B z) (B (B I) v24 (v21 (K B))))
S S (z z (x B z) (B I (v24 (v21 (K B)))))
K (x (x z)) (z v27 (z (S (S z (S v3)) v5) (v24 z))) v4 v1 (B S) x (x (K S S (x B I (x (v24 I S S) (I (v24 I K (S (B K z z))) (B x K)) (x v15))) I))
x (x z) v4 v1 (B S) x (x (K S S (x B I (x (v24 I S S) (I (v24 I K (S (B K z z))) (B x K)) (x v15))) I))
x (x z) v4 v1 (B S) x (x (S (x B I (x (v24 I S S) (I (v24 I K (S (B K z z))) (B x K)) (x v15))) I))
x (x z) v4 v1 (B S) x (x (S (x B I (x (v24 I S S) (v24 I K (S (B K z z)) (B x K)) (x v15))) I))
x (x z) v4 v1 (B S) x (x (S (x B I (x (v24 I S S) (v24 I K (S (K (z z))) (B x K)) (x v15))) I))
S (x (K v4) v13) (B B z (S S)) (I v20) (z z (x x (S (I (S I) x S (v9 (z I S) B) x) (v20 I (K (K I))))))
x (K v4) v13 (I v20) (B B z (S S) (I v20)) (z z (x x (S (I (S I) x S (v9 (z I S) B) x) (v20 I (K (K I))))))
x (K v4) v13 v20 (B B z (S S) (I v20)) (z z (x x (S (I (S I) x S (v9 (z I S) B) x) (v20 I (K (K I))))))
x (K v4) v13 v20 (B (z (S S)) (I v20)) (z z (x x (S (I (S I) x S (v9 (z I S) B) x) (v20 I (K (K I))))))
x (K v4) v13 v20 (B (z (S S)) v20) (z z (x x (S (I (S I) x S (v9 (z I S) B) x) (v20 I (K (K I))))))
x (K v4) v13 v20 (B (z (S S)) v20) (z z (x x (S (S I x S (v9 (z I S) B) x) (v20 I (K (K I))))))
x (K v4) v13 v20 (B (z (S S)) v20) (z z (x x (S (I S (x S) (v9 (z I S) B) x) (v20 I (K (K I))))))
x (K v4) v13 v20 (B (z (S S)) v20) (z z (x x (S (S (x S) (v9 (z I S) B) x) (v20 I (K (K I))))))
x (K v4) v13 v20 (B (z (S S)) v20) (z z (x x (S (x S x (v9 (z I S) B x)) (v20 I (K (K I))))))
z B K (B (K z) (S K))
K (S B K v6 z (z (v13 (v18 x (K z)))) I (I I v5)) (v5 (x (S (x (B (K K x) S) S))))
S B K v6 z (z (v13 (v18 x (K z)))) I (I I v5)
B v6 (K v6) z (z (v13 (v18 x (K z)))) I (I I v5)
v6 (K v6 z) (z (v13 (v18 x (K z)))) I (I I v5)
v6 v6 (z (v13 (v18 x (K z)))) I (I I v5)
v6 v6 (z (v13 (v18 x (K z)))) I (I v5)
v6 v6 (z (v13 (v18 x (K z)))) I v5
v6
B S
z
B (v4 z B v2 x) (B (z z) v3)
v29 (z (B (I (I (S B)) (v29 B)))) (x K (B (v13 (v9 B)) (S K) (z K x (K z) (v21 (v30 v24) I)))) z (I (K (x K I (B S (z (S I v16)) (v29 K x) S)) (S (B K (B (S B))))) (B (B K (K x z)) (z S)))
v29 (z (B (I (S B) (v29 B)))) (x K (B (v13 (v9 B)) (S K) (z K x (K z) (v21 (v30 v24) I)))) z (I (K (x K I (B S (z (S I v16)) (v29 K x) S)) (S (B K (B (S B))))) (B (B K (K x z)) (z S)))
v29 (z (B (S B (v29 B)))) (x K (B (v13 (v9 B)) (S K) (z K x (K z) (v21 (v30 v24) I)))) z (I (K (x K I (B S (z (S I v16)) (v29 K x) S)) (S (B K (B (S B))))) (B (B K (K x z)) (z S)))
v29 (z (B (S B (v29 B)))) (x K (v13 (v9 B) (S K (z K x (K z) (v21 (v30 v24) I))))) z (I (K (x K I (B S (z (S I v16)) (v29 K x) S)) (S (B K (B (S B))))) (B (B K (K x z)) (z S)))
v29 (z (B (S B (v29 B)))) (x K (v13 (v9 B) (S K (z K x (K z) (v21 (v30 v24) I))))) z (K (x K I (B S (z (S I v16)) (v29 K x) S)) (S (B K (B (S B)))) (B (B K (K x z)) (z S)))
v29 (z (B (S B (v29 B)))) (x K (v13 (v9 B) (S K (z K x (K z) (v21 (v30 v24) I))))) z (x K I (B S (z (S I v16)) (v29 K x) S) (B (B K (K x z)) (z S)))
v29 (z (B (S B (v29 B)))) (x K (v13 (v9 B) (S K (z K x (K z) (v21 (v30 v24) I))))) z (x K I (S (z (S I v16) (v29 K x)) S) (B (B K (K x z)) (z S)))
v29 (z (B (S B (v29 B)))) (x K (v13 (v9 B) (S K (z K x (K z) (v21 (v30 v24) I))))) z (x K I (S (z (S I v16) (v29 K x)) S) (B (B K x) (z S)))
