v10 (z I) B
S S (B (v14 x)) (B I v18 (K K) z x)
S (B I v18 (K K) z x) (B (v14 x) (B I v18 (K K) z x))
S (I (v18 (K K)) z x) (B (v14 x) (B I v18 (K K) z x))
S (v18 (K K) z x) (B (v14 x) (B I v18 (K K) z x))
S (v18 (K K) z x) (B (v14 x) (I (v18 (K K)) z x))
S (v18 (K K) z x) (B (v14 x) (v18 (K K) z x))
x (x (v3 (z z K) (v9 I (x I))) I S)
S (B I) z (v13 B (x v30) S (S K x)) (I (I (S z)) (B K I I z (x z (z x S x B) B S))) (K x K B (I (B (S x (K (S x z (v22 z) K))))) (v12 v11 (K I) x (z I v13 (K (B (I I (K (I S))) (B (x I)))))) z)
B I (v13 B (x v30) S (S K x)) (z (v13 B (x v30) S (S K x))) (I (I (S z)) (B K I I z (x z (z x S x B) B S))) (K x K B (I (B (S x (K (S x z (v22 z) K))))) (v12 v11 (K I) x (z I v13 (K (B (I I (K (I S))) (B (x I)))))) z)
I (v13 B (x v30) S (S K x) (z (v13 B (x v30) S (S K x)))) (I (I (S z)) (B K I I z (x z (z x S x B) B S))) (K x K B (I (B (S x (K (S x z (v22 z) K))))) (v12 v11 (K I) x (z I v13 (K (B (I I (K (I S))) (B (x I)))))) z)
v13 B (x v30) S (S K x) (z (v13 B (x v30) S (S K x))) (I (I (S z)) (B K I I z (x z (z x S x B) B S))) (K x K B (I (B (S x (K (S x z (v22 z) K))))) (v12 v11 (K I) x (z I v13 (K (B (I I (K (I S))) (B (x I)))))) z)
v13 B (x v30) S (S K x) (z (v13 B (x v30) S (S K x))) (I (S z) (B K I I z (x z (z x S x B) B S))) (K x K B (I (B (S x (K (S x z (v22 z) K))))) (v12 v11 (K I) x (z I v13 (K (B (I I (K (I S))) (B (x I)))))) z)
v13 B (x v30) S (S K x) (z (v13 B (x v30) S (S K x))) (S z (B K I I z (x z (z x S x B) B S))) (K x K B (I (B (S x (K (S x z (v22 z) K))))) (v12 v11 (K I) x (z I v13 (K (B (I I (K (I S))) (B (x I)))))) z)
v13 B (x v30) S (S K x) (z (v13 B (x v30) S (S K x))) (S z (K (I I) z (x z (z x S x B) B S))) (K x K B (I (B (S x (K (S x z (v22 z) K))))) (v12 v11 (K I) x (z I v13 (K (B (I I (K (I S))) (B (x I)))))) z)
v13 B (x v30) S (S K x) (z (v13 B (x v30) S (S K x))) (S z (I I (x z (z x S x B) B S))) (K x K B (I (B (S x (K (S x z (v22 z) K))))) (v12 v11 (K I) x (z I v13 (K (B (I I (K (I S))) (B (x I)))))) z)
v13 B (x v30) S (S K x) (z (v13 B (x v30) S (S K x))) (S z (I (x z (z x S x B) B S))) (K x K B (I (B (S x (K (S x z (v22 z) K))))) (v12 v11 (K I) x (z I v13 (K (B (I I (K (I S))) (B (x I)))))) z)
v13 B (x v30) S (S K x) (z (v13 B (x v30) S (S K x))) (S z (x z (z x S x B) B S)) (K x K B (I (B (S x (K (S x z (v22 z) K))))) (v12 v11 (K I) x (z I v13 (K (B (I I (K (I S))) (B (x I)))))) z)
v13 B (x v30) S (S K x) (z (v13 B (x v30) S (S K x))) (S z (x z (z x S x B) B S)) (x B (I (B (S x (K (S x z (v22 z) K))))) (v12 v11 (K I) x (z I v13 (K (B (I I (K (I S))) (B (x I)))))) z)
v13 B (x v30) S (S K x) (z (v13 B (x v30) S (S K x))) (S z (x z (z x S x B) B S)) (x B (B (S x (K (S x z (v22 z) K)))) (v12 v11 (K I) x (z I v13 (K (B (I I (K (I S))) (B (x I)))))) z)
v13 B (x v30) S (S K x) (z (v13 B (x v30) S (S K x))) (S z (x z (z x S x B) B S)) (x B (B (S x (K (x (v22 z) (z (v22 z)) K)))) (v12 v11 (K I) x (z I v13 (K (B (I I (K (I S))) (B (x I)))))) z)
v13 B (x v30) S (S K x) (z (v13 B (x v30) S (S K x))) (S z (x z (z x S x B) B S)) (x B (B (S x (K (x (v22 z) (z (v22 z)) K)))) (v12 v11 (K I) x (z I v13 (K (B (I (K (I S))) (B (x I)))))) z)
v13 B (x v30) S (S K x) (z (v13 B (x v30) S (S K x))) (S z (x z (z x S x B) B S)) (x B (B (S x (K (x (v22 z) (z (v22 z)) K)))) (v12 v11 (K I) x (z I v13 (K (B (K (I S)) (B (x I)))))) z)
v13 B (x v30) S (S K x) (z (v13 B (x v30) S (S K x))) (S z (x z (z x S x B) B S)) (x B (B (S x (K (x (v22 z) (z (v22 z)) K)))) (v12 v11 (K I) x (z I v13 (K (B (K S) (B (x I)))))) z)
v28 (z (S v24 K) K)
v26 (x (x v19) (z (S B I I (K (S x (z K)))))) K (B (z (K K) z (S I)) (B S)) (z z)
v26 (x (x v19) (z (B I (I I) (K (S x (z K)))))) K (B (z (K K) z (S I)) (B S)) (z z)
v26 (x (x v19) (z (I (I I (K (S x (z K))))))) K (B (z (K K) z (S I)) (B S)) (z z)
v26 (x (x v19) (z (I I (K (S x (z K)))))) K (B (z (K K) z (S I)) (B S)) (z z)
v26 (x (x v19) (z (I (K (S x (z K)))))) K (B (z (K K) z (S I)) (B S)) (z z)
v26 (x (x v19) (z (K (S x (z K))))) K (B (z (K K) z (S I)) (B S)) (z z)
v11 S (K (x x (I (B z) x) (x (K I)))) (z (S (x (I I) I (I B v13)) S) (K (v15 I)) z)
v11 S (K (x x (B z x) (x (K I)))) (z (S (x (I I) I (I B v13)) S) (K (v15 I)) z)
v11 S (K (x x (B z x) (x (K I)))) (z (S (x I I (I B v13)) S) (K (v15 I)) z)
v11 S (K (x x (B z x) (x (K I)))) (z (S (x I I (B v13)) S) (K (v15 I)) z)
x I z
K K (v30 (x I) (S z) S) (S x I I S)
K (S x I I S)
K (x I (I I) S)
K (x I I S)
B
