S v28 (I (v13 z (S z) x (S S (I (K z (K (I B)) x S) z I B)) (z x (z x (z x) (x K) B) (I (B (S (x B)) (B x))))) (z (S I v18 z (I B (x (I (z I)) I)))) (v5 K (S I K (B (z I))) x))
S v28 (v13 z (S z) x (S S (I (K z (K (I B)) x S) z I B)) (z x (z x (z x) (x K) B) (I (B (S (x B)) (B x)))) (z (S I v18 z (I B (x (I (z I)) I)))) (v5 K (S I K (B (z I))) x))
S v28 (v13 z (S z) x (S S (K z (K (I B)) x S z I B)) (z x (z x (z x) (x K) B) (I (B (S (x B)) (B x)))) (z (S I v18 z (I B (x (I (z I)) I)))) (v5 K (S I K (B (z I))) x))
S v28 (v13 z (S z) x (S S (z x S z I B)) (z x (z x (z x) (x K) B) (I (B (S (x B)) (B x)))) (z (S I v18 z (I B (x (I (z I)) I)))) (v5 K (S I K (B (z I))) x))
S v28 (v13 z (S z) x (S S (z x S z I B)) (z x (z x (z x) (x K) B) (B (S (x B)) (B x))) (z (S I v18 z (I B (x (I (z I)) I)))) (v5 K (S I K (B (z I))) x))
S v28 (v13 z (S z) x (S S (z x S z I B)) (z x (z x (z x) (x K) B) (B (S (x B)) (B x))) (z (I z (v18 z) (I B (x (I (z I)) I)))) (v5 K (S I K (B (z I))) x))
S v28 (v13 z (S z) x (S S (z x S z I B)) (z x (z x (z x) (x K) B) (B (S (x B)) (B x))) (z (z (v18 z) (I B (x (I (z I)) I)))) (v5 K (S I K (B (z I))) x))
S v28 (v13 z (S z) x (S S (z x S z I B)) (z x (z x (z x) (x K) B) (B (S (x B)) (B x))) (z (z (v18 z) (B (x (I (z I)) I)))) (v5 K (S I K (B (z I))) x))
S v28 (v13 z (S z) x (S S (z x S z I B)) (z x (z x (z x) (x K) B) (B (S (x B)) (B x))) (z (z (v18 z) (B (x (z I) I)))) (v5 K (S I K (B (z I))) x))
S v28 (v13 z (S z) x (S S (z x S z I B)) (z x (z x (z x) (x K) B) (B (S (x B)) (B x))) (z (z (v18 z) (B (x (z I) I)))) (v5 K (I (B (z I)) (K (B (z I)))) x))
S v28 (v13 z (S z) x (S S (z x S z I B)) (z x (z x (z x) (x K) B) (B (S (x B)) (B x))) (z (z (v18 z) (B (x (z I) I)))) (v5 K (B (z I) (K (B (z I)))) x))
x
S (z (v9 S (K B) (z x (B (z B (K (z (B S) x) x)))))) K
S (z (v9 S (K B) (z x (B (z B (z (B S) x)))))) K
x v23 (K (I z B) (I K (B v18 K)) z S (B v24 K v24 S) (v5 (S K S B))) S
x v23 (I z B z S (B v24 K v24 S) (v5 (S K S B))) S
x v23 (z B z S (B v24 K v24 S) (v5 (S K S B))) S
x v23 (z B z S (v24 (K v24) S) (v5 (S K S B))) S
x v23 (z B z S (v24 (K v24) S) (v5 (K B (S B)))) S
x v23 (z B z S (v24 (K v24) S) (v5 B)) S
B (I (S z v16) (x (B (v11 v1 v10) v22) (x z)) z (I (v11 (x K))) S (K (B K)) (K (B x K)))
B (S z v16 (x (B (v11 v1 v10) v22) (x z)) z (I (v11 (x K))) S (K (B K)) (K (B x K)))
B (z (x (B (v11 v1 v10) v22) (x z)) (v16 (x (B (v11 v1 v10) v22) (x z))) z (I (v11 (x K))) S (K (B K)) (K (B x K)))
B (z (x (B (v11 v1 v10) v22) (x z)) (v16 (x (B (v11 v1 v10) v22) (x z))) z (v11 (x K)) S (K (B K)) (K (B x K)))
x
B
B K (I x (B K)) (B (B z K))
K (I x (B K) (B (B z K)))
K (x (B K) (B (B z K)))
I (v7 B (B S)) S (K (v12 (S (v3 I (S (K S B)) x)) S (I (x (K (K x)) B B) K I) x)) (K (B B))
v7 B (B S) S (K (v12 (S (v3 I (S (K S B)) x)) S (I (x (K (K x)) B B) K I) x)) (K (B B))
v7 B (B S) S (K (v12 (S (v3 I (S S) x)) S (I (x (K (K x)) B B) K I) x)) (K (B B))
v7 B (B S) S (K (v12 (S (v3 I (S S) x)) S (x (K (K x)) B B K I) x)) (K (B B))
z I (x (z B (x (x z)))) (K (x (v4 v23 (x v25 (S (z (I x))) (S (v6 K) B I))) (v2 v1) B) (K x (v3 (z (B K I (z S (K (z S))) (I (z I) S v18)))) B) (B (S v6) z x (B z))) (K v21 (x (I I z) (x (z B K)) S))
z I (x (z B (x (x z)))) (x (v4 v23 (x v25 (S (z (I x))) (S (v6 K) B I))) (v2 v1) B (B (S v6) z x (B z))) (K v21 (x (I I z) (x (z B K)) S))
z I (x (z B (x (x z)))) (x (v4 v23 (x v25 (S (z x)) (S (v6 K) B I))) (v2 v1) B (B (S v6) z x (B z))) (K v21 (x (I I z) (x (z B K)) S))
z I (x (z B (x (x z)))) (x (v4 v23 (x v25 (S (z x)) (v6 K I (B I)))) (v2 v1) B (B (S v6) z x (B z))) (K v21 (x (I I z) (x (z B K)) S))
z I (x (z B (x (x z)))) (x (v4 v23 (x v25 (S (z x)) (v6 K I (B I)))) (v2 v1) B (S v6 (z x) (B z))) (K v21 (x (I I z) (x (z B K)) S))
z I (x (z B (x (x z)))) (x (v4 v23 (x v25 (S (z x)) (v6 K I (B I)))) (v2 v1) B (v6 (B z) (z x (B z)))) (K v21 (x (I I z) (x (z B K)) S))
z I (x (z B (x (x z)))) (x (v4 v23 (x v25 (S (z x)) (v6 K I (B I)))) (v2 v1) B (v6 (B z) (z x (B z)))) v21
