x (x (S z (x (x S) (x B))) K) (B (B B (S (z (I (B (z K) (S v25) B))))) (S (x S) v7 x))
x (x (S z (x (x S) (x B))) K) (B (B B (S (z (B (z K) (S v25) B)))) (S (x S) v7 x))
x (x (S z (x (x S) (x B))) K) (B (B B (S (z (z K (S v25 B))))) (S (x S) v7 x))
x (x (S z (x (x S) (x B))) K) (B (B B (S (z (z K (S v25 B))))) (x S x (v7 x)))
S (x (v19 K S)) (x I (I v5 z S) (z x (x S B))) I (S (v16 I S v20) (K B (x v11 (x v18) S x) (K (z I))) z)
x (v19 K S) I (x I (I v5 z S) (z x (x S B)) I) (S (v16 I S v20) (K B (x v11 (x v18) S x) (K (z I))) z)
x (v19 K S) I (x I (v5 z S) (z x (x S B)) I) (S (v16 I S v20) (K B (x v11 (x v18) S x) (K (z I))) z)
x (v19 K S) I (x I (v5 z S) (z x (x S B)) I) (v16 I S v20 z (K B (x v11 (x v18) S x) (K (z I)) z))
x (v19 K S) I (x I (v5 z S) (z x (x S B)) I) (v16 I S v20 z (B (K (z I)) z))
x S (z z) B (v24 (I K (z v8 (v28 (v17 (K x x))) (B K))) B) B
x S (z z) B (v24 (K (z v8 (v28 (v17 (K x x))) (B K))) B) B
x S (z z) B (v24 (K (z v8 (v28 (v17 x)) (B K))) B) B
x (z S (z (B K (x B) I) (K B) K)) I (I (v19 (S B x S B (z K)) x (S (I (x S) (K v0)) v19 (K (B v15) S x) (I z) K)))
x (z S (z (K (x B I)) (K B) K)) I (I (v19 (S B x S B (z K)) x (S (I (x S) (K v0)) v19 (K (B v15) S x) (I z) K)))
x (z S (z (K (x B I)) (K B) K)) I (v19 (S B x S B (z K)) x (S (I (x S) (K v0)) v19 (K (B v15) S x) (I z) K))
x (z S (z (K (x B I)) (K B) K)) I (v19 (B S (x S) B (z K)) x (S (I (x S) (K v0)) v19 (K (B v15) S x) (I z) K))
x (z S (z (K (x B I)) (K B) K)) I (v19 (S (x S B) (z K)) x (S (I (x S) (K v0)) v19 (K (B v15) S x) (I z) K))
x (z S (z (K (x B I)) (K B) K)) I (v19 (S (x S B) (z K)) x (I (x S) (K v0) (K (B v15) S x) (v19 (K (B v15) S x)) (I z) K))
x (z S (z (K (x B I)) (K B) K)) I (v19 (S (x S B) (z K)) x (x S (K v0) (K (B v15) S x) (v19 (K (B v15) S x)) (I z) K))
x (z S (z (K (x B I)) (K B) K)) I (v19 (S (x S B) (z K)) x (x S (K v0) (B v15 x) (v19 (K (B v15) S x)) (I z) K))
x (z S (z (K (x B I)) (K B) K)) I (v19 (S (x S B) (z K)) x (x S (K v0) (B v15 x) (v19 (B v15 x)) (I z) K))
x (z S (z (K (x B I)) (K B) K)) I (v19 (S (x S B) (z K)) x (x S (K v0) (B v15 x) (v19 (B v15 x)) z K))
S (v23 S I S) (v15 (v12 x z x)) (B K S z x B z (z (z v9))) (S (I (I K)) (z B (S (I K) x) (K (z (B v11) (K x B) x x (S (v26 K) S)) (B (x z) (K (v6 v10 I z)))))) (S x (B (v19 B B) (S (B (S B z (x S) I) x))))
v23 S I S (B K S z x B z (z (z v9))) (v15 (v12 x z x) (B K S z x B z (z (z v9)))) (S (I (I K)) (z B (S (I K) x) (K (z (B v11) (K x B) x x (S (v26 K) S)) (B (x z) (K (v6 v10 I z)))))) (S x (B (v19 B B) (S (B (S B z (x S) I) x))))
v23 S I S (K (S z) x B z (z (z v9))) (v15 (v12 x z x) (B K S z x B z (z (z v9)))) (S (I (I K)) (z B (S (I K) x) (K (z (B v11) (K x B) x x (S (v26 K) S)) (B (x z) (K (v6 v10 I z)))))) (S x (B (v19 B B) (S (B (S B z (x S) I) x))))
v23 S I S (S z B z (z (z v9))) (v15 (v12 x z x) (B K S z x B z (z (z v9)))) (S (I (I K)) (z B (S (I K) x) (K (z (B v11) (K x B) x x (S (v26 K) S)) (B (x z) (K (v6 v10 I z)))))) (S x (B (v19 B B) (S (B (S B z (x S) I) x))))
v23 S I S (z z (B z) (z (z v9))) (v15 (v12 x z x) (B K S z x B z (z (z v9)))) (S (I (I K)) (z B (S (I K) x) (K (z (B v11) (K x B) x x (S (v26 K) S)) (B (x z) (K (v6 v10 I z)))))) (S x (B (v19 B B) (S (B (S B z (x S) I) x))))
v23 S I S (z z (B z) (z (z v9))) (v15 (v12 x z x) (K (S z) x B z (z (z v9)))) (S (I (I K)) (z B (S (I K) x) (K (z (B v11) (K x B) x x (S (v26 K) S)) (B (x z) (K (v6 v10 I z)))))) (S x (B (v19 B B) (S (B (S B z (x S) I) x))))
v23 S I S (z z (B z) (z (z v9))) (v15 (v12 x z x) (S z B z (z (z v9)))) (S (I (I K)) (z B (S (I K) x) (K (z (B v11) (K x B) x x (S (v26 K) S)) (B (x z) (K (v6 v10 I z)))))) (S x (B (v19 B B) (S (B (S B z (x S) I) x))))
v23 S I S (z z (B z) (z (z v9))) (v15 (v12 x z x) (z z (B z) (z (z v9)))) (S (I (I K)) (z B (S (I K) x) (K (z (B v11) (K x B) x x (S (v26 K) S)) (B (x z) (K (v6 v10 I z)))))) (S x (B (v19 B B) (S (B (S B z (x S) I) x))))
v23 S I S (z z (B z) (z (z v9))) (v15 (v12 x z x) (z z (B z) (z (z v9)))) (S (I K) (z B (S (I K) x) (K (z (B v11) (K x B) x x (S (v26 K) S)) (B (x z) (K (v6 v10 I z)))))) (S x (B (v19 B B) (S (B (S B z (x S) I) x))))
v23 S I S (z z (B z) (z (z v9))) (v15 (v12 x z x) (z z (B z) (z (z v9)))) (S K (z B (S (I K) x) (K (z (B v11) (K x B) x x (S (v26 K) S)) (B (x z) (K (v6 v10 I z)))))) (S x (B (v19 B B) (S (B (S B z (x S) I) x))))
v23 S I S (z z (B z) (z (z v9))) (v15 (v12 x z x) (z z (B z) (z (z v9)))) (S K (z B (S K x) (K (z (B v11) (K x B) x x (S (v26 K) S)) (B (x z) (K (v6 v10 I z)))))) (S x (B (v19 B B) (S (B (S B z (x S) I) x))))
v23 S I S (z z (B z) (z (z v9))) (v15 (v12 x z x) (z z (B z) (z (z v9)))) (S K (z B (S K x) (z (B v11) (K x B) x x (S (v26 K) S)))) (S x (B (v19 B B) (S (B (S B z (x S) I) x))))
v23 S I S (z z (B z) (z (z v9))) (v15 (v12 x z x) (z z (B z) (z (z v9)))) (S K (z B (S K x) (z (B v11) x x x (S (v26 K) S)))) (S x (B (v19 B B) (S (B (S B z (x S) I) x))))
v23 S I S (z z (B z) (z (z v9))) (v15 (v12 x z x) (z z (B z) (z (z v9)))) (S K (z B (S K x) (z (B v11) x x x (S (v26 K) S)))) (S x (B (v19 B B) (S (B (B (x S) (z (x S)) I) x))))
v23 S I S (z z (B z) (z (z v9))) (v15 (v12 x z x) (z z (B z) (z (z v9)))) (S K (z B (S K x) (z (B v11) x x x (S (v26 K) S)))) (S x (B (v19 B B) (S (B (x S (z (x S) I)) x))))
K (K z (S S (z v18 I)) (S B z)) K (z (x B) (z (z I) (K (I v7)) (z v16 z) (x B z (B S)) (K K))) (S S (I z) (I (z K))) (I B)
K z (S S (z v18 I)) (S B z) (z (x B) (z (z I) (K (I v7)) (z v16 z) (x B z (B S)) (K K))) (S S (I z) (I (z K))) (I B)
z (S B z) (z (x B) (z (z I) (K (I v7)) (z v16 z) (x B z (B S)) (K K))) (S S (I z) (I (z K))) (I B)
z (S B z) (z (x B) (z (z I) (K v7) (z v16 z) (x B z (B S)) (K K))) (S S (I z) (I (z K))) (I B)
z (S B z) (z (x B) (z (z I) (K v7) (z v16 z) (x B z (B S)) (K K))) (S (I (z K)) (I z (I (z K)))) (I B)
z (S B z) (z (x B) (z (z I) (K v7) (z v16 z) (x B z (B S)) (K K))) (S (z K) (I z (I (z K)))) (I B)
z (S B z) (z (x B) (z (z I) (K v7) (z v16 z) (x B z (B S)) (K K))) (S (z K) (z (I (z K)))) (I B)
z (S B z) (z (x B) (z (z I) (K v7) (z v16 z) (x B z (B S)) (K K))) (S (z K) (z (z K))) (I B)
z (S B z) (z (x B) (z (z I) (K v7) (z v16 z) (x B z (B S)) (K K))) (S (z K) (z (z K))) B
x (B (x K)) (I (B (S B (z I (S (S z S) (K v20)))) (S (v30 (x I)) (I S (x z))) S))
x (B (x K)) (B (S B (z I (S (S z S) (K v20)))) (S (v30 (x I)) (I S (x z))) S)
x (B (x K)) (S B (z I (S (S z S) (K v20))) (S (v30 (x I)) (I S (x z)) S))
x (B (x K)) (B (S (v30 (x I)) (I S (x z)) S) (z I (S (S z S) (K v20)) (S (v30 (x I)) (I S (x z)) S)))
x (B (x K)) (B (v30 (x I) S (I S (x z) S)) (z I (S (S z S) (K v20)) (S (v30 (x I)) (I S (x z)) S)))
x (B (x K)) (B (v30 (x I) S (S (x z) S)) (z I (S (S z S) (K v20)) (S (v30 (x I)) (I S (x z)) S)))
x (B (x K)) (B (v30 (x I) S (S (x z) S)) (z I (S (S z S) (K v20)) (v30 (x I) S (I S (x z) S))))
x (B (x K)) (B (v30 (x I) S (S (x z) S)) (z I (S (S z S) (K v20)) (v30 (x I) S (S (x z) S))))
z (v0 S B) B
v13 (B (S (I x B)) (I (I (B K (v11 (v13 v20)) (x K)))) (v25 S)) K (B (K x (B (I B) S) (K z) (B z z (K (z (B (B (S I)) z z)))) (x (S v6 B I (I K v19)))) (K K B)) (I (S I (S (I I) (x z) I)) z z (I K) B (K B (B (z (x (v11 K) (B K)) v0)) (z I)) (S z (S (K K)) (z (x K) x S (S (K (K B) K (z K))) (B S))))
v13 (S (I x B) (I (I (B K (v11 (v13 v20)) (x K))) (v25 S))) K (B (K x (B (I B) S) (K z) (B z z (K (z (B (B (S I)) z z)))) (x (S v6 B I (I K v19)))) (K K B)) (I (S I (S (I I) (x z) I)) z z (I K) B (K B (B (z (x (v11 K) (B K)) v0)) (z I)) (S z (S (K K)) (z (x K) x S (S (K (K B) K (z K))) (B S))))
v13 (S (x B) (I (I (B K (v11 (v13 v20)) (x K))) (v25 S))) K (B (K x (B (I B) S) (K z) (B z z (K (z (B (B (S I)) z z)))) (x (S v6 B I (I K v19)))) (K K B)) (I (S I (S (I I) (x z) I)) z z (I K) B (K B (B (z (x (v11 K) (B K)) v0)) (z I)) (S z (S (K K)) (z (x K) x S (S (K (K B) K (z K))) (B S))))
v13 (S (x B) (I (B K (v11 (v13 v20)) (x K)) (v25 S))) K (B (K x (B (I B) S) (K z) (B z z (K (z (B (B (S I)) z z)))) (x (S v6 B I (I K v19)))) (K K B)) (I (S I (S (I I) (x z) I)) z z (I K) B (K B (B (z (x (v11 K) (B K)) v0)) (z I)) (S z (S (K K)) (z (x K) x S (S (K (K B) K (z K))) (B S))))
v13 (S (x B) (B K (v11 (v13 v20)) (x K) (v25 S))) K (B (K x (B (I B) S) (K z) (B z z (K (z (B (B (S I)) z z)))) (x (S v6 B I (I K v19)))) (K K B)) (I (S I (S (I I) (x z) I)) z z (I K) B (K B (B (z (x (v11 K) (B K)) v0)) (z I)) (S z (S (K K)) (z (x K) x S (S (K (K B) K (z K))) (B S))))
v13 (S (x B) (K (v11 (v13 v20) (x K)) (v25 S))) K (B (K x (B (I B) S) (K z) (B z z (K (z (B (B (S I)) z z)))) (x (S v6 B I (I K v19)))) (K K B)) (I (S I (S (I I) (x z) I)) z z (I K) B (K B (B (z (x (v11 K) (B K)) v0)) (z I)) (S z (S (K K)) (z (x K) x S (S (K (K B) K (z K))) (B S))))
v13 (S (x B) (v11 (v13 v20) (x K))) K (B (K x (B (I B) S) (K z) (B z z (K (z (B (B (S I)) z z)))) (x (S v6 B I (I K v19)))) (K K B)) (I (S I (S (I I) (x z) I)) z z (I K) B (K B (B (z (x (v11 K) (B K)) v0)) (z I)) (S z (S (K K)) (z (x K) x S (S (K (K B) K (z K))) (B S))))
v13 (S (x B) (v11 (v13 v20) (x K))) K (B (x (K z) (B z z (K (z (B (B (S I)) z z)))) (x (S v6 B I (I K v19)))) (K K B)) (I (S I (S (I I) (x z) I)) z z (I K) B (K B (B (z (x (v11 K) (B K)) v0)) (z I)) (S z (S (K K)) (z (x K) x S (S (K (K B) K (z K))) (B S))))
v13 (S (x B) (v11 (v13 v20) (x K))) K (B (x (K z) (z (z (K (z (B (B (S I)) z z))))) (x (S v6 B I (I K v19)))) (K K B)) (I (S I (S (I I) (x z) I)) z z (I K) B (K B (B (z (x (v11 K) (B K)) v0)) (z I)) (S z (S (K K)) (z (x K) x S (S (K (K B) K (z K))) (B S))))
v13 (S (x B) (v11 (v13 v20) (x K))) K (B (x (K z) (z (z (K (z (B (S I) (z z)))))) (x (S v6 B I (I K v19)))) (K K B)) (I (S I (S (I I) (x z) I)) z z (I K) B (K B (B (z (x (v11 K) (B K)) v0)) (z I)) (S z (S (K K)) (z (x K) x S (S (K (K B) K (z K))) (B S))))
v13 (S (x B) (v11 (v13 v20) (x K))) K (B (x (K z) (z (z (K (z (B (S I) (z z)))))) (x (v6 I (B I) (I K v19)))) (K K B)) (I (S I (S (I I) (x z) I)) z z (I K) B (K B (B (z (x (v11 K) (B K)) v0)) (z I)) (S z (S (K K)) (z (x K) x S (S (K (K B) K (z K))) (B S))))
v13 (S (x B) (v11 (v13 v20) (x K))) K (B (x (K z) (z (z (K (z (B (S I) (z z)))))) (x (v6 I (B I) (K v19)))) (K K B)) (I (S I (S (I I) (x z) I)) z z (I K) B (K B (B (z (x (v11 K) (B K)) v0)) (z I)) (S z (S (K K)) (z (x K) x S (S (K (K B) K (z K))) (B S))))
v13 (S (x B) (v11 (v13 v20) (x K))) K (B (x (K z) (z (z (K (z (B (S I) (z z)))))) (x (v6 I (B I) (K v19)))) K) (I (S I (S (I I) (x z) I)) z z (I K) B (K B (B (z (x (v11 K) (B K)) v0)) (z I)) (S z (S (K K)) (z (x K) x S (S (K (K B) K (z K))) (B S))))
v13 (S (x B) (v11 (v13 v20) (x K))) K (B (x (K z) (z (z (K (z (B (S I) (z z)))))) (x (v6 I (B I) (K v19)))) K) (S I (S (I I) (x z) I) z z (I K) B (K B (B (z (x (v11 K) (B K)) v0)) (z I)) (S z (S (K K)) (z (x K) x S (S (K (K B) K (z K))) (B S))))
v13 (S (x B) (v11 (v13 v20) (x K))) K (B (x (K z) (z (z (K (z (B (S I) (z z)))))) (x (v6 I (B I) (K v19)))) K) (I z (S (I I) (x z) I z) z (I K) B (K B (B (z (x (v11 K) (B K)) v0)) (z I)) (S z (S (K K)) (z (x K) x S (S (K (K B) K (z K))) (B S))))
v13 (S (x B) (v11 (v13 v20) (x K))) K (B (x (K z) (z (z (K (z (B (S I) (z z)))))) (x (v6 I (B I) (K v19)))) K) (z (S (I I) (x z) I z) z (I K) B (K B (B (z (x (v11 K) (B K)) v0)) (z I)) (S z (S (K K)) (z (x K) x S (S (K (K B) K (z K))) (B S))))
v13 (S (x B) (v11 (v13 v20) (x K))) K (B (x (K z) (z (z (K (z (B (S I) (z z)))))) (x (v6 I (B I) (K v19)))) K) (z (I I I (x z I) z) z (I K) B (K B (B (z (x (v11 K) (B K)) v0)) (z I)) (S z (S (K K)) (z (x K) x S (S (K (K B) K (z K))) (B S))))
v13 (S (x B) (v11 (v13 v20) (x K))) K (B (x (K z) (z (z (K (z (B (S I) (z z)))))) (x (v6 I (B I) (K v19)))) K) (z (I I (x z I) z) z (I K) B (K B (B (z (x (v11 K) (B K)) v0)) (z I)) (S z (S (K K)) (z (x K) x S (S (K (K B) K (z K))) (B S))))
v13 (S (x B) (v11 (v13 v20) (x K))) K (B (x (K z) (z (z (K (z (B (S I) (z z)))))) (x (v6 I (B I) (K v19)))) K) (z (I (x z I) z) z (I K) B (K B (B (z (x (v11 K) (B K)) v0)) (z I)) (S z (S (K K)) (z (x K) x S (S (K (K B) K (z K))) (B S))))
v13 (S (x B) (v11 (v13 v20) (x K))) K (B (x (K z) (z (z (K (z (B (S I) (z z)))))) (x (v6 I (B I) (K v19)))) K) (z (x z I z) z (I K) B (K B (B (z (x (v11 K) (B K)) v0)) (z I)) (S z (S (K K)) (z (x K) x S (S (K (K B) K (z K))) (B S))))
v13 (S (x B) (v11 (v13 v20) (x K))) K (B (x (K z) (z (z (K (z (B (S I) (z z)))))) (x (v6 I (B I) (K v19)))) K) (z (x z I z) z K B (K B (B (z (x (v11 K) (B K)) v0)) (z I)) (S z (S (K K)) (z (x K) x S (S (K (K B) K (z K))) (B S))))
v13 (S (x B) (v11 (v13 v20) (x K))) K (B (x (K z) (z (z (K (z (B (S I) (z z)))))) (x (v6 I (B I) (K v19)))) K) (z (x z I z) z K B (B (z I)) (S z (S (K K)) (z (x K) x S (S (K (K B) K (z K))) (B S))))
v13 (S (x B) (v11 (v13 v20) (x K))) K (B (x (K z) (z (z (K (z (B (S I) (z z)))))) (x (v6 I (B I) (K v19)))) K) (z (x z I z) z K B (B (z I)) (z (z (x K) x S (S (K (K B) K (z K))) (B S)) (S (K K) (z (x K) x S (S (K (K B) K (z K))) (B S)))))
v13 (S (x B) (v11 (v13 v20) (x K))) K (B (x (K z) (z (z (K (z (B (S I) (z z)))))) (x (v6 I (B I) (K v19)))) K) (z (x z I z) z K B (B (z I)) (z (z (x K) x S (S (K B (z K))) (B S)) (S (K K) (z (x K) x S (S (K (K B) K (z K))) (B S)))))
v13 (S (x B) (v11 (v13 v20) (x K))) K (B (x (K z) (z (z (K (z (B (S I) (z z)))))) (x (v6 I (B I) (K v19)))) K) (z (x z I z) z K B (B (z I)) (z (z (x K) x S (S B) (B S)) (S (K K) (z (x K) x S (S (K (K B) K (z K))) (B S)))))
v13 (S (x B) (v11 (v13 v20) (x K))) K (B (x (K z) (z (z (K (z (B (S I) (z z)))))) (x (v6 I (B I) (K v19)))) K) (z (x z I z) z K B (B (z I)) (z (z (x K) x S (S B) (B S)) (S (K K) (z (x K) x S (S (K B (z K))) (B S)))))
v13 (S (x B) (v11 (v13 v20) (x K))) K (B (x (K z) (z (z (K (z (B (S I) (z z)))))) (x (v6 I (B I) (K v19)))) K) (z (x z I z) z K B (B (z I)) (z (z (x K) x S (S B) (B S)) (S (K K) (z (x K) x S (S B) (B S)))))
B S (B (I S) (z v17 (z (B v23) (K v19 (x B)))) (B B)) (x (K (K (v2 S))) (K x K) S) v4
S (B (I S) (z v17 (z (B v23) (K v19 (x B)))) (B B) (x (K (K (v2 S))) (K x K) S)) v4
S (I S (z v17 (z (B v23) (K v19 (x B))) (B B)) (x (K (K (v2 S))) (K x K) S)) v4
S (S (z v17 (z (B v23) (K v19 (x B))) (B B)) (x (K (K (v2 S))) (K x K) S)) v4
S (S (z v17 (z (B v23) v19) (B B)) (x (K (K (v2 S))) (K x K) S)) v4
S (S (z v17 (z (B v23) v19) (B B)) (x (K (K (v2 S))) x S)) v4
