B S x x
S (x x)
z (S (x z x) I)
B (S B) (B (S x (v12 v13) (v13 (z (z B B)))) (z (v9 z (S (x (v24 I)))) (K (x x (v26 z) B)))) (B (I z (K (z B))) (K (S B) I v30 (S z) v18) I (K I) (K K) (x (v14 z z x)))
S B (B (S x (v12 v13) (v13 (z (z B B)))) (z (v9 z (S (x (v24 I)))) (K (x x (v26 z) B))) (B (I z (K (z B))) (K (S B) I v30 (S z) v18) I (K I) (K K) (x (v14 z z x))))
S B (S x (v12 v13) (v13 (z (z B B))) (z (v9 z (S (x (v24 I)))) (K (x x (v26 z) B)) (B (I z (K (z B))) (K (S B) I v30 (S z) v18) I (K I) (K K) (x (v14 z z x)))))
S B (x (v13 (z (z B B))) (v12 v13 (v13 (z (z B B)))) (z (v9 z (S (x (v24 I)))) (K (x x (v26 z) B)) (B (I z (K (z B))) (K (S B) I v30 (S z) v18) I (K I) (K K) (x (v14 z z x)))))
S B (x (v13 (z (z B B))) (v12 v13 (v13 (z (z B B)))) (z (v9 z (S (x (v24 I)))) (K (x x (v26 z) B)) (I z (K (z B)) (K (S B) I v30 (S z) v18 I) (K I) (K K) (x (v14 z z x)))))
S B (x (v13 (z (z B B))) (v12 v13 (v13 (z (z B B)))) (z (v9 z (S (x (v24 I)))) (K (x x (v26 z) B)) (z (K (z B)) (K (S B) I v30 (S z) v18 I) (K I) (K K) (x (v14 z z x)))))
S B (x (v13 (z (z B B))) (v12 v13 (v13 (z (z B B)))) (z (v9 z (S (x (v24 I)))) (K (x x (v26 z) B)) (z (K (z B)) (S B v30 (S z) v18 I) (K I) (K K) (x (v14 z z x)))))
S B (x (v13 (z (z B B))) (v12 v13 (v13 (z (z B B)))) (z (v9 z (S (x (v24 I)))) (K (x x (v26 z) B)) (z (K (z B)) (B (S z) (v30 (S z)) v18 I) (K I) (K K) (x (v14 z z x)))))
S B (x (v13 (z (z B B))) (v12 v13 (v13 (z (z B B)))) (z (v9 z (S (x (v24 I)))) (K (x x (v26 z) B)) (z (K (z B)) (S z (v30 (S z) v18) I) (K I) (K K) (x (v14 z z x)))))
S B (x (v13 (z (z B B))) (v12 v13 (v13 (z (z B B)))) (z (v9 z (S (x (v24 I)))) (K (x x (v26 z) B)) (z (K (z B)) (z I (v30 (S z) v18 I)) (K I) (K K) (x (v14 z z x)))))
I
x (S (x (I z B) (v8 (z (I I))) (B I v16)) (z (S v29) (B (x v8 I) K)) v19 (v29 (B (x v22 K z) I))) (v21 (B (z (z (K v17 K)) x (x (B B)))) v26 (x (K (I x z (S x (S (B v2 z) z (I B)) z)))))
x (x (I z B) (v8 (z (I I))) (B I v16) v19 (z (S v29) (B (x v8 I) K) v19) (v29 (B (x v22 K z) I))) (v21 (B (z (z (K v17 K)) x (x (B B)))) v26 (x (K (I x z (S x (S (B v2 z) z (I B)) z)))))
x (x (z B) (v8 (z (I I))) (B I v16) v19 (z (S v29) (B (x v8 I) K) v19) (v29 (B (x v22 K z) I))) (v21 (B (z (z (K v17 K)) x (x (B B)))) v26 (x (K (I x z (S x (S (B v2 z) z (I B)) z)))))
x (x (z B) (v8 (z I)) (B I v16) v19 (z (S v29) (B (x v8 I) K) v19) (v29 (B (x v22 K z) I))) (v21 (B (z (z (K v17 K)) x (x (B B)))) v26 (x (K (I x z (S x (S (B v2 z) z (I B)) z)))))
x (x (z B) (v8 (z I)) (B I v16) v19 (z (S v29) (B (x v8 I) K) v19) (v29 (B (x v22 K z) I))) (v21 (B (z (z v17) x (x (B B)))) v26 (x (K (I x z (S x (S (B v2 z) z (I B)) z)))))
x (x (z B) (v8 (z I)) (B I v16) v19 (z (S v29) (B (x v8 I) K) v19) (v29 (B (x v22 K z) I))) (v21 (B (z (z v17) x (x (B B)))) v26 (x (K (x z (S x (S (B v2 z) z (I B)) z)))))
x (x (z B) (v8 (z I)) (B I v16) v19 (z (S v29) (B (x v8 I) K) v19) (v29 (B (x v22 K z) I))) (v21 (B (z (z v17) x (x (B B)))) v26 (x (K (x z (x z (S (B v2 z) z (I B) z))))))
x (x (z B) (v8 (z I)) (B I v16) v19 (z (S v29) (B (x v8 I) K) v19) (v29 (B (x v22 K z) I))) (v21 (B (z (z v17) x (x (B B)))) v26 (x (K (x z (x z (B v2 z (I B) (z (I B)) z))))))
x (x (z B) (v8 (z I)) (B I v16) v19 (z (S v29) (B (x v8 I) K) v19) (v29 (B (x v22 K z) I))) (v21 (B (z (z v17) x (x (B B)))) v26 (x (K (x z (x z (v2 (z (I B)) (z (I B)) z))))))
x (x (z B) (v8 (z I)) (B I v16) v19 (z (S v29) (B (x v8 I) K) v19) (v29 (B (x v22 K z) I))) (v21 (B (z (z v17) x (x (B B)))) v26 (x (K (x z (x z (v2 (z B) (z (I B)) z))))))
x (x (z B) (v8 (z I)) (B I v16) v19 (z (S v29) (B (x v8 I) K) v19) (v29 (B (x v22 K z) I))) (v21 (B (z (z v17) x (x (B B)))) v26 (x (K (x z (x z (v2 (z B) (z B) z))))))
x x
v9 v13
K (I (I I (K B K (z v9) (z v1 z))) (S S (v8 K v29) x (v25 v25))) (B (B z)) (x (S (I (I (z (B x)) (S K K) (S I))))) (B (S v9 (I S) (I K (I (I z))) v6))
I (I I (K B K (z v9) (z v1 z))) (S S (v8 K v29) x (v25 v25)) (x (S (I (I (z (B x)) (S K K) (S I))))) (B (S v9 (I S) (I K (I (I z))) v6))
I I (K B K (z v9) (z v1 z)) (S S (v8 K v29) x (v25 v25)) (x (S (I (I (z (B x)) (S K K) (S I))))) (B (S v9 (I S) (I K (I (I z))) v6))
I (K B K (z v9) (z v1 z)) (S S (v8 K v29) x (v25 v25)) (x (S (I (I (z (B x)) (S K K) (S I))))) (B (S v9 (I S) (I K (I (I z))) v6))
K B K (z v9) (z v1 z) (S S (v8 K v29) x (v25 v25)) (x (S (I (I (z (B x)) (S K K) (S I))))) (B (S v9 (I S) (I K (I (I z))) v6))
B (z v9) (z v1 z) (S S (v8 K v29) x (v25 v25)) (x (S (I (I (z (B x)) (S K K) (S I))))) (B (S v9 (I S) (I K (I (I z))) v6))
z v9 (z v1 z (S S (v8 K v29) x (v25 v25))) (x (S (I (I (z (B x)) (S K K) (S I))))) (B (S v9 (I S) (I K (I (I z))) v6))
z v9 (z v1 z (S x (v8 K v29 x) (v25 v25))) (x (S (I (I (z (B x)) (S K K) (S I))))) (B (S v9 (I S) (I K (I (I z))) v6))
z v9 (z v1 z (x (v25 v25) (v8 K v29 x (v25 v25)))) (x (S (I (I (z (B x)) (S K K) (S I))))) (B (S v9 (I S) (I K (I (I z))) v6))
z v9 (z v1 z (x (v25 v25) (v8 K v29 x (v25 v25)))) (x (S (I (z (B x)) (S K K) (S I)))) (B (S v9 (I S) (I K (I (I z))) v6))
z v9 (z v1 z (x (v25 v25) (v8 K v29 x (v25 v25)))) (x (S (z (B x) (S K K) (S I)))) (B (S v9 (I S) (I K (I (I z))) v6))
z v9 (z v1 z (x (v25 v25) (v8 K v29 x (v25 v25)))) (x (S (z (B x) (S K K) (S I)))) (B (v9 (I K (I (I z))) (I S (I K (I (I z)))) v6))
z v9 (z v1 z (x (v25 v25) (v8 K v29 x (v25 v25)))) (x (S (z (B x) (S K K) (S I)))) (B (v9 (K (I (I z))) (I S (I K (I (I z)))) v6))
z v9 (z v1 z (x (v25 v25) (v8 K v29 x (v25 v25)))) (x (S (z (B x) (S K K) (S I)))) (B (v9 (K (I z)) (I S (I K (I (I z)))) v6))
z v9 (z v1 z (x (v25 v25) (v8 K v29 x (v25 v25)))) (x (S (z (B x) (S K K) (S I)))) (B (v9 (K z) (I S (I K (I (I z)))) v6))
z v9 (z v1 z (x (v25 v25) (v8 K v29 x (v25 v25)))) (x (S (z (B x) (S K K) (S I)))) (B (v9 (K z) (S (I K (I (I z)))) v6))
z v9 (z v1 z (x (v25 v25) (v8 K v29 x (v25 v25)))) (x (S (z (B x) (S K K) (S I)))) (B (v9 (K z) (S (K (I (I z)))) v6))
z v9 (z v1 z (x (v25 v25) (v8 K v29 x (v25 v25)))) (x (S (z (B x) (S K K) (S I)))) (B (v9 (K z) (S (K (I z))) v6))
z v9 (z v1 z (x (v25 v25) (v8 K v29 x (v25 v25)))) (x (S (z (B x) (S K K) (S I)))) (B (v9 (K z) (S (K z)) v6))
B (v1 (B S (v19 (B (I K) x) x)) (K x) z) x (K (S S S))
v1 (B S (v19 (B (I K) x) x)) (K x) z (x (K (S S S)))
v1 (B S (v19 (B K x) x)) (K x) z (x (K (S S S)))
S (v12 (K B z (v18 (I z (B z)) (K v26 B)) (z (K (S S)))) (B z)) (K (S (K B S (B K (B (S (S S) x))) v1) (v24 v30 z (z (x B x (x z v9 (z I)) (B v21))))))
S (v12 (B (v18 (I z (B z)) (K v26 B)) (z (K (S S)))) (B z)) (K (S (K B S (B K (B (S (S S) x))) v1) (v24 v30 z (z (x B x (x z v9 (z I)) (B v21))))))
S (v12 (B (v18 (z (B z)) (K v26 B)) (z (K (S S)))) (B z)) (K (S (K B S (B K (B (S (S S) x))) v1) (v24 v30 z (z (x B x (x z v9 (z I)) (B v21))))))
S (v12 (B (v18 (z (B z)) v26) (z (K (S S)))) (B z)) (K (S (K B S (B K (B (S (S S) x))) v1) (v24 v30 z (z (x B x (x z v9 (z I)) (B v21))))))
S (v12 (B (v18 (z (B z)) v26) (z (K (S S)))) (B z)) (K (S (B (B K (B (S (S S) x))) v1) (v24 v30 z (z (x B x (x z v9 (z I)) (B v21))))))
