z (z (z B (S S)) (B (S B))) v24 x (B (B (S v30) I) (x K) (I x B)) (z I x (I z z)) (x v6 (B S (B B (S (S B K))) S) I B) (B x (z B (B K (x K B) (I (K x z)) (z x))))
z (z (z B (S S)) (B (S B))) v24 x (B (S v30) I (x K (I x B))) (z I x (I z z)) (x v6 (B S (B B (S (S B K))) S) I B) (B x (z B (B K (x K B) (I (K x z)) (z x))))
z (z (z B (S S)) (B (S B))) v24 x (S v30 (I (x K (I x B)))) (z I x (I z z)) (x v6 (B S (B B (S (S B K))) S) I B) (B x (z B (B K (x K B) (I (K x z)) (z x))))
z (z (z B (S S)) (B (S B))) v24 x (S v30 (x K (I x B))) (z I x (I z z)) (x v6 (B S (B B (S (S B K))) S) I B) (B x (z B (B K (x K B) (I (K x z)) (z x))))
z (z (z B (S S)) (B (S B))) v24 x (S v30 (x K (x B))) (z I x (I z z)) (x v6 (B S (B B (S (S B K))) S) I B) (B x (z B (B K (x K B) (I (K x z)) (z x))))
z (z (z B (S S)) (B (S B))) v24 x (S v30 (x K (x B))) (z I x (z z)) (x v6 (B S (B B (S (S B K))) S) I B) (B x (z B (B K (x K B) (I (K x z)) (z x))))
z (z (z B (S S)) (B (S B))) v24 x (S v30 (x K (x B))) (z I x (z z)) (x v6 (S (B B (S (S B K)) S)) I B) (B x (z B (B K (x K B) (I (K x z)) (z x))))
z (z (z B (S S)) (B (S B))) v24 x (S v30 (x K (x B))) (z I x (z z)) (x v6 (S (B (S (S B K) S))) I B) (B x (z B (B K (x K B) (I (K x z)) (z x))))
z (z (z B (S S)) (B (S B))) v24 x (S v30 (x K (x B))) (z I x (z z)) (x v6 (S (B (S (S B K) S))) I B) (B x (z B (K (x K B (I (K x z))) (z x))))
z (z (z B (S S)) (B (S B))) v24 x (S v30 (x K (x B))) (z I x (z z)) (x v6 (S (B (S (S B K) S))) I B) (B x (z B (x K B (I (K x z)))))
z (z (z B (S S)) (B (S B))) v24 x (S v30 (x K (x B))) (z I x (z z)) (x v6 (S (B (S (S B K) S))) I B) (B x (z B (x K B (K x z))))
z (z (z B (S S)) (B (S B))) v24 x (S v30 (x K (x B))) (z I x (z z)) (x v6 (S (B (S (S B K) S))) I B) (B x (z B (x K B x)))
v21 x (v27 (I (K (S x)) (I K (z I) (I (K I)) x) K) (v30 (K (x (x B))) I K z) (z z I (x B x) z (I (x v25) v10) (z S (B (z S)) B))) (K B (v11 B)) (x (v22 (K (S (I B))) I) (S x) S (I B (x S B x) (x (v26 v14))))
v21 x (v27 (K (S x) (I K (z I) (I (K I)) x) K) (v30 (K (x (x B))) I K z) (z z I (x B x) z (I (x v25) v10) (z S (B (z S)) B))) (K B (v11 B)) (x (v22 (K (S (I B))) I) (S x) S (I B (x S B x) (x (v26 v14))))
v21 x (v27 (S x K) (v30 (K (x (x B))) I K z) (z z I (x B x) z (I (x v25) v10) (z S (B (z S)) B))) (K B (v11 B)) (x (v22 (K (S (I B))) I) (S x) S (I B (x S B x) (x (v26 v14))))
v21 x (v27 (S x K) (v30 (K (x (x B))) I K z) (z z I (x B x) z (x v25 v10) (z S (B (z S)) B))) (K B (v11 B)) (x (v22 (K (S (I B))) I) (S x) S (I B (x S B x) (x (v26 v14))))
v21 x (v27 (S x K) (v30 (K (x (x B))) I K z) (z z I (x B x) z (x v25 v10) (z S (B (z S)) B))) B (x (v22 (K (S (I B))) I) (S x) S (I B (x S B x) (x (v26 v14))))
v21 x (v27 (S x K) (v30 (K (x (x B))) I K z) (z z I (x B x) z (x v25 v10) (z S (B (z S)) B))) B (x (v22 (K (S B)) I) (S x) S (I B (x S B x) (x (v26 v14))))
v21 x (v27 (S x K) (v30 (K (x (x B))) I K z) (z z I (x B x) z (x v25 v10) (z S (B (z S)) B))) B (x (v22 (K (S B)) I) (S x) S (B (x S B x) (x (v26 v14))))
S K (v3 (B K) I (K (z (I x (S z) K) (x z (v3 (B S (v7 (x (I x)))))))) (B (x (S K K)) (K z S) B (B (z x) x) x (S z) (v10 (v13 S x (v21 (K B) v25)) v11 (v15 v15 (B K) z (x z) (z (x I B))))) (v27 K (B x)))
S K (v3 (B K) I (K (z (x (S z) K) (x z (v3 (B S (v7 (x (I x)))))))) (B (x (S K K)) (K z S) B (B (z x) x) x (S z) (v10 (v13 S x (v21 (K B) v25)) v11 (v15 v15 (B K) z (x z) (z (x I B))))) (v27 K (B x)))
S K (v3 (B K) I (K (z (x (S z) K) (x z (v3 (B S (v7 (x x))))))) (B (x (S K K)) (K z S) B (B (z x) x) x (S z) (v10 (v13 S x (v21 (K B) v25)) v11 (v15 v15 (B K) z (x z) (z (x I B))))) (v27 K (B x)))
S K (v3 (B K) I (K (z (x (S z) K) (x z (v3 (B S (v7 (x x))))))) (x (S K K) (K z S B) (B (z x) x) x (S z) (v10 (v13 S x (v21 (K B) v25)) v11 (v15 v15 (B K) z (x z) (z (x I B))))) (v27 K (B x)))
S K (v3 (B K) I (K (z (x (S z) K) (x z (v3 (B S (v7 (x x))))))) (x (S K K) (z B) (B (z x) x) x (S z) (v10 (v13 S x (v21 (K B) v25)) v11 (v15 v15 (B K) z (x z) (z (x I B))))) (v27 K (B x)))
S (S (v24 v11 I (v3 (S B))) (x z (B v8) B) K (K K (x z (K B)))) (x (x (K x (v5 x (B (B (K (S I))))))))
S (v24 v11 I (v3 (S B)) K (x z (B v8) B K) (K K (x z (K B)))) (x (x (K x (v5 x (B (B (K (S I))))))))
S (v24 v11 I (v3 (S B)) K (x z (B v8) B K) K) (x (x (K x (v5 x (B (B (K (S I))))))))
S (v24 v11 I (v3 (S B)) K (x z (B v8) B K) K) (x (x x))
z
B z S v18 (I x K (z K)) (B (v11 K x (I (S B (K K B)) B)) (z x S K x (I (B v29 (v11 v29))) (v24 B x I v5) (z B (z (v8 (v23 S))) (K (S K S))))) (S (B (I (B z))) (S S I B) (B (v15 B (I v5 (I x) (v16 z S I) x (x (B I) (z K K z) K) (I B) (I B)))))
z (S v18) (I x K (z K)) (B (v11 K x (I (S B (K K B)) B)) (z x S K x (I (B v29 (v11 v29))) (v24 B x I v5) (z B (z (v8 (v23 S))) (K (S K S))))) (S (B (I (B z))) (S S I B) (B (v15 B (I v5 (I x) (v16 z S I) x (x (B I) (z K K z) K) (I B) (I B)))))
z (S v18) (x K (z K)) (B (v11 K x (I (S B (K K B)) B)) (z x S K x (I (B v29 (v11 v29))) (v24 B x I v5) (z B (z (v8 (v23 S))) (K (S K S))))) (S (B (I (B z))) (S S I B) (B (v15 B (I v5 (I x) (v16 z S I) x (x (B I) (z K K z) K) (I B) (I B)))))
z (S v18) (x K (z K)) (B (v11 K x (S B (K K B) B)) (z x S K x (I (B v29 (v11 v29))) (v24 B x I v5) (z B (z (v8 (v23 S))) (K (S K S))))) (S (B (I (B z))) (S S I B) (B (v15 B (I v5 (I x) (v16 z S I) x (x (B I) (z K K z) K) (I B) (I B)))))
z (S v18) (x K (z K)) (B (v11 K x (B B (K K B B))) (z x S K x (I (B v29 (v11 v29))) (v24 B x I v5) (z B (z (v8 (v23 S))) (K (S K S))))) (S (B (I (B z))) (S S I B) (B (v15 B (I v5 (I x) (v16 z S I) x (x (B I) (z K K z) K) (I B) (I B)))))
z (S v18) (x K (z K)) (B (v11 K x (B B (K B))) (z x S K x (I (B v29 (v11 v29))) (v24 B x I v5) (z B (z (v8 (v23 S))) (K (S K S))))) (S (B (I (B z))) (S S I B) (B (v15 B (I v5 (I x) (v16 z S I) x (x (B I) (z K K z) K) (I B) (I B)))))
z (S v18) (x K (z K)) (B (v11 K x (B B (K B))) (z x S K x (B v29 (v11 v29)) (v24 B x I v5) (z B (z (v8 (v23 S))) (K (S K S))))) (S (B (I (B z))) (S S I B) (B (v15 B (I v5 (I x) (v16 z S I) x (x (B I) (z K K z) K) (I B) (I B)))))
z (S v18) (x K (z K)) (B (v11 K x (B B (K B))) (z x S K x (B v29 (v11 v29)) (v24 B x I v5) (z B (z (v8 (v23 S))) (K (S K S))))) (B (I (B z)) (B (v15 B (I v5 (I x) (v16 z S I) x (x (B I) (z K K z) K) (I B) (I B)))) (S S I B (B (v15 B (I v5 (I x) (v16 z S I) x (x (B I) (z K K z) K) (I B) (I B))))))
z (S v18) (x K (z K)) (B (v11 K x (B B (K B))) (z x S K x (B v29 (v11 v29)) (v24 B x I v5) (z B (z (v8 (v23 S))) (K (S K S))))) (I (B z) (B (v15 B (I v5 (I x) (v16 z S I) x (x (B I) (z K K z) K) (I B) (I B))) (S S I B (B (v15 B (I v5 (I x) (v16 z S I) x (x (B I) (z K K z) K) (I B) (I B)))))))
z (S v18) (x K (z K)) (B (v11 K x (B B (K B))) (z x S K x (B v29 (v11 v29)) (v24 B x I v5) (z B (z (v8 (v23 S))) (K (S K S))))) (B z (B (v15 B (I v5 (I x) (v16 z S I) x (x (B I) (z K K z) K) (I B) (I B))) (S S I B (B (v15 B (I v5 (I x) (v16 z S I) x (x (B I) (z K K z) K) (I B) (I B)))))))
z (S v18) (x K (z K)) (B (v11 K x (B B (K B))) (z x S K x (B v29 (v11 v29)) (v24 B x I v5) (z B (z (v8 (v23 S))) (K (S K S))))) (B z (B (v15 B (v5 (I x) (v16 z S I) x (x (B I) (z K K z) K) (I B) (I B))) (S S I B (B (v15 B (I v5 (I x) (v16 z S I) x (x (B I) (z K K z) K) (I B) (I B)))))))
z (S v18) (x K (z K)) (B (v11 K x (B B (K B))) (z x S K x (B v29 (v11 v29)) (v24 B x I v5) (z B (z (v8 (v23 S))) (K (S K S))))) (B z (B (v15 B (v5 x (v16 z S I) x (x (B I) (z K K z) K) (I B) (I B))) (S S I B (B (v15 B (I v5 (I x) (v16 z S I) x (x (B I) (z K K z) K) (I B) (I B)))))))
z (S v18) (x K (z K)) (B (v11 K x (B B (K B))) (z x S K x (B v29 (v11 v29)) (v24 B x I v5) (z B (z (v8 (v23 S))) (K (S K S))))) (B z (B (v15 B (v5 x (v16 z S I) x (x (B I) (z K K z) K) B (I B))) (S S I B (B (v15 B (I v5 (I x) (v16 z S I) x (x (B I) (z K K z) K) (I B) (I B)))))))
z (S v18) (x K (z K)) (B (v11 K x (B B (K B))) (z x S K x (B v29 (v11 v29)) (v24 B x I v5) (z B (z (v8 (v23 S))) (K (S K S))))) (B z (B (v15 B (v5 x (v16 z S I) x (x (B I) (z K K z) K) B B)) (S S I B (B (v15 B (I v5 (I x) (v16 z S I) x (x (B I) (z K K z) K) (I B) (I B)))))))
z (S v18) (x K (z K)) (B (v11 K x (B B (K B))) (z x S K x (B v29 (v11 v29)) (v24 B x I v5) (z B (z (v8 (v23 S))) (K (S K S))))) (B z (B (v15 B (v5 x (v16 z S I) x (x (B I) (z K K z) K) B B)) (S B (I B) (B (v15 B (I v5 (I x) (v16 z S I) x (x (B I) (z K K z) K) (I B) (I B)))))))
z (S v18) (x K (z K)) (B (v11 K x (B B (K B))) (z x S K x (B v29 (v11 v29)) (v24 B x I v5) (z B (z (v8 (v23 S))) (K (S K S))))) (B z (B (v15 B (v5 x (v16 z S I) x (x (B I) (z K K z) K) B B)) (B (B (v15 B (I v5 (I x) (v16 z S I) x (x (B I) (z K K z) K) (I B) (I B)))) (I B (B (v15 B (I v5 (I x) (v16 z S I) x (x (B I) (z K K z) K) (I B) (I B))))))))
z (S v18) (x K (z K)) (B (v11 K x (B B (K B))) (z x S K x (B v29 (v11 v29)) (v24 B x I v5) (z B (z (v8 (v23 S))) (K (S K S))))) (B z (B (v15 B (v5 x (v16 z S I) x (x (B I) (z K K z) K) B B)) (B (B (v15 B (v5 (I x) (v16 z S I) x (x (B I) (z K K z) K) (I B) (I B)))) (I B (B (v15 B (I v5 (I x) (v16 z S I) x (x (B I) (z K K z) K) (I B) (I B))))))))
z (S v18) (x K (z K)) (B (v11 K x (B B (K B))) (z x S K x (B v29 (v11 v29)) (v24 B x I v5) (z B (z (v8 (v23 S))) (K (S K S))))) (B z (B (v15 B (v5 x (v16 z S I) x (x (B I) (z K K z) K) B B)) (B (B (v15 B (v5 x (v16 z S I) x (x (B I) (z K K z) K) (I B) (I B)))) (I B (B (v15 B (I v5 (I x) (v16 z S I) x (x (B I) (z K K z) K) (I B) (I B))))))))
z (S v18) (x K (z K)) (B (v11 K x (B B (K B))) (z x S K x (B v29 (v11 v29)) (v24 B x I v5) (z B (z (v8 (v23 S))) (K (S K S))))) (B z (B (v15 B (v5 x (v16 z S I) x (x (B I) (z K K z) K) B B)) (B (B (v15 B (v5 x (v16 z S I) x (x (B I) (z K K z) K) B (I B)))) (I B (B (v15 B (I v5 (I x) (v16 z S I) x (x (B I) (z K K z) K) (I B) (I B))))))))
z (S v18) (x K (z K)) (B (v11 K x (B B (K B))) (z x S K x (B v29 (v11 v29)) (v24 B x I v5) (z B (z (v8 (v23 S))) (K (S K S))))) (B z (B (v15 B (v5 x (v16 z S I) x (x (B I) (z K K z) K) B B)) (B (B (v15 B (v5 x (v16 z S I) x (x (B I) (z K K z) K) B B))) (I B (B (v15 B (I v5 (I x) (v16 z S I) x (x (B I) (z K K z) K) (I B) (I B))))))))
z (S v18) (x K (z K)) (B (v11 K x (B B (K B))) (z x S K x (B v29 (v11 v29)) (v24 B x I v5) (z B (z (v8 (v23 S))) (K (S K S))))) (B z (B (v15 B (v5 x (v16 z S I) x (x (B I) (z K K z) K) B B)) (B (B (v15 B (v5 x (v16 z S I) x (x (B I) (z K K z) K) B B))) (B (B (v15 B (I v5 (I x) (v16 z S I) x (x (B I) (z K K z) K) (I B) (I B))))))))
z (S v18) (x K (z K)) (B (v11 K x (B B (K B))) (z x S K x (B v29 (v11 v29)) (v24 B x I v5) (z B (z (v8 (v23 S))) (K (S K S))))) (B z (B (v15 B (v5 x (v16 z S I) x (x (B I) (z K K z) K) B B)) (B (B (v15 B (v5 x (v16 z S I) x (x (B I) (z K K z) K) B B))) (B (B (v15 B (v5 (I x) (v16 z S I) x (x (B I) (z K K z) K) (I B) (I B))))))))
z (S v18) (x K (z K)) (B (v11 K x (B B (K B))) (z x S K x (B v29 (v11 v29)) (v24 B x I v5) (z B (z (v8 (v23 S))) (K (S K S))))) (B z (B (v15 B (v5 x (v16 z S I) x (x (B I) (z K K z) K) B B)) (B (B (v15 B (v5 x (v16 z S I) x (x (B I) (z K K z) K) B B))) (B (B (v15 B (v5 x (v16 z S I) x (x (B I) (z K K z) K) (I B) (I B))))))))
z (S v18) (x K (z K)) (B (v11 K x (B B (K B))) (z x S K x (B v29 (v11 v29)) (v24 B x I v5) (z B (z (v8 (v23 S))) (K (S K S))))) (B z (B (v15 B (v5 x (v16 z S I) x (x (B I) (z K K z) K) B B)) (B (B (v15 B (v5 x (v16 z S I) x (x (B I) (z K K z) K) B B))) (B (B (v15 B (v5 x (v16 z S I) x (x (B I) (z K K z) K) B (I B))))))))
z (S v18) (x K (z K)) (B (v11 K x (B B (K B))) (z x S K x (B v29 (v11 v29)) (v24 B x I v5) (z B (z (v8 (v23 S))) (K (S K S))))) (B z (B (v15 B (v5 x (v16 z S I) x (x (B I) (z K K z) K) B B)) (B (B (v15 B (v5 x (v16 z S I) x (x (B I) (z K K z) K) B B))) (B (B (v15 B (v5 x (v16 z S I) x (x (B I) (z K K z) K) B B)))))))
x
v29 (v16 (S K z (B (v11 (K v30) S B) (x z v14))) K) S
v29 (v16 (K (B (v11 (K v30) S B) (x z v14)) (z (B (v11 (K v30) S B) (x z v14)))) K) S
v29 (v16 (B (v11 (K v30) S B) (x z v14)) K) S
z (v19 S)
I (x I (S x (v11 (I (K (x B))) S) (I v11 K) (K (z (I (v12 S (x x)))) (x v5) (I (v25 I S v23))) (z x) z)) (z I (v0 (I z)) (B (S K v4) (v11 z (K S (z I)) v6 S)) (B (I v28 K) (K (z v20)) x (z S) (S (B x v4 (z B)) (B (v26 z)))))
x I (S x (v11 (I (K (x B))) S) (I v11 K) (K (z (I (v12 S (x x)))) (x v5) (I (v25 I S v23))) (z x) z) (z I (v0 (I z)) (B (S K v4) (v11 z (K S (z I)) v6 S)) (B (I v28 K) (K (z v20)) x (z S) (S (B x v4 (z B)) (B (v26 z)))))
x I (x (I v11 K) (v11 (I (K (x B))) S (I v11 K)) (K (z (I (v12 S (x x)))) (x v5) (I (v25 I S v23))) (z x) z) (z I (v0 (I z)) (B (S K v4) (v11 z (K S (z I)) v6 S)) (B (I v28 K) (K (z v20)) x (z S) (S (B x v4 (z B)) (B (v26 z)))))
x I (x (v11 K) (v11 (I (K (x B))) S (I v11 K)) (K (z (I (v12 S (x x)))) (x v5) (I (v25 I S v23))) (z x) z) (z I (v0 (I z)) (B (S K v4) (v11 z (K S (z I)) v6 S)) (B (I v28 K) (K (z v20)) x (z S) (S (B x v4 (z B)) (B (v26 z)))))
x I (x (v11 K) (v11 (K (x B)) S (I v11 K)) (K (z (I (v12 S (x x)))) (x v5) (I (v25 I S v23))) (z x) z) (z I (v0 (I z)) (B (S K v4) (v11 z (K S (z I)) v6 S)) (B (I v28 K) (K (z v20)) x (z S) (S (B x v4 (z B)) (B (v26 z)))))
x I (x (v11 K) (v11 (K (x B)) S (v11 K)) (K (z (I (v12 S (x x)))) (x v5) (I (v25 I S v23))) (z x) z) (z I (v0 (I z)) (B (S K v4) (v11 z (K S (z I)) v6 S)) (B (I v28 K) (K (z v20)) x (z S) (S (B x v4 (z B)) (B (v26 z)))))
x I (x (v11 K) (v11 (K (x B)) S (v11 K)) (z (I (v12 S (x x))) (I (v25 I S v23))) (z x) z) (z I (v0 (I z)) (B (S K v4) (v11 z (K S (z I)) v6 S)) (B (I v28 K) (K (z v20)) x (z S) (S (B x v4 (z B)) (B (v26 z)))))
x I (x (v11 K) (v11 (K (x B)) S (v11 K)) (z (v12 S (x x)) (I (v25 I S v23))) (z x) z) (z I (v0 (I z)) (B (S K v4) (v11 z (K S (z I)) v6 S)) (B (I v28 K) (K (z v20)) x (z S) (S (B x v4 (z B)) (B (v26 z)))))
x I (x (v11 K) (v11 (K (x B)) S (v11 K)) (z (v12 S (x x)) (v25 I S v23)) (z x) z) (z I (v0 (I z)) (B (S K v4) (v11 z (K S (z I)) v6 S)) (B (I v28 K) (K (z v20)) x (z S) (S (B x v4 (z B)) (B (v26 z)))))
x I (x (v11 K) (v11 (K (x B)) S (v11 K)) (z (v12 S (x x)) (v25 I S v23)) (z x) z) (z I (v0 z) (B (S K v4) (v11 z (K S (z I)) v6 S)) (B (I v28 K) (K (z v20)) x (z S) (S (B x v4 (z B)) (B (v26 z)))))
x I (x (v11 K) (v11 (K (x B)) S (v11 K)) (z (v12 S (x x)) (v25 I S v23)) (z x) z) (z I (v0 z) (B (S K v4) (v11 z S v6 S)) (B (I v28 K) (K (z v20)) x (z S) (S (B x v4 (z B)) (B (v26 z)))))
x I (x (v11 K) (v11 (K (x B)) S (v11 K)) (z (v12 S (x x)) (v25 I S v23)) (z x) z) (z I (v0 z) (B (S K v4) (v11 z S v6 S)) (I v28 K (K (z v20) x) (z S) (S (B x v4 (z B)) (B (v26 z)))))
x I (x (v11 K) (v11 (K (x B)) S (v11 K)) (z (v12 S (x x)) (v25 I S v23)) (z x) z) (z I (v0 z) (B (S K v4) (v11 z S v6 S)) (v28 K (K (z v20) x) (z S) (S (B x v4 (z B)) (B (v26 z)))))
x I (x (v11 K) (v11 (K (x B)) S (v11 K)) (z (v12 S (x x)) (v25 I S v23)) (z x) z) (z I (v0 z) (B (S K v4) (v11 z S v6 S)) (v28 K (z v20) (z S) (S (B x v4 (z B)) (B (v26 z)))))
x I (x (v11 K) (v11 (K (x B)) S (v11 K)) (z (v12 S (x x)) (v25 I S v23)) (z x) z) (z I (v0 z) (B (S K v4) (v11 z S v6 S)) (v28 K (z v20) (z S) (S (x (v4 (z B))) (B (v26 z)))))
