S (K (K v21 I)) (K S x (S v30 (x (z (B (I (B S)) S)) (K (I (S z))) (K (x (B I)))) I)) (I (I B (x S) I (K (x (z v15))) S (S (I (B K) z (v4 S) I))) (K S v30))
K (K v21 I) (I (I B (x S) I (K (x (z v15))) S (S (I (B K) z (v4 S) I))) (K S v30)) (K S x (S v30 (x (z (B (I (B S)) S)) (K (I (S z))) (K (x (B I)))) I) (I (I B (x S) I (K (x (z v15))) S (S (I (B K) z (v4 S) I))) (K S v30)))
K v21 I (K S x (S v30 (x (z (B (I (B S)) S)) (K (I (S z))) (K (x (B I)))) I) (I (I B (x S) I (K (x (z v15))) S (S (I (B K) z (v4 S) I))) (K S v30)))
v21 (K S x (S v30 (x (z (B (I (B S)) S)) (K (I (S z))) (K (x (B I)))) I) (I (I B (x S) I (K (x (z v15))) S (S (I (B K) z (v4 S) I))) (K S v30)))
v21 (S (S v30 (x (z (B (I (B S)) S)) (K (I (S z))) (K (x (B I)))) I) (I (I B (x S) I (K (x (z v15))) S (S (I (B K) z (v4 S) I))) (K S v30)))
v21 (S (v30 I (x (z (B (I (B S)) S)) (K (I (S z))) (K (x (B I))) I)) (I (I B (x S) I (K (x (z v15))) S (S (I (B K) z (v4 S) I))) (K S v30)))
v21 (S (v30 I (x (z (B (B S) S)) (K (I (S z))) (K (x (B I))) I)) (I (I B (x S) I (K (x (z v15))) S (S (I (B K) z (v4 S) I))) (K S v30)))
v21 (S (v30 I (x (z (B (B S) S)) (K (S z)) (K (x (B I))) I)) (I (I B (x S) I (K (x (z v15))) S (S (I (B K) z (v4 S) I))) (K S v30)))
v21 (S (v30 I (x (z (B (B S) S)) (K (S z)) (K (x (B I))) I)) (I B (x S) I (K (x (z v15))) S (S (I (B K) z (v4 S) I)) (K S v30)))
v21 (S (v30 I (x (z (B (B S) S)) (K (S z)) (K (x (B I))) I)) (B (x S) I (K (x (z v15))) S (S (I (B K) z (v4 S) I)) (K S v30)))
v21 (S (v30 I (x (z (B (B S) S)) (K (S z)) (K (x (B I))) I)) (x S (I (K (x (z v15)))) S (S (I (B K) z (v4 S) I)) (K S v30)))
v21 (S (v30 I (x (z (B (B S) S)) (K (S z)) (K (x (B I))) I)) (x S (K (x (z v15))) S (S (I (B K) z (v4 S) I)) (K S v30)))
v21 (S (v30 I (x (z (B (B S) S)) (K (S z)) (K (x (B I))) I)) (x S (K (x (z v15))) S (S (B K z (v4 S) I)) (K S v30)))
v21 (S (v30 I (x (z (B (B S) S)) (K (S z)) (K (x (B I))) I)) (x S (K (x (z v15))) S (S (K (z (v4 S)) I)) (K S v30)))
v21 (S (v30 I (x (z (B (B S) S)) (K (S z)) (K (x (B I))) I)) (x S (K (x (z v15))) S (S (z (v4 S))) (K S v30)))
v21 (S (v30 I (x (z (B (B S) S)) (K (S z)) (K (x (B I))) I)) (x S (K (x (z v15))) S (S (z (v4 S))) S))
z (S z x (z B)) (B (S (v22 B) x B)) (S x (S (I I v28 (K S (S K))) z)) (v11 (B (B z v21)) (B (z (z I))) K (z B))
z (z (z B) (x (z B))) (B (S (v22 B) x B)) (S x (S (I I v28 (K S (S K))) z)) (v11 (B (B z v21)) (B (z (z I))) K (z B))
z (z (z B) (x (z B))) (B (v22 B B (x B))) (S x (S (I I v28 (K S (S K))) z)) (v11 (B (B z v21)) (B (z (z I))) K (z B))
z (z (z B) (x (z B))) (B (v22 B B (x B))) (S x (S (I v28 (K S (S K))) z)) (v11 (B (B z v21)) (B (z (z I))) K (z B))
z (z (z B) (x (z B))) (B (v22 B B (x B))) (S x (S (v28 (K S (S K))) z)) (v11 (B (B z v21)) (B (z (z I))) K (z B))
z (z (z B) (x (z B))) (B (v22 B B (x B))) (S x (S (v28 S) z)) (v11 (B (B z v21)) (B (z (z I))) K (z B))
v15 (S (x (z (x K))) (K (I x)))
v15 (S (x (z (x K))) (K x))
z I (x B (I (I (z B I S) B) (z v27) (v4 (I v18) (I (B I) (S S B)) I)))
z I (x B (I (z B I S) B (z v27) (v4 (I v18) (I (B I) (S S B)) I)))
z I (x B (z B I S B (z v27) (v4 (I v18) (I (B I) (S S B)) I)))
z I (x B (z B I S B (z v27) (v4 v18 (I (B I) (S S B)) I)))
z I (x B (z B I S B (z v27) (v4 v18 (B I (S S B)) I)))
K
B
z B (x (z (v30 S))) (I (x B (S z)))
z B (x (z (v30 S))) (x B (S z))
B
v0 x z z (v23 (v23 z v29 (B S))) x v26 (x (B (v18 K x) I) (K (z (B I)))) (z B (z (I v3) (B (I (z (v24 S K (z (v10 (z (v10 B)))))))) (z (I x) (K (v24 K)) x)))
v0 x z z (v23 (v23 z v29 (B S))) x v26 (x (B (v18 K x) I) (K (z (B I)))) (z B (z v3 (B (I (z (v24 S K (z (v10 (z (v10 B)))))))) (z (I x) (K (v24 K)) x)))
v0 x z z (v23 (v23 z v29 (B S))) x v26 (x (B (v18 K x) I) (K (z (B I)))) (z B (z v3 (B (z (v24 S K (z (v10 (z (v10 B))))))) (z (I x) (K (v24 K)) x)))
v0 x z z (v23 (v23 z v29 (B S))) x v26 (x (B (v18 K x) I) (K (z (B I)))) (z B (z v3 (B (z (v24 S K (z (v10 (z (v10 B))))))) (z x (K (v24 K)) x)))
z (I B (v0 (B B) (I x (B x)) (z (z (S (v24 x K)) v3 (x S)))))
z (B (v0 (B B) (I x (B x)) (z (z (S (v24 x K)) v3 (x S)))))
z (B (v0 (B B) (x (B x)) (z (z (S (v24 x K)) v3 (x S)))))
