B
x
K v12 (K K) (v11 v22) (x v1) (z (B I)) v22
v12 (v11 v22) (x v1) (z (B I)) v22
I (K x) x (v24 z K (S (I B (K x))) K (I (z (z (B B (v30 S))) v19 (z (z B) (B K v5 v3 K (z B I)) K S))))
K x x (v24 z K (S (I B (K x))) K (I (z (z (B B (v30 S))) v19 (z (z B) (B K v5 v3 K (z B I)) K S))))
x (v24 z K (S (I B (K x))) K (I (z (z (B B (v30 S))) v19 (z (z B) (B K v5 v3 K (z B I)) K S))))
x (v24 z K (S (B (K x))) K (I (z (z (B B (v30 S))) v19 (z (z B) (B K v5 v3 K (z B I)) K S))))
x (v24 z K (S (B (K x))) K (z (z (B B (v30 S))) v19 (z (z B) (B K v5 v3 K (z B I)) K S)))
x (v24 z K (S (B (K x))) K (z (z (B B (v30 S))) v19 (z (z B) (K (v5 v3) K (z B I)) K S)))
x (v24 z K (S (B (K x))) K (z (z (B B (v30 S))) v19 (z (z B) (v5 v3 (z B I)) K S)))
S (I z (I S I (v8 K)) z) (I (B (x x K (v23 S) (v7 (v10 I) S) x))) (z (x (S (x B))) (z (K (x (S (K (S x)) x K (z x))) B) K)) (z B (x (z B z (S (S S) (S I) I z)) v12 (z x (B z))))
I z (I S I (v8 K)) z (z (x (S (x B))) (z (K (x (S (K (S x)) x K (z x))) B) K)) (I (B (x x K (v23 S) (v7 (v10 I) S) x)) (z (x (S (x B))) (z (K (x (S (K (S x)) x K (z x))) B) K))) (z B (x (z B z (S (S S) (S I) I z)) v12 (z x (B z))))
z (I S I (v8 K)) z (z (x (S (x B))) (z (K (x (S (K (S x)) x K (z x))) B) K)) (I (B (x x K (v23 S) (v7 (v10 I) S) x)) (z (x (S (x B))) (z (K (x (S (K (S x)) x K (z x))) B) K))) (z B (x (z B z (S (S S) (S I) I z)) v12 (z x (B z))))
z (S I (v8 K)) z (z (x (S (x B))) (z (K (x (S (K (S x)) x K (z x))) B) K)) (I (B (x x K (v23 S) (v7 (v10 I) S) x)) (z (x (S (x B))) (z (K (x (S (K (S x)) x K (z x))) B) K))) (z B (x (z B z (S (S S) (S I) I z)) v12 (z x (B z))))
z (S I (v8 K)) z (z (x (S (x B))) (z (x (S (K (S x)) x K (z x))) K)) (I (B (x x K (v23 S) (v7 (v10 I) S) x)) (z (x (S (x B))) (z (K (x (S (K (S x)) x K (z x))) B) K))) (z B (x (z B z (S (S S) (S I) I z)) v12 (z x (B z))))
z (S I (v8 K)) z (z (x (S (x B))) (z (x (K (S x) K (x K) (z x))) K)) (I (B (x x K (v23 S) (v7 (v10 I) S) x)) (z (x (S (x B))) (z (K (x (S (K (S x)) x K (z x))) B) K))) (z B (x (z B z (S (S S) (S I) I z)) v12 (z x (B z))))
z (S I (v8 K)) z (z (x (S (x B))) (z (x (S x (x K) (z x))) K)) (I (B (x x K (v23 S) (v7 (v10 I) S) x)) (z (x (S (x B))) (z (K (x (S (K (S x)) x K (z x))) B) K))) (z B (x (z B z (S (S S) (S I) I z)) v12 (z x (B z))))
z (S I (v8 K)) z (z (x (S (x B))) (z (x (x (z x) (x K (z x)))) K)) (I (B (x x K (v23 S) (v7 (v10 I) S) x)) (z (x (S (x B))) (z (K (x (S (K (S x)) x K (z x))) B) K))) (z B (x (z B z (S (S S) (S I) I z)) v12 (z x (B z))))
z (S I (v8 K)) z (z (x (S (x B))) (z (x (x (z x) (x K (z x)))) K)) (B (x x K (v23 S) (v7 (v10 I) S) x) (z (x (S (x B))) (z (K (x (S (K (S x)) x K (z x))) B) K))) (z B (x (z B z (S (S S) (S I) I z)) v12 (z x (B z))))
z (S I (v8 K)) z (z (x (S (x B))) (z (x (x (z x) (x K (z x)))) K)) (B (x x K (v23 S) (v7 (v10 I) S) x) (z (x (S (x B))) (z (x (S (K (S x)) x K (z x))) K))) (z B (x (z B z (S (S S) (S I) I z)) v12 (z x (B z))))
z (S I (v8 K)) z (z (x (S (x B))) (z (x (x (z x) (x K (z x)))) K)) (B (x x K (v23 S) (v7 (v10 I) S) x) (z (x (S (x B))) (z (x (K (S x) K (x K) (z x))) K))) (z B (x (z B z (S (S S) (S I) I z)) v12 (z x (B z))))
z (S I (v8 K)) z (z (x (S (x B))) (z (x (x (z x) (x K (z x)))) K)) (B (x x K (v23 S) (v7 (v10 I) S) x) (z (x (S (x B))) (z (x (S x (x K) (z x))) K))) (z B (x (z B z (S (S S) (S I) I z)) v12 (z x (B z))))
z (S I (v8 K)) z (z (x (S (x B))) (z (x (x (z x) (x K (z x)))) K)) (B (x x K (v23 S) (v7 (v10 I) S) x) (z (x (S (x B))) (z (x (x (z x) (x K (z x)))) K))) (z B (x (z B z (S (S S) (S I) I z)) v12 (z x (B z))))
z (S I (v8 K)) z (z (x (S (x B))) (z (x (x (z x) (x K (z x)))) K)) (B (x x K (v23 S) (v7 (v10 I) S) x) (z (x (S (x B))) (z (x (x (z x) (x K (z x)))) K))) (z B (x (z B z (S S I (S I I) z)) v12 (z x (B z))))
z (S I (v8 K)) z (z (x (S (x B))) (z (x (x (z x) (x K (z x)))) K)) (B (x x K (v23 S) (v7 (v10 I) S) x) (z (x (S (x B))) (z (x (x (z x) (x K (z x)))) K))) (z B (x (z B z (S (S I I) (I (S I I)) z)) v12 (z x (B z))))
z (S I (v8 K)) z (z (x (S (x B))) (z (x (x (z x) (x K (z x)))) K)) (B (x x K (v23 S) (v7 (v10 I) S) x) (z (x (S (x B))) (z (x (x (z x) (x K (z x)))) K))) (z B (x (z B z (S I I z (I (S I I) z))) v12 (z x (B z))))
z (S I (v8 K)) z (z (x (S (x B))) (z (x (x (z x) (x K (z x)))) K)) (B (x x K (v23 S) (v7 (v10 I) S) x) (z (x (S (x B))) (z (x (x (z x) (x K (z x)))) K))) (z B (x (z B z (I z (I z) (I (S I I) z))) v12 (z x (B z))))
z (S I (v8 K)) z (z (x (S (x B))) (z (x (x (z x) (x K (z x)))) K)) (B (x x K (v23 S) (v7 (v10 I) S) x) (z (x (S (x B))) (z (x (x (z x) (x K (z x)))) K))) (z B (x (z B z (z (I z) (I (S I I) z))) v12 (z x (B z))))
z (S I (v8 K)) z (z (x (S (x B))) (z (x (x (z x) (x K (z x)))) K)) (B (x x K (v23 S) (v7 (v10 I) S) x) (z (x (S (x B))) (z (x (x (z x) (x K (z x)))) K))) (z B (x (z B z (z z (I (S I I) z))) v12 (z x (B z))))
z (S I (v8 K)) z (z (x (S (x B))) (z (x (x (z x) (x K (z x)))) K)) (B (x x K (v23 S) (v7 (v10 I) S) x) (z (x (S (x B))) (z (x (x (z x) (x K (z x)))) K))) (z B (x (z B z (z z (S I I z))) v12 (z x (B z))))
z (S I (v8 K)) z (z (x (S (x B))) (z (x (x (z x) (x K (z x)))) K)) (B (x x K (v23 S) (v7 (v10 I) S) x) (z (x (S (x B))) (z (x (x (z x) (x K (z x)))) K))) (z B (x (z B z (z z (I z (I z)))) v12 (z x (B z))))
z (S I (v8 K)) z (z (x (S (x B))) (z (x (x (z x) (x K (z x)))) K)) (B (x x K (v23 S) (v7 (v10 I) S) x) (z (x (S (x B))) (z (x (x (z x) (x K (z x)))) K))) (z B (x (z B z (z z (z (I z)))) v12 (z x (B z))))
z (S I (v8 K)) z (z (x (S (x B))) (z (x (x (z x) (x K (z x)))) K)) (B (x x K (v23 S) (v7 (v10 I) S) x) (z (x (S (x B))) (z (x (x (z x) (x K (z x)))) K))) (z B (x (z B z (z z (z z))) v12 (z x (B z))))
v16 (I (z K (I K I)) x)
v16 (z K (I K I) x)
v16 (z K (K I) x)
S z I x K x (S v18 (B (K (S B S)) B)) (v4 (x (I (B v24 S) K x) x K)) (I (x (B (S K x (K (S (K z))))) x))
z x (I x) K x (S v18 (B (K (S B S)) B)) (v4 (x (I (B v24 S) K x) x K)) (I (x (B (S K x (K (S (K z))))) x))
z x x K x (S v18 (B (K (S B S)) B)) (v4 (x (I (B v24 S) K x) x K)) (I (x (B (S K x (K (S (K z))))) x))
z x x K x (S v18 (B (K (S B S)) B)) (v4 (x (B v24 S K x) x K)) (I (x (B (S K x (K (S (K z))))) x))
z x x K x (S v18 (B (K (S B S)) B)) (v4 (x (v24 (S K) x) x K)) (I (x (B (S K x (K (S (K z))))) x))
z x x K x (S v18 (B (K (S B S)) B)) (v4 (x (v24 (S K) x) x K)) (x (B (S K x (K (S (K z))))) x)
z x x K x (S v18 (B (K (S B S)) B)) (v4 (x (v24 (S K) x) x K)) (x (B (K (K (S (K z))) (x (K (S (K z)))))) x)
z x x K x (S v18 (B (K (S B S)) B)) (v4 (x (v24 (S K) x) x K)) (x (B (K (S (K z)))) x)
v7
v3 (K z (K (S x (B (z B x)))))
v3 z
B (S (x x (I (x I)) (B v23) (B (x B x)))) (x (v18 x) (I (z v26) (v2 x) (S v8 (K (v26 z (I S) (K (S v4) x)))))) (v18 (x (I K K (I S) (x K (K (z K))))) K)
S (x x (I (x I)) (B v23) (B (x B x))) (x (v18 x) (I (z v26) (v2 x) (S v8 (K (v26 z (I S) (K (S v4) x))))) (v18 (x (I K K (I S) (x K (K (z K))))) K))
S (x x (x I) (B v23) (B (x B x))) (x (v18 x) (I (z v26) (v2 x) (S v8 (K (v26 z (I S) (K (S v4) x))))) (v18 (x (I K K (I S) (x K (K (z K))))) K))
S (x x (x I) (B v23) (B (x B x))) (x (v18 x) (z v26 (v2 x) (S v8 (K (v26 z (I S) (K (S v4) x))))) (v18 (x (I K K (I S) (x K (K (z K))))) K))
S (x x (x I) (B v23) (B (x B x))) (x (v18 x) (z v26 (v2 x) (S v8 (K (v26 z S (K (S v4) x))))) (v18 (x (I K K (I S) (x K (K (z K))))) K))
S (x x (x I) (B v23) (B (x B x))) (x (v18 x) (z v26 (v2 x) (S v8 (K (v26 z S (S v4))))) (v18 (x (I K K (I S) (x K (K (z K))))) K))
S (x x (x I) (B v23) (B (x B x))) (x (v18 x) (z v26 (v2 x) (S v8 (K (v26 z S (S v4))))) (v18 (x (K K (I S) (x K (K (z K))))) K))
S (x x (x I) (B v23) (B (x B x))) (x (v18 x) (z v26 (v2 x) (S v8 (K (v26 z S (S v4))))) (v18 (x (K (x K (K (z K))))) K))
