x
K
x (x S I (I v25 (K (v4 K K))) (z K K) S) v3
x (x S I (v25 (K (v4 K K))) (z K K) S) v3
S
B K (v5 (x (v21 B)) z) (z z) I (z S (B (K (I B z B) (B S S B K))) z) (S S (x (I (x (S (x (B (S (S (K S)))))))) (B K (K (I S))) (S (x (I I)) v28 (S B (I (x I I) z) x I))))
K (v5 (x (v21 B)) z (z z)) I (z S (B (K (I B z B) (B S S B K))) z) (S S (x (I (x (S (x (B (S (S (K S)))))))) (B K (K (I S))) (S (x (I I)) v28 (S B (I (x I I) z) x I))))
v5 (x (v21 B)) z (z z) (z S (B (K (I B z B) (B S S B K))) z) (S S (x (I (x (S (x (B (S (S (K S)))))))) (B K (K (I S))) (S (x (I I)) v28 (S B (I (x I I) z) x I))))
v5 (x (v21 B)) z (z z) (z S (B (I B z B)) z) (S S (x (I (x (S (x (B (S (S (K S)))))))) (B K (K (I S))) (S (x (I I)) v28 (S B (I (x I I) z) x I))))
v5 (x (v21 B)) z (z z) (z S (B (B z B)) z) (S S (x (I (x (S (x (B (S (S (K S)))))))) (B K (K (I S))) (S (x (I I)) v28 (S B (I (x I I) z) x I))))
v5 (x (v21 B)) z (z z) (z S (B (B z B)) z) (S S (x (x (S (x (B (S (S (K S))))))) (B K (K (I S))) (S (x (I I)) v28 (S B (I (x I I) z) x I))))
v5 (x (v21 B)) z (z z) (z S (B (B z B)) z) (S S (x (x (S (x (B (S (S (K S))))))) (B K (K S)) (S (x (I I)) v28 (S B (I (x I I) z) x I))))
v5 (x (v21 B)) z (z z) (z S (B (B z B)) z) (S S (x (x (S (x (B (S (S (K S))))))) (B K (K S)) (x (I I) (S B (I (x I I) z) x I) (v28 (S B (I (x I I) z) x I)))))
v5 (x (v21 B)) z (z z) (z S (B (B z B)) z) (S S (x (x (S (x (B (S (S (K S))))))) (B K (K S)) (x I (S B (I (x I I) z) x I) (v28 (S B (I (x I I) z) x I)))))
v5 (x (v21 B)) z (z z) (z S (B (B z B)) z) (S S (x (x (S (x (B (S (S (K S))))))) (B K (K S)) (x I (B x (I (x I I) z x) I) (v28 (S B (I (x I I) z) x I)))))
v5 (x (v21 B)) z (z z) (z S (B (B z B)) z) (S S (x (x (S (x (B (S (S (K S))))))) (B K (K S)) (x I (x (I (x I I) z x I)) (v28 (S B (I (x I I) z) x I)))))
v5 (x (v21 B)) z (z z) (z S (B (B z B)) z) (S S (x (x (S (x (B (S (S (K S))))))) (B K (K S)) (x I (x (x I I z x I)) (v28 (S B (I (x I I) z) x I)))))
v5 (x (v21 B)) z (z z) (z S (B (B z B)) z) (S S (x (x (S (x (B (S (S (K S))))))) (B K (K S)) (x I (x (x I I z x I)) (v28 (B x (I (x I I) z x) I)))))
v5 (x (v21 B)) z (z z) (z S (B (B z B)) z) (S S (x (x (S (x (B (S (S (K S))))))) (B K (K S)) (x I (x (x I I z x I)) (v28 (x (I (x I I) z x I))))))
v5 (x (v21 B)) z (z z) (z S (B (B z B)) z) (S S (x (x (S (x (B (S (S (K S))))))) (B K (K S)) (x I (x (x I I z x I)) (v28 (x (x I I z x I))))))
B x K
I (B S I z) z (x v1 (K (v9 K) (v23 (I (I (x I))) K) (v27 (S (z (z S (B B))))) (x (v22 x) (I (I K (I (K B)) x))) (B B S x (B v21 (B I)) (z I) (v18 B))))
B S I z z (x v1 (K (v9 K) (v23 (I (I (x I))) K) (v27 (S (z (z S (B B))))) (x (v22 x) (I (I K (I (K B)) x))) (B B S x (B v21 (B I)) (z I) (v18 B))))
S (I z) z (x v1 (K (v9 K) (v23 (I (I (x I))) K) (v27 (S (z (z S (B B))))) (x (v22 x) (I (I K (I (K B)) x))) (B B S x (B v21 (B I)) (z I) (v18 B))))
I z (x v1 (K (v9 K) (v23 (I (I (x I))) K) (v27 (S (z (z S (B B))))) (x (v22 x) (I (I K (I (K B)) x))) (B B S x (B v21 (B I)) (z I) (v18 B)))) (z (x v1 (K (v9 K) (v23 (I (I (x I))) K) (v27 (S (z (z S (B B))))) (x (v22 x) (I (I K (I (K B)) x))) (B B S x (B v21 (B I)) (z I) (v18 B)))))
z (x v1 (K (v9 K) (v23 (I (I (x I))) K) (v27 (S (z (z S (B B))))) (x (v22 x) (I (I K (I (K B)) x))) (B B S x (B v21 (B I)) (z I) (v18 B)))) (z (x v1 (K (v9 K) (v23 (I (I (x I))) K) (v27 (S (z (z S (B B))))) (x (v22 x) (I (I K (I (K B)) x))) (B B S x (B v21 (B I)) (z I) (v18 B)))))
z (x v1 (v9 K (v27 (S (z (z S (B B))))) (x (v22 x) (I (I K (I (K B)) x))) (B B S x (B v21 (B I)) (z I) (v18 B)))) (z (x v1 (K (v9 K) (v23 (I (I (x I))) K) (v27 (S (z (z S (B B))))) (x (v22 x) (I (I K (I (K B)) x))) (B B S x (B v21 (B I)) (z I) (v18 B)))))
z (x v1 (v9 K (v27 (S (z (z S (B B))))) (x (v22 x) (I K (I (K B)) x)) (B B S x (B v21 (B I)) (z I) (v18 B)))) (z (x v1 (K (v9 K) (v23 (I (I (x I))) K) (v27 (S (z (z S (B B))))) (x (v22 x) (I (I K (I (K B)) x))) (B B S x (B v21 (B I)) (z I) (v18 B)))))
z (x v1 (v9 K (v27 (S (z (z S (B B))))) (x (v22 x) (K (I (K B)) x)) (B B S x (B v21 (B I)) (z I) (v18 B)))) (z (x v1 (K (v9 K) (v23 (I (I (x I))) K) (v27 (S (z (z S (B B))))) (x (v22 x) (I (I K (I (K B)) x))) (B B S x (B v21 (B I)) (z I) (v18 B)))))
z (x v1 (v9 K (v27 (S (z (z S (B B))))) (x (v22 x) (I (K B))) (B B S x (B v21 (B I)) (z I) (v18 B)))) (z (x v1 (K (v9 K) (v23 (I (I (x I))) K) (v27 (S (z (z S (B B))))) (x (v22 x) (I (I K (I (K B)) x))) (B B S x (B v21 (B I)) (z I) (v18 B)))))
z (x v1 (v9 K (v27 (S (z (z S (B B))))) (x (v22 x) (K B)) (B B S x (B v21 (B I)) (z I) (v18 B)))) (z (x v1 (K (v9 K) (v23 (I (I (x I))) K) (v27 (S (z (z S (B B))))) (x (v22 x) (I (I K (I (K B)) x))) (B B S x (B v21 (B I)) (z I) (v18 B)))))
z (x v1 (v9 K (v27 (S (z (z S (B B))))) (x (v22 x) (K B)) (B (S x) (B v21 (B I)) (z I) (v18 B)))) (z (x v1 (K (v9 K) (v23 (I (I (x I))) K) (v27 (S (z (z S (B B))))) (x (v22 x) (I (I K (I (K B)) x))) (B B S x (B v21 (B I)) (z I) (v18 B)))))
z (x v1 (v9 K (v27 (S (z (z S (B B))))) (x (v22 x) (K B)) (S x (B v21 (B I) (z I)) (v18 B)))) (z (x v1 (K (v9 K) (v23 (I (I (x I))) K) (v27 (S (z (z S (B B))))) (x (v22 x) (I (I K (I (K B)) x))) (B B S x (B v21 (B I)) (z I) (v18 B)))))
z (x v1 (v9 K (v27 (S (z (z S (B B))))) (x (v22 x) (K B)) (x (v18 B) (B v21 (B I) (z I) (v18 B))))) (z (x v1 (K (v9 K) (v23 (I (I (x I))) K) (v27 (S (z (z S (B B))))) (x (v22 x) (I (I K (I (K B)) x))) (B B S x (B v21 (B I)) (z I) (v18 B)))))
z (x v1 (v9 K (v27 (S (z (z S (B B))))) (x (v22 x) (K B)) (x (v18 B) (v21 (B I (z I)) (v18 B))))) (z (x v1 (K (v9 K) (v23 (I (I (x I))) K) (v27 (S (z (z S (B B))))) (x (v22 x) (I (I K (I (K B)) x))) (B B S x (B v21 (B I)) (z I) (v18 B)))))
z (x v1 (v9 K (v27 (S (z (z S (B B))))) (x (v22 x) (K B)) (x (v18 B) (v21 (B I (z I)) (v18 B))))) (z (x v1 (v9 K (v27 (S (z (z S (B B))))) (x (v22 x) (I (I K (I (K B)) x))) (B B S x (B v21 (B I)) (z I) (v18 B)))))
z (x v1 (v9 K (v27 (S (z (z S (B B))))) (x (v22 x) (K B)) (x (v18 B) (v21 (B I (z I)) (v18 B))))) (z (x v1 (v9 K (v27 (S (z (z S (B B))))) (x (v22 x) (I K (I (K B)) x)) (B B S x (B v21 (B I)) (z I) (v18 B)))))
z (x v1 (v9 K (v27 (S (z (z S (B B))))) (x (v22 x) (K B)) (x (v18 B) (v21 (B I (z I)) (v18 B))))) (z (x v1 (v9 K (v27 (S (z (z S (B B))))) (x (v22 x) (K (I (K B)) x)) (B B S x (B v21 (B I)) (z I) (v18 B)))))
z (x v1 (v9 K (v27 (S (z (z S (B B))))) (x (v22 x) (K B)) (x (v18 B) (v21 (B I (z I)) (v18 B))))) (z (x v1 (v9 K (v27 (S (z (z S (B B))))) (x (v22 x) (I (K B))) (B B S x (B v21 (B I)) (z I) (v18 B)))))
z (x v1 (v9 K (v27 (S (z (z S (B B))))) (x (v22 x) (K B)) (x (v18 B) (v21 (B I (z I)) (v18 B))))) (z (x v1 (v9 K (v27 (S (z (z S (B B))))) (x (v22 x) (K B)) (B B S x (B v21 (B I)) (z I) (v18 B)))))
z (x v1 (v9 K (v27 (S (z (z S (B B))))) (x (v22 x) (K B)) (x (v18 B) (v21 (B I (z I)) (v18 B))))) (z (x v1 (v9 K (v27 (S (z (z S (B B))))) (x (v22 x) (K B)) (B (S x) (B v21 (B I)) (z I) (v18 B)))))
z (x v1 (v9 K (v27 (S (z (z S (B B))))) (x (v22 x) (K B)) (x (v18 B) (v21 (B I (z I)) (v18 B))))) (z (x v1 (v9 K (v27 (S (z (z S (B B))))) (x (v22 x) (K B)) (S x (B v21 (B I) (z I)) (v18 B)))))
z (x v1 (v9 K (v27 (S (z (z S (B B))))) (x (v22 x) (K B)) (x (v18 B) (v21 (B I (z I)) (v18 B))))) (z (x v1 (v9 K (v27 (S (z (z S (B B))))) (x (v22 x) (K B)) (x (v18 B) (B v21 (B I) (z I) (v18 B))))))
z (x v1 (v9 K (v27 (S (z (z S (B B))))) (x (v22 x) (K B)) (x (v18 B) (v21 (B I (z I)) (v18 B))))) (z (x v1 (v9 K (v27 (S (z (z S (B B))))) (x (v22 x) (K B)) (x (v18 B) (v21 (B I (z I)) (v18 B))))))
K (I (S (v28 (z (I S S) K))) v10) (K S (z I) K B (I (z z)) z) (z (I x v27 z) x) (z I B (x (S z S) (B v4 S)) I) (S x (B z v28 K) (x (K I K)) (S (K (S K (B v8) (x B)))) (z (z B) z (B (B z) (I I) (B (B K)) v7) I (I S (I (B B (K v20 (x K) v15 S) x)))))
I (S (v28 (z (I S S) K))) v10 (z (I x v27 z) x) (z I B (x (S z S) (B v4 S)) I) (S x (B z v28 K) (x (K I K)) (S (K (S K (B v8) (x B)))) (z (z B) z (B (B z) (I I) (B (B K)) v7) I (I S (I (B B (K v20 (x K) v15 S) x)))))
S (v28 (z (I S S) K)) v10 (z (I x v27 z) x) (z I B (x (S z S) (B v4 S)) I) (S x (B z v28 K) (x (K I K)) (S (K (S K (B v8) (x B)))) (z (z B) z (B (B z) (I I) (B (B K)) v7) I (I S (I (B B (K v20 (x K) v15 S) x)))))
v28 (z (I S S) K) (z (I x v27 z) x) (v10 (z (I x v27 z) x)) (z I B (x (S z S) (B v4 S)) I) (S x (B z v28 K) (x (K I K)) (S (K (S K (B v8) (x B)))) (z (z B) z (B (B z) (I I) (B (B K)) v7) I (I S (I (B B (K v20 (x K) v15 S) x)))))
v28 (z (S S) K) (z (I x v27 z) x) (v10 (z (I x v27 z) x)) (z I B (x (S z S) (B v4 S)) I) (S x (B z v28 K) (x (K I K)) (S (K (S K (B v8) (x B)))) (z (z B) z (B (B z) (I I) (B (B K)) v7) I (I S (I (B B (K v20 (x K) v15 S) x)))))
v28 (z (S S) K) (z (x v27 z) x) (v10 (z (I x v27 z) x)) (z I B (x (S z S) (B v4 S)) I) (S x (B z v28 K) (x (K I K)) (S (K (S K (B v8) (x B)))) (z (z B) z (B (B z) (I I) (B (B K)) v7) I (I S (I (B B (K v20 (x K) v15 S) x)))))
v28 (z (S S) K) (z (x v27 z) x) (v10 (z (x v27 z) x)) (z I B (x (S z S) (B v4 S)) I) (S x (B z v28 K) (x (K I K)) (S (K (S K (B v8) (x B)))) (z (z B) z (B (B z) (I I) (B (B K)) v7) I (I S (I (B B (K v20 (x K) v15 S) x)))))
v28 (z (S S) K) (z (x v27 z) x) (v10 (z (x v27 z) x)) (z I B (x (S z S) (B v4 S)) I) (x (x (K I K)) (B z v28 K (x (K I K))) (S (K (S K (B v8) (x B)))) (z (z B) z (B (B z) (I I) (B (B K)) v7) I (I S (I (B B (K v20 (x K) v15 S) x)))))
v28 (z (S S) K) (z (x v27 z) x) (v10 (z (x v27 z) x)) (z I B (x (S z S) (B v4 S)) I) (x (x I) (B z v28 K (x (K I K))) (S (K (S K (B v8) (x B)))) (z (z B) z (B (B z) (I I) (B (B K)) v7) I (I S (I (B B (K v20 (x K) v15 S) x)))))
v28 (z (S S) K) (z (x v27 z) x) (v10 (z (x v27 z) x)) (z I B (x (S z S) (B v4 S)) I) (x (x I) (z (v28 K) (x (K I K))) (S (K (S K (B v8) (x B)))) (z (z B) z (B (B z) (I I) (B (B K)) v7) I (I S (I (B B (K v20 (x K) v15 S) x)))))
v28 (z (S S) K) (z (x v27 z) x) (v10 (z (x v27 z) x)) (z I B (x (S z S) (B v4 S)) I) (x (x I) (z (v28 K) (x I)) (S (K (S K (B v8) (x B)))) (z (z B) z (B (B z) (I I) (B (B K)) v7) I (I S (I (B B (K v20 (x K) v15 S) x)))))
v28 (z (S S) K) (z (x v27 z) x) (v10 (z (x v27 z) x)) (z I B (x (S z S) (B v4 S)) I) (x (x I) (z (v28 K) (x I)) (S (K (K (x B) (B v8 (x B))))) (z (z B) z (B (B z) (I I) (B (B K)) v7) I (I S (I (B B (K v20 (x K) v15 S) x)))))
v28 (z (S S) K) (z (x v27 z) x) (v10 (z (x v27 z) x)) (z I B (x (S z S) (B v4 S)) I) (x (x I) (z (v28 K) (x I)) (S (K (x B))) (z (z B) z (B (B z) (I I) (B (B K)) v7) I (I S (I (B B (K v20 (x K) v15 S) x)))))
v28 (z (S S) K) (z (x v27 z) x) (v10 (z (x v27 z) x)) (z I B (x (S z S) (B v4 S)) I) (x (x I) (z (v28 K) (x I)) (S (K (x B))) (z (z B) z (B z (I I (B (B K))) v7) I (I S (I (B B (K v20 (x K) v15 S) x)))))
v28 (z (S S) K) (z (x v27 z) x) (v10 (z (x v27 z) x)) (z I B (x (S z S) (B v4 S)) I) (x (x I) (z (v28 K) (x I)) (S (K (x B))) (z (z B) z (z (I I (B (B K)) v7)) I (I S (I (B B (K v20 (x K) v15 S) x)))))
v28 (z (S S) K) (z (x v27 z) x) (v10 (z (x v27 z) x)) (z I B (x (S z S) (B v4 S)) I) (x (x I) (z (v28 K) (x I)) (S (K (x B))) (z (z B) z (z (I (B (B K)) v7)) I (I S (I (B B (K v20 (x K) v15 S) x)))))
v28 (z (S S) K) (z (x v27 z) x) (v10 (z (x v27 z) x)) (z I B (x (S z S) (B v4 S)) I) (x (x I) (z (v28 K) (x I)) (S (K (x B))) (z (z B) z (z (B (B K) v7)) I (I S (I (B B (K v20 (x K) v15 S) x)))))
v28 (z (S S) K) (z (x v27 z) x) (v10 (z (x v27 z) x)) (z I B (x (S z S) (B v4 S)) I) (x (x I) (z (v28 K) (x I)) (S (K (x B))) (z (z B) z (z (B (B K) v7)) I (S (I (B B (K v20 (x K) v15 S) x)))))
v28 (z (S S) K) (z (x v27 z) x) (v10 (z (x v27 z) x)) (z I B (x (S z S) (B v4 S)) I) (x (x I) (z (v28 K) (x I)) (S (K (x B))) (z (z B) z (z (B (B K) v7)) I (S (B B (K v20 (x K) v15 S) x))))
v28 (z (S S) K) (z (x v27 z) x) (v10 (z (x v27 z) x)) (z I B (x (S z S) (B v4 S)) I) (x (x I) (z (v28 K) (x I)) (S (K (x B))) (z (z B) z (z (B (B K) v7)) I (S (B (K v20 (x K) v15 S x)))))
v28 (z (S S) K) (z (x v27 z) x) (v10 (z (x v27 z) x)) (z I B (x (S z S) (B v4 S)) I) (x (x I) (z (v28 K) (x I)) (S (K (x B))) (z (z B) z (z (B (B K) v7)) I (S (B (v20 v15 S x)))))
v18 (S (x z (z x))) B
z (x K (z (x z) I) B x z) (v29 (I (K K)) K) (z (v24 B) (v7 S) (x (K I (I S)) S) z K) S
z (x K (z (x z) I) B x z) (v29 (K K) K) (z (v24 B) (v7 S) (x (K I (I S)) S) z K) S
z (x K (z (x z) I) B x z) (v29 (K K) K) (z (v24 B) (v7 S) (x I S) z K) S
