x (B z I x (z (K B) B K x) I) K x (I B (I x) K x B (S (x (v8 (z v20))) (x (I z)))) (z S K K (v13 (S x)) (K (x (v8 v29) (v17 K S) z) I B (B (B v5) (v13 (v17 K)) B B (x z) (z (S B (v3 I))))))
x (z (I x) (z (K B) B K x) I) K x (I B (I x) K x B (S (x (v8 (z v20))) (x (I z)))) (z S K K (v13 (S x)) (K (x (v8 v29) (v17 K S) z) I B (B (B v5) (v13 (v17 K)) B B (x z) (z (S B (v3 I))))))
x (z x (z (K B) B K x) I) K x (I B (I x) K x B (S (x (v8 (z v20))) (x (I z)))) (z S K K (v13 (S x)) (K (x (v8 v29) (v17 K S) z) I B (B (B v5) (v13 (v17 K)) B B (x z) (z (S B (v3 I))))))
x (z x (z (K B) B K x) I) K x (B (I x) K x B (S (x (v8 (z v20))) (x (I z)))) (z S K K (v13 (S x)) (K (x (v8 v29) (v17 K S) z) I B (B (B v5) (v13 (v17 K)) B B (x z) (z (S B (v3 I))))))
x (z x (z (K B) B K x) I) K x (I x (K x) B (S (x (v8 (z v20))) (x (I z)))) (z S K K (v13 (S x)) (K (x (v8 v29) (v17 K S) z) I B (B (B v5) (v13 (v17 K)) B B (x z) (z (S B (v3 I))))))
x (z x (z (K B) B K x) I) K x (x (K x) B (S (x (v8 (z v20))) (x (I z)))) (z S K K (v13 (S x)) (K (x (v8 v29) (v17 K S) z) I B (B (B v5) (v13 (v17 K)) B B (x z) (z (S B (v3 I))))))
x (z x (z (K B) B K x) I) K x (x (K x) B (S (x (v8 (z v20))) (x z))) (z S K K (v13 (S x)) (K (x (v8 v29) (v17 K S) z) I B (B (B v5) (v13 (v17 K)) B B (x z) (z (S B (v3 I))))))
x (z x (z (K B) B K x) I) K x (x (K x) B (S (x (v8 (z v20))) (x z))) (z S K K (v13 (S x)) (x (v8 v29) (v17 K S) z B (B (B v5) (v13 (v17 K)) B B (x z) (z (S B (v3 I))))))
x (z x (z (K B) B K x) I) K x (x (K x) B (S (x (v8 (z v20))) (x z))) (z S K K (v13 (S x)) (x (v8 v29) (v17 K S) z B (B v5 (v13 (v17 K) B) B (x z) (z (S B (v3 I))))))
x (z x (z (K B) B K x) I) K x (x (K x) B (S (x (v8 (z v20))) (x z))) (z S K K (v13 (S x)) (x (v8 v29) (v17 K S) z B (v5 (v13 (v17 K) B B) (x z) (z (S B (v3 I))))))
v12 (I (K x)) (x I (K (v28 (K (K (B S I)))))) (B (S I x S) x (z (v14 (B (z (I S) B)) (x I)) z)) (B (S (x (x v7 (z (B K B (x v17))) B))) (I (B z (x (I B))) v7 I) z)
v12 (K x) (x I (K (v28 (K (K (B S I)))))) (B (S I x S) x (z (v14 (B (z (I S) B)) (x I)) z)) (B (S (x (x v7 (z (B K B (x v17))) B))) (I (B z (x (I B))) v7 I) z)
v12 (K x) (x I (K (v28 (K (K (B S I)))))) (S I x S (x (z (v14 (B (z (I S) B)) (x I)) z))) (B (S (x (x v7 (z (B K B (x v17))) B))) (I (B z (x (I B))) v7 I) z)
v12 (K x) (x I (K (v28 (K (K (B S I)))))) (I S (x S) (x (z (v14 (B (z (I S) B)) (x I)) z))) (B (S (x (x v7 (z (B K B (x v17))) B))) (I (B z (x (I B))) v7 I) z)
v12 (K x) (x I (K (v28 (K (K (B S I)))))) (S (x S) (x (z (v14 (B (z (I S) B)) (x I)) z))) (B (S (x (x v7 (z (B K B (x v17))) B))) (I (B z (x (I B))) v7 I) z)
v12 (K x) (x I (K (v28 (K (K (B S I)))))) (S (x S) (x (z (v14 (B (z S B)) (x I)) z))) (B (S (x (x v7 (z (B K B (x v17))) B))) (I (B z (x (I B))) v7 I) z)
v12 (K x) (x I (K (v28 (K (K (B S I)))))) (S (x S) (x (z (v14 (B (z S B)) (x I)) z))) (S (x (x v7 (z (B K B (x v17))) B)) (I (B z (x (I B))) v7 I z))
v12 (K x) (x I (K (v28 (K (K (B S I)))))) (S (x S) (x (z (v14 (B (z S B)) (x I)) z))) (S (x (x v7 (z (K (B (x v17)))) B)) (I (B z (x (I B))) v7 I z))
v12 (K x) (x I (K (v28 (K (K (B S I)))))) (S (x S) (x (z (v14 (B (z S B)) (x I)) z))) (S (x (x v7 (z (K (B (x v17)))) B)) (B z (x (I B)) v7 I z))
v12 (K x) (x I (K (v28 (K (K (B S I)))))) (S (x S) (x (z (v14 (B (z S B)) (x I)) z))) (S (x (x v7 (z (K (B (x v17)))) B)) (z (x (I B) v7) I z))
v12 (K x) (x I (K (v28 (K (K (B S I)))))) (S (x S) (x (z (v14 (B (z S B)) (x I)) z))) (S (x (x v7 (z (K (B (x v17)))) B)) (z (x B v7) I z))
S
K I (v19 I) B (B B) (S (B (K (B K) B (x B z (v30 (v23 S))))) (x (S K (S I B (S x z S) B (x x (S B S) B v26))))) (I (I (v21 v19) (x v30 (I I (B x K x S)) I (v0 (v8 K S x)) (B S x (B K B z)) (x (z (S B)) z S))))
I B (B B) (S (B (K (B K) B (x B z (v30 (v23 S))))) (x (S K (S I B (S x z S) B (x x (S B S) B v26))))) (I (I (v21 v19) (x v30 (I I (B x K x S)) I (v0 (v8 K S x)) (B S x (B K B z)) (x (z (S B)) z S))))
B (B B) (S (B (K (B K) B (x B z (v30 (v23 S))))) (x (S K (S I B (S x z S) B (x x (S B S) B v26))))) (I (I (v21 v19) (x v30 (I I (B x K x S)) I (v0 (v8 K S x)) (B S x (B K B z)) (x (z (S B)) z S))))
B B (S (B (K (B K) B (x B z (v30 (v23 S))))) (x (S K (S I B (S x z S) B (x x (S B S) B v26)))) (I (I (v21 v19) (x v30 (I I (B x K x S)) I (v0 (v8 K S x)) (B S x (B K B z)) (x (z (S B)) z S)))))
B B (B (K (B K) B (x B z (v30 (v23 S)))) (I (I (v21 v19) (x v30 (I I (B x K x S)) I (v0 (v8 K S x)) (B S x (B K B z)) (x (z (S B)) z S)))) (x (S K (S I B (S x z S) B (x x (S B S) B v26))) (I (I (v21 v19) (x v30 (I I (B x K x S)) I (v0 (v8 K S x)) (B S x (B K B z)) (x (z (S B)) z S))))))
B B (K (B K) B (x B z (v30 (v23 S))) (I (I (v21 v19) (x v30 (I I (B x K x S)) I (v0 (v8 K S x)) (B S x (B K B z)) (x (z (S B)) z S))) (x (S K (S I B (S x z S) B (x x (S B S) B v26))) (I (I (v21 v19) (x v30 (I I (B x K x S)) I (v0 (v8 K S x)) (B S x (B K B z)) (x (z (S B)) z S)))))))
B B (B K (x B z (v30 (v23 S))) (I (I (v21 v19) (x v30 (I I (B x K x S)) I (v0 (v8 K S x)) (B S x (B K B z)) (x (z (S B)) z S))) (x (S K (S I B (S x z S) B (x x (S B S) B v26))) (I (I (v21 v19) (x v30 (I I (B x K x S)) I (v0 (v8 K S x)) (B S x (B K B z)) (x (z (S B)) z S)))))))
B B (K (x B z (v30 (v23 S)) (I (I (v21 v19) (x v30 (I I (B x K x S)) I (v0 (v8 K S x)) (B S x (B K B z)) (x (z (S B)) z S))) (x (S K (S I B (S x z S) B (x x (S B S) B v26))) (I (I (v21 v19) (x v30 (I I (B x K x S)) I (v0 (v8 K S x)) (B S x (B K B z)) (x (z (S B)) z S))))))))
B B (K (x B z (v30 (v23 S)) (I (v21 v19) (x v30 (I I (B x K x S)) I (v0 (v8 K S x)) (B S x (B K B z)) (x (z (S B)) z S)) (x (S K (S I B (S x z S) B (x x (S B S) B v26))) (I (I (v21 v19) (x v30 (I I (B x K x S)) I (v0 (v8 K S x)) (B S x (B K B z)) (x (z (S B)) z S))))))))
B B (K (x B z (v30 (v23 S)) (v21 v19 (x v30 (I I (B x K x S)) I (v0 (v8 K S x)) (B S x (B K B z)) (x (z (S B)) z S)) (x (S K (S I B (S x z S) B (x x (S B S) B v26))) (I (I (v21 v19) (x v30 (I I (B x K x S)) I (v0 (v8 K S x)) (B S x (B K B z)) (x (z (S B)) z S))))))))
B B (K (x B z (v30 (v23 S)) (v21 v19 (x v30 (I (B x K x S)) I (v0 (v8 K S x)) (B S x (B K B z)) (x (z (S B)) z S)) (x (S K (S I B (S x z S) B (x x (S B S) B v26))) (I (I (v21 v19) (x v30 (I I (B x K x S)) I (v0 (v8 K S x)) (B S x (B K B z)) (x (z (S B)) z S))))))))
B B (K (x B z (v30 (v23 S)) (v21 v19 (x v30 (B x K x S) I (v0 (v8 K S x)) (B S x (B K B z)) (x (z (S B)) z S)) (x (S K (S I B (S x z S) B (x x (S B S) B v26))) (I (I (v21 v19) (x v30 (I I (B x K x S)) I (v0 (v8 K S x)) (B S x (B K B z)) (x (z (S B)) z S))))))))
B B (K (x B z (v30 (v23 S)) (v21 v19 (x v30 (x (K x) S) I (v0 (v8 K S x)) (B S x (B K B z)) (x (z (S B)) z S)) (x (S K (S I B (S x z S) B (x x (S B S) B v26))) (I (I (v21 v19) (x v30 (I I (B x K x S)) I (v0 (v8 K S x)) (B S x (B K B z)) (x (z (S B)) z S))))))))
B B (K (x B z (v30 (v23 S)) (v21 v19 (x v30 (x (K x) S) I (v0 (v8 K S x)) (S (x (B K B z))) (x (z (S B)) z S)) (x (S K (S I B (S x z S) B (x x (S B S) B v26))) (I (I (v21 v19) (x v30 (I I (B x K x S)) I (v0 (v8 K S x)) (B S x (B K B z)) (x (z (S B)) z S))))))))
B B (K (x B z (v30 (v23 S)) (v21 v19 (x v30 (x (K x) S) I (v0 (v8 K S x)) (S (x (K (B z)))) (x (z (S B)) z S)) (x (S K (S I B (S x z S) B (x x (S B S) B v26))) (I (I (v21 v19) (x v30 (I I (B x K x S)) I (v0 (v8 K S x)) (B S x (B K B z)) (x (z (S B)) z S))))))))
B B (K (x B z (v30 (v23 S)) (v21 v19 (x v30 (x (K x) S) I (v0 (v8 K S x)) (S (x (K (B z)))) (x (z (S B)) z S)) (x (S K (I (S x z S) (B (S x z S)) B (x x (S B S) B v26))) (I (I (v21 v19) (x v30 (I I (B x K x S)) I (v0 (v8 K S x)) (B S x (B K B z)) (x (z (S B)) z S))))))))
B B (K (x B z (v30 (v23 S)) (v21 v19 (x v30 (x (K x) S) I (v0 (v8 K S x)) (S (x (K (B z)))) (x (z (S B)) z S)) (x (S K (S x z S (B (S x z S)) B (x x (S B S) B v26))) (I (I (v21 v19) (x v30 (I I (B x K x S)) I (v0 (v8 K S x)) (B S x (B K B z)) (x (z (S B)) z S))))))))
B B (K (x B z (v30 (v23 S)) (v21 v19 (x v30 (x (K x) S) I (v0 (v8 K S x)) (S (x (K (B z)))) (x (z (S B)) z S)) (x (S K (x S (z S) (B (S x z S)) B (x x (S B S) B v26))) (I (I (v21 v19) (x v30 (I I (B x K x S)) I (v0 (v8 K S x)) (B S x (B K B z)) (x (z (S B)) z S))))))))
B B (K (x B z (v30 (v23 S)) (v21 v19 (x v30 (x (K x) S) I (v0 (v8 K S x)) (S (x (K (B z)))) (x (z (S B)) z S)) (x (S K (x S (z S) (B (x S (z S))) B (x x (S B S) B v26))) (I (I (v21 v19) (x v30 (I I (B x K x S)) I (v0 (v8 K S x)) (B S x (B K B z)) (x (z (S B)) z S))))))))
B B (K (x B z (v30 (v23 S)) (v21 v19 (x v30 (x (K x) S) I (v0 (v8 K S x)) (S (x (K (B z)))) (x (z (S B)) z S)) (x (S K (x S (z S) (B (x S (z S))) B (x x (S B S) B v26))) (I (v21 v19) (x v30 (I I (B x K x S)) I (v0 (v8 K S x)) (B S x (B K B z)) (x (z (S B)) z S)))))))
B B (K (x B z (v30 (v23 S)) (v21 v19 (x v30 (x (K x) S) I (v0 (v8 K S x)) (S (x (K (B z)))) (x (z (S B)) z S)) (x (S K (x S (z S) (B (x S (z S))) B (x x (S B S) B v26))) (v21 v19 (x v30 (I I (B x K x S)) I (v0 (v8 K S x)) (B S x (B K B z)) (x (z (S B)) z S)))))))
B B (K (x B z (v30 (v23 S)) (v21 v19 (x v30 (x (K x) S) I (v0 (v8 K S x)) (S (x (K (B z)))) (x (z (S B)) z S)) (x (S K (x S (z S) (B (x S (z S))) B (x x (S B S) B v26))) (v21 v19 (x v30 (I (B x K x S)) I (v0 (v8 K S x)) (B S x (B K B z)) (x (z (S B)) z S)))))))
B B (K (x B z (v30 (v23 S)) (v21 v19 (x v30 (x (K x) S) I (v0 (v8 K S x)) (S (x (K (B z)))) (x (z (S B)) z S)) (x (S K (x S (z S) (B (x S (z S))) B (x x (S B S) B v26))) (v21 v19 (x v30 (B x K x S) I (v0 (v8 K S x)) (B S x (B K B z)) (x (z (S B)) z S)))))))
B B (K (x B z (v30 (v23 S)) (v21 v19 (x v30 (x (K x) S) I (v0 (v8 K S x)) (S (x (K (B z)))) (x (z (S B)) z S)) (x (S K (x S (z S) (B (x S (z S))) B (x x (S B S) B v26))) (v21 v19 (x v30 (x (K x) S) I (v0 (v8 K S x)) (B S x (B K B z)) (x (z (S B)) z S)))))))
B B (K (x B z (v30 (v23 S)) (v21 v19 (x v30 (x (K x) S) I (v0 (v8 K S x)) (S (x (K (B z)))) (x (z (S B)) z S)) (x (S K (x S (z S) (B (x S (z S))) B (x x (S B S) B v26))) (v21 v19 (x v30 (x (K x) S) I (v0 (v8 K S x)) (S (x (B K B z))) (x (z (S B)) z S)))))))
B B (K (x B z (v30 (v23 S)) (v21 v19 (x v30 (x (K x) S) I (v0 (v8 K S x)) (S (x (K (B z)))) (x (z (S B)) z S)) (x (S K (x S (z S) (B (x S (z S))) B (x x (S B S) B v26))) (v21 v19 (x v30 (x (K x) S) I (v0 (v8 K S x)) (S (x (K (B z)))) (x (z (S B)) z S)))))))
I (S (I (z (v24 (v7 (B (B B)) (x (B I)))))))
S (I (z (v24 (v7 (B (B B)) (x (B I))))))
S (z (v24 (v7 (B (B B)) (x (B I)))))
I K (S (z K (v13 (K K v20)) S (I (S (S x) B) z x) (S (x (x (S K (I v10 (K B v6))))) I)))
K (S (z K (v13 (K K v20)) S (I (S (S x) B) z x) (S (x (x (S K (I v10 (K B v6))))) I)))
K (S (z K (v13 K) S (I (S (S x) B) z x) (S (x (x (S K (I v10 (K B v6))))) I)))
K (S (z K (v13 K) S (S (S x) B z x) (S (x (x (S K (I v10 (K B v6))))) I)))
K (S (z K (v13 K) S (S x z (B z) x) (S (x (x (S K (I v10 (K B v6))))) I)))
K (S (z K (v13 K) S (x (B z) (z (B z)) x) (S (x (x (S K (I v10 (K B v6))))) I)))
K (S (z K (v13 K) S (x (B z) (z (B z)) x) (S (x (x (S K (v10 (K B v6))))) I)))
K (S (z K (v13 K) S (x (B z) (z (B z)) x) (S (x (x (S K (v10 B)))) I)))
S (B (B z v9 (S (x B v27)) K (B (v21 (x x) z x) z) z)) K
S (B (z (v9 (S (x B v27))) K (B (v21 (x x) z x) z) z)) K
K (S (B (K I z) z) (v3 (B z v30) (v17 K)) (v10 z K (B B) z (S (K S K I))) (B (B z) K)) I
S (B (K I z) z) (v3 (B z v30) (v17 K)) (v10 z K (B B) z (S (K S K I))) (B (B z) K)
B (K I z) z (v10 z K (B B) z (S (K S K I))) (v3 (B z v30) (v17 K) (v10 z K (B B) z (S (K S K I)))) (B (B z) K)
K I z (z (v10 z K (B B) z (S (K S K I)))) (v3 (B z v30) (v17 K) (v10 z K (B B) z (S (K S K I)))) (B (B z) K)
I (z (v10 z K (B B) z (S (K S K I)))) (v3 (B z v30) (v17 K) (v10 z K (B B) z (S (K S K I)))) (B (B z) K)
z (v10 z K (B B) z (S (K S K I))) (v3 (B z v30) (v17 K) (v10 z K (B B) z (S (K S K I)))) (B (B z) K)
z (v10 z K (B B) z (S (S I))) (v3 (B z v30) (v17 K) (v10 z K (B B) z (S (K S K I)))) (B (B z) K)
z (v10 z K (B B) z (S (S I))) (v3 (B z v30) (v17 K) (v10 z K (B B) z (S (S I)))) (B (B z) K)
S (z (B v16 (x B) S S (v1 (x z) K) (S (B S (x K (v13 v22 K))) v2) (z B (B v6) K (S (K x)) (B B (K v18 K S) (v20 (S S))))))
S (z (v16 (x B S) S (v1 (x z) K) (S (B S (x K (v13 v22 K))) v2) (z B (B v6) K (S (K x)) (B B (K v18 K S) (v20 (S S))))))
S (z (v16 (x B S) S (v1 (x z) K) (S (B S (x K (v13 v22 K))) v2) (z B (B v6) K (S (K x)) (B (K v18 K S (v20 (S S)))))))
S (z (v16 (x B S) S (v1 (x z) K) (S (B S (x K (v13 v22 K))) v2) (z B (B v6) K (S (K x)) (B (v18 S (v20 (S S)))))))
K
