I (K x) (I x K z) z B (B z (x K) (z (K S)) K (K (I (S (S v3) B) S) (I (I (B (I K (S (K x z (I (x v19) I)) K)))) z (S (B K (B v23) (B I) z))))) (B S (K x) (x (x (z x)) (S S) (x (B (I (z B) (z S (v2 x)) v2) (B (x K) B K (I B v3 I)))) (B x x S (x (B K) K))))
K x (I x K z) z B (B z (x K) (z (K S)) K (K (I (S (S v3) B) S) (I (I (B (I K (S (K x z (I (x v19) I)) K)))) z (S (B K (B v23) (B I) z))))) (B S (K x) (x (x (z x)) (S S) (x (B (I (z B) (z S (v2 x)) v2) (B (x K) B K (I B v3 I)))) (B x x S (x (B K) K))))
x z B (B z (x K) (z (K S)) K (K (I (S (S v3) B) S) (I (I (B (I K (S (K x z (I (x v19) I)) K)))) z (S (B K (B v23) (B I) z))))) (B S (K x) (x (x (z x)) (S S) (x (B (I (z B) (z S (v2 x)) v2) (B (x K) B K (I B v3 I)))) (B x x S (x (B K) K))))
x z B (z (x K (z (K S))) K (K (I (S (S v3) B) S) (I (I (B (I K (S (K x z (I (x v19) I)) K)))) z (S (B K (B v23) (B I) z))))) (B S (K x) (x (x (z x)) (S S) (x (B (I (z B) (z S (v2 x)) v2) (B (x K) B K (I B v3 I)))) (B x x S (x (B K) K))))
x z B (z (x K (z (K S))) K (I (S (S v3) B) S)) (B S (K x) (x (x (z x)) (S S) (x (B (I (z B) (z S (v2 x)) v2) (B (x K) B K (I B v3 I)))) (B x x S (x (B K) K))))
x z B (z (x K (z (K S))) K (S (S v3) B S)) (B S (K x) (x (x (z x)) (S S) (x (B (I (z B) (z S (v2 x)) v2) (B (x K) B K (I B v3 I)))) (B x x S (x (B K) K))))
x z B (z (x K (z (K S))) K (S v3 S (B S))) (B S (K x) (x (x (z x)) (S S) (x (B (I (z B) (z S (v2 x)) v2) (B (x K) B K (I B v3 I)))) (B x x S (x (B K) K))))
x z B (z (x K (z (K S))) K (v3 (B S) (S (B S)))) (B S (K x) (x (x (z x)) (S S) (x (B (I (z B) (z S (v2 x)) v2) (B (x K) B K (I B v3 I)))) (B x x S (x (B K) K))))
x z B (z (x K (z (K S))) K (v3 (B S) (S (B S)))) (S (K x (x (x (z x)) (S S) (x (B (I (z B) (z S (v2 x)) v2) (B (x K) B K (I B v3 I)))) (B x x S (x (B K) K)))))
x z B (z (x K (z (K S))) K (v3 (B S) (S (B S)))) (S x)
v10 v14 z (v10 S (B (K (v23 (K v8) B) z)) z) B x
v10 v14 z (v10 S (B (v23 (K v8) B)) z) B x
K
S v28 (K K) (v5 (I (K v13 (S B) S))) B (v25 z)
v28 (v5 (I (K v13 (S B) S))) (K K (v5 (I (K v13 (S B) S)))) B (v25 z)
v28 (v5 (K v13 (S B) S)) (K K (v5 (I (K v13 (S B) S)))) B (v25 z)
v28 (v5 (v13 S)) (K K (v5 (I (K v13 (S B) S)))) B (v25 z)
v28 (v5 (v13 S)) K B (v25 z)
z (z (I (z (v8 (K (v12 (v18 v10 (v23 (K x)))))))) (z (I K) (z (I (v21 (S v30)) v24)) K) (z v26)) (x (v14 (z K) (x (K (B B v20 v17))) S) S (I (K z) (I z))) (v19 z (B v3 S))
z (z (z (v8 (K (v12 (v18 v10 (v23 (K x))))))) (z (I K) (z (I (v21 (S v30)) v24)) K) (z v26)) (x (v14 (z K) (x (K (B B v20 v17))) S) S (I (K z) (I z))) (v19 z (B v3 S))
z (z (z (v8 (K (v12 (v18 v10 (v23 (K x))))))) (z K (z (I (v21 (S v30)) v24)) K) (z v26)) (x (v14 (z K) (x (K (B B v20 v17))) S) S (I (K z) (I z))) (v19 z (B v3 S))
z (z (z (v8 (K (v12 (v18 v10 (v23 (K x))))))) (z K (z (v21 (S v30) v24)) K) (z v26)) (x (v14 (z K) (x (K (B B v20 v17))) S) S (I (K z) (I z))) (v19 z (B v3 S))
z (z (z (v8 (K (v12 (v18 v10 (v23 (K x))))))) (z K (z (v21 (S v30) v24)) K) (z v26)) (x (v14 (z K) (x (K (B (v20 v17)))) S) S (I (K z) (I z))) (v19 z (B v3 S))
z (z (z (v8 (K (v12 (v18 v10 (v23 (K x))))))) (z K (z (v21 (S v30) v24)) K) (z v26)) (x (v14 (z K) (x (K (B (v20 v17)))) S) S (K z (I z))) (v19 z (B v3 S))
z (z (z (v8 (K (v12 (v18 v10 (v23 (K x))))))) (z K (z (v21 (S v30) v24)) K) (z v26)) (x (v14 (z K) (x (K (B (v20 v17)))) S) S z) (v19 z (B v3 S))
I (S S (S (K (v25 K)) (x B) K (z (S (B (x (S v3))) K S)) (K (S S) B (S z (x S))) S)) (z K v15 (S (B (z (z x) I B v16 (x B)) (K (I (I K))))) (v22 I))
S S (S (K (v25 K)) (x B) K (z (S (B (x (S v3))) K S)) (K (S S) B (S z (x S))) S) (z K v15 (S (B (z (z x) I B v16 (x B)) (K (I (I K))))) (v22 I))
S (z K v15 (S (B (z (z x) I B v16 (x B)) (K (I (I K))))) (v22 I)) (S (K (v25 K)) (x B) K (z (S (B (x (S v3))) K S)) (K (S S) B (S z (x S))) S (z K v15 (S (B (z (z x) I B v16 (x B)) (K (I (I K))))) (v22 I)))
S (z K v15 (S (B (z (z x) I B v16 (x B)) (K (I K)))) (v22 I)) (S (K (v25 K)) (x B) K (z (S (B (x (S v3))) K S)) (K (S S) B (S z (x S))) S (z K v15 (S (B (z (z x) I B v16 (x B)) (K (I (I K))))) (v22 I)))
S (z K v15 (S (B (z (z x) I B v16 (x B)) (K K))) (v22 I)) (S (K (v25 K)) (x B) K (z (S (B (x (S v3))) K S)) (K (S S) B (S z (x S))) S (z K v15 (S (B (z (z x) I B v16 (x B)) (K (I (I K))))) (v22 I)))
S (z K v15 (S (B (z (z x) I B v16 (x B)) (K K))) (v22 I)) (K (v25 K) K (x B K) (z (S (B (x (S v3))) K S)) (K (S S) B (S z (x S))) S (z K v15 (S (B (z (z x) I B v16 (x B)) (K (I (I K))))) (v22 I)))
S (z K v15 (S (B (z (z x) I B v16 (x B)) (K K))) (v22 I)) (v25 K (x B K) (z (S (B (x (S v3))) K S)) (K (S S) B (S z (x S))) S (z K v15 (S (B (z (z x) I B v16 (x B)) (K (I (I K))))) (v22 I)))
S (z K v15 (S (B (z (z x) I B v16 (x B)) (K K))) (v22 I)) (v25 K (x B K) (z (B (x (S v3)) S (K S))) (K (S S) B (S z (x S))) S (z K v15 (S (B (z (z x) I B v16 (x B)) (K (I (I K))))) (v22 I)))
S (z K v15 (S (B (z (z x) I B v16 (x B)) (K K))) (v22 I)) (v25 K (x B K) (z (x (S v3) (S (K S)))) (K (S S) B (S z (x S))) S (z K v15 (S (B (z (z x) I B v16 (x B)) (K (I (I K))))) (v22 I)))
S (z K v15 (S (B (z (z x) I B v16 (x B)) (K K))) (v22 I)) (v25 K (x B K) (z (x (S v3) (S (K S)))) (S S (S z (x S))) S (z K v15 (S (B (z (z x) I B v16 (x B)) (K (I (I K))))) (v22 I)))
S (z K v15 (S (B (z (z x) I B v16 (x B)) (K K))) (v22 I)) (v25 K (x B K) (z (x (S v3) (S (K S)))) (S S (S z (x S))) S (z K v15 (S (B (z (z x) I B v16 (x B)) (K (I K)))) (v22 I)))
S (z K v15 (S (B (z (z x) I B v16 (x B)) (K K))) (v22 I)) (v25 K (x B K) (z (x (S v3) (S (K S)))) (S S (S z (x S))) S (z K v15 (S (B (z (z x) I B v16 (x B)) (K K))) (v22 I)))
z (x (x (z K) (S x (K (S (x (S x x B))))) B)) v3 (K z (v17 B) B x)
z (x (x (z K) (S x (K (S (x (x B (x B)))))) B)) v3 (K z (v17 B) B x)
z (x (x (z K) (S x (K (S (x (x B (x B)))))) B)) v3 (z B x)
v7
S (z (K K)) (I (S v11))
S (z (K K)) (S v11)
v17 (z K) (z x) v16 S (B z) (z (x (z (K K) z)) (K (z (z I)) z) (v17 (I (x B S))) I) (z (z I I) (I (I K K) (I I B (K K v20) K) K)) (K (z (x x)) (B (v27 (S K)) x) (S (z (K (v7 x (S I) x x))) (z S B) z) (B (v5 z)))
v17 (z K) (z x) v16 S (B z) (z (x (z (K K) z)) (z (z I)) (v17 (I (x B S))) I) (z (z I I) (I (I K K) (I I B (K K v20) K) K)) (K (z (x x)) (B (v27 (S K)) x) (S (z (K (v7 x (S I) x x))) (z S B) z) (B (v5 z)))
v17 (z K) (z x) v16 S (B z) (z (x (z (K K) z)) (z (z I)) (v17 (x B S)) I) (z (z I I) (I (I K K) (I I B (K K v20) K) K)) (K (z (x x)) (B (v27 (S K)) x) (S (z (K (v7 x (S I) x x))) (z S B) z) (B (v5 z)))
v17 (z K) (z x) v16 S (B z) (z (x (z (K K) z)) (z (z I)) (v17 (x B S)) I) (z (z I I) (I K K (I I B (K K v20) K) K)) (K (z (x x)) (B (v27 (S K)) x) (S (z (K (v7 x (S I) x x))) (z S B) z) (B (v5 z)))
v17 (z K) (z x) v16 S (B z) (z (x (z (K K) z)) (z (z I)) (v17 (x B S)) I) (z (z I I) (K K (I I B (K K v20) K) K)) (K (z (x x)) (B (v27 (S K)) x) (S (z (K (v7 x (S I) x x))) (z S B) z) (B (v5 z)))
v17 (z K) (z x) v16 S (B z) (z (x (z (K K) z)) (z (z I)) (v17 (x B S)) I) (z (z I I) (K K)) (K (z (x x)) (B (v27 (S K)) x) (S (z (K (v7 x (S I) x x))) (z S B) z) (B (v5 z)))
v17 (z K) (z x) v16 S (B z) (z (x (z (K K) z)) (z (z I)) (v17 (x B S)) I) (z (z I I) (K K)) (z (x x) (S (z (K (v7 x (S I) x x))) (z S B) z) (B (v5 z)))
v17 (z K) (z x) v16 S (B z) (z (x (z (K K) z)) (z (z I)) (v17 (x B S)) I) (z (z I I) (K K)) (z (x x) (z (K (v7 x (S I) x x)) z (z S B z)) (B (v5 z)))
