z
x S x (x (S z z (x K) (S v4) (B (v4 I (I x)))) I (v12 (I K I v12) I v11 (B I v22 (K z z)) v3) (B (v27 B I v27)) (v2 S z)) (z I x (z (v9 (z x))) (z (x (I (x z) v14))) I)
x S x (x (z (x K) (z (x K)) (S v4) (B (v4 I (I x)))) I (v12 (I K I v12) I v11 (B I v22 (K z z)) v3) (B (v27 B I v27)) (v2 S z)) (z I x (z (v9 (z x))) (z (x (I (x z) v14))) I)
x S x (x (z (x K) (z (x K)) (S v4) (B (v4 I x))) I (v12 (I K I v12) I v11 (B I v22 (K z z)) v3) (B (v27 B I v27)) (v2 S z)) (z I x (z (v9 (z x))) (z (x (I (x z) v14))) I)
x S x (x (z (x K) (z (x K)) (S v4) (B (v4 I x))) I (v12 (K I v12) I v11 (B I v22 (K z z)) v3) (B (v27 B I v27)) (v2 S z)) (z I x (z (v9 (z x))) (z (x (I (x z) v14))) I)
x S x (x (z (x K) (z (x K)) (S v4) (B (v4 I x))) I (v12 I I v11 (B I v22 (K z z)) v3) (B (v27 B I v27)) (v2 S z)) (z I x (z (v9 (z x))) (z (x (I (x z) v14))) I)
x S x (x (z (x K) (z (x K)) (S v4) (B (v4 I x))) I (v12 I I v11 (I (v22 (K z z))) v3) (B (v27 B I v27)) (v2 S z)) (z I x (z (v9 (z x))) (z (x (I (x z) v14))) I)
x S x (x (z (x K) (z (x K)) (S v4) (B (v4 I x))) I (v12 I I v11 (v22 (K z z)) v3) (B (v27 B I v27)) (v2 S z)) (z I x (z (v9 (z x))) (z (x (I (x z) v14))) I)
x S x (x (z (x K) (z (x K)) (S v4) (B (v4 I x))) I (v12 I I v11 (v22 z) v3) (B (v27 B I v27)) (v2 S z)) (z I x (z (v9 (z x))) (z (x (I (x z) v14))) I)
x S x (x (z (x K) (z (x K)) (S v4) (B (v4 I x))) I (v12 I I v11 (v22 z) v3) (B (v27 B I v27)) (v2 S z)) (z I x (z (v9 (z x))) (z (x (x z v14))) I)
S (K (K (I (z I) B) (v18 K S) I) z) (S (I (x (K (B (v12 (B (S x))))) (S z)) (v28 (v23 x)) (K S))) (v10 (B (z v11 (K v3) B) (x x) (z (z (z v5) (x I) I (v3 x S))) z) (v10 S B (v26 I) (I K z (z v18) (S (x B I))) (I I)))
K (K (I (z I) B) (v18 K S) I) z (v10 (B (z v11 (K v3) B) (x x) (z (z (z v5) (x I) I (v3 x S))) z) (v10 S B (v26 I) (I K z (z v18) (S (x B I))) (I I))) (S (I (x (K (B (v12 (B (S x))))) (S z)) (v28 (v23 x)) (K S)) (v10 (B (z v11 (K v3) B) (x x) (z (z (z v5) (x I) I (v3 x S))) z) (v10 S B (v26 I) (I K z (z v18) (S (x B I))) (I I))))
K (I (z I) B) (v18 K S) I (v10 (B (z v11 (K v3) B) (x x) (z (z (z v5) (x I) I (v3 x S))) z) (v10 S B (v26 I) (I K z (z v18) (S (x B I))) (I I))) (S (I (x (K (B (v12 (B (S x))))) (S z)) (v28 (v23 x)) (K S)) (v10 (B (z v11 (K v3) B) (x x) (z (z (z v5) (x I) I (v3 x S))) z) (v10 S B (v26 I) (I K z (z v18) (S (x B I))) (I I))))
I (z I) B I (v10 (B (z v11 (K v3) B) (x x) (z (z (z v5) (x I) I (v3 x S))) z) (v10 S B (v26 I) (I K z (z v18) (S (x B I))) (I I))) (S (I (x (K (B (v12 (B (S x))))) (S z)) (v28 (v23 x)) (K S)) (v10 (B (z v11 (K v3) B) (x x) (z (z (z v5) (x I) I (v3 x S))) z) (v10 S B (v26 I) (I K z (z v18) (S (x B I))) (I I))))
z I B I (v10 (B (z v11 (K v3) B) (x x) (z (z (z v5) (x I) I (v3 x S))) z) (v10 S B (v26 I) (I K z (z v18) (S (x B I))) (I I))) (S (I (x (K (B (v12 (B (S x))))) (S z)) (v28 (v23 x)) (K S)) (v10 (B (z v11 (K v3) B) (x x) (z (z (z v5) (x I) I (v3 x S))) z) (v10 S B (v26 I) (I K z (z v18) (S (x B I))) (I I))))
z I B I (v10 (z v11 (K v3) B (x x (z (z (z v5) (x I) I (v3 x S)))) z) (v10 S B (v26 I) (I K z (z v18) (S (x B I))) (I I))) (S (I (x (K (B (v12 (B (S x))))) (S z)) (v28 (v23 x)) (K S)) (v10 (B (z v11 (K v3) B) (x x) (z (z (z v5) (x I) I (v3 x S))) z) (v10 S B (v26 I) (I K z (z v18) (S (x B I))) (I I))))
z I B I (v10 (z v11 (K v3) B (x x (z (z (z v5) (x I) I (v3 x S)))) z) (v10 S B (v26 I) (K z (z v18) (S (x B I))) (I I))) (S (I (x (K (B (v12 (B (S x))))) (S z)) (v28 (v23 x)) (K S)) (v10 (B (z v11 (K v3) B) (x x) (z (z (z v5) (x I) I (v3 x S))) z) (v10 S B (v26 I) (I K z (z v18) (S (x B I))) (I I))))
z I B I (v10 (z v11 (K v3) B (x x (z (z (z v5) (x I) I (v3 x S)))) z) (v10 S B (v26 I) (z (S (x B I))) (I I))) (S (I (x (K (B (v12 (B (S x))))) (S z)) (v28 (v23 x)) (K S)) (v10 (B (z v11 (K v3) B) (x x) (z (z (z v5) (x I) I (v3 x S))) z) (v10 S B (v26 I) (I K z (z v18) (S (x B I))) (I I))))
z I B I (v10 (z v11 (K v3) B (x x (z (z (z v5) (x I) I (v3 x S)))) z) (v10 S B (v26 I) (z (S (x B I))) I)) (S (I (x (K (B (v12 (B (S x))))) (S z)) (v28 (v23 x)) (K S)) (v10 (B (z v11 (K v3) B) (x x) (z (z (z v5) (x I) I (v3 x S))) z) (v10 S B (v26 I) (I K z (z v18) (S (x B I))) (I I))))
z I B I (v10 (z v11 (K v3) B (x x (z (z (z v5) (x I) I (v3 x S)))) z) (v10 S B (v26 I) (z (S (x B I))) I)) (S (x (K (B (v12 (B (S x))))) (S z) (v28 (v23 x)) (K S)) (v10 (B (z v11 (K v3) B) (x x) (z (z (z v5) (x I) I (v3 x S))) z) (v10 S B (v26 I) (I K z (z v18) (S (x B I))) (I I))))
z I B I (v10 (z v11 (K v3) B (x x (z (z (z v5) (x I) I (v3 x S)))) z) (v10 S B (v26 I) (z (S (x B I))) I)) (S (x (K (B (v12 (B (S x))))) (S z) (v28 (v23 x)) (K S)) (v10 (z v11 (K v3) B (x x (z (z (z v5) (x I) I (v3 x S)))) z) (v10 S B (v26 I) (I K z (z v18) (S (x B I))) (I I))))
z I B I (v10 (z v11 (K v3) B (x x (z (z (z v5) (x I) I (v3 x S)))) z) (v10 S B (v26 I) (z (S (x B I))) I)) (S (x (K (B (v12 (B (S x))))) (S z) (v28 (v23 x)) (K S)) (v10 (z v11 (K v3) B (x x (z (z (z v5) (x I) I (v3 x S)))) z) (v10 S B (v26 I) (K z (z v18) (S (x B I))) (I I))))
z I B I (v10 (z v11 (K v3) B (x x (z (z (z v5) (x I) I (v3 x S)))) z) (v10 S B (v26 I) (z (S (x B I))) I)) (S (x (K (B (v12 (B (S x))))) (S z) (v28 (v23 x)) (K S)) (v10 (z v11 (K v3) B (x x (z (z (z v5) (x I) I (v3 x S)))) z) (v10 S B (v26 I) (z (S (x B I))) (I I))))
z I B I (v10 (z v11 (K v3) B (x x (z (z (z v5) (x I) I (v3 x S)))) z) (v10 S B (v26 I) (z (S (x B I))) I)) (S (x (K (B (v12 (B (S x))))) (S z) (v28 (v23 x)) (K S)) (v10 (z v11 (K v3) B (x x (z (z (z v5) (x I) I (v3 x S)))) z) (v10 S B (v26 I) (z (S (x B I))) I)))
K (B v9 S (I K (I (x (S (v9 (z S)))) (z x) (B K (v12 (K S (v29 B K)) I) v2)) B x (z (K (I x v15 (K (I B) (S S x) (I (B z) B)) z)))))
K (v9 (S (I K (I (x (S (v9 (z S)))) (z x) (B K (v12 (K S (v29 B K)) I) v2)) B x (z (K (I x v15 (K (I B) (S S x) (I (B z) B)) z))))))
K (v9 (S (K (I (x (S (v9 (z S)))) (z x) (B K (v12 (K S (v29 B K)) I) v2)) B x (z (K (I x v15 (K (I B) (S S x) (I (B z) B)) z))))))
K (v9 (S (I (x (S (v9 (z S)))) (z x) (B K (v12 (K S (v29 B K)) I) v2) x (z (K (I x v15 (K (I B) (S S x) (I (B z) B)) z))))))
K (v9 (S (x (S (v9 (z S))) (z x) (B K (v12 (K S (v29 B K)) I) v2) x (z (K (I x v15 (K (I B) (S S x) (I (B z) B)) z))))))
K (v9 (S (x (S (v9 (z S))) (z x) (K (v12 (K S (v29 B K)) I v2)) x (z (K (I x v15 (K (I B) (S S x) (I (B z) B)) z))))))
K (v9 (S (x (S (v9 (z S))) (z x) (K (v12 S I v2)) x (z (K (I x v15 (K (I B) (S S x) (I (B z) B)) z))))))
K (v9 (S (x (S (v9 (z S))) (z x) (K (v12 S I v2)) x (z (K (x v15 (K (I B) (S S x) (I (B z) B)) z))))))
K (v9 (S (x (S (v9 (z S))) (z x) (K (v12 S I v2)) x (z (K (x v15 (I B (I (B z) B)) z))))))
K (v9 (S (x (S (v9 (z S))) (z x) (K (v12 S I v2)) x (z (K (x v15 (B (I (B z) B)) z))))))
K (v9 (S (x (S (v9 (z S))) (z x) (K (v12 S I v2)) x (z (K (x v15 (B (B z B)) z))))))
B S (S B (v1 v29) S (I (K (B x)) K B) (S x) v0 x (v14 (z (v10 (I K) B (K S B))) I (x v7)))
B S (B S (v1 v29 S) (I (K (B x)) K B) (S x) v0 x (v14 (z (v10 (I K) B (K S B))) I (x v7)))
B S (S (v1 v29 S (I (K (B x)) K B)) (S x) v0 x (v14 (z (v10 (I K) B (K S B))) I (x v7)))
B S (v1 v29 S (I (K (B x)) K B) v0 (S x v0) x (v14 (z (v10 (I K) B (K S B))) I (x v7)))
B S (v1 v29 S (K (B x) K B) v0 (S x v0) x (v14 (z (v10 (I K) B (K S B))) I (x v7)))
B S (v1 v29 S (B x B) v0 (S x v0) x (v14 (z (v10 (I K) B (K S B))) I (x v7)))
B S (v1 v29 S (B x B) v0 (S x v0) x (v14 (z (v10 K B (K S B))) I (x v7)))
B S (v1 v29 S (B x B) v0 (S x v0) x (v14 (z (v10 K B S)) I (x v7)))
I
z (v30 S B (S K))
K (K (B z I)) B (S K)
K (B z I) (S K)
B z I
x (K (v8 x) z) B (S I (B (S (I (K K)) B K (v3 (z (K (z B) v25 S) K) (K v19) K))) (S (I v1) S B))
x (v8 x) B (S I (B (S (I (K K)) B K (v3 (z (K (z B) v25 S) K) (K v19) K))) (S (I v1) S B))
x (v8 x) B (I (S (I v1) S B) (B (S (I (K K)) B K (v3 (z (K (z B) v25 S) K) (K v19) K)) (S (I v1) S B)))
x (v8 x) B (S (I v1) S B (B (S (I (K K)) B K (v3 (z (K (z B) v25 S) K) (K v19) K)) (S (I v1) S B)))
x (v8 x) B (I v1 B (S B) (B (S (I (K K)) B K (v3 (z (K (z B) v25 S) K) (K v19) K)) (S (I v1) S B)))
x (v8 x) B (v1 B (S B) (B (S (I (K K)) B K (v3 (z (K (z B) v25 S) K) (K v19) K)) (S (I v1) S B)))
x (v8 x) B (v1 B (S B) (B (I (K K) K (B K) (v3 (z (K (z B) v25 S) K) (K v19) K)) (S (I v1) S B)))
x (v8 x) B (v1 B (S B) (B (K K K (B K) (v3 (z (K (z B) v25 S) K) (K v19) K)) (S (I v1) S B)))
x (v8 x) B (v1 B (S B) (B (K (B K) (v3 (z (K (z B) v25 S) K) (K v19) K)) (S (I v1) S B)))
x (v8 x) B (v1 B (S B) (B (B K) (S (I v1) S B)))
x (v8 x) B (v1 B (S B) (B (B K) (I v1 B (S B))))
x (v8 x) B (v1 B (S B) (B (B K) (v1 B (S B))))
z
