z (v1 (S (S z (S (I v9) I) S)))
z (v1 (S (z S (S (I v9) I S))))
z (v1 (S (z S (I v9 S (I S)))))
z (v1 (S (z S (v9 S (I S)))))
z (v1 (S (z S (v9 S S))))
x (K (B (v8 (v23 I K)) (B (S B (z I) (z (I (v29 (v5 z)))))) (v30 (z z))) (K S (x B)))
x (B (v8 (v23 I K)) (B (S B (z I) (z (I (v29 (v5 z)))))) (v30 (z z)))
x (v8 (v23 I K) (B (S B (z I) (z (I (v29 (v5 z))))) (v30 (z z))))
x (v8 (v23 I K) (B (B (z (I (v29 (v5 z)))) (z I (z (I (v29 (v5 z)))))) (v30 (z z))))
x (v8 (v23 I K) (B (B (z (v29 (v5 z))) (z I (z (I (v29 (v5 z)))))) (v30 (z z))))
x (v8 (v23 I K) (B (B (z (v29 (v5 z))) (z I (z (v29 (v5 z))))) (v30 (z z))))
x (S S B x (I S) v19) (v29 (K (z K S) x) S (I (v3 (B x) I x)) (x (z K) S)) (S (v20 v14 z) (B (z (z z (K (I x) (B S K (I B I B))) S))) z)
x (S x (B x) (I S) v19) (v29 (K (z K S) x) S (I (v3 (B x) I x)) (x (z K) S)) (S (v20 v14 z) (B (z (z z (K (I x) (B S K (I B I B))) S))) z)
x (x (I S) (B x (I S)) v19) (v29 (K (z K S) x) S (I (v3 (B x) I x)) (x (z K) S)) (S (v20 v14 z) (B (z (z z (K (I x) (B S K (I B I B))) S))) z)
x (x S (B x (I S)) v19) (v29 (K (z K S) x) S (I (v3 (B x) I x)) (x (z K) S)) (S (v20 v14 z) (B (z (z z (K (I x) (B S K (I B I B))) S))) z)
x (x S (B x S) v19) (v29 (K (z K S) x) S (I (v3 (B x) I x)) (x (z K) S)) (S (v20 v14 z) (B (z (z z (K (I x) (B S K (I B I B))) S))) z)
x (x S (B x S) v19) (v29 (z K S) S (I (v3 (B x) I x)) (x (z K) S)) (S (v20 v14 z) (B (z (z z (K (I x) (B S K (I B I B))) S))) z)
x (x S (B x S) v19) (v29 (z K S) S (v3 (B x) I x) (x (z K) S)) (S (v20 v14 z) (B (z (z z (K (I x) (B S K (I B I B))) S))) z)
x (x S (B x S) v19) (v29 (z K S) S (v3 (B x) I x) (x (z K) S)) (v20 v14 z z (B (z (z z (K (I x) (B S K (I B I B))) S)) z))
x (x S (B x S) v19) (v29 (z K S) S (v3 (B x) I x) (x (z K) S)) (v20 v14 z z (B (z (z z (I x) S)) z))
x (x S (B x S) v19) (v29 (z K S) S (v3 (B x) I x) (x (z K) S)) (v20 v14 z z (B (z (z z x S)) z))
B (I (B B)) (B x (I B z v8)) (K (x v22 B) I) K
I (B B) (B x (I B z v8) (K (x v22 B) I)) K
B B (B x (I B z v8) (K (x v22 B) I)) K
B (B x (I B z v8) (K (x v22 B) I) K)
B (x (I B z v8 (K (x v22 B) I)) K)
B (x (B z v8 (K (x v22 B) I)) K)
B (x (z (v8 (K (x v22 B) I))) K)
B (x (z (v8 (x v22 B))) K)
I (v17 x (S z)) I I v28 (z (z (z B) (B (z x) (v9 B) S x) K)) (v21 I (z (x (v3 (S z))) (K B)) v6) v27
v17 x (S z) I I v28 (z (z (z B) (B (z x) (v9 B) S x) K)) (v21 I (z (x (v3 (S z))) (K B)) v6) v27
v17 x (S z) I I v28 (z (z (z B) (z x (v9 B S) x) K)) (v21 I (z (x (v3 (S z))) (K B)) v6) v27
B I (S (I (I I K z I) (S I) (I z (z S) B))) (x I (I S (x (z S) (z z v19))) z B z)
I (S (I (I I K z I) (S I) (I z (z S) B)) (x I (I S (x (z S) (z z v19))) z B z))
S (I (I I K z I) (S I) (I z (z S) B)) (x I (I S (x (z S) (z z v19))) z B z)
S (I I K z I (S I) (I z (z S) B)) (x I (I S (x (z S) (z z v19))) z B z)
S (I K z I (S I) (I z (z S) B)) (x I (I S (x (z S) (z z v19))) z B z)
S (K z I (S I) (I z (z S) B)) (x I (I S (x (z S) (z z v19))) z B z)
S (z (S I) (I z (z S) B)) (x I (I S (x (z S) (z z v19))) z B z)
S (z (S I) (z (z S) B)) (x I (I S (x (z S) (z z v19))) z B z)
S (z (S I) (z (z S) B)) (x I (S (x (z S) (z z v19))) z B z)
x K v13 (K K) (z (B (x K (I K z)) (x (K (I (K v18 I)) v6) z))) (I B) (v12 B B (S K (z (x x) x)) (I (v1 z K (B (I v29 (I (I I)))))) (v23 K))
x K v13 (K K) (z (B (x K (K z)) (x (K (I (K v18 I)) v6) z))) (I B) (v12 B B (S K (z (x x) x)) (I (v1 z K (B (I v29 (I (I I)))))) (v23 K))
x K v13 (K K) (z (B (x K (K z)) (x (I (K v18 I)) z))) (I B) (v12 B B (S K (z (x x) x)) (I (v1 z K (B (I v29 (I (I I)))))) (v23 K))
x K v13 (K K) (z (B (x K (K z)) (x (K v18 I) z))) (I B) (v12 B B (S K (z (x x) x)) (I (v1 z K (B (I v29 (I (I I)))))) (v23 K))
x K v13 (K K) (z (B (x K (K z)) (x v18 z))) (I B) (v12 B B (S K (z (x x) x)) (I (v1 z K (B (I v29 (I (I I)))))) (v23 K))
x K v13 (K K) (z (B (x K (K z)) (x v18 z))) B (v12 B B (S K (z (x x) x)) (I (v1 z K (B (I v29 (I (I I)))))) (v23 K))
x K v13 (K K) (z (B (x K (K z)) (x v18 z))) B (v12 B B (S K (z (x x) x)) (v1 z K (B (I v29 (I (I I))))) (v23 K))
x K v13 (K K) (z (B (x K (K z)) (x v18 z))) B (v12 B B (S K (z (x x) x)) (v1 z K (B (v29 (I (I I))))) (v23 K))
x K v13 (K K) (z (B (x K (K z)) (x v18 z))) B (v12 B B (S K (z (x x) x)) (v1 z K (B (v29 (I I)))) (v23 K))
x K v13 (K K) (z (B (x K (K z)) (x v18 z))) B (v12 B B (S K (z (x x) x)) (v1 z K (B (v29 I))) (v23 K))
B
K (z (v23 K (z S) (v14 x)) (I (v17 v10) (v3 v15) K (K v8 K K (B B)))) (z (v10 (I (K B (x (I v28))))) (S v15 (I z)) (x (v14 (B (B v9) B v14) (I I)) (K (z (S v24) x (I z (v19 (I (z (z (I I)))))) S) z) (K v17 B)))
z (v23 K (z S) (v14 x)) (I (v17 v10) (v3 v15) K (K v8 K K (B B)))
z (v23 K (z S) (v14 x)) (v17 v10 (v3 v15) K (K v8 K K (B B)))
z (v23 K (z S) (v14 x)) (v17 v10 (v3 v15) K (v8 K (B B)))
x
