v4
I
x z (K (I (v3 (v18 z) I) x z)) I
x z (K (v3 (v18 z) I x z)) I
z (K (z (v24 (S K (I (z (S (K v21) B) (x v15 (I (K v30 (B x K K z))))))) (I (x (I (v13 (B S)) (S S)))))))
z (K (z (v24 (S K (z (S (K v21) B) (x v15 (I (K v30 (B x K K z)))))) (I (x (I (v13 (B S)) (S S)))))))
z (K (z (v24 (S K (z (S (K v21) B) (x v15 (K v30 (B x K K z))))) (I (x (I (v13 (B S)) (S S)))))))
z (K (z (v24 (S K (z (S (K v21) B) (x v15 v30))) (I (x (I (v13 (B S)) (S S)))))))
z (K (z (v24 (S K (z (S (K v21) B) (x v15 v30))) (x (I (v13 (B S)) (S S))))))
z (K (z (v24 (S K (z (S (K v21) B) (x v15 v30))) (x (v13 (B S) (S S))))))
B z
B
I (B S (K x)) (S (B (S (I (I x) (K v24)) S))) (B (I (x I) K) (I B x) I) (I (S v27 x B (B (v29 (x x S) B (B v4 (v0 I v19 (x z)) z) (I z)))))
B S (K x) (S (B (S (I (I x) (K v24)) S))) (B (I (x I) K) (I B x) I) (I (S v27 x B (B (v29 (x x S) B (B v4 (v0 I v19 (x z)) z) (I z)))))
S (K x (S (B (S (I (I x) (K v24)) S)))) (B (I (x I) K) (I B x) I) (I (S v27 x B (B (v29 (x x S) B (B v4 (v0 I v19 (x z)) z) (I z)))))
K x (S (B (S (I (I x) (K v24)) S))) (I (S v27 x B (B (v29 (x x S) B (B v4 (v0 I v19 (x z)) z) (I z))))) (B (I (x I) K) (I B x) I (I (S v27 x B (B (v29 (x x S) B (B v4 (v0 I v19 (x z)) z) (I z))))))
x (I (S v27 x B (B (v29 (x x S) B (B v4 (v0 I v19 (x z)) z) (I z))))) (B (I (x I) K) (I B x) I (I (S v27 x B (B (v29 (x x S) B (B v4 (v0 I v19 (x z)) z) (I z))))))
x (S v27 x B (B (v29 (x x S) B (B v4 (v0 I v19 (x z)) z) (I z)))) (B (I (x I) K) (I B x) I (I (S v27 x B (B (v29 (x x S) B (B v4 (v0 I v19 (x z)) z) (I z))))))
x (v27 B (x B) (B (v29 (x x S) B (B v4 (v0 I v19 (x z)) z) (I z)))) (B (I (x I) K) (I B x) I (I (S v27 x B (B (v29 (x x S) B (B v4 (v0 I v19 (x z)) z) (I z))))))
x (v27 B (x B) (B (v29 (x x S) B (v4 (v0 I v19 (x z) z)) (I z)))) (B (I (x I) K) (I B x) I (I (S v27 x B (B (v29 (x x S) B (B v4 (v0 I v19 (x z)) z) (I z))))))
x (v27 B (x B) (B (v29 (x x S) B (v4 (v0 I v19 (x z) z)) z))) (B (I (x I) K) (I B x) I (I (S v27 x B (B (v29 (x x S) B (B v4 (v0 I v19 (x z)) z) (I z))))))
x (v27 B (x B) (B (v29 (x x S) B (v4 (v0 I v19 (x z) z)) z))) (I (x I) K (I B x I) (I (S v27 x B (B (v29 (x x S) B (B v4 (v0 I v19 (x z)) z) (I z))))))
x (v27 B (x B) (B (v29 (x x S) B (v4 (v0 I v19 (x z) z)) z))) (x I K (I B x I) (I (S v27 x B (B (v29 (x x S) B (B v4 (v0 I v19 (x z)) z) (I z))))))
x (v27 B (x B) (B (v29 (x x S) B (v4 (v0 I v19 (x z) z)) z))) (x I K (B x I) (I (S v27 x B (B (v29 (x x S) B (B v4 (v0 I v19 (x z)) z) (I z))))))
x (v27 B (x B) (B (v29 (x x S) B (v4 (v0 I v19 (x z) z)) z))) (x I K (B x I) (S v27 x B (B (v29 (x x S) B (B v4 (v0 I v19 (x z)) z) (I z)))))
x (v27 B (x B) (B (v29 (x x S) B (v4 (v0 I v19 (x z) z)) z))) (x I K (B x I) (v27 B (x B) (B (v29 (x x S) B (B v4 (v0 I v19 (x z)) z) (I z)))))
x (v27 B (x B) (B (v29 (x x S) B (v4 (v0 I v19 (x z) z)) z))) (x I K (B x I) (v27 B (x B) (B (v29 (x x S) B (v4 (v0 I v19 (x z) z)) (I z)))))
x (v27 B (x B) (B (v29 (x x S) B (v4 (v0 I v19 (x z) z)) z))) (x I K (B x I) (v27 B (x B) (B (v29 (x x S) B (v4 (v0 I v19 (x z) z)) z))))
v16 (K I)
x (x z (v29 (x (K K))) (z v18 B z (x K (S B)) (v28 I (I S)))) (K B x) v17 S
x (x z (v29 (x (K K))) (z v18 B z (x K (S B)) (v28 I S))) (K B x) v17 S
x (x z (v29 (x (K K))) (z v18 B z (x K (S B)) (v28 I S))) B v17 S
B (B (z z (B (S S))) K B v19 (S (x (S I (x x))) (S S I I v23 v23 (I (B B) K S) (K (S z S) (I (v23 S)))) (K x (v21 z (K x I B I)))) (K I))
B (z z (B (S S)) (K B) v19 (S (x (S I (x x))) (S S I I v23 v23 (I (B B) K S) (K (S z S) (I (v23 S)))) (K x (v21 z (K x I B I)))) (K I))
B (z z (B (S S)) (K B) v19 (x (S I (x x)) (K x (v21 z (K x I B I))) (S S I I v23 v23 (I (B B) K S) (K (S z S) (I (v23 S))) (K x (v21 z (K x I B I))))) (K I))
B (z z (B (S S)) (K B) v19 (x (S I (x x)) x (S S I I v23 v23 (I (B B) K S) (K (S z S) (I (v23 S))) (K x (v21 z (K x I B I))))) (K I))
B (z z (B (S S)) (K B) v19 (x (S I (x x)) x (S I (I I) v23 v23 (I (B B) K S) (K (S z S) (I (v23 S))) (K x (v21 z (K x I B I))))) (K I))
B (z z (B (S S)) (K B) v19 (x (S I (x x)) x (I v23 (I I v23) v23 (I (B B) K S) (K (S z S) (I (v23 S))) (K x (v21 z (K x I B I))))) (K I))
B (z z (B (S S)) (K B) v19 (x (S I (x x)) x (v23 (I I v23) v23 (I (B B) K S) (K (S z S) (I (v23 S))) (K x (v21 z (K x I B I))))) (K I))
B (z z (B (S S)) (K B) v19 (x (S I (x x)) x (v23 (I v23) v23 (I (B B) K S) (K (S z S) (I (v23 S))) (K x (v21 z (K x I B I))))) (K I))
B (z z (B (S S)) (K B) v19 (x (S I (x x)) x (v23 v23 v23 (I (B B) K S) (K (S z S) (I (v23 S))) (K x (v21 z (K x I B I))))) (K I))
B (z z (B (S S)) (K B) v19 (x (S I (x x)) x (v23 v23 v23 (B B K S) (K (S z S) (I (v23 S))) (K x (v21 z (K x I B I))))) (K I))
B (z z (B (S S)) (K B) v19 (x (S I (x x)) x (v23 v23 v23 (B (K S)) (K (S z S) (I (v23 S))) (K x (v21 z (K x I B I))))) (K I))
B (z z (B (S S)) (K B) v19 (x (S I (x x)) x (v23 v23 v23 (B (K S)) (S z S) (K x (v21 z (K x I B I))))) (K I))
B (z z (B (S S)) (K B) v19 (x (S I (x x)) x (v23 v23 v23 (B (K S)) (S z S) x)) (K I))
