z (K K x S (z (I S (B (K (I K)) x) x) I z) K) (S (v29 v2 x) (B x) (S B z z (S (x (v6 (S v26) (x (I z)))) K K)))
z (K S (z (I S (B (K (I K)) x) x) I z) K) (S (v29 v2 x) (B x) (S B z z (S (x (v6 (S v26) (x (I z)))) K K)))
z (S K) (S (v29 v2 x) (B x) (S B z z (S (x (v6 (S v26) (x (I z)))) K K)))
z (S K) (v29 v2 x (S B z z (S (x (v6 (S v26) (x (I z)))) K K)) (B x (S B z z (S (x (v6 (S v26) (x (I z)))) K K))))
z (S K) (v29 v2 x (B z (z z) (S (x (v6 (S v26) (x (I z)))) K K)) (B x (S B z z (S (x (v6 (S v26) (x (I z)))) K K))))
z (S K) (v29 v2 x (z (z z (S (x (v6 (S v26) (x (I z)))) K K))) (B x (S B z z (S (x (v6 (S v26) (x (I z)))) K K))))
z (S K) (v29 v2 x (z (z z (x (v6 (S v26) (x (I z))) K (K K)))) (B x (S B z z (S (x (v6 (S v26) (x (I z)))) K K))))
z (S K) (v29 v2 x (z (z z (x (v6 (S v26) (x z)) K (K K)))) (B x (S B z z (S (x (v6 (S v26) (x (I z)))) K K))))
z (S K) (v29 v2 x (z (z z (x (v6 (S v26) (x z)) K (K K)))) (B x (B z (z z) (S (x (v6 (S v26) (x (I z)))) K K))))
z (S K) (v29 v2 x (z (z z (x (v6 (S v26) (x z)) K (K K)))) (B x (z (z z (S (x (v6 (S v26) (x (I z)))) K K)))))
z (S K) (v29 v2 x (z (z z (x (v6 (S v26) (x z)) K (K K)))) (B x (z (z z (x (v6 (S v26) (x (I z))) K (K K))))))
z (S K) (v29 v2 x (z (z z (x (v6 (S v26) (x z)) K (K K)))) (B x (z (z z (x (v6 (S v26) (x z)) K (K K))))))
x (x (S B (K B B)) (I v14) v3)
x (x (S B B) (I v14) v3)
x (x (S B B) v14 v3)
x (z (K (x (I (K v4 B)))) S I (x (I x) I)) (I (B (I v5 K) (I (S x)))) (z v5 (x (x v17 K) (K x z (v28 v0))) (v18 K) x (I (I S (K (x (S (z I B) (z v0)))) (x I) (B z v1)))) (I (K (z (x (z v13))) (v15 (v26 (v14 K I K))) S I)) (B B)
x (z (K (x (K v4 B))) S I (x (I x) I)) (I (B (I v5 K) (I (S x)))) (z v5 (x (x v17 K) (K x z (v28 v0))) (v18 K) x (I (I S (K (x (S (z I B) (z v0)))) (x I) (B z v1)))) (I (K (z (x (z v13))) (v15 (v26 (v14 K I K))) S I)) (B B)
x (z (K (x v4)) S I (x (I x) I)) (I (B (I v5 K) (I (S x)))) (z v5 (x (x v17 K) (K x z (v28 v0))) (v18 K) x (I (I S (K (x (S (z I B) (z v0)))) (x I) (B z v1)))) (I (K (z (x (z v13))) (v15 (v26 (v14 K I K))) S I)) (B B)
x (z (K (x v4)) S I (x x I)) (I (B (I v5 K) (I (S x)))) (z v5 (x (x v17 K) (K x z (v28 v0))) (v18 K) x (I (I S (K (x (S (z I B) (z v0)))) (x I) (B z v1)))) (I (K (z (x (z v13))) (v15 (v26 (v14 K I K))) S I)) (B B)
x (z (K (x v4)) S I (x x I)) (B (I v5 K) (I (S x))) (z v5 (x (x v17 K) (K x z (v28 v0))) (v18 K) x (I (I S (K (x (S (z I B) (z v0)))) (x I) (B z v1)))) (I (K (z (x (z v13))) (v15 (v26 (v14 K I K))) S I)) (B B)
x (z (K (x v4)) S I (x x I)) (B (v5 K) (I (S x))) (z v5 (x (x v17 K) (K x z (v28 v0))) (v18 K) x (I (I S (K (x (S (z I B) (z v0)))) (x I) (B z v1)))) (I (K (z (x (z v13))) (v15 (v26 (v14 K I K))) S I)) (B B)
x (z (K (x v4)) S I (x x I)) (B (v5 K) (S x)) (z v5 (x (x v17 K) (K x z (v28 v0))) (v18 K) x (I (I S (K (x (S (z I B) (z v0)))) (x I) (B z v1)))) (I (K (z (x (z v13))) (v15 (v26 (v14 K I K))) S I)) (B B)
x (z (K (x v4)) S I (x x I)) (B (v5 K) (S x)) (z v5 (x (x v17 K) (x (v28 v0))) (v18 K) x (I (I S (K (x (S (z I B) (z v0)))) (x I) (B z v1)))) (I (K (z (x (z v13))) (v15 (v26 (v14 K I K))) S I)) (B B)
x (z (K (x v4)) S I (x x I)) (B (v5 K) (S x)) (z v5 (x (x v17 K) (x (v28 v0))) (v18 K) x (I S (K (x (S (z I B) (z v0)))) (x I) (B z v1))) (I (K (z (x (z v13))) (v15 (v26 (v14 K I K))) S I)) (B B)
x (z (K (x v4)) S I (x x I)) (B (v5 K) (S x)) (z v5 (x (x v17 K) (x (v28 v0))) (v18 K) x (S (K (x (S (z I B) (z v0)))) (x I) (B z v1))) (I (K (z (x (z v13))) (v15 (v26 (v14 K I K))) S I)) (B B)
x (z (K (x v4)) S I (x x I)) (B (v5 K) (S x)) (z v5 (x (x v17 K) (x (v28 v0))) (v18 K) x (K (x (S (z I B) (z v0))) (B z v1) (x I (B z v1)))) (I (K (z (x (z v13))) (v15 (v26 (v14 K I K))) S I)) (B B)
x (z (K (x v4)) S I (x x I)) (B (v5 K) (S x)) (z v5 (x (x v17 K) (x (v28 v0))) (v18 K) x (x (S (z I B) (z v0)) (x I (B z v1)))) (I (K (z (x (z v13))) (v15 (v26 (v14 K I K))) S I)) (B B)
x (z (K (x v4)) S I (x x I)) (B (v5 K) (S x)) (z v5 (x (x v17 K) (x (v28 v0))) (v18 K) x (x (S (z I B) (z v0)) (x I (B z v1)))) (K (z (x (z v13))) (v15 (v26 (v14 K I K))) S I) (B B)
x (z (K (x v4)) S I (x x I)) (B (v5 K) (S x)) (z v5 (x (x v17 K) (x (v28 v0))) (v18 K) x (x (S (z I B) (z v0)) (x I (B z v1)))) (z (x (z v13)) S I) (B B)
I S (z S I) z (v5 (K (I z)) I (I (B (S S (x S z)) (S B (S S))))) (z v9) (S (v29 (z x)) (K S I B))
S (z S I) z (v5 (K (I z)) I (I (B (S S (x S z)) (S B (S S))))) (z v9) (S (v29 (z x)) (K S I B))
z S I (v5 (K (I z)) I (I (B (S S (x S z)) (S B (S S))))) (z (v5 (K (I z)) I (I (B (S S (x S z)) (S B (S S)))))) (z v9) (S (v29 (z x)) (K S I B))
z S I (v5 (K z) I (I (B (S S (x S z)) (S B (S S))))) (z (v5 (K (I z)) I (I (B (S S (x S z)) (S B (S S)))))) (z v9) (S (v29 (z x)) (K S I B))
z S I (v5 (K z) I (B (S S (x S z)) (S B (S S)))) (z (v5 (K (I z)) I (I (B (S S (x S z)) (S B (S S)))))) (z v9) (S (v29 (z x)) (K S I B))
z S I (v5 (K z) I (B (S S (x S z)) (S B (S S)))) (z (v5 (K z) I (I (B (S S (x S z)) (S B (S S)))))) (z v9) (S (v29 (z x)) (K S I B))
z S I (v5 (K z) I (B (S S (x S z)) (S B (S S)))) (z (v5 (K z) I (B (S S (x S z)) (S B (S S))))) (z v9) (S (v29 (z x)) (K S I B))
z S I (v5 (K z) I (B (S S (x S z)) (S B (S S)))) (z (v5 (K z) I (B (S S (x S z)) (S B (S S))))) (z v9) (S (v29 (z x)) (S B))
K
K I (S (v7 (z v16) S (z S S K)) (K (B (B I K (I (I z I (I (B (I (z v29)))) z))) (S (K z (I I) x)))))
I
B (x z B (v27 (v3 v3 B)) K S) K (x B) (K (K (S S v9) (z I) K))
x z B (v27 (v3 v3 B)) K S (K (x B)) (K (K (S S v9) (z I) K))
x z B (v27 (v3 v3 B)) K S (K (x B)) (K (S S v9 K))
x z B (v27 (v3 v3 B)) K S (K (x B)) (K (S K (v9 K)))
z (B z (B B v22)) K (K I) x
v4 (B (v10 (v24 (v12 v10) v15 x (I x)) z (I (z v9) (v27 (v3 S x)))))
v4 (B (v10 (v24 (v12 v10) v15 x x) z (I (z v9) (v27 (v3 S x)))))
v4 (B (v10 (v24 (v12 v10) v15 x x) z (z v9 (v27 (v3 S x)))))
z x I
