K (I (x I x)) (S (I (B (I z I)) I) (v19 (z S)) (K (v14 I) (B (B z (S (S I)) (x (S (x I)) x)))) S)
I (x I x)
x I x
B
v20 (z (I (S x)) (B (v30 v18) z)) v6 (z x (x (x S) (z K)))
v20 (z (S x) (B (v30 v18) z)) v6 (z x (x (x S) (z K)))
B (S B (I K) (K S (z v26 (x x))) I (B B)) (S z (x K))
B (B (K S (z v26 (x x))) (I K (K S (z v26 (x x)))) I (B B)) (S z (x K))
B (K S (z v26 (x x)) (I K (K S (z v26 (x x))) I) (B B)) (S z (x K))
B (S (I K (K S (z v26 (x x))) I) (B B)) (S z (x K))
B (S (K (K S (z v26 (x x))) I) (B B)) (S z (x K))
B (S (K S (z v26 (x x))) (B B)) (S z (x K))
B (S S (B B)) (S z (x K))
x (S (S (B S) (v30 S) S) v22 (v25 (B v24))) (S B) (x z (S v1) (I (B K S)) K (x (x (S (B B) x I)) K) (S I (I v8 (B I) (x (v20 K (x v28)) (v1 (B B)))) (K (S I)) (S (x (I (z z) S)) (x (z v14) (I (B z (z z K) (S (z v1 (S S)))))))))
x (S (B S) (v30 S) S (v25 (B v24)) (v22 (v25 (B v24)))) (S B) (x z (S v1) (I (B K S)) K (x (x (S (B B) x I)) K) (S I (I v8 (B I) (x (v20 K (x v28)) (v1 (B B)))) (K (S I)) (S (x (I (z z) S)) (x (z v14) (I (B z (z z K) (S (z v1 (S S)))))))))
x (B S S (v30 S S) (v25 (B v24)) (v22 (v25 (B v24)))) (S B) (x z (S v1) (I (B K S)) K (x (x (S (B B) x I)) K) (S I (I v8 (B I) (x (v20 K (x v28)) (v1 (B B)))) (K (S I)) (S (x (I (z z) S)) (x (z v14) (I (B z (z z K) (S (z v1 (S S)))))))))
x (S (S (v30 S S)) (v25 (B v24)) (v22 (v25 (B v24)))) (S B) (x z (S v1) (I (B K S)) K (x (x (S (B B) x I)) K) (S I (I v8 (B I) (x (v20 K (x v28)) (v1 (B B)))) (K (S I)) (S (x (I (z z) S)) (x (z v14) (I (B z (z z K) (S (z v1 (S S)))))))))
x (S (v30 S S) (v22 (v25 (B v24))) (v25 (B v24) (v22 (v25 (B v24))))) (S B) (x z (S v1) (I (B K S)) K (x (x (S (B B) x I)) K) (S I (I v8 (B I) (x (v20 K (x v28)) (v1 (B B)))) (K (S I)) (S (x (I (z z) S)) (x (z v14) (I (B z (z z K) (S (z v1 (S S)))))))))
x (v30 S S (v25 (B v24) (v22 (v25 (B v24)))) (v22 (v25 (B v24)) (v25 (B v24) (v22 (v25 (B v24)))))) (S B) (x z (S v1) (I (B K S)) K (x (x (S (B B) x I)) K) (S I (I v8 (B I) (x (v20 K (x v28)) (v1 (B B)))) (K (S I)) (S (x (I (z z) S)) (x (z v14) (I (B z (z z K) (S (z v1 (S S)))))))))
x (v30 S S (v25 (B v24) (v22 (v25 (B v24)))) (v22 (v25 (B v24)) (v25 (B v24) (v22 (v25 (B v24)))))) (S B) (x z (S v1) (B K S) K (x (x (S (B B) x I)) K) (S I (I v8 (B I) (x (v20 K (x v28)) (v1 (B B)))) (K (S I)) (S (x (I (z z) S)) (x (z v14) (I (B z (z z K) (S (z v1 (S S)))))))))
x (v30 S S (v25 (B v24) (v22 (v25 (B v24)))) (v22 (v25 (B v24)) (v25 (B v24) (v22 (v25 (B v24)))))) (S B) (x z (S v1) (B K S) K (x (x (B B I (x I))) K) (S I (I v8 (B I) (x (v20 K (x v28)) (v1 (B B)))) (K (S I)) (S (x (I (z z) S)) (x (z v14) (I (B z (z z K) (S (z v1 (S S)))))))))
x (v30 S S (v25 (B v24) (v22 (v25 (B v24)))) (v22 (v25 (B v24)) (v25 (B v24) (v22 (v25 (B v24)))))) (S B) (x z (S v1) (B K S) K (x (x (B (I (x I)))) K) (S I (I v8 (B I) (x (v20 K (x v28)) (v1 (B B)))) (K (S I)) (S (x (I (z z) S)) (x (z v14) (I (B z (z z K) (S (z v1 (S S)))))))))
x (v30 S S (v25 (B v24) (v22 (v25 (B v24)))) (v22 (v25 (B v24)) (v25 (B v24) (v22 (v25 (B v24)))))) (S B) (x z (S v1) (B K S) K (x (x (B (x I))) K) (S I (I v8 (B I) (x (v20 K (x v28)) (v1 (B B)))) (K (S I)) (S (x (I (z z) S)) (x (z v14) (I (B z (z z K) (S (z v1 (S S)))))))))
x (v30 S S (v25 (B v24) (v22 (v25 (B v24)))) (v22 (v25 (B v24)) (v25 (B v24) (v22 (v25 (B v24)))))) (S B) (x z (S v1) (B K S) K (x (x (B (x I))) K) (I (K (S I)) (I v8 (B I) (x (v20 K (x v28)) (v1 (B B))) (K (S I))) (S (x (I (z z) S)) (x (z v14) (I (B z (z z K) (S (z v1 (S S)))))))))
x (v30 S S (v25 (B v24) (v22 (v25 (B v24)))) (v22 (v25 (B v24)) (v25 (B v24) (v22 (v25 (B v24)))))) (S B) (x z (S v1) (B K S) K (x (x (B (x I))) K) (K (S I) (I v8 (B I) (x (v20 K (x v28)) (v1 (B B))) (K (S I))) (S (x (I (z z) S)) (x (z v14) (I (B z (z z K) (S (z v1 (S S)))))))))
x (v30 S S (v25 (B v24) (v22 (v25 (B v24)))) (v22 (v25 (B v24)) (v25 (B v24) (v22 (v25 (B v24)))))) (S B) (x z (S v1) (B K S) K (x (x (B (x I))) K) (S I (S (x (I (z z) S)) (x (z v14) (I (B z (z z K) (S (z v1 (S S)))))))))
x (v30 S S (v25 (B v24) (v22 (v25 (B v24)))) (v22 (v25 (B v24)) (v25 (B v24) (v22 (v25 (B v24)))))) (S B) (x z (S v1) (B K S) K (x (x (B (x I))) K) (S I (S (x (z z S)) (x (z v14) (I (B z (z z K) (S (z v1 (S S)))))))))
x (v30 S S (v25 (B v24) (v22 (v25 (B v24)))) (v22 (v25 (B v24)) (v25 (B v24) (v22 (v25 (B v24)))))) (S B) (x z (S v1) (B K S) K (x (x (B (x I))) K) (S I (S (x (z z S)) (x (z v14) (B z (z z K) (S (z v1 (S S))))))))
x (v30 S S (v25 (B v24) (v22 (v25 (B v24)))) (v22 (v25 (B v24)) (v25 (B v24) (v22 (v25 (B v24)))))) (S B) (x z (S v1) (B K S) K (x (x (B (x I))) K) (S I (S (x (z z S)) (x (z v14) (z (z z K (S (z v1 (S S)))))))))
v10 B (v21 (K (x v27 x B S (v5 (S S (z (v12 I) K) B K))) (z v23 (I S (x B K S)) B))) (B (B (I (x x) (K (K x (x v10)))))) (v22 x) (I B)
v10 B (v21 (x v27 x B S (v5 (S S (z (v12 I) K) B K)))) (B (B (I (x x) (K (K x (x v10)))))) (v22 x) (I B)
v10 B (v21 (x v27 x B S (v5 (S B (z (v12 I) K B) K)))) (B (B (I (x x) (K (K x (x v10)))))) (v22 x) (I B)
v10 B (v21 (x v27 x B S (v5 (B K (z (v12 I) K B K))))) (B (B (I (x x) (K (K x (x v10)))))) (v22 x) (I B)
v10 B (v21 (x v27 x B S (v5 (B K (z (v12 I) K B K))))) (B (B (x x (K (K x (x v10)))))) (v22 x) (I B)
v10 B (v21 (x v27 x B S (v5 (B K (z (v12 I) K B K))))) (B (B (x x (K x)))) (v22 x) (I B)
v10 B (v21 (x v27 x B S (v5 (B K (z (v12 I) K B K))))) (B (B (x x (K x)))) (v22 x) B
S (K K)
v3 (z B) (S (I (x (S I))) S x S)
v3 (z B) (I (x (S I)) x (S x) S)
v3 (z B) (x (S I) x (S x) S)
B (S (x z (v23 (S v21 (K v9 v30 (I S)) (S v14) S)))) (x v5)
B (S (x z (v23 (v21 (S v14) (K v9 v30 (I S) (S v14)) S)))) (x v5)
B (S (x z (v23 (v21 (S v14) (v9 (I S) (S v14)) S)))) (x v5)
B (S (x z (v23 (v21 (S v14) (v9 S (S v14)) S)))) (x v5)
z
