S x z (v26 K (I K) (z x) (v27 (v27 (K B z)) K I (I (S (K z) S (v11 (K (x I)) B) x))) K)
x (v26 K (I K) (z x) (v27 (v27 (K B z)) K I (I (S (K z) S (v11 (K (x I)) B) x))) K) (z (v26 K (I K) (z x) (v27 (v27 (K B z)) K I (I (S (K z) S (v11 (K (x I)) B) x))) K))
x (v26 K K (z x) (v27 (v27 (K B z)) K I (I (S (K z) S (v11 (K (x I)) B) x))) K) (z (v26 K (I K) (z x) (v27 (v27 (K B z)) K I (I (S (K z) S (v11 (K (x I)) B) x))) K))
x (v26 K K (z x) (v27 (v27 B) K I (I (S (K z) S (v11 (K (x I)) B) x))) K) (z (v26 K (I K) (z x) (v27 (v27 (K B z)) K I (I (S (K z) S (v11 (K (x I)) B) x))) K))
x (v26 K K (z x) (v27 (v27 B) K I (S (K z) S (v11 (K (x I)) B) x)) K) (z (v26 K (I K) (z x) (v27 (v27 (K B z)) K I (I (S (K z) S (v11 (K (x I)) B) x))) K))
x (v26 K K (z x) (v27 (v27 B) K I (K z (v11 (K (x I)) B) (S (v11 (K (x I)) B)) x)) K) (z (v26 K (I K) (z x) (v27 (v27 (K B z)) K I (I (S (K z) S (v11 (K (x I)) B) x))) K))
x (v26 K K (z x) (v27 (v27 B) K I (z (S (v11 (K (x I)) B)) x)) K) (z (v26 K (I K) (z x) (v27 (v27 (K B z)) K I (I (S (K z) S (v11 (K (x I)) B) x))) K))
x (v26 K K (z x) (v27 (v27 B) K I (z (S (v11 (K (x I)) B)) x)) K) (z (v26 K K (z x) (v27 (v27 (K B z)) K I (I (S (K z) S (v11 (K (x I)) B) x))) K))
x (v26 K K (z x) (v27 (v27 B) K I (z (S (v11 (K (x I)) B)) x)) K) (z (v26 K K (z x) (v27 (v27 B) K I (I (S (K z) S (v11 (K (x I)) B) x))) K))
x (v26 K K (z x) (v27 (v27 B) K I (z (S (v11 (K (x I)) B)) x)) K) (z (v26 K K (z x) (v27 (v27 B) K I (S (K z) S (v11 (K (x I)) B) x)) K))
x (v26 K K (z x) (v27 (v27 B) K I (z (S (v11 (K (x I)) B)) x)) K) (z (v26 K K (z x) (v27 (v27 B) K I (K z (v11 (K (x I)) B) (S (v11 (K (x I)) B)) x)) K))
x (v26 K K (z x) (v27 (v27 B) K I (z (S (v11 (K (x I)) B)) x)) K) (z (v26 K K (z x) (v27 (v27 B) K I (z (S (v11 (K (x I)) B)) x)) K))
z K (B v27 B (x S) (v4 (v20 x) (v7 z (x x I)))) K (B (S z B) K v5 K) v9 (S I)
z K (v27 (B (x S)) (v4 (v20 x) (v7 z (x x I)))) K (B (S z B) K v5 K) v9 (S I)
z K (v27 (B (x S)) (v4 (v20 x) (v7 z (x x I)))) K (S z B (K v5) K) v9 (S I)
z K (v27 (B (x S)) (v4 (v20 x) (v7 z (x x I)))) K (z (K v5) (B (K v5)) K) v9 (S I)
x (v12 (z (v22 (z I (z (v13 (z I I) (I v28) v18) x))))) v17 (z B x K)
x (v12 (z (v22 (z I (z (v13 (z I I) v28 v18) x))))) v17 (z B x K)
x
z (I (K (v28 (S (v13 K)) (S (v16 I))) x)) B (I (z (v2 I) z) (S v23 (x B) (z (x I (v5 S) (B v11) (B (I (v3 I) z K S)))) (I I (K B))))
z (K (v28 (S (v13 K)) (S (v16 I))) x) B (I (z (v2 I) z) (S v23 (x B) (z (x I (v5 S) (B v11) (B (I (v3 I) z K S)))) (I I (K B))))
z (v28 (S (v13 K)) (S (v16 I))) B (I (z (v2 I) z) (S v23 (x B) (z (x I (v5 S) (B v11) (B (I (v3 I) z K S)))) (I I (K B))))
z (v28 (S (v13 K)) (S (v16 I))) B (z (v2 I) z (S v23 (x B) (z (x I (v5 S) (B v11) (B (I (v3 I) z K S)))) (I I (K B))))
z (v28 (S (v13 K)) (S (v16 I))) B (z (v2 I) z (v23 (z (x I (v5 S) (B v11) (B (I (v3 I) z K S)))) (x B (z (x I (v5 S) (B v11) (B (I (v3 I) z K S))))) (I I (K B))))
z (v28 (S (v13 K)) (S (v16 I))) B (z (v2 I) z (v23 (z (x I (v5 S) (B v11) (B (v3 I z K S)))) (x B (z (x I (v5 S) (B v11) (B (I (v3 I) z K S))))) (I I (K B))))
z (v28 (S (v13 K)) (S (v16 I))) B (z (v2 I) z (v23 (z (x I (v5 S) (B v11) (B (v3 I z K S)))) (x B (z (x I (v5 S) (B v11) (B (v3 I z K S))))) (I I (K B))))
z (v28 (S (v13 K)) (S (v16 I))) B (z (v2 I) z (v23 (z (x I (v5 S) (B v11) (B (v3 I z K S)))) (x B (z (x I (v5 S) (B v11) (B (v3 I z K S))))) (I (K B))))
z (v28 (S (v13 K)) (S (v16 I))) B (z (v2 I) z (v23 (z (x I (v5 S) (B v11) (B (v3 I z K S)))) (x B (z (x I (v5 S) (B v11) (B (v3 I z K S))))) (K B)))
I (S (S x v4) (I (I B) (B (I S I) K))) (v2 (K I) (S S x (I v11)) (B I (z (v6 (v7 v13) S) z v15)) (x K (z z v13) x x) S) (x (B (K (K (S (B (I B) x)))) x))
S (S x v4) (I (I B) (B (I S I) K)) (v2 (K I) (S S x (I v11)) (B I (z (v6 (v7 v13) S) z v15)) (x K (z z v13) x x) S) (x (B (K (K (S (B (I B) x)))) x))
S x v4 (v2 (K I) (S S x (I v11)) (B I (z (v6 (v7 v13) S) z v15)) (x K (z z v13) x x) S) (I (I B) (B (I S I) K) (v2 (K I) (S S x (I v11)) (B I (z (v6 (v7 v13) S) z v15)) (x K (z z v13) x x) S)) (x (B (K (K (S (B (I B) x)))) x))
x (v2 (K I) (S S x (I v11)) (B I (z (v6 (v7 v13) S) z v15)) (x K (z z v13) x x) S) (v4 (v2 (K I) (S S x (I v11)) (B I (z (v6 (v7 v13) S) z v15)) (x K (z z v13) x x) S)) (I (I B) (B (I S I) K) (v2 (K I) (S S x (I v11)) (B I (z (v6 (v7 v13) S) z v15)) (x K (z z v13) x x) S)) (x (B (K (K (S (B (I B) x)))) x))
x (v2 (K I) (S (I v11) (x (I v11))) (B I (z (v6 (v7 v13) S) z v15)) (x K (z z v13) x x) S) (v4 (v2 (K I) (S S x (I v11)) (B I (z (v6 (v7 v13) S) z v15)) (x K (z z v13) x x) S)) (I (I B) (B (I S I) K) (v2 (K I) (S S x (I v11)) (B I (z (v6 (v7 v13) S) z v15)) (x K (z z v13) x x) S)) (x (B (K (K (S (B (I B) x)))) x))
x (v2 (K I) (S v11 (x (I v11))) (B I (z (v6 (v7 v13) S) z v15)) (x K (z z v13) x x) S) (v4 (v2 (K I) (S S x (I v11)) (B I (z (v6 (v7 v13) S) z v15)) (x K (z z v13) x x) S)) (I (I B) (B (I S I) K) (v2 (K I) (S S x (I v11)) (B I (z (v6 (v7 v13) S) z v15)) (x K (z z v13) x x) S)) (x (B (K (K (S (B (I B) x)))) x))
x (v2 (K I) (S v11 (x v11)) (B I (z (v6 (v7 v13) S) z v15)) (x K (z z v13) x x) S) (v4 (v2 (K I) (S S x (I v11)) (B I (z (v6 (v7 v13) S) z v15)) (x K (z z v13) x x) S)) (I (I B) (B (I S I) K) (v2 (K I) (S S x (I v11)) (B I (z (v6 (v7 v13) S) z v15)) (x K (z z v13) x x) S)) (x (B (K (K (S (B (I B) x)))) x))
x (v2 (K I) (S v11 (x v11)) (B I (z (v6 (v7 v13) S) z v15)) (x K (z z v13) x x) S) (v4 (v2 (K I) (S (I v11) (x (I v11))) (B I (z (v6 (v7 v13) S) z v15)) (x K (z z v13) x x) S)) (I (I B) (B (I S I) K) (v2 (K I) (S S x (I v11)) (B I (z (v6 (v7 v13) S) z v15)) (x K (z z v13) x x) S)) (x (B (K (K (S (B (I B) x)))) x))
x (v2 (K I) (S v11 (x v11)) (B I (z (v6 (v7 v13) S) z v15)) (x K (z z v13) x x) S) (v4 (v2 (K I) (S v11 (x (I v11))) (B I (z (v6 (v7 v13) S) z v15)) (x K (z z v13) x x) S)) (I (I B) (B (I S I) K) (v2 (K I) (S S x (I v11)) (B I (z (v6 (v7 v13) S) z v15)) (x K (z z v13) x x) S)) (x (B (K (K (S (B (I B) x)))) x))
x (v2 (K I) (S v11 (x v11)) (B I (z (v6 (v7 v13) S) z v15)) (x K (z z v13) x x) S) (v4 (v2 (K I) (S v11 (x v11)) (B I (z (v6 (v7 v13) S) z v15)) (x K (z z v13) x x) S)) (I (I B) (B (I S I) K) (v2 (K I) (S S x (I v11)) (B I (z (v6 (v7 v13) S) z v15)) (x K (z z v13) x x) S)) (x (B (K (K (S (B (I B) x)))) x))
x (v2 (K I) (S v11 (x v11)) (B I (z (v6 (v7 v13) S) z v15)) (x K (z z v13) x x) S) (v4 (v2 (K I) (S v11 (x v11)) (B I (z (v6 (v7 v13) S) z v15)) (x K (z z v13) x x) S)) (I B (B (I S I) K) (v2 (K I) (S S x (I v11)) (B I (z (v6 (v7 v13) S) z v15)) (x K (z z v13) x x) S)) (x (B (K (K (S (B (I B) x)))) x))
x (v2 (K I) (S v11 (x v11)) (B I (z (v6 (v7 v13) S) z v15)) (x K (z z v13) x x) S) (v4 (v2 (K I) (S v11 (x v11)) (B I (z (v6 (v7 v13) S) z v15)) (x K (z z v13) x x) S)) (B (B (I S I) K) (v2 (K I) (S S x (I v11)) (B I (z (v6 (v7 v13) S) z v15)) (x K (z z v13) x x) S)) (x (B (K (K (S (B (I B) x)))) x))
x (v2 (K I) (S v11 (x v11)) (B I (z (v6 (v7 v13) S) z v15)) (x K (z z v13) x x) S) (v4 (v2 (K I) (S v11 (x v11)) (B I (z (v6 (v7 v13) S) z v15)) (x K (z z v13) x x) S)) (B (B (S I) K) (v2 (K I) (S S x (I v11)) (B I (z (v6 (v7 v13) S) z v15)) (x K (z z v13) x x) S)) (x (B (K (K (S (B (I B) x)))) x))
x (v2 (K I) (S v11 (x v11)) (B I (z (v6 (v7 v13) S) z v15)) (x K (z z v13) x x) S) (v4 (v2 (K I) (S v11 (x v11)) (B I (z (v6 (v7 v13) S) z v15)) (x K (z z v13) x x) S)) (B (B (S I) K) (v2 (K I) (S (I v11) (x (I v11))) (B I (z (v6 (v7 v13) S) z v15)) (x K (z z v13) x x) S)) (x (B (K (K (S (B (I B) x)))) x))
x (v2 (K I) (S v11 (x v11)) (B I (z (v6 (v7 v13) S) z v15)) (x K (z z v13) x x) S) (v4 (v2 (K I) (S v11 (x v11)) (B I (z (v6 (v7 v13) S) z v15)) (x K (z z v13) x x) S)) (B (B (S I) K) (v2 (K I) (S v11 (x (I v11))) (B I (z (v6 (v7 v13) S) z v15)) (x K (z z v13) x x) S)) (x (B (K (K (S (B (I B) x)))) x))
x (v2 (K I) (S v11 (x v11)) (B I (z (v6 (v7 v13) S) z v15)) (x K (z z v13) x x) S) (v4 (v2 (K I) (S v11 (x v11)) (B I (z (v6 (v7 v13) S) z v15)) (x K (z z v13) x x) S)) (B (B (S I) K) (v2 (K I) (S v11 (x v11)) (B I (z (v6 (v7 v13) S) z v15)) (x K (z z v13) x x) S)) (x (B (K (K (S (B (I B) x)))) x))
x (v2 (K I) (S v11 (x v11)) (B I (z (v6 (v7 v13) S) z v15)) (x K (z z v13) x x) S) (v4 (v2 (K I) (S v11 (x v11)) (B I (z (v6 (v7 v13) S) z v15)) (x K (z z v13) x x) S)) (B (B (S I) K) (v2 (K I) (S v11 (x v11)) (B I (z (v6 (v7 v13) S) z v15)) (x K (z z v13) x x) S)) (x (B (K (K (S (B B x)))) x))
K (z (B z) (v20 I) (x (v24 I)) z K) (v26 (S (v27 I) (z S) (S B) S z)) (z (z (S (x (v21 (I (v29 K K))) (I v6)))))
z (B z) (v20 I) (x (v24 I)) z K (z (z (S (x (v21 (I (v29 K K))) (I v6)))))
z (B z) (v20 I) (x (v24 I)) z K (z (z (S (x (v21 (v29 K K)) (I v6)))))
z (B z) (v20 I) (x (v24 I)) z K (z (z (S (x (v21 (v29 K K)) v6))))
K x
S (I v27 x) (I (B K)) B (z v18 (I x (x K) (K (K (x v10)) (v13 (K K) v26)) (S (I S) x)) (I v16 (K (B z) (S S K) S (z (K x x z) (z v17)) (I (S (v4 S x (B (x v9))) K)))))
I v27 x B (I (B K) B) (z v18 (I x (x K) (K (K (x v10)) (v13 (K K) v26)) (S (I S) x)) (I v16 (K (B z) (S S K) S (z (K x x z) (z v17)) (I (S (v4 S x (B (x v9))) K)))))
v27 x B (I (B K) B) (z v18 (I x (x K) (K (K (x v10)) (v13 (K K) v26)) (S (I S) x)) (I v16 (K (B z) (S S K) S (z (K x x z) (z v17)) (I (S (v4 S x (B (x v9))) K)))))
v27 x B (B K B) (z v18 (I x (x K) (K (K (x v10)) (v13 (K K) v26)) (S (I S) x)) (I v16 (K (B z) (S S K) S (z (K x x z) (z v17)) (I (S (v4 S x (B (x v9))) K)))))
v27 x B (B K B) (z v18 (x (x K) (K (K (x v10)) (v13 (K K) v26)) (S (I S) x)) (I v16 (K (B z) (S S K) S (z (K x x z) (z v17)) (I (S (v4 S x (B (x v9))) K)))))
v27 x B (B K B) (z v18 (x (x K) (K (x v10)) (S (I S) x)) (I v16 (K (B z) (S S K) S (z (K x x z) (z v17)) (I (S (v4 S x (B (x v9))) K)))))
v27 x B (B K B) (z v18 (x (x K) (K (x v10)) (S S x)) (I v16 (K (B z) (S S K) S (z (K x x z) (z v17)) (I (S (v4 S x (B (x v9))) K)))))
v27 x B (B K B) (z v18 (x (x K) (K (x v10)) (S S x)) (v16 (K (B z) (S S K) S (z (K x x z) (z v17)) (I (S (v4 S x (B (x v9))) K)))))
v27 x B (B K B) (z v18 (x (x K) (K (x v10)) (S S x)) (v16 (B z S (z (K x x z) (z v17)) (I (S (v4 S x (B (x v9))) K)))))
v27 x B (B K B) (z v18 (x (x K) (K (x v10)) (S S x)) (v16 (z (S (z (K x x z) (z v17))) (I (S (v4 S x (B (x v9))) K)))))
v27 x B (B K B) (z v18 (x (x K) (K (x v10)) (S S x)) (v16 (z (S (z (x z) (z v17))) (I (S (v4 S x (B (x v9))) K)))))
v27 x B (B K B) (z v18 (x (x K) (K (x v10)) (S S x)) (v16 (z (S (z (x z) (z v17))) (S (v4 S x (B (x v9))) K))))
K
