B z B v0 (v26 B (I (v24 (S z)) I (S x (B (v4 (I S) x B S)))) (S K (I v22) (x B (B (x (I v30)) B v11)) (I B v2)))
z (B v0) (v26 B (I (v24 (S z)) I (S x (B (v4 (I S) x B S)))) (S K (I v22) (x B (B (x (I v30)) B v11)) (I B v2)))
z (B v0) (v26 B (v24 (S z) I (S x (B (v4 (I S) x B S)))) (S K (I v22) (x B (B (x (I v30)) B v11)) (I B v2)))
z (B v0) (v26 B (v24 (S z) I (S x (B (v4 S x B S)))) (S K (I v22) (x B (B (x (I v30)) B v11)) (I B v2)))
z (B v0) (v26 B (v24 (S z) I (S x (B (v4 S x B S)))) (K (x B (B (x (I v30)) B v11)) (I v22 (x B (B (x (I v30)) B v11))) (I B v2)))
z (B v0) (v26 B (v24 (S z) I (S x (B (v4 S x B S)))) (x B (B (x (I v30)) B v11) (I B v2)))
z (B v0) (v26 B (v24 (S z) I (S x (B (v4 S x B S)))) (x B (x (I v30) (B v11)) (I B v2)))
z (B v0) (v26 B (v24 (S z) I (S x (B (v4 S x B S)))) (x B (x v30 (B v11)) (I B v2)))
z (B v0) (v26 B (v24 (S z) I (S x (B (v4 S x B S)))) (x B (x v30 (B v11)) (B v2)))
I
K I (I I (v16 (B (z z) (I I (B S)))) I) I (v21 (S S K) (K (z (B B)) (x x)) B) v24
I I (v21 (S S K) (K (z (B B)) (x x)) B) v24
I (v21 (S S K) (K (z (B B)) (x x)) B) v24
v21 (S S K) (K (z (B B)) (x x)) B v24
v21 (S S K) (z (B B)) B v24
z S (S B v30) (z S I (x S I (I S v1))) S z (x x (x z (K z z) (x z) S K (z (x I) x z (K v6 v2 (B v8))) (x K) (B (B (x S (S z (x B (I K S x))))) B (z (I (z S) (v30 I)) z))) (S (v13 z S (z (S x)) (K (S (S x)) (B B) K))))
z S (S B v30) (z S I (x S I (S v1))) S z (x x (x z (K z z) (x z) S K (z (x I) x z (K v6 v2 (B v8))) (x K) (B (B (x S (S z (x B (I K S x))))) B (z (I (z S) (v30 I)) z))) (S (v13 z S (z (S x)) (K (S (S x)) (B B) K))))
z S (S B v30) (z S I (x S I (S v1))) S z (x x (x z z (x z) S K (z (x I) x z (K v6 v2 (B v8))) (x K) (B (B (x S (S z (x B (I K S x))))) B (z (I (z S) (v30 I)) z))) (S (v13 z S (z (S x)) (K (S (S x)) (B B) K))))
z S (S B v30) (z S I (x S I (S v1))) S z (x x (x z z (x z) S K (z (x I) x z (v6 (B v8))) (x K) (B (B (x S (S z (x B (I K S x))))) B (z (I (z S) (v30 I)) z))) (S (v13 z S (z (S x)) (K (S (S x)) (B B) K))))
z S (S B v30) (z S I (x S I (S v1))) S z (x x (x z z (x z) S K (z (x I) x z (v6 (B v8))) (x K) (B (x S (S z (x B (I K S x)))) (B (z (I (z S) (v30 I)) z)))) (S (v13 z S (z (S x)) (K (S (S x)) (B B) K))))
z S (S B v30) (z S I (x S I (S v1))) S z (x x (x z z (x z) S K (z (x I) x z (v6 (B v8))) (x K) (B (x S (S z (x B (K S x)))) (B (z (I (z S) (v30 I)) z)))) (S (v13 z S (z (S x)) (K (S (S x)) (B B) K))))
z S (S B v30) (z S I (x S I (S v1))) S z (x x (x z z (x z) S K (z (x I) x z (v6 (B v8))) (x K) (B (x S (S z (x B S))) (B (z (I (z S) (v30 I)) z)))) (S (v13 z S (z (S x)) (K (S (S x)) (B B) K))))
z S (S B v30) (z S I (x S I (S v1))) S z (x x (x z z (x z) S K (z (x I) x z (v6 (B v8))) (x K) (B (x S (S z (x B S))) (B (z (z S (v30 I)) z)))) (S (v13 z S (z (S x)) (K (S (S x)) (B B) K))))
z S (S B v30) (z S I (x S I (S v1))) S z (x x (x z z (x z) S K (z (x I) x z (v6 (B v8))) (x K) (B (x S (S z (x B S))) (B (z (z S (v30 I)) z)))) (S (v13 z S (z (S x)) (S (S x) K))))
S (v6 I (I (K (x z)) (K x)) K (z (S B K v29) B (v23 z (x S I) x))) (x (S v30))
S (v6 I (K (x z) (K x)) K (z (S B K v29) B (v23 z (x S I) x))) (x (S v30))
S (v6 I (x z) K (z (S B K v29) B (v23 z (x S I) x))) (x (S v30))
S (v6 I (x z) K (z (B v29 (K v29)) B (v23 z (x S I) x))) (x (S v30))
x I (v24 (B (S K) (S (x (B z K) (x (K v15 x (K v18 z) I x K)) S))) B)
x I (v24 (B (S K) (S (x (B z K) (x (v15 (K v18 z) I x K)) S))) B)
x I (v24 (B (S K) (S (x (B z K) (x (v15 v18 I x K)) S))) B)
K K (K (v26 K z (v11 B K) (I I)) (I B (v9 z (v17 B)) I K)) x
K x
x
S S z B K B S (I (S (S x) (v28 B) z) (S (z (K v23))) (B (B S) (B S))) x
S B (z B) K B S (I (S (S x) (v28 B) z) (S (z (K v23))) (B (B S) (B S))) x
B K (z B K) B S (I (S (S x) (v28 B) z) (S (z (K v23))) (B (B S) (B S))) x
K (z B K B) S (I (S (S x) (v28 B) z) (S (z (K v23))) (B (B S) (B S))) x
z B K B (I (S (S x) (v28 B) z) (S (z (K v23))) (B (B S) (B S))) x
z B K B (S (S x) (v28 B) z (S (z (K v23))) (B (B S) (B S))) x
z B K B (S x z (v28 B z) (S (z (K v23))) (B (B S) (B S))) x
z B K B (x (v28 B z) (z (v28 B z)) (S (z (K v23))) (B (B S) (B S))) x
K (z (B (B x)) (I B (v11 (z B) (K (K I (B (I S)) (x K))))) (B (S I) (v9 K I))) (B S (z (v12 (B (x x (z B (z z)))))) z)
z (B (B x)) (I B (v11 (z B) (K (K I (B (I S)) (x K))))) (B (S I) (v9 K I))
z (B (B x)) (B (v11 (z B) (K (K I (B (I S)) (x K))))) (B (S I) (v9 K I))
z (B (B x)) (B (v11 (z B) (K (I (x K))))) (B (S I) (v9 K I))
z (B (B x)) (B (v11 (z B) (K (x K)))) (B (S I) (v9 K I))
