I (z (S (I B B)) z I) (I (v6 I z (v26 B (B B) S z B B)) (z I (I I)) I) (I S)
z (S (I B B)) z I (I (v6 I z (v26 B (B B) S z B B)) (z I (I I)) I) (I S)
z (S (B B)) z I (I (v6 I z (v26 B (B B) S z B B)) (z I (I I)) I) (I S)
z (S (B B)) z I (v6 I z (v26 B (B B) S z B B) (z I (I I)) I) (I S)
z (S (B B)) z I (v6 I z (v26 B (B B) S z B B) (z I I) I) (I S)
z (S (B B)) z I (v6 I z (v26 B (B B) S z B B) (z I I) I) S
z (B K (z (x B) (S (B (v24 K) S) v9) I) I) (I x (I (I (v8 (B (z I z (B (x I)))))) B))
z (K (z (x B) (S (B (v24 K) S) v9) I I)) (I x (I (I (v8 (B (z I z (B (x I)))))) B))
z (K (z (x B) (S (B (v24 K) S) v9) I I)) (x (I (I (v8 (B (z I z (B (x I)))))) B))
z (K (z (x B) (S (B (v24 K) S) v9) I I)) (x (I (v8 (B (z I z (B (x I))))) B))
z (K (z (x B) (S (B (v24 K) S) v9) I I)) (x (v8 (B (z I z (B (x I)))) B))
x (K (x S (z (S (v14 z (v17 v30 v30))))))
S
B (S (v23 I) S (B I (B (B I) (I I)))) (x (K (x B B) S) (v21 (B B) K z (z K x) B)) (K x S)
S (v23 I) S (B I (B (B I) (I I))) (x (K (x B B) S) (v21 (B B) K z (z K x) B) (K x S))
v23 I (B I (B (B I) (I I))) (S (B I (B (B I) (I I)))) (x (K (x B B) S) (v21 (B B) K z (z K x) B) (K x S))
v23 I (B I (B (B I) I)) (S (B I (B (B I) (I I)))) (x (K (x B B) S) (v21 (B B) K z (z K x) B) (K x S))
v23 I (B I (B (B I) I)) (S (B I (B (B I) I))) (x (K (x B B) S) (v21 (B B) K z (z K x) B) (K x S))
v23 I (B I (B (B I) I)) (S (B I (B (B I) I))) (x (x B B) (v21 (B B) K z (z K x) B) (K x S))
v23 I (B I (B (B I) I)) (S (B I (B (B I) I))) (x (x B B) (v21 (B B) K z (z K x) B) x)
x (x (K (v22 z S (K (I v21))))) (v17 (x S) (v27 x) (v13 (K K)) (v26 (S I (I (B x) B) (K I (K (v2 v3)))) (z v0) (I (K (z (I I) K)) K) (v14 (z (z v23) S K I)))) (v1 S I (v8 z x (S (x B))) (v9 (I (x x) B x (B (K (S (B (x (K K)))))))))
x (x (K (v22 z S (K v21)))) (v17 (x S) (v27 x) (v13 (K K)) (v26 (S I (I (B x) B) (K I (K (v2 v3)))) (z v0) (I (K (z (I I) K)) K) (v14 (z (z v23) S K I)))) (v1 S I (v8 z x (S (x B))) (v9 (I (x x) B x (B (K (S (B (x (K K)))))))))
x (x (K (v22 z S (K v21)))) (v17 (x S) (v27 x) (v13 (K K)) (v26 (I (K I (K (v2 v3))) (I (B x) B (K I (K (v2 v3))))) (z v0) (I (K (z (I I) K)) K) (v14 (z (z v23) S K I)))) (v1 S I (v8 z x (S (x B))) (v9 (I (x x) B x (B (K (S (B (x (K K)))))))))
x (x (K (v22 z S (K v21)))) (v17 (x S) (v27 x) (v13 (K K)) (v26 (K I (K (v2 v3)) (I (B x) B (K I (K (v2 v3))))) (z v0) (I (K (z (I I) K)) K) (v14 (z (z v23) S K I)))) (v1 S I (v8 z x (S (x B))) (v9 (I (x x) B x (B (K (S (B (x (K K)))))))))
x (x (K (v22 z S (K v21)))) (v17 (x S) (v27 x) (v13 (K K)) (v26 (I (I (B x) B (K I (K (v2 v3))))) (z v0) (I (K (z (I I) K)) K) (v14 (z (z v23) S K I)))) (v1 S I (v8 z x (S (x B))) (v9 (I (x x) B x (B (K (S (B (x (K K)))))))))
x (x (K (v22 z S (K v21)))) (v17 (x S) (v27 x) (v13 (K K)) (v26 (I (B x) B (K I (K (v2 v3)))) (z v0) (I (K (z (I I) K)) K) (v14 (z (z v23) S K I)))) (v1 S I (v8 z x (S (x B))) (v9 (I (x x) B x (B (K (S (B (x (K K)))))))))
x (x (K (v22 z S (K v21)))) (v17 (x S) (v27 x) (v13 (K K)) (v26 (B x B (K I (K (v2 v3)))) (z v0) (I (K (z (I I) K)) K) (v14 (z (z v23) S K I)))) (v1 S I (v8 z x (S (x B))) (v9 (I (x x) B x (B (K (S (B (x (K K)))))))))
x (x (K (v22 z S (K v21)))) (v17 (x S) (v27 x) (v13 (K K)) (v26 (x (B (K I (K (v2 v3))))) (z v0) (I (K (z (I I) K)) K) (v14 (z (z v23) S K I)))) (v1 S I (v8 z x (S (x B))) (v9 (I (x x) B x (B (K (S (B (x (K K)))))))))
x (x (K (v22 z S (K v21)))) (v17 (x S) (v27 x) (v13 (K K)) (v26 (x (B I)) (z v0) (I (K (z (I I) K)) K) (v14 (z (z v23) S K I)))) (v1 S I (v8 z x (S (x B))) (v9 (I (x x) B x (B (K (S (B (x (K K)))))))))
x (x (K (v22 z S (K v21)))) (v17 (x S) (v27 x) (v13 (K K)) (v26 (x (B I)) (z v0) (K (z (I I) K) K) (v14 (z (z v23) S K I)))) (v1 S I (v8 z x (S (x B))) (v9 (I (x x) B x (B (K (S (B (x (K K)))))))))
x (x (K (v22 z S (K v21)))) (v17 (x S) (v27 x) (v13 (K K)) (v26 (x (B I)) (z v0) (z (I I) K) (v14 (z (z v23) S K I)))) (v1 S I (v8 z x (S (x B))) (v9 (I (x x) B x (B (K (S (B (x (K K)))))))))
x (x (K (v22 z S (K v21)))) (v17 (x S) (v27 x) (v13 (K K)) (v26 (x (B I)) (z v0) (z I K) (v14 (z (z v23) S K I)))) (v1 S I (v8 z x (S (x B))) (v9 (I (x x) B x (B (K (S (B (x (K K)))))))))
x (x (K (v22 z S (K v21)))) (v17 (x S) (v27 x) (v13 (K K)) (v26 (x (B I)) (z v0) (z I K) (v14 (z (z v23) S K I)))) (v1 S I (v8 z x (S (x B))) (v9 (x x B x (B (K (S (B (x (K K)))))))))
I (v16 B) (S I v24) z (K v20 v25 (K (K B)) (B (S S) (K v17 v18)) z) (x z) I (K S S (B (x (z (z z))) (z S (K K x) v11) I)) (K (S I) (K x) v9 (z (v15 (B (S v1)))) (K (K B (z (z K)))))
v16 B (S I v24) z (K v20 v25 (K (K B)) (B (S S) (K v17 v18)) z) (x z) I (K S S (B (x (z (z z))) (z S (K K x) v11) I)) (K (S I) (K x) v9 (z (v15 (B (S v1)))) (K (K B (z (z K)))))
v16 B (S I v24) z (v20 (K (K B)) (B (S S) (K v17 v18)) z) (x z) I (K S S (B (x (z (z z))) (z S (K K x) v11) I)) (K (S I) (K x) v9 (z (v15 (B (S v1)))) (K (K B (z (z K)))))
v16 B (S I v24) z (v20 (K (K B)) (B (S S) v17) z) (x z) I (K S S (B (x (z (z z))) (z S (K K x) v11) I)) (K (S I) (K x) v9 (z (v15 (B (S v1)))) (K (K B (z (z K)))))
v16 B (S I v24) z (v20 (K (K B)) (B (S S) v17) z) (x z) I (S (B (x (z (z z))) (z S (K K x) v11) I)) (K (S I) (K x) v9 (z (v15 (B (S v1)))) (K (K B (z (z K)))))
v16 B (S I v24) z (v20 (K (K B)) (B (S S) v17) z) (x z) I (S (x (z (z z)) (z S (K K x) v11 I))) (K (S I) (K x) v9 (z (v15 (B (S v1)))) (K (K B (z (z K)))))
v16 B (S I v24) z (v20 (K (K B)) (B (S S) v17) z) (x z) I (S (x (z (z z)) (z S K v11 I))) (K (S I) (K x) v9 (z (v15 (B (S v1)))) (K (K B (z (z K)))))
v16 B (S I v24) z (v20 (K (K B)) (B (S S) v17) z) (x z) I (S (x (z (z z)) (z S K v11 I))) (S I v9 (z (v15 (B (S v1)))) (K (K B (z (z K)))))
v16 B (S I v24) z (v20 (K (K B)) (B (S S) v17) z) (x z) I (S (x (z (z z)) (z S K v11 I))) (I (z (v15 (B (S v1)))) (v9 (z (v15 (B (S v1))))) (K (K B (z (z K)))))
v16 B (S I v24) z (v20 (K (K B)) (B (S S) v17) z) (x z) I (S (x (z (z z)) (z S K v11 I))) (z (v15 (B (S v1))) (v9 (z (v15 (B (S v1))))) (K (K B (z (z K)))))
v16 B (S I v24) z (v20 (K (K B)) (B (S S) v17) z) (x z) I (S (x (z (z z)) (z S K v11 I))) (z (v15 (B (S v1))) (v9 (z (v15 (B (S v1))))) (K B))
z v0 (x v26) K
I (z (v19 (x z I (B K S)) (x B))) S
z (v19 (x z I (B K S)) (x B)) S
z (z (S z S) (v25 v22 (v21 S (v10 z K) (x K) x))) I
