B
z K
K (z (S S (K v25 (x (x x) (B v23))))) (K (S z (x (x I (S (B S) I)) z I)) x) (B (S (K x)) I (B z S K) (v8 B (B (I S (B I z))) v19) (I (I S K (I (B K) z)) (x v24)) (z (z (x I (I (K I)))))) (S B (v20 (I S K (z x B)) (I (z I) K B) (B S S v15 x)) (B S (S (x K)) (S (I K (x B)) (x x (v12 (z (x K) z))) (I (K v6) z))))
z (S S (K v25 (x (x x) (B v23)))) (B (S (K x)) I (B z S K) (v8 B (B (I S (B I z))) v19) (I (I S K (I (B K) z)) (x v24)) (z (z (x I (I (K I)))))) (S B (v20 (I S K (z x B)) (I (z I) K B) (B S S v15 x)) (B S (S (x K)) (S (I K (x B)) (x x (v12 (z (x K) z))) (I (K v6) z))))
z (S S v25) (B (S (K x)) I (B z S K) (v8 B (B (I S (B I z))) v19) (I (I S K (I (B K) z)) (x v24)) (z (z (x I (I (K I)))))) (S B (v20 (I S K (z x B)) (I (z I) K B) (B S S v15 x)) (B S (S (x K)) (S (I K (x B)) (x x (v12 (z (x K) z))) (I (K v6) z))))
z (S S v25) (S (K x) (I (B z S K)) (v8 B (B (I S (B I z))) v19) (I (I S K (I (B K) z)) (x v24)) (z (z (x I (I (K I)))))) (S B (v20 (I S K (z x B)) (I (z I) K B) (B S S v15 x)) (B S (S (x K)) (S (I K (x B)) (x x (v12 (z (x K) z))) (I (K v6) z))))
z (S S v25) (K x (v8 B (B (I S (B I z))) v19) (I (B z S K) (v8 B (B (I S (B I z))) v19)) (I (I S K (I (B K) z)) (x v24)) (z (z (x I (I (K I)))))) (S B (v20 (I S K (z x B)) (I (z I) K B) (B S S v15 x)) (B S (S (x K)) (S (I K (x B)) (x x (v12 (z (x K) z))) (I (K v6) z))))
z (S S v25) (x (I (B z S K) (v8 B (B (I S (B I z))) v19)) (I (I S K (I (B K) z)) (x v24)) (z (z (x I (I (K I)))))) (S B (v20 (I S K (z x B)) (I (z I) K B) (B S S v15 x)) (B S (S (x K)) (S (I K (x B)) (x x (v12 (z (x K) z))) (I (K v6) z))))
z (S S v25) (x (B z S K (v8 B (B (I S (B I z))) v19)) (I (I S K (I (B K) z)) (x v24)) (z (z (x I (I (K I)))))) (S B (v20 (I S K (z x B)) (I (z I) K B) (B S S v15 x)) (B S (S (x K)) (S (I K (x B)) (x x (v12 (z (x K) z))) (I (K v6) z))))
z (S S v25) (x (z (S K) (v8 B (B (I S (B I z))) v19)) (I (I S K (I (B K) z)) (x v24)) (z (z (x I (I (K I)))))) (S B (v20 (I S K (z x B)) (I (z I) K B) (B S S v15 x)) (B S (S (x K)) (S (I K (x B)) (x x (v12 (z (x K) z))) (I (K v6) z))))
z (S S v25) (x (z (S K) (v8 B (B (S (B I z))) v19)) (I (I S K (I (B K) z)) (x v24)) (z (z (x I (I (K I)))))) (S B (v20 (I S K (z x B)) (I (z I) K B) (B S S v15 x)) (B S (S (x K)) (S (I K (x B)) (x x (v12 (z (x K) z))) (I (K v6) z))))
z (S S v25) (x (z (S K) (v8 B (B (S (B I z))) v19)) (I S K (I (B K) z) (x v24)) (z (z (x I (I (K I)))))) (S B (v20 (I S K (z x B)) (I (z I) K B) (B S S v15 x)) (B S (S (x K)) (S (I K (x B)) (x x (v12 (z (x K) z))) (I (K v6) z))))
z (S S v25) (x (z (S K) (v8 B (B (S (B I z))) v19)) (S K (I (B K) z) (x v24)) (z (z (x I (I (K I)))))) (S B (v20 (I S K (z x B)) (I (z I) K B) (B S S v15 x)) (B S (S (x K)) (S (I K (x B)) (x x (v12 (z (x K) z))) (I (K v6) z))))
z (S S v25) (x (z (S K) (v8 B (B (S (B I z))) v19)) (K (x v24) (I (B K) z (x v24))) (z (z (x I (I (K I)))))) (S B (v20 (I S K (z x B)) (I (z I) K B) (B S S v15 x)) (B S (S (x K)) (S (I K (x B)) (x x (v12 (z (x K) z))) (I (K v6) z))))
z (S S v25) (x (z (S K) (v8 B (B (S (B I z))) v19)) (x v24) (z (z (x I (I (K I)))))) (S B (v20 (I S K (z x B)) (I (z I) K B) (B S S v15 x)) (B S (S (x K)) (S (I K (x B)) (x x (v12 (z (x K) z))) (I (K v6) z))))
z (S S v25) (x (z (S K) (v8 B (B (S (B I z))) v19)) (x v24) (z (z (x I (K I))))) (S B (v20 (I S K (z x B)) (I (z I) K B) (B S S v15 x)) (B S (S (x K)) (S (I K (x B)) (x x (v12 (z (x K) z))) (I (K v6) z))))
z (S S v25) (x (z (S K) (v8 B (B (S (B I z))) v19)) (x v24) (z (z (x I (K I))))) (B (B S (S (x K)) (S (I K (x B)) (x x (v12 (z (x K) z))) (I (K v6) z))) (v20 (I S K (z x B)) (I (z I) K B) (B S S v15 x) (B S (S (x K)) (S (I K (x B)) (x x (v12 (z (x K) z))) (I (K v6) z)))))
z (S S v25) (x (z (S K) (v8 B (B (S (B I z))) v19)) (x v24) (z (z (x I (K I))))) (B (S (S (x K) (S (I K (x B)) (x x (v12 (z (x K) z))) (I (K v6) z)))) (v20 (I S K (z x B)) (I (z I) K B) (B S S v15 x) (B S (S (x K)) (S (I K (x B)) (x x (v12 (z (x K) z))) (I (K v6) z)))))
z (S S v25) (x (z (S K) (v8 B (B (S (B I z))) v19)) (x v24) (z (z (x I (K I))))) (B (S (S (x K) (I K (x B) (I (K v6) z) (x x (v12 (z (x K) z)) (I (K v6) z))))) (v20 (I S K (z x B)) (I (z I) K B) (B S S v15 x) (B S (S (x K)) (S (I K (x B)) (x x (v12 (z (x K) z))) (I (K v6) z)))))
z (S S v25) (x (z (S K) (v8 B (B (S (B I z))) v19)) (x v24) (z (z (x I (K I))))) (B (S (S (x K) (K (x B) (I (K v6) z) (x x (v12 (z (x K) z)) (I (K v6) z))))) (v20 (I S K (z x B)) (I (z I) K B) (B S S v15 x) (B S (S (x K)) (S (I K (x B)) (x x (v12 (z (x K) z))) (I (K v6) z)))))
z (S S v25) (x (z (S K) (v8 B (B (S (B I z))) v19)) (x v24) (z (z (x I (K I))))) (B (S (S (x K) (x B (x x (v12 (z (x K) z)) (I (K v6) z))))) (v20 (I S K (z x B)) (I (z I) K B) (B S S v15 x) (B S (S (x K)) (S (I K (x B)) (x x (v12 (z (x K) z))) (I (K v6) z)))))
z (S S v25) (x (z (S K) (v8 B (B (S (B I z))) v19)) (x v24) (z (z (x I (K I))))) (B (S (S (x K) (x B (x x (v12 (z (x K) z)) (K v6 z))))) (v20 (I S K (z x B)) (I (z I) K B) (B S S v15 x) (B S (S (x K)) (S (I K (x B)) (x x (v12 (z (x K) z))) (I (K v6) z)))))
z (S S v25) (x (z (S K) (v8 B (B (S (B I z))) v19)) (x v24) (z (z (x I (K I))))) (B (S (S (x K) (x B (x x (v12 (z (x K) z)) v6)))) (v20 (I S K (z x B)) (I (z I) K B) (B S S v15 x) (B S (S (x K)) (S (I K (x B)) (x x (v12 (z (x K) z))) (I (K v6) z)))))
z (S S v25) (x (z (S K) (v8 B (B (S (B I z))) v19)) (x v24) (z (z (x I (K I))))) (B (S (S (x K) (x B (x x (v12 (z (x K) z)) v6)))) (v20 (S K (z x B)) (I (z I) K B) (B S S v15 x) (B S (S (x K)) (S (I K (x B)) (x x (v12 (z (x K) z))) (I (K v6) z)))))
z (S S v25) (x (z (S K) (v8 B (B (S (B I z))) v19)) (x v24) (z (z (x I (K I))))) (B (S (S (x K) (x B (x x (v12 (z (x K) z)) v6)))) (v20 (S K (z x B)) (z I K B) (B S S v15 x) (B S (S (x K)) (S (I K (x B)) (x x (v12 (z (x K) z))) (I (K v6) z)))))
z (S S v25) (x (z (S K) (v8 B (B (S (B I z))) v19)) (x v24) (z (z (x I (K I))))) (B (S (S (x K) (x B (x x (v12 (z (x K) z)) v6)))) (v20 (S K (z x B)) (z I K B) (S (S v15) x) (B S (S (x K)) (S (I K (x B)) (x x (v12 (z (x K) z))) (I (K v6) z)))))
z (S S v25) (x (z (S K) (v8 B (B (S (B I z))) v19)) (x v24) (z (z (x I (K I))))) (B (S (S (x K) (x B (x x (v12 (z (x K) z)) v6)))) (v20 (S K (z x B)) (z I K B) (S (S v15) x) (S (S (x K) (S (I K (x B)) (x x (v12 (z (x K) z))) (I (K v6) z))))))
z (S S v25) (x (z (S K) (v8 B (B (S (B I z))) v19)) (x v24) (z (z (x I (K I))))) (B (S (S (x K) (x B (x x (v12 (z (x K) z)) v6)))) (v20 (S K (z x B)) (z I K B) (S (S v15) x) (S (S (x K) (I K (x B) (I (K v6) z) (x x (v12 (z (x K) z)) (I (K v6) z)))))))
z (S S v25) (x (z (S K) (v8 B (B (S (B I z))) v19)) (x v24) (z (z (x I (K I))))) (B (S (S (x K) (x B (x x (v12 (z (x K) z)) v6)))) (v20 (S K (z x B)) (z I K B) (S (S v15) x) (S (S (x K) (K (x B) (I (K v6) z) (x x (v12 (z (x K) z)) (I (K v6) z)))))))
z (S S v25) (x (z (S K) (v8 B (B (S (B I z))) v19)) (x v24) (z (z (x I (K I))))) (B (S (S (x K) (x B (x x (v12 (z (x K) z)) v6)))) (v20 (S K (z x B)) (z I K B) (S (S v15) x) (S (S (x K) (x B (x x (v12 (z (x K) z)) (I (K v6) z)))))))
z (S S v25) (x (z (S K) (v8 B (B (S (B I z))) v19)) (x v24) (z (z (x I (K I))))) (B (S (S (x K) (x B (x x (v12 (z (x K) z)) v6)))) (v20 (S K (z x B)) (z I K B) (S (S v15) x) (S (S (x K) (x B (x x (v12 (z (x K) z)) (K v6 z)))))))
z (S S v25) (x (z (S K) (v8 B (B (S (B I z))) v19)) (x v24) (z (z (x I (K I))))) (B (S (S (x K) (x B (x x (v12 (z (x K) z)) v6)))) (v20 (S K (z x B)) (z I K B) (S (S v15) x) (S (S (x K) (x B (x x (v12 (z (x K) z)) v6))))))
x (B (v23 (B (B v29 (I z x S))))) (B (I (v16 v6)) (z (I I I))) (B (x I)) (K x)
x (B (v23 (B (B v29 (z x S))))) (B (I (v16 v6)) (z (I I I))) (B (x I)) (K x)
x (B (v23 (B (B v29 (z x S))))) (B (v16 v6) (z (I I I))) (B (x I)) (K x)
x (B (v23 (B (B v29 (z x S))))) (B (v16 v6) (z (I I))) (B (x I)) (K x)
x (B (v23 (B (B v29 (z x S))))) (B (v16 v6) (z I)) (B (x I)) (K x)
v29 B S (v26 z (K (K x) (B I) (I (z K) (S (z S) (I (x (z v20)))) I)) (S (z x)) (B I x (K K z x) (z B I v27 I v5 (S v11 v28 I z) (I z (z I I))))) (x (K (B z v11 v17) (I (K v13) z)) (I (B (v7 K x x)) (S K)) K I)
v29 B S (v26 z (K x (I (z K) (S (z S) (I (x (z v20)))) I)) (S (z x)) (B I x (K K z x) (z B I v27 I v5 (S v11 v28 I z) (I z (z I I))))) (x (K (B z v11 v17) (I (K v13) z)) (I (B (v7 K x x)) (S K)) K I)
v29 B S (v26 z x (S (z x)) (B I x (K K z x) (z B I v27 I v5 (S v11 v28 I z) (I z (z I I))))) (x (K (B z v11 v17) (I (K v13) z)) (I (B (v7 K x x)) (S K)) K I)
v29 B S (v26 z x (S (z x)) (I (x (K K z x)) (z B I v27 I v5 (S v11 v28 I z) (I z (z I I))))) (x (K (B z v11 v17) (I (K v13) z)) (I (B (v7 K x x)) (S K)) K I)
v29 B S (v26 z x (S (z x)) (x (K K z x) (z B I v27 I v5 (S v11 v28 I z) (I z (z I I))))) (x (K (B z v11 v17) (I (K v13) z)) (I (B (v7 K x x)) (S K)) K I)
v29 B S (v26 z x (S (z x)) (x (K x) (z B I v27 I v5 (S v11 v28 I z) (I z (z I I))))) (x (K (B z v11 v17) (I (K v13) z)) (I (B (v7 K x x)) (S K)) K I)
v29 B S (v26 z x (S (z x)) (x (K x) (z B I v27 I v5 (v11 I (v28 I) z) (I z (z I I))))) (x (K (B z v11 v17) (I (K v13) z)) (I (B (v7 K x x)) (S K)) K I)
v29 B S (v26 z x (S (z x)) (x (K x) (z B I v27 I v5 (v11 I (v28 I) z) (z (z I I))))) (x (K (B z v11 v17) (I (K v13) z)) (I (B (v7 K x x)) (S K)) K I)
v29 B S (v26 z x (S (z x)) (x (K x) (z B I v27 I v5 (v11 I (v28 I) z) (z (z I I))))) (x (B z v11 v17) (I (B (v7 K x x)) (S K)) K I)
v29 B S (v26 z x (S (z x)) (x (K x) (z B I v27 I v5 (v11 I (v28 I) z) (z (z I I))))) (x (z (v11 v17)) (I (B (v7 K x x)) (S K)) K I)
v29 B S (v26 z x (S (z x)) (x (K x) (z B I v27 I v5 (v11 I (v28 I) z) (z (z I I))))) (x (z (v11 v17)) (B (v7 K x x) (S K)) K I)
v11 (S z) (K x I (K B z K v23 z) (S K (B (I S) S) B) (K (K (B B) (I v0))))
v11 (S z) (x (K B z K v23 z) (S K (B (I S) S) B) (K (K (B B) (I v0))))
v11 (S z) (x (B K v23 z) (S K (B (I S) S) B) (K (K (B B) (I v0))))
v11 (S z) (x (K (v23 z)) (S K (B (I S) S) B) (K (K (B B) (I v0))))
v11 (S z) (x (K (v23 z)) (K B (B (I S) S B)) (K (K (B B) (I v0))))
v11 (S z) (x (K (v23 z)) B (K (K (B B) (I v0))))
v11 (S z) (x (K (v23 z)) B (K (B B)))
S I
x (x S (I S K I)) S K (K (S S (S S) x)) I K (K K z (K (v2 K))) (x (x (S S v30) (x x)) v28 S)
x (x S (S K I)) S K (K (S S (S S) x)) I K (K K z (K (v2 K))) (x (x (S S v30) (x x)) v28 S)
x (x S (S K I)) S K (K (S x (S S x))) I K (K K z (K (v2 K))) (x (x (S S v30) (x x)) v28 S)
x (x S (S K I)) S K (K (S x (S S x))) I K (K (K (v2 K))) (x (x (S S v30) (x x)) v28 S)
B
K x (B (x (v2 v28))) z (K B B x) (v28 (v23 S) (z S (z S (z S) B B K) B)) x
x z (K B B x) (v28 (v23 S) (z S (z S (z S) B B K) B)) x
x z (B x) (v28 (v23 S) (z S (z S (z S) B B K) B)) x
