x I S
K (I (z (x S B) S B)) v3 (z I (x (S x) (v24 x) (K (z (I v16))) (z z) x) (S I) v30)
I (z (x S B) S B) (z I (x (S x) (v24 x) (K (z (I v16))) (z z) x) (S I) v30)
z (x S B) S B (z I (x (S x) (v24 x) (K (z (I v16))) (z z) x) (S I) v30)
z (x S B) S B (z I (x (S x) (v24 x) (K (z v16)) (z z) x) (S I) v30)
z v29 (I v2) (K (S x v19) (B z) (z I)) B (K x B (S z z) (K K K I) x) (I (x x)) K (x v29 (x S (v5 v24 (B (S S) (K (S I) S))) (K x) (I z (z v27 S) x) (S K (v13 v2 (I (x (v11 (I I) B)))) S)))
z v29 v2 (K (S x v19) (B z) (z I)) B (K x B (S z z) (K K K I) x) (I (x x)) K (x v29 (x S (v5 v24 (B (S S) (K (S I) S))) (K x) (I z (z v27 S) x) (S K (v13 v2 (I (x (v11 (I I) B)))) S)))
z v29 v2 (S x v19 (z I)) B (K x B (S z z) (K K K I) x) (I (x x)) K (x v29 (x S (v5 v24 (B (S S) (K (S I) S))) (K x) (I z (z v27 S) x) (S K (v13 v2 (I (x (v11 (I I) B)))) S)))
z v29 v2 (x (z I) (v19 (z I))) B (K x B (S z z) (K K K I) x) (I (x x)) K (x v29 (x S (v5 v24 (B (S S) (K (S I) S))) (K x) (I z (z v27 S) x) (S K (v13 v2 (I (x (v11 (I I) B)))) S)))
z v29 v2 (x (z I) (v19 (z I))) B (x (S z z) (K K K I) x) (I (x x)) K (x v29 (x S (v5 v24 (B (S S) (K (S I) S))) (K x) (I z (z v27 S) x) (S K (v13 v2 (I (x (v11 (I I) B)))) S)))
z v29 v2 (x (z I) (v19 (z I))) B (x (S z z) (K I) x) (I (x x)) K (x v29 (x S (v5 v24 (B (S S) (K (S I) S))) (K x) (I z (z v27 S) x) (S K (v13 v2 (I (x (v11 (I I) B)))) S)))
z v29 v2 (x (z I) (v19 (z I))) B (x (S z z) (K I) x) (x x) K (x v29 (x S (v5 v24 (B (S S) (K (S I) S))) (K x) (I z (z v27 S) x) (S K (v13 v2 (I (x (v11 (I I) B)))) S)))
z v29 v2 (x (z I) (v19 (z I))) B (x (S z z) (K I) x) (x x) K (x v29 (x S (v5 v24 (B (S S) (S I))) (K x) (I z (z v27 S) x) (S K (v13 v2 (I (x (v11 (I I) B)))) S)))
z v29 v2 (x (z I) (v19 (z I))) B (x (S z z) (K I) x) (x x) K (x v29 (x S (v5 v24 (B (S S) (S I))) (K x) (z (z v27 S) x) (S K (v13 v2 (I (x (v11 (I I) B)))) S)))
z v29 v2 (x (z I) (v19 (z I))) B (x (S z z) (K I) x) (x x) K (x v29 (x S (v5 v24 (B (S S) (S I))) (K x) (z (z v27 S) x) (K S (v13 v2 (I (x (v11 (I I) B))) S))))
z v29 v2 (x (z I) (v19 (z I))) B (x (S z z) (K I) x) (x x) K (x v29 (x S (v5 v24 (B (S S) (S I))) (K x) (z (z v27 S) x) S))
z
I z
z
v23 B z (K (z (v26 S) (K B (I x) (K z z)) (x (K (x (z (z v27) x I K)) (v19 x)) B x)))
v23 B z (K (z (v26 S) (B (K z z)) (x (K (x (z (z v27) x I K)) (v19 x)) B x)))
v23 B z (K (z (v26 S) (B z) (x (K (x (z (z v27) x I K)) (v19 x)) B x)))
v23 B z (K (z (v26 S) (B z) (x (x (z (z v27) x I K)) B x)))
v27
K (z (x (B (x (S K)) v25 z (z (x K)))) (z v20)) (K x) (v5 (v2 (x (K (S x) I z) (z S) z (I (v17 (x x) (I x))))) (S K B (I K)))
z (x (B (x (S K)) v25 z (z (x K)))) (z v20) (v5 (v2 (x (K (S x) I z) (z S) z (I (v17 (x x) (I x))))) (S K B (I K)))
z (x (x (S K) (v25 z) (z (x K)))) (z v20) (v5 (v2 (x (K (S x) I z) (z S) z (I (v17 (x x) (I x))))) (S K B (I K)))
z (x (x (S K) (v25 z) (z (x K)))) (z v20) (v5 (v2 (x (S x z) (z S) z (I (v17 (x x) (I x))))) (S K B (I K)))
z (x (x (S K) (v25 z) (z (x K)))) (z v20) (v5 (v2 (x (S x z) (z S) z (v17 (x x) (I x)))) (S K B (I K)))
z (x (x (S K) (v25 z) (z (x K)))) (z v20) (v5 (v2 (x (S x z) (z S) z (v17 (x x) x))) (S K B (I K)))
z (x (x (S K) (v25 z) (z (x K)))) (z v20) (v5 (v2 (x (S x z) (z S) z (v17 (x x) x))) (K (I K) (B (I K))))
z (x (x (S K) (v25 z) (z (x K)))) (z v20) (v5 (v2 (x (S x z) (z S) z (v17 (x x) x))) (I K))
z (x (x (S K) (v25 z) (z (x K)))) (z v20) (v5 (v2 (x (S x z) (z S) z (v17 (x x) x))) K)
K (x (I v21) v22 (z v6)) (S (v13 (v23 B) z))
x (I v21) v22 (z v6)
x v21 v22 (z v6)
I (S v0 x) K (I (B S (x B) K) (B v10 x v23 (I (x x))) (I I I)) (I (B (I (K (x I (I (x v7 v30))) S) (B z (S x))) K I) (x (S (I v3 (S x B))) (v2 (S z (B (K (z (x z)) (x B)) z)))))
S v0 x K (I (B S (x B) K) (B v10 x v23 (I (x x))) (I I I)) (I (B (I (K (x I (I (x v7 v30))) S) (B z (S x))) K I) (x (S (I v3 (S x B))) (v2 (S z (B (K (z (x z)) (x B)) z)))))
v0 K (x K) (I (B S (x B) K) (B v10 x v23 (I (x x))) (I I I)) (I (B (I (K (x I (I (x v7 v30))) S) (B z (S x))) K I) (x (S (I v3 (S x B))) (v2 (S z (B (K (z (x z)) (x B)) z)))))
v0 K (x K) (B S (x B) K (B v10 x v23 (I (x x))) (I I I)) (I (B (I (K (x I (I (x v7 v30))) S) (B z (S x))) K I) (x (S (I v3 (S x B))) (v2 (S z (B (K (z (x z)) (x B)) z)))))
v0 K (x K) (S (x B K) (B v10 x v23 (I (x x))) (I I I)) (I (B (I (K (x I (I (x v7 v30))) S) (B z (S x))) K I) (x (S (I v3 (S x B))) (v2 (S z (B (K (z (x z)) (x B)) z)))))
v0 K (x K) (x B K (I I I) (B v10 x v23 (I (x x)) (I I I))) (I (B (I (K (x I (I (x v7 v30))) S) (B z (S x))) K I) (x (S (I v3 (S x B))) (v2 (S z (B (K (z (x z)) (x B)) z)))))
v0 K (x K) (x B K (I I) (B v10 x v23 (I (x x)) (I I I))) (I (B (I (K (x I (I (x v7 v30))) S) (B z (S x))) K I) (x (S (I v3 (S x B))) (v2 (S z (B (K (z (x z)) (x B)) z)))))
v0 K (x K) (x B K I (B v10 x v23 (I (x x)) (I I I))) (I (B (I (K (x I (I (x v7 v30))) S) (B z (S x))) K I) (x (S (I v3 (S x B))) (v2 (S z (B (K (z (x z)) (x B)) z)))))
v0 K (x K) (x B K I (v10 (x v23) (I (x x)) (I I I))) (I (B (I (K (x I (I (x v7 v30))) S) (B z (S x))) K I) (x (S (I v3 (S x B))) (v2 (S z (B (K (z (x z)) (x B)) z)))))
v0 K (x K) (x B K I (v10 (x v23) (x x) (I I I))) (I (B (I (K (x I (I (x v7 v30))) S) (B z (S x))) K I) (x (S (I v3 (S x B))) (v2 (S z (B (K (z (x z)) (x B)) z)))))
v0 K (x K) (x B K I (v10 (x v23) (x x) (I I))) (I (B (I (K (x I (I (x v7 v30))) S) (B z (S x))) K I) (x (S (I v3 (S x B))) (v2 (S z (B (K (z (x z)) (x B)) z)))))
v0 K (x K) (x B K I (v10 (x v23) (x x) I)) (I (B (I (K (x I (I (x v7 v30))) S) (B z (S x))) K I) (x (S (I v3 (S x B))) (v2 (S z (B (K (z (x z)) (x B)) z)))))
v0 K (x K) (x B K I (v10 (x v23) (x x) I)) (B (I (K (x I (I (x v7 v30))) S) (B z (S x))) K I (x (S (I v3 (S x B))) (v2 (S z (B (K (z (x z)) (x B)) z)))))
v0 K (x K) (x B K I (v10 (x v23) (x x) I)) (I (K (x I (I (x v7 v30))) S) (B z (S x)) (K I) (x (S (I v3 (S x B))) (v2 (S z (B (K (z (x z)) (x B)) z)))))
v0 K (x K) (x B K I (v10 (x v23) (x x) I)) (K (x I (I (x v7 v30))) S (B z (S x)) (K I) (x (S (I v3 (S x B))) (v2 (S z (B (K (z (x z)) (x B)) z)))))
v0 K (x K) (x B K I (v10 (x v23) (x x) I)) (x I (I (x v7 v30)) (B z (S x)) (K I) (x (S (I v3 (S x B))) (v2 (S z (B (K (z (x z)) (x B)) z)))))
v0 K (x K) (x B K I (v10 (x v23) (x x) I)) (x I (x v7 v30) (B z (S x)) (K I) (x (S (I v3 (S x B))) (v2 (S z (B (K (z (x z)) (x B)) z)))))
v0 K (x K) (x B K I (v10 (x v23) (x x) I)) (x I (x v7 v30) (B z (S x)) (K I) (x (S (v3 (S x B))) (v2 (S z (B (K (z (x z)) (x B)) z)))))
v0 K (x K) (x B K I (v10 (x v23) (x x) I)) (x I (x v7 v30) (B z (S x)) (K I) (x (S (v3 (S x B))) (v2 (S z (B (z (x z)) z)))))
