x (z v7 z) (v19 (I x (S (I v22))) K) (K (S S (I (z v8 (x (x (v15 z) z)))) (z (I B) (K K) B S))) (v19 K I) (B B (S (B x)) (S (K v3) (x v6)) S (x (z B v30 (S (K (B I))) (x (I K)))) v6 (I (I (B x (B S)) (B S) (v8 B))) S x)
x (z v7 z) (v19 (x (S (I v22))) K) (K (S S (I (z v8 (x (x (v15 z) z)))) (z (I B) (K K) B S))) (v19 K I) (B B (S (B x)) (S (K v3) (x v6)) S (x (z B v30 (S (K (B I))) (x (I K)))) v6 (I (I (B x (B S)) (B S) (v8 B))) S x)
x (z v7 z) (v19 (x (S v22)) K) (K (S S (I (z v8 (x (x (v15 z) z)))) (z (I B) (K K) B S))) (v19 K I) (B B (S (B x)) (S (K v3) (x v6)) S (x (z B v30 (S (K (B I))) (x (I K)))) v6 (I (I (B x (B S)) (B S) (v8 B))) S x)
x (z v7 z) (v19 (x (S v22)) K) (K (S (z (I B) (K K) B S) (I (z v8 (x (x (v15 z) z))) (z (I B) (K K) B S)))) (v19 K I) (B B (S (B x)) (S (K v3) (x v6)) S (x (z B v30 (S (K (B I))) (x (I K)))) v6 (I (I (B x (B S)) (B S) (v8 B))) S x)
x (z v7 z) (v19 (x (S v22)) K) (K (S (z B (K K) B S) (I (z v8 (x (x (v15 z) z))) (z (I B) (K K) B S)))) (v19 K I) (B B (S (B x)) (S (K v3) (x v6)) S (x (z B v30 (S (K (B I))) (x (I K)))) v6 (I (I (B x (B S)) (B S) (v8 B))) S x)
x (z v7 z) (v19 (x (S v22)) K) (K (S (z B (K K) B S) (z v8 (x (x (v15 z) z)) (z (I B) (K K) B S)))) (v19 K I) (B B (S (B x)) (S (K v3) (x v6)) S (x (z B v30 (S (K (B I))) (x (I K)))) v6 (I (I (B x (B S)) (B S) (v8 B))) S x)
x (z v7 z) (v19 (x (S v22)) K) (K (S (z B (K K) B S) (z v8 (x (x (v15 z) z)) (z B (K K) B S)))) (v19 K I) (B B (S (B x)) (S (K v3) (x v6)) S (x (z B v30 (S (K (B I))) (x (I K)))) v6 (I (I (B x (B S)) (B S) (v8 B))) S x)
x (z v7 z) (v19 (x (S v22)) K) (K (S (z B (K K) B S) (z v8 (x (x (v15 z) z)) (z B (K K) B S)))) (v19 K I) (B (S (B x) (S (K v3) (x v6))) S (x (z B v30 (S (K (B I))) (x (I K)))) v6 (I (I (B x (B S)) (B S) (v8 B))) S x)
x (z v7 z) (v19 (x (S v22)) K) (K (S (z B (K K) B S) (z v8 (x (x (v15 z) z)) (z B (K K) B S)))) (v19 K I) (S (B x) (S (K v3) (x v6)) (S (x (z B v30 (S (K (B I))) (x (I K))))) v6 (I (I (B x (B S)) (B S) (v8 B))) S x)
x (z v7 z) (v19 (x (S v22)) K) (K (S (z B (K K) B S) (z v8 (x (x (v15 z) z)) (z B (K K) B S)))) (v19 K I) (B x (S (x (z B v30 (S (K (B I))) (x (I K))))) (S (K v3) (x v6) (S (x (z B v30 (S (K (B I))) (x (I K)))))) v6 (I (I (B x (B S)) (B S) (v8 B))) S x)
x (z v7 z) (v19 (x (S v22)) K) (K (S (z B (K K) B S) (z v8 (x (x (v15 z) z)) (z B (K K) B S)))) (v19 K I) (x (S (x (z B v30 (S (K (B I))) (x (I K)))) (S (K v3) (x v6) (S (x (z B v30 (S (K (B I))) (x (I K))))))) v6 (I (I (B x (B S)) (B S) (v8 B))) S x)
x (z v7 z) (v19 (x (S v22)) K) (K (S (z B (K K) B S) (z v8 (x (x (v15 z) z)) (z B (K K) B S)))) (v19 K I) (x (S (x (z B v30 (S (K (B I))) (x K))) (S (K v3) (x v6) (S (x (z B v30 (S (K (B I))) (x (I K))))))) v6 (I (I (B x (B S)) (B S) (v8 B))) S x)
x (z v7 z) (v19 (x (S v22)) K) (K (S (z B (K K) B S) (z v8 (x (x (v15 z) z)) (z B (K K) B S)))) (v19 K I) (x (S (x (z B v30 (S (K (B I))) (x K))) (K v3 (S (x (z B v30 (S (K (B I))) (x (I K))))) (x v6 (S (x (z B v30 (S (K (B I))) (x (I K)))))))) v6 (I (I (B x (B S)) (B S) (v8 B))) S x)
x (z v7 z) (v19 (x (S v22)) K) (K (S (z B (K K) B S) (z v8 (x (x (v15 z) z)) (z B (K K) B S)))) (v19 K I) (x (S (x (z B v30 (S (K (B I))) (x K))) (v3 (x v6 (S (x (z B v30 (S (K (B I))) (x (I K)))))))) v6 (I (I (B x (B S)) (B S) (v8 B))) S x)
x (z v7 z) (v19 (x (S v22)) K) (K (S (z B (K K) B S) (z v8 (x (x (v15 z) z)) (z B (K K) B S)))) (v19 K I) (x (S (x (z B v30 (S (K (B I))) (x K))) (v3 (x v6 (S (x (z B v30 (S (K (B I))) (x K))))))) v6 (I (I (B x (B S)) (B S) (v8 B))) S x)
x (z v7 z) (v19 (x (S v22)) K) (K (S (z B (K K) B S) (z v8 (x (x (v15 z) z)) (z B (K K) B S)))) (v19 K I) (x (S (x (z B v30 (S (K (B I))) (x K))) (v3 (x v6 (S (x (z B v30 (S (K (B I))) (x K))))))) v6 (I (B x (B S)) (B S) (v8 B)) S x)
x (z v7 z) (v19 (x (S v22)) K) (K (S (z B (K K) B S) (z v8 (x (x (v15 z) z)) (z B (K K) B S)))) (v19 K I) (x (S (x (z B v30 (S (K (B I))) (x K))) (v3 (x v6 (S (x (z B v30 (S (K (B I))) (x K))))))) v6 (B x (B S) (B S) (v8 B)) S x)
x (z v7 z) (v19 (x (S v22)) K) (K (S (z B (K K) B S) (z v8 (x (x (v15 z) z)) (z B (K K) B S)))) (v19 K I) (x (S (x (z B v30 (S (K (B I))) (x K))) (v3 (x v6 (S (x (z B v30 (S (K (B I))) (x K))))))) v6 (x (B S (B S)) (v8 B)) S x)
I (x (K (S v24)) S x (B (x (z v5 x)) I) (S (B (K (I v7)) S) (v15 (x S) B) (v30 K))) S B
x (K (S v24)) S x (B (x (z v5 x)) I) (S (B (K (I v7)) S) (v15 (x S) B) (v30 K)) S B
x (K (S v24)) S x (B (x (z v5 x)) I) (B (K (I v7)) S (v30 K) (v15 (x S) B (v30 K))) S B
x (K (S v24)) S x (B (x (z v5 x)) I) (K (I v7) (S (v30 K)) (v15 (x S) B (v30 K))) S B
x (K (S v24)) S x (B (x (z v5 x)) I) (I v7 (v15 (x S) B (v30 K))) S B
x (K (S v24)) S x (B (x (z v5 x)) I) (v7 (v15 (x S) B (v30 K))) S B
S (v14 v15 x)
B K v5 B
K (v5 B)
v10 z z K K (z (K (S z (x S z) S (I (B S (x z x)) v4)) (z v10))) (x (z B (I v4 (v2 z) (K (S (K K)) x)) x B))
v10 z z K K (z (S z (x S z) S (I (B S (x z x)) v4))) (x (z B (I v4 (v2 z) (K (S (K K)) x)) x B))
v10 z z K K (z (z S (x S z S) (I (B S (x z x)) v4))) (x (z B (I v4 (v2 z) (K (S (K K)) x)) x B))
v10 z z K K (z (z S (x S z S) (B S (x z x) v4))) (x (z B (I v4 (v2 z) (K (S (K K)) x)) x B))
v10 z z K K (z (z S (x S z S) (S (x z x v4)))) (x (z B (I v4 (v2 z) (K (S (K K)) x)) x B))
v10 z z K K (z (z S (x S z S) (S (x z x v4)))) (x (z B (v4 (v2 z) (K (S (K K)) x)) x B))
v10 z z K K (z (z S (x S z S) (S (x z x v4)))) (x (z B (v4 (v2 z) (S (K K))) x B))
B (K (z (I K)) (v30 K) (K v7 I (S (x I)) (K (I (I v26 z)))) K) x (B v22) (x (K (v30 (x (I K))) (z z)) (B (S (K (I K K)))) (K z x x) K (B v12 v30 (I z (x (z x S K))) (v7 S (B K) I)) (v20 (K B) (K (B (S x)) (z (x x))) x (v4 (v12 (v3 (z (x (K B)))) (I (I (v5 (K B) (x x)))))) B))
K (z (I K)) (v30 K) (K v7 I (S (x I)) (K (I (I v26 z)))) K (x (B v22)) (x (K (v30 (x (I K))) (z z)) (B (S (K (I K K)))) (K z x x) K (B v12 v30 (I z (x (z x S K))) (v7 S (B K) I)) (v20 (K B) (K (B (S x)) (z (x x))) x (v4 (v12 (v3 (z (x (K B)))) (I (I (v5 (K B) (x x)))))) B))
z (I K) (K v7 I (S (x I)) (K (I (I v26 z)))) K (x (B v22)) (x (K (v30 (x (I K))) (z z)) (B (S (K (I K K)))) (K z x x) K (B v12 v30 (I z (x (z x S K))) (v7 S (B K) I)) (v20 (K B) (K (B (S x)) (z (x x))) x (v4 (v12 (v3 (z (x (K B)))) (I (I (v5 (K B) (x x)))))) B))
z K (K v7 I (S (x I)) (K (I (I v26 z)))) K (x (B v22)) (x (K (v30 (x (I K))) (z z)) (B (S (K (I K K)))) (K z x x) K (B v12 v30 (I z (x (z x S K))) (v7 S (B K) I)) (v20 (K B) (K (B (S x)) (z (x x))) x (v4 (v12 (v3 (z (x (K B)))) (I (I (v5 (K B) (x x)))))) B))
z K (v7 (S (x I)) (K (I (I v26 z)))) K (x (B v22)) (x (K (v30 (x (I K))) (z z)) (B (S (K (I K K)))) (K z x x) K (B v12 v30 (I z (x (z x S K))) (v7 S (B K) I)) (v20 (K B) (K (B (S x)) (z (x x))) x (v4 (v12 (v3 (z (x (K B)))) (I (I (v5 (K B) (x x)))))) B))
z K (v7 (S (x I)) (K (I v26 z))) K (x (B v22)) (x (K (v30 (x (I K))) (z z)) (B (S (K (I K K)))) (K z x x) K (B v12 v30 (I z (x (z x S K))) (v7 S (B K) I)) (v20 (K B) (K (B (S x)) (z (x x))) x (v4 (v12 (v3 (z (x (K B)))) (I (I (v5 (K B) (x x)))))) B))
z K (v7 (S (x I)) (K (v26 z))) K (x (B v22)) (x (K (v30 (x (I K))) (z z)) (B (S (K (I K K)))) (K z x x) K (B v12 v30 (I z (x (z x S K))) (v7 S (B K) I)) (v20 (K B) (K (B (S x)) (z (x x))) x (v4 (v12 (v3 (z (x (K B)))) (I (I (v5 (K B) (x x)))))) B))
z K (v7 (S (x I)) (K (v26 z))) K (x (B v22)) (x (v30 (x (I K))) (B (S (K (I K K)))) (K z x x) K (B v12 v30 (I z (x (z x S K))) (v7 S (B K) I)) (v20 (K B) (K (B (S x)) (z (x x))) x (v4 (v12 (v3 (z (x (K B)))) (I (I (v5 (K B) (x x)))))) B))
z K (v7 (S (x I)) (K (v26 z))) K (x (B v22)) (x (v30 (x K)) (B (S (K (I K K)))) (K z x x) K (B v12 v30 (I z (x (z x S K))) (v7 S (B K) I)) (v20 (K B) (K (B (S x)) (z (x x))) x (v4 (v12 (v3 (z (x (K B)))) (I (I (v5 (K B) (x x)))))) B))
z K (v7 (S (x I)) (K (v26 z))) K (x (B v22)) (x (v30 (x K)) (B (S (K (K K)))) (K z x x) K (B v12 v30 (I z (x (z x S K))) (v7 S (B K) I)) (v20 (K B) (K (B (S x)) (z (x x))) x (v4 (v12 (v3 (z (x (K B)))) (I (I (v5 (K B) (x x)))))) B))
z K (v7 (S (x I)) (K (v26 z))) K (x (B v22)) (x (v30 (x K)) (B (S (K (K K)))) (z x) K (B v12 v30 (I z (x (z x S K))) (v7 S (B K) I)) (v20 (K B) (K (B (S x)) (z (x x))) x (v4 (v12 (v3 (z (x (K B)))) (I (I (v5 (K B) (x x)))))) B))
z K (v7 (S (x I)) (K (v26 z))) K (x (B v22)) (x (v30 (x K)) (B (S (K (K K)))) (z x) K (v12 (v30 (I z (x (z x S K)))) (v7 S (B K) I)) (v20 (K B) (K (B (S x)) (z (x x))) x (v4 (v12 (v3 (z (x (K B)))) (I (I (v5 (K B) (x x)))))) B))
z K (v7 (S (x I)) (K (v26 z))) K (x (B v22)) (x (v30 (x K)) (B (S (K (K K)))) (z x) K (v12 (v30 (z (x (z x S K)))) (v7 S (B K) I)) (v20 (K B) (K (B (S x)) (z (x x))) x (v4 (v12 (v3 (z (x (K B)))) (I (I (v5 (K B) (x x)))))) B))
z K (v7 (S (x I)) (K (v26 z))) K (x (B v22)) (x (v30 (x K)) (B (S (K (K K)))) (z x) K (v12 (v30 (z (x (z x S K)))) (v7 S (B K) I)) (v20 (K B) (B (S x)) x (v4 (v12 (v3 (z (x (K B)))) (I (I (v5 (K B) (x x)))))) B))
z K (v7 (S (x I)) (K (v26 z))) K (x (B v22)) (x (v30 (x K)) (B (S (K (K K)))) (z x) K (v12 (v30 (z (x (z x S K)))) (v7 S (B K) I)) (v20 (K B) (B (S x)) x (v4 (v12 (v3 (z (x (K B)))) (I (v5 (K B) (x x))))) B))
z K (v7 (S (x I)) (K (v26 z))) K (x (B v22)) (x (v30 (x K)) (B (S (K (K K)))) (z x) K (v12 (v30 (z (x (z x S K)))) (v7 S (B K) I)) (v20 (K B) (B (S x)) x (v4 (v12 (v3 (z (x (K B)))) (v5 (K B) (x x)))) B))
z B (K I B) (B v25) S
z B I (B v25) S
K (I S (v23 S) (I S (S (v27 (I v2)) (B (x K (z z)) K))) (I (v20 x))) (v9 (z x K (z (S K)) K v8) I z)
I S (v23 S) (I S (S (v27 (I v2)) (B (x K (z z)) K))) (I (v20 x))
S (v23 S) (I S (S (v27 (I v2)) (B (x K (z z)) K))) (I (v20 x))
v23 S (I (v20 x)) (I S (S (v27 (I v2)) (B (x K (z z)) K)) (I (v20 x)))
v23 S (v20 x) (I S (S (v27 (I v2)) (B (x K (z z)) K)) (I (v20 x)))
v23 S (v20 x) (S (S (v27 (I v2)) (B (x K (z z)) K)) (I (v20 x)))
v23 S (v20 x) (S (S (v27 v2) (B (x K (z z)) K)) (I (v20 x)))
v23 S (v20 x) (S (S (v27 v2) (B (x K (z z)) K)) (v20 x))
x (z (x B) B (I v25)) (B z (v20 (I B)) v6 (z (v29 (B z)) (I (v16 z z)))) (x z (v18 (K (z S B)) z) (z (B v11 K) S))
x (z (x B) B v25) (B z (v20 (I B)) v6 (z (v29 (B z)) (I (v16 z z)))) (x z (v18 (K (z S B)) z) (z (B v11 K) S))
x (z (x B) B v25) (z (v20 (I B) v6) (z (v29 (B z)) (I (v16 z z)))) (x z (v18 (K (z S B)) z) (z (B v11 K) S))
x (z (x B) B v25) (z (v20 B v6) (z (v29 (B z)) (I (v16 z z)))) (x z (v18 (K (z S B)) z) (z (B v11 K) S))
x (z (x B) B v25) (z (v20 B v6) (z (v29 (B z)) (v16 z z))) (x z (v18 (K (z S B)) z) (z (B v11 K) S))
v18 B (S K S (K S I) (v9 S))
v18 B (K (K S I) (S (K S I)) (v9 S))
v18 B (K S I (v9 S))
v18 B (S (v9 S))
