B (K (z z (S (v21 K)))) K x (x (z (z (I (z v5 x I)) (S (x (v15 I) I) (K (x v27) I (S v10))))))
K (z z (S (v21 K))) (K x) (x (z (z (I (z v5 x I)) (S (x (v15 I) I) (K (x v27) I (S v10))))))
z z (S (v21 K)) (x (z (z (I (z v5 x I)) (S (x (v15 I) I) (K (x v27) I (S v10))))))
z z (S (v21 K)) (x (z (z (z v5 x I) (S (x (v15 I) I) (K (x v27) I (S v10))))))
z z (S (v21 K)) (x (z (z (z v5 x I) (S (x (v15 I) I) (x v27 (S v10))))))
B (v12 (B I (K (z (x I)))))
S (z (S z (K x B (B I (K S (S (x K) (z x)))))) (z (z B)))
S (z (S z (x (B I (K S (S (x K) (z x)))))) (z (z B)))
S (z (S z (x (B I S))) (z (z B)))
B I (B (B v20 (I (I (B I B) S) (z (B x) x (I v13))) (S B v30 v19)) K) I (K z (K I) z z (K (K (S (I I z (x S x) v28 S K B)))) (v24 (x (S v26 S (B B (B (K I)) K) x) x)))
I (B (B v20 (I (I (B I B) S) (z (B x) x (I v13))) (S B v30 v19)) K I) (K z (K I) z z (K (K (S (I I z (x S x) v28 S K B)))) (v24 (x (S v26 S (B B (B (K I)) K) x) x)))
B (B v20 (I (I (B I B) S) (z (B x) x (I v13))) (S B v30 v19)) K I (K z (K I) z z (K (K (S (I I z (x S x) v28 S K B)))) (v24 (x (S v26 S (B B (B (K I)) K) x) x)))
B v20 (I (I (B I B) S) (z (B x) x (I v13))) (S B v30 v19) (K I) (K z (K I) z z (K (K (S (I I z (x S x) v28 S K B)))) (v24 (x (S v26 S (B B (B (K I)) K) x) x)))
v20 (I (I (B I B) S) (z (B x) x (I v13)) (S B v30 v19)) (K I) (K z (K I) z z (K (K (S (I I z (x S x) v28 S K B)))) (v24 (x (S v26 S (B B (B (K I)) K) x) x)))
v20 (I (B I B) S (z (B x) x (I v13)) (S B v30 v19)) (K I) (K z (K I) z z (K (K (S (I I z (x S x) v28 S K B)))) (v24 (x (S v26 S (B B (B (K I)) K) x) x)))
v20 (B I B S (z (B x) x (I v13)) (S B v30 v19)) (K I) (K z (K I) z z (K (K (S (I I z (x S x) v28 S K B)))) (v24 (x (S v26 S (B B (B (K I)) K) x) x)))
v20 (I (B S) (z (B x) x (I v13)) (S B v30 v19)) (K I) (K z (K I) z z (K (K (S (I I z (x S x) v28 S K B)))) (v24 (x (S v26 S (B B (B (K I)) K) x) x)))
v20 (B S (z (B x) x (I v13)) (S B v30 v19)) (K I) (K z (K I) z z (K (K (S (I I z (x S x) v28 S K B)))) (v24 (x (S v26 S (B B (B (K I)) K) x) x)))
v20 (S (z (B x) x (I v13) (S B v30 v19))) (K I) (K z (K I) z z (K (K (S (I I z (x S x) v28 S K B)))) (v24 (x (S v26 S (B B (B (K I)) K) x) x)))
v20 (S (z (B x) x v13 (S B v30 v19))) (K I) (K z (K I) z z (K (K (S (I I z (x S x) v28 S K B)))) (v24 (x (S v26 S (B B (B (K I)) K) x) x)))
v20 (S (z (B x) x v13 (B v19 (v30 v19)))) (K I) (K z (K I) z z (K (K (S (I I z (x S x) v28 S K B)))) (v24 (x (S v26 S (B B (B (K I)) K) x) x)))
v20 (S (z (B x) x v13 (B v19 (v30 v19)))) (K I) (z z z (K (K (S (I I z (x S x) v28 S K B)))) (v24 (x (S v26 S (B B (B (K I)) K) x) x)))
v20 (S (z (B x) x v13 (B v19 (v30 v19)))) (K I) (z z z (K (K (S (I z (x S x) v28 S K B)))) (v24 (x (S v26 S (B B (B (K I)) K) x) x)))
v20 (S (z (B x) x v13 (B v19 (v30 v19)))) (K I) (z z z (K (K (S (z (x S x) v28 S K B)))) (v24 (x (S v26 S (B B (B (K I)) K) x) x)))
v20 (S (z (B x) x v13 (B v19 (v30 v19)))) (K I) (z z z (K (K (S (z (x S x) v28 S K B)))) (v24 (x (v26 (B B (B (K I)) K) (S (B B (B (K I)) K)) x) x)))
v20 (S (z (B x) x v13 (B v19 (v30 v19)))) (K I) (z z z (K (K (S (z (x S x) v28 S K B)))) (v24 (x (v26 (B (B (K I) K)) (S (B B (B (K I)) K)) x) x)))
v20 (S (z (B x) x v13 (B v19 (v30 v19)))) (K I) (z z z (K (K (S (z (x S x) v28 S K B)))) (v24 (x (v26 (B (B (K I) K)) (S (B (B (K I) K))) x) x)))
z (B (v19 K) (v21 v9) (x (v20 v21 (K (K z))))) (B K I (B (K B) I)) (v22 K) I
z (v19 K (v21 v9 (x (v20 v21 (K (K z)))))) (B K I (B (K B) I)) (v22 K) I
z (v19 K (v21 v9 (x (v20 v21 (K (K z)))))) (K (I (B (K B) I))) (v22 K) I
z (v19 K (v21 v9 (x (v20 v21 (K (K z)))))) (K (B (K B) I)) (v22 K) I
K S B (x (z B)) (v19 (K (B (K (K (x I))) (K B))) v11 B x (S x)) (z I) (z (I v22) v29 (B (x z)) z (K (z x (S x) (z v11 S) x) B) v25 K (B B (I (B S x K) x (B S x z (x B))) z) (z (I (x (v14 (x (K (B K)) S z)))) x))
S (x (z B)) (v19 (K (B (K (K (x I))) (K B))) v11 B x (S x)) (z I) (z (I v22) v29 (B (x z)) z (K (z x (S x) (z v11 S) x) B) v25 K (B B (I (B S x K) x (B S x z (x B))) z) (z (I (x (v14 (x (K (B K)) S z)))) x))
x (z B) (z I) (v19 (K (B (K (K (x I))) (K B))) v11 B x (S x) (z I)) (z (I v22) v29 (B (x z)) z (K (z x (S x) (z v11 S) x) B) v25 K (B B (I (B S x K) x (B S x z (x B))) z) (z (I (x (v14 (x (K (B K)) S z)))) x))
x (z B) (z I) (v19 (K (B (K (K (x I))) (K B))) v11 B x (S x) (z I)) (z v22 v29 (B (x z)) z (K (z x (S x) (z v11 S) x) B) v25 K (B B (I (B S x K) x (B S x z (x B))) z) (z (I (x (v14 (x (K (B K)) S z)))) x))
x (z B) (z I) (v19 (K (B (K (K (x I))) (K B))) v11 B x (S x) (z I)) (z v22 v29 (B (x z)) z (z x (S x) (z v11 S) x) v25 K (B B (I (B S x K) x (B S x z (x B))) z) (z (I (x (v14 (x (K (B K)) S z)))) x))
x (z B) (z I) (v19 (K (B (K (K (x I))) (K B))) v11 B x (S x) (z I)) (z v22 v29 (B (x z)) z (z x (S x) (z v11 S) x) v25 K (B (I (B S x K) x (B S x z (x B)) z)) (z (I (x (v14 (x (K (B K)) S z)))) x))
x (z B) (z I) (v19 (K (B (K (K (x I))) (K B))) v11 B x (S x) (z I)) (z v22 v29 (B (x z)) z (z x (S x) (z v11 S) x) v25 K (B (B S x K x (B S x z (x B)) z)) (z (I (x (v14 (x (K (B K)) S z)))) x))
x (z B) (z I) (v19 (K (B (K (K (x I))) (K B))) v11 B x (S x) (z I)) (z v22 v29 (B (x z)) z (z x (S x) (z v11 S) x) v25 K (B (S (x K) x (B S x z (x B)) z)) (z (I (x (v14 (x (K (B K)) S z)))) x))
x (z B) (z I) (v19 (K (B (K (K (x I))) (K B))) v11 B x (S x) (z I)) (z v22 v29 (B (x z)) z (z x (S x) (z v11 S) x) v25 K (B (x K (B S x z (x B)) (x (B S x z (x B))) z)) (z (I (x (v14 (x (K (B K)) S z)))) x))
x (z B) (z I) (v19 (K (B (K (K (x I))) (K B))) v11 B x (S x) (z I)) (z v22 v29 (B (x z)) z (z x (S x) (z v11 S) x) v25 K (B (x K (S (x z) (x B)) (x (B S x z (x B))) z)) (z (I (x (v14 (x (K (B K)) S z)))) x))
x (z B) (z I) (v19 (K (B (K (K (x I))) (K B))) v11 B x (S x) (z I)) (z v22 v29 (B (x z)) z (z x (S x) (z v11 S) x) v25 K (B (x K (S (x z) (x B)) (x (S (x z) (x B))) z)) (z (I (x (v14 (x (K (B K)) S z)))) x))
x (z B) (z I) (v19 (K (B (K (K (x I))) (K B))) v11 B x (S x) (z I)) (z v22 v29 (B (x z)) z (z x (S x) (z v11 S) x) v25 K (B (x K (S (x z) (x B)) (x (S (x z) (x B))) z)) (z (x (v14 (x (K (B K)) S z))) x))
z (I (I (B I S B (z K v30) (I (z K)) (K I v23 S z)))) (K (K (z (K v19) (x K))) z (z (B (K B) I (K K) (I B B (z I (K x I) (z S K (x (v22 S) x S))))) z))
z (I (B I S B (z K v30) (I (z K)) (K I v23 S z))) (K (K (z (K v19) (x K))) z (z (B (K B) I (K K) (I B B (z I (K x I) (z S K (x (v22 S) x S))))) z))
z (B I S B (z K v30) (I (z K)) (K I v23 S z)) (K (K (z (K v19) (x K))) z (z (B (K B) I (K K) (I B B (z I (K x I) (z S K (x (v22 S) x S))))) z))
z (I (S B) (z K v30) (I (z K)) (K I v23 S z)) (K (K (z (K v19) (x K))) z (z (B (K B) I (K K) (I B B (z I (K x I) (z S K (x (v22 S) x S))))) z))
z (S B (z K v30) (I (z K)) (K I v23 S z)) (K (K (z (K v19) (x K))) z (z (B (K B) I (K K) (I B B (z I (K x I) (z S K (x (v22 S) x S))))) z))
z (B (I (z K)) (z K v30 (I (z K))) (K I v23 S z)) (K (K (z (K v19) (x K))) z (z (B (K B) I (K K) (I B B (z I (K x I) (z S K (x (v22 S) x S))))) z))
z (I (z K) (z K v30 (I (z K)) (K I v23 S z))) (K (K (z (K v19) (x K))) z (z (B (K B) I (K K) (I B B (z I (K x I) (z S K (x (v22 S) x S))))) z))
z (z K (z K v30 (I (z K)) (K I v23 S z))) (K (K (z (K v19) (x K))) z (z (B (K B) I (K K) (I B B (z I (K x I) (z S K (x (v22 S) x S))))) z))
z (z K (z K v30 (z K) (K I v23 S z))) (K (K (z (K v19) (x K))) z (z (B (K B) I (K K) (I B B (z I (K x I) (z S K (x (v22 S) x S))))) z))
z (z K (z K v30 (z K) (I S z))) (K (K (z (K v19) (x K))) z (z (B (K B) I (K K) (I B B (z I (K x I) (z S K (x (v22 S) x S))))) z))
z (z K (z K v30 (z K) (S z))) (K (K (z (K v19) (x K))) z (z (B (K B) I (K K) (I B B (z I (K x I) (z S K (x (v22 S) x S))))) z))
z (z K (z K v30 (z K) (S z))) (K (z (K v19) (x K)) (z (B (K B) I (K K) (I B B (z I (K x I) (z S K (x (v22 S) x S))))) z))
z (z K (z K v30 (z K) (S z))) (z (K v19) (x K))
K K (K (B (x v16 (B S)) S S) K (v2 (K I) (S x (x x (B (S S)) S)) (I (K x))) B (K (v12 S B B) (K x) K (z x (v15 S)) x)) v13
K v13
v26
I (v1 (S B) (I S)) (B K) (S z) (I (S v17 B (S x)) (x I (K S) (K S (K (B B))) z (K x (B I I))))
v1 (S B) (I S) (B K) (S z) (I (S v17 B (S x)) (x I (K S) (K S (K (B B))) z (K x (B I I))))
v1 (S B) S (B K) (S z) (I (S v17 B (S x)) (x I (K S) (K S (K (B B))) z (K x (B I I))))
v1 (S B) S (B K) (S z) (S v17 B (S x) (x I (K S) (K S (K (B B))) z (K x (B I I))))
v1 (S B) S (B K) (S z) (v17 (S x) (B (S x)) (x I (K S) (K S (K (B B))) z (K x (B I I))))
v1 (S B) S (B K) (S z) (v17 (S x) (B (S x)) (x I (K S) S z (K x (B I I))))
v1 (S B) S (B K) (S z) (v17 (S x) (B (S x)) (x I (K S) S z x))
