v18 (B (K (S S S) S))
v18 (B (S S S))
K (z (K (K (S (I (z x)) S S))) (x (B S) K K v17)) I (B (I (z (B I) (B I) K)) (v22 (K v26) (x (B (I (I x v9) (K (S S)) (I v2) (z x)) (z (S x)))) (K I (B v18) I (I (v24 (z (I S))) (S K) (z z S)) I)))
z (K (K (S (I (z x)) S S))) (x (B S) K K v17) (B (I (z (B I) (B I) K)) (v22 (K v26) (x (B (I (I x v9) (K (S S)) (I v2) (z x)) (z (S x)))) (K I (B v18) I (I (v24 (z (I S))) (S K) (z z S)) I)))
z (K (K (I (z x) S (S S)))) (x (B S) K K v17) (B (I (z (B I) (B I) K)) (v22 (K v26) (x (B (I (I x v9) (K (S S)) (I v2) (z x)) (z (S x)))) (K I (B v18) I (I (v24 (z (I S))) (S K) (z z S)) I)))
z (K (K (z x S (S S)))) (x (B S) K K v17) (B (I (z (B I) (B I) K)) (v22 (K v26) (x (B (I (I x v9) (K (S S)) (I v2) (z x)) (z (S x)))) (K I (B v18) I (I (v24 (z (I S))) (S K) (z z S)) I)))
z (K (K (z x S (S S)))) (x (B S) K K v17) (B (z (B I) (B I) K) (v22 (K v26) (x (B (I (I x v9) (K (S S)) (I v2) (z x)) (z (S x)))) (K I (B v18) I (I (v24 (z (I S))) (S K) (z z S)) I)))
z (K (K (z x S (S S)))) (x (B S) K K v17) (B (z (B I) (B I) K) (v22 (K v26) (x (B (I x v9 (K (S S)) (I v2) (z x)) (z (S x)))) (K I (B v18) I (I (v24 (z (I S))) (S K) (z z S)) I)))
z (K (K (z x S (S S)))) (x (B S) K K v17) (B (z (B I) (B I) K) (v22 (K v26) (x (B (x v9 (K (S S)) (I v2) (z x)) (z (S x)))) (K I (B v18) I (I (v24 (z (I S))) (S K) (z z S)) I)))
z (K (K (z x S (S S)))) (x (B S) K K v17) (B (z (B I) (B I) K) (v22 (K v26) (x (B (x v9 (K (S S)) v2 (z x)) (z (S x)))) (K I (B v18) I (I (v24 (z (I S))) (S K) (z z S)) I)))
z (K (K (z x S (S S)))) (x (B S) K K v17) (B (z (B I) (B I) K) (v22 (K v26) (x (B (x v9 (K (S S)) v2 (z x)) (z (S x)))) (I I (I (v24 (z (I S))) (S K) (z z S)) I)))
z (K (K (z x S (S S)))) (x (B S) K K v17) (B (z (B I) (B I) K) (v22 (K v26) (x (B (x v9 (K (S S)) v2 (z x)) (z (S x)))) (I (I (v24 (z (I S))) (S K) (z z S)) I)))
z (K (K (z x S (S S)))) (x (B S) K K v17) (B (z (B I) (B I) K) (v22 (K v26) (x (B (x v9 (K (S S)) v2 (z x)) (z (S x)))) (I (v24 (z (I S))) (S K) (z z S) I)))
z (K (K (z x S (S S)))) (x (B S) K K v17) (B (z (B I) (B I) K) (v22 (K v26) (x (B (x v9 (K (S S)) v2 (z x)) (z (S x)))) (v24 (z (I S)) (S K) (z z S) I)))
z (K (K (z x S (S S)))) (x (B S) K K v17) (B (z (B I) (B I) K) (v22 (K v26) (x (B (x v9 (K (S S)) v2 (z x)) (z (S x)))) (v24 (z S) (S K) (z z S) I)))
I (x K x (S (B x v12)) (K (S (S (z v13 (I x) K))) K B (S (I x x (I x z) S) K))) (B (v13 x))
x K x (S (B x v12)) (K (S (S (z v13 (I x) K))) K B (S (I x x (I x z) S) K)) (B (v13 x))
x K x (S (B x v12)) (S (S (z v13 (I x) K)) B (S (I x x (I x z) S) K)) (B (v13 x))
x K x (S (B x v12)) (S (z v13 (I x) K) (S (I x x (I x z) S) K) (B (S (I x x (I x z) S) K))) (B (v13 x))
x K x (S (B x v12)) (z v13 (I x) K (B (S (I x x (I x z) S) K)) (S (I x x (I x z) S) K (B (S (I x x (I x z) S) K)))) (B (v13 x))
x K x (S (B x v12)) (z v13 x K (B (S (I x x (I x z) S) K)) (S (I x x (I x z) S) K (B (S (I x x (I x z) S) K)))) (B (v13 x))
x K x (S (B x v12)) (z v13 x K (B (S (x x (I x z) S) K)) (S (I x x (I x z) S) K (B (S (I x x (I x z) S) K)))) (B (v13 x))
x K x (S (B x v12)) (z v13 x K (B (S (x x (x z) S) K)) (S (I x x (I x z) S) K (B (S (I x x (I x z) S) K)))) (B (v13 x))
x K x (S (B x v12)) (z v13 x K (B (S (x x (x z) S) K)) (I x x (I x z) S (B (S (I x x (I x z) S) K)) (K (B (S (I x x (I x z) S) K))))) (B (v13 x))
x K x (S (B x v12)) (z v13 x K (B (S (x x (x z) S) K)) (x x (I x z) S (B (S (I x x (I x z) S) K)) (K (B (S (I x x (I x z) S) K))))) (B (v13 x))
x K x (S (B x v12)) (z v13 x K (B (S (x x (x z) S) K)) (x x (x z) S (B (S (I x x (I x z) S) K)) (K (B (S (I x x (I x z) S) K))))) (B (v13 x))
x K x (S (B x v12)) (z v13 x K (B (S (x x (x z) S) K)) (x x (x z) S (B (S (x x (I x z) S) K)) (K (B (S (I x x (I x z) S) K))))) (B (v13 x))
x K x (S (B x v12)) (z v13 x K (B (S (x x (x z) S) K)) (x x (x z) S (B (S (x x (x z) S) K)) (K (B (S (I x x (I x z) S) K))))) (B (v13 x))
x K x (S (B x v12)) (z v13 x K (B (S (x x (x z) S) K)) (x x (x z) S (B (S (x x (x z) S) K)) (K (B (S (x x (I x z) S) K))))) (B (v13 x))
x K x (S (B x v12)) (z v13 x K (B (S (x x (x z) S) K)) (x x (x z) S (B (S (x x (x z) S) K)) (K (B (S (x x (x z) S) K))))) (B (v13 x))
S
K
K I (I (I x (I S x)) (S z (z v6))) x (S (z z)) (S x K) (x (I (v19 v11 S B S x (x v7))))
I x (S (z z)) (S x K) (x (I (v19 v11 S B S x (x v7))))
x (S (z z)) (S x K) (x (I (v19 v11 S B S x (x v7))))
x (S (z z)) (S x K) (x (v19 v11 S B S x (x v7)))
v2
B (K S (v14 (v12 (x (z (S K (z K S (K K)))) (x z (x v9))))))
B S
z (K (B (v19 (v27 (I x K x)) B) v21))
z (K (B (v19 (v27 (x K x)) B) v21))
I (x (I S))
x (I S)
x S
