B (z (B S K)) (x (z v9 (K z)) I B (z (K v10 v5 (K I (x x) x) S (I z v22)))) (B (v5 (v12 K) (K (I (z x)) S B (v6 v16) (I (x (S x B))))) (x v12)) (K S z (S (x B (K I (z K)) x) (v9 (z x K) I (S I)) B S I (S (I B (K v17) (B (v27 B))))) (I (I S) (x I) v24 B (I (v28 I) (I B) (x I) (K (B I) B) (x (v22 (v10 v3)) B (z v18 v28)))))
z (B S K) (x (z v9 (K z)) I B (z (K v10 v5 (K I (x x) x) S (I z v22))) (B (v5 (v12 K) (K (I (z x)) S B (v6 v16) (I (x (S x B))))) (x v12))) (K S z (S (x B (K I (z K)) x) (v9 (z x K) I (S I)) B S I (S (I B (K v17) (B (v27 B))))) (I (I S) (x I) v24 B (I (v28 I) (I B) (x I) (K (B I) B) (x (v22 (v10 v3)) B (z v18 v28)))))
z (B S K) (x (z v9 (K z)) I B (z (v10 (K I (x x) x) S (I z v22))) (B (v5 (v12 K) (K (I (z x)) S B (v6 v16) (I (x (S x B))))) (x v12))) (K S z (S (x B (K I (z K)) x) (v9 (z x K) I (S I)) B S I (S (I B (K v17) (B (v27 B))))) (I (I S) (x I) v24 B (I (v28 I) (I B) (x I) (K (B I) B) (x (v22 (v10 v3)) B (z v18 v28)))))
z (B S K) (x (z v9 (K z)) I B (z (v10 (I x) S (I z v22))) (B (v5 (v12 K) (K (I (z x)) S B (v6 v16) (I (x (S x B))))) (x v12))) (K S z (S (x B (K I (z K)) x) (v9 (z x K) I (S I)) B S I (S (I B (K v17) (B (v27 B))))) (I (I S) (x I) v24 B (I (v28 I) (I B) (x I) (K (B I) B) (x (v22 (v10 v3)) B (z v18 v28)))))
z (B S K) (x (z v9 (K z)) I B (z (v10 x S (I z v22))) (B (v5 (v12 K) (K (I (z x)) S B (v6 v16) (I (x (S x B))))) (x v12))) (K S z (S (x B (K I (z K)) x) (v9 (z x K) I (S I)) B S I (S (I B (K v17) (B (v27 B))))) (I (I S) (x I) v24 B (I (v28 I) (I B) (x I) (K (B I) B) (x (v22 (v10 v3)) B (z v18 v28)))))
z (B S K) (x (z v9 (K z)) I B (z (v10 x S (z v22))) (B (v5 (v12 K) (K (I (z x)) S B (v6 v16) (I (x (S x B))))) (x v12))) (K S z (S (x B (K I (z K)) x) (v9 (z x K) I (S I)) B S I (S (I B (K v17) (B (v27 B))))) (I (I S) (x I) v24 B (I (v28 I) (I B) (x I) (K (B I) B) (x (v22 (v10 v3)) B (z v18 v28)))))
z (B S K) (x (z v9 (K z)) I B (z (v10 x S (z v22))) (B (v5 (v12 K) (I (z x) B (v6 v16) (I (x (S x B))))) (x v12))) (K S z (S (x B (K I (z K)) x) (v9 (z x K) I (S I)) B S I (S (I B (K v17) (B (v27 B))))) (I (I S) (x I) v24 B (I (v28 I) (I B) (x I) (K (B I) B) (x (v22 (v10 v3)) B (z v18 v28)))))
z (B S K) (x (z v9 (K z)) I B (z (v10 x S (z v22))) (B (v5 (v12 K) (z x B (v6 v16) (I (x (S x B))))) (x v12))) (K S z (S (x B (K I (z K)) x) (v9 (z x K) I (S I)) B S I (S (I B (K v17) (B (v27 B))))) (I (I S) (x I) v24 B (I (v28 I) (I B) (x I) (K (B I) B) (x (v22 (v10 v3)) B (z v18 v28)))))
z (B S K) (x (z v9 (K z)) I B (z (v10 x S (z v22))) (B (v5 (v12 K) (z x B (v6 v16) (x (S x B)))) (x v12))) (K S z (S (x B (K I (z K)) x) (v9 (z x K) I (S I)) B S I (S (I B (K v17) (B (v27 B))))) (I (I S) (x I) v24 B (I (v28 I) (I B) (x I) (K (B I) B) (x (v22 (v10 v3)) B (z v18 v28)))))
z (B S K) (x (z v9 (K z)) I B (z (v10 x S (z v22))) (B (v5 (v12 K) (z x B (v6 v16) (x (S x B)))) (x v12))) (S (S (x B (K I (z K)) x) (v9 (z x K) I (S I)) B S I (S (I B (K v17) (B (v27 B))))) (I (I S) (x I) v24 B (I (v28 I) (I B) (x I) (K (B I) B) (x (v22 (v10 v3)) B (z v18 v28)))))
z (B S K) (x (z v9 (K z)) I B (z (v10 x S (z v22))) (B (v5 (v12 K) (z x B (v6 v16) (x (S x B)))) (x v12))) (S (x B (K I (z K)) x B (v9 (z x K) I (S I) B) S I (S (I B (K v17) (B (v27 B))))) (I (I S) (x I) v24 B (I (v28 I) (I B) (x I) (K (B I) B) (x (v22 (v10 v3)) B (z v18 v28)))))
z (B S K) (x (z v9 (K z)) I B (z (v10 x S (z v22))) (B (v5 (v12 K) (z x B (v6 v16) (x (S x B)))) (x v12))) (S (x B I x B (v9 (z x K) I (S I) B) S I (S (I B (K v17) (B (v27 B))))) (I (I S) (x I) v24 B (I (v28 I) (I B) (x I) (K (B I) B) (x (v22 (v10 v3)) B (z v18 v28)))))
z (B S K) (x (z v9 (K z)) I B (z (v10 x S (z v22))) (B (v5 (v12 K) (z x B (v6 v16) (x (S x B)))) (x v12))) (S (x B I x B (v9 (z x K) I (S I) B) S I (S (B (K v17) (B (v27 B))))) (I (I S) (x I) v24 B (I (v28 I) (I B) (x I) (K (B I) B) (x (v22 (v10 v3)) B (z v18 v28)))))
z (B S K) (x (z v9 (K z)) I B (z (v10 x S (z v22))) (B (v5 (v12 K) (z x B (v6 v16) (x (S x B)))) (x v12))) (S (x B I x B (v9 (z x K) I (S I) B) S I (S (B (K v17) (B (v27 B))))) (I S (x I) v24 B (I (v28 I) (I B) (x I) (K (B I) B) (x (v22 (v10 v3)) B (z v18 v28)))))
z (B S K) (x (z v9 (K z)) I B (z (v10 x S (z v22))) (B (v5 (v12 K) (z x B (v6 v16) (x (S x B)))) (x v12))) (S (x B I x B (v9 (z x K) I (S I) B) S I (S (B (K v17) (B (v27 B))))) (S (x I) v24 B (I (v28 I) (I B) (x I) (K (B I) B) (x (v22 (v10 v3)) B (z v18 v28)))))
z (B S K) (x (z v9 (K z)) I B (z (v10 x S (z v22))) (B (v5 (v12 K) (z x B (v6 v16) (x (S x B)))) (x v12))) (S (x B I x B (v9 (z x K) I (S I) B) S I (S (B (K v17) (B (v27 B))))) (x I B (v24 B) (I (v28 I) (I B) (x I) (K (B I) B) (x (v22 (v10 v3)) B (z v18 v28)))))
z (B S K) (x (z v9 (K z)) I B (z (v10 x S (z v22))) (B (v5 (v12 K) (z x B (v6 v16) (x (S x B)))) (x v12))) (S (x B I x B (v9 (z x K) I (S I) B) S I (S (B (K v17) (B (v27 B))))) (x I B (v24 B) (v28 I (I B) (x I) (K (B I) B) (x (v22 (v10 v3)) B (z v18 v28)))))
z (B S K) (x (z v9 (K z)) I B (z (v10 x S (z v22))) (B (v5 (v12 K) (z x B (v6 v16) (x (S x B)))) (x v12))) (S (x B I x B (v9 (z x K) I (S I) B) S I (S (B (K v17) (B (v27 B))))) (x I B (v24 B) (v28 I B (x I) (K (B I) B) (x (v22 (v10 v3)) B (z v18 v28)))))
z (B S K) (x (z v9 (K z)) I B (z (v10 x S (z v22))) (B (v5 (v12 K) (z x B (v6 v16) (x (S x B)))) (x v12))) (S (x B I x B (v9 (z x K) I (S I) B) S I (S (B (K v17) (B (v27 B))))) (x I B (v24 B) (v28 I B (x I) (B I) (x (v22 (v10 v3)) B (z v18 v28)))))
I (v9 (x (K (S S) (S I)) (K x) (K I B) x (v23 (v30 v14 S)) I))
v9 (x (K (S S) (S I)) (K x) (K I B) x (v23 (v30 v14 S)) I)
v9 (x (S S) (K x) (K I B) x (v23 (v30 v14 S)) I)
v9 (x (S S) (K x) I x (v23 (v30 v14 S)) I)
S K
v5 (x B (K (x (S (v4 z) (B v17)) x)) (v16 B I) (z (z (x (S B))) (z (B z) (x (K (z S))))) (S (S x (v0 z v7) S K x) (v29 K (z (S v4 v23) K) B (v17 (S z S) (B S) (v20 I x I) (S x)) (x (z (B (I (K S))) z (x (B B (I x)))) K))))
v5 (x B (K (x (S (v4 z) (B v17)) x)) (v16 B I) (z (z (x (S B))) (z (B z) (x (K (z S))))) (S (x S (v0 z v7 S) K x) (v29 K (z (S v4 v23) K) B (v17 (S z S) (B S) (v20 I x I) (S x)) (x (z (B (I (K S))) z (x (B B (I x)))) K))))
v5 (x B (K (x (S (v4 z) (B v17)) x)) (v16 B I) (z (z (x (S B))) (z (B z) (x (K (z S))))) (S (x S (v0 z v7 S) K x) (v29 K (z (S v4 v23) K) B (v17 (S z S) (B S) (v20 I x I) (S x)) (x (z (B (K S)) z (x (B B (I x)))) K))))
v5 (x B (K (x (S (v4 z) (B v17)) x)) (v16 B I) (z (z (x (S B))) (z (B z) (x (K (z S))))) (S (x S (v0 z v7 S) K x) (v29 K (z (S v4 v23) K) B (v17 (S z S) (B S) (v20 I x I) (S x)) (x (z (B (K S)) z (x (B B x))) K))))
z (S (S K K (v14 (K (K v29)) v7) S (K (B B S K))) (S I (S (B (S (S B)))) x (B x) (z (x x (S (z S v5 B (S (B (B x))))) B))) (I (S K) S))
z (S K K (v14 (K (K v29)) v7) S (K (B B S K)) (I (S K) S) (S I (S (B (S (S B)))) x (B x) (z (x x (S (z S v5 B (S (B (B x))))) B)) (I (S K) S)))
z (K (v14 (K (K v29)) v7) (K (v14 (K (K v29)) v7)) S (K (B B S K)) (I (S K) S) (S I (S (B (S (S B)))) x (B x) (z (x x (S (z S v5 B (S (B (B x))))) B)) (I (S K) S)))
z (v14 (K (K v29)) v7 S (K (B B S K)) (I (S K) S) (S I (S (B (S (S B)))) x (B x) (z (x x (S (z S v5 B (S (B (B x))))) B)) (I (S K) S)))
z (v14 (K (K v29)) v7 S (K (B (S K))) (I (S K) S) (S I (S (B (S (S B)))) x (B x) (z (x x (S (z S v5 B (S (B (B x))))) B)) (I (S K) S)))
z (v14 (K (K v29)) v7 S (K (B (S K))) (S K S) (S I (S (B (S (S B)))) x (B x) (z (x x (S (z S v5 B (S (B (B x))))) B)) (I (S K) S)))
z (v14 (K (K v29)) v7 S (K (B (S K))) (S K S) (I x (S (B (S (S B))) x) (B x) (z (x x (S (z S v5 B (S (B (B x))))) B)) (I (S K) S)))
z (v14 (K (K v29)) v7 S (K (B (S K))) (S K S) (x (S (B (S (S B))) x) (B x) (z (x x (S (z S v5 B (S (B (B x))))) B)) (I (S K) S)))
z (v14 (K (K v29)) v7 S (K (B (S K))) (S K S) (x (S (B (S (S B))) x) (B x) (z (x x (S (z S v5 B (S (B (B x))))) B)) (S K S)))
K B v18 (B x) (x (x K)) (v27 (z S x (v8 x))) (z (S z) (z x) (S B) (I (v14 v0) (z (K (z x v23)))))
B (B x) (x (x K)) (v27 (z S x (v8 x))) (z (S z) (z x) (S B) (I (v14 v0) (z (K (z x v23)))))
B x (x (x K) (v27 (z S x (v8 x)))) (z (S z) (z x) (S B) (I (v14 v0) (z (K (z x v23)))))
x (x (x K) (v27 (z S x (v8 x))) (z (S z) (z x) (S B) (I (v14 v0) (z (K (z x v23))))))
x (x (x K) (v27 (z S x (v8 x))) (z (S z) (z x) (S B) (v14 v0 (z (K (z x v23))))))
v19 S x B S (S (z B) (z K) x (S (x I) (B (K (v17 (v8 S)) (v21 K (z v26) (z (I z)))))) (v17 (v13 (S K)))) I (z v24 (x v21 (I x (I S) I) (z x) x v3) (S (I (K I)) x (B S v22 (x (z I) S) S)))
v19 S x B S (z B x (z K x) (S (x I) (B (K (v17 (v8 S)) (v21 K (z v26) (z (I z)))))) (v17 (v13 (S K)))) I (z v24 (x v21 (I x (I S) I) (z x) x v3) (S (I (K I)) x (B S v22 (x (z I) S) S)))
v19 S x B S (z B x (z K x) (S (x I) (B (v17 (v8 S)))) (v17 (v13 (S K)))) I (z v24 (x v21 (I x (I S) I) (z x) x v3) (S (I (K I)) x (B S v22 (x (z I) S) S)))
v19 S x B S (z B x (z K x) (S (x I) (B (v17 (v8 S)))) (v17 (v13 (S K)))) I (z v24 (x v21 (x (I S) I) (z x) x v3) (S (I (K I)) x (B S v22 (x (z I) S) S)))
v19 S x B S (z B x (z K x) (S (x I) (B (v17 (v8 S)))) (v17 (v13 (S K)))) I (z v24 (x v21 (x S I) (z x) x v3) (S (I (K I)) x (B S v22 (x (z I) S) S)))
v19 S x B S (z B x (z K x) (S (x I) (B (v17 (v8 S)))) (v17 (v13 (S K)))) I (z v24 (x v21 (x S I) (z x) x v3) (I (K I) (B S v22 (x (z I) S) S) (x (B S v22 (x (z I) S) S))))
v19 S x B S (z B x (z K x) (S (x I) (B (v17 (v8 S)))) (v17 (v13 (S K)))) I (z v24 (x v21 (x S I) (z x) x v3) (K I (B S v22 (x (z I) S) S) (x (B S v22 (x (z I) S) S))))
v19 S x B S (z B x (z K x) (S (x I) (B (v17 (v8 S)))) (v17 (v13 (S K)))) I (z v24 (x v21 (x S I) (z x) x v3) (I (x (B S v22 (x (z I) S) S))))
v19 S x B S (z B x (z K x) (S (x I) (B (v17 (v8 S)))) (v17 (v13 (S K)))) I (z v24 (x v21 (x S I) (z x) x v3) (x (B S v22 (x (z I) S) S)))
v19 S x B S (z B x (z K x) (S (x I) (B (v17 (v8 S)))) (v17 (v13 (S K)))) I (z v24 (x v21 (x S I) (z x) x v3) (x (S (v22 (x (z I) S)) S)))
B (S (S (B (v8 I B x)) (z (B B) K) (z x) (B (z v3 z S)))) (z (z x (x (x K I B I)))) (B (x (z x) (B (z z (v18 I))) I) (v21 z))
S (S (B (v8 I B x)) (z (B B) K) (z x) (B (z v3 z S))) (z (z x (x (x K I B I))) (B (x (z x) (B (z z (v18 I))) I) (v21 z)))
S (B (v8 I B x) (z x) (z (B B) K (z x)) (B (z v3 z S))) (z (z x (x (x K I B I))) (B (x (z x) (B (z z (v18 I))) I) (v21 z)))
S (v8 I B x (z x (z (B B) K (z x))) (B (z v3 z S))) (z (z x (x (x K I B I))) (B (x (z x) (B (z z (v18 I))) I) (v21 z)))
B
I v30
v30
