v19 (B (z (S x) (z (K (v7 K)) S))) (I v30 B (B (S v25) (x (x S)) S) (B I (z v12 K)) (z S I) S (v30 (B x (S v21 K) (I K))))
v19 (B (z (S x) (z (K (v7 K)) S))) (v30 B (B (S v25) (x (x S)) S) (B I (z v12 K)) (z S I) S (v30 (B x (S v21 K) (I K))))
v19 (B (z (S x) (z (K (v7 K)) S))) (v30 B (S v25 (x (x S) S)) (B I (z v12 K)) (z S I) S (v30 (B x (S v21 K) (I K))))
v19 (B (z (S x) (z (K (v7 K)) S))) (v30 B (S v25 (x (x S) S)) (B I (z v12 K)) (z S I) S (v30 (x (S v21 K (I K)))))
v19 (B (z (S x) (z (K (v7 K)) S))) (v30 B (S v25 (x (x S) S)) (B I (z v12 K)) (z S I) S (v30 (x (v21 (I K) (K (I K))))))
v19 (B (z (S x) (z (K (v7 K)) S))) (v30 B (S v25 (x (x S) S)) (B I (z v12 K)) (z S I) S (v30 (x (v21 K (K (I K))))))
v19 (B (z (S x) (z (K (v7 K)) S))) (v30 B (S v25 (x (x S) S)) (B I (z v12 K)) (z S I) S (v30 (x (v21 K (K K)))))
z
S (v18 (x z B S (z S (S x z) B))) (I (z x (v14 (S I K (z v7 S B) S (v26 K S x (z I (z (K v13 (K K) (x I (z I) (B (z K (v18 I)) z))))))))))
S (v18 (x z B S (z S (S x z) B))) (z x (v14 (S I K (z v7 S B) S (v26 K S x (z I (z (K v13 (K K) (x I (z I) (B (z K (v18 I)) z)))))))))
S (v18 (x z B S (z S (S x z) B))) (z x (v14 (I (z v7 S B) (K (z v7 S B)) S (v26 K S x (z I (z (K v13 (K K) (x I (z I) (B (z K (v18 I)) z)))))))))
S (v18 (x z B S (z S (S x z) B))) (z x (v14 (z v7 S B (K (z v7 S B)) S (v26 K S x (z I (z (K v13 (K K) (x I (z I) (B (z K (v18 I)) z)))))))))
S (v18 (x z B S (z S (S x z) B))) (z x (v14 (z v7 S B (K (z v7 S B)) S (v26 K S x (z I (z (v13 (x I (z I) (B (z K (v18 I)) z)))))))))
I (x I) (K K v9) (x (v30 (z S)) (I B x x (x S)) (v6 (v18 I (v6 (z (x z)) (K K)))))
x I (K K v9) (x (v30 (z S)) (I B x x (x S)) (v6 (v18 I (v6 (z (x z)) (K K)))))
x I K (x (v30 (z S)) (I B x x (x S)) (v6 (v18 I (v6 (z (x z)) (K K)))))
x I K (x (v30 (z S)) (B x x (x S)) (v6 (v18 I (v6 (z (x z)) (K K)))))
x I K (x (v30 (z S)) (x (x (x S))) (v6 (v18 I (v6 (z (x z)) (K K)))))
z
K (v11 B) (x I (z (x B)) z S (z (x z x) (B z B)) x)
v11 B
K
S (v16 z x I (v7 I) x) K (x (z B) v10 (B S x v12)) z (v16 (S x S (S (z B (K (I I) (B (x v16) I)) (B (I I) S z) (x x))) (z (I (x I (I (B x)) (v24 (S (S (v21 (B z B))))))))))
v16 z x I (v7 I) x (x (z B) v10 (B S x v12)) (K (x (z B) v10 (B S x v12))) z (v16 (S x S (S (z B (K (I I) (B (x v16) I)) (B (I I) S z) (x x))) (z (I (x I (I (B x)) (v24 (S (S (v21 (B z B))))))))))
v16 z x I (v7 I) x (x (z B) v10 (S (x v12))) (K (x (z B) v10 (B S x v12))) z (v16 (S x S (S (z B (K (I I) (B (x v16) I)) (B (I I) S z) (x x))) (z (I (x I (I (B x)) (v24 (S (S (v21 (B z B))))))))))
v16 z x I (v7 I) x (x (z B) v10 (S (x v12))) (K (x (z B) v10 (S (x v12)))) z (v16 (S x S (S (z B (K (I I) (B (x v16) I)) (B (I I) S z) (x x))) (z (I (x I (I (B x)) (v24 (S (S (v21 (B z B))))))))))
v16 z x I (v7 I) x (x (z B) v10 (S (x v12))) (K (x (z B) v10 (S (x v12)))) z (v16 (x (S (z B (K (I I) (B (x v16) I)) (B (I I) S z) (x x))) (S (S (z B (K (I I) (B (x v16) I)) (B (I I) S z) (x x)))) (z (I (x I (I (B x)) (v24 (S (S (v21 (B z B))))))))))
v16 z x I (v7 I) x (x (z B) v10 (S (x v12))) (K (x (z B) v10 (S (x v12)))) z (v16 (x (S (z B (I I) (B (I I) S z) (x x))) (S (S (z B (K (I I) (B (x v16) I)) (B (I I) S z) (x x)))) (z (I (x I (I (B x)) (v24 (S (S (v21 (B z B))))))))))
v16 z x I (v7 I) x (x (z B) v10 (S (x v12))) (K (x (z B) v10 (S (x v12)))) z (v16 (x (S (z B I (B (I I) S z) (x x))) (S (S (z B (K (I I) (B (x v16) I)) (B (I I) S z) (x x)))) (z (I (x I (I (B x)) (v24 (S (S (v21 (B z B))))))))))
v16 z x I (v7 I) x (x (z B) v10 (S (x v12))) (K (x (z B) v10 (S (x v12)))) z (v16 (x (S (z B I (I I (S z)) (x x))) (S (S (z B (K (I I) (B (x v16) I)) (B (I I) S z) (x x)))) (z (I (x I (I (B x)) (v24 (S (S (v21 (B z B))))))))))
v16 z x I (v7 I) x (x (z B) v10 (S (x v12))) (K (x (z B) v10 (S (x v12)))) z (v16 (x (S (z B I (I (S z)) (x x))) (S (S (z B (K (I I) (B (x v16) I)) (B (I I) S z) (x x)))) (z (I (x I (I (B x)) (v24 (S (S (v21 (B z B))))))))))
v16 z x I (v7 I) x (x (z B) v10 (S (x v12))) (K (x (z B) v10 (S (x v12)))) z (v16 (x (S (z B I (S z) (x x))) (S (S (z B (K (I I) (B (x v16) I)) (B (I I) S z) (x x)))) (z (I (x I (I (B x)) (v24 (S (S (v21 (B z B))))))))))
v16 z x I (v7 I) x (x (z B) v10 (S (x v12))) (K (x (z B) v10 (S (x v12)))) z (v16 (x (S (z B I (S z) (x x))) (S (S (z B (I I) (B (I I) S z) (x x)))) (z (I (x I (I (B x)) (v24 (S (S (v21 (B z B))))))))))
v16 z x I (v7 I) x (x (z B) v10 (S (x v12))) (K (x (z B) v10 (S (x v12)))) z (v16 (x (S (z B I (S z) (x x))) (S (S (z B I (B (I I) S z) (x x)))) (z (I (x I (I (B x)) (v24 (S (S (v21 (B z B))))))))))
v16 z x I (v7 I) x (x (z B) v10 (S (x v12))) (K (x (z B) v10 (S (x v12)))) z (v16 (x (S (z B I (S z) (x x))) (S (S (z B I (I I (S z)) (x x)))) (z (I (x I (I (B x)) (v24 (S (S (v21 (B z B))))))))))
v16 z x I (v7 I) x (x (z B) v10 (S (x v12))) (K (x (z B) v10 (S (x v12)))) z (v16 (x (S (z B I (S z) (x x))) (S (S (z B I (I (S z)) (x x)))) (z (I (x I (I (B x)) (v24 (S (S (v21 (B z B))))))))))
v16 z x I (v7 I) x (x (z B) v10 (S (x v12))) (K (x (z B) v10 (S (x v12)))) z (v16 (x (S (z B I (S z) (x x))) (S (S (z B I (S z) (x x)))) (z (I (x I (I (B x)) (v24 (S (S (v21 (B z B))))))))))
v16 z x I (v7 I) x (x (z B) v10 (S (x v12))) (K (x (z B) v10 (S (x v12)))) z (v16 (x (S (z B I (S z) (x x))) (S (S (z B I (S z) (x x)))) (z (x I (I (B x)) (v24 (S (S (v21 (B z B)))))))))
v16 z x I (v7 I) x (x (z B) v10 (S (x v12))) (K (x (z B) v10 (S (x v12)))) z (v16 (x (S (z B I (S z) (x x))) (S (S (z B I (S z) (x x)))) (z (x I (B x) (v24 (S (S (v21 (B z B)))))))))
I
z K (I (x I))
z K (x I)
