K (x K (I (I S) (v24 (S B) (v3 (I z) (I I S) z) (K v13)) K)) (S (S B) x (x S (v9 v0)) (I (v30 (z S) v9 z I)))
x K (I (I S) (v24 (S B) (v3 (I z) (I I S) z) (K v13)) K)
x K (I S (v24 (S B) (v3 (I z) (I I S) z) (K v13)) K)
x K (S (v24 (S B) (v3 (I z) (I I S) z) (K v13)) K)
x K (S (v24 (S B) (v3 z (I I S) z) (K v13)) K)
x K (S (v24 (S B) (v3 z (I S) z) (K v13)) K)
x K (S (v24 (S B) (v3 z S z) (K v13)) K)
B (z z z) (B K B (v30 z (v7 z (v4 v7) (z B) (S (I v28 x) v14 (B v0 z))))) I
z z z (B K B (v30 z (v7 z (v4 v7) (z B) (S (I v28 x) v14 (B v0 z)))) I)
z z z (K (B (v30 z (v7 z (v4 v7) (z B) (S (I v28 x) v14 (B v0 z))))) I)
z z z (B (v30 z (v7 z (v4 v7) (z B) (S (I v28 x) v14 (B v0 z)))))
z z z (B (v30 z (v7 z (v4 v7) (z B) (I v28 x (B v0 z) (v14 (B v0 z))))))
z z z (B (v30 z (v7 z (v4 v7) (z B) (v28 x (B v0 z) (v14 (B v0 z))))))
B S (z (v22 (I S (B (x (x v26) I x))))) (x (K I (v20 (v29 S) v26 v19)))
S (z (v22 (I S (B (x (x v26) I x)))) (x (K I (v20 (v29 S) v26 v19))))
S (z (v22 (S (B (x (x v26) I x)))) (x (K I (v20 (v29 S) v26 v19))))
S (z (v22 (S (B (x (x v26) I x)))) (x I))
K (B (v0 (B B v27 S (I (S x B (S I))) I (S (K (x z)) x)) (z v9 (v23 v10) (x (S v25 S)) S))) (z (v3 (z (z S I) (x z (K B) (z I)))) (B I) (S B) (v2 z z) (z (B S (x (z v21)) x x)) (x (S (S x z))))
B (v0 (B B v27 S (I (S x B (S I))) I (S (K (x z)) x)) (z v9 (v23 v10) (x (S v25 S)) S))
B (v0 (B (v27 S) (I (S x B (S I))) I (S (K (x z)) x)) (z v9 (v23 v10) (x (S v25 S)) S))
B (v0 (v27 S (I (S x B (S I)) I) (S (K (x z)) x)) (z v9 (v23 v10) (x (S v25 S)) S))
B (v0 (v27 S (S x B (S I) I) (S (K (x z)) x)) (z v9 (v23 v10) (x (S v25 S)) S))
B (v0 (v27 S (x (S I) (B (S I)) I) (S (K (x z)) x)) (z v9 (v23 v10) (x (S v25 S)) S))
K K
S
x (v27 (v11 I)) K
B (z v19 (x K (S (I v29) K))) (S (z x) (I v11 (B (v6 (z I) I))) B) (v20 x B (B (x x (x (z K) B (K S v13)) I) (x v3 K)) x)
z v19 (x K (S (I v29) K)) (S (z x) (I v11 (B (v6 (z I) I))) B (v20 x B (B (x x (x (z K) B (K S v13)) I) (x v3 K)) x))
z v19 (x K (S v29 K)) (S (z x) (I v11 (B (v6 (z I) I))) B (v20 x B (B (x x (x (z K) B (K S v13)) I) (x v3 K)) x))
z v19 (x K (S v29 K)) (z x B (I v11 (B (v6 (z I) I)) B) (v20 x B (B (x x (x (z K) B (K S v13)) I) (x v3 K)) x))
z v19 (x K (S v29 K)) (z x B (v11 (B (v6 (z I) I)) B) (v20 x B (B (x x (x (z K) B (K S v13)) I) (x v3 K)) x))
z v19 (x K (S v29 K)) (z x B (v11 (B (v6 (z I) I)) B) (v20 x B (B (x x (x (z K) B S) I) (x v3 K)) x))
I (x (K z) (K (v2 x (x v5 B))) (I (S (v18 (K I)) z (z (S B) S B)) (K v3) (I v3)))
x (K z) (K (v2 x (x v5 B))) (I (S (v18 (K I)) z (z (S B) S B)) (K v3) (I v3))
x (K z) (K (v2 x (x v5 B))) (S (v18 (K I)) z (z (S B) S B) (K v3) (I v3))
x (K z) (K (v2 x (x v5 B))) (v18 (K I) (z (S B) S B) (z (z (S B) S B)) (K v3) (I v3))
x (K z) (K (v2 x (x v5 B))) (v18 (K I) (z (S B) S B) (z (z (S B) S B)) (K v3) v3)
z (x (x K)) (K (z x) (B B) z x (S I z (z K) z (x (B B))) (B x (x K) x)) (v13 x (K K) I) (I (z B) I x)
z (x (x K)) (z x z x (S I z (z K) z (x (B B))) (B x (x K) x)) (v13 x (K K) I) (I (z B) I x)
z (x (x K)) (z x z x (I (z K) (z (z K)) z (x (B B))) (B x (x K) x)) (v13 x (K K) I) (I (z B) I x)
z (x (x K)) (z x z x (z K (z (z K)) z (x (B B))) (B x (x K) x)) (v13 x (K K) I) (I (z B) I x)
z (x (x K)) (z x z x (z K (z (z K)) z (x (B B))) (x (x K x))) (v13 x (K K) I) (I (z B) I x)
z (x (x K)) (z x z x (z K (z (z K)) z (x (B B))) (x (x K x))) (v13 x (K K) I) (z B I x)
