K (K (I (z (S K)) (S v12)) (v29 (B x x (v11 z) (K x (z K))) x (x z)) (z (I (v21 (B (K (S K) (I x)) S)) K)) (S x (S I) (z (z B) x (K I B) (S (B z) (S I))) (x x (B B I K))))
K (I (z (S K)) (S v12) (z (I (v21 (B (K (S K) (I x)) S)) K)) (S x (S I) (z (z B) x (K I B) (S (B z) (S I))) (x x (B B I K))))
K (z (S K) (S v12) (z (I (v21 (B (K (S K) (I x)) S)) K)) (S x (S I) (z (z B) x (K I B) (S (B z) (S I))) (x x (B B I K))))
K (z (S K) (S v12) (z (v21 (B (K (S K) (I x)) S) K)) (S x (S I) (z (z B) x (K I B) (S (B z) (S I))) (x x (B B I K))))
K (z (S K) (S v12) (z (v21 (B (S K) S) K)) (S x (S I) (z (z B) x (K I B) (S (B z) (S I))) (x x (B B I K))))
K (z (S K) (S v12) (z (v21 (B (S K) S) K)) (x (z (z B) x (K I B) (S (B z) (S I))) (S I (z (z B) x (K I B) (S (B z) (S I)))) (x x (B B I K))))
K (z (S K) (S v12) (z (v21 (B (S K) S) K)) (x (z (z B) x I (S (B z) (S I))) (S I (z (z B) x (K I B) (S (B z) (S I)))) (x x (B B I K))))
K (z (S K) (S v12) (z (v21 (B (S K) S) K)) (x (z (z B) x I (S (B z) (S I))) (S I (z (z B) x I (S (B z) (S I)))) (x x (B B I K))))
K (z (S K) (S v12) (z (v21 (B (S K) S) K)) (x (z (z B) x I (S (B z) (S I))) (S I (z (z B) x I (S (B z) (S I)))) (x x (B (I K)))))
K (z (S K) (S v12) (z (v21 (B (S K) S) K)) (x (z (z B) x I (S (B z) (S I))) (S I (z (z B) x I (S (B z) (S I)))) (x x (B K))))
z (x I S v5 I I) (z (I I) (B z v24)) (z z) (v5 S) I z
z (x I S v5 I I) (z I (B z v24)) (z z) (v5 S) I z
I (K (S (B (I I)))) (S (z (B (K (I K I)) (x S)) I I)) B I
K (S (B (I I))) (S (z (B (K (I K I)) (x S)) I I)) B I
S (B (I I)) B I
B (I I) I (B I)
I I (I (B I))
I (I (B I))
I (B I)
B I
z B (S (x x)) (x K K) (v5 (x (S v8 x (I (K K) (v2 (B I x)) B) (x (v19 (B (v7 (v0 (z v7) I))) (B (x (x (K (x v2))))))))))
z B (S (x x)) (x K K) (v5 (x (v8 (I (K K) (v2 (B I x)) B) (x (I (K K) (v2 (B I x)) B)) (x (v19 (B (v7 (v0 (z v7) I))) (B (x (x (K (x v2))))))))))
z B (S (x x)) (x K K) (v5 (x (v8 (K K (v2 (B I x)) B) (x (I (K K) (v2 (B I x)) B)) (x (v19 (B (v7 (v0 (z v7) I))) (B (x (x (K (x v2))))))))))
z B (S (x x)) (x K K) (v5 (x (v8 (K B) (x (I (K K) (v2 (B I x)) B)) (x (v19 (B (v7 (v0 (z v7) I))) (B (x (x (K (x v2))))))))))
z B (S (x x)) (x K K) (v5 (x (v8 (K B) (x (K K (v2 (B I x)) B)) (x (v19 (B (v7 (v0 (z v7) I))) (B (x (x (K (x v2))))))))))
z B (S (x x)) (x K K) (v5 (x (v8 (K B) (x (K B)) (x (v19 (B (v7 (v0 (z v7) I))) (B (x (x (K (x v2))))))))))
I v14 x
v14 x
z
z
S S K (S (S (I I)) K (z (z (K S (K v27))) (S (B S x) (I x v22 (I K)) I))) (x (K (S (x B))) (I K (v29 (K K))) B (z K))
S (S (S (I I)) K (z (z (K S (K v27))) (S (B S x) (I x v22 (I K)) I))) (K (S (S (I I)) K (z (z (K S (K v27))) (S (B S x) (I x v22 (I K)) I)))) (x (K (S (x B))) (I K (v29 (K K))) B (z K))
S (S (I I)) K (z (z (K S (K v27))) (S (B S x) (I x v22 (I K)) I)) (x (K (S (x B))) (I K (v29 (K K))) B (z K)) (K (S (S (I I)) K (z (z (K S (K v27))) (S (B S x) (I x v22 (I K)) I))) (x (K (S (x B))) (I K (v29 (K K))) B (z K)))
S (I I) (z (z (K S (K v27))) (S (B S x) (I x v22 (I K)) I)) (K (z (z (K S (K v27))) (S (B S x) (I x v22 (I K)) I))) (x (K (S (x B))) (I K (v29 (K K))) B (z K)) (K (S (S (I I)) K (z (z (K S (K v27))) (S (B S x) (I x v22 (I K)) I))) (x (K (S (x B))) (I K (v29 (K K))) B (z K)))
I I (K (z (z (K S (K v27))) (S (B S x) (I x v22 (I K)) I))) (z (z (K S (K v27))) (S (B S x) (I x v22 (I K)) I) (K (z (z (K S (K v27))) (S (B S x) (I x v22 (I K)) I)))) (x (K (S (x B))) (I K (v29 (K K))) B (z K)) (K (S (S (I I)) K (z (z (K S (K v27))) (S (B S x) (I x v22 (I K)) I))) (x (K (S (x B))) (I K (v29 (K K))) B (z K)))
I (K (z (z (K S (K v27))) (S (B S x) (I x v22 (I K)) I))) (z (z (K S (K v27))) (S (B S x) (I x v22 (I K)) I) (K (z (z (K S (K v27))) (S (B S x) (I x v22 (I K)) I)))) (x (K (S (x B))) (I K (v29 (K K))) B (z K)) (K (S (S (I I)) K (z (z (K S (K v27))) (S (B S x) (I x v22 (I K)) I))) (x (K (S (x B))) (I K (v29 (K K))) B (z K)))
K (z (z (K S (K v27))) (S (B S x) (I x v22 (I K)) I)) (z (z (K S (K v27))) (S (B S x) (I x v22 (I K)) I) (K (z (z (K S (K v27))) (S (B S x) (I x v22 (I K)) I)))) (x (K (S (x B))) (I K (v29 (K K))) B (z K)) (K (S (S (I I)) K (z (z (K S (K v27))) (S (B S x) (I x v22 (I K)) I))) (x (K (S (x B))) (I K (v29 (K K))) B (z K)))
z (z (K S (K v27))) (S (B S x) (I x v22 (I K)) I) (x (K (S (x B))) (I K (v29 (K K))) B (z K)) (K (S (S (I I)) K (z (z (K S (K v27))) (S (B S x) (I x v22 (I K)) I))) (x (K (S (x B))) (I K (v29 (K K))) B (z K)))
z (z S) (S (B S x) (I x v22 (I K)) I) (x (K (S (x B))) (I K (v29 (K K))) B (z K)) (K (S (S (I I)) K (z (z (K S (K v27))) (S (B S x) (I x v22 (I K)) I))) (x (K (S (x B))) (I K (v29 (K K))) B (z K)))
z (z S) (B S x I (I x v22 (I K) I)) (x (K (S (x B))) (I K (v29 (K K))) B (z K)) (K (S (S (I I)) K (z (z (K S (K v27))) (S (B S x) (I x v22 (I K)) I))) (x (K (S (x B))) (I K (v29 (K K))) B (z K)))
z (z S) (S (x I) (I x v22 (I K) I)) (x (K (S (x B))) (I K (v29 (K K))) B (z K)) (K (S (S (I I)) K (z (z (K S (K v27))) (S (B S x) (I x v22 (I K)) I))) (x (K (S (x B))) (I K (v29 (K K))) B (z K)))
z (z S) (S (x I) (x v22 (I K) I)) (x (K (S (x B))) (I K (v29 (K K))) B (z K)) (K (S (S (I I)) K (z (z (K S (K v27))) (S (B S x) (I x v22 (I K)) I))) (x (K (S (x B))) (I K (v29 (K K))) B (z K)))
z (z S) (S (x I) (x v22 K I)) (x (K (S (x B))) (I K (v29 (K K))) B (z K)) (K (S (S (I I)) K (z (z (K S (K v27))) (S (B S x) (I x v22 (I K)) I))) (x (K (S (x B))) (I K (v29 (K K))) B (z K)))
z (z S) (S (x I) (x v22 K I)) (x (K (S (x B))) (K (v29 (K K))) B (z K)) (K (S (S (I I)) K (z (z (K S (K v27))) (S (B S x) (I x v22 (I K)) I))) (x (K (S (x B))) (I K (v29 (K K))) B (z K)))
z (z S) (S (x I) (x v22 K I)) (x (K (S (x B))) (K (v29 (K K))) B (z K)) (S (S (I I)) K (z (z (K S (K v27))) (S (B S x) (I x v22 (I K)) I)))
z (z S) (S (x I) (x v22 K I)) (x (K (S (x B))) (K (v29 (K K))) B (z K)) (S (I I) (z (z (K S (K v27))) (S (B S x) (I x v22 (I K)) I)) (K (z (z (K S (K v27))) (S (B S x) (I x v22 (I K)) I))))
z (z S) (S (x I) (x v22 K I)) (x (K (S (x B))) (K (v29 (K K))) B (z K)) (I I (K (z (z (K S (K v27))) (S (B S x) (I x v22 (I K)) I))) (z (z (K S (K v27))) (S (B S x) (I x v22 (I K)) I) (K (z (z (K S (K v27))) (S (B S x) (I x v22 (I K)) I)))))
z (z S) (S (x I) (x v22 K I)) (x (K (S (x B))) (K (v29 (K K))) B (z K)) (I (K (z (z (K S (K v27))) (S (B S x) (I x v22 (I K)) I))) (z (z (K S (K v27))) (S (B S x) (I x v22 (I K)) I) (K (z (z (K S (K v27))) (S (B S x) (I x v22 (I K)) I)))))
z (z S) (S (x I) (x v22 K I)) (x (K (S (x B))) (K (v29 (K K))) B (z K)) (K (z (z (K S (K v27))) (S (B S x) (I x v22 (I K)) I)) (z (z (K S (K v27))) (S (B S x) (I x v22 (I K)) I) (K (z (z (K S (K v27))) (S (B S x) (I x v22 (I K)) I)))))
z (z S) (S (x I) (x v22 K I)) (x (K (S (x B))) (K (v29 (K K))) B (z K)) (z (z (K S (K v27))) (S (B S x) (I x v22 (I K)) I))
z (z S) (S (x I) (x v22 K I)) (x (K (S (x B))) (K (v29 (K K))) B (z K)) (z (z S) (S (B S x) (I x v22 (I K)) I))
z (z S) (S (x I) (x v22 K I)) (x (K (S (x B))) (K (v29 (K K))) B (z K)) (z (z S) (B S x I (I x v22 (I K) I)))
z (z S) (S (x I) (x v22 K I)) (x (K (S (x B))) (K (v29 (K K))) B (z K)) (z (z S) (S (x I) (I x v22 (I K) I)))
z (z S) (S (x I) (x v22 K I)) (x (K (S (x B))) (K (v29 (K K))) B (z K)) (z (z S) (S (x I) (x v22 (I K) I)))
z (z S) (S (x I) (x v22 K I)) (x (K (S (x B))) (K (v29 (K K))) B (z K)) (z (z S) (S (x I) (x v22 K I)))
S
x (I (I (v29 z) x (I (K x (S x x (v24 (I x))))) (B (S z S) I (z v4 I)))) (I B (z (S z) v27) (z z (I B)) z z z v17 (B (x B I) (K (K (z (I I) (x v2) z B (I x x))) v20 z)))
x (I (v29 z) x (I (K x (S x x (v24 (I x))))) (B (S z S) I (z v4 I))) (I B (z (S z) v27) (z z (I B)) z z z v17 (B (x B I) (K (K (z (I I) (x v2) z B (I x x))) v20 z)))
x (v29 z x (I (K x (S x x (v24 (I x))))) (B (S z S) I (z v4 I))) (I B (z (S z) v27) (z z (I B)) z z z v17 (B (x B I) (K (K (z (I I) (x v2) z B (I x x))) v20 z)))
x (v29 z x (K x (S x x (v24 (I x)))) (B (S z S) I (z v4 I))) (I B (z (S z) v27) (z z (I B)) z z z v17 (B (x B I) (K (K (z (I I) (x v2) z B (I x x))) v20 z)))
x (v29 z x x (B (S z S) I (z v4 I))) (I B (z (S z) v27) (z z (I B)) z z z v17 (B (x B I) (K (K (z (I I) (x v2) z B (I x x))) v20 z)))
x (v29 z x x (S z S (I (z v4 I)))) (I B (z (S z) v27) (z z (I B)) z z z v17 (B (x B I) (K (K (z (I I) (x v2) z B (I x x))) v20 z)))
x (v29 z x x (z (I (z v4 I)) (S (I (z v4 I))))) (I B (z (S z) v27) (z z (I B)) z z z v17 (B (x B I) (K (K (z (I I) (x v2) z B (I x x))) v20 z)))
x (v29 z x x (z (z v4 I) (S (I (z v4 I))))) (I B (z (S z) v27) (z z (I B)) z z z v17 (B (x B I) (K (K (z (I I) (x v2) z B (I x x))) v20 z)))
x (v29 z x x (z (z v4 I) (S (z v4 I)))) (I B (z (S z) v27) (z z (I B)) z z z v17 (B (x B I) (K (K (z (I I) (x v2) z B (I x x))) v20 z)))
x (v29 z x x (z (z v4 I) (S (z v4 I)))) (B (z (S z) v27) (z z (I B)) z z z v17 (B (x B I) (K (K (z (I I) (x v2) z B (I x x))) v20 z)))
x (v29 z x x (z (z v4 I) (S (z v4 I)))) (z (S z) v27 (z z (I B) z) z z v17 (B (x B I) (K (K (z (I I) (x v2) z B (I x x))) v20 z)))
x (v29 z x x (z (z v4 I) (S (z v4 I)))) (z (S z) v27 (z z B z) z z v17 (B (x B I) (K (K (z (I I) (x v2) z B (I x x))) v20 z)))
x (v29 z x x (z (z v4 I) (S (z v4 I)))) (z (S z) v27 (z z B z) z z v17 (B (x B I) (K (z (I I) (x v2) z B (I x x)) z)))
x (v29 z x x (z (z v4 I) (S (z v4 I)))) (z (S z) v27 (z z B z) z z v17 (B (x B I) (z (I I) (x v2) z B (I x x))))
x (v29 z x x (z (z v4 I) (S (z v4 I)))) (z (S z) v27 (z z B z) z z v17 (B (x B I) (z I (x v2) z B (I x x))))
x (v29 z x x (z (z v4 I) (S (z v4 I)))) (z (S z) v27 (z z B z) z z v17 (B (x B I) (z I (x v2) z B (x x))))
