K z S (B (S I B (S z S) I) (K (B (K (B z K)) (z B (S (z x)) B (B v23) S S)) x) K)
z (B (S I B (S z S) I) (K (B (K (B z K)) (z B (S (z x)) B (B v23) S S)) x) K)
z (S I B (S z S) I (K (B (K (B z K)) (z B (S (z x)) B (B v23) S S)) x K))
z (I (S z S) (B (S z S)) I (K (B (K (B z K)) (z B (S (z x)) B (B v23) S S)) x K))
z (S z S (B (S z S)) I (K (B (K (B z K)) (z B (S (z x)) B (B v23) S S)) x K))
z (z (B (S z S)) (S (B (S z S))) I (K (B (K (B z K)) (z B (S (z x)) B (B v23) S S)) x K))
z (z (B (S z S)) (S (B (S z S))) I (B (K (B z K)) (z B (S (z x)) B (B v23) S S) K))
z (z (B (S z S)) (S (B (S z S))) I (K (B z K) (z B (S (z x)) B (B v23) S S K)))
z (z (B (S z S)) (S (B (S z S))) I (B z K))
v11 K (B (v8 (I x)) (v30 I (K z x)) (B v7 (B x x))) v26 (I x x) (v22 K I I) (S (B S) (K B) (B (B x) z))
v11 K (v8 (I x) (v30 I (K z x) (B v7 (B x x)))) v26 (I x x) (v22 K I I) (S (B S) (K B) (B (B x) z))
v11 K (v8 x (v30 I (K z x) (B v7 (B x x)))) v26 (I x x) (v22 K I I) (S (B S) (K B) (B (B x) z))
v11 K (v8 x (v30 I z (B v7 (B x x)))) v26 (I x x) (v22 K I I) (S (B S) (K B) (B (B x) z))
v11 K (v8 x (v30 I z (B v7 (B x x)))) v26 (x x) (v22 K I I) (S (B S) (K B) (B (B x) z))
v11 K (v8 x (v30 I z (B v7 (B x x)))) v26 (x x) (v22 K I I) (B S (B (B x) z) (K B (B (B x) z)))
v11 K (v8 x (v30 I z (B v7 (B x x)))) v26 (x x) (v22 K I I) (S (B (B x) z (K B (B (B x) z))))
v11 K (v8 x (v30 I z (B v7 (B x x)))) v26 (x x) (v22 K I I) (S (B x (z (K B (B (B x) z)))))
v11 K (v8 x (v30 I z (B v7 (B x x)))) v26 (x x) (v22 K I I) (S (B x (z B)))
z
x
K (v17 z S x (I (x B (x S (K z) (x v28))))) (v25 (x (z S (K x S))) (I (S x) (I (v7 z) v10) B (x x x (B (x K (K (x (S v16))))))) (I B))
v17 z S x (I (x B (x S (K z) (x v28))))
v17 z S x (x B (x S (K z) (x v28)))
x (z v10 z (v27 B (S x v7 I) (B (S (B I))) z (v1 (B z B (K (I (v14 z (K v21))) (x S))))))
x (z v10 z (v27 B (x I (v7 I)) (B (S (B I))) z (v1 (B z B (K (I (v14 z (K v21))) (x S))))))
x (z v10 z (v27 B (x I (v7 I)) (B (S (B I))) z (v1 (z (B (K (I (v14 z (K v21))) (x S)))))))
x (z v10 z (v27 B (x I (v7 I)) (B (S (B I))) z (v1 (z (B (I (v14 z (K v21))))))))
x (z v10 z (v27 B (x I (v7 I)) (B (S (B I))) z (v1 (z (B (v14 z (K v21)))))))
v7 I (x (K K S B v25) (x v7 K B) z)
v7 I (x (K B v25) (x v7 K B) z)
v7 I (x B (x v7 K B) z)
B
v6 x I (B (x (I z) (v26 (K (I B) (v27 z) (z I)) I) (K K))) (B S (B v9 (B v11)) B v14) (S (K v0) I (z (I B) B)) (v15 (I S (x I I (x (x (x (K v9 v1))))) B K) (I (K z) (z (K (v1 K I K) z) (B (B (B I) S) B v16))))
v6 x I (B (x z (v26 (K (I B) (v27 z) (z I)) I) (K K))) (B S (B v9 (B v11)) B v14) (S (K v0) I (z (I B) B)) (v15 (I S (x I I (x (x (x (K v9 v1))))) B K) (I (K z) (z (K (v1 K I K) z) (B (B (B I) S) B v16))))
v6 x I (B (x z (v26 (I B (z I)) I) (K K))) (B S (B v9 (B v11)) B v14) (S (K v0) I (z (I B) B)) (v15 (I S (x I I (x (x (x (K v9 v1))))) B K) (I (K z) (z (K (v1 K I K) z) (B (B (B I) S) B v16))))
v6 x I (B (x z (v26 (B (z I)) I) (K K))) (B S (B v9 (B v11)) B v14) (S (K v0) I (z (I B) B)) (v15 (I S (x I I (x (x (x (K v9 v1))))) B K) (I (K z) (z (K (v1 K I K) z) (B (B (B I) S) B v16))))
v6 x I (B (x z (v26 (B (z I)) I) (K K))) (S (B v9 (B v11) B) v14) (S (K v0) I (z (I B) B)) (v15 (I S (x I I (x (x (x (K v9 v1))))) B K) (I (K z) (z (K (v1 K I K) z) (B (B (B I) S) B v16))))
v6 x I (B (x z (v26 (B (z I)) I) (K K))) (S (v9 (B v11 B)) v14) (S (K v0) I (z (I B) B)) (v15 (I S (x I I (x (x (x (K v9 v1))))) B K) (I (K z) (z (K (v1 K I K) z) (B (B (B I) S) B v16))))
v6 x I (B (x z (v26 (B (z I)) I) (K K))) (S (v9 (B v11 B)) v14) (K v0 (z (I B) B) (I (z (I B) B))) (v15 (I S (x I I (x (x (x (K v9 v1))))) B K) (I (K z) (z (K (v1 K I K) z) (B (B (B I) S) B v16))))
v6 x I (B (x z (v26 (B (z I)) I) (K K))) (S (v9 (B v11 B)) v14) (v0 (I (z (I B) B))) (v15 (I S (x I I (x (x (x (K v9 v1))))) B K) (I (K z) (z (K (v1 K I K) z) (B (B (B I) S) B v16))))
v6 x I (B (x z (v26 (B (z I)) I) (K K))) (S (v9 (B v11 B)) v14) (v0 (z (I B) B)) (v15 (I S (x I I (x (x (x (K v9 v1))))) B K) (I (K z) (z (K (v1 K I K) z) (B (B (B I) S) B v16))))
v6 x I (B (x z (v26 (B (z I)) I) (K K))) (S (v9 (B v11 B)) v14) (v0 (z B B)) (v15 (I S (x I I (x (x (x (K v9 v1))))) B K) (I (K z) (z (K (v1 K I K) z) (B (B (B I) S) B v16))))
v6 x I (B (x z (v26 (B (z I)) I) (K K))) (S (v9 (B v11 B)) v14) (v0 (z B B)) (v15 (S (x I I (x (x (x (K v9 v1))))) B K) (I (K z) (z (K (v1 K I K) z) (B (B (B I) S) B v16))))
v6 x I (B (x z (v26 (B (z I)) I) (K K))) (S (v9 (B v11 B)) v14) (v0 (z B B)) (v15 (x I I (x (x (x (K v9 v1)))) K (B K)) (I (K z) (z (K (v1 K I K) z) (B (B (B I) S) B v16))))
v6 x I (B (x z (v26 (B (z I)) I) (K K))) (S (v9 (B v11 B)) v14) (v0 (z B B)) (v15 (x I I (x (x (x v9))) K (B K)) (I (K z) (z (K (v1 K I K) z) (B (B (B I) S) B v16))))
v6 x I (B (x z (v26 (B (z I)) I) (K K))) (S (v9 (B v11 B)) v14) (v0 (z B B)) (v15 (x I I (x (x (x v9))) K (B K)) (K z (z (K (v1 K I K) z) (B (B (B I) S) B v16))))
v6 x I (B (x z (v26 (B (z I)) I) (K K))) (S (v9 (B v11 B)) v14) (v0 (z B B)) (v15 (x I I (x (x (x v9))) K (B K)) z)
I
