B (I (S K (x I)) (I (B K (x B v17) (K I (v15 B)))) (S B (z I)))
B (S K (x I) (I (B K (x B v17) (K I (v15 B)))) (S B (z I)))
B (K (I (B K (x B v17) (K I (v15 B)))) (x I (I (B K (x B v17) (K I (v15 B))))) (S B (z I)))
B (I (B K (x B v17) (K I (v15 B))) (S B (z I)))
B (B K (x B v17) (K I (v15 B)) (S B (z I)))
B (K (x B v17 (K I (v15 B))) (S B (z I)))
B (x B v17 (K I (v15 B)))
B (x B v17 I)
S (x K (I (v12 (v7 S (x v30) (I I) x (K (v23 z))) (B (v1 (x (I K)))) (K (v19 z) (S v29 (S (B z))) x (I (S (x z)) I)))))
S (x K (v12 (v7 S (x v30) (I I) x (K (v23 z))) (B (v1 (x (I K)))) (K (v19 z) (S v29 (S (B z))) x (I (S (x z)) I))))
S (x K (v12 (v7 S (x v30) I x (K (v23 z))) (B (v1 (x (I K)))) (K (v19 z) (S v29 (S (B z))) x (I (S (x z)) I))))
S (x K (v12 (v7 S (x v30) I x (K (v23 z))) (B (v1 (x K))) (K (v19 z) (S v29 (S (B z))) x (I (S (x z)) I))))
S (x K (v12 (v7 S (x v30) I x (K (v23 z))) (B (v1 (x K))) (v19 z x (I (S (x z)) I))))
S (x K (v12 (v7 S (x v30) I x (K (v23 z))) (B (v1 (x K))) (v19 z x (S (x z) I))))
K (x B (I (B B)) K K (x z) v1 (x x) (K S) (v21 z (B v11) (K S S (x v12))) (z (K v20 K) z))
K (x B (B B) K K (x z) v1 (x x) (K S) (v21 z (B v11) (K S S (x v12))) (z (K v20 K) z))
K (x B (B B) K K (x z) v1 (x x) (K S) (v21 z (B v11) (S (x v12))) (z (K v20 K) z))
K (x B (B B) K K (x z) v1 (x x) (K S) (v21 z (B v11) (S (x v12))) (z v20 z))
S (K (B (z v9 x) x) x (S (I I (x x (I v17 (K (v24 I)))) I) x)) (S v17 (I (B (K (K (v17 (I B)) (B I)))) K) (z (x (z (z I)) (K (z (I (K (z I))) I)))))
S (B (z v9 x) x (S (I I (x x (I v17 (K (v24 I)))) I) x)) (S v17 (I (B (K (K (v17 (I B)) (B I)))) K) (z (x (z (z I)) (K (z (I (K (z I))) I)))))
S (z v9 x (x (S (I I (x x (I v17 (K (v24 I)))) I) x))) (S v17 (I (B (K (K (v17 (I B)) (B I)))) K) (z (x (z (z I)) (K (z (I (K (z I))) I)))))
S (z v9 x (x (S (I (x x (I v17 (K (v24 I)))) I) x))) (S v17 (I (B (K (K (v17 (I B)) (B I)))) K) (z (x (z (z I)) (K (z (I (K (z I))) I)))))
S (z v9 x (x (S (x x (I v17 (K (v24 I))) I) x))) (S v17 (I (B (K (K (v17 (I B)) (B I)))) K) (z (x (z (z I)) (K (z (I (K (z I))) I)))))
S (z v9 x (x (S (x x (v17 (K (v24 I))) I) x))) (S v17 (I (B (K (K (v17 (I B)) (B I)))) K) (z (x (z (z I)) (K (z (I (K (z I))) I)))))
S (z v9 x (x (S (x x (v17 (K (v24 I))) I) x))) (v17 (z (x (z (z I)) (K (z (I (K (z I))) I)))) (I (B (K (K (v17 (I B)) (B I)))) K (z (x (z (z I)) (K (z (I (K (z I))) I))))))
S (z v9 x (x (S (x x (v17 (K (v24 I))) I) x))) (v17 (z (x (z (z I)) (K (z (K (z I)) I)))) (I (B (K (K (v17 (I B)) (B I)))) K (z (x (z (z I)) (K (z (I (K (z I))) I))))))
S (z v9 x (x (S (x x (v17 (K (v24 I))) I) x))) (v17 (z (x (z (z I)) (K (z (K (z I)) I)))) (B (K (K (v17 (I B)) (B I))) K (z (x (z (z I)) (K (z (I (K (z I))) I))))))
S (z v9 x (x (S (x x (v17 (K (v24 I))) I) x))) (v17 (z (x (z (z I)) (K (z (K (z I)) I)))) (K (K (v17 (I B)) (B I)) (K (z (x (z (z I)) (K (z (I (K (z I))) I)))))))
S (z v9 x (x (S (x x (v17 (K (v24 I))) I) x))) (v17 (z (x (z (z I)) (K (z (K (z I)) I)))) (K (v17 (I B)) (B I)))
S (z v9 x (x (S (x x (v17 (K (v24 I))) I) x))) (v17 (z (x (z (z I)) (K (z (K (z I)) I)))) (v17 (I B)))
S (z v9 x (x (S (x x (v17 (K (v24 I))) I) x))) (v17 (z (x (z (z I)) (K (z (K (z I)) I)))) (v17 B))
S z v15 (v30 I)
z (v30 I) (v15 (v30 I))
I B (K S (x (S S (z B) (S (x K) x)) (S v26)) S) (S B S)
B (K S (x (S S (z B) (S (x K) x)) (S v26)) S) (S B S)
B (S S) (S B S)
K (x (I (z K (z v29) (x (z x) v2 (v26 z K)))) (S (S v4) (x v5) S) (S I v15 (z (I (K x K) S (z x)) (K (S v24))))) (K (S I v1 x))
x (I (z K (z v29) (x (z x) v2 (v26 z K)))) (S (S v4) (x v5) S) (S I v15 (z (I (K x K) S (z x)) (K (S v24))))
x (z K (z v29) (x (z x) v2 (v26 z K))) (S (S v4) (x v5) S) (S I v15 (z (I (K x K) S (z x)) (K (S v24))))
x (z K (z v29) (x (z x) v2 (v26 z K))) (S v4 S (x v5 S)) (S I v15 (z (I (K x K) S (z x)) (K (S v24))))
x (z K (z v29) (x (z x) v2 (v26 z K))) (v4 (x v5 S) (S (x v5 S))) (S I v15 (z (I (K x K) S (z x)) (K (S v24))))
x (z K (z v29) (x (z x) v2 (v26 z K))) (v4 (x v5 S) (S (x v5 S))) (I (z (I (K x K) S (z x)) (K (S v24))) (v15 (z (I (K x K) S (z x)) (K (S v24)))))
x (z K (z v29) (x (z x) v2 (v26 z K))) (v4 (x v5 S) (S (x v5 S))) (z (I (K x K) S (z x)) (K (S v24)) (v15 (z (I (K x K) S (z x)) (K (S v24)))))
x (z K (z v29) (x (z x) v2 (v26 z K))) (v4 (x v5 S) (S (x v5 S))) (z (K x K S (z x)) (K (S v24)) (v15 (z (I (K x K) S (z x)) (K (S v24)))))
x (z K (z v29) (x (z x) v2 (v26 z K))) (v4 (x v5 S) (S (x v5 S))) (z (x S (z x)) (K (S v24)) (v15 (z (I (K x K) S (z x)) (K (S v24)))))
x (z K (z v29) (x (z x) v2 (v26 z K))) (v4 (x v5 S) (S (x v5 S))) (z (x S (z x)) (K (S v24)) (v15 (z (K x K S (z x)) (K (S v24)))))
x (z K (z v29) (x (z x) v2 (v26 z K))) (v4 (x v5 S) (S (x v5 S))) (z (x S (z x)) (K (S v24)) (v15 (z (x S (z x)) (K (S v24)))))
v5 K (B (K B z) I) (S B K (S z) (S (K v29) (S (x S K) (B B z B S) (K (I S)) B)) (B I (B S (x B)) x) (I B (S B)))
v5 K (B B I) (S B K (S z) (S (K v29) (S (x S K) (B B z B S) (K (I S)) B)) (B I (B S (x B)) x) (I B (S B)))
v5 K (B B I) (B (S z) (K (S z)) (S (K v29) (S (x S K) (B B z B S) (K (I S)) B)) (B I (B S (x B)) x) (I B (S B)))
v5 K (B B I) (S z (K (S z) (S (K v29) (S (x S K) (B B z B S) (K (I S)) B))) (B I (B S (x B)) x) (I B (S B)))
v5 K (B B I) (z (B I (B S (x B)) x) (K (S z) (S (K v29) (S (x S K) (B B z B S) (K (I S)) B)) (B I (B S (x B)) x)) (I B (S B)))
v5 K (B B I) (z (I (B S (x B) x)) (K (S z) (S (K v29) (S (x S K) (B B z B S) (K (I S)) B)) (B I (B S (x B)) x)) (I B (S B)))
v5 K (B B I) (z (B S (x B) x) (K (S z) (S (K v29) (S (x S K) (B B z B S) (K (I S)) B)) (B I (B S (x B)) x)) (I B (S B)))
v5 K (B B I) (z (S (x B x)) (K (S z) (S (K v29) (S (x S K) (B B z B S) (K (I S)) B)) (B I (B S (x B)) x)) (I B (S B)))
v5 K (B B I) (z (S (x B x)) (S z (B I (B S (x B)) x)) (I B (S B)))
v5 K (B B I) (z (S (x B x)) (S z (I (B S (x B) x))) (I B (S B)))
v5 K (B B I) (z (S (x B x)) (S z (B S (x B) x)) (I B (S B)))
v5 K (B B I) (z (S (x B x)) (S z (S (x B x))) (I B (S B)))
v5 K (B B I) (z (S (x B x)) (S z (S (x B x))) (B (S B)))
v29 (z (B K) B (v21 (z z)) (z (K (x z)) (v15 S))) (S (z B (B x) B) (I (I (v6 v28 B) S I)) (S (B S))) (z (S v0) (K I) (S (S x)) v29 K (B x B) I v25 x)
v29 (z (B K) B (v21 (z z)) (z (K (x z)) (v15 S))) (z B (B x) B (S (B S)) (I (I (v6 v28 B) S I) (S (B S)))) (z (S v0) (K I) (S (S x)) v29 K (B x B) I v25 x)
v29 (z (B K) B (v21 (z z)) (z (K (x z)) (v15 S))) (z B (B x) B (S (B S)) (I (v6 v28 B) S I (S (B S)))) (z (S v0) (K I) (S (S x)) v29 K (B x B) I v25 x)
v29 (z (B K) B (v21 (z z)) (z (K (x z)) (v15 S))) (z B (B x) B (S (B S)) (v6 v28 B S I (S (B S)))) (z (S v0) (K I) (S (S x)) v29 K (B x B) I v25 x)
I
