B (x S) x (S B (K B v27)) (x (I (x (K z (K (z S)))))) (S B) (B z S (x B S (v13 B) (K (I (I K) (S v3 (S K) S (S (z K))) K))) (S (I (v25 (S B)) (z v24 (K x)))))
x S (x (S B (K B v27))) (x (I (x (K z (K (z S)))))) (S B) (B z S (x B S (v13 B) (K (I (I K) (S v3 (S K) S (S (z K))) K))) (S (I (v25 (S B)) (z v24 (K x)))))
x S (x (S B B)) (x (I (x (K z (K (z S)))))) (S B) (B z S (x B S (v13 B) (K (I (I K) (S v3 (S K) S (S (z K))) K))) (S (I (v25 (S B)) (z v24 (K x)))))
x S (x (S B B)) (x (x (K z (K (z S))))) (S B) (B z S (x B S (v13 B) (K (I (I K) (S v3 (S K) S (S (z K))) K))) (S (I (v25 (S B)) (z v24 (K x)))))
x S (x (S B B)) (x (x z)) (S B) (B z S (x B S (v13 B) (K (I (I K) (S v3 (S K) S (S (z K))) K))) (S (I (v25 (S B)) (z v24 (K x)))))
x S (x (S B B)) (x (x z)) (S B) (z (S (x B S (v13 B) (K (I (I K) (S v3 (S K) S (S (z K))) K)))) (S (I (v25 (S B)) (z v24 (K x)))))
x S (x (S B B)) (x (x z)) (S B) (z (S (x B S (v13 B) (K (I K (S v3 (S K) S (S (z K))) K)))) (S (I (v25 (S B)) (z v24 (K x)))))
x S (x (S B B)) (x (x z)) (S B) (z (S (x B S (v13 B) (K (K (S v3 (S K) S (S (z K))) K)))) (S (I (v25 (S B)) (z v24 (K x)))))
x S (x (S B B)) (x (x z)) (S B) (z (S (x B S (v13 B) (K (S v3 (S K) S (S (z K)))))) (S (I (v25 (S B)) (z v24 (K x)))))
x S (x (S B B)) (x (x z)) (S B) (z (S (x B S (v13 B) (K (v3 S (S K S) (S (z K)))))) (S (I (v25 (S B)) (z v24 (K x)))))
x S (x (S B B)) (x (x z)) (S B) (z (S (x B S (v13 B) (K (v3 S (S K S) (S (z K)))))) (S (v25 (S B) (z v24 (K x)))))
K I (z (z (B (S z) B) (B x)) K) (B (v0 z (I (x B)) (z (B v2 (S x S) K))) (v2 (K v26) (S S))) (S K v12) v5
I (B (v0 z (I (x B)) (z (B v2 (S x S) K))) (v2 (K v26) (S S))) (S K v12) v5
B (v0 z (I (x B)) (z (B v2 (S x S) K))) (v2 (K v26) (S S)) (S K v12) v5
v0 z (I (x B)) (z (B v2 (S x S) K)) (v2 (K v26) (S S) (S K v12)) v5
v0 z (x B) (z (B v2 (S x S) K)) (v2 (K v26) (S S) (S K v12)) v5
v0 z (x B) (z (v2 (S x S K))) (v2 (K v26) (S S) (S K v12)) v5
v0 z (x B) (z (v2 (x K (S K)))) (v2 (K v26) (S S) (S K v12)) v5
K (B x) (x (K x v27)) (I (K K (K B)) K) B (I (z (v12 (z K))))
B x (I (K K (K B)) K) B (I (z (v12 (z K))))
x (I (K K (K B)) K B) (I (z (v12 (z K))))
x (K K (K B) K B) (I (z (v12 (z K))))
x (K K B) (I (z (v12 (z K))))
x K (I (z (v12 (z K))))
x K (z (v12 (z K)))
z
K I
x (x (v6 v3 S K))
S (B I (K S S (v17 (S (x (K I))))) (K (v8 v26 v24)) (S S)) (S (B (B S I)) (B S)) (B S (S (S (B v23)) B))
B I (K S S (v17 (S (x (K I))))) (K (v8 v26 v24)) (S S) (B S (S (S (B v23)) B)) (S (B (B S I)) (B S) (B S (S (S (B v23)) B)))
I (K S S (v17 (S (x (K I)))) (K (v8 v26 v24))) (S S) (B S (S (S (B v23)) B)) (S (B (B S I)) (B S) (B S (S (S (B v23)) B)))
K S S (v17 (S (x (K I)))) (K (v8 v26 v24)) (S S) (B S (S (S (B v23)) B)) (S (B (B S I)) (B S) (B S (S (S (B v23)) B)))
S (v17 (S (x (K I)))) (K (v8 v26 v24)) (S S) (B S (S (S (B v23)) B)) (S (B (B S I)) (B S) (B S (S (S (B v23)) B)))
v17 (S (x (K I))) (S S) (K (v8 v26 v24) (S S)) (B S (S (S (B v23)) B)) (S (B (B S I)) (B S) (B S (S (S (B v23)) B)))
v17 (S (x (K I))) (S S) (v8 v26 v24) (B S (S (S (B v23)) B)) (S (B (B S I)) (B S) (B S (S (S (B v23)) B)))
v17 (S (x (K I))) (S S) (v8 v26 v24) (B S (S (S (B v23)) B)) (B (B S I) (B S (S (S (B v23)) B)) (B S (B S (S (S (B v23)) B))))
v17 (S (x (K I))) (S S) (v8 v26 v24) (B S (S (S (B v23)) B)) (B S I (B S (S (S (B v23)) B) (B S (B S (S (S (B v23)) B)))))
v17 (S (x (K I))) (S S) (v8 v26 v24) (B S (S (S (B v23)) B)) (S (I (B S (S (S (B v23)) B) (B S (B S (S (S (B v23)) B))))))
v17 (S (x (K I))) (S S) (v8 v26 v24) (B S (S (S (B v23)) B)) (S (B S (S (S (B v23)) B) (B S (B S (S (S (B v23)) B)))))
v17 (S (x (K I))) (S S) (v8 v26 v24) (B S (S (S (B v23)) B)) (S (S (S (S (B v23)) B (B S (B S (S (S (B v23)) B))))))
v17 (S (x (K I))) (S S) (v8 v26 v24) (B S (S (S (B v23)) B)) (S (S (S (B v23) (B S (B S (S (S (B v23)) B))) (B (B S (B S (S (S (B v23)) B)))))))
v17 (S (x (K I))) (S S) (v8 v26 v24) (B S (S (S (B v23)) B)) (S (S (B v23 (B (B S (B S (S (S (B v23)) B)))) (B S (B S (S (S (B v23)) B)) (B (B S (B S (S (S (B v23)) B))))))))
v17 (S (x (K I))) (S S) (v8 v26 v24) (B S (S (S (B v23)) B)) (S (S (v23 (B (B S (B S (S (S (B v23)) B))) (B S (B S (S (S (B v23)) B)) (B (B S (B S (S (S (B v23)) B)))))))))
v17 (S (x (K I))) (S S) (v8 v26 v24) (B S (S (S (B v23)) B)) (S (S (v23 (B (B S (B S (S (S (B v23)) B))) (S (B S (S (S (B v23)) B) (B (B S (B S (S (S (B v23)) B))))))))))
v17 (S (x (K I))) (S S) (v8 v26 v24) (B S (S (S (B v23)) B)) (S (S (v23 (B (B S (B S (S (S (B v23)) B))) (S (S (S (S (B v23)) B (B (B S (B S (S (S (B v23)) B)))))))))))
v17 (S (x (K I))) (S S) (v8 v26 v24) (B S (S (S (B v23)) B)) (S (S (v23 (B (B S (B S (S (S (B v23)) B))) (S (S (S (B v23) (B (B S (B S (S (S (B v23)) B)))) (B (B (B S (B S (S (S (B v23)) B))))))))))))
v17 (S (x (K I))) (S S) (v8 v26 v24) (B S (S (S (B v23)) B)) (S (S (v23 (B (B S (B S (S (S (B v23)) B))) (S (S (B v23 (B (B (B S (B S (S (S (B v23)) B))))) (B (B S (B S (S (S (B v23)) B))) (B (B (B S (B S (S (S (B v23)) B)))))))))))))
v17 (S (x (K I))) (S S) (v8 v26 v24) (B S (S (S (B v23)) B)) (S (S (v23 (B (B S (B S (S (S (B v23)) B))) (S (S (v23 (B (B (B S (B S (S (S (B v23)) B)))) (B (B S (B S (S (S (B v23)) B))) (B (B (B S (B S (S (S (B v23)) B))))))))))))))
z (v27 (I (x (v21 I v9) B S K)) (K (B S) (K K) (K S)))
z (v27 (x (v21 I v9) B S K) (K (B S) (K K) (K S)))
z (v27 (x (v21 I v9) B S K) (B S (K S)))
z (K (B (K (K z (I S) (I v24) (v2 v4)) (z z) K))) (K (z (v13 (z (I I z)) (z (S S v26)) x)) (S (K (I I)) (I (S K) S z) S x (z (x I v7 I) (z S) (S K))) v20)
z (K (B (K z (I S) (I v24) (v2 v4) K))) (K (z (v13 (z (I I z)) (z (S S v26)) x)) (S (K (I I)) (I (S K) S z) S x (z (x I v7 I) (z S) (S K))) v20)
z (K (B (z (I v24) (v2 v4) K))) (K (z (v13 (z (I I z)) (z (S S v26)) x)) (S (K (I I)) (I (S K) S z) S x (z (x I v7 I) (z S) (S K))) v20)
z (K (B (z v24 (v2 v4) K))) (K (z (v13 (z (I I z)) (z (S S v26)) x)) (S (K (I I)) (I (S K) S z) S x (z (x I v7 I) (z S) (S K))) v20)
z (K (B (z v24 (v2 v4) K))) (z (v13 (z (I I z)) (z (S S v26)) x) v20)
z (K (B (z v24 (v2 v4) K))) (z (v13 (z (I z)) (z (S S v26)) x) v20)
z (K (B (z v24 (v2 v4) K))) (z (v13 (z z) (z (S S v26)) x) v20)
x (B (x x (K v22 K) (K (x K S (K (x S) v5) B) (K (x S I) (S (x (z (z x) B)))) z) (I (S (I B) (S v10)) B x (x (B (B z v14) v24 (S S))) (z z (S (B z))))))
x (B (x x v22 (K (x K S (K (x S) v5) B) (K (x S I) (S (x (z (z x) B)))) z) (I (S (I B) (S v10)) B x (x (B (B z v14) v24 (S S))) (z z (S (B z))))))
x (B (x x v22 (x K S (K (x S) v5) B z) (I (S (I B) (S v10)) B x (x (B (B z v14) v24 (S S))) (z z (S (B z))))))
x (B (x x v22 (x K S (x S) B z) (I (S (I B) (S v10)) B x (x (B (B z v14) v24 (S S))) (z z (S (B z))))))
x (B (x x v22 (x K S (x S) B z) (S (I B) (S v10) B x (x (B (B z v14) v24 (S S))) (z z (S (B z))))))
x (B (x x v22 (x K S (x S) B z) (I B B (S v10 B) x (x (B (B z v14) v24 (S S))) (z z (S (B z))))))
x (B (x x v22 (x K S (x S) B z) (B B (S v10 B) x (x (B (B z v14) v24 (S S))) (z z (S (B z))))))
x (B (x x v22 (x K S (x S) B z) (B (S v10 B x) (x (B (B z v14) v24 (S S))) (z z (S (B z))))))
x (B (x x v22 (x K S (x S) B z) (S v10 B x (x (B (B z v14) v24 (S S)) (z z (S (B z)))))))
x (B (x x v22 (x K S (x S) B z) (v10 x (B x) (x (B (B z v14) v24 (S S)) (z z (S (B z)))))))
x (B (x x v22 (x K S (x S) B z) (v10 x (B x) (x (B z v14 (v24 (S S))) (z z (S (B z)))))))
x (B (x x v22 (x K S (x S) B z) (v10 x (B x) (x (z (v14 (v24 (S S)))) (z z (S (B z)))))))
