S (v6 (v1 v0)) (I B) (B (v19 (z (I (x (I I))) z))) (K (K (v18 (K (x v15))) v6)) S
v6 (v1 v0) (B (v19 (z (I (x (I I))) z))) (I B (B (v19 (z (I (x (I I))) z)))) (K (K (v18 (K (x v15))) v6)) S
v6 (v1 v0) (B (v19 (z (x (I I)) z))) (I B (B (v19 (z (I (x (I I))) z)))) (K (K (v18 (K (x v15))) v6)) S
v6 (v1 v0) (B (v19 (z (x I) z))) (I B (B (v19 (z (I (x (I I))) z)))) (K (K (v18 (K (x v15))) v6)) S
v6 (v1 v0) (B (v19 (z (x I) z))) (B (B (v19 (z (I (x (I I))) z)))) (K (K (v18 (K (x v15))) v6)) S
v6 (v1 v0) (B (v19 (z (x I) z))) (B (B (v19 (z (x (I I)) z)))) (K (K (v18 (K (x v15))) v6)) S
v6 (v1 v0) (B (v19 (z (x I) z))) (B (B (v19 (z (x I) z)))) (K (K (v18 (K (x v15))) v6)) S
v6 (v1 v0) (B (v19 (z (x I) z))) (B (B (v19 (z (x I) z)))) (K (v18 (K (x v15)))) S
v26 (I B K (v26 (x K z (v1 z) (v16 I))) B (z S (z B (S v10) (B (v11 B K)) (v14 v21 v2) (K B x S z) K (B (I (K v3)))))) z
v26 (B K (v26 (x K z (v1 z) (v16 I))) B (z S (z B (S v10) (B (v11 B K)) (v14 v21 v2) (K B x S z) K (B (I (K v3)))))) z
v26 (K (v26 (x K z (v1 z) (v16 I)) B) (z S (z B (S v10) (B (v11 B K)) (v14 v21 v2) (K B x S z) K (B (I (K v3)))))) z
v26 (v26 (x K z (v1 z) (v16 I)) B) z
I B B (x I z v27) (B (v15 B)) (z (S (K (I x) (S S) I)) (I (v9 (B v23 v28 (S I)) (S (z K) (v14 I)))) S K)
B B (x I z v27) (B (v15 B)) (z (S (K (I x) (S S) I)) (I (v9 (B v23 v28 (S I)) (S (z K) (v14 I)))) S K)
B (x I z v27 (B (v15 B))) (z (S (K (I x) (S S) I)) (I (v9 (B v23 v28 (S I)) (S (z K) (v14 I)))) S K)
B (x I z v27 (B (v15 B))) (z (S (I x I)) (I (v9 (B v23 v28 (S I)) (S (z K) (v14 I)))) S K)
B (x I z v27 (B (v15 B))) (z (S (x I)) (I (v9 (B v23 v28 (S I)) (S (z K) (v14 I)))) S K)
B (x I z v27 (B (v15 B))) (z (S (x I)) (v9 (B v23 v28 (S I)) (S (z K) (v14 I))) S K)
B (x I z v27 (B (v15 B))) (z (S (x I)) (v9 (v23 (v28 (S I))) (S (z K) (v14 I))) S K)
B K (z (S (x (x B) (x (K K))))) (K K (z (v16 v20) (B z) B) x) (x (x z (v16 (I I)) (z x (S (B z) I (z (z v26 (B B S z)))) (x (v5 I)))))
K (z (S (x (x B) (x (K K)))) (K K (z (v16 v20) (B z) B) x)) (x (x z (v16 (I I)) (z x (S (B z) I (z (z v26 (B B S z)))) (x (v5 I)))))
z (S (x (x B) (x (K K)))) (K K (z (v16 v20) (B z) B) x)
z (S (x (x B) (x (K K)))) (K x)
z I K (B (K (S (B (v13 (K z))) x)) (z (K x))) (K K) z (x v27 x K)
x (S K) (v6 (K z) (v28 (x (x S S))) (v6 I B) (B x z) (K I)) v1 (B (x (z z)))
v12 (z (K v28) (v20 I (x B) (I I I B)) K B) (S (S I (I (z (z v0) v5) (S v9 I) K) S K)) (S (x (S x (I (K I (K B)) x (K K)) v30 x (B v18)) v1))
v12 (z (K v28) (v20 I (x B) (I I B)) K B) (S (S I (I (z (z v0) v5) (S v9 I) K) S K)) (S (x (S x (I (K I (K B)) x (K K)) v30 x (B v18)) v1))
v12 (z (K v28) (v20 I (x B) (I B)) K B) (S (S I (I (z (z v0) v5) (S v9 I) K) S K)) (S (x (S x (I (K I (K B)) x (K K)) v30 x (B v18)) v1))
v12 (z (K v28) (v20 I (x B) B) K B) (S (S I (I (z (z v0) v5) (S v9 I) K) S K)) (S (x (S x (I (K I (K B)) x (K K)) v30 x (B v18)) v1))
v12 (z (K v28) (v20 I (x B) B) K B) (S (I S (I (z (z v0) v5) (S v9 I) K S) K)) (S (x (S x (I (K I (K B)) x (K K)) v30 x (B v18)) v1))
v12 (z (K v28) (v20 I (x B) B) K B) (S (S (I (z (z v0) v5) (S v9 I) K S) K)) (S (x (S x (I (K I (K B)) x (K K)) v30 x (B v18)) v1))
v12 (z (K v28) (v20 I (x B) B) K B) (S (S (z (z v0) v5 (S v9 I) K S) K)) (S (x (S x (I (K I (K B)) x (K K)) v30 x (B v18)) v1))
v12 (z (K v28) (v20 I (x B) B) K B) (S (S (z (z v0) v5 (S v9 I) K S) K)) (S (x (x v30 (I (K I (K B)) x (K K) v30) x (B v18)) v1))
v12 (z (K v28) (v20 I (x B) B) K B) (S (S (z (z v0) v5 (S v9 I) K S) K)) (S (x (x v30 (K I (K B) x (K K) v30) x (B v18)) v1))
v12 (z (K v28) (v20 I (x B) B) K B) (S (S (z (z v0) v5 (S v9 I) K S) K)) (S (x (x v30 (I x (K K) v30) x (B v18)) v1))
v12 (z (K v28) (v20 I (x B) B) K B) (S (S (z (z v0) v5 (S v9 I) K S) K)) (S (x (x v30 (x (K K) v30) x (B v18)) v1))
x (B (v22 K K)) (z (K S)) (S B B x (K S (I K))) (I S x (S z z B (B K (S x B)) (v17 (I (z (x I I)) (x K I)))))
x (B (v22 K K)) (z (K S)) (B x (B x) (K S (I K))) (I S x (S z z B (B K (S x B)) (v17 (I (z (x I I)) (x K I)))))
x (B (v22 K K)) (z (K S)) (x (B x (K S (I K)))) (I S x (S z z B (B K (S x B)) (v17 (I (z (x I I)) (x K I)))))
x (B (v22 K K)) (z (K S)) (x (B x S)) (I S x (S z z B (B K (S x B)) (v17 (I (z (x I I)) (x K I)))))
x (B (v22 K K)) (z (K S)) (x (B x S)) (S x (S z z B (B K (S x B)) (v17 (I (z (x I I)) (x K I)))))
x (B (v22 K K)) (z (K S)) (x (B x S)) (S x (z B (z B) (B K (S x B)) (v17 (I (z (x I I)) (x K I)))))
x (B (v22 K K)) (z (K S)) (x (B x S)) (S x (z B (z B) (B K (S x B)) (v17 (z (x I I) (x K I)))))
z (B v17) (I (I x I (S S) B (z B) B) (I K) z B) (x x (K (v21 z) (K B) v4 x z) (S S) S B K)
z (B v17) (I x I (S S) B (z B) B (I K) z B) (x x (K (v21 z) (K B) v4 x z) (S S) S B K)
z (B v17) (x I (S S) B (z B) B (I K) z B) (x x (K (v21 z) (K B) v4 x z) (S S) S B K)
z (B v17) (x I (S S) B (z B) B K z B) (x x (K (v21 z) (K B) v4 x z) (S S) S B K)
z (B v17) (x I (S S) B (z B) B K z B) (x x (v21 z v4 x z) (S S) S B K)
I (v7 (S K) (z (I I) (x x) S)) x (S (S (I K)) I) (z v24 (K z) I) (S (v9 S (I z (B S S))))
v7 (S K) (z (I I) (x x) S) x (S (S (I K)) I) (z v24 (K z) I) (S (v9 S (I z (B S S))))
v7 (S K) (z I (x x) S) x (S (S (I K)) I) (z v24 (K z) I) (S (v9 S (I z (B S S))))
v7 (S K) (z I (x x) S) x (S (S K) I) (z v24 (K z) I) (S (v9 S (I z (B S S))))
v7 (S K) (z I (x x) S) x (S (S K) I) (z v24 (K z) I) (S (v9 S (z (B S S))))
