S (v9 S K K) (I (x (B S S) K) (v6 (B v12 S) (z (x I))))
S (v9 S K K) (x (B S S) K (v6 (B v12 S) (z (x I))))
x x (z (x S B I (x v10 (x K (x z) z B v9)) K) B)
z
v3 (v10 (I B) (B x (B (S (K (B v24 S)))) (S (K K x) S B (I (K K x)) S)) (S x)) (z (I S z) v24 (z (v11 z S) (B (S (I (S z x))) (x S I B)) (x (S I) (x (S x (z v26)))) (S (z (B (x x)) x) (I (I z (K (S (K x))))) (B x))) (K (z x (v2 B (K S x (I (v26 S)) x)))))
v3 (v10 B (B x (B (S (K (B v24 S)))) (S (K K x) S B (I (K K x)) S)) (S x)) (z (I S z) v24 (z (v11 z S) (B (S (I (S z x))) (x S I B)) (x (S I) (x (S x (z v26)))) (S (z (B (x x)) x) (I (I z (K (S (K x))))) (B x))) (K (z x (v2 B (K S x (I (v26 S)) x)))))
v3 (v10 B (x (B (S (K (B v24 S))) (S (K K x) S B (I (K K x)) S))) (S x)) (z (I S z) v24 (z (v11 z S) (B (S (I (S z x))) (x S I B)) (x (S I) (x (S x (z v26)))) (S (z (B (x x)) x) (I (I z (K (S (K x))))) (B x))) (K (z x (v2 B (K S x (I (v26 S)) x)))))
v3 (v10 B (x (B (S (K (B v24 S))) (K K x B (S B) (I (K K x)) S))) (S x)) (z (I S z) v24 (z (v11 z S) (B (S (I (S z x))) (x S I B)) (x (S I) (x (S x (z v26)))) (S (z (B (x x)) x) (I (I z (K (S (K x))))) (B x))) (K (z x (v2 B (K S x (I (v26 S)) x)))))
v3 (v10 B (x (B (S (K (B v24 S))) (K B (S B) (I (K K x)) S))) (S x)) (z (I S z) v24 (z (v11 z S) (B (S (I (S z x))) (x S I B)) (x (S I) (x (S x (z v26)))) (S (z (B (x x)) x) (I (I z (K (S (K x))))) (B x))) (K (z x (v2 B (K S x (I (v26 S)) x)))))
v3 (v10 B (x (B (S (K (B v24 S))) (B (I (K K x)) S))) (S x)) (z (I S z) v24 (z (v11 z S) (B (S (I (S z x))) (x S I B)) (x (S I) (x (S x (z v26)))) (S (z (B (x x)) x) (I (I z (K (S (K x))))) (B x))) (K (z x (v2 B (K S x (I (v26 S)) x)))))
v3 (v10 B (x (B (S (K (B v24 S))) (B (K K x) S))) (S x)) (z (I S z) v24 (z (v11 z S) (B (S (I (S z x))) (x S I B)) (x (S I) (x (S x (z v26)))) (S (z (B (x x)) x) (I (I z (K (S (K x))))) (B x))) (K (z x (v2 B (K S x (I (v26 S)) x)))))
v3 (v10 B (x (B (S (K (B v24 S))) (B K S))) (S x)) (z (I S z) v24 (z (v11 z S) (B (S (I (S z x))) (x S I B)) (x (S I) (x (S x (z v26)))) (S (z (B (x x)) x) (I (I z (K (S (K x))))) (B x))) (K (z x (v2 B (K S x (I (v26 S)) x)))))
v3 (v10 B (x (B (S (K (B v24 S))) (B K S))) (S x)) (z (S z) v24 (z (v11 z S) (B (S (I (S z x))) (x S I B)) (x (S I) (x (S x (z v26)))) (S (z (B (x x)) x) (I (I z (K (S (K x))))) (B x))) (K (z x (v2 B (K S x (I (v26 S)) x)))))
v3 (v10 B (x (B (S (K (B v24 S))) (B K S))) (S x)) (z (S z) v24 (z (v11 z S) (B (S (S z x)) (x S I B)) (x (S I) (x (S x (z v26)))) (S (z (B (x x)) x) (I (I z (K (S (K x))))) (B x))) (K (z x (v2 B (K S x (I (v26 S)) x)))))
v3 (v10 B (x (B (S (K (B v24 S))) (B K S))) (S x)) (z (S z) v24 (z (v11 z S) (B (S (S z x)) (x S I B)) (x (S I) (x (S x (z v26)))) (z (B (x x)) x (B x) (I (I z (K (S (K x)))) (B x)))) (K (z x (v2 B (K S x (I (v26 S)) x)))))
v3 (v10 B (x (B (S (K (B v24 S))) (B K S))) (S x)) (z (S z) v24 (z (v11 z S) (B (S (S z x)) (x S I B)) (x (S I) (x (S x (z v26)))) (z (B (x x)) x (B x) (I z (K (S (K x))) (B x)))) (K (z x (v2 B (K S x (I (v26 S)) x)))))
v3 (v10 B (x (B (S (K (B v24 S))) (B K S))) (S x)) (z (S z) v24 (z (v11 z S) (B (S (S z x)) (x S I B)) (x (S I) (x (S x (z v26)))) (z (B (x x)) x (B x) (z (K (S (K x))) (B x)))) (K (z x (v2 B (K S x (I (v26 S)) x)))))
v3 (v10 B (x (B (S (K (B v24 S))) (B K S))) (S x)) (z (S z) v24 (z (v11 z S) (B (S (S z x)) (x S I B)) (x (S I) (x (S x (z v26)))) (z (B (x x)) x (B x) (z (K (S (K x))) (B x)))) (K (z x (v2 B (S (I (v26 S)) x)))))
v3 (v10 B (x (B (S (K (B v24 S))) (B K S))) (S x)) (z (S z) v24 (z (v11 z S) (B (S (S z x)) (x S I B)) (x (S I) (x (S x (z v26)))) (z (B (x x)) x (B x) (z (K (S (K x))) (B x)))) (K (z x (v2 B (S (v26 S) x)))))
v30
z
S K v3 (x (S (x S x (z K S (S (B B B (K (z K) K (x v0 v20)) z)) (x S z)))))
K (x (S (x S x (z K S (S (B B B (K (z K) K (x v0 v20)) z)) (x S z))))) (v3 (x (S (x S x (z K S (S (B B B (K (z K) K (x v0 v20)) z)) (x S z))))))
x (S (x S x (z K S (S (B B B (K (z K) K (x v0 v20)) z)) (x S z))))
x (S (x S x (z K S (S (B (B (K (z K) K (x v0 v20))) z)) (x S z))))
x (S (x S x (z K S (S (B (B (z K (x v0 v20))) z)) (x S z))))
x (v25 v28 (I B v12))
x (v25 v28 (B v12))
v28 (K (x (B K) I v21)) I
z (K S x x x K)
z (S x x K)
z (x K (x K))
