z (z (K (I (x (z K)))) x) v8 (B (z (I (K (v28 I z S) z) B))) (I S) (I K I (K K (K (x (B v3)))))
z (z (K (x (z K))) x) v8 (B (z (I (K (v28 I z S) z) B))) (I S) (I K I (K K (K (x (B v3)))))
z (z (K (x (z K))) x) v8 (B (z (K (v28 I z S) z B))) (I S) (I K I (K K (K (x (B v3)))))
z (z (K (x (z K))) x) v8 (B (z (v28 I z S B))) (I S) (I K I (K K (K (x (B v3)))))
z (z (K (x (z K))) x) v8 (B (z (v28 I z S B))) S (I K I (K K (K (x (B v3)))))
z (z (K (x (z K))) x) v8 (B (z (v28 I z S B))) S (K I (K K (K (x (B v3)))))
z (z (K (x (z K))) x) v8 (B (z (v28 I z S B))) S I
I K z (z (x B v14 (K v10)) S (v23 (S (S K) (x v30)) (K (S x (x S) B (x (z S))) (K S (z B)) (v15 z (x B (I K)))))) (B (v2 z) (S K))
K z (z (x B v14 (K v10)) S (v23 (S (S K) (x v30)) (K (S x (x S) B (x (z S))) (K S (z B)) (v15 z (x B (I K)))))) (B (v2 z) (S K))
z (B (v2 z) (S K))
S I B (v5 (x (v27 (z I)))) (K K (v6 K (x B S))) (I (I K)) K I (I S x I S (v25 x (K S x) S) (S B (v26 v21)) (v11 z S x (I (z K x v27)) K)) (I (S (B (S K) B)) (I (x v29) x (z (z B v15) z (I S) B S)))
I (v5 (x (v27 (z I)))) (B (v5 (x (v27 (z I))))) (K K (v6 K (x B S))) (I (I K)) K I (I S x I S (v25 x (K S x) S) (S B (v26 v21)) (v11 z S x (I (z K x v27)) K)) (I (S (B (S K) B)) (I (x v29) x (z (z B v15) z (I S) B S)))
v5 (x (v27 (z I))) (B (v5 (x (v27 (z I))))) (K K (v6 K (x B S))) (I (I K)) K I (I S x I S (v25 x (K S x) S) (S B (v26 v21)) (v11 z S x (I (z K x v27)) K)) (I (S (B (S K) B)) (I (x v29) x (z (z B v15) z (I S) B S)))
v5 (x (v27 (z I))) (B (v5 (x (v27 (z I))))) K (I (I K)) K I (I S x I S (v25 x (K S x) S) (S B (v26 v21)) (v11 z S x (I (z K x v27)) K)) (I (S (B (S K) B)) (I (x v29) x (z (z B v15) z (I S) B S)))
v5 (x (v27 (z I))) (B (v5 (x (v27 (z I))))) K (I K) K I (I S x I S (v25 x (K S x) S) (S B (v26 v21)) (v11 z S x (I (z K x v27)) K)) (I (S (B (S K) B)) (I (x v29) x (z (z B v15) z (I S) B S)))
v5 (x (v27 (z I))) (B (v5 (x (v27 (z I))))) K K K I (I S x I S (v25 x (K S x) S) (S B (v26 v21)) (v11 z S x (I (z K x v27)) K)) (I (S (B (S K) B)) (I (x v29) x (z (z B v15) z (I S) B S)))
v5 (x (v27 (z I))) (B (v5 (x (v27 (z I))))) K K K I (S x I S (v25 x (K S x) S) (S B (v26 v21)) (v11 z S x (I (z K x v27)) K)) (I (S (B (S K) B)) (I (x v29) x (z (z B v15) z (I S) B S)))
v5 (x (v27 (z I))) (B (v5 (x (v27 (z I))))) K K K I (x S (I S) (v25 x (K S x) S) (S B (v26 v21)) (v11 z S x (I (z K x v27)) K)) (I (S (B (S K) B)) (I (x v29) x (z (z B v15) z (I S) B S)))
v5 (x (v27 (z I))) (B (v5 (x (v27 (z I))))) K K K I (x S S (v25 x (K S x) S) (S B (v26 v21)) (v11 z S x (I (z K x v27)) K)) (I (S (B (S K) B)) (I (x v29) x (z (z B v15) z (I S) B S)))
v5 (x (v27 (z I))) (B (v5 (x (v27 (z I))))) K K K I (x S S (v25 x S S) (S B (v26 v21)) (v11 z S x (I (z K x v27)) K)) (I (S (B (S K) B)) (I (x v29) x (z (z B v15) z (I S) B S)))
v5 (x (v27 (z I))) (B (v5 (x (v27 (z I))))) K K K I (x S S (v25 x S S) (S B (v26 v21)) (v11 z S x (z K x v27) K)) (I (S (B (S K) B)) (I (x v29) x (z (z B v15) z (I S) B S)))
v5 (x (v27 (z I))) (B (v5 (x (v27 (z I))))) K K K I (x S S (v25 x S S) (S B (v26 v21)) (v11 z S x (z K x v27) K)) (S (B (S K) B) (I (x v29) x (z (z B v15) z (I S) B S)))
v5 (x (v27 (z I))) (B (v5 (x (v27 (z I))))) K K K I (x S S (v25 x S S) (S B (v26 v21)) (v11 z S x (z K x v27) K)) (S (B (S K) B) (x v29 x (z (z B v15) z (I S) B S)))
v5 (x (v27 (z I))) (B (v5 (x (v27 (z I))))) K K K I (x S S (v25 x S S) (S B (v26 v21)) (v11 z S x (z K x v27) K)) (S (B (S K) B) (x v29 x (z (z B v15) z S B S)))
S
x (x (K I z I) (B x) (x (x I))) (S (v0 v0 v16) (K I S) (v25 B z) S) (K I I (S I I (I (z B))) v17 (B z) (I (v4 B (x (z K))) (z (v19 K z (S K)) B) (x B (B (I I))))) (x (B v27 x) (z K B (I S) (v5 S (B x B) (B (x (S S)) (B I S))) (x z (x z) (K S (z x (x (I z)))) (B (z (I I)))))) z
x (x (I I) (B x) (x (x I))) (S (v0 v0 v16) (K I S) (v25 B z) S) (K I I (S I I (I (z B))) v17 (B z) (I (v4 B (x (z K))) (z (v19 K z (S K)) B) (x B (B (I I))))) (x (B v27 x) (z K B (I S) (v5 S (B x B) (B (x (S S)) (B I S))) (x z (x z) (K S (z x (x (I z)))) (B (z (I I)))))) z
x (x I (B x) (x (x I))) (S (v0 v0 v16) (K I S) (v25 B z) S) (K I I (S I I (I (z B))) v17 (B z) (I (v4 B (x (z K))) (z (v19 K z (S K)) B) (x B (B (I I))))) (x (B v27 x) (z K B (I S) (v5 S (B x B) (B (x (S S)) (B I S))) (x z (x z) (K S (z x (x (I z)))) (B (z (I I)))))) z
x (x I (B x) (x (x I))) (v0 v0 v16 (v25 B z) (K I S (v25 B z)) S) (K I I (S I I (I (z B))) v17 (B z) (I (v4 B (x (z K))) (z (v19 K z (S K)) B) (x B (B (I I))))) (x (B v27 x) (z K B (I S) (v5 S (B x B) (B (x (S S)) (B I S))) (x z (x z) (K S (z x (x (I z)))) (B (z (I I)))))) z
x (x I (B x) (x (x I))) (v0 v0 v16 (v25 B z) (I (v25 B z)) S) (K I I (S I I (I (z B))) v17 (B z) (I (v4 B (x (z K))) (z (v19 K z (S K)) B) (x B (B (I I))))) (x (B v27 x) (z K B (I S) (v5 S (B x B) (B (x (S S)) (B I S))) (x z (x z) (K S (z x (x (I z)))) (B (z (I I)))))) z
x (x I (B x) (x (x I))) (v0 v0 v16 (v25 B z) (v25 B z) S) (K I I (S I I (I (z B))) v17 (B z) (I (v4 B (x (z K))) (z (v19 K z (S K)) B) (x B (B (I I))))) (x (B v27 x) (z K B (I S) (v5 S (B x B) (B (x (S S)) (B I S))) (x z (x z) (K S (z x (x (I z)))) (B (z (I I)))))) z
x (x I (B x) (x (x I))) (v0 v0 v16 (v25 B z) (v25 B z) S) (I (S I I (I (z B))) v17 (B z) (I (v4 B (x (z K))) (z (v19 K z (S K)) B) (x B (B (I I))))) (x (B v27 x) (z K B (I S) (v5 S (B x B) (B (x (S S)) (B I S))) (x z (x z) (K S (z x (x (I z)))) (B (z (I I)))))) z
x (x I (B x) (x (x I))) (v0 v0 v16 (v25 B z) (v25 B z) S) (S I I (I (z B)) v17 (B z) (I (v4 B (x (z K))) (z (v19 K z (S K)) B) (x B (B (I I))))) (x (B v27 x) (z K B (I S) (v5 S (B x B) (B (x (S S)) (B I S))) (x z (x z) (K S (z x (x (I z)))) (B (z (I I)))))) z
x (x I (B x) (x (x I))) (v0 v0 v16 (v25 B z) (v25 B z) S) (I (I (z B)) (I (I (z B))) v17 (B z) (I (v4 B (x (z K))) (z (v19 K z (S K)) B) (x B (B (I I))))) (x (B v27 x) (z K B (I S) (v5 S (B x B) (B (x (S S)) (B I S))) (x z (x z) (K S (z x (x (I z)))) (B (z (I I)))))) z
x (x I (B x) (x (x I))) (v0 v0 v16 (v25 B z) (v25 B z) S) (I (z B) (I (I (z B))) v17 (B z) (I (v4 B (x (z K))) (z (v19 K z (S K)) B) (x B (B (I I))))) (x (B v27 x) (z K B (I S) (v5 S (B x B) (B (x (S S)) (B I S))) (x z (x z) (K S (z x (x (I z)))) (B (z (I I)))))) z
x (x I (B x) (x (x I))) (v0 v0 v16 (v25 B z) (v25 B z) S) (z B (I (I (z B))) v17 (B z) (I (v4 B (x (z K))) (z (v19 K z (S K)) B) (x B (B (I I))))) (x (B v27 x) (z K B (I S) (v5 S (B x B) (B (x (S S)) (B I S))) (x z (x z) (K S (z x (x (I z)))) (B (z (I I)))))) z
x (x I (B x) (x (x I))) (v0 v0 v16 (v25 B z) (v25 B z) S) (z B (I (z B)) v17 (B z) (I (v4 B (x (z K))) (z (v19 K z (S K)) B) (x B (B (I I))))) (x (B v27 x) (z K B (I S) (v5 S (B x B) (B (x (S S)) (B I S))) (x z (x z) (K S (z x (x (I z)))) (B (z (I I)))))) z
x (x I (B x) (x (x I))) (v0 v0 v16 (v25 B z) (v25 B z) S) (z B (z B) v17 (B z) (I (v4 B (x (z K))) (z (v19 K z (S K)) B) (x B (B (I I))))) (x (B v27 x) (z K B (I S) (v5 S (B x B) (B (x (S S)) (B I S))) (x z (x z) (K S (z x (x (I z)))) (B (z (I I)))))) z
x (x I (B x) (x (x I))) (v0 v0 v16 (v25 B z) (v25 B z) S) (z B (z B) v17 (B z) (v4 B (x (z K)) (z (v19 K z (S K)) B) (x B (B (I I))))) (x (B v27 x) (z K B (I S) (v5 S (B x B) (B (x (S S)) (B I S))) (x z (x z) (K S (z x (x (I z)))) (B (z (I I)))))) z
x (x I (B x) (x (x I))) (v0 v0 v16 (v25 B z) (v25 B z) S) (z B (z B) v17 (B z) (v4 B (x (z K)) (z (v19 K z (S K)) B) (x B (B I)))) (x (B v27 x) (z K B (I S) (v5 S (B x B) (B (x (S S)) (B I S))) (x z (x z) (K S (z x (x (I z)))) (B (z (I I)))))) z
x (x I (B x) (x (x I))) (v0 v0 v16 (v25 B z) (v25 B z) S) (z B (z B) v17 (B z) (v4 B (x (z K)) (z (v19 K z (S K)) B) (x B (B I)))) (x (B v27 x) (z K B S (v5 S (B x B) (B (x (S S)) (B I S))) (x z (x z) (K S (z x (x (I z)))) (B (z (I I)))))) z
x (x I (B x) (x (x I))) (v0 v0 v16 (v25 B z) (v25 B z) S) (z B (z B) v17 (B z) (v4 B (x (z K)) (z (v19 K z (S K)) B) (x B (B I)))) (x (B v27 x) (z K B S (v5 S (B x B) (B (x (S S)) (B I S))) (x z (x z) S (B (z (I I)))))) z
x (x I (B x) (x (x I))) (v0 v0 v16 (v25 B z) (v25 B z) S) (z B (z B) v17 (B z) (v4 B (x (z K)) (z (v19 K z (S K)) B) (x B (B I)))) (x (B v27 x) (z K B S (v5 S (B x B) (B (x (S S)) (B I S))) (x z (x z) S (B (z I))))) z
z
z
S (I (z (B S) (K (v30 B (B B v7))) (v28 B (x (z (B x)) (B S S)))) S)
S (z (B S) (K (v30 B (B B v7))) (v28 B (x (z (B x)) (B S S))) S)
x (K (S B)) (K S)
z
