z (z (v25 B (K (z (K S)) z) (K B (B K) B)))
z (z (v25 B (z (K S)) (K B (B K) B)))
z (z (v25 B (z (K S)) (B B)))
v3 (B (B z) z (I z v30 (S (v2 z z B) z B)) S) (x S) (K z (z (x (v23 (B v23))) (v12 K) K) (S S (K x (v3 (B (z (x (x I)) (K (B K) S (I x)))))) (I z (B (I S (K (S x) (K B)))) B (K S I))) K)
v3 (B z (z (I z v30 (S (v2 z z B) z B))) S) (x S) (K z (z (x (v23 (B v23))) (v12 K) K) (S S (K x (v3 (B (z (x (x I)) (K (B K) S (I x)))))) (I z (B (I S (K (S x) (K B)))) B (K S I))) K)
v3 (z (z (I z v30 (S (v2 z z B) z B)) S)) (x S) (K z (z (x (v23 (B v23))) (v12 K) K) (S S (K x (v3 (B (z (x (x I)) (K (B K) S (I x)))))) (I z (B (I S (K (S x) (K B)))) B (K S I))) K)
v3 (z (z (z v30 (S (v2 z z B) z B)) S)) (x S) (K z (z (x (v23 (B v23))) (v12 K) K) (S S (K x (v3 (B (z (x (x I)) (K (B K) S (I x)))))) (I z (B (I S (K (S x) (K B)))) B (K S I))) K)
v3 (z (z (z v30 (v2 z z B B (z B))) S)) (x S) (K z (z (x (v23 (B v23))) (v12 K) K) (S S (K x (v3 (B (z (x (x I)) (K (B K) S (I x)))))) (I z (B (I S (K (S x) (K B)))) B (K S I))) K)
v3 (z (z (z v30 (v2 z z B B (z B))) S)) (x S) (z (S S (K x (v3 (B (z (x (x I)) (K (B K) S (I x)))))) (I z (B (I S (K (S x) (K B)))) B (K S I))) K)
v3 (z (z (z v30 (v2 z z B B (z B))) S)) (x S) (z (S (I z (B (I S (K (S x) (K B)))) B (K S I)) (K x (v3 (B (z (x (x I)) (K (B K) S (I x))))) (I z (B (I S (K (S x) (K B)))) B (K S I)))) K)
v3 (z (z (z v30 (v2 z z B B (z B))) S)) (x S) (z (S (z (B (I S (K (S x) (K B)))) B (K S I)) (K x (v3 (B (z (x (x I)) (K (B K) S (I x))))) (I z (B (I S (K (S x) (K B)))) B (K S I)))) K)
v3 (z (z (z v30 (v2 z z B B (z B))) S)) (x S) (z (S (z (B (S (K (S x) (K B)))) B (K S I)) (K x (v3 (B (z (x (x I)) (K (B K) S (I x))))) (I z (B (I S (K (S x) (K B)))) B (K S I)))) K)
v3 (z (z (z v30 (v2 z z B B (z B))) S)) (x S) (z (S (z (B (S (S x))) B (K S I)) (K x (v3 (B (z (x (x I)) (K (B K) S (I x))))) (I z (B (I S (K (S x) (K B)))) B (K S I)))) K)
v3 (z (z (z v30 (v2 z z B B (z B))) S)) (x S) (z (S (z (B (S (S x))) B S) (K x (v3 (B (z (x (x I)) (K (B K) S (I x))))) (I z (B (I S (K (S x) (K B)))) B (K S I)))) K)
v3 (z (z (z v30 (v2 z z B B (z B))) S)) (x S) (z (S (z (B (S (S x))) B S) (x (I z (B (I S (K (S x) (K B)))) B (K S I)))) K)
v3 (z (z (z v30 (v2 z z B B (z B))) S)) (x S) (z (S (z (B (S (S x))) B S) (x (z (B (I S (K (S x) (K B)))) B (K S I)))) K)
v3 (z (z (z v30 (v2 z z B B (z B))) S)) (x S) (z (S (z (B (S (S x))) B S) (x (z (B (S (K (S x) (K B)))) B (K S I)))) K)
v3 (z (z (z v30 (v2 z z B B (z B))) S)) (x S) (z (S (z (B (S (S x))) B S) (x (z (B (S (S x))) B (K S I)))) K)
v3 (z (z (z v30 (v2 z z B B (z B))) S)) (x S) (z (S (z (B (S (S x))) B S) (x (z (B (S (S x))) B S))) K)
z K K (S (B x I z)) I (I (x z I v17 z) (I (v11 K (S (I K)))) (I (B x)) (x (B (S x I)) (z (x (S S) S) (I (K B) (B S) (S S)) (v23 I) (B S) (I (B (S (B I x S x))))))) (B K K)
z K K (S (x (I z))) I (I (x z I v17 z) (I (v11 K (S (I K)))) (I (B x)) (x (B (S x I)) (z (x (S S) S) (I (K B) (B S) (S S)) (v23 I) (B S) (I (B (S (B I x S x))))))) (B K K)
z K K (S (x z)) I (I (x z I v17 z) (I (v11 K (S (I K)))) (I (B x)) (x (B (S x I)) (z (x (S S) S) (I (K B) (B S) (S S)) (v23 I) (B S) (I (B (S (B I x S x))))))) (B K K)
z K K (S (x z)) I (x z I v17 z (I (v11 K (S (I K)))) (I (B x)) (x (B (S x I)) (z (x (S S) S) (I (K B) (B S) (S S)) (v23 I) (B S) (I (B (S (B I x S x))))))) (B K K)
z K K (S (x z)) I (x z I v17 z (v11 K (S (I K))) (I (B x)) (x (B (S x I)) (z (x (S S) S) (I (K B) (B S) (S S)) (v23 I) (B S) (I (B (S (B I x S x))))))) (B K K)
z K K (S (x z)) I (x z I v17 z (v11 K (S K)) (I (B x)) (x (B (S x I)) (z (x (S S) S) (I (K B) (B S) (S S)) (v23 I) (B S) (I (B (S (B I x S x))))))) (B K K)
z K K (S (x z)) I (x z I v17 z (v11 K (S K)) (B x) (x (B (S x I)) (z (x (S S) S) (I (K B) (B S) (S S)) (v23 I) (B S) (I (B (S (B I x S x))))))) (B K K)
z K K (S (x z)) I (x z I v17 z (v11 K (S K)) (B x) (x (B (S x I)) (z (x (S S) S) (K B (B S) (S S)) (v23 I) (B S) (I (B (S (B I x S x))))))) (B K K)
z K K (S (x z)) I (x z I v17 z (v11 K (S K)) (B x) (x (B (S x I)) (z (x (S S) S) (B (S S)) (v23 I) (B S) (I (B (S (B I x S x))))))) (B K K)
z K K (S (x z)) I (x z I v17 z (v11 K (S K)) (B x) (x (B (S x I)) (z (x (S S) S) (B (S S)) (v23 I) (B S) (B (S (B I x S x)))))) (B K K)
z K K (S (x z)) I (x z I v17 z (v11 K (S K)) (B x) (x (B (S x I)) (z (x (S S) S) (B (S S)) (v23 I) (B S) (B (S (I (x S) x)))))) (B K K)
z K K (S (x z)) I (x z I v17 z (v11 K (S K)) (B x) (x (B (S x I)) (z (x (S S) S) (B (S S)) (v23 I) (B S) (B (S (x S x)))))) (B K K)
K (B x (z (B (v14 K)) (S (K x) (v21 (B x) v6))) x v27) (x I)
B x (z (B (v14 K)) (S (K x) (v21 (B x) v6))) x v27
x (z (B (v14 K)) (S (K x) (v21 (B x) v6)) x) v27
K (I I (B K) v28)
K (I (B K) v28)
K (B K v28)
S
B (z v21) (x K) (x z (I K S (I K K B (x K I z))) (x I (I K)))
z v21 (x K (x z (I K S (I K K B (x K I z))) (x I (I K))))
z v21 (x K (x z (K S (I K K B (x K I z))) (x I (I K))))
z v21 (x K (x z S (x I (I K))))
z v21 (x K (x z S (x I K)))
I
K
B (z (I (x x) (B S)) S)
B (z (x x (B S)) S)
