x B
x
x (v2 (B v29)) (K (I (K B (K x) (z I)) (x z))) (B (x (K (S z (B (I x) (z B B z)) S))) S (I I (z v8))) (x (B S (x K (x v3)) (v20 I (v25 x) z))) (K x B (z v16 (S v23) z z (z x)) (K S x (x (B z z))))
x (v2 (B v29)) (K (K B (K x) (z I) (x z))) (B (x (K (S z (B (I x) (z B B z)) S))) S (I I (z v8))) (x (B S (x K (x v3)) (v20 I (v25 x) z))) (K x B (z v16 (S v23) z z (z x)) (K S x (x (B z z))))
x (v2 (B v29)) (K (B (z I) (x z))) (B (x (K (S z (B (I x) (z B B z)) S))) S (I I (z v8))) (x (B S (x K (x v3)) (v20 I (v25 x) z))) (K x B (z v16 (S v23) z z (z x)) (K S x (x (B z z))))
x (v2 (B v29)) (K (B (z I) (x z))) (x (K (S z (B (I x) (z B B z)) S)) (S (I I (z v8)))) (x (B S (x K (x v3)) (v20 I (v25 x) z))) (K x B (z v16 (S v23) z z (z x)) (K S x (x (B z z))))
x (v2 (B v29)) (K (B (z I) (x z))) (x (K (z S (B (I x) (z B B z) S))) (S (I I (z v8)))) (x (B S (x K (x v3)) (v20 I (v25 x) z))) (K x B (z v16 (S v23) z z (z x)) (K S x (x (B z z))))
x (v2 (B v29)) (K (B (z I) (x z))) (x (K (z S (I x (z B B z S)))) (S (I I (z v8)))) (x (B S (x K (x v3)) (v20 I (v25 x) z))) (K x B (z v16 (S v23) z z (z x)) (K S x (x (B z z))))
x (v2 (B v29)) (K (B (z I) (x z))) (x (K (z S (x (z B B z S)))) (S (I I (z v8)))) (x (B S (x K (x v3)) (v20 I (v25 x) z))) (K x B (z v16 (S v23) z z (z x)) (K S x (x (B z z))))
x (v2 (B v29)) (K (B (z I) (x z))) (x (K (z S (x (z B B z S)))) (S (I (z v8)))) (x (B S (x K (x v3)) (v20 I (v25 x) z))) (K x B (z v16 (S v23) z z (z x)) (K S x (x (B z z))))
x (v2 (B v29)) (K (B (z I) (x z))) (x (K (z S (x (z B B z S)))) (S (z v8))) (x (B S (x K (x v3)) (v20 I (v25 x) z))) (K x B (z v16 (S v23) z z (z x)) (K S x (x (B z z))))
x (v2 (B v29)) (K (B (z I) (x z))) (x (K (z S (x (z B B z S)))) (S (z v8))) (x (S (x K (x v3) (v20 I (v25 x) z)))) (K x B (z v16 (S v23) z z (z x)) (K S x (x (B z z))))
x (v2 (B v29)) (K (B (z I) (x z))) (x (K (z S (x (z B B z S)))) (S (z v8))) (x (S (x K (x v3) (v20 I (v25 x) z)))) (x (z v16 (S v23) z z (z x)) (K S x (x (B z z))))
x (v2 (B v29)) (K (B (z I) (x z))) (x (K (z S (x (z B B z S)))) (S (z v8))) (x (S (x K (x v3) (v20 I (v25 x) z)))) (x (z v16 (S v23) z z (z x)) (S (x (B z z))))
x (x (K K (z (v14 v4))) (x (v22 S (S (v16 v28))))) x (B z) S
x (x K (x (v22 S (S (v16 v28))))) x (B z) S
v5 (z (z I I z x B) (B B)) (S (K z (x I v25) (B I)) S (x (I x S)))
v5 (z (z I I z x B) (B B)) (K z (x I v25) (B I) (x (I x S)) (S (x (I x S))))
v5 (z (z I I z x B) (B B)) (z (B I) (x (I x S)) (S (x (I x S))))
v5 (z (z I I z x B) (B B)) (z (B I) (x (x S)) (S (x (I x S))))
v5 (z (z I I z x B) (B B)) (z (B I) (x (x S)) (S (x (x S))))
S (x (v4 v6 B K (S I (S B (K v22 B)) K (S x (z x) (x K)))) (z I z x (B (v8 I) (B (K (S (x v2)))) S (x z)) I) (v27 (x (I B) K (S v6 (z K) I x))))
S (x (v4 v6 B K (I K (S B (K v22 B) K) (S x (z x) (x K)))) (z I z x (B (v8 I) (B (K (S (x v2)))) S (x z)) I) (v27 (x (I B) K (S v6 (z K) I x))))
S (x (v4 v6 B K (K (S B (K v22 B) K) (S x (z x) (x K)))) (z I z x (B (v8 I) (B (K (S (x v2)))) S (x z)) I) (v27 (x (I B) K (S v6 (z K) I x))))
S (x (v4 v6 B K (S B (K v22 B) K)) (z I z x (B (v8 I) (B (K (S (x v2)))) S (x z)) I) (v27 (x (I B) K (S v6 (z K) I x))))
S (x (v4 v6 B K (B K (K v22 B K))) (z I z x (B (v8 I) (B (K (S (x v2)))) S (x z)) I) (v27 (x (I B) K (S v6 (z K) I x))))
S (x (v4 v6 B K (B K (v22 K))) (z I z x (B (v8 I) (B (K (S (x v2)))) S (x z)) I) (v27 (x (I B) K (S v6 (z K) I x))))
S (x (v4 v6 B K (B K (v22 K))) (z I z x (v8 I (B (K (S (x v2))) S) (x z)) I) (v27 (x (I B) K (S v6 (z K) I x))))
S (x (v4 v6 B K (B K (v22 K))) (z I z x (v8 I (B (K (S (x v2))) S) (x z)) I) (v27 (x B K (S v6 (z K) I x))))
S (x (v4 v6 B K (B K (v22 K))) (z I z x (v8 I (B (K (S (x v2))) S) (x z)) I) (v27 (x B K (v6 I (z K I) x))))
I
z (v22 z (v29 (K K) (I (z (I S (I (z (K z))))))) (S (S (S (B v10)) (S (K K K I))))) (S (B (z (K (v24 S (x (K I) I z)))) (z v20 (S I S B) (K (I (x v14) (K (x v25)))) v3))) (v14 (x z (z v12 v21 (B (S (S x) z I) (I I))) (x (S (B (x (S B)) (x (z (K I) S)) (S S B))))))
z (v22 z (v29 (K K) (z (I S (I (z (K z)))))) (S (S (S (B v10)) (S (K K K I))))) (S (B (z (K (v24 S (x (K I) I z)))) (z v20 (S I S B) (K (I (x v14) (K (x v25)))) v3))) (v14 (x z (z v12 v21 (B (S (S x) z I) (I I))) (x (S (B (x (S B)) (x (z (K I) S)) (S S B))))))
z (v22 z (v29 (K K) (z (S (I (z (K z)))))) (S (S (S (B v10)) (S (K K K I))))) (S (B (z (K (v24 S (x (K I) I z)))) (z v20 (S I S B) (K (I (x v14) (K (x v25)))) v3))) (v14 (x z (z v12 v21 (B (S (S x) z I) (I I))) (x (S (B (x (S B)) (x (z (K I) S)) (S S B))))))
z (v22 z (v29 (K K) (z (S (z (K z))))) (S (S (S (B v10)) (S (K K K I))))) (S (B (z (K (v24 S (x (K I) I z)))) (z v20 (S I S B) (K (I (x v14) (K (x v25)))) v3))) (v14 (x z (z v12 v21 (B (S (S x) z I) (I I))) (x (S (B (x (S B)) (x (z (K I) S)) (S S B))))))
z (v22 z (v29 (K K) (z (S (z (K z))))) (S (S (S (B v10)) (S (K I))))) (S (B (z (K (v24 S (x (K I) I z)))) (z v20 (S I S B) (K (I (x v14) (K (x v25)))) v3))) (v14 (x z (z v12 v21 (B (S (S x) z I) (I I))) (x (S (B (x (S B)) (x (z (K I) S)) (S S B))))))
z (v22 z (v29 (K K) (z (S (z (K z))))) (S (S (S (B v10)) (S (K I))))) (S (B (z (K (v24 S (x (K I) I z)))) (z v20 (I B (S B)) (K (I (x v14) (K (x v25)))) v3))) (v14 (x z (z v12 v21 (B (S (S x) z I) (I I))) (x (S (B (x (S B)) (x (z (K I) S)) (S S B))))))
z (v22 z (v29 (K K) (z (S (z (K z))))) (S (S (S (B v10)) (S (K I))))) (S (B (z (K (v24 S (x (K I) I z)))) (z v20 (B (S B)) (K (I (x v14) (K (x v25)))) v3))) (v14 (x z (z v12 v21 (B (S (S x) z I) (I I))) (x (S (B (x (S B)) (x (z (K I) S)) (S S B))))))
z (v22 z (v29 (K K) (z (S (z (K z))))) (S (S (S (B v10)) (S (K I))))) (S (B (z (K (v24 S (x (K I) I z)))) (z v20 (B (S B)) (K (x v14 (K (x v25)))) v3))) (v14 (x z (z v12 v21 (B (S (S x) z I) (I I))) (x (S (B (x (S B)) (x (z (K I) S)) (S S B))))))
z (v22 z (v29 (K K) (z (S (z (K z))))) (S (S (S (B v10)) (S (K I))))) (S (B (z (K (v24 S (x (K I) I z)))) (z v20 (B (S B)) (K (x v14 (K (x v25)))) v3))) (v14 (x z (z v12 v21 (B (S x I (z I)) (I I))) (x (S (B (x (S B)) (x (z (K I) S)) (S S B))))))
z (v22 z (v29 (K K) (z (S (z (K z))))) (S (S (S (B v10)) (S (K I))))) (S (B (z (K (v24 S (x (K I) I z)))) (z v20 (B (S B)) (K (x v14 (K (x v25)))) v3))) (v14 (x z (z v12 v21 (B (x (z I) (I (z I))) (I I))) (x (S (B (x (S B)) (x (z (K I) S)) (S S B))))))
z (v22 z (v29 (K K) (z (S (z (K z))))) (S (S (S (B v10)) (S (K I))))) (S (B (z (K (v24 S (x (K I) I z)))) (z v20 (B (S B)) (K (x v14 (K (x v25)))) v3))) (v14 (x z (z v12 v21 (B (x (z I) (z I)) (I I))) (x (S (B (x (S B)) (x (z (K I) S)) (S S B))))))
z (v22 z (v29 (K K) (z (S (z (K z))))) (S (S (S (B v10)) (S (K I))))) (S (B (z (K (v24 S (x (K I) I z)))) (z v20 (B (S B)) (K (x v14 (K (x v25)))) v3))) (v14 (x z (z v12 v21 (B (x (z I) (z I)) I)) (x (S (B (x (S B)) (x (z (K I) S)) (S S B))))))
z (v22 z (v29 (K K) (z (S (z (K z))))) (S (S (S (B v10)) (S (K I))))) (S (B (z (K (v24 S (x (K I) I z)))) (z v20 (B (S B)) (K (x v14 (K (x v25)))) v3))) (v14 (x z (z v12 v21 (B (x (z I) (z I)) I)) (x (S (x (S B) (x (z (K I) S) (S S B)))))))
B (v1 z (v24 I S (x S v0))) (S (S S) (K B (I S K S) (I (z I (v16 K) S)) S)) K (x (v16 v18 B))
v1 z (v24 I S (x S v0)) (S (S S) (K B (I S K S) (I (z I (v16 K) S)) S) K) (x (v16 v18 B))
v1 z (v24 I S (x S v0)) (S S K (K B (I S K S) (I (z I (v16 K) S)) S K)) (x (v16 v18 B))
v1 z (v24 I S (x S v0)) (S (K B (I S K S) (I (z I (v16 K) S)) S K) (K (K B (I S K S) (I (z I (v16 K) S)) S K))) (x (v16 v18 B))
v1 z (v24 I S (x S v0)) (S (B (I (z I (v16 K) S)) S K) (K (K B (I S K S) (I (z I (v16 K) S)) S K))) (x (v16 v18 B))
v1 z (v24 I S (x S v0)) (S (I (z I (v16 K) S) (S K)) (K (K B (I S K S) (I (z I (v16 K) S)) S K))) (x (v16 v18 B))
v1 z (v24 I S (x S v0)) (S (z I (v16 K) S (S K)) (K (K B (I S K S) (I (z I (v16 K) S)) S K))) (x (v16 v18 B))
v1 z (v24 I S (x S v0)) (S (z I (v16 K) S (S K)) (K (B (I (z I (v16 K) S)) S K))) (x (v16 v18 B))
v1 z (v24 I S (x S v0)) (S (z I (v16 K) S (S K)) (K (I (z I (v16 K) S) (S K)))) (x (v16 v18 B))
v1 z (v24 I S (x S v0)) (S (z I (v16 K) S (S K)) (K (z I (v16 K) S (S K)))) (x (v16 v18 B))
K x (B K B) S I (K x z)
x S I (K x z)
x S I x
