I (x (B (I S B I (z K z (x B) (B S) I B z)))) I
x (B (I S B I (z K z (x B) (B S) I B z))) I
x (B (S B I (z K z (x B) (B S) I B z))) I
x (B (B (z K z (x B) (B S) I B z) (I (z K z (x B) (B S) I B z)))) I
x (B (B (z K z (x B) (B S) I B z) (z K z (x B) (B S) I B z))) I
v23 (v14 (v15 (K (v12 (B x) K))) (I (K B (B z v4))) x)
v23 (v14 (v15 (K (v12 (B x) K))) (K B (B z v4)) x)
v23 (v14 (v15 (K (v12 (B x) K))) B x)
K (K (v5 B)) I x (z S) (z B (z (K z))) z (K (K v3) B S (x x z (K B B S K)) (x (I I (v3 B))) (S (B z) (x (x x B v26) z)) (S v9 (S S)) I)
K (v5 B) x (z S) (z B (z (K z))) z (K (K v3) B S (x x z (K B B S K)) (x (I I (v3 B))) (S (B z) (x (x x B v26) z)) (S v9 (S S)) I)
v5 B (z S) (z B (z (K z))) z (K (K v3) B S (x x z (K B B S K)) (x (I I (v3 B))) (S (B z) (x (x x B v26) z)) (S v9 (S S)) I)
v5 B (z S) (z B (z (K z))) z (K v3 S (x x z (K B B S K)) (x (I I (v3 B))) (S (B z) (x (x x B v26) z)) (S v9 (S S)) I)
v5 B (z S) (z B (z (K z))) z (v3 (x x z (K B B S K)) (x (I I (v3 B))) (S (B z) (x (x x B v26) z)) (S v9 (S S)) I)
v5 B (z S) (z B (z (K z))) z (v3 (x x z (B S K)) (x (I I (v3 B))) (S (B z) (x (x x B v26) z)) (S v9 (S S)) I)
v5 B (z S) (z B (z (K z))) z (v3 (x x z (B S K)) (x (I (v3 B))) (S (B z) (x (x x B v26) z)) (S v9 (S S)) I)
v5 B (z S) (z B (z (K z))) z (v3 (x x z (B S K)) (x (v3 B)) (S (B z) (x (x x B v26) z)) (S v9 (S S)) I)
v7 (I S (z B) (z B)) K S (I (v29 S I (B (I (S v24 (x (v19 K v30) x)) z)))) (B (S x) (B (K K) (z v3 v30) (x (B v20) (B (K B (v24 (v30 z))) (x x (K K z))) (I z)) (I x B (K I B z) (S x (x K) (B S v19) (K S (S K) I z (x (x I))) S)) I))
v7 (S (z B) (z B)) K S (I (v29 S I (B (I (S v24 (x (v19 K v30) x)) z)))) (B (S x) (B (K K) (z v3 v30) (x (B v20) (B (K B (v24 (v30 z))) (x x (K K z))) (I z)) (I x B (K I B z) (S x (x K) (B S v19) (K S (S K) I z (x (x I))) S)) I))
v7 (S (z B) (z B)) K S (v29 S I (B (I (S v24 (x (v19 K v30) x)) z))) (B (S x) (B (K K) (z v3 v30) (x (B v20) (B (K B (v24 (v30 z))) (x x (K K z))) (I z)) (I x B (K I B z) (S x (x K) (B S v19) (K S (S K) I z (x (x I))) S)) I))
v7 (S (z B) (z B)) K S (v29 S I (B (S v24 (x (v19 K v30) x) z))) (B (S x) (B (K K) (z v3 v30) (x (B v20) (B (K B (v24 (v30 z))) (x x (K K z))) (I z)) (I x B (K I B z) (S x (x K) (B S v19) (K S (S K) I z (x (x I))) S)) I))
v7 (S (z B) (z B)) K S (v29 S I (B (v24 z (x (v19 K v30) x z)))) (B (S x) (B (K K) (z v3 v30) (x (B v20) (B (K B (v24 (v30 z))) (x x (K K z))) (I z)) (I x B (K I B z) (S x (x K) (B S v19) (K S (S K) I z (x (x I))) S)) I))
v7 (S (z B) (z B)) K S (v29 S I (B (v24 z (x (v19 K v30) x z)))) (B (S x) (K K (z v3 v30 (x (B v20) (B (K B (v24 (v30 z))) (x x (K K z))) (I z))) (I x B (K I B z) (S x (x K) (B S v19) (K S (S K) I z (x (x I))) S)) I))
v7 (S (z B) (z B)) K S (v29 S I (B (v24 z (x (v19 K v30) x z)))) (B (S x) (K (I x B (K I B z) (S x (x K) (B S v19) (K S (S K) I z (x (x I))) S)) I))
v7 (S (z B) (z B)) K S (v29 S I (B (v24 z (x (v19 K v30) x z)))) (B (S x) (I x B (K I B z) (S x (x K) (B S v19) (K S (S K) I z (x (x I))) S)))
v7 (S (z B) (z B)) K S (v29 S I (B (v24 z (x (v19 K v30) x z)))) (B (S x) (x B (K I B z) (S x (x K) (B S v19) (K S (S K) I z (x (x I))) S)))
v7 (S (z B) (z B)) K S (v29 S I (B (v24 z (x (v19 K v30) x z)))) (B (S x) (x B (I z) (S x (x K) (B S v19) (K S (S K) I z (x (x I))) S)))
v7 (S (z B) (z B)) K S (v29 S I (B (v24 z (x (v19 K v30) x z)))) (B (S x) (x B z (S x (x K) (B S v19) (K S (S K) I z (x (x I))) S)))
v7 (S (z B) (z B)) K S (v29 S I (B (v24 z (x (v19 K v30) x z)))) (B (S x) (x B z (x (B S v19) (x K (B S v19)) (K S (S K) I z (x (x I))) S)))
v7 (S (z B) (z B)) K S (v29 S I (B (v24 z (x (v19 K v30) x z)))) (B (S x) (x B z (x (B S v19) (x K (B S v19)) (S I z (x (x I))) S)))
v7 (S (z B) (z B)) K S (v29 S I (B (v24 z (x (v19 K v30) x z)))) (B (S x) (x B z (x (B S v19) (x K (B S v19)) (I (x (x I)) (z (x (x I)))) S)))
v7 (S (z B) (z B)) K S (v29 S I (B (v24 z (x (v19 K v30) x z)))) (B (S x) (x B z (x (B S v19) (x K (B S v19)) (x (x I) (z (x (x I)))) S)))
I (z (v18 I z)) (I (I I (B S) (x (z x) K) (I B S) S)) (S (v3 B) (I (S z) (x I v13 x (I (K B)) x) (B (B (S v9)))) (K v5) (B (z (x (x S) (I (z z) K x)) S (z S) I v26)))
z (v18 I z) (I (I I (B S) (x (z x) K) (I B S) S)) (S (v3 B) (I (S z) (x I v13 x (I (K B)) x) (B (B (S v9)))) (K v5) (B (z (x (x S) (I (z z) K x)) S (z S) I v26)))
z (v18 I z) (I I (B S) (x (z x) K) (I B S) S) (S (v3 B) (I (S z) (x I v13 x (I (K B)) x) (B (B (S v9)))) (K v5) (B (z (x (x S) (I (z z) K x)) S (z S) I v26)))
z (v18 I z) (I (B S) (x (z x) K) (I B S) S) (S (v3 B) (I (S z) (x I v13 x (I (K B)) x) (B (B (S v9)))) (K v5) (B (z (x (x S) (I (z z) K x)) S (z S) I v26)))
z (v18 I z) (B S (x (z x) K) (I B S) S) (S (v3 B) (I (S z) (x I v13 x (I (K B)) x) (B (B (S v9)))) (K v5) (B (z (x (x S) (I (z z) K x)) S (z S) I v26)))
z (v18 I z) (S (x (z x) K (I B S)) S) (S (v3 B) (I (S z) (x I v13 x (I (K B)) x) (B (B (S v9)))) (K v5) (B (z (x (x S) (I (z z) K x)) S (z S) I v26)))
z (v18 I z) (S (x (z x) K (B S)) S) (S (v3 B) (I (S z) (x I v13 x (I (K B)) x) (B (B (S v9)))) (K v5) (B (z (x (x S) (I (z z) K x)) S (z S) I v26)))
z (v18 I z) (S (x (z x) K (B S)) S) (v3 B (K v5) (I (S z) (x I v13 x (I (K B)) x) (B (B (S v9))) (K v5)) (B (z (x (x S) (I (z z) K x)) S (z S) I v26)))
z (v18 I z) (S (x (z x) K (B S)) S) (v3 B (K v5) (S z (x I v13 x (I (K B)) x) (B (B (S v9))) (K v5)) (B (z (x (x S) (I (z z) K x)) S (z S) I v26)))
z (v18 I z) (S (x (z x) K (B S)) S) (v3 B (K v5) (z (B (B (S v9))) (x I v13 x (I (K B)) x (B (B (S v9)))) (K v5)) (B (z (x (x S) (I (z z) K x)) S (z S) I v26)))
z (v18 I z) (S (x (z x) K (B S)) S) (v3 B (K v5) (z (B (B (S v9))) (x I v13 x (K B) x (B (B (S v9)))) (K v5)) (B (z (x (x S) (I (z z) K x)) S (z S) I v26)))
z (v18 I z) (S (x (z x) K (B S)) S) (v3 B (K v5) (z (B (B (S v9))) (x I v13 x (K B) x (B (B (S v9)))) (K v5)) (B (z (x (x S) (z z K x)) S (z S) I v26)))
z (v21 v28 (K S (x x S B) (z (z x) x (I (B (B x)))))) (K (v15 (K I S)) (z (K z))) (B v23) (K (v9 v8 x (K (I B)) I (B (x (B I)) B B) (x x)) (K (K K z) (B (S B) (B (x I x (I I (S K K))))) (x x (z K v3) B K (x S)) B))
z (v21 v28 (S (z (z x) x (I (B (B x)))))) (K (v15 (K I S)) (z (K z))) (B v23) (K (v9 v8 x (K (I B)) I (B (x (B I)) B B) (x x)) (K (K K z) (B (S B) (B (x I x (I I (S K K))))) (x x (z K v3) B K (x S)) B))
z (v21 v28 (S (z (z x) x (B (B x))))) (K (v15 (K I S)) (z (K z))) (B v23) (K (v9 v8 x (K (I B)) I (B (x (B I)) B B) (x x)) (K (K K z) (B (S B) (B (x I x (I I (S K K))))) (x x (z K v3) B K (x S)) B))
z (v21 v28 (S (z (z x) x (B (B x))))) (v15 (K I S)) (B v23) (K (v9 v8 x (K (I B)) I (B (x (B I)) B B) (x x)) (K (K K z) (B (S B) (B (x I x (I I (S K K))))) (x x (z K v3) B K (x S)) B))
z (v21 v28 (S (z (z x) x (B (B x))))) (v15 I) (B v23) (K (v9 v8 x (K (I B)) I (B (x (B I)) B B) (x x)) (K (K K z) (B (S B) (B (x I x (I I (S K K))))) (x x (z K v3) B K (x S)) B))
z (v21 v28 (S (z (z x) x (B (B x))))) (v15 I) (B v23) (v9 v8 x (K (I B)) I (B (x (B I)) B B) (x x))
z (v21 v28 (S (z (z x) x (B (B x))))) (v15 I) (B v23) (v9 v8 x (K B) I (B (x (B I)) B B) (x x))
z (v21 v28 (S (z (z x) x (B (B x))))) (v15 I) (B v23) (v9 v8 x (K B) I (x (B I) (B B)) (x x))
B (K (S (K I z))) (K (I x (I (I S (v6 (B (v15 z) (v3 (v24 v9)))))))) (S v25)
K (S (K I z)) (K (I x (I (I S (v6 (B (v15 z) (v3 (v24 v9))))))) (S v25))
S (K I z)
S I
B (x x (K (x I (v8 B)) (I v10)) (B S) (K K v14 K (B (S v14 K) (K (z K) I))) B S (K (S (x S))))
B (x x (x I (v8 B)) (B S) (K K v14 K (B (S v14 K) (K (z K) I))) B S (K (S (x S))))
B (x x (x I (v8 B)) (B S) (K K (B (S v14 K) (K (z K) I))) B S (K (S (x S))))
B (x x (x I (v8 B)) (B S) K B S (K (S (x S))))
z K (B x x) v9 S v11 (z (B (I K) S) (I I)) (z (B v17 (K x))) S x (I (B x) (B z I (K I S K (B K) (K S))))
z K (B x x) v9 S v11 (z (B K S) (I I)) (z (B v17 (K x))) S x (I (B x) (B z I (K I S K (B K) (K S))))
z K (B x x) v9 S v11 (z (B K S) I) (z (B v17 (K x))) S x (I (B x) (B z I (K I S K (B K) (K S))))
z K (B x x) v9 S v11 (z (B K S) I) (z (B v17 (K x))) S x (B x (B z I (K I S K (B K) (K S))))
z K (B x x) v9 S v11 (z (B K S) I) (z (B v17 (K x))) S x (B x (z (I (K I S K (B K) (K S)))))
z K (B x x) v9 S v11 (z (B K S) I) (z (B v17 (K x))) S x (B x (z (K I S K (B K) (K S))))
z K (B x x) v9 S v11 (z (B K S) I) (z (B v17 (K x))) S x (B x (z (I K (B K) (K S))))
z K (B x x) v9 S v11 (z (B K S) I) (z (B v17 (K x))) S x (B x (z (K (B K) (K S))))
z K (B x x) v9 S v11 (z (B K S) I) (z (B v17 (K x))) S x (B x (z (B K)))
K (B x) (S (B (K v27 z)) (z z) x (K (x (S (I (z v2)) v23)) (B v17) z K))
B x
