B (v4 (I (K K v14) (B z) S (S v29)) (v29 K) (z B (S (v0 K) (x (B z) S)) (v29 z))) (x z (v27 z z v27 S (S S (v15 I z v3) B) (x v2)) K (x K) B)
B (v4 (K K v14 (B z) S (S v29)) (v29 K) (z B (S (v0 K) (x (B z) S)) (v29 z))) (x z (v27 z z v27 S (S S (v15 I z v3) B) (x v2)) K (x K) B)
B (v4 (K (B z) S (S v29)) (v29 K) (z B (S (v0 K) (x (B z) S)) (v29 z))) (x z (v27 z z v27 S (S S (v15 I z v3) B) (x v2)) K (x K) B)
B (v4 (B z (S v29)) (v29 K) (z B (S (v0 K) (x (B z) S)) (v29 z))) (x z (v27 z z v27 S (S S (v15 I z v3) B) (x v2)) K (x K) B)
B (v4 (B z (S v29)) (v29 K) (z B (S (v0 K) (x (B z) S)) (v29 z))) (x z (v27 z z v27 S (S B (v15 I z v3 B)) (x v2)) K (x K) B)
B x (x z x) K (z (S v11 K (v26 z) B) (K v2))
x (x z x K) (z (S v11 K (v26 z) B) (K v2))
x (x z x K) (z (v11 (v26 z) (K (v26 z)) B) (K v2))
B (v19 (v22 x (x I) (S z v18))) (S I (B (x I (z v18)))) (K z) (I x) (K S (K I (B (z (B B B))) K) (S S (S S) (B x) z (z z (K x) K I) z)) (z K (v28 (x (I S) x (B z) x (S (I K) x)) (x v21 (B (z (I I))))) x)
v19 (v22 x (x I) (S z v18)) (S I (B (x I (z v18))) (K z)) (I x) (K S (K I (B (z (B B B))) K) (S S (S S) (B x) z (z z (K x) K I) z)) (z K (v28 (x (I S) x (B z) x (S (I K) x)) (x v21 (B (z (I I))))) x)
v19 (v22 x (x I) (S z v18)) (I (K z) (B (x I (z v18)) (K z))) (I x) (K S (K I (B (z (B B B))) K) (S S (S S) (B x) z (z z (K x) K I) z)) (z K (v28 (x (I S) x (B z) x (S (I K) x)) (x v21 (B (z (I I))))) x)
v19 (v22 x (x I) (S z v18)) (K z (B (x I (z v18)) (K z))) (I x) (K S (K I (B (z (B B B))) K) (S S (S S) (B x) z (z z (K x) K I) z)) (z K (v28 (x (I S) x (B z) x (S (I K) x)) (x v21 (B (z (I I))))) x)
v19 (v22 x (x I) (S z v18)) z (I x) (K S (K I (B (z (B B B))) K) (S S (S S) (B x) z (z z (K x) K I) z)) (z K (v28 (x (I S) x (B z) x (S (I K) x)) (x v21 (B (z (I I))))) x)
v19 (v22 x (x I) (S z v18)) z x (K S (K I (B (z (B B B))) K) (S S (S S) (B x) z (z z (K x) K I) z)) (z K (v28 (x (I S) x (B z) x (S (I K) x)) (x v21 (B (z (I I))))) x)
v19 (v22 x (x I) (S z v18)) z x (S (S S (S S) (B x) z (z z (K x) K I) z)) (z K (v28 (x (I S) x (B z) x (S (I K) x)) (x v21 (B (z (I I))))) x)
v19 (v22 x (x I) (S z v18)) z x (S (S (B x) (S S (B x)) z (z z (K x) K I) z)) (z K (v28 (x (I S) x (B z) x (S (I K) x)) (x v21 (B (z (I I))))) x)
v19 (v22 x (x I) (S z v18)) z x (S (B x z (S S (B x) z) (z z (K x) K I) z)) (z K (v28 (x (I S) x (B z) x (S (I K) x)) (x v21 (B (z (I I))))) x)
v19 (v22 x (x I) (S z v18)) z x (S (x (z (S S (B x) z)) (z z (K x) K I) z)) (z K (v28 (x (I S) x (B z) x (S (I K) x)) (x v21 (B (z (I I))))) x)
v19 (v22 x (x I) (S z v18)) z x (S (x (z (S z (B x z))) (z z (K x) K I) z)) (z K (v28 (x (I S) x (B z) x (S (I K) x)) (x v21 (B (z (I I))))) x)
v19 (v22 x (x I) (S z v18)) z x (S (x (z (S z (B x z))) (z z (K x) K I) z)) (z K (v28 (x S x (B z) x (S (I K) x)) (x v21 (B (z (I I))))) x)
v19 (v22 x (x I) (S z v18)) z x (S (x (z (S z (B x z))) (z z (K x) K I) z)) (z K (v28 (x S x (B z) x (S K x)) (x v21 (B (z (I I))))) x)
v19 (v22 x (x I) (S z v18)) z x (S (x (z (S z (B x z))) (z z (K x) K I) z)) (z K (v28 (x S x (B z) x (S K x)) (x v21 (B (z I)))) x)
I I
I
S v30
z I x (I (I B (x x) z v15) v29) (B (K I)) (B (S B I)) (B (K I)) x (z (x x I) (x (S B)) (v25 I v30 (v13 (z (x S (S B K) (I v27))))) (K (S S v1 (S (K (K (B S))))) (S K (B B) v15) (x S (K x S) (S v29 S)))) B
z I x (I B (x x) z v15 v29) (B (K I)) (B (S B I)) (B (K I)) x (z (x x I) (x (S B)) (v25 I v30 (v13 (z (x S (S B K) (I v27))))) (K (S S v1 (S (K (K (B S))))) (S K (B B) v15) (x S (K x S) (S v29 S)))) B
z I x (B (x x) z v15 v29) (B (K I)) (B (S B I)) (B (K I)) x (z (x x I) (x (S B)) (v25 I v30 (v13 (z (x S (S B K) (I v27))))) (K (S S v1 (S (K (K (B S))))) (S K (B B) v15) (x S (K x S) (S v29 S)))) B
z I x (x x (z v15) v29) (B (K I)) (B (S B I)) (B (K I)) x (z (x x I) (x (S B)) (v25 I v30 (v13 (z (x S (S B K) (I v27))))) (K (S S v1 (S (K (K (B S))))) (S K (B B) v15) (x S (K x S) (S v29 S)))) B
z I x (x x (z v15) v29) (B (K I)) (B (S B I)) (B (K I)) x (z (x x I) (x (S B)) (v25 I v30 (v13 (z (x S (S B K) v27)))) (K (S S v1 (S (K (K (B S))))) (S K (B B) v15) (x S (K x S) (S v29 S)))) B
z I x (x x (z v15) v29) (B (K I)) (B (S B I)) (B (K I)) x (z (x x I) (x (S B)) (v25 I v30 (v13 (z (x S (S B K) v27)))) (S S v1 (S (K (K (B S)))) (x S (K x S) (S v29 S)))) B
z I x (x x (z v15) v29) (B (K I)) (B (S B I)) (B (K I)) x (z (x x I) (x (S B)) (v25 I v30 (v13 (z (x S (S B K) v27)))) (S (S (K (K (B S)))) (v1 (S (K (K (B S))))) (x S (K x S) (S v29 S)))) B
z I x (x x (z v15) v29) (B (K I)) (B (S B I)) (B (K I)) x (z (x x I) (x (S B)) (v25 I v30 (v13 (z (x S (S B K) v27)))) (S (K (K (B S))) (x S (K x S) (S v29 S)) (v1 (S (K (K (B S)))) (x S (K x S) (S v29 S))))) B
z I x (x x (z v15) v29) (B (K I)) (B (S B I)) (B (K I)) x (z (x x I) (x (S B)) (v25 I v30 (v13 (z (x S (S B K) v27)))) (K (K (B S)) (v1 (S (K (K (B S)))) (x S (K x S) (S v29 S))) (x S (K x S) (S v29 S) (v1 (S (K (K (B S)))) (x S (K x S) (S v29 S)))))) B
z I x (x x (z v15) v29) (B (K I)) (B (S B I)) (B (K I)) x (z (x x I) (x (S B)) (v25 I v30 (v13 (z (x S (S B K) v27)))) (K (B S) (x S (K x S) (S v29 S) (v1 (S (K (K (B S)))) (x S (K x S) (S v29 S)))))) B
z I x (x x (z v15) v29) (B (K I)) (B (S B I)) (B (K I)) x (z (x x I) (x (S B)) (v25 I v30 (v13 (z (x S (S B K) v27)))) (B S)) B
I (S K z)
S K z
z (S (S (z (S (v22 I)) (I K S S z)) v1))
z (S (S (z (S (v22 I)) (K S S z)) v1))
z (S (S (z (S (v22 I)) (S z)) v1))
B
x z (K (S K (z K))) x (x (I (S x z) (v3 v11) (x v28) v23))
x z (K (S K (z K))) x (x (S x z (v3 v11) (x v28) v23))
x z (K (S K (z K))) x (x (x (v3 v11) (z (v3 v11)) (x v28) v23))
