I z v19 z v16 S (v13 x (x K (z B v28 z)) I)
z v19 z v16 S (v13 x (x K (z B v28 z)) I)
I
S (z (I B (B B) (S K) (K (x x))))
S (z (B (B B) (S K) (K (x x))))
S (z (B B (S K (K (x x)))))
z (K B (K (B (x (K S)) (v12 S) B))) (z (v29 (K I (K K)) B x) z v13)
z B (z (v29 (K I (K K)) B x) z v13)
z B (z (v29 I B x) z v13)
K
z
z (v24 K (z x B (v11 (B (B v4) (x (x B) (z (S v10)))) v30))) B (S (v3 z) (K (v8 (x K)) (z (v29 z) x) (v10 v14) (v3 (B I))))
z (v24 K (z x B (v11 (B (B v4) (x (x B) (z (S v10)))) v30))) B (S (v3 z) (v8 (x K) (v10 v14) (v3 (B I))))
v2 z z (z (x (I (I (x v29 (B v25))))) (B (S (K K) B x) v11 z z (v21 (v12 (z S) z))) (I (x v12) (I (v2 (v8 B z)) v30) (z S (I (K I) (x z) (x z z) B)) (B (B S)) (z z)))
v2 z z (z (x (I (x v29 (B v25)))) (B (S (K K) B x) v11 z z (v21 (v12 (z S) z))) (I (x v12) (I (v2 (v8 B z)) v30) (z S (I (K I) (x z) (x z z) B)) (B (B S)) (z z)))
v2 z z (z (x (x v29 (B v25))) (B (S (K K) B x) v11 z z (v21 (v12 (z S) z))) (I (x v12) (I (v2 (v8 B z)) v30) (z S (I (K I) (x z) (x z z) B)) (B (B S)) (z z)))
v2 z z (z (x (x v29 (B v25))) (S (K K) B x (v11 z) z (v21 (v12 (z S) z))) (I (x v12) (I (v2 (v8 B z)) v30) (z S (I (K I) (x z) (x z z) B)) (B (B S)) (z z)))
v2 z z (z (x (x v29 (B v25))) (K K x (B x) (v11 z) z (v21 (v12 (z S) z))) (I (x v12) (I (v2 (v8 B z)) v30) (z S (I (K I) (x z) (x z z) B)) (B (B S)) (z z)))
v2 z z (z (x (x v29 (B v25))) (K (B x) (v11 z) z (v21 (v12 (z S) z))) (I (x v12) (I (v2 (v8 B z)) v30) (z S (I (K I) (x z) (x z z) B)) (B (B S)) (z z)))
v2 z z (z (x (x v29 (B v25))) (B x z (v21 (v12 (z S) z))) (I (x v12) (I (v2 (v8 B z)) v30) (z S (I (K I) (x z) (x z z) B)) (B (B S)) (z z)))
v2 z z (z (x (x v29 (B v25))) (x (z (v21 (v12 (z S) z)))) (I (x v12) (I (v2 (v8 B z)) v30) (z S (I (K I) (x z) (x z z) B)) (B (B S)) (z z)))
v2 z z (z (x (x v29 (B v25))) (x (z (v21 (v12 (z S) z)))) (x v12 (I (v2 (v8 B z)) v30) (z S (I (K I) (x z) (x z z) B)) (B (B S)) (z z)))
v2 z z (z (x (x v29 (B v25))) (x (z (v21 (v12 (z S) z)))) (x v12 (v2 (v8 B z) v30) (z S (I (K I) (x z) (x z z) B)) (B (B S)) (z z)))
v2 z z (z (x (x v29 (B v25))) (x (z (v21 (v12 (z S) z)))) (x v12 (v2 (v8 B z) v30) (z S (K I (x z) (x z z) B)) (B (B S)) (z z)))
v2 z z (z (x (x v29 (B v25))) (x (z (v21 (v12 (z S) z)))) (x v12 (v2 (v8 B z) v30) (z S (I (x z z) B)) (B (B S)) (z z)))
v2 z z (z (x (x v29 (B v25))) (x (z (v21 (v12 (z S) z)))) (x v12 (v2 (v8 B z) v30) (z S (x z z B)) (B (B S)) (z z)))
K (z S) (K x K)
z S
I (x B (I (K I) x (x x (B z))) I z (B z) (K S (I z x (x z (x B))) (K (B x (K (z (z K x (I K)))))) (B (K I) I (S z) S S (I (x (z x) K) v22 I) (K v30 x x))))
x B (I (K I) x (x x (B z))) I z (B z) (K S (I z x (x z (x B))) (K (B x (K (z (z K x (I K)))))) (B (K I) I (S z) S S (I (x (z x) K) v22 I) (K v30 x x)))
x B (K I x (x x (B z))) I z (B z) (K S (I z x (x z (x B))) (K (B x (K (z (z K x (I K)))))) (B (K I) I (S z) S S (I (x (z x) K) v22 I) (K v30 x x)))
x B (I (x x (B z))) I z (B z) (K S (I z x (x z (x B))) (K (B x (K (z (z K x (I K)))))) (B (K I) I (S z) S S (I (x (z x) K) v22 I) (K v30 x x)))
x B (x x (B z)) I z (B z) (K S (I z x (x z (x B))) (K (B x (K (z (z K x (I K)))))) (B (K I) I (S z) S S (I (x (z x) K) v22 I) (K v30 x x)))
x B (x x (B z)) I z (B z) (S (K (B x (K (z (z K x (I K)))))) (B (K I) I (S z) S S (I (x (z x) K) v22 I) (K v30 x x)))
x B (x x (B z)) I z (B z) (S (K (B x (K (z (z K x K))))) (B (K I) I (S z) S S (I (x (z x) K) v22 I) (K v30 x x)))
x B (x x (B z)) I z (B z) (S (K (B x (K (z (z K x K))))) (K I (I (S z)) S S (I (x (z x) K) v22 I) (K v30 x x)))
x B (x x (B z)) I z (B z) (S (K (B x (K (z (z K x K))))) (I S S (I (x (z x) K) v22 I) (K v30 x x)))
x B (x x (B z)) I z (B z) (S (K (B x (K (z (z K x K))))) (S S (I (x (z x) K) v22 I) (K v30 x x)))
x B (x x (B z)) I z (B z) (S (K (B x (K (z (z K x K))))) (S (K v30 x x) (I (x (z x) K) v22 I (K v30 x x))))
x B (x x (B z)) I z (B z) (S (K (B x (K (z (z K x K))))) (S (v30 x) (I (x (z x) K) v22 I (K v30 x x))))
x B (x x (B z)) I z (B z) (S (K (B x (K (z (z K x K))))) (S (v30 x) (x (z x) K v22 I (K v30 x x))))
x B (x x (B z)) I z (B z) (S (K (B x (K (z (z K x K))))) (S (v30 x) (x (z x) K v22 I (v30 x))))
