B
B (v23 (I (I I K)) (I v4) (z (B I)) v13) (I (B I x (I I) B v9) (v9 B)) (x B z x) (B (v2 v28) (K K) (B B) (S B K K v6 S (S (I z) B)) (B (x (z (v24 S)) (S v8 (I B))) S) (x (z z S)))
v23 (I (I I K)) (I v4) (z (B I)) v13 (I (B I x (I I) B v9) (v9 B) (x B z x)) (B (v2 v28) (K K) (B B) (S B K K v6 S (S (I z) B)) (B (x (z (v24 S)) (S v8 (I B))) S) (x (z z S)))
v23 (I I K) (I v4) (z (B I)) v13 (I (B I x (I I) B v9) (v9 B) (x B z x)) (B (v2 v28) (K K) (B B) (S B K K v6 S (S (I z) B)) (B (x (z (v24 S)) (S v8 (I B))) S) (x (z z S)))
v23 (I K) (I v4) (z (B I)) v13 (I (B I x (I I) B v9) (v9 B) (x B z x)) (B (v2 v28) (K K) (B B) (S B K K v6 S (S (I z) B)) (B (x (z (v24 S)) (S v8 (I B))) S) (x (z z S)))
v23 K (I v4) (z (B I)) v13 (I (B I x (I I) B v9) (v9 B) (x B z x)) (B (v2 v28) (K K) (B B) (S B K K v6 S (S (I z) B)) (B (x (z (v24 S)) (S v8 (I B))) S) (x (z z S)))
v23 K v4 (z (B I)) v13 (I (B I x (I I) B v9) (v9 B) (x B z x)) (B (v2 v28) (K K) (B B) (S B K K v6 S (S (I z) B)) (B (x (z (v24 S)) (S v8 (I B))) S) (x (z z S)))
v23 K v4 (z (B I)) v13 (B I x (I I) B v9 (v9 B) (x B z x)) (B (v2 v28) (K K) (B B) (S B K K v6 S (S (I z) B)) (B (x (z (v24 S)) (S v8 (I B))) S) (x (z z S)))
v23 K v4 (z (B I)) v13 (I (x (I I)) B v9 (v9 B) (x B z x)) (B (v2 v28) (K K) (B B) (S B K K v6 S (S (I z) B)) (B (x (z (v24 S)) (S v8 (I B))) S) (x (z z S)))
v23 K v4 (z (B I)) v13 (x (I I) B v9 (v9 B) (x B z x)) (B (v2 v28) (K K) (B B) (S B K K v6 S (S (I z) B)) (B (x (z (v24 S)) (S v8 (I B))) S) (x (z z S)))
v23 K v4 (z (B I)) v13 (x I B v9 (v9 B) (x B z x)) (B (v2 v28) (K K) (B B) (S B K K v6 S (S (I z) B)) (B (x (z (v24 S)) (S v8 (I B))) S) (x (z z S)))
v23 K v4 (z (B I)) v13 (x I B v9 (v9 B) (x B z x)) (v2 v28 (K K (B B)) (S B K K v6 S (S (I z) B)) (B (x (z (v24 S)) (S v8 (I B))) S) (x (z z S)))
v23 K v4 (z (B I)) v13 (x I B v9 (v9 B) (x B z x)) (v2 v28 K (S B K K v6 S (S (I z) B)) (B (x (z (v24 S)) (S v8 (I B))) S) (x (z z S)))
v23 K v4 (z (B I)) v13 (x I B v9 (v9 B) (x B z x)) (v2 v28 K (B K (K K) v6 S (S (I z) B)) (B (x (z (v24 S)) (S v8 (I B))) S) (x (z z S)))
v23 K v4 (z (B I)) v13 (x I B v9 (v9 B) (x B z x)) (v2 v28 K (K (K K v6) S (S (I z) B)) (B (x (z (v24 S)) (S v8 (I B))) S) (x (z z S)))
v23 K v4 (z (B I)) v13 (x I B v9 (v9 B) (x B z x)) (v2 v28 K (K K v6 (S (I z) B)) (B (x (z (v24 S)) (S v8 (I B))) S) (x (z z S)))
v23 K v4 (z (B I)) v13 (x I B v9 (v9 B) (x B z x)) (v2 v28 K (K (S (I z) B)) (B (x (z (v24 S)) (S v8 (I B))) S) (x (z z S)))
v23 K v4 (z (B I)) v13 (x I B v9 (v9 B) (x B z x)) (v2 v28 K (K (S z B)) (B (x (z (v24 S)) (S v8 (I B))) S) (x (z z S)))
v23 K v4 (z (B I)) v13 (x I B v9 (v9 B) (x B z x)) (v2 v28 K (K (S z B)) (B (x (z (v24 S)) (S v8 B)) S) (x (z z S)))
S (v29 (B I))
K (x K z (x (K x) (z v14 S) v11 (S z (x K))) (z (v17 K S) (z (z (K K I)))) (z (K z (B (z S x))) (z S (z x))) I) z
x K z (x (K x) (z v14 S) v11 (S z (x K))) (z (v17 K S) (z (z (K K I)))) (z (K z (B (z S x))) (z S (z x))) I
x K z (x (K x) (z v14 S) v11 (S z (x K))) (z (v17 K S) (z (z K))) (z (K z (B (z S x))) (z S (z x))) I
x K z (x (K x) (z v14 S) v11 (S z (x K))) (z (v17 K S) (z (z K))) (z z (z S (z x))) I
v17 z B v2 (I (I I) (z B) (x (B z x) x)) (x (v15 (K x v16))) K (I (I (z (K (S z))) v27 z (I (x (z I) I (z B (z K))) v18 K (x B B B) (K (S x K) I B)) x S))
v17 z B v2 (I I (z B) (x (B z x) x)) (x (v15 (K x v16))) K (I (I (z (K (S z))) v27 z (I (x (z I) I (z B (z K))) v18 K (x B B B) (K (S x K) I B)) x S))
v17 z B v2 (I (z B) (x (B z x) x)) (x (v15 (K x v16))) K (I (I (z (K (S z))) v27 z (I (x (z I) I (z B (z K))) v18 K (x B B B) (K (S x K) I B)) x S))
v17 z B v2 (z B (x (B z x) x)) (x (v15 (K x v16))) K (I (I (z (K (S z))) v27 z (I (x (z I) I (z B (z K))) v18 K (x B B B) (K (S x K) I B)) x S))
v17 z B v2 (z B (x (B z x) x)) (x (v15 x)) K (I (I (z (K (S z))) v27 z (I (x (z I) I (z B (z K))) v18 K (x B B B) (K (S x K) I B)) x S))
v17 z B v2 (z B (x (B z x) x)) (x (v15 x)) K (I (z (K (S z))) v27 z (I (x (z I) I (z B (z K))) v18 K (x B B B) (K (S x K) I B)) x S)
v17 z B v2 (z B (x (B z x) x)) (x (v15 x)) K (z (K (S z)) v27 z (I (x (z I) I (z B (z K))) v18 K (x B B B) (K (S x K) I B)) x S)
v17 z B v2 (z B (x (B z x) x)) (x (v15 x)) K (z (K (S z)) v27 z (x (z I) I (z B (z K)) v18 K (x B B B) (K (S x K) I B)) x S)
v17 z B v2 (z B (x (B z x) x)) (x (v15 x)) K (z (K (S z)) v27 z (x (z I) I (z B (z K)) v18 K (x B B B) (S x K B)) x S)
v17 z B v2 (z B (x (B z x) x)) (x (v15 x)) K (z (K (S z)) v27 z (x (z I) I (z B (z K)) v18 K (x B B B) (x B (K B))) x S)
x
I
K
S (v3 z K) (z x (B (v5 I I I v3) (I v3 v29) S v8))
S (v3 z K) (z x (v5 I I I v3 (I v3 v29 S) v8))
S (v3 z K) (z x (v5 I I I v3 (v3 v29 S) v8))
z z B x B v25 (v30 (K (S (z K v27) S) (K K) v15 K)) (I (I I) (B I) I (B (S v8) K) (v15 z (v8 (S K))) I (K x)) z
z z B x B v25 (v30 (S (z K v27) S v15 K)) (I (I I) (B I) I (B (S v8) K) (v15 z (v8 (S K))) I (K x)) z
z z B x B v25 (v30 (z K v27 v15 (S v15) K)) (I (I I) (B I) I (B (S v8) K) (v15 z (v8 (S K))) I (K x)) z
z z B x B v25 (v30 (z K v27 v15 (S v15) K)) (I I (B I) I (B (S v8) K) (v15 z (v8 (S K))) I (K x)) z
z z B x B v25 (v30 (z K v27 v15 (S v15) K)) (I (B I) I (B (S v8) K) (v15 z (v8 (S K))) I (K x)) z
z z B x B v25 (v30 (z K v27 v15 (S v15) K)) (B I I (B (S v8) K) (v15 z (v8 (S K))) I (K x)) z
z z B x B v25 (v30 (z K v27 v15 (S v15) K)) (I (I (B (S v8) K)) (v15 z (v8 (S K))) I (K x)) z
z z B x B v25 (v30 (z K v27 v15 (S v15) K)) (I (B (S v8) K) (v15 z (v8 (S K))) I (K x)) z
z z B x B v25 (v30 (z K v27 v15 (S v15) K)) (B (S v8) K (v15 z (v8 (S K))) I (K x)) z
z z B x B v25 (v30 (z K v27 v15 (S v15) K)) (S v8 (K (v15 z (v8 (S K)))) I (K x)) z
z z B x B v25 (v30 (z K v27 v15 (S v15) K)) (v8 I (K (v15 z (v8 (S K))) I) (K x)) z
z z B x B v25 (v30 (z K v27 v15 (S v15) K)) (v8 I (v15 z (v8 (S K))) (K x)) z
