z (I B (v6 (I x)))
z (B (v6 (I x)))
z (B (v6 x))
x z
v18 (S I)
x (I S) B (z (B x I)) v4 (K (I (K S) I I (v15 (K K)) S S) (z x x B I (I (B I) B z) (S (I (B x z v19 S) x z)) z (z v2 S K (v8 (I (B S) (B z) v4) z)) (K (S B) B S) (I I)))
x S B (z (B x I)) v4 (K (I (K S) I I (v15 (K K)) S S) (z x x B I (I (B I) B z) (S (I (B x z v19 S) x z)) z (z v2 S K (v8 (I (B S) (B z) v4) z)) (K (S B) B S) (I I)))
x S B (z (B x I)) v4 (I (K S) I I (v15 (K K)) S S)
x S B (z (B x I)) v4 (K S I I (v15 (K K)) S S)
x S B (z (B x I)) v4 (S I (v15 (K K)) S S)
x S B (z (B x I)) v4 (I S (v15 (K K) S) S)
x S B (z (B x I)) v4 (S (v15 (K K) S) S)
I
x
B v30 (v14 (K (x x) x (I (K B (S K) B (S x S)))) (K K (z K)) (I S) (S z v0 I (v1 (K K (S I x (B v15 (z z)))))))
B v30 (v14 (x x (I (K B (S K) B (S x S)))) (K K (z K)) (I S) (S z v0 I (v1 (K K (S I x (B v15 (z z)))))))
B v30 (v14 (x x (K B (S K) B (S x S))) (K K (z K)) (I S) (S z v0 I (v1 (K K (S I x (B v15 (z z)))))))
B v30 (v14 (x x (B B (S x S))) (K K (z K)) (I S) (S z v0 I (v1 (K K (S I x (B v15 (z z)))))))
B v30 (v14 (x x (B B (S x S))) K (I S) (S z v0 I (v1 (K K (S I x (B v15 (z z)))))))
B v30 (v14 (x x (B B (S x S))) K S (S z v0 I (v1 (K K (S I x (B v15 (z z)))))))
B v30 (v14 (x x (B B (S x S))) K S (z I (v0 I) (v1 (K K (S I x (B v15 (z z)))))))
B v30 (v14 (x x (B B (S x S))) K S (z I (v0 I) (v1 K)))
B K (S S z S (K (I v6 (B (I (I z))) v30 (z (x (v29 I K I (S (K S))) I (K (S B) (I z (K B (I I))))))))) (v29 B (v27 (B (K (I S)) I I x)) K (x K K) (B (K (x x B (K x) (z I (z I (K K S)) (v13 I))))) I)
K (S S z S (K (I v6 (B (I (I z))) v30 (z (x (v29 I K I (S (K S))) I (K (S B) (I z (K B (I I)))))))) (v29 B (v27 (B (K (I S)) I I x)) K (x K K) (B (K (x x B (K x) (z I (z I (K K S)) (v13 I))))) I))
K (S S (z S) (K (I v6 (B (I (I z))) v30 (z (x (v29 I K I (S (K S))) I (K (S B) (I z (K B (I I)))))))) (v29 B (v27 (B (K (I S)) I I x)) K (x K K) (B (K (x x B (K x) (z I (z I (K K S)) (v13 I))))) I))
K (S (K (I v6 (B (I (I z))) v30 (z (x (v29 I K I (S (K S))) I (K (S B) (I z (K B (I I)))))))) (z S (K (I v6 (B (I (I z))) v30 (z (x (v29 I K I (S (K S))) I (K (S B) (I z (K B (I I))))))))) (v29 B (v27 (B (K (I S)) I I x)) K (x K K) (B (K (x x B (K x) (z I (z I (K K S)) (v13 I))))) I))
K (K (I v6 (B (I (I z))) v30 (z (x (v29 I K I (S (K S))) I (K (S B) (I z (K B (I I))))))) (v29 B (v27 (B (K (I S)) I I x)) K (x K K) (B (K (x x B (K x) (z I (z I (K K S)) (v13 I))))) I) (z S (K (I v6 (B (I (I z))) v30 (z (x (v29 I K I (S (K S))) I (K (S B) (I z (K B (I I)))))))) (v29 B (v27 (B (K (I S)) I I x)) K (x K K) (B (K (x x B (K x) (z I (z I (K K S)) (v13 I))))) I)))
K (I v6 (B (I (I z))) v30 (z (x (v29 I K I (S (K S))) I (K (S B) (I z (K B (I I)))))) (z S (K (I v6 (B (I (I z))) v30 (z (x (v29 I K I (S (K S))) I (K (S B) (I z (K B (I I)))))))) (v29 B (v27 (B (K (I S)) I I x)) K (x K K) (B (K (x x B (K x) (z I (z I (K K S)) (v13 I))))) I)))
K (v6 (B (I (I z))) v30 (z (x (v29 I K I (S (K S))) I (K (S B) (I z (K B (I I)))))) (z S (K (I v6 (B (I (I z))) v30 (z (x (v29 I K I (S (K S))) I (K (S B) (I z (K B (I I)))))))) (v29 B (v27 (B (K (I S)) I I x)) K (x K K) (B (K (x x B (K x) (z I (z I (K K S)) (v13 I))))) I)))
K (v6 (B (I z)) v30 (z (x (v29 I K I (S (K S))) I (K (S B) (I z (K B (I I)))))) (z S (K (I v6 (B (I (I z))) v30 (z (x (v29 I K I (S (K S))) I (K (S B) (I z (K B (I I)))))))) (v29 B (v27 (B (K (I S)) I I x)) K (x K K) (B (K (x x B (K x) (z I (z I (K K S)) (v13 I))))) I)))
K (v6 (B z) v30 (z (x (v29 I K I (S (K S))) I (K (S B) (I z (K B (I I)))))) (z S (K (I v6 (B (I (I z))) v30 (z (x (v29 I K I (S (K S))) I (K (S B) (I z (K B (I I)))))))) (v29 B (v27 (B (K (I S)) I I x)) K (x K K) (B (K (x x B (K x) (z I (z I (K K S)) (v13 I))))) I)))
K (v6 (B z) v30 (z (x (v29 I K I (S (K S))) I (S B))) (z S (K (I v6 (B (I (I z))) v30 (z (x (v29 I K I (S (K S))) I (K (S B) (I z (K B (I I)))))))) (v29 B (v27 (B (K (I S)) I I x)) K (x K K) (B (K (x x B (K x) (z I (z I (K K S)) (v13 I))))) I)))
K (v6 (B z) v30 (z (x (v29 I K I (S (K S))) I (S B))) (z S (K (v6 (B (I (I z))) v30 (z (x (v29 I K I (S (K S))) I (K (S B) (I z (K B (I I)))))))) (v29 B (v27 (B (K (I S)) I I x)) K (x K K) (B (K (x x B (K x) (z I (z I (K K S)) (v13 I))))) I)))
K (v6 (B z) v30 (z (x (v29 I K I (S (K S))) I (S B))) (z S (K (v6 (B (I z)) v30 (z (x (v29 I K I (S (K S))) I (K (S B) (I z (K B (I I)))))))) (v29 B (v27 (B (K (I S)) I I x)) K (x K K) (B (K (x x B (K x) (z I (z I (K K S)) (v13 I))))) I)))
K (v6 (B z) v30 (z (x (v29 I K I (S (K S))) I (S B))) (z S (K (v6 (B z) v30 (z (x (v29 I K I (S (K S))) I (K (S B) (I z (K B (I I)))))))) (v29 B (v27 (B (K (I S)) I I x)) K (x K K) (B (K (x x B (K x) (z I (z I (K K S)) (v13 I))))) I)))
K (v6 (B z) v30 (z (x (v29 I K I (S (K S))) I (S B))) (z S (K (v6 (B z) v30 (z (x (v29 I K I (S (K S))) I (S B))))) (v29 B (v27 (B (K (I S)) I I x)) K (x K K) (B (K (x x B (K x) (z I (z I (K K S)) (v13 I))))) I)))
K (v6 (B z) v30 (z (x (v29 I K I (S (K S))) I (S B))) (z S (K (v6 (B z) v30 (z (x (v29 I K I (S (K S))) I (S B))))) (v29 B (v27 (K (I S) (I I) x)) K (x K K) (B (K (x x B (K x) (z I (z I (K K S)) (v13 I))))) I)))
K (v6 (B z) v30 (z (x (v29 I K I (S (K S))) I (S B))) (z S (K (v6 (B z) v30 (z (x (v29 I K I (S (K S))) I (S B))))) (v29 B (v27 (I S x)) K (x K K) (B (K (x x B (K x) (z I (z I (K K S)) (v13 I))))) I)))
K (v6 (B z) v30 (z (x (v29 I K I (S (K S))) I (S B))) (z S (K (v6 (B z) v30 (z (x (v29 I K I (S (K S))) I (S B))))) (v29 B (v27 (S x)) K (x K K) (B (K (x x B (K x) (z I (z I (K K S)) (v13 I))))) I)))
K (v6 (B z) v30 (z (x (v29 I K I (S (K S))) I (S B))) (z S (K (v6 (B z) v30 (z (x (v29 I K I (S (K S))) I (S B))))) (v29 B (v27 (S x)) K (x K K) (B (K (x x B (K x) (z I (z I K) (v13 I))))) I)))
v10 (x x) K (S (I z (B I (K (S (I S) K) (B (x S)))))) z (z (v25 (z (S K I B) z) (B v22))) (x (v14 (B v30 B))) (x (K S z) B (B x) (S S (z (I z (x B) (z K (B S B) I (K B))))) (I (z (S S)) (B (K B) (B B) (S (I x) x K I (I v19 (z (S v10) (x I (K x))))))) (K v17 (B v10) (z v0 B) (z x)) (x (K I v25) (K (I I (I (x x))) x) v9 (I (K (S z) I) K B v4 z) B))
v10 (x x) K (S (z (B I (K (S (I S) K) (B (x S)))))) z (z (v25 (z (S K I B) z) (B v22))) (x (v14 (B v30 B))) (x (K S z) B (B x) (S S (z (I z (x B) (z K (B S B) I (K B))))) (I (z (S S)) (B (K B) (B B) (S (I x) x K I (I v19 (z (S v10) (x I (K x))))))) (K v17 (B v10) (z v0 B) (z x)) (x (K I v25) (K (I I (I (x x))) x) v9 (I (K (S z) I) K B v4 z) B))
v10 (x x) K (S (z (B I (S (I S) K)))) z (z (v25 (z (S K I B) z) (B v22))) (x (v14 (B v30 B))) (x (K S z) B (B x) (S S (z (I z (x B) (z K (B S B) I (K B))))) (I (z (S S)) (B (K B) (B B) (S (I x) x K I (I v19 (z (S v10) (x I (K x))))))) (K v17 (B v10) (z v0 B) (z x)) (x (K I v25) (K (I I (I (x x))) x) v9 (I (K (S z) I) K B v4 z) B))
v10 (x x) K (S (z (B I (S S K)))) z (z (v25 (z (S K I B) z) (B v22))) (x (v14 (B v30 B))) (x (K S z) B (B x) (S S (z (I z (x B) (z K (B S B) I (K B))))) (I (z (S S)) (B (K B) (B B) (S (I x) x K I (I v19 (z (S v10) (x I (K x))))))) (K v17 (B v10) (z v0 B) (z x)) (x (K I v25) (K (I I (I (x x))) x) v9 (I (K (S z) I) K B v4 z) B))
v10 (x x) K (S (z (B I (S S K)))) z (z (v25 (z (K B (I B)) z) (B v22))) (x (v14 (B v30 B))) (x (K S z) B (B x) (S S (z (I z (x B) (z K (B S B) I (K B))))) (I (z (S S)) (B (K B) (B B) (S (I x) x K I (I v19 (z (S v10) (x I (K x))))))) (K v17 (B v10) (z v0 B) (z x)) (x (K I v25) (K (I I (I (x x))) x) v9 (I (K (S z) I) K B v4 z) B))
v10 (x x) K (S (z (B I (S S K)))) z (z (v25 (z B z) (B v22))) (x (v14 (B v30 B))) (x (K S z) B (B x) (S S (z (I z (x B) (z K (B S B) I (K B))))) (I (z (S S)) (B (K B) (B B) (S (I x) x K I (I v19 (z (S v10) (x I (K x))))))) (K v17 (B v10) (z v0 B) (z x)) (x (K I v25) (K (I I (I (x x))) x) v9 (I (K (S z) I) K B v4 z) B))
v10 (x x) K (S (z (B I (S S K)))) z (z (v25 (z B z) (B v22))) (x (v14 (B v30 B))) (x S B (B x) (S S (z (I z (x B) (z K (B S B) I (K B))))) (I (z (S S)) (B (K B) (B B) (S (I x) x K I (I v19 (z (S v10) (x I (K x))))))) (K v17 (B v10) (z v0 B) (z x)) (x (K I v25) (K (I I (I (x x))) x) v9 (I (K (S z) I) K B v4 z) B))
v10 (x x) K (S (z (B I (S S K)))) z (z (v25 (z B z) (B v22))) (x (v14 (B v30 B))) (x S B (B x) (S S (z (z (x B) (z K (B S B) I (K B))))) (I (z (S S)) (B (K B) (B B) (S (I x) x K I (I v19 (z (S v10) (x I (K x))))))) (K v17 (B v10) (z v0 B) (z x)) (x (K I v25) (K (I I (I (x x))) x) v9 (I (K (S z) I) K B v4 z) B))
v10 (x x) K (S (z (B I (S S K)))) z (z (v25 (z B z) (B v22))) (x (v14 (B v30 B))) (x S B (B x) (S S (z (z (x B) (z K (B S B) I (K B))))) (z (S S) (B (K B) (B B) (S (I x) x K I (I v19 (z (S v10) (x I (K x))))))) (K v17 (B v10) (z v0 B) (z x)) (x (K I v25) (K (I I (I (x x))) x) v9 (I (K (S z) I) K B v4 z) B))
v10 (x x) K (S (z (B I (S S K)))) z (z (v25 (z B z) (B v22))) (x (v14 (B v30 B))) (x S B (B x) (S S (z (z (x B) (z K (B S B) I (K B))))) (z (S S) (K B (B B (S (I x) x K I (I v19 (z (S v10) (x I (K x)))))))) (K v17 (B v10) (z v0 B) (z x)) (x (K I v25) (K (I I (I (x x))) x) v9 (I (K (S z) I) K B v4 z) B))
v10 (x x) K (S (z (B I (S S K)))) z (z (v25 (z B z) (B v22))) (x (v14 (B v30 B))) (x S B (B x) (S S (z (z (x B) (z K (B S B) I (K B))))) (z (S S) B) (K v17 (B v10) (z v0 B) (z x)) (x (K I v25) (K (I I (I (x x))) x) v9 (I (K (S z) I) K B v4 z) B))
v10 (x x) K (S (z (B I (S S K)))) z (z (v25 (z B z) (B v22))) (x (v14 (B v30 B))) (x S B (B x) (S S (z (z (x B) (z K (B S B) I (K B))))) (z (S S) B) (v17 (z v0 B) (z x)) (x (K I v25) (K (I I (I (x x))) x) v9 (I (K (S z) I) K B v4 z) B))
v10 (x x) K (S (z (B I (S S K)))) z (z (v25 (z B z) (B v22))) (x (v14 (B v30 B))) (x S B (B x) (S S (z (z (x B) (z K (B S B) I (K B))))) (z (S S) B) (v17 (z v0 B) (z x)) (x I (K (I I (I (x x))) x) v9 (I (K (S z) I) K B v4 z) B))
v10 (x x) K (S (z (B I (S S K)))) z (z (v25 (z B z) (B v22))) (x (v14 (B v30 B))) (x S B (B x) (S S (z (z (x B) (z K (B S B) I (K B))))) (z (S S) B) (v17 (z v0 B) (z x)) (x I (I I (I (x x))) v9 (I (K (S z) I) K B v4 z) B))
v10 (x x) K (S (z (B I (S S K)))) z (z (v25 (z B z) (B v22))) (x (v14 (B v30 B))) (x S B (B x) (S S (z (z (x B) (z K (B S B) I (K B))))) (z (S S) B) (v17 (z v0 B) (z x)) (x I (I (I (x x))) v9 (I (K (S z) I) K B v4 z) B))
v10 (x x) K (S (z (B I (S S K)))) z (z (v25 (z B z) (B v22))) (x (v14 (B v30 B))) (x S B (B x) (S S (z (z (x B) (z K (B S B) I (K B))))) (z (S S) B) (v17 (z v0 B) (z x)) (x I (I (x x)) v9 (I (K (S z) I) K B v4 z) B))
v10 (x x) K (S (z (B I (S S K)))) z (z (v25 (z B z) (B v22))) (x (v14 (B v30 B))) (x S B (B x) (S S (z (z (x B) (z K (B S B) I (K B))))) (z (S S) B) (v17 (z v0 B) (z x)) (x I (x x) v9 (I (K (S z) I) K B v4 z) B))
v10 (x x) K (S (z (B I (S S K)))) z (z (v25 (z B z) (B v22))) (x (v14 (B v30 B))) (x S B (B x) (S S (z (z (x B) (z K (B S B) I (K B))))) (z (S S) B) (v17 (z v0 B) (z x)) (x I (x x) v9 (K (S z) I K B v4 z) B))
v10 (x x) K (S (z (B I (S S K)))) z (z (v25 (z B z) (B v22))) (x (v14 (B v30 B))) (x S B (B x) (S S (z (z (x B) (z K (B S B) I (K B))))) (z (S S) B) (v17 (z v0 B) (z x)) (x I (x x) v9 (S z K B v4 z) B))
v10 (x x) K (S (z (B I (S S K)))) z (z (v25 (z B z) (B v22))) (x (v14 (B v30 B))) (x S B (B x) (S S (z (z (x B) (z K (B S B) I (K B))))) (z (S S) B) (v17 (z v0 B) (z x)) (x I (x x) v9 (z B (K B) v4 z) B))
S (B (K S (S (x S x B) (K K)) B)) (v28 (B (v16 B)) z (x (v2 (z B I) B)) I (z (z K (K z)) v0 (v21 z (z (z (I z))))))
S (B (S B)) (v28 (B (v16 B)) z (x (v2 (z B I) B)) I (z (z K (K z)) v0 (v21 z (z (z (I z))))))
S (B (S B)) (v28 (B (v16 B)) z (x (v2 (z B I) B)) I (z (z K (K z)) v0 (v21 z (z (z z)))))
