I (x K) z (B (S (x I (I S B) (S z z))) (B (K x) S z) (B z B)) (S (I z) (B (B (x (v5 S)) B) v16 (z B)) B) K
x K z (B (S (x I (I S B) (S z z))) (B (K x) S z) (B z B)) (S (I z) (B (B (x (v5 S)) B) v16 (z B)) B) K
x K z (S (x I (I S B) (S z z)) (B (K x) S z (B z B))) (S (I z) (B (B (x (v5 S)) B) v16 (z B)) B) K
x K z (S (x I (S B) (S z z)) (B (K x) S z (B z B))) (S (I z) (B (B (x (v5 S)) B) v16 (z B)) B) K
x K z (S (x I (S B) (S z z)) (K x (S z) (B z B))) (S (I z) (B (B (x (v5 S)) B) v16 (z B)) B) K
x K z (S (x I (S B) (S z z)) (x (B z B))) (S (I z) (B (B (x (v5 S)) B) v16 (z B)) B) K
x K z (S (x I (S B) (S z z)) (x (B z B))) (I z B (B (B (x (v5 S)) B) v16 (z B) B)) K
x K z (S (x I (S B) (S z z)) (x (B z B))) (z B (B (B (x (v5 S)) B) v16 (z B) B)) K
x K z (S (x I (S B) (S z z)) (x (B z B))) (z B (B (x (v5 S)) B (v16 (z B)) B)) K
x K z (S (x I (S B) (S z z)) (x (B z B))) (z B (x (v5 S) (B (v16 (z B))) B)) K
v21 (z (S z I I) x (x (x (v7 v21 I)) I S (I K z B) z) S) (v11 v21 (x (x z) v15)) (S I S (x I) (B (B (v25 v29 x (I K v0) (B (x (B S)) (K z v3))) (B (K I (z S (K (B (x v27)))) I) v28) (x I z))))
v21 (z (z I (I I)) x (x (x (v7 v21 I)) I S (I K z B) z) S) (v11 v21 (x (x z) v15)) (S I S (x I) (B (B (v25 v29 x (I K v0) (B (x (B S)) (K z v3))) (B (K I (z S (K (B (x v27)))) I) v28) (x I z))))
v21 (z (z I I) x (x (x (v7 v21 I)) I S (I K z B) z) S) (v11 v21 (x (x z) v15)) (S I S (x I) (B (B (v25 v29 x (I K v0) (B (x (B S)) (K z v3))) (B (K I (z S (K (B (x v27)))) I) v28) (x I z))))
v21 (z (z I I) x (x (x (v7 v21 I)) I S (K z B) z) S) (v11 v21 (x (x z) v15)) (S I S (x I) (B (B (v25 v29 x (I K v0) (B (x (B S)) (K z v3))) (B (K I (z S (K (B (x v27)))) I) v28) (x I z))))
v21 (z (z I I) x (x (x (v7 v21 I)) I S z z) S) (v11 v21 (x (x z) v15)) (S I S (x I) (B (B (v25 v29 x (I K v0) (B (x (B S)) (K z v3))) (B (K I (z S (K (B (x v27)))) I) v28) (x I z))))
v21 (z (z I I) x (x (x (v7 v21 I)) I S z z) S) (v11 v21 (x (x z) v15)) (I (x I) (S (x I)) (B (B (v25 v29 x (I K v0) (B (x (B S)) (K z v3))) (B (K I (z S (K (B (x v27)))) I) v28) (x I z))))
v21 (z (z I I) x (x (x (v7 v21 I)) I S z z) S) (v11 v21 (x (x z) v15)) (x I (S (x I)) (B (B (v25 v29 x (I K v0) (B (x (B S)) (K z v3))) (B (K I (z S (K (B (x v27)))) I) v28) (x I z))))
v21 (z (z I I) x (x (x (v7 v21 I)) I S z z) S) (v11 v21 (x (x z) v15)) (x I (S (x I)) (B (v25 v29 x (I K v0) (B (x (B S)) (K z v3)) (B (K I (z S (K (B (x v27)))) I) v28 (x I z)))))
v21 (z (z I I) x (x (x (v7 v21 I)) I S z z) S) (v11 v21 (x (x z) v15)) (x I (S (x I)) (B (v25 v29 x (K v0) (B (x (B S)) (K z v3)) (B (K I (z S (K (B (x v27)))) I) v28 (x I z)))))
v21 (z (z I I) x (x (x (v7 v21 I)) I S z z) S) (v11 v21 (x (x z) v15)) (x I (S (x I)) (B (v25 v29 x (K v0) (B (x (B S)) z) (B (K I (z S (K (B (x v27)))) I) v28 (x I z)))))
v21 (z (z I I) x (x (x (v7 v21 I)) I S z z) S) (v11 v21 (x (x z) v15)) (x I (S (x I)) (B (v25 v29 x (K v0) (B (x (B S)) z) (K I (z S (K (B (x v27)))) I (v28 (x I z))))))
v21 (z (z I I) x (x (x (v7 v21 I)) I S z z) S) (v11 v21 (x (x z) v15)) (x I (S (x I)) (B (v25 v29 x (K v0) (B (x (B S)) z) (I I (v28 (x I z))))))
v21 (z (z I I) x (x (x (v7 v21 I)) I S z z) S) (v11 v21 (x (x z) v15)) (x I (S (x I)) (B (v25 v29 x (K v0) (B (x (B S)) z) (I (v28 (x I z))))))
v21 (z (z I I) x (x (x (v7 v21 I)) I S z z) S) (v11 v21 (x (x z) v15)) (x I (S (x I)) (B (v25 v29 x (K v0) (B (x (B S)) z) (v28 (x I z)))))
z K (v10 (I (B (S (B x))))) (x (S (z v10))) (K K K) z (I v23 (I S K) (K z B) (K x)) (S (K (I S x S)))
z K (v10 (B (S (B x)))) (x (S (z v10))) (K K K) z (I v23 (I S K) (K z B) (K x)) (S (K (I S x S)))
z K (v10 (B (S (B x)))) (x (S (z v10))) K z (I v23 (I S K) (K z B) (K x)) (S (K (I S x S)))
z K (v10 (B (S (B x)))) (x (S (z v10))) K z (v23 (I S K) (K z B) (K x)) (S (K (I S x S)))
z K (v10 (B (S (B x)))) (x (S (z v10))) K z (v23 (S K) (K z B) (K x)) (S (K (I S x S)))
z K (v10 (B (S (B x)))) (x (S (z v10))) K z (v23 (S K) z (K x)) (S (K (I S x S)))
z K (v10 (B (S (B x)))) (x (S (z v10))) K z (v23 (S K) z (K x)) (S (K (S x S)))
K K v9
K
z S S S (S (v19 z)) (S (x x (S S) B) z (B (S (I K) I (B (x z I) (v21 z) B (z K S))))) (S (x z (B (x z (I S)) (B S) (x S (v9 I (I S)) x) (B (I z (x x x) (S I S K))))))
z S S S (S (v19 z)) (x x (S S) B (B (S (I K) I (B (x z I) (v21 z) B (z K S)))) (z (B (S (I K) I (B (x z I) (v21 z) B (z K S)))))) (S (x z (B (x z (I S)) (B S) (x S (v9 I (I S)) x) (B (I z (x x x) (S I S K))))))
z S S S (S (v19 z)) (x x (S S) B (B (I K (B (x z I) (v21 z) B (z K S)) (I (B (x z I) (v21 z) B (z K S))))) (z (B (S (I K) I (B (x z I) (v21 z) B (z K S)))))) (S (x z (B (x z (I S)) (B S) (x S (v9 I (I S)) x) (B (I z (x x x) (S I S K))))))
z S S S (S (v19 z)) (x x (S S) B (B (K (B (x z I) (v21 z) B (z K S)) (I (B (x z I) (v21 z) B (z K S))))) (z (B (S (I K) I (B (x z I) (v21 z) B (z K S)))))) (S (x z (B (x z (I S)) (B S) (x S (v9 I (I S)) x) (B (I z (x x x) (S I S K))))))
z S S S (S (v19 z)) (x x (S S) B (B (B (x z I) (v21 z) B (z K S))) (z (B (S (I K) I (B (x z I) (v21 z) B (z K S)))))) (S (x z (B (x z (I S)) (B S) (x S (v9 I (I S)) x) (B (I z (x x x) (S I S K))))))
z S S S (S (v19 z)) (x x (S S) B (B (x z I (v21 z B) (z K S))) (z (B (S (I K) I (B (x z I) (v21 z) B (z K S)))))) (S (x z (B (x z (I S)) (B S) (x S (v9 I (I S)) x) (B (I z (x x x) (S I S K))))))
z S S S (S (v19 z)) (x x (S S) B (B (x z I (v21 z B) (z K S))) (z (B (I K (B (x z I) (v21 z) B (z K S)) (I (B (x z I) (v21 z) B (z K S))))))) (S (x z (B (x z (I S)) (B S) (x S (v9 I (I S)) x) (B (I z (x x x) (S I S K))))))
z S S S (S (v19 z)) (x x (S S) B (B (x z I (v21 z B) (z K S))) (z (B (K (B (x z I) (v21 z) B (z K S)) (I (B (x z I) (v21 z) B (z K S))))))) (S (x z (B (x z (I S)) (B S) (x S (v9 I (I S)) x) (B (I z (x x x) (S I S K))))))
z S S S (S (v19 z)) (x x (S S) B (B (x z I (v21 z B) (z K S))) (z (B (B (x z I) (v21 z) B (z K S))))) (S (x z (B (x z (I S)) (B S) (x S (v9 I (I S)) x) (B (I z (x x x) (S I S K))))))
z S S S (S (v19 z)) (x x (S S) B (B (x z I (v21 z B) (z K S))) (z (B (x z I (v21 z B) (z K S))))) (S (x z (B (x z (I S)) (B S) (x S (v9 I (I S)) x) (B (I z (x x x) (S I S K))))))
z S S S (S (v19 z)) (x x (S S) B (B (x z I (v21 z B) (z K S))) (z (B (x z I (v21 z B) (z K S))))) (S (x z (x z (I S) (B S (x S (v9 I (I S)) x)) (B (I z (x x x) (S I S K))))))
z S S S (S (v19 z)) (x x (S S) B (B (x z I (v21 z B) (z K S))) (z (B (x z I (v21 z B) (z K S))))) (S (x z (x z S (B S (x S (v9 I (I S)) x)) (B (I z (x x x) (S I S K))))))
z S S S (S (v19 z)) (x x (S S) B (B (x z I (v21 z B) (z K S))) (z (B (x z I (v21 z B) (z K S))))) (S (x z (x z S (B S (x S (v9 I S) x)) (B (I z (x x x) (S I S K))))))
z S S S (S (v19 z)) (x x (S S) B (B (x z I (v21 z B) (z K S))) (z (B (x z I (v21 z B) (z K S))))) (S (x z (x z S (B S (x S (v9 I S) x)) (B (z (x x x) (S I S K))))))
z S S S (S (v19 z)) (x x (S S) B (B (x z I (v21 z B) (z K S))) (z (B (x z I (v21 z B) (z K S))))) (S (x z (x z S (B S (x S (v9 I S) x)) (B (z (x x x) (I K (S K)))))))
z S S S (S (v19 z)) (x x (S S) B (B (x z I (v21 z B) (z K S))) (z (B (x z I (v21 z B) (z K S))))) (S (x z (x z S (B S (x S (v9 I S) x)) (B (z (x x x) (K (S K)))))))
B (K (B (x x)) (x v26)) S (z B (K (B (S (B (v6 B S x) (z S) K) (v24 S K (S v26)) (K K)))))
K (B (x x)) (x v26) (S (z B (K (B (S (B (v6 B S x) (z S) K) (v24 S K (S v26)) (K K))))))
B (x x) (S (z B (K (B (S (B (v6 B S x) (z S) K) (v24 S K (S v26)) (K K))))))
B (x x) (S (z B (K (B (B (v6 B S x) (z S) K (K K) (v24 S K (S v26) (K K)))))))
B (x x) (S (z B (K (B (v6 B S x (z S K) (K K) (v24 S K (S v26) (K K)))))))
z z (B B) (I (S (S B) (I (K I v5 (I (B K)))) (z (K S K (S K (K (v16 v23)))))) (B v25)) (S (x (I (B S (x x) (S I)) (B K) (B (B K) v15 (S x z (z (v8 I))))) v0 I (z (K S))) (z (I I) (v2 (B (v11 K (B K) (S I (x (v23 K)))) S (K v25 (K S v22))))))
z z (B B) (S (S B) (I (K I v5 (I (B K)))) (z (K S K (S K (K (v16 v23))))) (B v25)) (S (x (I (B S (x x) (S I)) (B K) (B (B K) v15 (S x z (z (v8 I))))) v0 I (z (K S))) (z (I I) (v2 (B (v11 K (B K) (S I (x (v23 K)))) S (K v25 (K S v22))))))
z z (B B) (S B (z (K S K (S K (K (v16 v23))))) (I (K I v5 (I (B K))) (z (K S K (S K (K (v16 v23)))))) (B v25)) (S (x (I (B S (x x) (S I)) (B K) (B (B K) v15 (S x z (z (v8 I))))) v0 I (z (K S))) (z (I I) (v2 (B (v11 K (B K) (S I (x (v23 K)))) S (K v25 (K S v22))))))
z z (B B) (B (I (K I v5 (I (B K))) (z (K S K (S K (K (v16 v23)))))) (z (K S K (S K (K (v16 v23)))) (I (K I v5 (I (B K))) (z (K S K (S K (K (v16 v23))))))) (B v25)) (S (x (I (B S (x x) (S I)) (B K) (B (B K) v15 (S x z (z (v8 I))))) v0 I (z (K S))) (z (I I) (v2 (B (v11 K (B K) (S I (x (v23 K)))) S (K v25 (K S v22))))))
z z (B B) (I (K I v5 (I (B K))) (z (K S K (S K (K (v16 v23))))) (z (K S K (S K (K (v16 v23)))) (I (K I v5 (I (B K))) (z (K S K (S K (K (v16 v23)))))) (B v25))) (S (x (I (B S (x x) (S I)) (B K) (B (B K) v15 (S x z (z (v8 I))))) v0 I (z (K S))) (z (I I) (v2 (B (v11 K (B K) (S I (x (v23 K)))) S (K v25 (K S v22))))))
z z (B B) (K I v5 (I (B K)) (z (K S K (S K (K (v16 v23))))) (z (K S K (S K (K (v16 v23)))) (I (K I v5 (I (B K))) (z (K S K (S K (K (v16 v23)))))) (B v25))) (S (x (I (B S (x x) (S I)) (B K) (B (B K) v15 (S x z (z (v8 I))))) v0 I (z (K S))) (z (I I) (v2 (B (v11 K (B K) (S I (x (v23 K)))) S (K v25 (K S v22))))))
z z (B B) (I (I (B K)) (z (K S K (S K (K (v16 v23))))) (z (K S K (S K (K (v16 v23)))) (I (K I v5 (I (B K))) (z (K S K (S K (K (v16 v23)))))) (B v25))) (S (x (I (B S (x x) (S I)) (B K) (B (B K) v15 (S x z (z (v8 I))))) v0 I (z (K S))) (z (I I) (v2 (B (v11 K (B K) (S I (x (v23 K)))) S (K v25 (K S v22))))))
z z (B B) (I (B K) (z (K S K (S K (K (v16 v23))))) (z (K S K (S K (K (v16 v23)))) (I (K I v5 (I (B K))) (z (K S K (S K (K (v16 v23)))))) (B v25))) (S (x (I (B S (x x) (S I)) (B K) (B (B K) v15 (S x z (z (v8 I))))) v0 I (z (K S))) (z (I I) (v2 (B (v11 K (B K) (S I (x (v23 K)))) S (K v25 (K S v22))))))
z z (B B) (B K (z (K S K (S K (K (v16 v23))))) (z (K S K (S K (K (v16 v23)))) (I (K I v5 (I (B K))) (z (K S K (S K (K (v16 v23)))))) (B v25))) (S (x (I (B S (x x) (S I)) (B K) (B (B K) v15 (S x z (z (v8 I))))) v0 I (z (K S))) (z (I I) (v2 (B (v11 K (B K) (S I (x (v23 K)))) S (K v25 (K S v22))))))
z z (B B) (K (z (K S K (S K (K (v16 v23)))) (z (K S K (S K (K (v16 v23)))) (I (K I v5 (I (B K))) (z (K S K (S K (K (v16 v23)))))) (B v25)))) (S (x (I (B S (x x) (S I)) (B K) (B (B K) v15 (S x z (z (v8 I))))) v0 I (z (K S))) (z (I I) (v2 (B (v11 K (B K) (S I (x (v23 K)))) S (K v25 (K S v22))))))
z z (B B) (K (z (S (S K (K (v16 v23)))) (z (K S K (S K (K (v16 v23)))) (I (K I v5 (I (B K))) (z (K S K (S K (K (v16 v23)))))) (B v25)))) (S (x (I (B S (x x) (S I)) (B K) (B (B K) v15 (S x z (z (v8 I))))) v0 I (z (K S))) (z (I I) (v2 (B (v11 K (B K) (S I (x (v23 K)))) S (K v25 (K S v22))))))
z z (B B) (K (z (S (S K (K (v16 v23)))) (z (S (S K (K (v16 v23)))) (I (K I v5 (I (B K))) (z (K S K (S K (K (v16 v23)))))) (B v25)))) (S (x (I (B S (x x) (S I)) (B K) (B (B K) v15 (S x z (z (v8 I))))) v0 I (z (K S))) (z (I I) (v2 (B (v11 K (B K) (S I (x (v23 K)))) S (K v25 (K S v22))))))
z z (B B) (K (z (S (S K (K (v16 v23)))) (z (S (S K (K (v16 v23)))) (K I v5 (I (B K)) (z (K S K (S K (K (v16 v23)))))) (B v25)))) (S (x (I (B S (x x) (S I)) (B K) (B (B K) v15 (S x z (z (v8 I))))) v0 I (z (K S))) (z (I I) (v2 (B (v11 K (B K) (S I (x (v23 K)))) S (K v25 (K S v22))))))
z z (B B) (K (z (S (S K (K (v16 v23)))) (z (S (S K (K (v16 v23)))) (I (I (B K)) (z (K S K (S K (K (v16 v23)))))) (B v25)))) (S (x (I (B S (x x) (S I)) (B K) (B (B K) v15 (S x z (z (v8 I))))) v0 I (z (K S))) (z (I I) (v2 (B (v11 K (B K) (S I (x (v23 K)))) S (K v25 (K S v22))))))
z z (B B) (K (z (S (S K (K (v16 v23)))) (z (S (S K (K (v16 v23)))) (I (B K) (z (K S K (S K (K (v16 v23)))))) (B v25)))) (S (x (I (B S (x x) (S I)) (B K) (B (B K) v15 (S x z (z (v8 I))))) v0 I (z (K S))) (z (I I) (v2 (B (v11 K (B K) (S I (x (v23 K)))) S (K v25 (K S v22))))))
z z (B B) (K (z (S (S K (K (v16 v23)))) (z (S (S K (K (v16 v23)))) (B K (z (K S K (S K (K (v16 v23)))))) (B v25)))) (S (x (I (B S (x x) (S I)) (B K) (B (B K) v15 (S x z (z (v8 I))))) v0 I (z (K S))) (z (I I) (v2 (B (v11 K (B K) (S I (x (v23 K)))) S (K v25 (K S v22))))))
z z (B B) (K (z (S (S K (K (v16 v23)))) (z (S (S K (K (v16 v23)))) (B K (z (S (S K (K (v16 v23)))))) (B v25)))) (S (x (I (B S (x x) (S I)) (B K) (B (B K) v15 (S x z (z (v8 I))))) v0 I (z (K S))) (z (I I) (v2 (B (v11 K (B K) (S I (x (v23 K)))) S (K v25 (K S v22))))))
z z (B B) (K (z (S (S K (K (v16 v23)))) (z (S (S K (K (v16 v23)))) (B K (z (S (S K (K (v16 v23)))))) (B v25)))) (S (x (B S (x x) (S I) (B K) (B (B K) v15 (S x z (z (v8 I))))) v0 I (z (K S))) (z (I I) (v2 (B (v11 K (B K) (S I (x (v23 K)))) S (K v25 (K S v22))))))
z z (B B) (K (z (S (S K (K (v16 v23)))) (z (S (S K (K (v16 v23)))) (B K (z (S (S K (K (v16 v23)))))) (B v25)))) (S (x (S (x x (S I)) (B K) (B (B K) v15 (S x z (z (v8 I))))) v0 I (z (K S))) (z (I I) (v2 (B (v11 K (B K) (S I (x (v23 K)))) S (K v25 (K S v22))))))
z z (B B) (K (z (S (S K (K (v16 v23)))) (z (S (S K (K (v16 v23)))) (B K (z (S (S K (K (v16 v23)))))) (B v25)))) (S (x (x x (S I) (B (B K) v15 (S x z (z (v8 I)))) (B K (B (B K) v15 (S x z (z (v8 I)))))) v0 I (z (K S))) (z (I I) (v2 (B (v11 K (B K) (S I (x (v23 K)))) S (K v25 (K S v22))))))
z z (B B) (K (z (S (S K (K (v16 v23)))) (z (S (S K (K (v16 v23)))) (B K (z (S (S K (K (v16 v23)))))) (B v25)))) (S (x (x x (S I) (B K (v15 (S x z (z (v8 I))))) (B K (B (B K) v15 (S x z (z (v8 I)))))) v0 I (z (K S))) (z (I I) (v2 (B (v11 K (B K) (S I (x (v23 K)))) S (K v25 (K S v22))))))
z z (B B) (K (z (S (S K (K (v16 v23)))) (z (S (S K (K (v16 v23)))) (B K (z (S (S K (K (v16 v23)))))) (B v25)))) (S (x (x x (S I) (B K (v15 (x (z (v8 I)) (z (z (v8 I)))))) (B K (B (B K) v15 (S x z (z (v8 I)))))) v0 I (z (K S))) (z (I I) (v2 (B (v11 K (B K) (S I (x (v23 K)))) S (K v25 (K S v22))))))
z z (B B) (K (z (S (S K (K (v16 v23)))) (z (S (S K (K (v16 v23)))) (B K (z (S (S K (K (v16 v23)))))) (B v25)))) (S (x (x x (S I) (B K (v15 (x (z (v8 I)) (z (z (v8 I)))))) (B K (B K (v15 (S x z (z (v8 I))))))) v0 I (z (K S))) (z (I I) (v2 (B (v11 K (B K) (S I (x (v23 K)))) S (K v25 (K S v22))))))
z z (B B) (K (z (S (S K (K (v16 v23)))) (z (S (S K (K (v16 v23)))) (B K (z (S (S K (K (v16 v23)))))) (B v25)))) (S (x (x x (S I) (B K (v15 (x (z (v8 I)) (z (z (v8 I)))))) (B K (B K (v15 (x (z (v8 I)) (z (z (v8 I)))))))) v0 I (z (K S))) (z (I I) (v2 (B (v11 K (B K) (S I (x (v23 K)))) S (K v25 (K S v22))))))
z z (B B) (K (z (S (S K (K (v16 v23)))) (z (S (S K (K (v16 v23)))) (B K (z (S (S K (K (v16 v23)))))) (B v25)))) (S (x (x x (S I) (B K (v15 (x (z (v8 I)) (z (z (v8 I)))))) (B K (B K (v15 (x (z (v8 I)) (z (z (v8 I)))))))) v0 I (z (K S))) (z I (v2 (B (v11 K (B K) (S I (x (v23 K)))) S (K v25 (K S v22))))))
z z (B B) (K (z (S (S K (K (v16 v23)))) (z (S (S K (K (v16 v23)))) (B K (z (S (S K (K (v16 v23)))))) (B v25)))) (S (x (x x (S I) (B K (v15 (x (z (v8 I)) (z (z (v8 I)))))) (B K (B K (v15 (x (z (v8 I)) (z (z (v8 I)))))))) v0 I (z (K S))) (z I (v2 (v11 K (B K) (S I (x (v23 K))) (S (K v25 (K S v22)))))))
z z (B B) (K (z (S (S K (K (v16 v23)))) (z (S (S K (K (v16 v23)))) (B K (z (S (S K (K (v16 v23)))))) (B v25)))) (S (x (x x (S I) (B K (v15 (x (z (v8 I)) (z (z (v8 I)))))) (B K (B K (v15 (x (z (v8 I)) (z (z (v8 I)))))))) v0 I (z (K S))) (z I (v2 (v11 K (B K) (S I (x (v23 K))) (S v25)))))
z (B B K) (x K (K B (I (v1 (B (v4 K)))) (z (v12 (x S v20 x (x B) x K)))) S) (K (B z))
z (B B K) (x K (B (z (v12 (x S v20 x (x B) x K)))) S) (K (B z))
B (v17 I (B K) (B v14) I z) B
K (S I x) K (z (B v7) (v5 B (I B B (I (S S) B)) B K)) (x v6 (K K v30)) (x x (B K (I S x (B B (K x))) x) (z K v28) (S I B x (x B x) (K (I K)) B) (z (S z (I S)) (B (K S)) (B v24 K (x (z v28 B) x)) (z B (I (S (I (S K) z (S B) (z I))) (B x (z x I))) (S I))))
S I x (z (B v7) (v5 B (I B B (I (S S) B)) B K)) (x v6 (K K v30)) (x x (B K (I S x (B B (K x))) x) (z K v28) (S I B x (x B x) (K (I K)) B) (z (S z (I S)) (B (K S)) (B v24 K (x (z v28 B) x)) (z B (I (S (I (S K) z (S B) (z I))) (B x (z x I))) (S I))))
I (z (B v7) (v5 B (I B B (I (S S) B)) B K)) (x (z (B v7) (v5 B (I B B (I (S S) B)) B K))) (x v6 (K K v30)) (x x (B K (I S x (B B (K x))) x) (z K v28) (S I B x (x B x) (K (I K)) B) (z (S z (I S)) (B (K S)) (B v24 K (x (z v28 B) x)) (z B (I (S (I (S K) z (S B) (z I))) (B x (z x I))) (S I))))
z (B v7) (v5 B (I B B (I (S S) B)) B K) (x (z (B v7) (v5 B (I B B (I (S S) B)) B K))) (x v6 (K K v30)) (x x (B K (I S x (B B (K x))) x) (z K v28) (S I B x (x B x) (K (I K)) B) (z (S z (I S)) (B (K S)) (B v24 K (x (z v28 B) x)) (z B (I (S (I (S K) z (S B) (z I))) (B x (z x I))) (S I))))
z (B v7) (v5 B (B B (I (S S) B)) B K) (x (z (B v7) (v5 B (I B B (I (S S) B)) B K))) (x v6 (K K v30)) (x x (B K (I S x (B B (K x))) x) (z K v28) (S I B x (x B x) (K (I K)) B) (z (S z (I S)) (B (K S)) (B v24 K (x (z v28 B) x)) (z B (I (S (I (S K) z (S B) (z I))) (B x (z x I))) (S I))))
z (B v7) (v5 B (B B (S S B)) B K) (x (z (B v7) (v5 B (I B B (I (S S) B)) B K))) (x v6 (K K v30)) (x x (B K (I S x (B B (K x))) x) (z K v28) (S I B x (x B x) (K (I K)) B) (z (S z (I S)) (B (K S)) (B v24 K (x (z v28 B) x)) (z B (I (S (I (S K) z (S B) (z I))) (B x (z x I))) (S I))))
z (B v7) (v5 B (B B (S S B)) B K) (x (z (B v7) (v5 B (B B (I (S S) B)) B K))) (x v6 (K K v30)) (x x (B K (I S x (B B (K x))) x) (z K v28) (S I B x (x B x) (K (I K)) B) (z (S z (I S)) (B (K S)) (B v24 K (x (z v28 B) x)) (z B (I (S (I (S K) z (S B) (z I))) (B x (z x I))) (S I))))
z (B v7) (v5 B (B B (S S B)) B K) (x (z (B v7) (v5 B (B B (S S B)) B K))) (x v6 (K K v30)) (x x (B K (I S x (B B (K x))) x) (z K v28) (S I B x (x B x) (K (I K)) B) (z (S z (I S)) (B (K S)) (B v24 K (x (z v28 B) x)) (z B (I (S (I (S K) z (S B) (z I))) (B x (z x I))) (S I))))
z (B v7) (v5 B (B B (S S B)) B K) (x (z (B v7) (v5 B (B B (S S B)) B K))) (x v6 K) (x x (B K (I S x (B B (K x))) x) (z K v28) (S I B x (x B x) (K (I K)) B) (z (S z (I S)) (B (K S)) (B v24 K (x (z v28 B) x)) (z B (I (S (I (S K) z (S B) (z I))) (B x (z x I))) (S I))))
z (B v7) (v5 B (B B (S S B)) B K) (x (z (B v7) (v5 B (B B (S S B)) B K))) (x v6 K) (x x (K (I S x (B B (K x)) x)) (z K v28) (S I B x (x B x) (K (I K)) B) (z (S z (I S)) (B (K S)) (B v24 K (x (z v28 B) x)) (z B (I (S (I (S K) z (S B) (z I))) (B x (z x I))) (S I))))
z (B v7) (v5 B (B B (S S B)) B K) (x (z (B v7) (v5 B (B B (S S B)) B K))) (x v6 K) (x x (K (S x (B B (K x)) x)) (z K v28) (S I B x (x B x) (K (I K)) B) (z (S z (I S)) (B (K S)) (B v24 K (x (z v28 B) x)) (z B (I (S (I (S K) z (S B) (z I))) (B x (z x I))) (S I))))
z (B v7) (v5 B (B B (S S B)) B K) (x (z (B v7) (v5 B (B B (S S B)) B K))) (x v6 K) (x x (K (x x (B B (K x) x))) (z K v28) (S I B x (x B x) (K (I K)) B) (z (S z (I S)) (B (K S)) (B v24 K (x (z v28 B) x)) (z B (I (S (I (S K) z (S B) (z I))) (B x (z x I))) (S I))))
z (B v7) (v5 B (B B (S S B)) B K) (x (z (B v7) (v5 B (B B (S S B)) B K))) (x v6 K) (x x (K (x x (B (K x x)))) (z K v28) (S I B x (x B x) (K (I K)) B) (z (S z (I S)) (B (K S)) (B v24 K (x (z v28 B) x)) (z B (I (S (I (S K) z (S B) (z I))) (B x (z x I))) (S I))))
z (B v7) (v5 B (B B (S S B)) B K) (x (z (B v7) (v5 B (B B (S S B)) B K))) (x v6 K) (x x (K (x x (B x))) (z K v28) (S I B x (x B x) (K (I K)) B) (z (S z (I S)) (B (K S)) (B v24 K (x (z v28 B) x)) (z B (I (S (I (S K) z (S B) (z I))) (B x (z x I))) (S I))))
z (B v7) (v5 B (B B (S S B)) B K) (x (z (B v7) (v5 B (B B (S S B)) B K))) (x v6 K) (x x (K (x x (B x))) (z K v28) (I x (B x) (x B x) (K (I K)) B) (z (S z (I S)) (B (K S)) (B v24 K (x (z v28 B) x)) (z B (I (S (I (S K) z (S B) (z I))) (B x (z x I))) (S I))))
z (B v7) (v5 B (B B (S S B)) B K) (x (z (B v7) (v5 B (B B (S S B)) B K))) (x v6 K) (x x (K (x x (B x))) (z K v28) (x (B x) (x B x) (K (I K)) B) (z (S z (I S)) (B (K S)) (B v24 K (x (z v28 B) x)) (z B (I (S (I (S K) z (S B) (z I))) (B x (z x I))) (S I))))
z (B v7) (v5 B (B B (S S B)) B K) (x (z (B v7) (v5 B (B B (S S B)) B K))) (x v6 K) (x x (K (x x (B x))) (z K v28) (x (B x) (x B x) (K K) B) (z (S z (I S)) (B (K S)) (B v24 K (x (z v28 B) x)) (z B (I (S (I (S K) z (S B) (z I))) (B x (z x I))) (S I))))
z (B v7) (v5 B (B B (S S B)) B K) (x (z (B v7) (v5 B (B B (S S B)) B K))) (x v6 K) (x x (K (x x (B x))) (z K v28) (x (B x) (x B x) (K K) B) (z (S z S) (B (K S)) (B v24 K (x (z v28 B) x)) (z B (I (S (I (S K) z (S B) (z I))) (B x (z x I))) (S I))))
z (B v7) (v5 B (B B (S S B)) B K) (x (z (B v7) (v5 B (B B (S S B)) B K))) (x v6 K) (x x (K (x x (B x))) (z K v28) (x (B x) (x B x) (K K) B) (z (S z S) (B (K S)) (v24 (K (x (z v28 B) x))) (z B (I (S (I (S K) z (S B) (z I))) (B x (z x I))) (S I))))
z (B v7) (v5 B (B B (S S B)) B K) (x (z (B v7) (v5 B (B B (S S B)) B K))) (x v6 K) (x x (K (x x (B x))) (z K v28) (x (B x) (x B x) (K K) B) (z (S z S) (B (K S)) (v24 (K (x (z v28 B) x))) (z B (S (I (S K) z (S B) (z I)) (B x (z x I))) (S I))))
z (B v7) (v5 B (B B (S S B)) B K) (x (z (B v7) (v5 B (B B (S S B)) B K))) (x v6 K) (x x (K (x x (B x))) (z K v28) (x (B x) (x B x) (K K) B) (z (S z S) (B (K S)) (v24 (K (x (z v28 B) x))) (z B (S (S K z (S B) (z I)) (B x (z x I))) (S I))))
z (B v7) (v5 B (B B (S S B)) B K) (x (z (B v7) (v5 B (B B (S S B)) B K))) (x v6 K) (x x (K (x x (B x))) (z K v28) (x (B x) (x B x) (K K) B) (z (S z S) (B (K S)) (v24 (K (x (z v28 B) x))) (z B (S (K (S B) (z (S B)) (z I)) (B x (z x I))) (S I))))
z (B v7) (v5 B (B B (S S B)) B K) (x (z (B v7) (v5 B (B B (S S B)) B K))) (x v6 K) (x x (K (x x (B x))) (z K v28) (x (B x) (x B x) (K K) B) (z (S z S) (B (K S)) (v24 (K (x (z v28 B) x))) (z B (S (S B (z I)) (B x (z x I))) (S I))))
