x (v3 (x x S B) K z (B (z (S (x (v2 z))) v16) (S K (v27 x) z z (v25 (I K B S))) (x v2 x (v9 x))))
x (v3 (x x S B) K z (z (S (x (v2 z))) v16 (S K (v27 x) z z (v25 (I K B S)) (x v2 x (v9 x)))))
x (v3 (x x S B) K z (z (S (x (v2 z))) v16 (K z (v27 x z) z (v25 (I K B S)) (x v2 x (v9 x)))))
x (v3 (x x S B) K z (z (S (x (v2 z))) v16 (z z (v25 (I K B S)) (x v2 x (v9 x)))))
x (v3 (x x S B) K z (z (S (x (v2 z))) v16 (z z (v25 (K B S)) (x v2 x (v9 x)))))
x (v3 (x x S B) K z (z (S (x (v2 z))) v16 (z z (v25 B) (x v2 x (v9 x)))))
S B K B (B v0 (v9 B) (x K) (I I I)) (I v1) (S z K (v3 (I (x B I)))) (z (z (B (S x))) (I x) (K (B S) S (B (B (v28 z K (x K))) B I)) B) (B (K (x K))) I
B B (K B) (B v0 (v9 B) (x K) (I I I)) (I v1) (S z K (v3 (I (x B I)))) (z (z (B (S x))) (I x) (K (B S) S (B (B (v28 z K (x K))) B I)) B) (B (K (x K))) I
B (K B (B v0 (v9 B) (x K) (I I I))) (I v1) (S z K (v3 (I (x B I)))) (z (z (B (S x))) (I x) (K (B S) S (B (B (v28 z K (x K))) B I)) B) (B (K (x K))) I
K B (B v0 (v9 B) (x K) (I I I)) (I v1 (S z K (v3 (I (x B I))))) (z (z (B (S x))) (I x) (K (B S) S (B (B (v28 z K (x K))) B I)) B) (B (K (x K))) I
B (I v1 (S z K (v3 (I (x B I))))) (z (z (B (S x))) (I x) (K (B S) S (B (B (v28 z K (x K))) B I)) B) (B (K (x K))) I
I v1 (S z K (v3 (I (x B I)))) (z (z (B (S x))) (I x) (K (B S) S (B (B (v28 z K (x K))) B I)) B (B (K (x K)))) I
v1 (S z K (v3 (I (x B I)))) (z (z (B (S x))) (I x) (K (B S) S (B (B (v28 z K (x K))) B I)) B (B (K (x K)))) I
v1 (z (v3 (I (x B I))) (K (v3 (I (x B I))))) (z (z (B (S x))) (I x) (K (B S) S (B (B (v28 z K (x K))) B I)) B (B (K (x K)))) I
v1 (z (v3 (x B I)) (K (v3 (I (x B I))))) (z (z (B (S x))) (I x) (K (B S) S (B (B (v28 z K (x K))) B I)) B (B (K (x K)))) I
v1 (z (v3 (x B I)) (K (v3 (x B I)))) (z (z (B (S x))) (I x) (K (B S) S (B (B (v28 z K (x K))) B I)) B (B (K (x K)))) I
v1 (z (v3 (x B I)) (K (v3 (x B I)))) (z (z (B (S x))) x (K (B S) S (B (B (v28 z K (x K))) B I)) B (B (K (x K)))) I
v1 (z (v3 (x B I)) (K (v3 (x B I)))) (z (z (B (S x))) x (B S (B (B (v28 z K (x K))) B I)) B (B (K (x K)))) I
v1 (z (v3 (x B I)) (K (v3 (x B I)))) (z (z (B (S x))) x (B S (B (v28 z K (x K)) (B I))) B (B (K (x K)))) I
x S z
B (x z v17 v25 B z) v9 x (I (S v11 (z I (v28 (v27 I)) z (x I B (x I K))) v15 x)) (K (S I) B)
x z v17 v25 B z (v9 x) (I (S v11 (z I (v28 (v27 I)) z (x I B (x I K))) v15 x)) (K (S I) B)
x z v17 v25 B z (v9 x) (S v11 (z I (v28 (v27 I)) z (x I B (x I K))) v15 x) (K (S I) B)
x z v17 v25 B z (v9 x) (v11 v15 (z I (v28 (v27 I)) z (x I B (x I K)) v15) x) (K (S I) B)
x z v17 v25 B z (v9 x) (v11 v15 (z I (v28 (v27 I)) z (x I B (x I K)) v15) x) (S I)
I (S (B (B (B x))) K B) (z z) (x x I (z (K (B (I x) (K S x (z (S (I x (K S)))) (I B)))))) (S v18)
S (B (B (B x))) K B (z z) (x x I (z (K (B (I x) (K S x (z (S (I x (K S)))) (I B)))))) (S v18)
B (B (B x)) B (K B) (z z) (x x I (z (K (B (I x) (K S x (z (S (I x (K S)))) (I B)))))) (S v18)
B (B x) (B (K B)) (z z) (x x I (z (K (B (I x) (K S x (z (S (I x (K S)))) (I B)))))) (S v18)
B x (B (K B) (z z)) (x x I (z (K (B (I x) (K S x (z (S (I x (K S)))) (I B)))))) (S v18)
x (B (K B) (z z) (x x I (z (K (B (I x) (K S x (z (S (I x (K S)))) (I B))))))) (S v18)
x (K B (z z (x x I (z (K (B (I x) (K S x (z (S (I x (K S)))) (I B)))))))) (S v18)
x B (S v18)
z
B
B (S v18 x v4) z (K B) (v29 (S (v22 v1)) z)
S v18 x v4 (z (K B)) (v29 (S (v22 v1)) z)
v18 v4 (x v4) (z (K B)) (v29 (S (v22 v1)) z)
I (x S) z S (K z x) (z (x K (I (x x (B I (K (v22 K)) x))))) v30
x S z S (K z x) (z (x K (I (x x (B I (K (v22 K)) x))))) v30
x S z S z (z (x K (I (x x (B I (K (v22 K)) x))))) v30
x S z S z (z (x K (x x (B I (K (v22 K)) x)))) v30
x S z S z (z (x K (x x (I (K (v22 K) x))))) v30
x S z S z (z (x K (x x (K (v22 K) x)))) v30
x S z S z (z (x K (x x (v22 K)))) v30
K (I z (B z) (I S) I) (K S z (z (B I K)) (x S) v0) (B S (v25 (K v16 I S) v0) z z (x B)) (z K S K (S (S (B (v25 v15)) v21 x) z) (B (I (S (S B S (K z))) (I B (B (B S)))) (S I (K (z (S (z (v21 v26))) (S (B (K B x)))) z))))
I z (B z) (I S) I (B S (v25 (K v16 I S) v0) z z (x B)) (z K S K (S (S (B (v25 v15)) v21 x) z) (B (I (S (S B S (K z))) (I B (B (B S)))) (S I (K (z (S (z (v21 v26))) (S (B (K B x)))) z))))
z (B z) (I S) I (B S (v25 (K v16 I S) v0) z z (x B)) (z K S K (S (S (B (v25 v15)) v21 x) z) (B (I (S (S B S (K z))) (I B (B (B S)))) (S I (K (z (S (z (v21 v26))) (S (B (K B x)))) z))))
z (B z) S I (B S (v25 (K v16 I S) v0) z z (x B)) (z K S K (S (S (B (v25 v15)) v21 x) z) (B (I (S (S B S (K z))) (I B (B (B S)))) (S I (K (z (S (z (v21 v26))) (S (B (K B x)))) z))))
z (B z) S I (S (v25 (K v16 I S) v0 z) z (x B)) (z K S K (S (S (B (v25 v15)) v21 x) z) (B (I (S (S B S (K z))) (I B (B (B S)))) (S I (K (z (S (z (v21 v26))) (S (B (K B x)))) z))))
z (B z) S I (v25 (K v16 I S) v0 z (x B) (z (x B))) (z K S K (S (S (B (v25 v15)) v21 x) z) (B (I (S (S B S (K z))) (I B (B (B S)))) (S I (K (z (S (z (v21 v26))) (S (B (K B x)))) z))))
z (B z) S I (v25 (v16 S) v0 z (x B) (z (x B))) (z K S K (S (S (B (v25 v15)) v21 x) z) (B (I (S (S B S (K z))) (I B (B (B S)))) (S I (K (z (S (z (v21 v26))) (S (B (K B x)))) z))))
z (B z) S I (v25 (v16 S) v0 z (x B) (z (x B))) (z K S K (S (B (v25 v15) x (v21 x)) z) (B (I (S (S B S (K z))) (I B (B (B S)))) (S I (K (z (S (z (v21 v26))) (S (B (K B x)))) z))))
z (B z) S I (v25 (v16 S) v0 z (x B) (z (x B))) (z K S K (S (v25 v15 (x (v21 x))) z) (B (I (S (S B S (K z))) (I B (B (B S)))) (S I (K (z (S (z (v21 v26))) (S (B (K B x)))) z))))
z (B z) S I (v25 (v16 S) v0 z (x B) (z (x B))) (z K S K (S (v25 v15 (x (v21 x))) z) (B (S (S B S (K z)) (I B (B (B S)))) (S I (K (z (S (z (v21 v26))) (S (B (K B x)))) z))))
z (B z) S I (v25 (v16 S) v0 z (x B) (z (x B))) (z K S K (S (v25 v15 (x (v21 x))) z) (B (S (B (K z) (S (K z))) (I B (B (B S)))) (S I (K (z (S (z (v21 v26))) (S (B (K B x)))) z))))
z (B z) S I (v25 (v16 S) v0 z (x B) (z (x B))) (z K S K (S (v25 v15 (x (v21 x))) z) (B (S (B (K z) (S (K z))) (B (B (B S)))) (S I (K (z (S (z (v21 v26))) (S (B (K B x)))) z))))
z (B z) S I (v25 (v16 S) v0 z (x B) (z (x B))) (z K S K (S (v25 v15 (x (v21 x))) z) (B (S (B (K z) (S (K z))) (B (B (B S)))) (S I (z (S (z (v21 v26))) (S (B (K B x)))))))
z (B z) S I (v25 (v16 S) v0 z (x B) (z (x B))) (z K S K (S (v25 v15 (x (v21 x))) z) (B (S (B (K z) (S (K z))) (B (B (B S)))) (S I (z (S (z (v21 v26))) (S (B B))))))
