B (I (v7 I)) (K K) (K (z (K (S S z z (I z) S)))) B S (v2 B B (S x) I) (z (S K) K K (K S (B S I)) (v8 I I K (x (I z))) (v21 v8 v9) K)
I (v7 I) (K K (K (z (K (S S z z (I z) S))))) B S (v2 B B (S x) I) (z (S K) K K (K S (B S I)) (v8 I I K (x (I z))) (v21 v8 v9) K)
v7 I (K K (K (z (K (S S z z (I z) S))))) B S (v2 B B (S x) I) (z (S K) K K (K S (B S I)) (v8 I I K (x (I z))) (v21 v8 v9) K)
v7 I K B S (v2 B B (S x) I) (z (S K) K K (K S (B S I)) (v8 I I K (x (I z))) (v21 v8 v9) K)
v7 I K B S (v2 B B (S x) I) (z (S K) K K S (v8 I I K (x (I z))) (v21 v8 v9) K)
v7 I K B S (v2 B B (S x) I) (z (S K) K K S (v8 I I K (x z)) (v21 v8 v9) K)
z (v11 K) (B v12) z (S (K K (v17 (K I v1)) v14)) (v18 (z (S (S z) z)) (x I (S B I x) v26 z (z v17) (v2 B)) (x (x (S z (B v26 (S v9) x))) S))
z (v11 K) (B v12) z (S (K v14)) (v18 (z (S (S z) z)) (x I (S B I x) v26 z (z v17) (v2 B)) (x (x (S z (B v26 (S v9) x))) S))
z (v11 K) (B v12) z (S (K v14)) (v18 (z (S (S z) z)) (x I (B x (I x)) v26 z (z v17) (v2 B)) (x (x (S z (B v26 (S v9) x))) S))
z (v11 K) (B v12) z (S (K v14)) (v18 (z (S (S z) z)) (x I (B x x) v26 z (z v17) (v2 B)) (x (x (S z (B v26 (S v9) x))) S))
z (v11 K) (B v12) z (S (K v14)) (v18 (z (S (S z) z)) (x I (B x x) v26 z (z v17) (v2 B)) (x (x (S z (v26 (S v9 x)))) S))
B (I x (S (K z K))) (K (x (v11 x x)) K) (B x (S x x) (x (z (I (B (K v10 (K K)))) (K I))) (I x (z (z B I z))) x) (B (x B) (z (K B) (x (K (I z K (z K z) (x B S) v29) (S (z x)))) (S K (x I) v16 (I (v15 (z K) z))))) (B (x (z (S B (B I) B)) (I (I (K v25 v0) B (v12 (z v1)) (x (z x) B (I B) (I B))) (z z))))
I x (S (K z K)) (K (x (v11 x x)) K (B x (S x x) (x (z (I (B (K v10 (K K)))) (K I))) (I x (z (z B I z))) x)) (B (x B) (z (K B) (x (K (I z K (z K z) (x B S) v29) (S (z x)))) (S K (x I) v16 (I (v15 (z K) z))))) (B (x (z (S B (B I) B)) (I (I (K v25 v0) B (v12 (z v1)) (x (z x) B (I B) (I B))) (z z))))
x (S (K z K)) (K (x (v11 x x)) K (B x (S x x) (x (z (I (B (K v10 (K K)))) (K I))) (I x (z (z B I z))) x)) (B (x B) (z (K B) (x (K (I z K (z K z) (x B S) v29) (S (z x)))) (S K (x I) v16 (I (v15 (z K) z))))) (B (x (z (S B (B I) B)) (I (I (K v25 v0) B (v12 (z v1)) (x (z x) B (I B) (I B))) (z z))))
x (S z) (K (x (v11 x x)) K (B x (S x x) (x (z (I (B (K v10 (K K)))) (K I))) (I x (z (z B I z))) x)) (B (x B) (z (K B) (x (K (I z K (z K z) (x B S) v29) (S (z x)))) (S K (x I) v16 (I (v15 (z K) z))))) (B (x (z (S B (B I) B)) (I (I (K v25 v0) B (v12 (z v1)) (x (z x) B (I B) (I B))) (z z))))
x (S z) (x (v11 x x) (B x (S x x) (x (z (I (B (K v10 (K K)))) (K I))) (I x (z (z B I z))) x)) (B (x B) (z (K B) (x (K (I z K (z K z) (x B S) v29) (S (z x)))) (S K (x I) v16 (I (v15 (z K) z))))) (B (x (z (S B (B I) B)) (I (I (K v25 v0) B (v12 (z v1)) (x (z x) B (I B) (I B))) (z z))))
x (S z) (x (v11 x x) (x (S x x (x (z (I (B (K v10 (K K)))) (K I)))) (I x (z (z B I z))) x)) (B (x B) (z (K B) (x (K (I z K (z K z) (x B S) v29) (S (z x)))) (S K (x I) v16 (I (v15 (z K) z))))) (B (x (z (S B (B I) B)) (I (I (K v25 v0) B (v12 (z v1)) (x (z x) B (I B) (I B))) (z z))))
x (S z) (x (v11 x x) (x (x (x (z (I (B (K v10 (K K)))) (K I))) (x (x (z (I (B (K v10 (K K)))) (K I))))) (I x (z (z B I z))) x)) (B (x B) (z (K B) (x (K (I z K (z K z) (x B S) v29) (S (z x)))) (S K (x I) v16 (I (v15 (z K) z))))) (B (x (z (S B (B I) B)) (I (I (K v25 v0) B (v12 (z v1)) (x (z x) B (I B) (I B))) (z z))))
x (S z) (x (v11 x x) (x (x (x (z (B (K v10 (K K))) (K I))) (x (x (z (I (B (K v10 (K K)))) (K I))))) (I x (z (z B I z))) x)) (B (x B) (z (K B) (x (K (I z K (z K z) (x B S) v29) (S (z x)))) (S K (x I) v16 (I (v15 (z K) z))))) (B (x (z (S B (B I) B)) (I (I (K v25 v0) B (v12 (z v1)) (x (z x) B (I B) (I B))) (z z))))
x (S z) (x (v11 x x) (x (x (x (z (B v10) (K I))) (x (x (z (I (B (K v10 (K K)))) (K I))))) (I x (z (z B I z))) x)) (B (x B) (z (K B) (x (K (I z K (z K z) (x B S) v29) (S (z x)))) (S K (x I) v16 (I (v15 (z K) z))))) (B (x (z (S B (B I) B)) (I (I (K v25 v0) B (v12 (z v1)) (x (z x) B (I B) (I B))) (z z))))
x (S z) (x (v11 x x) (x (x (x (z (B v10) (K I))) (x (x (z (B (K v10 (K K))) (K I))))) (I x (z (z B I z))) x)) (B (x B) (z (K B) (x (K (I z K (z K z) (x B S) v29) (S (z x)))) (S K (x I) v16 (I (v15 (z K) z))))) (B (x (z (S B (B I) B)) (I (I (K v25 v0) B (v12 (z v1)) (x (z x) B (I B) (I B))) (z z))))
x (S z) (x (v11 x x) (x (x (x (z (B v10) (K I))) (x (x (z (B v10) (K I))))) (I x (z (z B I z))) x)) (B (x B) (z (K B) (x (K (I z K (z K z) (x B S) v29) (S (z x)))) (S K (x I) v16 (I (v15 (z K) z))))) (B (x (z (S B (B I) B)) (I (I (K v25 v0) B (v12 (z v1)) (x (z x) B (I B) (I B))) (z z))))
x (S z) (x (v11 x x) (x (x (x (z (B v10) (K I))) (x (x (z (B v10) (K I))))) (x (z (z B I z))) x)) (B (x B) (z (K B) (x (K (I z K (z K z) (x B S) v29) (S (z x)))) (S K (x I) v16 (I (v15 (z K) z))))) (B (x (z (S B (B I) B)) (I (I (K v25 v0) B (v12 (z v1)) (x (z x) B (I B) (I B))) (z z))))
x (S z) (x (v11 x x) (x (x (x (z (B v10) (K I))) (x (x (z (B v10) (K I))))) (x (z (z B I z))) x)) (B (x B) (z (K B) (x (I z K (z K z) (x B S) v29)) (S K (x I) v16 (I (v15 (z K) z))))) (B (x (z (S B (B I) B)) (I (I (K v25 v0) B (v12 (z v1)) (x (z x) B (I B) (I B))) (z z))))
x (S z) (x (v11 x x) (x (x (x (z (B v10) (K I))) (x (x (z (B v10) (K I))))) (x (z (z B I z))) x)) (B (x B) (z (K B) (x (z K (z K z) (x B S) v29)) (S K (x I) v16 (I (v15 (z K) z))))) (B (x (z (S B (B I) B)) (I (I (K v25 v0) B (v12 (z v1)) (x (z x) B (I B) (I B))) (z z))))
x (S z) (x (v11 x x) (x (x (x (z (B v10) (K I))) (x (x (z (B v10) (K I))))) (x (z (z B I z))) x)) (B (x B) (z (K B) (x (z K (z K z) (x B S) v29)) (K v16 (x I v16) (I (v15 (z K) z))))) (B (x (z (S B (B I) B)) (I (I (K v25 v0) B (v12 (z v1)) (x (z x) B (I B) (I B))) (z z))))
x (S z) (x (v11 x x) (x (x (x (z (B v10) (K I))) (x (x (z (B v10) (K I))))) (x (z (z B I z))) x)) (B (x B) (z (K B) (x (z K (z K z) (x B S) v29)) (v16 (I (v15 (z K) z))))) (B (x (z (S B (B I) B)) (I (I (K v25 v0) B (v12 (z v1)) (x (z x) B (I B) (I B))) (z z))))
x (S z) (x (v11 x x) (x (x (x (z (B v10) (K I))) (x (x (z (B v10) (K I))))) (x (z (z B I z))) x)) (B (x B) (z (K B) (x (z K (z K z) (x B S) v29)) (v16 (v15 (z K) z)))) (B (x (z (S B (B I) B)) (I (I (K v25 v0) B (v12 (z v1)) (x (z x) B (I B) (I B))) (z z))))
x (S z) (x (v11 x x) (x (x (x (z (B v10) (K I))) (x (x (z (B v10) (K I))))) (x (z (z B I z))) x)) (B (x B) (z (K B) (x (z K (z K z) (x B S) v29)) (v16 (v15 (z K) z)))) (B (x (z (B B (B I B))) (I (I (K v25 v0) B (v12 (z v1)) (x (z x) B (I B) (I B))) (z z))))
x (S z) (x (v11 x x) (x (x (x (z (B v10) (K I))) (x (x (z (B v10) (K I))))) (x (z (z B I z))) x)) (B (x B) (z (K B) (x (z K (z K z) (x B S) v29)) (v16 (v15 (z K) z)))) (B (x (z (B B (B I B))) (I (K v25 v0) B (v12 (z v1)) (x (z x) B (I B) (I B)) (z z))))
x (S z) (x (v11 x x) (x (x (x (z (B v10) (K I))) (x (x (z (B v10) (K I))))) (x (z (z B I z))) x)) (B (x B) (z (K B) (x (z K (z K z) (x B S) v29)) (v16 (v15 (z K) z)))) (B (x (z (B B (B I B))) (K v25 v0 B (v12 (z v1)) (x (z x) B (I B) (I B)) (z z))))
x (S z) (x (v11 x x) (x (x (x (z (B v10) (K I))) (x (x (z (B v10) (K I))))) (x (z (z B I z))) x)) (B (x B) (z (K B) (x (z K (z K z) (x B S) v29)) (v16 (v15 (z K) z)))) (B (x (z (B B (B I B))) (v25 B (v12 (z v1)) (x (z x) B (I B) (I B)) (z z))))
x (S z) (x (v11 x x) (x (x (x (z (B v10) (K I))) (x (x (z (B v10) (K I))))) (x (z (z B I z))) x)) (B (x B) (z (K B) (x (z K (z K z) (x B S) v29)) (v16 (v15 (z K) z)))) (B (x (z (B B (B I B))) (v25 B (v12 (z v1)) (x (z x) B B (I B)) (z z))))
x (S z) (x (v11 x x) (x (x (x (z (B v10) (K I))) (x (x (z (B v10) (K I))))) (x (z (z B I z))) x)) (B (x B) (z (K B) (x (z K (z K z) (x B S) v29)) (v16 (v15 (z K) z)))) (B (x (z (B B (B I B))) (v25 B (v12 (z v1)) (x (z x) B B B) (z z))))
v6 (B (x I (I v2)) x (I (K I (K z K))) x (B (x x x I) (I (v19 (x (S B)) (S B) B (S (S (z (K v29 I)))))) (S (K B) (z v25 K (I (z S (K I))) v1 z (z (I S))))))
v6 (x I (I v2) (x (I (K I (K z K)))) x (B (x x x I) (I (v19 (x (S B)) (S B) B (S (S (z (K v29 I)))))) (S (K B) (z v25 K (I (z S (K I))) v1 z (z (I S))))))
v6 (x I v2 (x (I (K I (K z K)))) x (B (x x x I) (I (v19 (x (S B)) (S B) B (S (S (z (K v29 I)))))) (S (K B) (z v25 K (I (z S (K I))) v1 z (z (I S))))))
v6 (x I v2 (x (K I (K z K))) x (B (x x x I) (I (v19 (x (S B)) (S B) B (S (S (z (K v29 I)))))) (S (K B) (z v25 K (I (z S (K I))) v1 z (z (I S))))))
v6 (x I v2 (x I) x (B (x x x I) (I (v19 (x (S B)) (S B) B (S (S (z (K v29 I)))))) (S (K B) (z v25 K (I (z S (K I))) v1 z (z (I S))))))
v6 (x I v2 (x I) x (x x x I (I (v19 (x (S B)) (S B) B (S (S (z (K v29 I))))) (S (K B) (z v25 K (I (z S (K I))) v1 z (z (I S)))))))
v6 (x I v2 (x I) x (x x x I (v19 (x (S B)) (S B) B (S (S (z (K v29 I)))) (S (K B) (z v25 K (I (z S (K I))) v1 z (z (I S)))))))
v6 (x I v2 (x I) x (x x x I (v19 (x (S B)) (S B) B (S (S (z v29))) (S (K B) (z v25 K (I (z S (K I))) v1 z (z (I S)))))))
v6 (x I v2 (x I) x (x x x I (v19 (x (S B)) (S B) B (S (S (z v29))) (S (K B) (z v25 K (z S (K I)) v1 z (z (I S)))))))
v6 (x I v2 (x I) x (x x x I (v19 (x (S B)) (S B) B (S (S (z v29))) (S (K B) (z v25 K (z S (K I)) v1 z (z S))))))
S S S
B (x (z (v30 (B (I (x z) B) v6) (S S S B)) I B)) (B (I x v18 z) v7 (x K) (K (K S) (B I)))
B (x (z (v30 (B (x z B) v6) (S S S B)) I B)) (B (I x v18 z) v7 (x K) (K (K S) (B I)))
B (x (z (v30 (B (x z B) v6) (S B (S B))) I B)) (B (I x v18 z) v7 (x K) (K (K S) (B I)))
B (x (z (v30 (B (x z B) v6) (S B (S B))) I B)) (I x v18 z (v7 (x K)) (K (K S) (B I)))
B (x (z (v30 (B (x z B) v6) (S B (S B))) I B)) (x v18 z (v7 (x K)) (K (K S) (B I)))
B (x (z (v30 (B (x z B) v6) (S B (S B))) I B)) (x v18 z (v7 (x K)) (K S))
z (S (S I (z K) (v30 (I v3) z) v12 K (K (B (I B) x (z I) (x (B z (v7 z) B) B))) (x v11 (x (B I v16 K (S K))) (K I) (z B) v13)) (x B) (S I (K x B S) (x (B (K I) B (K B K) B (B (S x))) B (I (v7 (x K))) (S (B x)))))
z (S I (z K) (v30 (I v3) z) v12 K (K (B (I B) x (z I) (x (B z (v7 z) B) B))) (x v11 (x (B I v16 K (S K))) (K I) (z B) v13) (S I (K x B S) (x (B (K I) B (K B K) B (B (S x))) B (I (v7 (x K))) (S (B x)))) (x B (S I (K x B S) (x (B (K I) B (K B K) B (B (S x))) B (I (v7 (x K))) (S (B x))))))
z (I (v30 (I v3) z) (z K (v30 (I v3) z)) v12 K (K (B (I B) x (z I) (x (B z (v7 z) B) B))) (x v11 (x (B I v16 K (S K))) (K I) (z B) v13) (S I (K x B S) (x (B (K I) B (K B K) B (B (S x))) B (I (v7 (x K))) (S (B x)))) (x B (S I (K x B S) (x (B (K I) B (K B K) B (B (S x))) B (I (v7 (x K))) (S (B x))))))
z (v30 (I v3) z (z K (v30 (I v3) z)) v12 K (K (B (I B) x (z I) (x (B z (v7 z) B) B))) (x v11 (x (B I v16 K (S K))) (K I) (z B) v13) (S I (K x B S) (x (B (K I) B (K B K) B (B (S x))) B (I (v7 (x K))) (S (B x)))) (x B (S I (K x B S) (x (B (K I) B (K B K) B (B (S x))) B (I (v7 (x K))) (S (B x))))))
z (v30 v3 z (z K (v30 (I v3) z)) v12 K (K (B (I B) x (z I) (x (B z (v7 z) B) B))) (x v11 (x (B I v16 K (S K))) (K I) (z B) v13) (S I (K x B S) (x (B (K I) B (K B K) B (B (S x))) B (I (v7 (x K))) (S (B x)))) (x B (S I (K x B S) (x (B (K I) B (K B K) B (B (S x))) B (I (v7 (x K))) (S (B x))))))
z (v30 v3 z (z K (v30 v3 z)) v12 K (K (B (I B) x (z I) (x (B z (v7 z) B) B))) (x v11 (x (B I v16 K (S K))) (K I) (z B) v13) (S I (K x B S) (x (B (K I) B (K B K) B (B (S x))) B (I (v7 (x K))) (S (B x)))) (x B (S I (K x B S) (x (B (K I) B (K B K) B (B (S x))) B (I (v7 (x K))) (S (B x))))))
z (v30 v3 z (z K (v30 v3 z)) v12 K (K (I B (x (z I)) (x (B z (v7 z) B) B))) (x v11 (x (B I v16 K (S K))) (K I) (z B) v13) (S I (K x B S) (x (B (K I) B (K B K) B (B (S x))) B (I (v7 (x K))) (S (B x)))) (x B (S I (K x B S) (x (B (K I) B (K B K) B (B (S x))) B (I (v7 (x K))) (S (B x))))))
z (v30 v3 z (z K (v30 v3 z)) v12 K (K (B (x (z I)) (x (B z (v7 z) B) B))) (x v11 (x (B I v16 K (S K))) (K I) (z B) v13) (S I (K x B S) (x (B (K I) B (K B K) B (B (S x))) B (I (v7 (x K))) (S (B x)))) (x B (S I (K x B S) (x (B (K I) B (K B K) B (B (S x))) B (I (v7 (x K))) (S (B x))))))
z (v30 v3 z (z K (v30 v3 z)) v12 K (K (B (x (z I)) (x (z (v7 z B)) B))) (x v11 (x (B I v16 K (S K))) (K I) (z B) v13) (S I (K x B S) (x (B (K I) B (K B K) B (B (S x))) B (I (v7 (x K))) (S (B x)))) (x B (S I (K x B S) (x (B (K I) B (K B K) B (B (S x))) B (I (v7 (x K))) (S (B x))))))
z (v30 v3 z (z K (v30 v3 z)) v12 K (K (B (x (z I)) (x (z (v7 z B)) B))) (x v11 (x (I (v16 K) (S K))) (K I) (z B) v13) (S I (K x B S) (x (B (K I) B (K B K) B (B (S x))) B (I (v7 (x K))) (S (B x)))) (x B (S I (K x B S) (x (B (K I) B (K B K) B (B (S x))) B (I (v7 (x K))) (S (B x))))))
z (v30 v3 z (z K (v30 v3 z)) v12 K (K (B (x (z I)) (x (z (v7 z B)) B))) (x v11 (x (v16 K (S K))) (K I) (z B) v13) (S I (K x B S) (x (B (K I) B (K B K) B (B (S x))) B (I (v7 (x K))) (S (B x)))) (x B (S I (K x B S) (x (B (K I) B (K B K) B (B (S x))) B (I (v7 (x K))) (S (B x))))))
z (v30 v3 z (z K (v30 v3 z)) v12 K (K (B (x (z I)) (x (z (v7 z B)) B))) (x v11 (x (v16 K (S K))) (K I) (z B) v13) (I (x (B (K I) B (K B K) B (B (S x))) B (I (v7 (x K))) (S (B x))) (K x B S (x (B (K I) B (K B K) B (B (S x))) B (I (v7 (x K))) (S (B x))))) (x B (S I (K x B S) (x (B (K I) B (K B K) B (B (S x))) B (I (v7 (x K))) (S (B x))))))
z (v30 v3 z (z K (v30 v3 z)) v12 K (K (B (x (z I)) (x (z (v7 z B)) B))) (x v11 (x (v16 K (S K))) (K I) (z B) v13) (x (B (K I) B (K B K) B (B (S x))) B (I (v7 (x K))) (S (B x)) (K x B S (x (B (K I) B (K B K) B (B (S x))) B (I (v7 (x K))) (S (B x))))) (x B (S I (K x B S) (x (B (K I) B (K B K) B (B (S x))) B (I (v7 (x K))) (S (B x))))))
z (v30 v3 z (z K (v30 v3 z)) v12 K (K (B (x (z I)) (x (z (v7 z B)) B))) (x v11 (x (v16 K (S K))) (K I) (z B) v13) (x (K I (B (K B K)) B (B (S x))) B (I (v7 (x K))) (S (B x)) (K x B S (x (B (K I) B (K B K) B (B (S x))) B (I (v7 (x K))) (S (B x))))) (x B (S I (K x B S) (x (B (K I) B (K B K) B (B (S x))) B (I (v7 (x K))) (S (B x))))))
z (v30 v3 z (z K (v30 v3 z)) v12 K (K (B (x (z I)) (x (z (v7 z B)) B))) (x v11 (x (v16 K (S K))) (K I) (z B) v13) (x (I B (B (S x))) B (I (v7 (x K))) (S (B x)) (K x B S (x (B (K I) B (K B K) B (B (S x))) B (I (v7 (x K))) (S (B x))))) (x B (S I (K x B S) (x (B (K I) B (K B K) B (B (S x))) B (I (v7 (x K))) (S (B x))))))
z (v30 v3 z (z K (v30 v3 z)) v12 K (K (B (x (z I)) (x (z (v7 z B)) B))) (x v11 (x (v16 K (S K))) (K I) (z B) v13) (x (B (B (S x))) B (I (v7 (x K))) (S (B x)) (K x B S (x (B (K I) B (K B K) B (B (S x))) B (I (v7 (x K))) (S (B x))))) (x B (S I (K x B S) (x (B (K I) B (K B K) B (B (S x))) B (I (v7 (x K))) (S (B x))))))
z (v30 v3 z (z K (v30 v3 z)) v12 K (K (B (x (z I)) (x (z (v7 z B)) B))) (x v11 (x (v16 K (S K))) (K I) (z B) v13) (x (B (B (S x))) B (v7 (x K)) (S (B x)) (K x B S (x (B (K I) B (K B K) B (B (S x))) B (I (v7 (x K))) (S (B x))))) (x B (S I (K x B S) (x (B (K I) B (K B K) B (B (S x))) B (I (v7 (x K))) (S (B x))))))
z (v30 v3 z (z K (v30 v3 z)) v12 K (K (B (x (z I)) (x (z (v7 z B)) B))) (x v11 (x (v16 K (S K))) (K I) (z B) v13) (x (B (B (S x))) B (v7 (x K)) (S (B x)) (x S (x (B (K I) B (K B K) B (B (S x))) B (I (v7 (x K))) (S (B x))))) (x B (S I (K x B S) (x (B (K I) B (K B K) B (B (S x))) B (I (v7 (x K))) (S (B x))))))
z (v30 v3 z (z K (v30 v3 z)) v12 K (K (B (x (z I)) (x (z (v7 z B)) B))) (x v11 (x (v16 K (S K))) (K I) (z B) v13) (x (B (B (S x))) B (v7 (x K)) (S (B x)) (x S (x (K I (B (K B K)) B (B (S x))) B (I (v7 (x K))) (S (B x))))) (x B (S I (K x B S) (x (B (K I) B (K B K) B (B (S x))) B (I (v7 (x K))) (S (B x))))))
z (v30 v3 z (z K (v30 v3 z)) v12 K (K (B (x (z I)) (x (z (v7 z B)) B))) (x v11 (x (v16 K (S K))) (K I) (z B) v13) (x (B (B (S x))) B (v7 (x K)) (S (B x)) (x S (x (I B (B (S x))) B (I (v7 (x K))) (S (B x))))) (x B (S I (K x B S) (x (B (K I) B (K B K) B (B (S x))) B (I (v7 (x K))) (S (B x))))))
z (v30 v3 z (z K (v30 v3 z)) v12 K (K (B (x (z I)) (x (z (v7 z B)) B))) (x v11 (x (v16 K (S K))) (K I) (z B) v13) (x (B (B (S x))) B (v7 (x K)) (S (B x)) (x S (x (B (B (S x))) B (I (v7 (x K))) (S (B x))))) (x B (S I (K x B S) (x (B (K I) B (K B K) B (B (S x))) B (I (v7 (x K))) (S (B x))))))
z (v30 v3 z (z K (v30 v3 z)) v12 K (K (B (x (z I)) (x (z (v7 z B)) B))) (x v11 (x (v16 K (S K))) (K I) (z B) v13) (x (B (B (S x))) B (v7 (x K)) (S (B x)) (x S (x (B (B (S x))) B (v7 (x K)) (S (B x))))) (x B (S I (K x B S) (x (B (K I) B (K B K) B (B (S x))) B (I (v7 (x K))) (S (B x))))))
z (v30 v3 z (z K (v30 v3 z)) v12 K (K (B (x (z I)) (x (z (v7 z B)) B))) (x v11 (x (v16 K (S K))) (K I) (z B) v13) (x (B (B (S x))) B (v7 (x K)) (S (B x)) (x S (x (B (B (S x))) B (v7 (x K)) (S (B x))))) (x B (I (x (B (K I) B (K B K) B (B (S x))) B (I (v7 (x K))) (S (B x))) (K x B S (x (B (K I) B (K B K) B (B (S x))) B (I (v7 (x K))) (S (B x)))))))
z (v30 v3 z (z K (v30 v3 z)) v12 K (K (B (x (z I)) (x (z (v7 z B)) B))) (x v11 (x (v16 K (S K))) (K I) (z B) v13) (x (B (B (S x))) B (v7 (x K)) (S (B x)) (x S (x (B (B (S x))) B (v7 (x K)) (S (B x))))) (x B (x (B (K I) B (K B K) B (B (S x))) B (I (v7 (x K))) (S (B x)) (K x B S (x (B (K I) B (K B K) B (B (S x))) B (I (v7 (x K))) (S (B x)))))))
z (v30 v3 z (z K (v30 v3 z)) v12 K (K (B (x (z I)) (x (z (v7 z B)) B))) (x v11 (x (v16 K (S K))) (K I) (z B) v13) (x (B (B (S x))) B (v7 (x K)) (S (B x)) (x S (x (B (B (S x))) B (v7 (x K)) (S (B x))))) (x B (x (K I (B (K B K)) B (B (S x))) B (I (v7 (x K))) (S (B x)) (K x B S (x (B (K I) B (K B K) B (B (S x))) B (I (v7 (x K))) (S (B x)))))))
z (v30 v3 z (z K (v30 v3 z)) v12 K (K (B (x (z I)) (x (z (v7 z B)) B))) (x v11 (x (v16 K (S K))) (K I) (z B) v13) (x (B (B (S x))) B (v7 (x K)) (S (B x)) (x S (x (B (B (S x))) B (v7 (x K)) (S (B x))))) (x B (x (I B (B (S x))) B (I (v7 (x K))) (S (B x)) (K x B S (x (B (K I) B (K B K) B (B (S x))) B (I (v7 (x K))) (S (B x)))))))
z (v30 v3 z (z K (v30 v3 z)) v12 K (K (B (x (z I)) (x (z (v7 z B)) B))) (x v11 (x (v16 K (S K))) (K I) (z B) v13) (x (B (B (S x))) B (v7 (x K)) (S (B x)) (x S (x (B (B (S x))) B (v7 (x K)) (S (B x))))) (x B (x (B (B (S x))) B (I (v7 (x K))) (S (B x)) (K x B S (x (B (K I) B (K B K) B (B (S x))) B (I (v7 (x K))) (S (B x)))))))
z (v30 v3 z (z K (v30 v3 z)) v12 K (K (B (x (z I)) (x (z (v7 z B)) B))) (x v11 (x (v16 K (S K))) (K I) (z B) v13) (x (B (B (S x))) B (v7 (x K)) (S (B x)) (x S (x (B (B (S x))) B (v7 (x K)) (S (B x))))) (x B (x (B (B (S x))) B (v7 (x K)) (S (B x)) (K x B S (x (B (K I) B (K B K) B (B (S x))) B (I (v7 (x K))) (S (B x)))))))
z (v30 v3 z (z K (v30 v3 z)) v12 K (K (B (x (z I)) (x (z (v7 z B)) B))) (x v11 (x (v16 K (S K))) (K I) (z B) v13) (x (B (B (S x))) B (v7 (x K)) (S (B x)) (x S (x (B (B (S x))) B (v7 (x K)) (S (B x))))) (x B (x (B (B (S x))) B (v7 (x K)) (S (B x)) (x S (x (B (K I) B (K B K) B (B (S x))) B (I (v7 (x K))) (S (B x)))))))
z (v30 v3 z (z K (v30 v3 z)) v12 K (K (B (x (z I)) (x (z (v7 z B)) B))) (x v11 (x (v16 K (S K))) (K I) (z B) v13) (x (B (B (S x))) B (v7 (x K)) (S (B x)) (x S (x (B (B (S x))) B (v7 (x K)) (S (B x))))) (x B (x (B (B (S x))) B (v7 (x K)) (S (B x)) (x S (x (K I (B (K B K)) B (B (S x))) B (I (v7 (x K))) (S (B x)))))))
z S S (I (v16 K (v28 (z (I S) I v8) (v16 I)) (x S K) I) (S (x x S) S (S (B S)) z)) (S (B (x (S z S (B K I B))) (S (z (z B) z))) (I v22 B) (I (x K) (K B (v24 K)) K (v16 I) (K S) z) B (B (B S v29 B B z) (B (v1 I) z (z (v18 K) B S) I)))
z S S (v16 K (v28 (z (I S) I v8) (v16 I)) (x S K) I (S (x x S) S (S (B S)) z)) (S (B (x (S z S (B K I B))) (S (z (z B) z))) (I v22 B) (I (x K) (K B (v24 K)) K (v16 I) (K S) z) B (B (B S v29 B B z) (B (v1 I) z (z (v18 K) B S) I)))
z S S (v16 K (v28 (z S I v8) (v16 I)) (x S K) I (S (x x S) S (S (B S)) z)) (S (B (x (S z S (B K I B))) (S (z (z B) z))) (I v22 B) (I (x K) (K B (v24 K)) K (v16 I) (K S) z) B (B (B S v29 B B z) (B (v1 I) z (z (v18 K) B S) I)))
z S S (v16 K (v28 (z S I v8) (v16 I)) (x S K) I (x x S (S (B S)) (S (S (B S))) z)) (S (B (x (S z S (B K I B))) (S (z (z B) z))) (I v22 B) (I (x K) (K B (v24 K)) K (v16 I) (K S) z) B (B (B S v29 B B z) (B (v1 I) z (z (v18 K) B S) I)))
z S S (v16 K (v28 (z S I v8) (v16 I)) (x S K) I (x x S (S (B S)) (S (S (B S))) z)) (B (x (S z S (B K I B))) (S (z (z B) z)) (I (x K) (K B (v24 K)) K (v16 I) (K S) z) (I v22 B (I (x K) (K B (v24 K)) K (v16 I) (K S) z)) B (B (B S v29 B B z) (B (v1 I) z (z (v18 K) B S) I)))
z S S (v16 K (v28 (z S I v8) (v16 I)) (x S K) I (x x S (S (B S)) (S (S (B S))) z)) (x (S z S (B K I B)) (S (z (z B) z) (I (x K) (K B (v24 K)) K (v16 I) (K S) z)) (I v22 B (I (x K) (K B (v24 K)) K (v16 I) (K S) z)) B (B (B S v29 B B z) (B (v1 I) z (z (v18 K) B S) I)))
z S S (v16 K (v28 (z S I v8) (v16 I)) (x S K) I (x x S (S (B S)) (S (S (B S))) z)) (x (z (B K I B) (S (B K I B))) (S (z (z B) z) (I (x K) (K B (v24 K)) K (v16 I) (K S) z)) (I v22 B (I (x K) (K B (v24 K)) K (v16 I) (K S) z)) B (B (B S v29 B B z) (B (v1 I) z (z (v18 K) B S) I)))
z S S (v16 K (v28 (z S I v8) (v16 I)) (x S K) I (x x S (S (B S)) (S (S (B S))) z)) (x (z (K (I B)) (S (B K I B))) (S (z (z B) z) (I (x K) (K B (v24 K)) K (v16 I) (K S) z)) (I v22 B (I (x K) (K B (v24 K)) K (v16 I) (K S) z)) B (B (B S v29 B B z) (B (v1 I) z (z (v18 K) B S) I)))
z S S (v16 K (v28 (z S I v8) (v16 I)) (x S K) I (x x S (S (B S)) (S (S (B S))) z)) (x (z (K B) (S (B K I B))) (S (z (z B) z) (I (x K) (K B (v24 K)) K (v16 I) (K S) z)) (I v22 B (I (x K) (K B (v24 K)) K (v16 I) (K S) z)) B (B (B S v29 B B z) (B (v1 I) z (z (v18 K) B S) I)))
z S S (v16 K (v28 (z S I v8) (v16 I)) (x S K) I (x x S (S (B S)) (S (S (B S))) z)) (x (z (K B) (S (K (I B)))) (S (z (z B) z) (I (x K) (K B (v24 K)) K (v16 I) (K S) z)) (I v22 B (I (x K) (K B (v24 K)) K (v16 I) (K S) z)) B (B (B S v29 B B z) (B (v1 I) z (z (v18 K) B S) I)))
z S S (v16 K (v28 (z S I v8) (v16 I)) (x S K) I (x x S (S (B S)) (S (S (B S))) z)) (x (z (K B) (S (K B))) (S (z (z B) z) (I (x K) (K B (v24 K)) K (v16 I) (K S) z)) (I v22 B (I (x K) (K B (v24 K)) K (v16 I) (K S) z)) B (B (B S v29 B B z) (B (v1 I) z (z (v18 K) B S) I)))
z S S (v16 K (v28 (z S I v8) (v16 I)) (x S K) I (x x S (S (B S)) (S (S (B S))) z)) (x (z (K B) (S (K B))) (S (z (z B) z) (x K (K B (v24 K)) K (v16 I) (K S) z)) (I v22 B (I (x K) (K B (v24 K)) K (v16 I) (K S) z)) B (B (B S v29 B B z) (B (v1 I) z (z (v18 K) B S) I)))
z S S (v16 K (v28 (z S I v8) (v16 I)) (x S K) I (x x S (S (B S)) (S (S (B S))) z)) (x (z (K B) (S (K B))) (S (z (z B) z) (x K B K (v16 I) (K S) z)) (I v22 B (I (x K) (K B (v24 K)) K (v16 I) (K S) z)) B (B (B S v29 B B z) (B (v1 I) z (z (v18 K) B S) I)))
z S S (v16 K (v28 (z S I v8) (v16 I)) (x S K) I (x x S (S (B S)) (S (S (B S))) z)) (x (z (K B) (S (K B))) (S (z (z B) z) (x K B K (v16 I) (K S) z)) (v22 B (I (x K) (K B (v24 K)) K (v16 I) (K S) z)) B (B (B S v29 B B z) (B (v1 I) z (z (v18 K) B S) I)))
z S S (v16 K (v28 (z S I v8) (v16 I)) (x S K) I (x x S (S (B S)) (S (S (B S))) z)) (x (z (K B) (S (K B))) (S (z (z B) z) (x K B K (v16 I) (K S) z)) (v22 B (x K (K B (v24 K)) K (v16 I) (K S) z)) B (B (B S v29 B B z) (B (v1 I) z (z (v18 K) B S) I)))
z S S (v16 K (v28 (z S I v8) (v16 I)) (x S K) I (x x S (S (B S)) (S (S (B S))) z)) (x (z (K B) (S (K B))) (S (z (z B) z) (x K B K (v16 I) (K S) z)) (v22 B (x K B K (v16 I) (K S) z)) B (B (B S v29 B B z) (B (v1 I) z (z (v18 K) B S) I)))
z S S (v16 K (v28 (z S I v8) (v16 I)) (x S K) I (x x S (S (B S)) (S (S (B S))) z)) (x (z (K B) (S (K B))) (S (z (z B) z) (x K B K (v16 I) (K S) z)) (v22 B (x K B K (v16 I) (K S) z)) B (B (S (v29 B) B z) (B (v1 I) z (z (v18 K) B S) I)))
z S S (v16 K (v28 (z S I v8) (v16 I)) (x S K) I (x x S (S (B S)) (S (S (B S))) z)) (x (z (K B) (S (K B))) (S (z (z B) z) (x K B K (v16 I) (K S) z)) (v22 B (x K B K (v16 I) (K S) z)) B (B (v29 B z (B z)) (B (v1 I) z (z (v18 K) B S) I)))
z S S (v16 K (v28 (z S I v8) (v16 I)) (x S K) I (x x S (S (B S)) (S (S (B S))) z)) (x (z (K B) (S (K B))) (S (z (z B) z) (x K B K (v16 I) (K S) z)) (v22 B (x K B K (v16 I) (K S) z)) B (B (v29 B z (B z)) (v1 I (z (z (v18 K) B S)) I)))
v28
S
