x
B
K
I B (x (v0 z) (K K v0 z) (K (S (x B)) (z S) B) (S K)) I (z (I (S S z) z) (I x) (S (K (S (B S (v28 v3))) x)) (S v23) (S (B x) (x B B B S (I K v27 v29))))
B (x (v0 z) (K K v0 z) (K (S (x B)) (z S) B) (S K)) I (z (I (S S z) z) (I x) (S (K (S (B S (v28 v3))) x)) (S v23) (S (B x) (x B B B S (I K v27 v29))))
x (v0 z) (K K v0 z) (K (S (x B)) (z S) B) (S K) (I (z (I (S S z) z) (I x) (S (K (S (B S (v28 v3))) x)) (S v23) (S (B x) (x B B B S (I K v27 v29)))))
x (v0 z) (K z) (K (S (x B)) (z S) B) (S K) (I (z (I (S S z) z) (I x) (S (K (S (B S (v28 v3))) x)) (S v23) (S (B x) (x B B B S (I K v27 v29)))))
x (v0 z) (K z) (S (x B) B) (S K) (I (z (I (S S z) z) (I x) (S (K (S (B S (v28 v3))) x)) (S v23) (S (B x) (x B B B S (I K v27 v29)))))
x (v0 z) (K z) (S (x B) B) (S K) (z (I (S S z) z) (I x) (S (K (S (B S (v28 v3))) x)) (S v23) (S (B x) (x B B B S (I K v27 v29))))
x (v0 z) (K z) (S (x B) B) (S K) (z (S S z z) (I x) (S (K (S (B S (v28 v3))) x)) (S v23) (S (B x) (x B B B S (I K v27 v29))))
x (v0 z) (K z) (S (x B) B) (S K) (z (S z (z z)) (I x) (S (K (S (B S (v28 v3))) x)) (S v23) (S (B x) (x B B B S (I K v27 v29))))
x (v0 z) (K z) (S (x B) B) (S K) (z (S z (z z)) x (S (K (S (B S (v28 v3))) x)) (S v23) (S (B x) (x B B B S (I K v27 v29))))
x (v0 z) (K z) (S (x B) B) (S K) (z (S z (z z)) x (S (S (B S (v28 v3)))) (S v23) (S (B x) (x B B B S (I K v27 v29))))
x (v0 z) (K z) (S (x B) B) (S K) (z (S z (z z)) x (S (S (B S (v28 v3)))) (S v23) (S (B x) (x B B B S (K v27 v29))))
x (v0 z) (K z) (S (x B) B) (S K) (z (S z (z z)) x (S (S (B S (v28 v3)))) (S v23) (S (B x) (x B B B S v27)))
B B (x x K x x) (B (v23 (v21 B (z S) S) (v6 I I)) B)
B (x x K x x (B (v23 (v21 B (z S) S) (v6 I I)) B))
I (I (v10 (B K))) (K (B B) B z) (S z) (I (S I) (v2 v19) (x B B (I (x (S S I))) (v11 (B v6 z) v13)) (K (B v29 (K (K K) S S)) x))
I (v10 (B K)) (K (B B) B z) (S z) (I (S I) (v2 v19) (x B B (I (x (S S I))) (v11 (B v6 z) v13)) (K (B v29 (K (K K) S S)) x))
v10 (B K) (K (B B) B z) (S z) (I (S I) (v2 v19) (x B B (I (x (S S I))) (v11 (B v6 z) v13)) (K (B v29 (K (K K) S S)) x))
v10 (B K) (B B z) (S z) (I (S I) (v2 v19) (x B B (I (x (S S I))) (v11 (B v6 z) v13)) (K (B v29 (K (K K) S S)) x))
v10 (B K) (B B z) (S z) (S I (v2 v19) (x B B (I (x (S S I))) (v11 (B v6 z) v13)) (K (B v29 (K (K K) S S)) x))
v10 (B K) (B B z) (S z) (I (x B B (I (x (S S I))) (v11 (B v6 z) v13)) (v2 v19 (x B B (I (x (S S I))) (v11 (B v6 z) v13))) (K (B v29 (K (K K) S S)) x))
v10 (B K) (B B z) (S z) (x B B (I (x (S S I))) (v11 (B v6 z) v13) (v2 v19 (x B B (I (x (S S I))) (v11 (B v6 z) v13))) (K (B v29 (K (K K) S S)) x))
v10 (B K) (B B z) (S z) (x B B (x (S S I)) (v11 (B v6 z) v13) (v2 v19 (x B B (I (x (S S I))) (v11 (B v6 z) v13))) (K (B v29 (K (K K) S S)) x))
v10 (B K) (B B z) (S z) (x B B (x (S S I)) (v11 (B v6 z) v13) (v2 v19 (x B B (x (S S I)) (v11 (B v6 z) v13))) (K (B v29 (K (K K) S S)) x))
v10 (B K) (B B z) (S z) (x B B (x (S S I)) (v11 (B v6 z) v13) (v2 v19 (x B B (x (S S I)) (v11 (B v6 z) v13))) (B v29 (K (K K) S S)))
v10 (B K) (B B z) (S z) (x B B (x (S S I)) (v11 (B v6 z) v13) (v2 v19 (x B B (x (S S I)) (v11 (B v6 z) v13))) (B v29 (K K S)))
v10 (B K) (B B z) (S z) (x B B (x (S S I)) (v11 (B v6 z) v13) (v2 v19 (x B B (x (S S I)) (v11 (B v6 z) v13))) (B v29 K))
I (z x I) S (v10 (B x) (S (K (K (I x))))) (v25 (v17 (S S (B v19)) (B S (B K))) (v24 (K (z v21 (z B))) (S S (v11 (v1 z))) K))
z x I S (v10 (B x) (S (K (K (I x))))) (v25 (v17 (S S (B v19)) (B S (B K))) (v24 (K (z v21 (z B))) (S S (v11 (v1 z))) K))
z x I S (v10 (B x) (S (K (K x)))) (v25 (v17 (S S (B v19)) (B S (B K))) (v24 (K (z v21 (z B))) (S S (v11 (v1 z))) K))
B (K v29) (v19 I) (x I I) (B (K K S) (I x K I)) K (x I I v16 K (z I (K (S x)) (B z v27 v22) (B (B (x (v16 z x (B x) v21)) (B B) (z (K (B x) S)))) (B I)))
K v29 (v19 I (x I I)) (B (K K S) (I x K I)) K (x I I v16 K (z I (K (S x)) (B z v27 v22) (B (B (x (v16 z x (B x) v21)) (B B) (z (K (B x) S)))) (B I)))
v29 (B (K K S) (I x K I)) K (x I I v16 K (z I (K (S x)) (B z v27 v22) (B (B (x (v16 z x (B x) v21)) (B B) (z (K (B x) S)))) (B I)))
v29 (B K (I x K I)) K (x I I v16 K (z I (K (S x)) (B z v27 v22) (B (B (x (v16 z x (B x) v21)) (B B) (z (K (B x) S)))) (B I)))
v29 (B K (x K I)) K (x I I v16 K (z I (K (S x)) (B z v27 v22) (B (B (x (v16 z x (B x) v21)) (B B) (z (K (B x) S)))) (B I)))
v29 (B K (x K I)) K (x I I v16 K (z I (K (S x)) (z (v27 v22)) (B (B (x (v16 z x (B x) v21)) (B B) (z (K (B x) S)))) (B I)))
v29 (B K (x K I)) K (x I I v16 K (z I (K (S x)) (z (v27 v22)) (B (x (v16 z x (B x) v21) (B B (z (K (B x) S))))) (B I)))
v29 (B K (x K I)) K (x I I v16 K (z I (K (S x)) (z (v27 v22)) (B (x (v16 z x (B x) v21) (B B (z (B x))))) (B I)))
z
B (B v24 z) v24 (x (x (K (z v15))) (x z B) (B I) (I (S z v1 x B))) (x (z S) (x B) (B z (z K I) S B) K x) (S K)
B v24 z (v24 (x (x (K (z v15))) (x z B) (B I) (I (S z v1 x B)))) (x (z S) (x B) (B z (z K I) S B) K x) (S K)
v24 (z (v24 (x (x (K (z v15))) (x z B) (B I) (I (S z v1 x B))))) (x (z S) (x B) (B z (z K I) S B) K x) (S K)
v24 (z (v24 (x (x (K (z v15))) (x z B) (B I) (S z v1 x B)))) (x (z S) (x B) (B z (z K I) S B) K x) (S K)
v24 (z (v24 (x (x (K (z v15))) (x z B) (B I) (z x (v1 x) B)))) (x (z S) (x B) (B z (z K I) S B) K x) (S K)
v24 (z (v24 (x (x (K (z v15))) (x z B) (B I) (z x (v1 x) B)))) (x (z S) (x B) (z (z K I S) B) K x) (S K)
