I (x (I v27 (z (B z z) B)) I (v12 (v25 S S (v22 K) (B (S B) (K v7) x I v16)) (K (v9 S))) (z (I x) (B (K K K) x) S)) (B (I z (z x) (S (v16 z)) z) v22 (S S (B v23)))
x (I v27 (z (B z z) B)) I (v12 (v25 S S (v22 K) (B (S B) (K v7) x I v16)) (K (v9 S))) (z (I x) (B (K K K) x) S) (B (I z (z x) (S (v16 z)) z) v22 (S S (B v23)))
x (v27 (z (B z z) B)) I (v12 (v25 S S (v22 K) (B (S B) (K v7) x I v16)) (K (v9 S))) (z (I x) (B (K K K) x) S) (B (I z (z x) (S (v16 z)) z) v22 (S S (B v23)))
x (v27 (z (B z z) B)) I (v12 (v25 S S (v22 K) (S B (K v7 x) I v16)) (K (v9 S))) (z (I x) (B (K K K) x) S) (B (I z (z x) (S (v16 z)) z) v22 (S S (B v23)))
x (v27 (z (B z z) B)) I (v12 (v25 S S (v22 K) (B I (K v7 x I) v16)) (K (v9 S))) (z (I x) (B (K K K) x) S) (B (I z (z x) (S (v16 z)) z) v22 (S S (B v23)))
x (v27 (z (B z z) B)) I (v12 (v25 S S (v22 K) (I (K v7 x I v16))) (K (v9 S))) (z (I x) (B (K K K) x) S) (B (I z (z x) (S (v16 z)) z) v22 (S S (B v23)))
x (v27 (z (B z z) B)) I (v12 (v25 S S (v22 K) (K v7 x I v16)) (K (v9 S))) (z (I x) (B (K K K) x) S) (B (I z (z x) (S (v16 z)) z) v22 (S S (B v23)))
x (v27 (z (B z z) B)) I (v12 (v25 S S (v22 K) (v7 I v16)) (K (v9 S))) (z (I x) (B (K K K) x) S) (B (I z (z x) (S (v16 z)) z) v22 (S S (B v23)))
x (v27 (z (B z z) B)) I (v12 (v25 S S (v22 K) (v7 I v16)) (K (v9 S))) (z x (B (K K K) x) S) (B (I z (z x) (S (v16 z)) z) v22 (S S (B v23)))
x (v27 (z (B z z) B)) I (v12 (v25 S S (v22 K) (v7 I v16)) (K (v9 S))) (z x (B K x) S) (B (I z (z x) (S (v16 z)) z) v22 (S S (B v23)))
x (v27 (z (B z z) B)) I (v12 (v25 S S (v22 K) (v7 I v16)) (K (v9 S))) (z x (B K x) S) (I z (z x) (S (v16 z)) z (v22 (S S (B v23))))
x (v27 (z (B z z) B)) I (v12 (v25 S S (v22 K) (v7 I v16)) (K (v9 S))) (z x (B K x) S) (z (z x) (S (v16 z)) z (v22 (S S (B v23))))
B (x S (B I B (v2 (I S (B (S (B x S K)))))) (K K (S v23 I) (I B (x (K S) x)))) (I B) K (B S (x (v7 S) (v21 (z S) (v0 (I (I I v13 z (S x))) z))) (S S (K B v27 (S (S I z (z (K (S I)))) z))) (K x))
x S (B I B (v2 (I S (B (S (B x S K)))))) (K K (S v23 I) (I B (x (K S) x))) (I B K) (B S (x (v7 S) (v21 (z S) (v0 (I (I I v13 z (S x))) z))) (S S (K B v27 (S (S I z (z (K (S I)))) z))) (K x))
x S (I (B (v2 (I S (B (S (B x S K))))))) (K K (S v23 I) (I B (x (K S) x))) (I B K) (B S (x (v7 S) (v21 (z S) (v0 (I (I I v13 z (S x))) z))) (S S (K B v27 (S (S I z (z (K (S I)))) z))) (K x))
x S (B (v2 (I S (B (S (B x S K)))))) (K K (S v23 I) (I B (x (K S) x))) (I B K) (B S (x (v7 S) (v21 (z S) (v0 (I (I I v13 z (S x))) z))) (S S (K B v27 (S (S I z (z (K (S I)))) z))) (K x))
x S (B (v2 (S (B (S (B x S K)))))) (K K (S v23 I) (I B (x (K S) x))) (I B K) (B S (x (v7 S) (v21 (z S) (v0 (I (I I v13 z (S x))) z))) (S S (K B v27 (S (S I z (z (K (S I)))) z))) (K x))
x S (B (v2 (S (B (S (x (S K))))))) (K K (S v23 I) (I B (x (K S) x))) (I B K) (B S (x (v7 S) (v21 (z S) (v0 (I (I I v13 z (S x))) z))) (S S (K B v27 (S (S I z (z (K (S I)))) z))) (K x))
x S (B (v2 (S (B (S (x (S K))))))) (K (I B (x (K S) x))) (I B K) (B S (x (v7 S) (v21 (z S) (v0 (I (I I v13 z (S x))) z))) (S S (K B v27 (S (S I z (z (K (S I)))) z))) (K x))
x S (B (v2 (S (B (S (x (S K))))))) (K (B (x (K S) x))) (I B K) (B S (x (v7 S) (v21 (z S) (v0 (I (I I v13 z (S x))) z))) (S S (K B v27 (S (S I z (z (K (S I)))) z))) (K x))
x S (B (v2 (S (B (S (x (S K))))))) (K (B (x (K S) x))) (B K) (B S (x (v7 S) (v21 (z S) (v0 (I (I I v13 z (S x))) z))) (S S (K B v27 (S (S I z (z (K (S I)))) z))) (K x))
x S (B (v2 (S (B (S (x (S K))))))) (K (B (x (K S) x))) (B K) (S (x (v7 S) (v21 (z S) (v0 (I (I I v13 z (S x))) z)) (S S (K B v27 (S (S I z (z (K (S I)))) z)))) (K x))
x S (B (v2 (S (B (S (x (S K))))))) (K (B (x (K S) x))) (B K) (S (x (v7 S) (v21 (z S) (v0 (I I v13 z (S x)) z)) (S S (K B v27 (S (S I z (z (K (S I)))) z)))) (K x))
x S (B (v2 (S (B (S (x (S K))))))) (K (B (x (K S) x))) (B K) (S (x (v7 S) (v21 (z S) (v0 (I v13 z (S x)) z)) (S S (K B v27 (S (S I z (z (K (S I)))) z)))) (K x))
x S (B (v2 (S (B (S (x (S K))))))) (K (B (x (K S) x))) (B K) (S (x (v7 S) (v21 (z S) (v0 (v13 z (S x)) z)) (S S (K B v27 (S (S I z (z (K (S I)))) z)))) (K x))
x S (B (v2 (S (B (S (x (S K))))))) (K (B (x (K S) x))) (B K) (S (x (v7 S) (v21 (z S) (v0 (v13 z (S x)) z)) (S S (B (S (S I z (z (K (S I)))) z)))) (K x))
x S (B (v2 (S (B (S (x (S K))))))) (K (B (x (K S) x))) (B K) (S (x (v7 S) (v21 (z S) (v0 (v13 z (S x)) z)) (S S (B (S (I (z (K (S I))) (z (z (K (S I))))) z)))) (K x))
x S (B (v2 (S (B (S (x (S K))))))) (K (B (x (K S) x))) (B K) (S (x (v7 S) (v21 (z S) (v0 (v13 z (S x)) z)) (S S (B (S (z (K (S I)) (z (z (K (S I))))) z)))) (K x))
S (K (v29 (S B) x)) (I (I (S (S x)) (x z v18)) (z (x (I (B S))) (v1 S)) (v24 B))
S (K (v29 (S B) x)) (I (S (S x)) (x z v18) (z (x (I (B S))) (v1 S)) (v24 B))
S (K (v29 (S B) x)) (S (S x) (x z v18) (z (x (I (B S))) (v1 S)) (v24 B))
S (K (v29 (S B) x)) (S x (z (x (I (B S))) (v1 S)) (x z v18 (z (x (I (B S))) (v1 S))) (v24 B))
S (K (v29 (S B) x)) (x (x z v18 (z (x (I (B S))) (v1 S))) (z (x (I (B S))) (v1 S) (x z v18 (z (x (I (B S))) (v1 S)))) (v24 B))
S (K (v29 (S B) x)) (x (x z v18 (z (x (B S)) (v1 S))) (z (x (I (B S))) (v1 S) (x z v18 (z (x (I (B S))) (v1 S)))) (v24 B))
S (K (v29 (S B) x)) (x (x z v18 (z (x (B S)) (v1 S))) (z (x (B S)) (v1 S) (x z v18 (z (x (I (B S))) (v1 S)))) (v24 B))
S (K (v29 (S B) x)) (x (x z v18 (z (x (B S)) (v1 S))) (z (x (B S)) (v1 S) (x z v18 (z (x (B S)) (v1 S)))) (v24 B))
v26
x (S (K (v5 z) S S)) (B v26) (K v4 S (B (x K) (K (v19 (v1 K) K)) I (v8 (x B K (x (K (K B) v2 v6))) (B v11) S) z))
x (S (v5 z S)) (B v26) (K v4 S (B (x K) (K (v19 (v1 K) K)) I (v8 (x B K (x (K (K B) v2 v6))) (B v11) S) z))
x (S (v5 z S)) (B v26) (v4 (B (x K) (K (v19 (v1 K) K)) I (v8 (x B K (x (K (K B) v2 v6))) (B v11) S) z))
x (S (v5 z S)) (B v26) (v4 (x K (K (v19 (v1 K) K) I) (v8 (x B K (x (K (K B) v2 v6))) (B v11) S) z))
x (S (v5 z S)) (B v26) (v4 (x K (v19 (v1 K) K) (v8 (x B K (x (K (K B) v2 v6))) (B v11) S) z))
x (S (v5 z S)) (B v26) (v4 (x K (v19 (v1 K) K) (v8 (x B K (x (K B v6))) (B v11) S) z))
x (S (v5 z S)) (B v26) (v4 (x K (v19 (v1 K) K) (v8 (x B K (x B)) (B v11) S) z))
z (x x (z v5) (v26 K)) (z (x (I (z x)) S) (z x (K (x (x (x S z))) (S S) z S) B (B B (v27 S (v30 (K x I))))) (K v30))
z (x x (z v5) (v26 K)) (z (x (z x) S) (z x (K (x (x (x S z))) (S S) z S) B (B B (v27 S (v30 (K x I))))) (K v30))
z (x x (z v5) (v26 K)) (z (x (z x) S) (z x (x (x (x S z)) z S) B (B B (v27 S (v30 (K x I))))) (K v30))
z (x x (z v5) (v26 K)) (z (x (z x) S) (z x (x (x (x S z)) z S) B (B B (v27 S (v30 x)))) (K v30))
K (S (K S S (K x) z) (S v20 (B z) K v19 (x v6 S))) (z v28)
S (K S S (K x) z) (S v20 (B z) K v19 (x v6 S))
S (S (K x) z) (S v20 (B z) K v19 (x v6 S))
S (S (K x) z) (v20 K (B z K) v19 (x v6 S))
x (K z) (z B (K (S (z K)) (K K))) (v5 z) (z (S (z (x K))) (I (v30 B (z v21) B) K) (v11 (z (x (v5 (v5 (v11 K) x)) I))) (B (K (K (x x))))) (S x (B (B I (z (K (I K) K) z))))
x (K z) (z B (S (z K))) (v5 z) (z (S (z (x K))) (I (v30 B (z v21) B) K) (v11 (z (x (v5 (v5 (v11 K) x)) I))) (B (K (K (x x))))) (S x (B (B I (z (K (I K) K) z))))
x (K z) (z B (S (z K))) (v5 z) (z (S (z (x K))) (v30 B (z v21) B K) (v11 (z (x (v5 (v5 (v11 K) x)) I))) (B (K (K (x x))))) (S x (B (B I (z (K (I K) K) z))))
x (K z) (z B (S (z K))) (v5 z) (z (S (z (x K))) (v30 B (z v21) B K) (v11 (z (x (v5 (v5 (v11 K) x)) I))) (B (K (K (x x))))) (S x (B (B I (z (I K) z))))
x (K z) (z B (S (z K))) (v5 z) (z (S (z (x K))) (v30 B (z v21) B K) (v11 (z (x (v5 (v5 (v11 K) x)) I))) (B (K (K (x x))))) (S x (B (B I (z K z))))
I (x v3 (z S) I) (B S x K B I) (x S) v15
x v3 (z S) I (B S x K B I) (x S) v15
x v3 (z S) I (S (x K) B I) (x S) v15
x v3 (z S) I (x K I (B I)) (x S) v15
I (z (z (v29 (I S)) S (I v23)) S) (I (K (S v11) z B (I (I S (I I z) B)))) (z K (S K))
z (z (v29 (I S)) S (I v23)) S (I (K (S v11) z B (I (I S (I I z) B)))) (z K (S K))
z (z (v29 S) S (I v23)) S (I (K (S v11) z B (I (I S (I I z) B)))) (z K (S K))
z (z (v29 S) S v23) S (I (K (S v11) z B (I (I S (I I z) B)))) (z K (S K))
z (z (v29 S) S v23) S (K (S v11) z B (I (I S (I I z) B))) (z K (S K))
z (z (v29 S) S v23) S (S v11 B (I (I S (I I z) B))) (z K (S K))
z (z (v29 S) S v23) S (v11 (I (I S (I I z) B)) (B (I (I S (I I z) B)))) (z K (S K))
z (z (v29 S) S v23) S (v11 (I S (I I z) B) (B (I (I S (I I z) B)))) (z K (S K))
z (z (v29 S) S v23) S (v11 (S (I I z) B) (B (I (I S (I I z) B)))) (z K (S K))
z (z (v29 S) S v23) S (v11 (S (I z) B) (B (I (I S (I I z) B)))) (z K (S K))
z (z (v29 S) S v23) S (v11 (S z B) (B (I (I S (I I z) B)))) (z K (S K))
z (z (v29 S) S v23) S (v11 (S z B) (B (I S (I I z) B))) (z K (S K))
z (z (v29 S) S v23) S (v11 (S z B) (B (S (I I z) B))) (z K (S K))
z (z (v29 S) S v23) S (v11 (S z B) (B (S (I z) B))) (z K (S K))
z (z (v29 S) S v23) S (v11 (S z B) (B (S z B))) (z K (S K))
