B (v16 S (I (I B) (x K) v12) (I K) (z K (v17 K)))
B (v16 S (I B (x K) v12) (I K) (z K (v17 K)))
B (v16 S (B (x K) v12) (I K) (z K (v17 K)))
B (v16 S (B (x K) v12) K (z K (v17 K)))
z (I x)
z x
z (B (K (x z S K (x I)) (z (x B))) (K x) v21)
z (K (x z S K (x I)) (z (x B)) (K x v21))
z (x z S K (x I) (K x v21))
z (x z S K (x I) x)
K K x (z (z (S v9))) (I K (K v11 (x (x v0))) I B (K K (x K))) B (B (S K (K (S (S B))) (v7 K (I B) S) (x v12)) (B K I B) (x (I (x (z (v7 B))))) (z (x S)) (v13 (v5 x (z S K) v17) K (S (x x))) (z v27 x (I (v17 K) v1 B))) v15
K (z (z (S v9))) (I K (K v11 (x (x v0))) I B (K K (x K))) B (B (S K (K (S (S B))) (v7 K (I B) S) (x v12)) (B K I B) (x (I (x (z (v7 B))))) (z (x S)) (v13 (v5 x (z S K) v17) K (S (x x))) (z v27 x (I (v17 K) v1 B))) v15
z (z (S v9)) B (B (S K (K (S (S B))) (v7 K (I B) S) (x v12)) (B K I B) (x (I (x (z (v7 B))))) (z (x S)) (v13 (v5 x (z S K) v17) K (S (x x))) (z v27 x (I (v17 K) v1 B))) v15
z (z (S v9)) B (S K (K (S (S B))) (v7 K (I B) S) (x v12) (B K I B (x (I (x (z (v7 B)))))) (z (x S)) (v13 (v5 x (z S K) v17) K (S (x x))) (z v27 x (I (v17 K) v1 B))) v15
z (z (S v9)) B (K (v7 K (I B) S) (K (S (S B)) (v7 K (I B) S)) (x v12) (B K I B (x (I (x (z (v7 B)))))) (z (x S)) (v13 (v5 x (z S K) v17) K (S (x x))) (z v27 x (I (v17 K) v1 B))) v15
z (z (S v9)) B (v7 K (I B) S (x v12) (B K I B (x (I (x (z (v7 B)))))) (z (x S)) (v13 (v5 x (z S K) v17) K (S (x x))) (z v27 x (I (v17 K) v1 B))) v15
z (z (S v9)) B (v7 K B S (x v12) (B K I B (x (I (x (z (v7 B)))))) (z (x S)) (v13 (v5 x (z S K) v17) K (S (x x))) (z v27 x (I (v17 K) v1 B))) v15
z (z (S v9)) B (v7 K B S (x v12) (K (I B) (x (I (x (z (v7 B)))))) (z (x S)) (v13 (v5 x (z S K) v17) K (S (x x))) (z v27 x (I (v17 K) v1 B))) v15
z (z (S v9)) B (v7 K B S (x v12) (I B) (z (x S)) (v13 (v5 x (z S K) v17) K (S (x x))) (z v27 x (I (v17 K) v1 B))) v15
z (z (S v9)) B (v7 K B S (x v12) B (z (x S)) (v13 (v5 x (z S K) v17) K (S (x x))) (z v27 x (I (v17 K) v1 B))) v15
z (z (S v9)) B (v7 K B S (x v12) B (z (x S)) (v13 (v5 x (z S K) v17) K (S (x x))) (z v27 x (v17 K v1 B))) v15
K
K
v0 (z (I (z K)) (z (I v13 v5) (x (B (I K v5 S I) S))) (I (K (I x B)) K)) (B z (z K v2 v26) (x (I v22) v6) (B (S K B (z (I B S) K v20) (x v26 B))) (B z (B (x (v29 v2) x) x) v12))
v0 (z (z K) (z (I v13 v5) (x (B (I K v5 S I) S))) (I (K (I x B)) K)) (B z (z K v2 v26) (x (I v22) v6) (B (S K B (z (I B S) K v20) (x v26 B))) (B z (B (x (v29 v2) x) x) v12))
v0 (z (z K) (z (v13 v5) (x (B (I K v5 S I) S))) (I (K (I x B)) K)) (B z (z K v2 v26) (x (I v22) v6) (B (S K B (z (I B S) K v20) (x v26 B))) (B z (B (x (v29 v2) x) x) v12))
v0 (z (z K) (z (v13 v5) (x (B (K v5 S I) S))) (I (K (I x B)) K)) (B z (z K v2 v26) (x (I v22) v6) (B (S K B (z (I B S) K v20) (x v26 B))) (B z (B (x (v29 v2) x) x) v12))
v0 (z (z K) (z (v13 v5) (x (B (v5 I) S))) (I (K (I x B)) K)) (B z (z K v2 v26) (x (I v22) v6) (B (S K B (z (I B S) K v20) (x v26 B))) (B z (B (x (v29 v2) x) x) v12))
v0 (z (z K) (z (v13 v5) (x (B (v5 I) S))) (K (I x B) K)) (B z (z K v2 v26) (x (I v22) v6) (B (S K B (z (I B S) K v20) (x v26 B))) (B z (B (x (v29 v2) x) x) v12))
v0 (z (z K) (z (v13 v5) (x (B (v5 I) S))) (I x B)) (B z (z K v2 v26) (x (I v22) v6) (B (S K B (z (I B S) K v20) (x v26 B))) (B z (B (x (v29 v2) x) x) v12))
v0 (z (z K) (z (v13 v5) (x (B (v5 I) S))) (x B)) (B z (z K v2 v26) (x (I v22) v6) (B (S K B (z (I B S) K v20) (x v26 B))) (B z (B (x (v29 v2) x) x) v12))
v0 (z (z K) (z (v13 v5) (x (B (v5 I) S))) (x B)) (z (z K v2 v26 (x (I v22) v6)) (B (S K B (z (I B S) K v20) (x v26 B))) (B z (B (x (v29 v2) x) x) v12))
v0 (z (z K) (z (v13 v5) (x (B (v5 I) S))) (x B)) (z (z K v2 v26 (x v22 v6)) (B (S K B (z (I B S) K v20) (x v26 B))) (B z (B (x (v29 v2) x) x) v12))
v0 (z (z K) (z (v13 v5) (x (B (v5 I) S))) (x B)) (z (z K v2 v26 (x v22 v6)) (B (K (z (I B S) K v20) (B (z (I B S) K v20)) (x v26 B))) (B z (B (x (v29 v2) x) x) v12))
v0 (z (z K) (z (v13 v5) (x (B (v5 I) S))) (x B)) (z (z K v2 v26 (x v22 v6)) (B (z (I B S) K v20 (x v26 B))) (B z (B (x (v29 v2) x) x) v12))
v0 (z (z K) (z (v13 v5) (x (B (v5 I) S))) (x B)) (z (z K v2 v26 (x v22 v6)) (B (z (B S) K v20 (x v26 B))) (B z (B (x (v29 v2) x) x) v12))
v0 (z (z K) (z (v13 v5) (x (B (v5 I) S))) (x B)) (z (z K v2 v26 (x v22 v6)) (B (z (B S) K v20 (x v26 B))) (z (B (x (v29 v2) x) x v12)))
v0 (z (z K) (z (v13 v5) (x (B (v5 I) S))) (x B)) (z (z K v2 v26 (x v22 v6)) (B (z (B S) K v20 (x v26 B))) (z (x (v29 v2) x (x v12))))
B v24 K (v18 S (z I K v4 (S (v7 (x S)) S x) (x (v27 I)))) (z (I x x I) (B K (B B) (K S (B I) K S) v1)) (I (z I (B v2 z) B) B) x
v24 (K (v18 S (z I K v4 (S (v7 (x S)) S x) (x (v27 I))))) (z (I x x I) (B K (B B) (K S (B I) K S) v1)) (I (z I (B v2 z) B) B) x
v24 (K (v18 S (z I K v4 (v7 (x S) x (S x)) (x (v27 I))))) (z (I x x I) (B K (B B) (K S (B I) K S) v1)) (I (z I (B v2 z) B) B) x
v24 (K (v18 S (z I K v4 (v7 (x S) x (S x)) (x (v27 I))))) (z (x x I) (B K (B B) (K S (B I) K S) v1)) (I (z I (B v2 z) B) B) x
v24 (K (v18 S (z I K v4 (v7 (x S) x (S x)) (x (v27 I))))) (z (x x I) (K (B B (K S (B I) K S)) v1)) (I (z I (B v2 z) B) B) x
v24 (K (v18 S (z I K v4 (v7 (x S) x (S x)) (x (v27 I))))) (z (x x I) (B B (K S (B I) K S))) (I (z I (B v2 z) B) B) x
v24 (K (v18 S (z I K v4 (v7 (x S) x (S x)) (x (v27 I))))) (z (x x I) (B B (S K S))) (I (z I (B v2 z) B) B) x
v24 (K (v18 S (z I K v4 (v7 (x S) x (S x)) (x (v27 I))))) (z (x x I) (B B (S K S))) (z I (B v2 z) B B) x
S (v20 z) (S (I I))
S (v20 z) (S I)
S (x S) (K x (z (S K) z B (v29 (v19 K v15)) I)) I x
x S I (K x (z (S K) z B (v29 (v19 K v15)) I) I) x
x S I (x I) x
