I (S (v26 I) B) (I (K (I (K (x (x (K (K (B x)) I)))))))
S (v26 I) B (I (K (I (K (x (x (K (K (B x)) I)))))))
v26 I (I (K (I (K (x (x (K (K (B x)) I))))))) (B (I (K (I (K (x (x (K (K (B x)) I))))))))
v26 I (K (I (K (x (x (K (K (B x)) I)))))) (B (I (K (I (K (x (x (K (K (B x)) I))))))))
v26 I (K (K (x (x (K (K (B x)) I))))) (B (I (K (I (K (x (x (K (K (B x)) I))))))))
v26 I (K (K (x (x (K (B x)))))) (B (I (K (I (K (x (x (K (K (B x)) I))))))))
v26 I (K (K (x (x (K (B x)))))) (B (K (I (K (x (x (K (K (B x)) I)))))))
v26 I (K (K (x (x (K (B x)))))) (B (K (K (x (x (K (K (B x)) I))))))
v26 I (K (K (x (x (K (B x)))))) (B (K (K (x (x (K (B x)))))))
x
x (z (B (K (v2 I (K I (S (K (S v2 z) S) (B v27)))))) (S S K x (v29 K) (S v6) (v30 (S (K (v15 z))) (S K (S v9)) (S v9))))
x (z (B (K (v2 I I))) (S S K x (v29 K) (S v6) (v30 (S (K (v15 z))) (S K (S v9)) (S v9))))
x (z (B (K (v2 I I))) (S x (K x) (v29 K) (S v6) (v30 (S (K (v15 z))) (S K (S v9)) (S v9))))
x (z (B (K (v2 I I))) (x (v29 K) (K x (v29 K)) (S v6) (v30 (S (K (v15 z))) (S K (S v9)) (S v9))))
x (z (B (K (v2 I I))) (x (v29 K) x (S v6) (v30 (S (K (v15 z))) (S K (S v9)) (S v9))))
K B I S (v7 (x x B) (K (B (I v25 (B K x))) (x v28) B (I (I I v12 (I v23 x)) (K v1 K)) (K (x K I v10 K (v16 (v7 B (v1 (S (x v26)))))))) K)
B S (v7 (x x B) (K (B (I v25 (B K x))) (x v28) B (I (I I v12 (I v23 x)) (K v1 K)) (K (x K I v10 K (v16 (v7 B (v1 (S (x v26)))))))) K)
B S (v7 (x x B) (B (I v25 (B K x)) B (I (I I v12 (I v23 x)) (K v1 K)) (K (x K I v10 K (v16 (v7 B (v1 (S (x v26)))))))) K)
B S (v7 (x x B) (I v25 (B K x) (B (I (I I v12 (I v23 x)) (K v1 K))) (K (x K I v10 K (v16 (v7 B (v1 (S (x v26)))))))) K)
B S (v7 (x x B) (v25 (B K x) (B (I (I I v12 (I v23 x)) (K v1 K))) (K (x K I v10 K (v16 (v7 B (v1 (S (x v26)))))))) K)
B S (v7 (x x B) (v25 (B K x) (B (I I v12 (I v23 x) (K v1 K))) (K (x K I v10 K (v16 (v7 B (v1 (S (x v26)))))))) K)
B S (v7 (x x B) (v25 (B K x) (B (I v12 (I v23 x) (K v1 K))) (K (x K I v10 K (v16 (v7 B (v1 (S (x v26)))))))) K)
B S (v7 (x x B) (v25 (B K x) (B (v12 (I v23 x) (K v1 K))) (K (x K I v10 K (v16 (v7 B (v1 (S (x v26)))))))) K)
B S (v7 (x x B) (v25 (B K x) (B (v12 (v23 x) (K v1 K))) (K (x K I v10 K (v16 (v7 B (v1 (S (x v26)))))))) K)
B S (v7 (x x B) (v25 (B K x) (B (v12 (v23 x) v1)) (K (x K I v10 K (v16 (v7 B (v1 (S (x v26)))))))) K)
z
S (x (z (S (K v7) (v4 (v7 K))) v11 (z (B B) x I (x (I K)) x (v22 z I))) (z K (x K) (K (v18 z)) (I (z x (x (B x I))) S I (v8 (S B (z (K B))) (B (B x S))) (B z (I B I) S)))) (z K (S I))
S (x (z (S (K v7) (v4 (v7 K))) v11 (z (B B) x I (x K) x (v22 z I))) (z K (x K) (K (v18 z)) (I (z x (x (B x I))) S I (v8 (S B (z (K B))) (B (B x S))) (B z (I B I) S)))) (z K (S I))
S (x (z (S (K v7) (v4 (v7 K))) v11 (z (B B) x I (x K) x (v22 z I))) (z K (x K) (K (v18 z)) (z x (x (B x I)) S I (v8 (S B (z (K B))) (B (B x S))) (B z (I B I) S)))) (z K (S I))
S (x (z (S (K v7) (v4 (v7 K))) v11 (z (B B) x I (x K) x (v22 z I))) (z K (x K) (K (v18 z)) (z x (x (B x I)) S I (v8 (S B (z (K B))) (B (B x S))) (z (I B I S))))) (z K (S I))
S (x (z (S (K v7) (v4 (v7 K))) v11 (z (B B) x I (x K) x (v22 z I))) (z K (x K) (K (v18 z)) (z x (x (B x I)) S I (v8 (S B (z (K B))) (B (B x S))) (z (B I S))))) (z K (S I))
I (v3 (B I x) (B (z (v1 K)) (x (K (I x (z S))))) (z (K (v2 (K (x v21 x)))) (I I) S z (I S I)) (K K))
v3 (B I x) (B (z (v1 K)) (x (K (I x (z S))))) (z (K (v2 (K (x v21 x)))) (I I) S z (I S I)) (K K)
v3 (B I x) (B (z (v1 K)) (x (K (x (z S))))) (z (K (v2 (K (x v21 x)))) (I I) S z (I S I)) (K K)
v3 (B I x) (B (z (v1 K)) (x (K (x (z S))))) (z (K (v2 (K (x v21 x)))) I S z (I S I)) (K K)
v3 (B I x) (B (z (v1 K)) (x (K (x (z S))))) (z (K (v2 (K (x v21 x)))) I S z (S I)) (K K)
K (I (x I I (S I I S (K B K z) z)))
K (x I I (S I I S (K B K z) z))
K (x I I (I S (I S) (K B K z) z))
K (x I I (S (I S) (K B K z) z))
K (x I I (I S z (K B K z z)))
K (x I I (S z (K B K z z)))
K (x I I (S z (B z z)))
B (z (S (z (S (B S) (v6 K)) (x z (K I (K (z S S)) I) v16 z (x (z I S) (z z x) S))) (K (K (K B (B (v2 x) (S (I z))))) K)))
B (z (S (z (S (B S) (v6 K)) (x z (I I) v16 z (x (z I S) (z z x) S))) (K (K (K B (B (v2 x) (S (I z))))) K)))
B (z (S (z (S (B S) (v6 K)) (x z I v16 z (x (z I S) (z z x) S))) (K (K (K B (B (v2 x) (S (I z))))) K)))
B (z (S (z (S (B S) (v6 K)) (x z I v16 z (x (z I S) (z z x) S))) (K (K B (B (v2 x) (S (I z)))))))
B (z (S (z (S (B S) (v6 K)) (x z I v16 z (x (z I S) (z z x) S))) (K B)))
I (S S (I S (I (K z (v14 S (z (B S)))) (I S (I B)))))
S S (I S (I (K z (v14 S (z (B S)))) (I S (I B))))
S S (S (I (K z (v14 S (z (B S)))) (I S (I B))))
S S (S (K z (v14 S (z (B S))) (I S (I B))))
S S (S (z (I S (I B))))
S S (S (z (S (I B))))
S S (S (z (S B)))
