I (z (S (S (I (I z B) (x B) (I (I B))))) z)
z (S (S (I (I z B) (x B) (I (I B))))) z
z (S (S (I z B (x B) (I (I B))))) z
z (S (S (z B (x B) (I (I B))))) z
z (S (S (z B (x B) (I B)))) z
z (S (S (z B (x B) B))) z
I (S B (v24 z B)) (z x) (z S (K (I (B (v17 K I)) (z S) x (z (I S (S I)) S)))) (x (B (S v2 (S K))) v17 K x (K K (x (K x (B x) S)))) (z (K (S I)) x)
S B (v24 z B) (z x) (z S (K (I (B (v17 K I)) (z S) x (z (I S (S I)) S)))) (x (B (S v2 (S K))) v17 K x (K K (x (K x (B x) S)))) (z (K (S I)) x)
B (z x) (v24 z B (z x)) (z S (K (I (B (v17 K I)) (z S) x (z (I S (S I)) S)))) (x (B (S v2 (S K))) v17 K x (K K (x (K x (B x) S)))) (z (K (S I)) x)
z x (v24 z B (z x) (z S (K (I (B (v17 K I)) (z S) x (z (I S (S I)) S))))) (x (B (S v2 (S K))) v17 K x (K K (x (K x (B x) S)))) (z (K (S I)) x)
z x (v24 z B (z x) (z S (K (B (v17 K I) (z S) x (z (I S (S I)) S))))) (x (B (S v2 (S K))) v17 K x (K K (x (K x (B x) S)))) (z (K (S I)) x)
z x (v24 z B (z x) (z S (K (v17 K I (z S x) (z (I S (S I)) S))))) (x (B (S v2 (S K))) v17 K x (K K (x (K x (B x) S)))) (z (K (S I)) x)
z x (v24 z B (z x) (z S (K (v17 K I (z S x) (z (S (S I)) S))))) (x (B (S v2 (S K))) v17 K x (K K (x (K x (B x) S)))) (z (K (S I)) x)
z x (v24 z B (z x) (z S (K (v17 K I (z S x) (z (S (S I)) S))))) (x (B (S v2 (S K))) v17 K x K) (z (K (S I)) x)
B
x x x (z (x z (z S (I v17) (S (S I))) I (S I))) I (I K (v23 (v10 (z z (K (I (v17 B (B (K v25) B)) S))) K)) B)
x x x (z (x z (z S v17 (S (S I))) I (S I))) I (I K (v23 (v10 (z z (K (I (v17 B (B (K v25) B)) S))) K)) B)
x x x (z (x z (z S v17 (S (S I))) I (S I))) I (K (v23 (v10 (z z (K (I (v17 B (B (K v25) B)) S))) K)) B)
x x x (z (x z (z S v17 (S (S I))) I (S I))) I (v23 (v10 (z z (K (I (v17 B (B (K v25) B)) S))) K))
x x x (z (x z (z S v17 (S (S I))) I (S I))) I (v23 (v10 (z z (K (v17 B (B (K v25) B) S))) K))
x (v2 (I (I B I (B S) v0 S) x) K) (B x (K z) (x (I (I z K)))) S (z (I (x I) (v16 B)))
x (v2 (I B I (B S) v0 S x) K) (B x (K z) (x (I (I z K)))) S (z (I (x I) (v16 B)))
x (v2 (B I (B S) v0 S x) K) (B x (K z) (x (I (I z K)))) S (z (I (x I) (v16 B)))
x (v2 (I (B S v0) S x) K) (B x (K z) (x (I (I z K)))) S (z (I (x I) (v16 B)))
x (v2 (B S v0 S x) K) (B x (K z) (x (I (I z K)))) S (z (I (x I) (v16 B)))
x (v2 (S (v0 S) x) K) (B x (K z) (x (I (I z K)))) S (z (I (x I) (v16 B)))
x (v2 (S (v0 S) x) K) (x (K z (x (I (I z K))))) S (z (I (x I) (v16 B)))
x (v2 (S (v0 S) x) K) (x z) S (z (I (x I) (v16 B)))
x (v2 (S (v0 S) x) K) (x z) S (z (x I (v16 B)))
S (v12 S (B K B I x) v30 z I (K (B (z (I (x B (K v6))))))) (x (z x) v21 (v6 (S (z v28 (B (S I))) (x (I K))) B) (v12 (B z) I I) (K (S (S (K B) B) S z) (x B) (B I)) (S I))
S (v12 S (K (B I) x) v30 z I (K (B (z (I (x B (K v6))))))) (x (z x) v21 (v6 (S (z v28 (B (S I))) (x (I K))) B) (v12 (B z) I I) (K (S (S (K B) B) S z) (x B) (B I)) (S I))
S (v12 S (B I) v30 z I (K (B (z (I (x B (K v6))))))) (x (z x) v21 (v6 (S (z v28 (B (S I))) (x (I K))) B) (v12 (B z) I I) (K (S (S (K B) B) S z) (x B) (B I)) (S I))
S (v12 S (B I) v30 z I (K (B (z (x B (K v6)))))) (x (z x) v21 (v6 (S (z v28 (B (S I))) (x (I K))) B) (v12 (B z) I I) (K (S (S (K B) B) S z) (x B) (B I)) (S I))
S (v12 S (B I) v30 z I (K (B (z (x B (K v6)))))) (x (z x) v21 (v6 (S (z v28 (B (S I))) (x K)) B) (v12 (B z) I I) (K (S (S (K B) B) S z) (x B) (B I)) (S I))
S (v12 S (B I) v30 z I (K (B (z (x B (K v6)))))) (x (z x) v21 (v6 (S (z v28 (B (S I))) (x K)) B) (v12 (B z) I I) (S (S (K B) B) S z (B I)) (S I))
S (v12 S (B I) v30 z I (K (B (z (x B (K v6)))))) (x (z x) v21 (v6 (S (z v28 (B (S I))) (x K)) B) (v12 (B z) I I) (S (K B) B z (S z) (B I)) (S I))
S (v12 S (B I) v30 z I (K (B (z (x B (K v6)))))) (x (z x) v21 (v6 (S (z v28 (B (S I))) (x K)) B) (v12 (B z) I I) (K B z (B z) (S z) (B I)) (S I))
S (v12 S (B I) v30 z I (K (B (z (x B (K v6)))))) (x (z x) v21 (v6 (S (z v28 (B (S I))) (x K)) B) (v12 (B z) I I) (B (B z) (S z) (B I)) (S I))
S (v12 S (B I) v30 z I (K (B (z (x B (K v6)))))) (x (z x) v21 (v6 (S (z v28 (B (S I))) (x K)) B) (v12 (B z) I I) (B z (S z (B I))) (S I))
B
x (v14 (B x) (x x I (S x K)) K) (z K K (B (K (B v30) (I S)) (z I (B (I K))) (S (B (B B (B (I I) B)))))) (S (K v17 v20) (I I) (B (I v26) (K z (x S) (K (I (I x)))) v25 B) (x I B (z I)))
x (v14 (B x) (x x I (S x K)) K) (z K K (K (B v30) (I S) (z I (B (I K)) (S (B (B B (B (I I) B))))))) (S (K v17 v20) (I I) (B (I v26) (K z (x S) (K (I (I x)))) v25 B) (x I B (z I)))
x (v14 (B x) (x x I (S x K)) K) (z K K (B v30 (z I (B (I K)) (S (B (B B (B (I I) B))))))) (S (K v17 v20) (I I) (B (I v26) (K z (x S) (K (I (I x)))) v25 B) (x I B (z I)))
x (v14 (B x) (x x I (S x K)) K) (z K K (B v30 (z I (B K) (S (B (B B (B (I I) B))))))) (S (K v17 v20) (I I) (B (I v26) (K z (x S) (K (I (I x)))) v25 B) (x I B (z I)))
x (v14 (B x) (x x I (S x K)) K) (z K K (B v30 (z I (B K) (S (B (B B (B I B))))))) (S (K v17 v20) (I I) (B (I v26) (K z (x S) (K (I (I x)))) v25 B) (x I B (z I)))
x (v14 (B x) (x x I (S x K)) K) (z K K (B v30 (z I (B K) (S (B (B B (B I B))))))) (K v17 v20 (B (I v26) (K z (x S) (K (I (I x)))) v25 B) (I I (B (I v26) (K z (x S) (K (I (I x)))) v25 B)) (x I B (z I)))
x (v14 (B x) (x x I (S x K)) K) (z K K (B v30 (z I (B K) (S (B (B B (B I B))))))) (v17 (B (I v26) (K z (x S) (K (I (I x)))) v25 B) (I I (B (I v26) (K z (x S) (K (I (I x)))) v25 B)) (x I B (z I)))
x (v14 (B x) (x x I (S x K)) K) (z K K (B v30 (z I (B K) (S (B (B B (B I B))))))) (v17 (I v26 (K z (x S) (K (I (I x))) v25) B) (I I (B (I v26) (K z (x S) (K (I (I x)))) v25 B)) (x I B (z I)))
x (v14 (B x) (x x I (S x K)) K) (z K K (B v30 (z I (B K) (S (B (B B (B I B))))))) (v17 (v26 (K z (x S) (K (I (I x))) v25) B) (I I (B (I v26) (K z (x S) (K (I (I x)))) v25 B)) (x I B (z I)))
x (v14 (B x) (x x I (S x K)) K) (z K K (B v30 (z I (B K) (S (B (B B (B I B))))))) (v17 (v26 (z (K (I (I x))) v25) B) (I I (B (I v26) (K z (x S) (K (I (I x)))) v25 B)) (x I B (z I)))
x (v14 (B x) (x x I (S x K)) K) (z K K (B v30 (z I (B K) (S (B (B B (B I B))))))) (v17 (v26 (z (K (I x)) v25) B) (I I (B (I v26) (K z (x S) (K (I (I x)))) v25 B)) (x I B (z I)))
x (v14 (B x) (x x I (S x K)) K) (z K K (B v30 (z I (B K) (S (B (B B (B I B))))))) (v17 (v26 (z (K x) v25) B) (I I (B (I v26) (K z (x S) (K (I (I x)))) v25 B)) (x I B (z I)))
x (v14 (B x) (x x I (S x K)) K) (z K K (B v30 (z I (B K) (S (B (B B (B I B))))))) (v17 (v26 (z (K x) v25) B) (I (B (I v26) (K z (x S) (K (I (I x)))) v25 B)) (x I B (z I)))
x (v14 (B x) (x x I (S x K)) K) (z K K (B v30 (z I (B K) (S (B (B B (B I B))))))) (v17 (v26 (z (K x) v25) B) (B (I v26) (K z (x S) (K (I (I x)))) v25 B) (x I B (z I)))
x (v14 (B x) (x x I (S x K)) K) (z K K (B v30 (z I (B K) (S (B (B B (B I B))))))) (v17 (v26 (z (K x) v25) B) (I v26 (K z (x S) (K (I (I x))) v25) B) (x I B (z I)))
x (v14 (B x) (x x I (S x K)) K) (z K K (B v30 (z I (B K) (S (B (B B (B I B))))))) (v17 (v26 (z (K x) v25) B) (v26 (K z (x S) (K (I (I x))) v25) B) (x I B (z I)))
x (v14 (B x) (x x I (S x K)) K) (z K K (B v30 (z I (B K) (S (B (B B (B I B))))))) (v17 (v26 (z (K x) v25) B) (v26 (z (K (I (I x))) v25) B) (x I B (z I)))
x (v14 (B x) (x x I (S x K)) K) (z K K (B v30 (z I (B K) (S (B (B B (B I B))))))) (v17 (v26 (z (K x) v25) B) (v26 (z (K (I x)) v25) B) (x I B (z I)))
x (v14 (B x) (x x I (S x K)) K) (z K K (B v30 (z I (B K) (S (B (B B (B I B))))))) (v17 (v26 (z (K x) v25) B) (v26 (z (K x) v25) B) (x I B (z I)))
B
v9 x x (I v7 (S v7 I)) (z I (I B) I (v30 x (K (K I)) (x (v10 I))) (z v7)) (z K (I K z)) (x (B (I (K S x)) (z I v30) x (K (v16 (x B)))))
v9 x x (v7 (S v7 I)) (z I (I B) I (v30 x (K (K I)) (x (v10 I))) (z v7)) (z K (I K z)) (x (B (I (K S x)) (z I v30) x (K (v16 (x B)))))
v9 x x (v7 (S v7 I)) (z I B I (v30 x (K (K I)) (x (v10 I))) (z v7)) (z K (I K z)) (x (B (I (K S x)) (z I v30) x (K (v16 (x B)))))
v9 x x (v7 (S v7 I)) (z I B I (v30 x (K (K I)) (x (v10 I))) (z v7)) (z K (K z)) (x (B (I (K S x)) (z I v30) x (K (v16 (x B)))))
v9 x x (v7 (S v7 I)) (z I B I (v30 x (K (K I)) (x (v10 I))) (z v7)) (z K (K z)) (x (I (K S x) (z I v30 x) (K (v16 (x B)))))
v9 x x (v7 (S v7 I)) (z I B I (v30 x (K (K I)) (x (v10 I))) (z v7)) (z K (K z)) (x (K S x (z I v30 x) (K (v16 (x B)))))
v9 x x (v7 (S v7 I)) (z I B I (v30 x (K (K I)) (x (v10 I))) (z v7)) (z K (K z)) (x (S (z I v30 x) (K (v16 (x B)))))
