v12 (v18 (z z (B (z (S S) z) (I (v24 (v29 x)) z) (K (v16 I (z I)) S)))) K z
v12 (v18 (z z (z (S S) z (I (v24 (v29 x)) z (K (v16 I (z I)) S))))) K z
v12 (v18 (z z (z (S S) z (v24 (v29 x) z (K (v16 I (z I)) S))))) K z
v12 (v18 (z z (z (S S) z (v24 (v29 x) z (v16 I (z I)))))) K z
x (I S)
x S
I (x (B v29 S) (z (I z x) (K (B x) S) I)) (v12 (I v1) (I B x (v10 (I (K v3)) (K (v26 S) (B x))) I) (z (z B) S (z (B x))))
x (B v29 S) (z (I z x) (K (B x) S) I) (v12 (I v1) (I B x (v10 (I (K v3)) (K (v26 S) (B x))) I) (z (z B) S (z (B x))))
x (B v29 S) (z (z x) (K (B x) S) I) (v12 (I v1) (I B x (v10 (I (K v3)) (K (v26 S) (B x))) I) (z (z B) S (z (B x))))
x (B v29 S) (z (z x) (B x) I) (v12 (I v1) (I B x (v10 (I (K v3)) (K (v26 S) (B x))) I) (z (z B) S (z (B x))))
x (B v29 S) (z (z x) (B x) I) (v12 v1 (I B x (v10 (I (K v3)) (K (v26 S) (B x))) I) (z (z B) S (z (B x))))
x (B v29 S) (z (z x) (B x) I) (v12 v1 (B x (v10 (I (K v3)) (K (v26 S) (B x))) I) (z (z B) S (z (B x))))
x (B v29 S) (z (z x) (B x) I) (v12 v1 (x (v10 (I (K v3)) (K (v26 S) (B x)) I)) (z (z B) S (z (B x))))
x (B v29 S) (z (z x) (B x) I) (v12 v1 (x (v10 (K v3) (K (v26 S) (B x)) I)) (z (z B) S (z (B x))))
x (B v29 S) (z (z x) (B x) I) (v12 v1 (x (v10 (K v3) (v26 S) I)) (z (z B) S (z (B x))))
v7
x (S S) K S S (B (S (S (x (x z (v23 v29))))))
x (B B) (I K) K (v15 (v22 v21 (v29 (B S)))) (B (z z S x (K (v13 (z x))) (z (K x)) (S v27)) x (K (I B B S (z I) (x v13) (B S (S (B I (v28 (x I))))) S B)))
x (B B) K K (v15 (v22 v21 (v29 (B S)))) (B (z z S x (K (v13 (z x))) (z (K x)) (S v27)) x (K (I B B S (z I) (x v13) (B S (S (B I (v28 (x I))))) S B)))
x (B B) K K (v15 (v22 v21 (v29 (B S)))) (z z S x (K (v13 (z x))) (z (K x)) (S v27) (x (K (I B B S (z I) (x v13) (B S (S (B I (v28 (x I))))) S B))))
x (B B) K K (v15 (v22 v21 (v29 (B S)))) (z z S x (K (v13 (z x))) (z (K x)) (S v27) (x (K (B B S (z I) (x v13) (B S (S (B I (v28 (x I))))) S B))))
x (B B) K K (v15 (v22 v21 (v29 (B S)))) (z z S x (K (v13 (z x))) (z (K x)) (S v27) (x (K (B (S (z I)) (x v13) (B S (S (B I (v28 (x I))))) S B))))
x (B B) K K (v15 (v22 v21 (v29 (B S)))) (z z S x (K (v13 (z x))) (z (K x)) (S v27) (x (K (S (z I) (x v13 (B S (S (B I (v28 (x I)))))) S B))))
x (B B) K K (v15 (v22 v21 (v29 (B S)))) (z z S x (K (v13 (z x))) (z (K x)) (S v27) (x (K (z I S (x v13 (B S (S (B I (v28 (x I))))) S) B))))
S (S S (v23 (S z) (K (x K (v25 (x v5)))) (S (I S I) (v11 z))) (z (x z (x v13 (I S)))))
S (S (z (x z (x v13 (I S)))) (v23 (S z) (K (x K (v25 (x v5)))) (S (I S I) (v11 z)) (z (x z (x v13 (I S))))))
S (S (z (x z (x v13 S))) (v23 (S z) (K (x K (v25 (x v5)))) (S (I S I) (v11 z)) (z (x z (x v13 (I S))))))
S (S (z (x z (x v13 S))) (v23 (S z) (K (x K (v25 (x v5)))) (S (S I) (v11 z)) (z (x z (x v13 (I S))))))
S (S (z (x z (x v13 S))) (v23 (S z) (K (x K (v25 (x v5)))) (S (S I) (v11 z)) (z (x z (x v13 S)))))
K x K S (x (B I I (I v9) S v6) (K (v17 (v8 (z I) x v6) (x x))) (v18 (I (B (K I K z K K K))) (x S (I x) (z v22 S))) (B x (B (I B))))
x S (x (B I I (I v9) S v6) (K (v17 (v8 (z I) x v6) (x x))) (v18 (I (B (K I K z K K K))) (x S (I x) (z v22 S))) (B x (B (I B))))
x S (x (I (I (I v9)) S v6) (K (v17 (v8 (z I) x v6) (x x))) (v18 (I (B (K I K z K K K))) (x S (I x) (z v22 S))) (B x (B (I B))))
x S (x (I (I v9) S v6) (K (v17 (v8 (z I) x v6) (x x))) (v18 (I (B (K I K z K K K))) (x S (I x) (z v22 S))) (B x (B (I B))))
x S (x (I v9 S v6) (K (v17 (v8 (z I) x v6) (x x))) (v18 (I (B (K I K z K K K))) (x S (I x) (z v22 S))) (B x (B (I B))))
x S (x (v9 S v6) (K (v17 (v8 (z I) x v6) (x x))) (v18 (I (B (K I K z K K K))) (x S (I x) (z v22 S))) (B x (B (I B))))
x S (x (v9 S v6) (K (v17 (v8 (z I) x v6) (x x))) (v18 (B (K I K z K K K)) (x S (I x) (z v22 S))) (B x (B (I B))))
x S (x (v9 S v6) (K (v17 (v8 (z I) x v6) (x x))) (v18 (B (I z K K K)) (x S (I x) (z v22 S))) (B x (B (I B))))
x S (x (v9 S v6) (K (v17 (v8 (z I) x v6) (x x))) (v18 (B (z K K K)) (x S (I x) (z v22 S))) (B x (B (I B))))
x S (x (v9 S v6) (K (v17 (v8 (z I) x v6) (x x))) (v18 (B (z K K K)) (x S x (z v22 S))) (B x (B (I B))))
x S (x (v9 S v6) (K (v17 (v8 (z I) x v6) (x x))) (v18 (B (z K K K)) (x S x (z v22 S))) (B x (B B)))
I
v21 (S (x S (x (I I) (S I (K (K B (x B)))) (x (z K z (B (I I)))) (I I (S z)) (I (z (I (x z) v22)) K) (B (S S (z v1 (I z I)))))))
v21 (S (x S (x I (S I (K (K B (x B)))) (x (z K z (B (I I)))) (I I (S z)) (I (z (I (x z) v22)) K) (B (S S (z v1 (I z I)))))))
v21 (S (x S (x I (S I (K B)) (x (z K z (B (I I)))) (I I (S z)) (I (z (I (x z) v22)) K) (B (S S (z v1 (I z I)))))))
v21 (S (x S (x I (S I (K B)) (x (z K z (B I))) (I I (S z)) (I (z (I (x z) v22)) K) (B (S S (z v1 (I z I)))))))
v21 (S (x S (x I (S I (K B)) (x (z K z (B I))) (I (S z)) (I (z (I (x z) v22)) K) (B (S S (z v1 (I z I)))))))
v21 (S (x S (x I (S I (K B)) (x (z K z (B I))) (S z) (I (z (I (x z) v22)) K) (B (S S (z v1 (I z I)))))))
v21 (S (x S (x I (S I (K B)) (x (z K z (B I))) (S z) (z (I (x z) v22) K) (B (S S (z v1 (I z I)))))))
v21 (S (x S (x I (S I (K B)) (x (z K z (B I))) (S z) (z (x z v22) K) (B (S S (z v1 (I z I)))))))
v21 (S (x S (x I (S I (K B)) (x (z K z (B I))) (S z) (z (x z v22) K) (B (S S (z v1 (z I)))))))
