x z (z (S I (I x v24) (B I (B x))) (K v24 x (S (v5 B))) x S) (I z (B z z (B (v28 (B K))) (I x (K (v13 I z)) (I v24 x (K B) (I (B K v20 (x z)) B)))) (I (S (x I) K) (B (K (S (z x) (z (I z S) S)) z) (I (v22 K) x))) (z v6 K (v21 (I B) v30 x) I))
x z (z (I (B I (B x)) (I x v24 (B I (B x)))) (K v24 x (S (v5 B))) x S) (I z (B z z (B (v28 (B K))) (I x (K (v13 I z)) (I v24 x (K B) (I (B K v20 (x z)) B)))) (I (S (x I) K) (B (K (S (z x) (z (I z S) S)) z) (I (v22 K) x))) (z v6 K (v21 (I B) v30 x) I))
x z (z (B I (B x) (I x v24 (B I (B x)))) (K v24 x (S (v5 B))) x S) (I z (B z z (B (v28 (B K))) (I x (K (v13 I z)) (I v24 x (K B) (I (B K v20 (x z)) B)))) (I (S (x I) K) (B (K (S (z x) (z (I z S) S)) z) (I (v22 K) x))) (z v6 K (v21 (I B) v30 x) I))
x z (z (I (B x (I x v24 (B I (B x))))) (K v24 x (S (v5 B))) x S) (I z (B z z (B (v28 (B K))) (I x (K (v13 I z)) (I v24 x (K B) (I (B K v20 (x z)) B)))) (I (S (x I) K) (B (K (S (z x) (z (I z S) S)) z) (I (v22 K) x))) (z v6 K (v21 (I B) v30 x) I))
x z (z (B x (I x v24 (B I (B x)))) (K v24 x (S (v5 B))) x S) (I z (B z z (B (v28 (B K))) (I x (K (v13 I z)) (I v24 x (K B) (I (B K v20 (x z)) B)))) (I (S (x I) K) (B (K (S (z x) (z (I z S) S)) z) (I (v22 K) x))) (z v6 K (v21 (I B) v30 x) I))
x z (z (B x (x v24 (B I (B x)))) (K v24 x (S (v5 B))) x S) (I z (B z z (B (v28 (B K))) (I x (K (v13 I z)) (I v24 x (K B) (I (B K v20 (x z)) B)))) (I (S (x I) K) (B (K (S (z x) (z (I z S) S)) z) (I (v22 K) x))) (z v6 K (v21 (I B) v30 x) I))
x z (z (B x (x v24 (B I (B x)))) (v24 (S (v5 B))) x S) (I z (B z z (B (v28 (B K))) (I x (K (v13 I z)) (I v24 x (K B) (I (B K v20 (x z)) B)))) (I (S (x I) K) (B (K (S (z x) (z (I z S) S)) z) (I (v22 K) x))) (z v6 K (v21 (I B) v30 x) I))
x z (z (B x (x v24 (B I (B x)))) (v24 (S (v5 B))) x S) (z (B z z (B (v28 (B K))) (I x (K (v13 I z)) (I v24 x (K B) (I (B K v20 (x z)) B)))) (I (S (x I) K) (B (K (S (z x) (z (I z S) S)) z) (I (v22 K) x))) (z v6 K (v21 (I B) v30 x) I))
x z (z (B x (x v24 (B I (B x)))) (v24 (S (v5 B))) x S) (z (z (z (B (v28 (B K)))) (I x (K (v13 I z)) (I v24 x (K B) (I (B K v20 (x z)) B)))) (I (S (x I) K) (B (K (S (z x) (z (I z S) S)) z) (I (v22 K) x))) (z v6 K (v21 (I B) v30 x) I))
x z (z (B x (x v24 (B I (B x)))) (v24 (S (v5 B))) x S) (z (z (z (B (v28 (B K)))) (x (K (v13 I z)) (I v24 x (K B) (I (B K v20 (x z)) B)))) (I (S (x I) K) (B (K (S (z x) (z (I z S) S)) z) (I (v22 K) x))) (z v6 K (v21 (I B) v30 x) I))
x z (z (B x (x v24 (B I (B x)))) (v24 (S (v5 B))) x S) (z (z (z (B (v28 (B K)))) (x (K (v13 I z)) (v24 x (K B) (I (B K v20 (x z)) B)))) (I (S (x I) K) (B (K (S (z x) (z (I z S) S)) z) (I (v22 K) x))) (z v6 K (v21 (I B) v30 x) I))
x z (z (B x (x v24 (B I (B x)))) (v24 (S (v5 B))) x S) (z (z (z (B (v28 (B K)))) (x (K (v13 I z)) (v24 x (K B) (B K v20 (x z) B)))) (I (S (x I) K) (B (K (S (z x) (z (I z S) S)) z) (I (v22 K) x))) (z v6 K (v21 (I B) v30 x) I))
x z (z (B x (x v24 (B I (B x)))) (v24 (S (v5 B))) x S) (z (z (z (B (v28 (B K)))) (x (K (v13 I z)) (v24 x (K B) (K (v20 (x z)) B)))) (I (S (x I) K) (B (K (S (z x) (z (I z S) S)) z) (I (v22 K) x))) (z v6 K (v21 (I B) v30 x) I))
x z (z (B x (x v24 (B I (B x)))) (v24 (S (v5 B))) x S) (z (z (z (B (v28 (B K)))) (x (K (v13 I z)) (v24 x (K B) (v20 (x z))))) (I (S (x I) K) (B (K (S (z x) (z (I z S) S)) z) (I (v22 K) x))) (z v6 K (v21 (I B) v30 x) I))
x z (z (B x (x v24 (B I (B x)))) (v24 (S (v5 B))) x S) (z (z (z (B (v28 (B K)))) (x (K (v13 I z)) (v24 x (K B) (v20 (x z))))) (S (x I) K (B (K (S (z x) (z (I z S) S)) z) (I (v22 K) x))) (z v6 K (v21 (I B) v30 x) I))
x z (z (B x (x v24 (B I (B x)))) (v24 (S (v5 B))) x S) (z (z (z (B (v28 (B K)))) (x (K (v13 I z)) (v24 x (K B) (v20 (x z))))) (x I (B (K (S (z x) (z (I z S) S)) z) (I (v22 K) x)) (K (B (K (S (z x) (z (I z S) S)) z) (I (v22 K) x)))) (z v6 K (v21 (I B) v30 x) I))
x z (z (B x (x v24 (B I (B x)))) (v24 (S (v5 B))) x S) (z (z (z (B (v28 (B K)))) (x (K (v13 I z)) (v24 x (K B) (v20 (x z))))) (x I (B (S (z x) (z (I z S) S)) (I (v22 K) x)) (K (B (K (S (z x) (z (I z S) S)) z) (I (v22 K) x)))) (z v6 K (v21 (I B) v30 x) I))
x z (z (B x (x v24 (B I (B x)))) (v24 (S (v5 B))) x S) (z (z (z (B (v28 (B K)))) (x (K (v13 I z)) (v24 x (K B) (v20 (x z))))) (x I (B (S (z x) (z (z S) S)) (I (v22 K) x)) (K (B (K (S (z x) (z (I z S) S)) z) (I (v22 K) x)))) (z v6 K (v21 (I B) v30 x) I))
x z (z (B x (x v24 (B I (B x)))) (v24 (S (v5 B))) x S) (z (z (z (B (v28 (B K)))) (x (K (v13 I z)) (v24 x (K B) (v20 (x z))))) (x I (B (S (z x) (z (z S) S)) (v22 K x)) (K (B (K (S (z x) (z (I z S) S)) z) (I (v22 K) x)))) (z v6 K (v21 (I B) v30 x) I))
x z (z (B x (x v24 (B I (B x)))) (v24 (S (v5 B))) x S) (z (z (z (B (v28 (B K)))) (x (K (v13 I z)) (v24 x (K B) (v20 (x z))))) (x I (B (S (z x) (z (z S) S)) (v22 K x)) (K (B (S (z x) (z (I z S) S)) (I (v22 K) x)))) (z v6 K (v21 (I B) v30 x) I))
x z (z (B x (x v24 (B I (B x)))) (v24 (S (v5 B))) x S) (z (z (z (B (v28 (B K)))) (x (K (v13 I z)) (v24 x (K B) (v20 (x z))))) (x I (B (S (z x) (z (z S) S)) (v22 K x)) (K (B (S (z x) (z (z S) S)) (I (v22 K) x)))) (z v6 K (v21 (I B) v30 x) I))
x z (z (B x (x v24 (B I (B x)))) (v24 (S (v5 B))) x S) (z (z (z (B (v28 (B K)))) (x (K (v13 I z)) (v24 x (K B) (v20 (x z))))) (x I (B (S (z x) (z (z S) S)) (v22 K x)) (K (B (S (z x) (z (z S) S)) (v22 K x)))) (z v6 K (v21 (I B) v30 x) I))
x z (z (B x (x v24 (B I (B x)))) (v24 (S (v5 B))) x S) (z (z (z (B (v28 (B K)))) (x (K (v13 I z)) (v24 x (K B) (v20 (x z))))) (x I (B (S (z x) (z (z S) S)) (v22 K x)) (K (B (S (z x) (z (z S) S)) (v22 K x)))) (z v6 K (v21 B v30 x) I))
x
I K (S K x K K (x (v5 (K (x v25)) (B B (z K (v3 (S K)))) I) (v19 B (I K) S)) (z K))
K (S K x K K (x (v5 (K (x v25)) (B B (z K (v3 (S K)))) I) (v19 B (I K) S)) (z K))
K (K K (x K) K (x (v5 (K (x v25)) (B B (z K (v3 (S K)))) I) (v19 B (I K) S)) (z K))
K (K K (x (v5 (K (x v25)) (B B (z K (v3 (S K)))) I) (v19 B (I K) S)) (z K))
K (K (z K))
B K S z (K (x B I (z (S (S (S (x B))))) (B (K (S z x)) (z (z I (S B x))) (z K))))
K (S z) (K (x B I (z (S (S (S (x B))))) (B (K (S z x)) (z (z I (S B x))) (z K))))
S z
x S K (v25 (x I v11)) (K z v25 K) (K B) (B K x) (S (v9 (v19 B) x) (I (I (S (v11 v18))) v9 (v25 (B I)) x) (K (v25 (I z)) (S z (S I))) (K I (z S) (B (x K) (B (S z) (K B) x)) B (z (z I) x B)))
x S K (v25 (x I v11)) (z K) (K B) (B K x) (S (v9 (v19 B) x) (I (I (S (v11 v18))) v9 (v25 (B I)) x) (K (v25 (I z)) (S z (S I))) (K I (z S) (B (x K) (B (S z) (K B) x)) B (z (z I) x B)))
x S K (v25 (x I v11)) (z K) (K B) (B K x) (v9 (v19 B) x (K (v25 (I z)) (S z (S I))) (I (I (S (v11 v18))) v9 (v25 (B I)) x (K (v25 (I z)) (S z (S I)))) (K I (z S) (B (x K) (B (S z) (K B) x)) B (z (z I) x B)))
x S K (v25 (x I v11)) (z K) (K B) (B K x) (v9 (v19 B) x (v25 (I z)) (I (I (S (v11 v18))) v9 (v25 (B I)) x (K (v25 (I z)) (S z (S I)))) (K I (z S) (B (x K) (B (S z) (K B) x)) B (z (z I) x B)))
x S K (v25 (x I v11)) (z K) (K B) (B K x) (v9 (v19 B) x (v25 z) (I (I (S (v11 v18))) v9 (v25 (B I)) x (K (v25 (I z)) (S z (S I)))) (K I (z S) (B (x K) (B (S z) (K B) x)) B (z (z I) x B)))
x S K (v25 (x I v11)) (z K) (K B) (B K x) (v9 (v19 B) x (v25 z) (I (S (v11 v18)) v9 (v25 (B I)) x (K (v25 (I z)) (S z (S I)))) (K I (z S) (B (x K) (B (S z) (K B) x)) B (z (z I) x B)))
x S K (v25 (x I v11)) (z K) (K B) (B K x) (v9 (v19 B) x (v25 z) (S (v11 v18) v9 (v25 (B I)) x (K (v25 (I z)) (S z (S I)))) (K I (z S) (B (x K) (B (S z) (K B) x)) B (z (z I) x B)))
x S K (v25 (x I v11)) (z K) (K B) (B K x) (v9 (v19 B) x (v25 z) (v11 v18 (v25 (B I)) (v9 (v25 (B I))) x (K (v25 (I z)) (S z (S I)))) (K I (z S) (B (x K) (B (S z) (K B) x)) B (z (z I) x B)))
x S K (v25 (x I v11)) (z K) (K B) (B K x) (v9 (v19 B) x (v25 z) (v11 v18 (v25 (B I)) (v9 (v25 (B I))) x (v25 (I z))) (K I (z S) (B (x K) (B (S z) (K B) x)) B (z (z I) x B)))
x S K (v25 (x I v11)) (z K) (K B) (B K x) (v9 (v19 B) x (v25 z) (v11 v18 (v25 (B I)) (v9 (v25 (B I))) x (v25 z)) (K I (z S) (B (x K) (B (S z) (K B) x)) B (z (z I) x B)))
x S K (v25 (x I v11)) (z K) (K B) (B K x) (v9 (v19 B) x (v25 z) (v11 v18 (v25 (B I)) (v9 (v25 (B I))) x (v25 z)) (I (B (x K) (B (S z) (K B) x)) B (z (z I) x B)))
x S K (v25 (x I v11)) (z K) (K B) (B K x) (v9 (v19 B) x (v25 z) (v11 v18 (v25 (B I)) (v9 (v25 (B I))) x (v25 z)) (B (x K) (B (S z) (K B) x) B (z (z I) x B)))
x S K (v25 (x I v11)) (z K) (K B) (B K x) (v9 (v19 B) x (v25 z) (v11 v18 (v25 (B I)) (v9 (v25 (B I))) x (v25 z)) (x K (B (S z) (K B) x B) (z (z I) x B)))
x S K (v25 (x I v11)) (z K) (K B) (B K x) (v9 (v19 B) x (v25 z) (v11 v18 (v25 (B I)) (v9 (v25 (B I))) x (v25 z)) (x K (S z (K B x) B) (z (z I) x B)))
x S K (v25 (x I v11)) (z K) (K B) (B K x) (v9 (v19 B) x (v25 z) (v11 v18 (v25 (B I)) (v9 (v25 (B I))) x (v25 z)) (x K (z B (K B x B)) (z (z I) x B)))
x S K (v25 (x I v11)) (z K) (K B) (B K x) (v9 (v19 B) x (v25 z) (v11 v18 (v25 (B I)) (v9 (v25 (B I))) x (v25 z)) (x K (z B (B B)) (z (z I) x B)))
I v7
v7
I (S z (I (z (x (S z)))) B) x v11
S z (I (z (x (S z)))) B x v11
z B (I (z (x (S z))) B) x v11
z B (z (x (S z)) B) x v11
K
I
B z (K S (v27 S K z) (K (x K (S (x (x x v26 (I B) (v6 z))) (B (S (K B)) S (I K)))))) (S v21)
z (K S (v27 S K z) (K (x K (S (x (x x v26 (I B) (v6 z))) (B (S (K B)) S (I K))))) (S v21))
z (S (K (x K (S (x (x x v26 (I B) (v6 z))) (B (S (K B)) S (I K))))) (S v21))
z (S (K (x K (S (x (x x v26 B (v6 z))) (B (S (K B)) S (I K))))) (S v21))
z (S (K (x K (S (x (x x v26 B (v6 z))) (S (K B) (S (I K)))))) (S v21))
z (S (K (x K (S (x (x x v26 B (v6 z))) (S (K B) (S K))))) (S v21))
