z K (I (S I) (x (B I B (K (z S S))) (K (z (x (S K)) v17))) z)
z K (S I (x (B I B (K (z S S))) (K (z (x (S K)) v17))) z)
z K (I z (x (B I B (K (z S S))) (K (z (x (S K)) v17)) z))
z K (z (x (B I B (K (z S S))) (K (z (x (S K)) v17)) z))
z K (z (x (I (B (K (z S S)))) (K (z (x (S K)) v17)) z))
z K (z (x (B (K (z S S))) (K (z (x (S K)) v17)) z))
K
I v12 (z B (z (v25 S)) (K S x B z (B (v13 (z S)) (x S))) (z K (K (S I I) x) z (B (I B))) (z (B (v27 I) (B z)))) (x K (S (K (x z) S) B (x x B)) z) (v2 (S S (z B (z S I)) (z x K) z (K K S I (x B (z I B I) (v28 (S S) K))) v15 (I I) (S B)))
v12 (z B (z (v25 S)) (K S x B z (B (v13 (z S)) (x S))) (z K (K (S I I) x) z (B (I B))) (z (B (v27 I) (B z)))) (x K (S (K (x z) S) B (x x B)) z) (v2 (S S (z B (z S I)) (z x K) z (K K S I (x B (z I B I) (v28 (S S) K))) v15 (I I) (S B)))
v12 (z B (z (v25 S)) (S B z (B (v13 (z S)) (x S))) (z K (K (S I I) x) z (B (I B))) (z (B (v27 I) (B z)))) (x K (S (K (x z) S) B (x x B)) z) (v2 (S S (z B (z S I)) (z x K) z (K K S I (x B (z I B I) (v28 (S S) K))) v15 (I I) (S B)))
v12 (z B (z (v25 S)) (B (B (v13 (z S)) (x S)) (z (B (v13 (z S)) (x S)))) (z K (K (S I I) x) z (B (I B))) (z (B (v27 I) (B z)))) (x K (S (K (x z) S) B (x x B)) z) (v2 (S S (z B (z S I)) (z x K) z (K K S I (x B (z I B I) (v28 (S S) K))) v15 (I I) (S B)))
v12 (z B (z (v25 S)) (B (B (v13 (z S)) (x S)) (z (B (v13 (z S)) (x S)))) (z K (S I I) z (B (I B))) (z (B (v27 I) (B z)))) (x K (S (K (x z) S) B (x x B)) z) (v2 (S S (z B (z S I)) (z x K) z (K K S I (x B (z I B I) (v28 (S S) K))) v15 (I I) (S B)))
v12 (z B (z (v25 S)) (B (B (v13 (z S)) (x S)) (z (B (v13 (z S)) (x S)))) (z K (S I I) z (B B)) (z (B (v27 I) (B z)))) (x K (S (K (x z) S) B (x x B)) z) (v2 (S S (z B (z S I)) (z x K) z (K K S I (x B (z I B I) (v28 (S S) K))) v15 (I I) (S B)))
v12 (z B (z (v25 S)) (B (B (v13 (z S)) (x S)) (z (B (v13 (z S)) (x S)))) (z K (S I I) z (B B)) (z (B (v27 I) (B z)))) (x K (K (x z) S (x x B) (B (x x B))) z) (v2 (S S (z B (z S I)) (z x K) z (K K S I (x B (z I B I) (v28 (S S) K))) v15 (I I) (S B)))
v12 (z B (z (v25 S)) (B (B (v13 (z S)) (x S)) (z (B (v13 (z S)) (x S)))) (z K (S I I) z (B B)) (z (B (v27 I) (B z)))) (x K (x z (x x B) (B (x x B))) z) (v2 (S S (z B (z S I)) (z x K) z (K K S I (x B (z I B I) (v28 (S S) K))) v15 (I I) (S B)))
v12 (z B (z (v25 S)) (B (B (v13 (z S)) (x S)) (z (B (v13 (z S)) (x S)))) (z K (S I I) z (B B)) (z (B (v27 I) (B z)))) (x K (x z (x x B) (B (x x B))) z) (v2 (S (z x K) (z B (z S I) (z x K)) z (K K S I (x B (z I B I) (v28 (S S) K))) v15 (I I) (S B)))
v12 (z B (z (v25 S)) (B (B (v13 (z S)) (x S)) (z (B (v13 (z S)) (x S)))) (z K (S I I) z (B B)) (z (B (v27 I) (B z)))) (x K (x z (x x B) (B (x x B))) z) (v2 (z x K z (z B (z S I) (z x K) z) (K K S I (x B (z I B I) (v28 (S S) K))) v15 (I I) (S B)))
v12 (z B (z (v25 S)) (B (B (v13 (z S)) (x S)) (z (B (v13 (z S)) (x S)))) (z K (S I I) z (B B)) (z (B (v27 I) (B z)))) (x K (x z (x x B) (B (x x B))) z) (v2 (z x K z (z B (z S I) (z x K) z) (K I (x B (z I B I) (v28 (S S) K))) v15 (I I) (S B)))
v12 (z B (z (v25 S)) (B (B (v13 (z S)) (x S)) (z (B (v13 (z S)) (x S)))) (z K (S I I) z (B B)) (z (B (v27 I) (B z)))) (x K (x z (x x B) (B (x x B))) z) (v2 (z x K z (z B (z S I) (z x K) z) I v15 (I I) (S B)))
v12 (z B (z (v25 S)) (B (B (v13 (z S)) (x S)) (z (B (v13 (z S)) (x S)))) (z K (S I I) z (B B)) (z (B (v27 I) (B z)))) (x K (x z (x x B) (B (x x B))) z) (v2 (z x K z (z B (z S I) (z x K) z) I v15 I (S B)))
x B (K S K I (I (K (K B) (I (I (K x))))) (S I z)) (x x (B (S I K (K (z v8) B)) I (v21 K v16 (I S) (B x S K))))
x B (S I (I (K (K B) (I (I (K x))))) (S I z)) (x x (B (S I K (K (z v8) B)) I (v21 K v16 (I S) (B x S K))))
x B (I (S I z) (I (K (K B) (I (I (K x)))) (S I z))) (x x (B (S I K (K (z v8) B)) I (v21 K v16 (I S) (B x S K))))
x B (S I z (I (K (K B) (I (I (K x)))) (S I z))) (x x (B (S I K (K (z v8) B)) I (v21 K v16 (I S) (B x S K))))
x B (I (I (K (K B) (I (I (K x)))) (S I z)) (z (I (K (K B) (I (I (K x)))) (S I z)))) (x x (B (S I K (K (z v8) B)) I (v21 K v16 (I S) (B x S K))))
x B (I (K (K B) (I (I (K x)))) (S I z) (z (I (K (K B) (I (I (K x)))) (S I z)))) (x x (B (S I K (K (z v8) B)) I (v21 K v16 (I S) (B x S K))))
x B (K (K B) (I (I (K x))) (S I z) (z (I (K (K B) (I (I (K x)))) (S I z)))) (x x (B (S I K (K (z v8) B)) I (v21 K v16 (I S) (B x S K))))
x B (K B (S I z) (z (I (K (K B) (I (I (K x)))) (S I z)))) (x x (B (S I K (K (z v8) B)) I (v21 K v16 (I S) (B x S K))))
x B (B (z (I (K (K B) (I (I (K x)))) (S I z)))) (x x (B (S I K (K (z v8) B)) I (v21 K v16 (I S) (B x S K))))
x B (B (z (K (K B) (I (I (K x))) (S I z)))) (x x (B (S I K (K (z v8) B)) I (v21 K v16 (I S) (B x S K))))
x B (B (z (K B (S I z)))) (x x (B (S I K (K (z v8) B)) I (v21 K v16 (I S) (B x S K))))
x B (B (z B)) (x x (B (S I K (K (z v8) B)) I (v21 K v16 (I S) (B x S K))))
x B (B (z B)) (x x (S I K (K (z v8) B) (I (v21 K v16 (I S) (B x S K)))))
x B (B (z B)) (x x (I (K (z v8) B) (K (K (z v8) B)) (I (v21 K v16 (I S) (B x S K)))))
x B (B (z B)) (x x (K (z v8) B (K (K (z v8) B)) (I (v21 K v16 (I S) (B x S K)))))
x B (B (z B)) (x x (z v8 (K (K (z v8) B)) (I (v21 K v16 (I S) (B x S K)))))
x B (B (z B)) (x x (z v8 (K (z v8)) (I (v21 K v16 (I S) (B x S K)))))
x B (B (z B)) (x x (z v8 (K (z v8)) (v21 K v16 (I S) (B x S K))))
x B (B (z B)) (x x (z v8 (K (z v8)) (v21 K v16 S (B x S K))))
x B (B (z B)) (x x (z v8 (K (z v8)) (v21 K v16 S (x (S K)))))
S S K (S (K v30) (K S (S K) K) (z K) (S x (B (K (z x z)) v0)))
S (S (K v30) (K S (S K) K) (z K) (S x (B (K (z x z)) v0))) (K (S (K v30) (K S (S K) K) (z K) (S x (B (K (z x z)) v0))))
S (K v30 (z K) (K S (S K) K (z K)) (S x (B (K (z x z)) v0))) (K (S (K v30) (K S (S K) K) (z K) (S x (B (K (z x z)) v0))))
S (v30 (K S (S K) K (z K)) (S x (B (K (z x z)) v0))) (K (S (K v30) (K S (S K) K) (z K) (S x (B (K (z x z)) v0))))
S (v30 (S K (z K)) (S x (B (K (z x z)) v0))) (K (S (K v30) (K S (S K) K) (z K) (S x (B (K (z x z)) v0))))
S (v30 (S K (z K)) (S x (B (K (z x z)) v0))) (K (K v30 (z K) (K S (S K) K (z K)) (S x (B (K (z x z)) v0))))
S (v30 (S K (z K)) (S x (B (K (z x z)) v0))) (K (v30 (K S (S K) K (z K)) (S x (B (K (z x z)) v0))))
S (v30 (S K (z K)) (S x (B (K (z x z)) v0))) (K (v30 (S K (z K)) (S x (B (K (z x z)) v0))))
S (S (x (v21 (I x (S z z S)) I (S z x z K) x (B (K z)) (K (S (x B K K) x) (I (S S))))))
S (S (x (v21 (x (S z z S)) I (S z x z K) x (B (K z)) (K (S (x B K K) x) (I (S S))))))
S (S (x (v21 (x (z S (z S))) I (S z x z K) x (B (K z)) (K (S (x B K K) x) (I (S S))))))
S (S (x (v21 (x (z S (z S))) I (z z (x z) K) x (B (K z)) (K (S (x B K K) x) (I (S S))))))
S (S (x (v21 (x (z S (z S))) I (z z (x z) K) x (B (K z)) (S (x B K K) x))))
K (z (z (B (z B) v18) (x (S (I (B S) B))) B)) z (S B) (I (S (B x K v27)) K B I (K (x v10)))
z (z (B (z B) v18) (x (S (I (B S) B))) B) (S B) (I (S (B x K v27)) K B I (K (x v10)))
z (z (B (z B) v18) (x (S (B S B))) B) (S B) (I (S (B x K v27)) K B I (K (x v10)))
z (z (B (z B) v18) (x (S (B S B))) B) (S B) (S (B x K v27) K B I (K (x v10)))
z (z (B (z B) v18) (x (S (B S B))) B) (S B) (B x K v27 B (K B) I (K (x v10)))
z (z (B (z B) v18) (x (S (B S B))) B) (S B) (x (K v27) B (K B) I (K (x v10)))
S (K I z B K (z (z x (S x) I (x z (S (v24 x)))))) (I K) (K (S K) (S v20) (S x) (K (S (x I) (z (v3 I))) K) (x I) K)
K I z B K (z (z x (S x) I (x z (S (v24 x))))) (K (S K) (S v20) (S x) (K (S (x I) (z (v3 I))) K) (x I) K) (I K (K (S K) (S v20) (S x) (K (S (x I) (z (v3 I))) K) (x I) K))
I B K (z (z x (S x) I (x z (S (v24 x))))) (K (S K) (S v20) (S x) (K (S (x I) (z (v3 I))) K) (x I) K) (I K (K (S K) (S v20) (S x) (K (S (x I) (z (v3 I))) K) (x I) K))
B K (z (z x (S x) I (x z (S (v24 x))))) (K (S K) (S v20) (S x) (K (S (x I) (z (v3 I))) K) (x I) K) (I K (K (S K) (S v20) (S x) (K (S (x I) (z (v3 I))) K) (x I) K))
K (z (z x (S x) I (x z (S (v24 x)))) (K (S K) (S v20) (S x) (K (S (x I) (z (v3 I))) K) (x I) K)) (I K (K (S K) (S v20) (S x) (K (S (x I) (z (v3 I))) K) (x I) K))
z (z x (S x) I (x z (S (v24 x)))) (K (S K) (S v20) (S x) (K (S (x I) (z (v3 I))) K) (x I) K)
z (z x (S x) I (x z (S (v24 x)))) (S K (S x) (K (S (x I) (z (v3 I))) K) (x I) K)
z (z x (S x) I (x z (S (v24 x)))) (K (K (S (x I) (z (v3 I))) K) (S x (K (S (x I) (z (v3 I))) K)) (x I) K)
z (z x (S x) I (x z (S (v24 x)))) (K (S (x I) (z (v3 I))) K (x I) K)
z (z x (S x) I (x z (S (v24 x)))) (S (x I) (z (v3 I)) (x I) K)
z (z x (S x) I (x z (S (v24 x)))) (x I (x I) (z (v3 I) (x I)) K)
x (K (x (z v7) (K (B v0) (I B))) z (I B)) (S (z (I (I z B))) (K K))
x (x (z v7) (K (B v0) (I B)) (I B)) (S (z (I (I z B))) (K K))
x (x (z v7) (B v0) (I B)) (S (z (I (I z B))) (K K))
x (x (z v7) (B v0) B) (S (z (I (I z B))) (K K))
x (x (z v7) (B v0) B) (S (z (I z B)) (K K))
x (x (z v7) (B v0) B) (S (z (z B)) (K K))
I x z (B S)
x z (B S)
