S K (z I (S x) (K x) (v4 (B z (z B (z z v26)))))
v9 x (v13 I S) (v30 (v26 (v0 (I I K)))) v1
v9 x (v13 I S) (v30 (v26 (v0 (I K)))) v1
v9 x (v13 I S) (v30 (v26 (v0 K))) v1
S (v28 (K I)) (I (v18 x) S (S (v2 K)))
S (v28 (K I)) (v18 x S (S (v2 K)))
I B (v24 (B K B z) (v6 (B S I) z I) (B S (x (K B S) B (x (B K v10) x x x)) (S (z B S (z K) K K (v10 (K S) K)))) x)
B (v24 (B K B z) (v6 (B S I) z I) (B S (x (K B S) B (x (B K v10) x x x)) (S (z B S (z K) K K (v10 (K S) K)))) x)
B (v24 (K (B z)) (v6 (B S I) z I) (B S (x (K B S) B (x (B K v10) x x x)) (S (z B S (z K) K K (v10 (K S) K)))) x)
B (v24 (K (B z)) (v6 (B S I) z I) (S (x (K B S) B (x (B K v10) x x x) (S (z B S (z K) K K (v10 (K S) K))))) x)
B (v24 (K (B z)) (v6 (B S I) z I) (S (x B B (x (B K v10) x x x) (S (z B S (z K) K K (v10 (K S) K))))) x)
S K x
v14 (z (v4 S)) (z x (K v9 x z)) I (v17 (x v21 I z)) (S x) (v4 (I (K K S) B (z S z z) x))
v14 (z (v4 S)) (z x (v9 z)) I (v17 (x v21 I z)) (S x) (v4 (I (K K S) B (z S z z) x))
v14 (z (v4 S)) (z x (v9 z)) I (v17 (x v21 I z)) (S x) (v4 (K K S B (z S z z) x))
v14 (z (v4 S)) (z x (v9 z)) I (v17 (x v21 I z)) (S x) (v4 (K B (z S z z) x))
v14 (z (v4 S)) (z x (v9 z)) I (v17 (x v21 I z)) (S x) (v4 (B x))
v18 (v7 (x B (B (z (S (K v8) x)) B)) S)
z B v24 B K v21 z (K (x (x z) z) (B I S) (B (z I (S B) S x (x I) K)) (I z (B B z) (x z B K) z) (K K) (B v27 (K v11) B)) (z (I (K x)) B (S I (I (K (v30 S) I))) (B (x (B B) I (S S) v16) x))
z B v24 B K v21 z (x (x z) z (B (z I (S B) S x (x I) K)) (I z (B B z) (x z B K) z) (K K) (B v27 (K v11) B)) (z (I (K x)) B (S I (I (K (v30 S) I))) (B (x (B B) I (S S) v16) x))
z B v24 B K v21 z (x (x z) z (B (z I (S B) S x (x I) K)) (z (B B z) (x z B K) z) (K K) (B v27 (K v11) B)) (z (I (K x)) B (S I (I (K (v30 S) I))) (B (x (B B) I (S S) v16) x))
z B v24 B K v21 z (x (x z) z (B (z I (S B) S x (x I) K)) (z (B B z) (x z B K) z) (K K) (v27 (K v11 B))) (z (I (K x)) B (S I (I (K (v30 S) I))) (B (x (B B) I (S S) v16) x))
z B v24 B K v21 z (x (x z) z (B (z I (S B) S x (x I) K)) (z (B B z) (x z B K) z) (K K) (v27 v11)) (z (I (K x)) B (S I (I (K (v30 S) I))) (B (x (B B) I (S S) v16) x))
z B v24 B K v21 z (x (x z) z (B (z I (S B) S x (x I) K)) (z (B B z) (x z B K) z) (K K) (v27 v11)) (z (K x) B (S I (I (K (v30 S) I))) (B (x (B B) I (S S) v16) x))
z B v24 B K v21 z (x (x z) z (B (z I (S B) S x (x I) K)) (z (B B z) (x z B K) z) (K K) (v27 v11)) (z (K x) B (S I (K (v30 S) I)) (B (x (B B) I (S S) v16) x))
z B v24 B K v21 z (x (x z) z (B (z I (S B) S x (x I) K)) (z (B B z) (x z B K) z) (K K) (v27 v11)) (z (K x) B (S I (v30 S)) (B (x (B B) I (S S) v16) x))
I (B (v0 S) (S I (x K) (x (S (S (S S)))))) I (K B B I (x (B (B S (v15 S) S) (I I x)) I))
B (v0 S) (S I (x K) (x (S (S (S S))))) I (K B B I (x (B (B S (v15 S) S) (I I x)) I))
v0 S (S I (x K) (x (S (S (S S)))) I) (K B B I (x (B (B S (v15 S) S) (I I x)) I))
v0 S (I (x (S (S (S S)))) (x K (x (S (S (S S))))) I) (K B B I (x (B (B S (v15 S) S) (I I x)) I))
v0 S (x (S (S (S S))) (x K (x (S (S (S S))))) I) (K B B I (x (B (B S (v15 S) S) (I I x)) I))
v0 S (x (S (S (S S))) (x K (x (S (S (S S))))) I) (B I (x (B (B S (v15 S) S) (I I x)) I))
v0 S (x (S (S (S S))) (x K (x (S (S (S S))))) I) (B I (x (B (S (v15 S S)) (I I x)) I))
v0 S (x (S (S (S S))) (x K (x (S (S (S S))))) I) (B I (x (B (S (v15 S S)) (I x)) I))
v0 S (x (S (S (S S))) (x K (x (S (S (S S))))) I) (B I (x (B (S (v15 S S)) x) I))
v30 (S (K K S (S (x K) z) (S S)))
v30 (S (K (S (x K) z) (S S)))
v30 (S (S (x K) z))
