S I (K z (B (I (z S (K I))) B I (z z) S)) (x B (S S (I (x v23 v17)) z)) (x (I (x B (v0 (x S v19)) K) (S (z (B S)) (x v3))) v12)
I (x B (S S (I (x v23 v17)) z)) (K z (B (I (z S (K I))) B I (z z) S) (x B (S S (I (x v23 v17)) z))) (x (I (x B (v0 (x S v19)) K) (S (z (B S)) (x v3))) v12)
x B (S S (I (x v23 v17)) z) (K z (B (I (z S (K I))) B I (z z) S) (x B (S S (I (x v23 v17)) z))) (x (I (x B (v0 (x S v19)) K) (S (z (B S)) (x v3))) v12)
x B (S z (I (x v23 v17) z)) (K z (B (I (z S (K I))) B I (z z) S) (x B (S S (I (x v23 v17)) z))) (x (I (x B (v0 (x S v19)) K) (S (z (B S)) (x v3))) v12)
x B (S z (x v23 v17 z)) (K z (B (I (z S (K I))) B I (z z) S) (x B (S S (I (x v23 v17)) z))) (x (I (x B (v0 (x S v19)) K) (S (z (B S)) (x v3))) v12)
x B (S z (x v23 v17 z)) (z (x B (S S (I (x v23 v17)) z))) (x (I (x B (v0 (x S v19)) K) (S (z (B S)) (x v3))) v12)
x B (S z (x v23 v17 z)) (z (x B (S z (I (x v23 v17) z)))) (x (I (x B (v0 (x S v19)) K) (S (z (B S)) (x v3))) v12)
x B (S z (x v23 v17 z)) (z (x B (S z (x v23 v17 z)))) (x (I (x B (v0 (x S v19)) K) (S (z (B S)) (x v3))) v12)
x B (S z (x v23 v17 z)) (z (x B (S z (x v23 v17 z)))) (x (x B (v0 (x S v19)) K (S (z (B S)) (x v3))) v12)
z (z (I z) (K v1 (x z I z (z (z I))))) (B (v10 (z v25) (I z (B (v5 I) x)) z)) S (I K B K)
z (z z (K v1 (x z I z (z (z I))))) (B (v10 (z v25) (I z (B (v5 I) x)) z)) S (I K B K)
z (z z v1) (B (v10 (z v25) (I z (B (v5 I) x)) z)) S (I K B K)
z (z z v1) (B (v10 (z v25) (z (B (v5 I) x)) z)) S (I K B K)
z (z z v1) (B (v10 (z v25) (z (B (v5 I) x)) z)) S (K B K)
z (z z v1) (B (v10 (z v25) (z (B (v5 I) x)) z)) S B
z
z (I (z B (x K K)) K) I (K (I (B (z (K B I (z x)) S x K v11))))
z (z B (x K K) K) I (K (I (B (z (K B I (z x)) S x K v11))))
z (z B (x K K) K) I (K (B (z (K B I (z x)) S x K v11)))
z (z B (x K K) K) I (K (B (z (B (z x)) S x K v11)))
S (B x x) K (x (B (z x)) (z (B (x (S z I)) B) S z (z z K))) (v10 I K (x (v13 (S I) (K (S (S S)))) (x z) I) (z (x z) K v20) I z)
B x x (x (B (z x)) (z (B (x (S z I)) B) S z (z z K))) (K (x (B (z x)) (z (B (x (S z I)) B) S z (z z K)))) (v10 I K (x (v13 (S I) (K (S (S S)))) (x z) I) (z (x z) K v20) I z)
x (x (x (B (z x)) (z (B (x (S z I)) B) S z (z z K)))) (K (x (B (z x)) (z (B (x (S z I)) B) S z (z z K)))) (v10 I K (x (v13 (S I) (K (S (S S)))) (x z) I) (z (x z) K v20) I z)
x (z (S (I K)) x (x v25) z) (z (K (z z (x v14)) (x I)) K) (x (K (v28 v11 S (I B (z S B))) B (v21 (v24 S)))) (x S (I K)) (I (v3 (x v6) (S B) I (v24 (K K) (K S) z) S))
x (z (S K) x (x v25) z) (z (K (z z (x v14)) (x I)) K) (x (K (v28 v11 S (I B (z S B))) B (v21 (v24 S)))) (x S (I K)) (I (v3 (x v6) (S B) I (v24 (K K) (K S) z) S))
x (z (S K) x (x v25) z) (z (z z (x v14)) K) (x (K (v28 v11 S (I B (z S B))) B (v21 (v24 S)))) (x S (I K)) (I (v3 (x v6) (S B) I (v24 (K K) (K S) z) S))
x (z (S K) x (x v25) z) (z (z z (x v14)) K) (x (v28 v11 S (I B (z S B)) (v21 (v24 S)))) (x S (I K)) (I (v3 (x v6) (S B) I (v24 (K K) (K S) z) S))
x (z (S K) x (x v25) z) (z (z z (x v14)) K) (x (v28 v11 S (B (z S B)) (v21 (v24 S)))) (x S (I K)) (I (v3 (x v6) (S B) I (v24 (K K) (K S) z) S))
x (z (S K) x (x v25) z) (z (z z (x v14)) K) (x (v28 v11 S (B (z S B)) (v21 (v24 S)))) (x S K) (I (v3 (x v6) (S B) I (v24 (K K) (K S) z) S))
x (z (S K) x (x v25) z) (z (z z (x v14)) K) (x (v28 v11 S (B (z S B)) (v21 (v24 S)))) (x S K) (v3 (x v6) (S B) I (v24 (K K) (K S) z) S)
v22 (B (S v19 (S K) (I I) (B I v25 v21)) (v10 z (v28 (S (S (v11 B))) z) v23 (S (B (x B v9)) (B S) B) v24))
v22 (B (v19 (I I) (S K (I I)) (B I v25 v21)) (v10 z (v28 (S (S (v11 B))) z) v23 (S (B (x B v9)) (B S) B) v24))
v22 (B (v19 I (S K (I I)) (B I v25 v21)) (v10 z (v28 (S (S (v11 B))) z) v23 (S (B (x B v9)) (B S) B) v24))
v22 (B (v19 I (S K I) (B I v25 v21)) (v10 z (v28 (S (S (v11 B))) z) v23 (S (B (x B v9)) (B S) B) v24))
v22 (B (v19 I (S K I) (I (v25 v21))) (v10 z (v28 (S (S (v11 B))) z) v23 (S (B (x B v9)) (B S) B) v24))
v22 (B (v19 I (S K I) (v25 v21)) (v10 z (v28 (S (S (v11 B))) z) v23 (S (B (x B v9)) (B S) B) v24))
v22 (B (v19 I (S K I) (v25 v21)) (v10 z (v28 (S (S (v11 B))) z) v23 (B (x B v9) B (B S B)) v24))
v22 (B (v19 I (S K I) (v25 v21)) (v10 z (v28 (S (S (v11 B))) z) v23 (x B v9 (B (B S B))) v24))
S I x (K (v25 v17 v24 (S S) z)) (B (S (K (x (x (v5 K (S K))) (v0 B)) (I B)) (v10 x)))
I (K (v25 v17 v24 (S S) z)) (x (K (v25 v17 v24 (S S) z))) (B (S (K (x (x (v5 K (S K))) (v0 B)) (I B)) (v10 x)))
K (v25 v17 v24 (S S) z) (x (K (v25 v17 v24 (S S) z))) (B (S (K (x (x (v5 K (S K))) (v0 B)) (I B)) (v10 x)))
v25 v17 v24 (S S) z (B (S (K (x (x (v5 K (S K))) (v0 B)) (I B)) (v10 x)))
v25 v17 v24 (S S) z (B (S (x (x (v5 K (S K))) (v0 B)) (v10 x)))
S (B z B)
S
