S
B (K I I) (z (S K) (v10 (x K (z (K B) z z B)) (z z v25 z v10 (K z I z I))) B)
B I (z (S K) (v10 (x K (z (K B) z z B)) (z z v25 z v10 (K z I z I))) B)
B I (z (S K) (v10 (x K (z (K B) z z B)) (z z v25 z v10 (z z I))) B)
B (B B z (I S (z I)) S) (v5 I (K K I (v5 (z (z z)) (S v3 (S (K B) S) B))) v25 (I (I (K (S z S)) I) (z K)))
B (B (z (I S (z I))) S) (v5 I (K K I (v5 (z (z z)) (S v3 (S (K B) S) B))) v25 (I (I (K (S z S)) I) (z K)))
B (B (z (S (z I))) S) (v5 I (K K I (v5 (z (z z)) (S v3 (S (K B) S) B))) v25 (I (I (K (S z S)) I) (z K)))
B (B (z (S (z I))) S) (v5 I (K (v5 (z (z z)) (S v3 (S (K B) S) B))) v25 (I (I (K (S z S)) I) (z K)))
B (B (z (S (z I))) S) (v5 I (K (v5 (z (z z)) (v3 B (S (K B) S B)))) v25 (I (I (K (S z S)) I) (z K)))
B (B (z (S (z I))) S) (v5 I (K (v5 (z (z z)) (v3 B (K B B (S B))))) v25 (I (I (K (S z S)) I) (z K)))
B (B (z (S (z I))) S) (v5 I (K (v5 (z (z z)) (v3 B (B (S B))))) v25 (I (I (K (S z S)) I) (z K)))
B (B (z (S (z I))) S) (v5 I (K (v5 (z (z z)) (v3 B (B (S B))))) v25 (I (K (S z S)) I (z K)))
B (B (z (S (z I))) S) (v5 I (K (v5 (z (z z)) (v3 B (B (S B))))) v25 (K (S z S) I (z K)))
B (B (z (S (z I))) S) (v5 I (K (v5 (z (z z)) (v3 B (B (S B))))) v25 (S z S (z K)))
B (B (z (S (z I))) S) (v5 I (K (v5 (z (z z)) (v3 B (B (S B))))) v25 (z (z K) (S (z K))))
K (I (K z) (B z (x v8 v13) I v1))
K (K z (B z (x v8 v13) I v1))
K z
K
x (z I) (K v16 (B K z K (v6 K)) x) (S (B (B K (x z) v29) (B (K (z v28 z))) (v12 v0)))
x (z I) (v16 x) (S (B (B K (x z) v29) (B (K (z v28 z))) (v12 v0)))
x (z I) (v16 x) (S (B K (x z) v29 (B (K (z v28 z)) (v12 v0))))
x (z I) (v16 x) (S (K (x z v29) (B (K (z v28 z)) (v12 v0))))
x (z I) (v16 x) (S (x z v29))
S (I I x I K (x (B (x K) (K z B I) (z v21 x) (S (K z (B I S x) v29) v20)) (v16 S (v22 (z B) (B (I v22)))) I) (x (z v2) K z) (B (K x (v26 (I (x (K (v19 S I v26))))) (K (z K (x K))) (v28 S)) (I x (I (I z (S B z))))))
S (I x I K (x (B (x K) (K z B I) (z v21 x) (S (K z (B I S x) v29) v20)) (v16 S (v22 (z B) (B (I v22)))) I) (x (z v2) K z) (B (K x (v26 (I (x (K (v19 S I v26))))) (K (z K (x K))) (v28 S)) (I x (I (I z (S B z))))))
S (x I K (x (B (x K) (K z B I) (z v21 x) (S (K z (B I S x) v29) v20)) (v16 S (v22 (z B) (B (I v22)))) I) (x (z v2) K z) (B (K x (v26 (I (x (K (v19 S I v26))))) (K (z K (x K))) (v28 S)) (I x (I (I z (S B z))))))
S (x I K (x (x K (K z B I (z v21 x)) (S (K z (B I S x) v29) v20)) (v16 S (v22 (z B) (B (I v22)))) I) (x (z v2) K z) (B (K x (v26 (I (x (K (v19 S I v26))))) (K (z K (x K))) (v28 S)) (I x (I (I z (S B z))))))
S (x I K (x (x K (z I (z v21 x)) (S (K z (B I S x) v29) v20)) (v16 S (v22 (z B) (B (I v22)))) I) (x (z v2) K z) (B (K x (v26 (I (x (K (v19 S I v26))))) (K (z K (x K))) (v28 S)) (I x (I (I z (S B z))))))
S (x I K (x (x K (z I (z v21 x)) (S (z v29) v20)) (v16 S (v22 (z B) (B (I v22)))) I) (x (z v2) K z) (B (K x (v26 (I (x (K (v19 S I v26))))) (K (z K (x K))) (v28 S)) (I x (I (I z (S B z))))))
S (x I K (x (x K (z I (z v21 x)) (S (z v29) v20)) (v16 S (v22 (z B) (B v22))) I) (x (z v2) K z) (B (K x (v26 (I (x (K (v19 S I v26))))) (K (z K (x K))) (v28 S)) (I x (I (I z (S B z))))))
S (x I K (x (x K (z I (z v21 x)) (S (z v29) v20)) (v16 S (v22 (z B) (B v22))) I) (x (z v2) K z) (B (x (K (z K (x K))) (v28 S)) (I x (I (I z (S B z))))))
S (x I K (x (x K (z I (z v21 x)) (S (z v29) v20)) (v16 S (v22 (z B) (B v22))) I) (x (z v2) K z) (B (x (K (z K (x K))) (v28 S)) (x (I (I z (S B z))))))
S (x I K (x (x K (z I (z v21 x)) (S (z v29) v20)) (v16 S (v22 (z B) (B v22))) I) (x (z v2) K z) (B (x (K (z K (x K))) (v28 S)) (x (I z (S B z)))))
S (x I K (x (x K (z I (z v21 x)) (S (z v29) v20)) (v16 S (v22 (z B) (B v22))) I) (x (z v2) K z) (B (x (K (z K (x K))) (v28 S)) (x (z (S B z)))))
I (S (I v18))
S (I v18)
S v18
I (v5 (x x K x (x B z)) (S x B)) S (v30 (K (S x I) (z z x (K x x (S x x) x (v17 v29)) K))) (I (x K (I (v16 K) x)) K v22 (S K S (I (z (v1 v25))) (z (z K)) (B (B (B S))))) (I (B (x z)) (S K)) (S (z v17) (K S (v11 (K (K (K I) x)) (v26 B)) (B (K B) B K)) (B K))
v5 (x x K x (x B z)) (S x B) S (v30 (K (S x I) (z z x (K x x (S x x) x (v17 v29)) K))) (I (x K (I (v16 K) x)) K v22 (S K S (I (z (v1 v25))) (z (z K)) (B (B (B S))))) (I (B (x z)) (S K)) (S (z v17) (K S (v11 (K (K (K I) x)) (v26 B)) (B (K B) B K)) (B K))
v5 (x x K x (x B z)) (S x B) S (v30 (S x I)) (I (x K (I (v16 K) x)) K v22 (S K S (I (z (v1 v25))) (z (z K)) (B (B (B S))))) (I (B (x z)) (S K)) (S (z v17) (K S (v11 (K (K (K I) x)) (v26 B)) (B (K B) B K)) (B K))
v5 (x x K x (x B z)) (S x B) S (v30 (S x I)) (x K (I (v16 K) x) K v22 (S K S (I (z (v1 v25))) (z (z K)) (B (B (B S))))) (I (B (x z)) (S K)) (S (z v17) (K S (v11 (K (K (K I) x)) (v26 B)) (B (K B) B K)) (B K))
v5 (x x K x (x B z)) (S x B) S (v30 (S x I)) (x K (v16 K x) K v22 (S K S (I (z (v1 v25))) (z (z K)) (B (B (B S))))) (I (B (x z)) (S K)) (S (z v17) (K S (v11 (K (K (K I) x)) (v26 B)) (B (K B) B K)) (B K))
v5 (x x K x (x B z)) (S x B) S (v30 (S x I)) (x K (v16 K x) K v22 (K (I (z (v1 v25))) (S (I (z (v1 v25)))) (z (z K)) (B (B (B S))))) (I (B (x z)) (S K)) (S (z v17) (K S (v11 (K (K (K I) x)) (v26 B)) (B (K B) B K)) (B K))
v5 (x x K x (x B z)) (S x B) S (v30 (S x I)) (x K (v16 K x) K v22 (I (z (v1 v25)) (z (z K)) (B (B (B S))))) (I (B (x z)) (S K)) (S (z v17) (K S (v11 (K (K (K I) x)) (v26 B)) (B (K B) B K)) (B K))
v5 (x x K x (x B z)) (S x B) S (v30 (S x I)) (x K (v16 K x) K v22 (z (v1 v25) (z (z K)) (B (B (B S))))) (I (B (x z)) (S K)) (S (z v17) (K S (v11 (K (K (K I) x)) (v26 B)) (B (K B) B K)) (B K))
v5 (x x K x (x B z)) (S x B) S (v30 (S x I)) (x K (v16 K x) K v22 (z (v1 v25) (z (z K)) (B (B (B S))))) (B (x z) (S K)) (S (z v17) (K S (v11 (K (K (K I) x)) (v26 B)) (B (K B) B K)) (B K))
v5 (x x K x (x B z)) (S x B) S (v30 (S x I)) (x K (v16 K x) K v22 (z (v1 v25) (z (z K)) (B (B (B S))))) (B (x z) (S K)) (z v17 (B K) (K S (v11 (K (K (K I) x)) (v26 B)) (B (K B) B K) (B K)))
v5 (x x K x (x B z)) (S x B) S (v30 (S x I)) (x K (v16 K x) K v22 (z (v1 v25) (z (z K)) (B (B (B S))))) (B (x z) (S K)) (z v17 (B K) (S (B (K B) B K) (B K)))
v5 (x x K x (x B z)) (S x B) S (v30 (S x I)) (x K (v16 K x) K v22 (z (v1 v25) (z (z K)) (B (B (B S))))) (B (x z) (S K)) (z v17 (B K) (S (K B (B K)) (B K)))
v5 (x x K x (x B z)) (S x B) S (v30 (S x I)) (x K (v16 K x) K v22 (z (v1 v25) (z (z K)) (B (B (B S))))) (B (x z) (S K)) (z v17 (B K) (S B (B K)))
x (x K (I (I (S K) z) K (K K) B))
x (x K (I (S K) z K (K K) B))
x (x K (S K z K (K K) B))
x (x K (K K (z K) (K K) B))
x (x K (K (K K) B))
x (x K (K K))
