x x (S (I (S I (v3 (B v10 v10)))) (z (v17 (z (v24 B) (v11 z)) K))) (x z x) (z B) (v11 x (z B (z (z S)) (x v28) (K v7) S) (v9 (v11 z B)))
x x (S (S I (v3 (B v10 v10))) (z (v17 (z (v24 B) (v11 z)) K))) (x z x) (z B) (v11 x (z B (z (z S)) (x v28) (K v7) S) (v9 (v11 z B)))
B
x (v16 (v15 S (I (I z (K B) (z I B (I S) z I v27))))) (x (K v5 v28)) (z B (v4 (z (v24 (S x)))) B) (x B (z v23 (S S I) (z (S I)) (K x)) (x v17 (v4 z x (B K) z K B (I B z B)) (K (I (z (x S)) K) z (z I v13 I)) (B (K z (K (B (B v13 I) (v21 z x))) v1))))
x (v16 (v15 S (I z (K B) (z I B (I S) z I v27)))) (x (K v5 v28)) (z B (v4 (z (v24 (S x)))) B) (x B (z v23 (S S I) (z (S I)) (K x)) (x v17 (v4 z x (B K) z K B (I B z B)) (K (I (z (x S)) K) z (z I v13 I)) (B (K z (K (B (B v13 I) (v21 z x))) v1))))
x (v16 (v15 S (z (K B) (z I B (I S) z I v27)))) (x (K v5 v28)) (z B (v4 (z (v24 (S x)))) B) (x B (z v23 (S S I) (z (S I)) (K x)) (x v17 (v4 z x (B K) z K B (I B z B)) (K (I (z (x S)) K) z (z I v13 I)) (B (K z (K (B (B v13 I) (v21 z x))) v1))))
x (v16 (v15 S (z (K B) (z I B S z I v27)))) (x (K v5 v28)) (z B (v4 (z (v24 (S x)))) B) (x B (z v23 (S S I) (z (S I)) (K x)) (x v17 (v4 z x (B K) z K B (I B z B)) (K (I (z (x S)) K) z (z I v13 I)) (B (K z (K (B (B v13 I) (v21 z x))) v1))))
x (v16 (v15 S (z (K B) (z I B S z I v27)))) (x v5) (z B (v4 (z (v24 (S x)))) B) (x B (z v23 (S S I) (z (S I)) (K x)) (x v17 (v4 z x (B K) z K B (I B z B)) (K (I (z (x S)) K) z (z I v13 I)) (B (K z (K (B (B v13 I) (v21 z x))) v1))))
x (v16 (v15 S (z (K B) (z I B S z I v27)))) (x v5) (z B (v4 (z (v24 (S x)))) B) (x B (z v23 (S S I) (z (S I)) (K x)) (x v17 (v4 z x (B K) z K B (B z B)) (K (I (z (x S)) K) z (z I v13 I)) (B (K z (K (B (B v13 I) (v21 z x))) v1))))
x (v16 (v15 S (z (K B) (z I B S z I v27)))) (x v5) (z B (v4 (z (v24 (S x)))) B) (x B (z v23 (S S I) (z (S I)) (K x)) (x v17 (v4 z x (B K) z K B (B z B)) (I (z (x S)) K (z I v13 I)) (B (K z (K (B (B v13 I) (v21 z x))) v1))))
x (v16 (v15 S (z (K B) (z I B S z I v27)))) (x v5) (z B (v4 (z (v24 (S x)))) B) (x B (z v23 (S S I) (z (S I)) (K x)) (x v17 (v4 z x (B K) z K B (B z B)) (z (x S) K (z I v13 I)) (B (K z (K (B (B v13 I) (v21 z x))) v1))))
x (v16 (v15 S (z (K B) (z I B S z I v27)))) (x v5) (z B (v4 (z (v24 (S x)))) B) (x B (z v23 (S S I) (z (S I)) (K x)) (x v17 (v4 z x (B K) z K B (B z B)) (z (x S) K (z I v13 I)) (B (z v1))))
x
K
v28 v0 (K z (B (v25 x))) (I (S K S (K x (z I))) x B (v5 (I v26 z)) (S (K B)))
v28 v0 z (I (S K S (K x (z I))) x B (v5 (I v26 z)) (S (K B)))
v28 v0 z (S K S (K x (z I)) x B (v5 (I v26 z)) (S (K B)))
v28 v0 z (K (K x (z I)) (S (K x (z I))) x B (v5 (I v26 z)) (S (K B)))
v28 v0 z (K x (z I) x B (v5 (I v26 z)) (S (K B)))
v28 v0 z (x x B (v5 (I v26 z)) (S (K B)))
v28 v0 z (x x B (v5 (v26 z)) (S (K B)))
v26 B (v6 K K) S (K (z I (z (S K) x B) z v12 v0 (B (I I (S (z K v27) v26)))) K)
v26 B (v6 K K) S (z I (z (S K) x B) z v12 v0 (B (I I (S (z K v27) v26))))
v26 B (v6 K K) S (z I (z (S K) x B) z v12 v0 (B (I (S (z K v27) v26))))
v26 B (v6 K K) S (z I (z (S K) x B) z v12 v0 (B (S (z K v27) v26)))
v18 B z (v17 (S (K (K I)) S (z x)) (K v25) (z (z B) (x (z (B (v16 (v30 S)))) S) (I S v25))) v22 (B (x z (B (B (K K)) (I (I I) B K (B (v28 B B) B) (v14 I x (K I))) (z S) v15)))
v18 B z (v17 (K (K I) (z x) (S (z x))) (K v25) (z (z B) (x (z (B (v16 (v30 S)))) S) (I S v25))) v22 (B (x z (B (B (K K)) (I (I I) B K (B (v28 B B) B) (v14 I x (K I))) (z S) v15)))
v18 B z (v17 (K I (S (z x))) (K v25) (z (z B) (x (z (B (v16 (v30 S)))) S) (I S v25))) v22 (B (x z (B (B (K K)) (I (I I) B K (B (v28 B B) B) (v14 I x (K I))) (z S) v15)))
v18 B z (v17 I (K v25) (z (z B) (x (z (B (v16 (v30 S)))) S) (I S v25))) v22 (B (x z (B (B (K K)) (I (I I) B K (B (v28 B B) B) (v14 I x (K I))) (z S) v15)))
v18 B z (v17 I (K v25) (z (z B) (x (z (B (v16 (v30 S)))) S) (S v25))) v22 (B (x z (B (B (K K)) (I (I I) B K (B (v28 B B) B) (v14 I x (K I))) (z S) v15)))
v18 B z (v17 I (K v25) (z (z B) (x (z (B (v16 (v30 S)))) S) (S v25))) v22 (B (x z (B (K K) (I (I I) B K (B (v28 B B) B) (v14 I x (K I)) (z S)) v15)))
v18 B z (v17 I (K v25) (z (z B) (x (z (B (v16 (v30 S)))) S) (S v25))) v22 (B (x z (K K (I (I I) B K (B (v28 B B) B) (v14 I x (K I)) (z S) v15))))
v18 B z (v17 I (K v25) (z (z B) (x (z (B (v16 (v30 S)))) S) (S v25))) v22 (B (x z K))
I
z (K (x (B S v3 (I I S v8)) (S z (B (B (I (I v14 B (B S)))) x (S K (S z) (v6 S)) x))))
z (K (x (S (v3 (I I S v8))) (S z (B (B (I (I v14 B (B S)))) x (S K (S z) (v6 S)) x))))
z (K (x (S (v3 (I S v8))) (S z (B (B (I (I v14 B (B S)))) x (S K (S z) (v6 S)) x))))
z (K (x (S (v3 (S v8))) (S z (B (B (I (I v14 B (B S)))) x (S K (S z) (v6 S)) x))))
z (K (x (S (v3 (S v8))) (S z (B (I (I v14 B (B S))) (x (S K (S z) (v6 S))) x))))
z (K (x (S (v3 (S v8))) (S z (I (I v14 B (B S)) (x (S K (S z) (v6 S)) x)))))
z (K (x (S (v3 (S v8))) (S z (I v14 B (B S) (x (S K (S z) (v6 S)) x)))))
z (K (x (S (v3 (S v8))) (S z (v14 B (B S) (x (S K (S z) (v6 S)) x)))))
z (K (x (S (v3 (S v8))) (S z (v14 B (B S) (x (K (v6 S) (S z (v6 S))) x)))))
z (K (x (S (v3 (S v8))) (S z (v14 B (B S) (x (v6 S) x)))))
