B
I (v3 (K x)) (I S S (v12 I K) (I (S z (B z x)) (v1 z z (v12 B) I x))) (z (x S) (I I (B x) (I B) (x S)))
v3 (K x) (I S S (v12 I K) (I (S z (B z x)) (v1 z z (v12 B) I x))) (z (x S) (I I (B x) (I B) (x S)))
v3 (K x) (S S (v12 I K) (I (S z (B z x)) (v1 z z (v12 B) I x))) (z (x S) (I I (B x) (I B) (x S)))
v3 (K x) (S (I (S z (B z x)) (v1 z z (v12 B) I x)) (v12 I K (I (S z (B z x)) (v1 z z (v12 B) I x)))) (z (x S) (I I (B x) (I B) (x S)))
v3 (K x) (S (S z (B z x) (v1 z z (v12 B) I x)) (v12 I K (I (S z (B z x)) (v1 z z (v12 B) I x)))) (z (x S) (I I (B x) (I B) (x S)))
v3 (K x) (S (z (v1 z z (v12 B) I x) (B z x (v1 z z (v12 B) I x))) (v12 I K (I (S z (B z x)) (v1 z z (v12 B) I x)))) (z (x S) (I I (B x) (I B) (x S)))
v3 (K x) (S (z (v1 z z (v12 B) I x) (z (x (v1 z z (v12 B) I x)))) (v12 I K (I (S z (B z x)) (v1 z z (v12 B) I x)))) (z (x S) (I I (B x) (I B) (x S)))
v3 (K x) (S (z (v1 z z (v12 B) I x) (z (x (v1 z z (v12 B) I x)))) (v12 I K (S z (B z x) (v1 z z (v12 B) I x)))) (z (x S) (I I (B x) (I B) (x S)))
v3 (K x) (S (z (v1 z z (v12 B) I x) (z (x (v1 z z (v12 B) I x)))) (v12 I K (z (v1 z z (v12 B) I x) (B z x (v1 z z (v12 B) I x))))) (z (x S) (I I (B x) (I B) (x S)))
v3 (K x) (S (z (v1 z z (v12 B) I x) (z (x (v1 z z (v12 B) I x)))) (v12 I K (z (v1 z z (v12 B) I x) (z (x (v1 z z (v12 B) I x)))))) (z (x S) (I I (B x) (I B) (x S)))
v3 (K x) (S (z (v1 z z (v12 B) I x) (z (x (v1 z z (v12 B) I x)))) (v12 I K (z (v1 z z (v12 B) I x) (z (x (v1 z z (v12 B) I x)))))) (z (x S) (I (B x) (I B) (x S)))
v3 (K x) (S (z (v1 z z (v12 B) I x) (z (x (v1 z z (v12 B) I x)))) (v12 I K (z (v1 z z (v12 B) I x) (z (x (v1 z z (v12 B) I x)))))) (z (x S) (B x (I B) (x S)))
v3 (K x) (S (z (v1 z z (v12 B) I x) (z (x (v1 z z (v12 B) I x)))) (v12 I K (z (v1 z z (v12 B) I x) (z (x (v1 z z (v12 B) I x)))))) (z (x S) (x (I B (x S))))
v3 (K x) (S (z (v1 z z (v12 B) I x) (z (x (v1 z z (v12 B) I x)))) (v12 I K (z (v1 z z (v12 B) I x) (z (x (v1 z z (v12 B) I x)))))) (z (x S) (x (B (x S))))
I (B (x (x (z x)))) (z (z z)) (S K (I S (x z (K (v17 K)))) (v7 K v28 S)) (x K S (x B S B) (x K) z K z (v10 (B v21) (z B I z) (I (v27 (K (x z) (z z)))) (B S) v24) (z (I K (B (K (z (B v17)))) z) (z (B z (K I))) I v2))
B (x (x (z x))) (z (z z)) (S K (I S (x z (K (v17 K)))) (v7 K v28 S)) (x K S (x B S B) (x K) z K z (v10 (B v21) (z B I z) (I (v27 (K (x z) (z z)))) (B S) v24) (z (I K (B (K (z (B v17)))) z) (z (B z (K I))) I v2))
x (x (z x)) (z (z z) (S K (I S (x z (K (v17 K)))) (v7 K v28 S))) (x K S (x B S B) (x K) z K z (v10 (B v21) (z B I z) (I (v27 (K (x z) (z z)))) (B S) v24) (z (I K (B (K (z (B v17)))) z) (z (B z (K I))) I v2))
x (x (z x)) (z (z z) (K (v7 K v28 S) (I S (x z (K (v17 K))) (v7 K v28 S)))) (x K S (x B S B) (x K) z K z (v10 (B v21) (z B I z) (I (v27 (K (x z) (z z)))) (B S) v24) (z (I K (B (K (z (B v17)))) z) (z (B z (K I))) I v2))
x (x (z x)) (z (z z) (v7 K v28 S)) (x K S (x B S B) (x K) z K z (v10 (B v21) (z B I z) (I (v27 (K (x z) (z z)))) (B S) v24) (z (I K (B (K (z (B v17)))) z) (z (B z (K I))) I v2))
x (x (z x)) (z (z z) (v7 K v28 S)) (x K S (x B S B) (x K) z K z (v10 (B v21) (z B I z) (v27 (K (x z) (z z))) (B S) v24) (z (I K (B (K (z (B v17)))) z) (z (B z (K I))) I v2))
x (x (z x)) (z (z z) (v7 K v28 S)) (x K S (x B S B) (x K) z K z (v10 (B v21) (z B I z) (v27 (x z)) (B S) v24) (z (I K (B (K (z (B v17)))) z) (z (B z (K I))) I v2))
x (x (z x)) (z (z z) (v7 K v28 S)) (x K S (x B S B) (x K) z K z (v10 (B v21) (z B I z) (v27 (x z)) (B S) v24) (z (K (B (K (z (B v17)))) z) (z (B z (K I))) I v2))
x (x (z x)) (z (z z) (v7 K v28 S)) (x K S (x B S B) (x K) z K z (v10 (B v21) (z B I z) (v27 (x z)) (B S) v24) (z (B (K (z (B v17)))) (z (B z (K I))) I v2))
K I (S (B K K S B) B) (x (B (x I (K B)) (v20 S))) z
I (x (B (x I (K B)) (v20 S))) z
x (B (x I (K B)) (v20 S)) z
I K (B (z v7))
K (B (z v7))
K K (S K) (v24 (S K) x) (x (I B I) I S) (v28 z (B K) B B B) (B (x S B))
K (v24 (S K) x) (x (I B I) I S) (v28 z (B K) B B B) (B (x S B))
v24 (S K) x (v28 z (B K) B B B) (B (x S B))
x (K (x K (v26 S (I K v21) S v3 (z (B (v30 (S (I K))) x (v15 (B B))) (S B (v20 (I (B (S (S z))))))))) (x I B K I))
x (x K (v26 S (I K v21) S v3 (z (B (v30 (S (I K))) x (v15 (B B))) (S B (v20 (I (B (S (S z)))))))))
x (x K (v26 S (K v21) S v3 (z (B (v30 (S (I K))) x (v15 (B B))) (S B (v20 (I (B (S (S z)))))))))
x (x K (v26 S (K v21) S v3 (z (v30 (S (I K)) (x (v15 (B B)))) (S B (v20 (I (B (S (S z)))))))))
x (x K (v26 S (K v21) S v3 (z (v30 (S K) (x (v15 (B B)))) (S B (v20 (I (B (S (S z)))))))))
x (x K (v26 S (K v21) S v3 (z (v30 (S K) (x (v15 (B B)))) (S B (v20 (B (S (S z))))))))
K (x (z I)) x (K (v27 B) S) z (B I) v16 (S x (K (B S v22 (x K) x) (S (I (z K) K (K (z v30 z) (x v22))))))
x (z I) (K (v27 B) S) z (B I) v16 (S x (K (B S v22 (x K) x) (S (I (z K) K (K (z v30 z) (x v22))))))
x (z I) (v27 B) z (B I) v16 (S x (K (B S v22 (x K) x) (S (I (z K) K (K (z v30 z) (x v22))))))
x (z I) (v27 B) z (B I) v16 (S x (B S v22 (x K) x))
x (z I) (v27 B) z (B I) v16 (S x (S (v22 (x K)) x))
S I (x x) (S (z (S B B) (z K I v7) (S v27 (v10 K (S (v19 S B)) S)))) (K (z K I))
I (S (z (S B B) (z K I v7) (S v27 (v10 K (S (v19 S B)) S)))) (x x (S (z (S B B) (z K I v7) (S v27 (v10 K (S (v19 S B)) S))))) (K (z K I))
S (z (S B B) (z K I v7) (S v27 (v10 K (S (v19 S B)) S))) (x x (S (z (S B B) (z K I v7) (S v27 (v10 K (S (v19 S B)) S))))) (K (z K I))
z (S B B) (z K I v7) (S v27 (v10 K (S (v19 S B)) S)) (K (z K I)) (x x (S (z (S B B) (z K I v7) (S v27 (v10 K (S (v19 S B)) S)))) (K (z K I)))
K (S B) (S (v6 (S v18) (I K x) (B (S v30)) K (x v20 S I K) B (S (S I (v24 B)) (K (x S (I z) v8)) B (B (x (z v2 v7) B) S))) (I K))
S B
