v28 (z z (x (z v24 (B z) z))) (B v18 (z B)) z I (I (B (z (K (S (K v17)))) (z v13)))
v28 (z z (x (z v24 (B z) z))) (B v18 (z B)) z I (B (z (K (S (K v17)))) (z v13))
I B v1 (z x (S (K (v28 z)) S)) K
B v1 (z x (S (K (v28 z)) S)) K
v1 (z x (S (K (v28 z)) S) K)
B I (K (v18 (I I) v19) x z) (z (I (K z (I x)) v21)) v1 (S (v7 (B K) I (S K)) (v11 I (K (x S K)))) z
I (K (v18 (I I) v19) x z (z (I (K z (I x)) v21))) v1 (S (v7 (B K) I (S K)) (v11 I (K (x S K)))) z
K (v18 (I I) v19) x z (z (I (K z (I x)) v21)) v1 (S (v7 (B K) I (S K)) (v11 I (K (x S K)))) z
v18 (I I) v19 z (z (I (K z (I x)) v21)) v1 (S (v7 (B K) I (S K)) (v11 I (K (x S K)))) z
v18 I v19 z (z (I (K z (I x)) v21)) v1 (S (v7 (B K) I (S K)) (v11 I (K (x S K)))) z
v18 I v19 z (z (K z (I x) v21)) v1 (S (v7 (B K) I (S K)) (v11 I (K (x S K)))) z
v18 I v19 z (z (z v21)) v1 (S (v7 (B K) I (S K)) (v11 I (K (x S K)))) z
B (S (I B B (x (z (I B) v21) (z (I S))) (x v27)) (x K (I (I (K z (B K))) z)))
B (S (B B (x (z (I B) v21) (z (I S))) (x v27)) (x K (I (I (K z (B K))) z)))
B (S (B (x (z (I B) v21) (z (I S)) (x v27))) (x K (I (I (K z (B K))) z)))
B (S (B (x (z B v21) (z (I S)) (x v27))) (x K (I (I (K z (B K))) z)))
B (S (B (x (z B v21) (z S) (x v27))) (x K (I (I (K z (B K))) z)))
B (S (B (x (z B v21) (z S) (x v27))) (x K (I (K z (B K)) z)))
B (S (B (x (z B v21) (z S) (x v27))) (x K (K z (B K) z)))
B (S (B (x (z B v21) (z S) (x v27))) (x K (z z)))
x
z (K (I I) (B (K B) (S (x K)) z x))
z (I I)
z I
x (z K K S S (I I (I v27) (v30 (x I I) (v23 S (z v18)) B)) I)
x (z K K S S (I (I v27) (v30 (x I I) (v23 S (z v18)) B)) I)
x (z K K S S (I v27 (v30 (x I I) (v23 S (z v18)) B)) I)
x (z K K S S (v27 (v30 (x I I) (v23 S (z v18)) B)) I)
K K
K (I K x) (v9 (I z K) (B (z I S I) x))
I K x
K x
K (K I (K B (S K)))
K I
