x
B
S (K (x (x B)) (K (K (S (z (S x) x))) (x B)) (B (B S) K (x K (S v17) (S K) (I I) x (x (x x I) (I K) B (S (v30 S)) (B (v18 (I I)) (v25 B (B I)))))) (I (S I) z))
S (x (x B) (B (B S) K (x K (S v17) (S K) (I I) x (x (x x I) (I K) B (S (v30 S)) (B (v18 (I I)) (v25 B (B I)))))) (I (S I) z))
S (x (x B) (B S (K (x K (S v17) (S K) (I I) x (x (x x I) (I K) B (S (v30 S)) (B (v18 (I I)) (v25 B (B I))))))) (I (S I) z))
S (x (x B) (B S (K (x K (S v17) (S K) I x (x (x x I) (I K) B (S (v30 S)) (B (v18 (I I)) (v25 B (B I))))))) (I (S I) z))
S (x (x B) (B S (K (x K (S v17) (S K) I x (x (x x I) K B (S (v30 S)) (B (v18 (I I)) (v25 B (B I))))))) (I (S I) z))
S (x (x B) (B S (K (x K (S v17) (S K) I x (x (x x I) K B (S (v30 S)) (B (v18 I) (v25 B (B I))))))) (I (S I) z))
S (x (x B) (B S (K (x K (S v17) (S K) I x (x (x x I) K B (S (v30 S)) (B (v18 I) (v25 B (B I))))))) (S I z))
B S (S (B K x) B (I z)) (K K) I (B B (v0 (S x) z) (x (I v11) S (v10 v15) K) B) (x (K K) I x) x (z x (I B (I I x)))
S (S (B K x) B (I z) (K K)) I (B B (v0 (S x) z) (x (I v11) S (v10 v15) K) B) (x (K K) I x) x (z x (I B (I I x)))
S (B K x) B (I z) (K K) (B B (v0 (S x) z) (x (I v11) S (v10 v15) K) B) (I (B B (v0 (S x) z) (x (I v11) S (v10 v15) K) B)) (x (K K) I x) x (z x (I B (I I x)))
B K x (I z) (B (I z)) (K K) (B B (v0 (S x) z) (x (I v11) S (v10 v15) K) B) (I (B B (v0 (S x) z) (x (I v11) S (v10 v15) K) B)) (x (K K) I x) x (z x (I B (I I x)))
K (x (I z)) (B (I z)) (K K) (B B (v0 (S x) z) (x (I v11) S (v10 v15) K) B) (I (B B (v0 (S x) z) (x (I v11) S (v10 v15) K) B)) (x (K K) I x) x (z x (I B (I I x)))
x (I z) (K K) (B B (v0 (S x) z) (x (I v11) S (v10 v15) K) B) (I (B B (v0 (S x) z) (x (I v11) S (v10 v15) K) B)) (x (K K) I x) x (z x (I B (I I x)))
x z (K K) (B B (v0 (S x) z) (x (I v11) S (v10 v15) K) B) (I (B B (v0 (S x) z) (x (I v11) S (v10 v15) K) B)) (x (K K) I x) x (z x (I B (I I x)))
x z (K K) (B (v0 (S x) z (x (I v11) S (v10 v15) K)) B) (I (B B (v0 (S x) z) (x (I v11) S (v10 v15) K) B)) (x (K K) I x) x (z x (I B (I I x)))
x z (K K) (B (v0 (S x) z (x v11 S (v10 v15) K)) B) (I (B B (v0 (S x) z) (x (I v11) S (v10 v15) K) B)) (x (K K) I x) x (z x (I B (I I x)))
x z (K K) (B (v0 (S x) z (x v11 S (v10 v15) K)) B) (B B (v0 (S x) z) (x (I v11) S (v10 v15) K) B) (x (K K) I x) x (z x (I B (I I x)))
x z (K K) (B (v0 (S x) z (x v11 S (v10 v15) K)) B) (B (v0 (S x) z (x (I v11) S (v10 v15) K)) B) (x (K K) I x) x (z x (I B (I I x)))
x z (K K) (B (v0 (S x) z (x v11 S (v10 v15) K)) B) (B (v0 (S x) z (x v11 S (v10 v15) K)) B) (x (K K) I x) x (z x (I B (I I x)))
x z (K K) (B (v0 (S x) z (x v11 S (v10 v15) K)) B) (B (v0 (S x) z (x v11 S (v10 v15) K)) B) (x (K K) I x) x (z x (B (I I x)))
x z (K K) (B (v0 (S x) z (x v11 S (v10 v15) K)) B) (B (v0 (S x) z (x v11 S (v10 v15) K)) B) (x (K K) I x) x (z x (B (I x)))
x z (K K) (B (v0 (S x) z (x v11 S (v10 v15) K)) B) (B (v0 (S x) z (x v11 S (v10 v15) K)) B) (x (K K) I x) x (z x (B x))
B B
K (I (z (x B I) B S z)) (B x K) (K z) (B (S K (v30 (I B) (x v2) (v8 (K B (z (K z K) (S v1))) z))))
I (z (x B I) B S z) (K z) (B (S K (v30 (I B) (x v2) (v8 (K B (z (K z K) (S v1))) z))))
z (x B I) B S z (K z) (B (S K (v30 (I B) (x v2) (v8 (K B (z (K z K) (S v1))) z))))
z (x B I) B S z (K z) (B (S K (v30 B (x v2) (v8 (K B (z (K z K) (S v1))) z))))
z (x B I) B S z (K z) (B (S K (v30 B (x v2) (v8 B z))))
z
x (I v24) I B x (B (x (I S (K x) (x z) x) B (v30 (v16 x (v23 S)) x B (x (I z)) I)) S)
x v24 I B x (B (x (I S (K x) (x z) x) B (v30 (v16 x (v23 S)) x B (x (I z)) I)) S)
x v24 I B x (B (x (S (K x) (x z) x) B (v30 (v16 x (v23 S)) x B (x (I z)) I)) S)
x v24 I B x (B (x (K x x (x z x)) B (v30 (v16 x (v23 S)) x B (x (I z)) I)) S)
x v24 I B x (B (x (x (x z x)) B (v30 (v16 x (v23 S)) x B (x (I z)) I)) S)
x v24 I B x (B (x (x (x z x)) B (v30 (v16 x (v23 S)) x B (x z) I)) S)
K (B (x (v19 K))) (v16 S x)
B (x (v19 K))
I (S K K (v1 B)) B (v24 (z (z v15 (S K (I B (S K)) (I z))))) (v15 (B B S) (I B (B z)) (B (x K (S x)) x (I (I v6 (z B (v22 K (v7 K))) (x v17)))) (x (v2 I) x (v22 (S v16)) (K K B)))
S K K (v1 B) B (v24 (z (z v15 (S K (I B (S K)) (I z))))) (v15 (B B S) (I B (B z)) (B (x K (S x)) x (I (I v6 (z B (v22 K (v7 K))) (x v17)))) (x (v2 I) x (v22 (S v16)) (K K B)))
K (v1 B) (K (v1 B)) B (v24 (z (z v15 (S K (I B (S K)) (I z))))) (v15 (B B S) (I B (B z)) (B (x K (S x)) x (I (I v6 (z B (v22 K (v7 K))) (x v17)))) (x (v2 I) x (v22 (S v16)) (K K B)))
v1 B B (v24 (z (z v15 (S K (I B (S K)) (I z))))) (v15 (B B S) (I B (B z)) (B (x K (S x)) x (I (I v6 (z B (v22 K (v7 K))) (x v17)))) (x (v2 I) x (v22 (S v16)) (K K B)))
v1 B B (v24 (z (z v15 (K (I z) (I B (S K) (I z)))))) (v15 (B B S) (I B (B z)) (B (x K (S x)) x (I (I v6 (z B (v22 K (v7 K))) (x v17)))) (x (v2 I) x (v22 (S v16)) (K K B)))
v1 B B (v24 (z (z v15 (I z)))) (v15 (B B S) (I B (B z)) (B (x K (S x)) x (I (I v6 (z B (v22 K (v7 K))) (x v17)))) (x (v2 I) x (v22 (S v16)) (K K B)))
v1 B B (v24 (z (z v15 z))) (v15 (B B S) (I B (B z)) (B (x K (S x)) x (I (I v6 (z B (v22 K (v7 K))) (x v17)))) (x (v2 I) x (v22 (S v16)) (K K B)))
v1 B B (v24 (z (z v15 z))) (v15 (B B S) (B (B z)) (B (x K (S x)) x (I (I v6 (z B (v22 K (v7 K))) (x v17)))) (x (v2 I) x (v22 (S v16)) (K K B)))
v1 B B (v24 (z (z v15 z))) (v15 (B B S) (B (B z)) (x K (S x) (x (I (I v6 (z B (v22 K (v7 K))) (x v17))))) (x (v2 I) x (v22 (S v16)) (K K B)))
v1 B B (v24 (z (z v15 z))) (v15 (B B S) (B (B z)) (x K (S x) (x (I v6 (z B (v22 K (v7 K))) (x v17)))) (x (v2 I) x (v22 (S v16)) (K K B)))
v1 B B (v24 (z (z v15 z))) (v15 (B B S) (B (B z)) (x K (S x) (x (v6 (z B (v22 K (v7 K))) (x v17)))) (x (v2 I) x (v22 (S v16)) (K K B)))
v1 B B (v24 (z (z v15 z))) (v15 (B B S) (B (B z)) (x K (S x) (x (v6 (z B (v22 K (v7 K))) (x v17)))) (x (v2 I) x (v22 (S v16)) K))
