B (x v30)
I (I x) (B (I x v20) (v11 (S B))) (B (v3 K) (v27 S)) (v17 v9 (S (K B S) (K (I x v16))) B z K (S K) (K (x (B v28) v14) (x K) I S (v4 (v15 S (v16 (x (I B)))) (v6 z))))
I x (B (I x v20) (v11 (S B))) (B (v3 K) (v27 S)) (v17 v9 (S (K B S) (K (I x v16))) B z K (S K) (K (x (B v28) v14) (x K) I S (v4 (v15 S (v16 (x (I B)))) (v6 z))))
x (B (I x v20) (v11 (S B))) (B (v3 K) (v27 S)) (v17 v9 (S (K B S) (K (I x v16))) B z K (S K) (K (x (B v28) v14) (x K) I S (v4 (v15 S (v16 (x (I B)))) (v6 z))))
x (B (x v20) (v11 (S B))) (B (v3 K) (v27 S)) (v17 v9 (S (K B S) (K (I x v16))) B z K (S K) (K (x (B v28) v14) (x K) I S (v4 (v15 S (v16 (x (I B)))) (v6 z))))
x (B (x v20) (v11 (S B))) (B (v3 K) (v27 S)) (v17 v9 (S B (K (I x v16))) B z K (S K) (K (x (B v28) v14) (x K) I S (v4 (v15 S (v16 (x (I B)))) (v6 z))))
x (B (x v20) (v11 (S B))) (B (v3 K) (v27 S)) (v17 v9 (S B (K (x v16))) B z K (S K) (K (x (B v28) v14) (x K) I S (v4 (v15 S (v16 (x (I B)))) (v6 z))))
x (B (x v20) (v11 (S B))) (B (v3 K) (v27 S)) (v17 v9 (S B (K (x v16))) B z K (S K) (x (B v28) v14 I S (v4 (v15 S (v16 (x (I B)))) (v6 z))))
x (B (x v20) (v11 (S B))) (B (v3 K) (v27 S)) (v17 v9 (S B (K (x v16))) B z K (S K) (x (B v28) v14 I S (v4 (v15 S (v16 (x B))) (v6 z))))
S (B z) (v6 x I (K S)) (z z K B (B (x (I B x x) S)) (K (x x (K (K (x B)) I) S) z (K x))) K
B z (z z K B (B (x (I B x x) S)) (K (x x (K (K (x B)) I) S) z (K x))) (v6 x I (K S) (z z K B (B (x (I B x x) S)) (K (x x (K (K (x B)) I) S) z (K x)))) K
z (z z K B (B (x (I B x x) S)) (K (x x (K (K (x B)) I) S) z (K x)) (v6 x I (K S) (z z K B (B (x (I B x x) S)) (K (x x (K (K (x B)) I) S) z (K x))))) K
z (z z K B (B (x (B x x) S)) (K (x x (K (K (x B)) I) S) z (K x)) (v6 x I (K S) (z z K B (B (x (I B x x) S)) (K (x x (K (K (x B)) I) S) z (K x))))) K
z (z z K B (B (x (B x x) S)) (x x (K (K (x B)) I) S (K x)) (v6 x I (K S) (z z K B (B (x (I B x x) S)) (K (x x (K (K (x B)) I) S) z (K x))))) K
z (z z K B (B (x (B x x) S)) (x x (K (x B)) S (K x)) (v6 x I (K S) (z z K B (B (x (I B x x) S)) (K (x x (K (K (x B)) I) S) z (K x))))) K
z (z z K B (B (x (B x x) S)) (x x (K (x B)) S (K x)) (v6 x I (K S) (z z K B (B (x (B x x) S)) (K (x x (K (K (x B)) I) S) z (K x))))) K
z (z z K B (B (x (B x x) S)) (x x (K (x B)) S (K x)) (v6 x I (K S) (z z K B (B (x (B x x) S)) (x x (K (K (x B)) I) S (K x))))) K
z (z z K B (B (x (B x x) S)) (x x (K (x B)) S (K x)) (v6 x I (K S) (z z K B (B (x (B x x) S)) (x x (K (x B)) S (K x))))) K
I z
z
v17
v18
v28 (v3 (S (z (K K))))
I B
B
x (x z (B I (z (x v7)) K (S B (K I I (K (v0 v29)) (K v13 x)))) I) (K S) (x S (I z) (z z (K v16)) (z B (S x) (x K (v27 B K) S)))
x (x z (I (z (x v7) K) (S B (K I I (K (v0 v29)) (K v13 x)))) I) (K S) (x S (I z) (z z (K v16)) (z B (S x) (x K (v27 B K) S)))
x (x z (z (x v7) K (S B (K I I (K (v0 v29)) (K v13 x)))) I) (K S) (x S (I z) (z z (K v16)) (z B (S x) (x K (v27 B K) S)))
x (x z (z (x v7) K (S B (I (K (v0 v29)) (K v13 x)))) I) (K S) (x S (I z) (z z (K v16)) (z B (S x) (x K (v27 B K) S)))
x (x z (z (x v7) K (S B (K (v0 v29) (K v13 x)))) I) (K S) (x S (I z) (z z (K v16)) (z B (S x) (x K (v27 B K) S)))
x (x z (z (x v7) K (S B (v0 v29))) I) (K S) (x S (I z) (z z (K v16)) (z B (S x) (x K (v27 B K) S)))
x (x z (z (x v7) K (S B (v0 v29))) I) (K S) (x S z (z z (K v16)) (z B (S x) (x K (v27 B K) S)))
x (z x B v9 (z (z z) v20)) (S (K v23 (K I)) z S B) (K (x x S) K)
x (z x B v9 (z (z z) v20)) (K v23 (K I) S (z S) B) (K (x x S) K)
x (z x B v9 (z (z z) v20)) (v23 S (z S) B) (K (x x S) K)
x (z x B v9 (z (z z) v20)) (v23 S (z S) B) (x x S)
