S z (K (B B z) v17 x (I (v28 K K S B) (K (z I)) (S (I S I K (B (v24 v3))) x)) v20)
S z (B B z x (I (v28 K K S B) (K (z I)) (S (I S I K (B (v24 v3))) x)) v20)
S z (B (z x) (I (v28 K K S B) (K (z I)) (S (I S I K (B (v24 v3))) x)) v20)
S z (z x (I (v28 K K S B) (K (z I)) (S (I S I K (B (v24 v3))) x) v20))
S z (z x (v28 K K S B (K (z I)) (S (I S I K (B (v24 v3))) x) v20))
S z (z x (v28 K K S B (K (z I)) (S (S I K (B (v24 v3))) x) v20))
S z (z x (v28 K K S B (K (z I)) (S (I (B (v24 v3)) (K (B (v24 v3)))) x) v20))
S z (z x (v28 K K S B (K (z I)) (S (B (v24 v3) (K (B (v24 v3)))) x) v20))
B (x (S x v2 (S (z S S) x) S (S (S S) (z (v1 S))))) (B K v20)
B (x (x (S (z S S) x) (v2 (S (z S S) x)) S (S (S S) (z (v1 S))))) (B K v20)
S B (I (S B) (x (I I B)) (z B) (S v26 (z (v20 (v21 K) z (x (B K) B) K)))) (K (S B (I (K (B K)) S v14) (B (S z) (K I) K (x K)) (S (K S) (v12 v22 (x (S (S (z v9))))))))
B (K (S B (I (K (B K)) S v14) (B (S z) (K I) K (x K)) (S (K S) (v12 v22 (x (S (S (z v9)))))))) (I (S B) (x (I I B)) (z B) (S v26 (z (v20 (v21 K) z (x (B K) B) K))) (K (S B (I (K (B K)) S v14) (B (S z) (K I) K (x K)) (S (K S) (v12 v22 (x (S (S (z v9)))))))))
B (K (B (B (S z) (K I) K (x K)) (I (K (B K)) S v14 (B (S z) (K I) K (x K))) (S (K S) (v12 v22 (x (S (S (z v9)))))))) (I (S B) (x (I I B)) (z B) (S v26 (z (v20 (v21 K) z (x (B K) B) K))) (K (S B (I (K (B K)) S v14) (B (S z) (K I) K (x K)) (S (K S) (v12 v22 (x (S (S (z v9)))))))))
B (K (B (S z) (K I) K (x K) (I (K (B K)) S v14 (B (S z) (K I) K (x K)) (S (K S) (v12 v22 (x (S (S (z v9))))))))) (I (S B) (x (I I B)) (z B) (S v26 (z (v20 (v21 K) z (x (B K) B) K))) (K (S B (I (K (B K)) S v14) (B (S z) (K I) K (x K)) (S (K S) (v12 v22 (x (S (S (z v9)))))))))
B (K (S z (K I K) (x K) (I (K (B K)) S v14 (B (S z) (K I) K (x K)) (S (K S) (v12 v22 (x (S (S (z v9))))))))) (I (S B) (x (I I B)) (z B) (S v26 (z (v20 (v21 K) z (x (B K) B) K))) (K (S B (I (K (B K)) S v14) (B (S z) (K I) K (x K)) (S (K S) (v12 v22 (x (S (S (z v9)))))))))
B (K (z (x K) (K I K (x K)) (I (K (B K)) S v14 (B (S z) (K I) K (x K)) (S (K S) (v12 v22 (x (S (S (z v9))))))))) (I (S B) (x (I I B)) (z B) (S v26 (z (v20 (v21 K) z (x (B K) B) K))) (K (S B (I (K (B K)) S v14) (B (S z) (K I) K (x K)) (S (K S) (v12 v22 (x (S (S (z v9)))))))))
B (K (z (x K) (I (x K)) (I (K (B K)) S v14 (B (S z) (K I) K (x K)) (S (K S) (v12 v22 (x (S (S (z v9))))))))) (I (S B) (x (I I B)) (z B) (S v26 (z (v20 (v21 K) z (x (B K) B) K))) (K (S B (I (K (B K)) S v14) (B (S z) (K I) K (x K)) (S (K S) (v12 v22 (x (S (S (z v9)))))))))
B (K (z (x K) (x K) (I (K (B K)) S v14 (B (S z) (K I) K (x K)) (S (K S) (v12 v22 (x (S (S (z v9))))))))) (I (S B) (x (I I B)) (z B) (S v26 (z (v20 (v21 K) z (x (B K) B) K))) (K (S B (I (K (B K)) S v14) (B (S z) (K I) K (x K)) (S (K S) (v12 v22 (x (S (S (z v9)))))))))
B (K (z (x K) (x K) (K (B K) S v14 (B (S z) (K I) K (x K)) (S (K S) (v12 v22 (x (S (S (z v9))))))))) (I (S B) (x (I I B)) (z B) (S v26 (z (v20 (v21 K) z (x (B K) B) K))) (K (S B (I (K (B K)) S v14) (B (S z) (K I) K (x K)) (S (K S) (v12 v22 (x (S (S (z v9)))))))))
B (K (z (x K) (x K) (B K v14 (B (S z) (K I) K (x K)) (S (K S) (v12 v22 (x (S (S (z v9))))))))) (I (S B) (x (I I B)) (z B) (S v26 (z (v20 (v21 K) z (x (B K) B) K))) (K (S B (I (K (B K)) S v14) (B (S z) (K I) K (x K)) (S (K S) (v12 v22 (x (S (S (z v9)))))))))
B (K (z (x K) (x K) (K (v14 (B (S z) (K I) K (x K))) (S (K S) (v12 v22 (x (S (S (z v9))))))))) (I (S B) (x (I I B)) (z B) (S v26 (z (v20 (v21 K) z (x (B K) B) K))) (K (S B (I (K (B K)) S v14) (B (S z) (K I) K (x K)) (S (K S) (v12 v22 (x (S (S (z v9)))))))))
B (K (z (x K) (x K) (v14 (B (S z) (K I) K (x K))))) (I (S B) (x (I I B)) (z B) (S v26 (z (v20 (v21 K) z (x (B K) B) K))) (K (S B (I (K (B K)) S v14) (B (S z) (K I) K (x K)) (S (K S) (v12 v22 (x (S (S (z v9)))))))))
B (K (z (x K) (x K) (v14 (S z (K I K) (x K))))) (I (S B) (x (I I B)) (z B) (S v26 (z (v20 (v21 K) z (x (B K) B) K))) (K (S B (I (K (B K)) S v14) (B (S z) (K I) K (x K)) (S (K S) (v12 v22 (x (S (S (z v9)))))))))
B (K (z (x K) (x K) (v14 (z (x K) (K I K (x K)))))) (I (S B) (x (I I B)) (z B) (S v26 (z (v20 (v21 K) z (x (B K) B) K))) (K (S B (I (K (B K)) S v14) (B (S z) (K I) K (x K)) (S (K S) (v12 v22 (x (S (S (z v9)))))))))
B (K (z (x K) (x K) (v14 (z (x K) (I (x K)))))) (I (S B) (x (I I B)) (z B) (S v26 (z (v20 (v21 K) z (x (B K) B) K))) (K (S B (I (K (B K)) S v14) (B (S z) (K I) K (x K)) (S (K S) (v12 v22 (x (S (S (z v9)))))))))
B (K (z (x K) (x K) (v14 (z (x K) (x K))))) (I (S B) (x (I I B)) (z B) (S v26 (z (v20 (v21 K) z (x (B K) B) K))) (K (S B (I (K (B K)) S v14) (B (S z) (K I) K (x K)) (S (K S) (v12 v22 (x (S (S (z v9)))))))))
B (K (z (x K) (x K) (v14 (z (x K) (x K))))) (S B (x (I I B)) (z B) (S v26 (z (v20 (v21 K) z (x (B K) B) K))) (K (S B (I (K (B K)) S v14) (B (S z) (K I) K (x K)) (S (K S) (v12 v22 (x (S (S (z v9)))))))))
B (K (z (x K) (x K) (v14 (z (x K) (x K))))) (B (z B) (x (I I B) (z B)) (S v26 (z (v20 (v21 K) z (x (B K) B) K))) (K (S B (I (K (B K)) S v14) (B (S z) (K I) K (x K)) (S (K S) (v12 v22 (x (S (S (z v9)))))))))
B (K (z (x K) (x K) (v14 (z (x K) (x K))))) (z B (x (I I B) (z B) (S v26 (z (v20 (v21 K) z (x (B K) B) K)))) (K (S B (I (K (B K)) S v14) (B (S z) (K I) K (x K)) (S (K S) (v12 v22 (x (S (S (z v9)))))))))
B (K (z (x K) (x K) (v14 (z (x K) (x K))))) (z B (x (I B) (z B) (S v26 (z (v20 (v21 K) z (x (B K) B) K)))) (K (S B (I (K (B K)) S v14) (B (S z) (K I) K (x K)) (S (K S) (v12 v22 (x (S (S (z v9)))))))))
B (K (z (x K) (x K) (v14 (z (x K) (x K))))) (z B (x B (z B) (S v26 (z (v20 (v21 K) z (x (B K) B) K)))) (K (S B (I (K (B K)) S v14) (B (S z) (K I) K (x K)) (S (K S) (v12 v22 (x (S (S (z v9)))))))))
B (K (z (x K) (x K) (v14 (z (x K) (x K))))) (z B (x B (z B) (S v26 (z (v20 (v21 K) z (x (B K) B) K)))) (K (B (B (S z) (K I) K (x K)) (I (K (B K)) S v14 (B (S z) (K I) K (x K))) (S (K S) (v12 v22 (x (S (S (z v9)))))))))
B (K (z (x K) (x K) (v14 (z (x K) (x K))))) (z B (x B (z B) (S v26 (z (v20 (v21 K) z (x (B K) B) K)))) (K (B (S z) (K I) K (x K) (I (K (B K)) S v14 (B (S z) (K I) K (x K)) (S (K S) (v12 v22 (x (S (S (z v9))))))))))
B (K (z (x K) (x K) (v14 (z (x K) (x K))))) (z B (x B (z B) (S v26 (z (v20 (v21 K) z (x (B K) B) K)))) (K (S z (K I K) (x K) (I (K (B K)) S v14 (B (S z) (K I) K (x K)) (S (K S) (v12 v22 (x (S (S (z v9))))))))))
B (K (z (x K) (x K) (v14 (z (x K) (x K))))) (z B (x B (z B) (S v26 (z (v20 (v21 K) z (x (B K) B) K)))) (K (z (x K) (K I K (x K)) (I (K (B K)) S v14 (B (S z) (K I) K (x K)) (S (K S) (v12 v22 (x (S (S (z v9))))))))))
B (K (z (x K) (x K) (v14 (z (x K) (x K))))) (z B (x B (z B) (S v26 (z (v20 (v21 K) z (x (B K) B) K)))) (K (z (x K) (I (x K)) (I (K (B K)) S v14 (B (S z) (K I) K (x K)) (S (K S) (v12 v22 (x (S (S (z v9))))))))))
B (K (z (x K) (x K) (v14 (z (x K) (x K))))) (z B (x B (z B) (S v26 (z (v20 (v21 K) z (x (B K) B) K)))) (K (z (x K) (x K) (I (K (B K)) S v14 (B (S z) (K I) K (x K)) (S (K S) (v12 v22 (x (S (S (z v9))))))))))
B (K (z (x K) (x K) (v14 (z (x K) (x K))))) (z B (x B (z B) (S v26 (z (v20 (v21 K) z (x (B K) B) K)))) (K (z (x K) (x K) (K (B K) S v14 (B (S z) (K I) K (x K)) (S (K S) (v12 v22 (x (S (S (z v9))))))))))
B (K (z (x K) (x K) (v14 (z (x K) (x K))))) (z B (x B (z B) (S v26 (z (v20 (v21 K) z (x (B K) B) K)))) (K (z (x K) (x K) (B K v14 (B (S z) (K I) K (x K)) (S (K S) (v12 v22 (x (S (S (z v9))))))))))
B (K (z (x K) (x K) (v14 (z (x K) (x K))))) (z B (x B (z B) (S v26 (z (v20 (v21 K) z (x (B K) B) K)))) (K (z (x K) (x K) (K (v14 (B (S z) (K I) K (x K))) (S (K S) (v12 v22 (x (S (S (z v9))))))))))
x (S x z (S x)) x (S (v14 (K K x))) (z z x)
x (x (S x) (z (S x))) x (S (v14 (K K x))) (z z x)
x (x (S x) (z (S x))) x (S (v14 K)) (z z x)
K
v28 (S (x B) (z (S I) (K S K) (I z) x)) (v3 (z (K (K (S z v14)) (v3 x)))) (x S) K (B S (z v4 K I z (x (K (v16 (x (K S))) (I x x z))) (B (K z (S K)))))
v28 (S (x B) (z (S I) S (I z) x)) (v3 (z (K (K (S z v14)) (v3 x)))) (x S) K (B S (z v4 K I z (x (K (v16 (x (K S))) (I x x z))) (B (K z (S K)))))
v28 (S (x B) (z (S I) S z x)) (v3 (z (K (K (S z v14)) (v3 x)))) (x S) K (B S (z v4 K I z (x (K (v16 (x (K S))) (I x x z))) (B (K z (S K)))))
v28 (S (x B) (z (S I) S z x)) (v3 (z (K (S z v14)))) (x S) K (B S (z v4 K I z (x (K (v16 (x (K S))) (I x x z))) (B (K z (S K)))))
v28 (S (x B) (z (S I) S z x)) (v3 (z (K (S z v14)))) (x S) K (B S (z v4 K I z (x (v16 (x (K S)))) (B (K z (S K)))))
v28 (S (x B) (z (S I) S z x)) (v3 (z (K (S z v14)))) (x S) K (B S (z v4 K I z (x (v16 (x (K S)))) (B z)))
I
x S (z (K I (I K (B B I) (I v1 K)))) (S (K x) (K (z (K z I) v3 I)) (z (K (K S S z) I) (v3 x I)))
x S (z I) (S (K x) (K (z (K z I) v3 I)) (z (K (K S S z) I) (v3 x I)))
x S (z I) (K x (z (K (K S S z) I) (v3 x I)) (K (z (K z I) v3 I) (z (K (K S S z) I) (v3 x I))))
x S (z I) (x (K (z (K z I) v3 I) (z (K (K S S z) I) (v3 x I))))
x S (z I) (x (z (K z I) v3 I))
x S (z I) (x (z z v3 I))
I (x (I (v1 z K)) (z (S S)) (I B z B) (I K) (I B (x (v7 S))) (S (K K (v8 B (B x v27) (z (S z)))) (S B S (K B))))
x (I (v1 z K)) (z (S S)) (I B z B) (I K) (I B (x (v7 S))) (S (K K (v8 B (B x v27) (z (S z)))) (S B S (K B)))
x (v1 z K) (z (S S)) (I B z B) (I K) (I B (x (v7 S))) (S (K K (v8 B (B x v27) (z (S z)))) (S B S (K B)))
x (v1 z K) (z (S S)) (B z B) (I K) (I B (x (v7 S))) (S (K K (v8 B (B x v27) (z (S z)))) (S B S (K B)))
x (v1 z K) (z (S S)) (B z B) K (I B (x (v7 S))) (S (K K (v8 B (B x v27) (z (S z)))) (S B S (K B)))
x (v1 z K) (z (S S)) (B z B) K (B (x (v7 S))) (S (K K (v8 B (B x v27) (z (S z)))) (S B S (K B)))
x (v1 z K) (z (S S)) (B z B) K (B (x (v7 S))) (S K (S B S (K B)))
x (v1 z K) (z (S S)) (B z B) K (B (x (v7 S))) (S K (B (K B) (S (K B))))
I (K (x (I x) (z (S z)) (z v20) (x z) (x (v7 (S x) (z (z S z) K z K B)) (z K (x v17 B)))))
K (x (I x) (z (S z)) (z v20) (x z) (x (v7 (S x) (z (z S z) K z K B)) (z K (x v17 B))))
K (x x (z (S z)) (z v20) (x z) (x (v7 (S x) (z (z S z) K z K B)) (z K (x v17 B))))
