I (K K I (K (I I)) (v19 (K B) K)) (S v0) B (S (I x) (K (x S I) (S (z (x z))) I) (S (K x) (S (S (v10 (B v10 (x K K) v4)) (B v25 (K z) I I K) B))))
K K I (K (I I)) (v19 (K B) K) (S v0) B (S (I x) (K (x S I) (S (z (x z))) I) (S (K x) (S (S (v10 (B v10 (x K K) v4)) (B v25 (K z) I I K) B))))
K (K (I I)) (v19 (K B) K) (S v0) B (S (I x) (K (x S I) (S (z (x z))) I) (S (K x) (S (S (v10 (B v10 (x K K) v4)) (B v25 (K z) I I K) B))))
K (I I) (S v0) B (S (I x) (K (x S I) (S (z (x z))) I) (S (K x) (S (S (v10 (B v10 (x K K) v4)) (B v25 (K z) I I K) B))))
I I B (S (I x) (K (x S I) (S (z (x z))) I) (S (K x) (S (S (v10 (B v10 (x K K) v4)) (B v25 (K z) I I K) B))))
I B (S (I x) (K (x S I) (S (z (x z))) I) (S (K x) (S (S (v10 (B v10 (x K K) v4)) (B v25 (K z) I I K) B))))
B (S (I x) (K (x S I) (S (z (x z))) I) (S (K x) (S (S (v10 (B v10 (x K K) v4)) (B v25 (K z) I I K) B))))
B (I x (S (K x) (S (S (v10 (B v10 (x K K) v4)) (B v25 (K z) I I K) B))) (K (x S I) (S (z (x z))) I (S (K x) (S (S (v10 (B v10 (x K K) v4)) (B v25 (K z) I I K) B)))))
B (x (S (K x) (S (S (v10 (B v10 (x K K) v4)) (B v25 (K z) I I K) B))) (K (x S I) (S (z (x z))) I (S (K x) (S (S (v10 (B v10 (x K K) v4)) (B v25 (K z) I I K) B)))))
B (x (S (K x) (S (v10 (B v10 (x K K) v4) B (B v25 (K z) I I K B)))) (K (x S I) (S (z (x z))) I (S (K x) (S (S (v10 (B v10 (x K K) v4)) (B v25 (K z) I I K) B)))))
B (x (S (K x) (S (v10 (v10 (x K K v4)) B (B v25 (K z) I I K B)))) (K (x S I) (S (z (x z))) I (S (K x) (S (S (v10 (B v10 (x K K) v4)) (B v25 (K z) I I K) B)))))
B (x (S (K x) (S (v10 (v10 (x K K v4)) B (v25 (K z I) I K B)))) (K (x S I) (S (z (x z))) I (S (K x) (S (S (v10 (B v10 (x K K) v4)) (B v25 (K z) I I K) B)))))
B (x (S (K x) (S (v10 (v10 (x K K v4)) B (v25 z I K B)))) (K (x S I) (S (z (x z))) I (S (K x) (S (S (v10 (B v10 (x K K) v4)) (B v25 (K z) I I K) B)))))
B (x (S (K x) (S (v10 (v10 (x K K v4)) B (v25 z I K B)))) (x S I I (S (K x) (S (S (v10 (B v10 (x K K) v4)) (B v25 (K z) I I K) B)))))
B (x (S (K x) (S (v10 (v10 (x K K v4)) B (v25 z I K B)))) (x S I I (S (K x) (S (v10 (B v10 (x K K) v4) B (B v25 (K z) I I K B))))))
B (x (S (K x) (S (v10 (v10 (x K K v4)) B (v25 z I K B)))) (x S I I (S (K x) (S (v10 (v10 (x K K v4)) B (B v25 (K z) I I K B))))))
B (x (S (K x) (S (v10 (v10 (x K K v4)) B (v25 z I K B)))) (x S I I (S (K x) (S (v10 (v10 (x K K v4)) B (v25 (K z I) I K B))))))
B (x (S (K x) (S (v10 (v10 (x K K v4)) B (v25 z I K B)))) (x S I I (S (K x) (S (v10 (v10 (x K K v4)) B (v25 z I K B))))))
I (I I z) (B S B (K (K (B z (x z)) x (B z) S)))
I I z (B S B (K (K (B z (x z)) x (B z) S)))
I z (B S B (K (K (B z (x z)) x (B z) S)))
z (B S B (K (K (B z (x z)) x (B z) S)))
z (S (B (K (K (B z (x z)) x (B z) S))))
z (S (B (K (B z (x z) (B z) S))))
z (S (B (K (z (x z (B z)) S))))
z B
K
S (z (K (v29 K) (x (I z (B (I x (S x) I))) K S) (v17 (I K (z K (v8 I) (I v26 (I z) B B) (S B z S)))) (S z (x (I (B K))) (S (I (x (z (S v9 x)) x)))))) (B (v11 (K (I z) v3 (I I (x (I (B B) z))) B K z)) (z (K (v17 x K))))
S (z (v29 K (v17 (I K (z K (v8 I) (I v26 (I z) B B) (S B z S)))) (S z (x (I (B K))) (S (I (x (z (S v9 x)) x)))))) (B (v11 (K (I z) v3 (I I (x (I (B B) z))) B K z)) (z (K (v17 x K))))
S (z (v29 K (v17 (K (z K (v8 I) (I v26 (I z) B B) (S B z S)))) (S z (x (I (B K))) (S (I (x (z (S v9 x)) x)))))) (B (v11 (K (I z) v3 (I I (x (I (B B) z))) B K z)) (z (K (v17 x K))))
S (z (v29 K (v17 (K (z K (v8 I) (v26 (I z) B B) (S B z S)))) (S z (x (I (B K))) (S (I (x (z (S v9 x)) x)))))) (B (v11 (K (I z) v3 (I I (x (I (B B) z))) B K z)) (z (K (v17 x K))))
S (z (v29 K (v17 (K (z K (v8 I) (v26 z B B) (S B z S)))) (S z (x (I (B K))) (S (I (x (z (S v9 x)) x)))))) (B (v11 (K (I z) v3 (I I (x (I (B B) z))) B K z)) (z (K (v17 x K))))
S (z (v29 K (v17 (K (z K (v8 I) (v26 z B B) (B S (z S))))) (S z (x (I (B K))) (S (I (x (z (S v9 x)) x)))))) (B (v11 (K (I z) v3 (I I (x (I (B B) z))) B K z)) (z (K (v17 x K))))
S (z (v29 K (v17 (K (z K (v8 I) (v26 z B B) (B S (z S))))) (z (S (I (x (z (S v9 x)) x))) (x (I (B K)) (S (I (x (z (S v9 x)) x))))))) (B (v11 (K (I z) v3 (I I (x (I (B B) z))) B K z)) (z (K (v17 x K))))
S (z (v29 K (v17 (K (z K (v8 I) (v26 z B B) (B S (z S))))) (z (S (x (z (S v9 x)) x)) (x (I (B K)) (S (I (x (z (S v9 x)) x))))))) (B (v11 (K (I z) v3 (I I (x (I (B B) z))) B K z)) (z (K (v17 x K))))
S (z (v29 K (v17 (K (z K (v8 I) (v26 z B B) (B S (z S))))) (z (S (x (z (S v9 x)) x)) (x (B K) (S (I (x (z (S v9 x)) x))))))) (B (v11 (K (I z) v3 (I I (x (I (B B) z))) B K z)) (z (K (v17 x K))))
S (z (v29 K (v17 (K (z K (v8 I) (v26 z B B) (B S (z S))))) (z (S (x (z (S v9 x)) x)) (x (B K) (S (x (z (S v9 x)) x)))))) (B (v11 (K (I z) v3 (I I (x (I (B B) z))) B K z)) (z (K (v17 x K))))
S (z (v29 K (v17 (K (z K (v8 I) (v26 z B B) (B S (z S))))) (z (S (x (z (S v9 x)) x)) (x (B K) (S (x (z (S v9 x)) x)))))) (B (v11 (I z (I I (x (I (B B) z))) B K z)) (z (K (v17 x K))))
S (z (v29 K (v17 (K (z K (v8 I) (v26 z B B) (B S (z S))))) (z (S (x (z (S v9 x)) x)) (x (B K) (S (x (z (S v9 x)) x)))))) (B (v11 (z (I I (x (I (B B) z))) B K z)) (z (K (v17 x K))))
S (z (v29 K (v17 (K (z K (v8 I) (v26 z B B) (B S (z S))))) (z (S (x (z (S v9 x)) x)) (x (B K) (S (x (z (S v9 x)) x)))))) (B (v11 (z (I (x (I (B B) z))) B K z)) (z (K (v17 x K))))
S (z (v29 K (v17 (K (z K (v8 I) (v26 z B B) (B S (z S))))) (z (S (x (z (S v9 x)) x)) (x (B K) (S (x (z (S v9 x)) x)))))) (B (v11 (z (x (I (B B) z)) B K z)) (z (K (v17 x K))))
S (z (v29 K (v17 (K (z K (v8 I) (v26 z B B) (B S (z S))))) (z (S (x (z (S v9 x)) x)) (x (B K) (S (x (z (S v9 x)) x)))))) (B (v11 (z (x (B B z)) B K z)) (z (K (v17 x K))))
S B (x (S x) (v17 K) (v15 (v15 (x x (K I B B))) S B S) v9) S (z I)
B S (x (S x) (v17 K) (v15 (v15 (x x (K I B B))) S B S) v9 S) (z I)
S (x (S x) (v17 K) (v15 (v15 (x x (K I B B))) S B S) v9 S (z I))
S (x (S x) (v17 K) (v15 (v15 (x x (I B))) S B S) v9 S (z I))
S (x (S x) (v17 K) (v15 (v15 (x x B)) S B S) v9 S (z I))
v28
S (K x (z (B x)) (I I)) K (x z (B (I B K B) (z I (z I) I)) (z (x B I (v24 (x z))) (S (z S I (v4 (x v8) I)))) I)
K x (z (B x)) (I I) (x z (B (I B K B) (z I (z I) I)) (z (x B I (v24 (x z))) (S (z S I (v4 (x v8) I)))) I) (K (x z (B (I B K B) (z I (z I) I)) (z (x B I (v24 (x z))) (S (z S I (v4 (x v8) I)))) I))
x (I I) (x z (B (I B K B) (z I (z I) I)) (z (x B I (v24 (x z))) (S (z S I (v4 (x v8) I)))) I) (K (x z (B (I B K B) (z I (z I) I)) (z (x B I (v24 (x z))) (S (z S I (v4 (x v8) I)))) I))
x I (x z (B (I B K B) (z I (z I) I)) (z (x B I (v24 (x z))) (S (z S I (v4 (x v8) I)))) I) (K (x z (B (I B K B) (z I (z I) I)) (z (x B I (v24 (x z))) (S (z S I (v4 (x v8) I)))) I))
x I (x z (B (B K B) (z I (z I) I)) (z (x B I (v24 (x z))) (S (z S I (v4 (x v8) I)))) I) (K (x z (B (I B K B) (z I (z I) I)) (z (x B I (v24 (x z))) (S (z S I (v4 (x v8) I)))) I))
x I (x z (B (B K B) (z I (z I) I)) (z (x B I (v24 (x z))) (S (z S I (v4 (x v8) I)))) I) (K (x z (B (B K B) (z I (z I) I)) (z (x B I (v24 (x z))) (S (z S I (v4 (x v8) I)))) I))
x K (I (x I (z I) (x B (K (K B)) (B x (K (v16 z B)) I))) (K (K S (K I (x S))) (v20 (z B) S I) (S z))) (S (v2 z)) (x (K (K K)) x (S (B v19) z) (v29 (I I)) (x (z (K z v24))) (B (S B (x (B B) K) (S (K I S x B) K (K v2))) S))
x K (x I (z I) (x B (K (K B)) (B x (K (v16 z B)) I)) (K (K S (K I (x S))) (v20 (z B) S I) (S z))) (S (v2 z)) (x (K (K K)) x (S (B v19) z) (v29 (I I)) (x (z (K z v24))) (B (S B (x (B B) K) (S (K I S x B) K (K v2))) S))
x K (x I (z I) (x B (K (K B)) (x (K (v16 z B) I))) (K (K S (K I (x S))) (v20 (z B) S I) (S z))) (S (v2 z)) (x (K (K K)) x (S (B v19) z) (v29 (I I)) (x (z (K z v24))) (B (S B (x (B B) K) (S (K I S x B) K (K v2))) S))
x K (x I (z I) (x B (K (K B)) (x (v16 z B))) (K (K S (K I (x S))) (v20 (z B) S I) (S z))) (S (v2 z)) (x (K (K K)) x (S (B v19) z) (v29 (I I)) (x (z (K z v24))) (B (S B (x (B B) K) (S (K I S x B) K (K v2))) S))
x K (x I (z I) (x B (K (K B)) (x (v16 z B))) (K S (K I (x S)) (S z))) (S (v2 z)) (x (K (K K)) x (S (B v19) z) (v29 (I I)) (x (z (K z v24))) (B (S B (x (B B) K) (S (K I S x B) K (K v2))) S))
x K (x I (z I) (x B (K (K B)) (x (v16 z B))) (S (S z))) (S (v2 z)) (x (K (K K)) x (S (B v19) z) (v29 (I I)) (x (z (K z v24))) (B (S B (x (B B) K) (S (K I S x B) K (K v2))) S))
x K (x I (z I) (x B (K (K B)) (x (v16 z B))) (S (S z))) (S (v2 z)) (x (K (K K)) x (S (B v19) z) (v29 I) (x (z (K z v24))) (B (S B (x (B B) K) (S (K I S x B) K (K v2))) S))
x K (x I (z I) (x B (K (K B)) (x (v16 z B))) (S (S z))) (S (v2 z)) (x (K (K K)) x (S (B v19) z) (v29 I) (x (z z)) (B (S B (x (B B) K) (S (K I S x B) K (K v2))) S))
x K (x I (z I) (x B (K (K B)) (x (v16 z B))) (S (S z))) (S (v2 z)) (x (K (K K)) x (S (B v19) z) (v29 I) (x (z z)) (B (B (S (K I S x B) K (K v2)) (x (B B) K (S (K I S x B) K (K v2)))) S))
x K (x I (z I) (x B (K (K B)) (x (v16 z B))) (S (S z))) (S (v2 z)) (x (K (K K)) x (S (B v19) z) (v29 I) (x (z z)) (B (B (K I S x B (K v2) (K (K v2))) (x (B B) K (S (K I S x B) K (K v2)))) S))
x K (x I (z I) (x B (K (K B)) (x (v16 z B))) (S (S z))) (S (v2 z)) (x (K (K K)) x (S (B v19) z) (v29 I) (x (z z)) (B (B (I x B (K v2) (K (K v2))) (x (B B) K (S (K I S x B) K (K v2)))) S))
x K (x I (z I) (x B (K (K B)) (x (v16 z B))) (S (S z))) (S (v2 z)) (x (K (K K)) x (S (B v19) z) (v29 I) (x (z z)) (B (B (x B (K v2) (K (K v2))) (x (B B) K (S (K I S x B) K (K v2)))) S))
x K (x I (z I) (x B (K (K B)) (x (v16 z B))) (S (S z))) (S (v2 z)) (x (K (K K)) x (S (B v19) z) (v29 I) (x (z z)) (B (B (x B (K v2) (K (K v2))) (x (B B) K (K I S x B (K v2) (K (K v2))))) S))
x K (x I (z I) (x B (K (K B)) (x (v16 z B))) (S (S z))) (S (v2 z)) (x (K (K K)) x (S (B v19) z) (v29 I) (x (z z)) (B (B (x B (K v2) (K (K v2))) (x (B B) K (I x B (K v2) (K (K v2))))) S))
x K (x I (z I) (x B (K (K B)) (x (v16 z B))) (S (S z))) (S (v2 z)) (x (K (K K)) x (S (B v19) z) (v29 I) (x (z z)) (B (B (x B (K v2) (K (K v2))) (x (B B) K (x B (K v2) (K (K v2))))) S))
I z (z x) (v1 I)
z (z x) (v1 I)
