S (K (x (S (K B K)) (B z)) (x (v1 I I z) S z z (v22 B (K z S))) B)
S (x (S (K B K)) (B z) B)
S (x (S B) (B z) B)
x
v10 (S x (B S v22) S K I (K (S I (v28 v30)) (x (I (B K (z (K z) (B I))) (K (B v22))) (B x))) v10) (S x B (K I K (x (v3 S) B (v23 (v6 (K (x B) I) (B (B I) (B (z I (S z I I) K) x))) z) K)))
v10 (x S (B S v22 S) K I (K (S I (v28 v30)) (x (I (B K (z (K z) (B I))) (K (B v22))) (B x))) v10) (S x B (K I K (x (v3 S) B (v23 (v6 (K (x B) I) (B (B I) (B (z I (S z I I) K) x))) z) K)))
v10 (x S (S (v22 S)) K I (K (S I (v28 v30)) (x (I (B K (z (K z) (B I))) (K (B v22))) (B x))) v10) (S x B (K I K (x (v3 S) B (v23 (v6 (K (x B) I) (B (B I) (B (z I (S z I I) K) x))) z) K)))
v10 (x S (S (v22 S)) K I (S I (v28 v30)) v10) (S x B (K I K (x (v3 S) B (v23 (v6 (K (x B) I) (B (B I) (B (z I (S z I I) K) x))) z) K)))
v10 (x S (S (v22 S)) K I (S I (v28 v30)) v10) (x (K I K (x (v3 S) B (v23 (v6 (K (x B) I) (B (B I) (B (z I (S z I I) K) x))) z) K)) (B (K I K (x (v3 S) B (v23 (v6 (K (x B) I) (B (B I) (B (z I (S z I I) K) x))) z) K))))
v10 (x S (S (v22 S)) K I (S I (v28 v30)) v10) (x (I (x (v3 S) B (v23 (v6 (K (x B) I) (B (B I) (B (z I (S z I I) K) x))) z) K)) (B (K I K (x (v3 S) B (v23 (v6 (K (x B) I) (B (B I) (B (z I (S z I I) K) x))) z) K))))
v10 (x S (S (v22 S)) K I (S I (v28 v30)) v10) (x (x (v3 S) B (v23 (v6 (K (x B) I) (B (B I) (B (z I (S z I I) K) x))) z) K) (B (K I K (x (v3 S) B (v23 (v6 (K (x B) I) (B (B I) (B (z I (S z I I) K) x))) z) K))))
v10 (x S (S (v22 S)) K I (S I (v28 v30)) v10) (x (x (v3 S) B (v23 (v6 (x B) (B (B I) (B (z I (S z I I) K) x))) z) K) (B (K I K (x (v3 S) B (v23 (v6 (K (x B) I) (B (B I) (B (z I (S z I I) K) x))) z) K))))
v10 (x S (S (v22 S)) K I (S I (v28 v30)) v10) (x (x (v3 S) B (v23 (v6 (x B) (B (B I) (B (z I (z I (I I)) K) x))) z) K) (B (K I K (x (v3 S) B (v23 (v6 (K (x B) I) (B (B I) (B (z I (S z I I) K) x))) z) K))))
v10 (x S (S (v22 S)) K I (S I (v28 v30)) v10) (x (x (v3 S) B (v23 (v6 (x B) (B (B I) (B (z I (z I I) K) x))) z) K) (B (K I K (x (v3 S) B (v23 (v6 (K (x B) I) (B (B I) (B (z I (S z I I) K) x))) z) K))))
v10 (x S (S (v22 S)) K I (S I (v28 v30)) v10) (x (x (v3 S) B (v23 (v6 (x B) (B (B I) (B (z I (z I I) K) x))) z) K) (B (I (x (v3 S) B (v23 (v6 (K (x B) I) (B (B I) (B (z I (S z I I) K) x))) z) K))))
v10 (x S (S (v22 S)) K I (S I (v28 v30)) v10) (x (x (v3 S) B (v23 (v6 (x B) (B (B I) (B (z I (z I I) K) x))) z) K) (B (x (v3 S) B (v23 (v6 (K (x B) I) (B (B I) (B (z I (S z I I) K) x))) z) K)))
v10 (x S (S (v22 S)) K I (S I (v28 v30)) v10) (x (x (v3 S) B (v23 (v6 (x B) (B (B I) (B (z I (z I I) K) x))) z) K) (B (x (v3 S) B (v23 (v6 (x B) (B (B I) (B (z I (S z I I) K) x))) z) K)))
v10 (x S (S (v22 S)) K I (S I (v28 v30)) v10) (x (x (v3 S) B (v23 (v6 (x B) (B (B I) (B (z I (z I I) K) x))) z) K) (B (x (v3 S) B (v23 (v6 (x B) (B (B I) (B (z I (z I (I I)) K) x))) z) K)))
v10 (x S (S (v22 S)) K I (S I (v28 v30)) v10) (x (x (v3 S) B (v23 (v6 (x B) (B (B I) (B (z I (z I I) K) x))) z) K) (B (x (v3 S) B (v23 (v6 (x B) (B (B I) (B (z I (z I I) K) x))) z) K)))
K
x (x v22 S B) (z B)
S (K K) S (z (x B B (S K) B) (z z S (z K I))) (B (K x)) (I (z I z v21 x S x v17 (x (z v0) (z v13 v29) (v9 v29 (v4 (S x)))) (K (v4 v3 (B S) S I B))) v9)
K K (z (x B B (S K) B) (z z S (z K I))) (S (z (x B B (S K) B) (z z S (z K I)))) (B (K x)) (I (z I z v21 x S x v17 (x (z v0) (z v13 v29) (v9 v29 (v4 (S x)))) (K (v4 v3 (B S) S I B))) v9)
K (S (z (x B B (S K) B) (z z S (z K I)))) (B (K x)) (I (z I z v21 x S x v17 (x (z v0) (z v13 v29) (v9 v29 (v4 (S x)))) (K (v4 v3 (B S) S I B))) v9)
S (z (x B B (S K) B) (z z S (z K I))) (I (z I z v21 x S x v17 (x (z v0) (z v13 v29) (v9 v29 (v4 (S x)))) (K (v4 v3 (B S) S I B))) v9)
S (z (x B B (S K) B) (z z S (z K I))) (z I z v21 x S x v17 (x (z v0) (z v13 v29) (v9 v29 (v4 (S x)))) (K (v4 v3 (B S) S I B)) v9)
B
B (v17 (I (z I (K x))) (z S x (v17 (x (S I z)) I z) (K S z)) I (S z))
B (v17 (z I (K x)) (z S x (v17 (x (S I z)) I z) (K S z)) I (S z))
B (v17 (z I (K x)) (z S x (v17 (x (S I z)) I z) S) I (S z))
v7 (K (B (S (I v21)) K)) (S v6 (x (x (S (v19 z S) (x I)) z))) (B (I (I (S B)) B (S (K (v17 (S x)) (B (z (v10 B (I I))) B (v6 B x)) (z z))) B))
v7 (K (B (S v21) K)) (S v6 (x (x (S (v19 z S) (x I)) z))) (B (I (I (S B)) B (S (K (v17 (S x)) (B (z (v10 B (I I))) B (v6 B x)) (z z))) B))
v7 (K (B (S v21) K)) (S v6 (x (x (S (v19 z S) (x I)) z))) (B (I (S B) B (S (K (v17 (S x)) (B (z (v10 B (I I))) B (v6 B x)) (z z))) B))
v7 (K (B (S v21) K)) (S v6 (x (x (S (v19 z S) (x I)) z))) (B (S B B (S (K (v17 (S x)) (B (z (v10 B (I I))) B (v6 B x)) (z z))) B))
v7 (K (B (S v21) K)) (S v6 (x (x (S (v19 z S) (x I)) z))) (B (B (S (K (v17 (S x)) (B (z (v10 B (I I))) B (v6 B x)) (z z))) (B (S (K (v17 (S x)) (B (z (v10 B (I I))) B (v6 B x)) (z z)))) B))
v7 (K (B (S v21) K)) (S v6 (x (x (S (v19 z S) (x I)) z))) (B (S (K (v17 (S x)) (B (z (v10 B (I I))) B (v6 B x)) (z z)) (B (S (K (v17 (S x)) (B (z (v10 B (I I))) B (v6 B x)) (z z))) B)))
v7 (K (B (S v21) K)) (S v6 (x (x (S (v19 z S) (x I)) z))) (B (S (v17 (S x) (z z)) (B (S (K (v17 (S x)) (B (z (v10 B (I I))) B (v6 B x)) (z z))) B)))
v7 (K (B (S v21) K)) (S v6 (x (x (S (v19 z S) (x I)) z))) (B (S (v17 (S x) (z z)) (B (S (v17 (S x) (z z))) B)))
v15 (I (K (K K K v17 v0)) (x (I B) x (z (S (S (v13 v6)) S) I K (B (I B) (z v28)) I)))
v15 (K (K K K v17 v0) (x (I B) x (z (S (S (v13 v6)) S) I K (B (I B) (z v28)) I)))
v15 (K K K v17 v0)
v15 (K v17 v0)
v15 v17
