v25 (x v22 B (I x) v25) z x z (B (x z)) (I (z (x S (x z v18) (K S)) (x (S v27 (x (K K))))) (v21 (S (I S) S x) I (K x (x I) I) (K (v22 (x (K B)) v16 (S K)) (B S (v27 (v11 K))))) K (S z))
v25 (x v22 B x v25) z x z (B (x z)) (I (z (x S (x z v18) (K S)) (x (S v27 (x (K K))))) (v21 (S (I S) S x) I (K x (x I) I) (K (v22 (x (K B)) v16 (S K)) (B S (v27 (v11 K))))) K (S z))
v25 (x v22 B x v25) z x z (B (x z)) (z (x S (x z v18) (K S)) (x (S v27 (x (K K)))) (v21 (S (I S) S x) I (K x (x I) I) (K (v22 (x (K B)) v16 (S K)) (B S (v27 (v11 K))))) K (S z))
v25 (x v22 B x v25) z x z (B (x z)) (z (x S (x z v18) (K S)) (x (S v27 (x (K K)))) (v21 (I S x (S x)) I (K x (x I) I) (K (v22 (x (K B)) v16 (S K)) (B S (v27 (v11 K))))) K (S z))
v25 (x v22 B x v25) z x z (B (x z)) (z (x S (x z v18) (K S)) (x (S v27 (x (K K)))) (v21 (S x (S x)) I (K x (x I) I) (K (v22 (x (K B)) v16 (S K)) (B S (v27 (v11 K))))) K (S z))
v25 (x v22 B x v25) z x z (B (x z)) (z (x S (x z v18) (K S)) (x (S v27 (x (K K)))) (v21 (S x (S x)) I (x I) (K (v22 (x (K B)) v16 (S K)) (B S (v27 (v11 K))))) K (S z))
v25 (x v22 B x v25) z x z (B (x z)) (z (x S (x z v18) (K S)) (x (S v27 (x (K K)))) (v21 (S x (S x)) I (x I) (v22 (x (K B)) v16 (S K))) K (S z))
v6 (K (S (B (z K x (K v3)) (I (I B) z B (I (I z B))))) (S (z (K (K I B) (I B B S) x))) (S (S (x (I x)) I)))
v6 (S (B (z K x (K v3)) (I (I B) z B (I (I z B)))) (S (S (x (I x)) I)))
v6 (S (B (z K x (K v3)) (I B z B (I (I z B)))) (S (S (x (I x)) I)))
v6 (S (B (z K x (K v3)) (B z B (I (I z B)))) (S (S (x (I x)) I)))
v6 (S (B (z K x (K v3)) (z (B (I (I z B))))) (S (S (x (I x)) I)))
v6 (S (B (z K x (K v3)) (z (B (I z B)))) (S (S (x (I x)) I)))
v6 (S (B (z K x (K v3)) (z (B (z B)))) (S (S (x (I x)) I)))
v6 (S (B (z K x (K v3)) (z (B (z B)))) (S (S (x x) I)))
v15
I (S (B (v10 (S (B x)) (S (z I)))) x) (v4 S (v0 (z (K z K)) S B) I (B z)) (K (z (v0 (z S S z I)) S (B K) v1))
S (B (v10 (S (B x)) (S (z I)))) x (v4 S (v0 (z (K z K)) S B) I (B z)) (K (z (v0 (z S S z I)) S (B K) v1))
B (v10 (S (B x)) (S (z I))) (v4 S (v0 (z (K z K)) S B) I (B z)) (x (v4 S (v0 (z (K z K)) S B) I (B z))) (K (z (v0 (z S S z I)) S (B K) v1))
v10 (S (B x)) (S (z I)) (v4 S (v0 (z (K z K)) S B) I (B z) (x (v4 S (v0 (z (K z K)) S B) I (B z)))) (K (z (v0 (z S S z I)) S (B K) v1))
v10 (S (B x)) (S (z I)) (v4 S (v0 (z z) S B) I (B z) (x (v4 S (v0 (z (K z K)) S B) I (B z)))) (K (z (v0 (z S S z I)) S (B K) v1))
v10 (S (B x)) (S (z I)) (v4 S (v0 (z z) S B) I (B z) (x (v4 S (v0 (z z) S B) I (B z)))) (K (z (v0 (z S S z I)) S (B K) v1))
I z x (B (K S (x S S) v28 (I (S B))) (z v27) (S (x I (B I) K I (I (x K)) (v4 (K K (S v28) (v11 (B (B x (I K (K I)) S)) S)) z))))
z x (B (K S (x S S) v28 (I (S B))) (z v27) (S (x I (B I) K I (I (x K)) (v4 (K K (S v28) (v11 (B (B x (I K (K I)) S)) S)) z))))
z x (K S (x S S) v28 (I (S B)) (z v27 (S (x I (B I) K I (I (x K)) (v4 (K K (S v28) (v11 (B (B x (I K (K I)) S)) S)) z)))))
z x (S v28 (I (S B)) (z v27 (S (x I (B I) K I (I (x K)) (v4 (K K (S v28) (v11 (B (B x (I K (K I)) S)) S)) z)))))
z x (v28 (z v27 (S (x I (B I) K I (I (x K)) (v4 (K K (S v28) (v11 (B (B x (I K (K I)) S)) S)) z)))) (I (S B) (z v27 (S (x I (B I) K I (I (x K)) (v4 (K K (S v28) (v11 (B (B x (I K (K I)) S)) S)) z))))))
z x (v28 (z v27 (S (x I (B I) K I (x K) (v4 (K K (S v28) (v11 (B (B x (I K (K I)) S)) S)) z)))) (I (S B) (z v27 (S (x I (B I) K I (I (x K)) (v4 (K K (S v28) (v11 (B (B x (I K (K I)) S)) S)) z))))))
z x (v28 (z v27 (S (x I (B I) K I (x K) (v4 (K (v11 (B (B x (I K (K I)) S)) S)) z)))) (I (S B) (z v27 (S (x I (B I) K I (I (x K)) (v4 (K K (S v28) (v11 (B (B x (I K (K I)) S)) S)) z))))))
z x (v28 (z v27 (S (x I (B I) K I (x K) (v4 (K (v11 (B (x (I K (K I) S))) S)) z)))) (I (S B) (z v27 (S (x I (B I) K I (I (x K)) (v4 (K K (S v28) (v11 (B (B x (I K (K I)) S)) S)) z))))))
z x (v28 (z v27 (S (x I (B I) K I (x K) (v4 (K (v11 (B (x (K (K I) S))) S)) z)))) (I (S B) (z v27 (S (x I (B I) K I (I (x K)) (v4 (K K (S v28) (v11 (B (B x (I K (K I)) S)) S)) z))))))
z x (v28 (z v27 (S (x I (B I) K I (x K) (v4 (K (v11 (B (x (K I))) S)) z)))) (I (S B) (z v27 (S (x I (B I) K I (I (x K)) (v4 (K K (S v28) (v11 (B (B x (I K (K I)) S)) S)) z))))))
z x (v28 (z v27 (S (x I (B I) K I (x K) (v4 (K (v11 (B (x (K I))) S)) z)))) (S B (z v27 (S (x I (B I) K I (I (x K)) (v4 (K K (S v28) (v11 (B (B x (I K (K I)) S)) S)) z))))))
z x (v28 (z v27 (S (x I (B I) K I (x K) (v4 (K (v11 (B (x (K I))) S)) z)))) (S B (z v27 (S (x I (B I) K I (x K) (v4 (K K (S v28) (v11 (B (B x (I K (K I)) S)) S)) z))))))
z x (v28 (z v27 (S (x I (B I) K I (x K) (v4 (K (v11 (B (x (K I))) S)) z)))) (S B (z v27 (S (x I (B I) K I (x K) (v4 (K (v11 (B (B x (I K (K I)) S)) S)) z))))))
z x (v28 (z v27 (S (x I (B I) K I (x K) (v4 (K (v11 (B (x (K I))) S)) z)))) (S B (z v27 (S (x I (B I) K I (x K) (v4 (K (v11 (B (x (I K (K I) S))) S)) z))))))
z x (v28 (z v27 (S (x I (B I) K I (x K) (v4 (K (v11 (B (x (K I))) S)) z)))) (S B (z v27 (S (x I (B I) K I (x K) (v4 (K (v11 (B (x (K (K I) S))) S)) z))))))
z x (v28 (z v27 (S (x I (B I) K I (x K) (v4 (K (v11 (B (x (K I))) S)) z)))) (S B (z v27 (S (x I (B I) K I (x K) (v4 (K (v11 (B (x (K I))) S)) z))))))
B (B K)
I I I (z z B (B B I (S (B S K (K K (B (x B) x)))))) K
I I (z z B (B B I (S (B S K (K K (B (x B) x)))))) K
I (z z B (B B I (S (B S K (K K (B (x B) x)))))) K
z z B (B B I (S (B S K (K K (B (x B) x))))) K
z z B (B (I (S (B S K (K K (B (x B) x)))))) K
z z B (B (S (B S K (K K (B (x B) x))))) K
z z B (B (S (S (K (K K (B (x B) x)))))) K
z z B (B (S (S (K K)))) K
S (v11 (x (K I) (K z) I (K S)))
B (z B (x (v17 S (K I) (z (K I I (x S (S x I z)))))) K)
B (z B (x (v17 S (K I) (z (I (x S (S x I z)))))) K)
B (z B (x (v17 S (K I) (z (x S (S x I z))))) K)
B (z B (x (v17 S (K I) (z (x S (x z (I z)))))) K)
B (z B (x (v17 S (K I) (z (x S (x z z))))) K)
z I (z (I I) K I (S (z B (K (z z) (I (I (B S B) (B (x (z v15)))) B))))) (K (z (I (x I) K) (v12 (I K v16 B)) (S B (S x K z S)) z (S (x (x x S) x I S) I)))
z I (z I K I (S (z B (K (z z) (I (I (B S B) (B (x (z v15)))) B))))) (K (z (I (x I) K) (v12 (I K v16 B)) (S B (S x K z S)) z (S (x (x x S) x I S) I)))
z I (z I K I (S (z B (z z)))) (K (z (I (x I) K) (v12 (I K v16 B)) (S B (S x K z S)) z (S (x (x x S) x I S) I)))
z I (z I K I (S (z B (z z)))) (K (z (x I K) (v12 (I K v16 B)) (S B (S x K z S)) z (S (x (x x S) x I S) I)))
z I (z I K I (S (z B (z z)))) (K (z (x I K) (v12 (K v16 B)) (S B (S x K z S)) z (S (x (x x S) x I S) I)))
z I (z I K I (S (z B (z z)))) (K (z (x I K) (v12 v16) (S B (S x K z S)) z (S (x (x x S) x I S) I)))
z I (z I K I (S (z B (z z)))) (K (z (x I K) (v12 v16) (S B (x z (K z) S)) z (S (x (x x S) x I S) I)))
