I
B B (B (S I (I (K I (S z)))) (I I) (K (x (K z z (I B K B) B)))) (v21 K (I (S B) (x (S (K (v5 (B B)) z)) B)) z (K S (v15 S) I z)) B (z I (S v11) v3 I)
B (B (S I (I (K I (S z)))) (I I) (K (x (K z z (I B K B) B))) (v21 K (I (S B) (x (S (K (v5 (B B)) z)) B)) z (K S (v15 S) I z))) B (z I (S v11) v3 I)
B (S I (I (K I (S z)))) (I I) (K (x (K z z (I B K B) B))) (v21 K (I (S B) (x (S (K (v5 (B B)) z)) B)) z (K S (v15 S) I z)) (B (z I (S v11) v3 I))
S I (I (K I (S z))) (I I (K (x (K z z (I B K B) B)))) (v21 K (I (S B) (x (S (K (v5 (B B)) z)) B)) z (K S (v15 S) I z)) (B (z I (S v11) v3 I))
I (I I (K (x (K z z (I B K B) B)))) (I (K I (S z)) (I I (K (x (K z z (I B K B) B))))) (v21 K (I (S B) (x (S (K (v5 (B B)) z)) B)) z (K S (v15 S) I z)) (B (z I (S v11) v3 I))
I I (K (x (K z z (I B K B) B))) (I (K I (S z)) (I I (K (x (K z z (I B K B) B))))) (v21 K (I (S B) (x (S (K (v5 (B B)) z)) B)) z (K S (v15 S) I z)) (B (z I (S v11) v3 I))
I (K (x (K z z (I B K B) B))) (I (K I (S z)) (I I (K (x (K z z (I B K B) B))))) (v21 K (I (S B) (x (S (K (v5 (B B)) z)) B)) z (K S (v15 S) I z)) (B (z I (S v11) v3 I))
K (x (K z z (I B K B) B)) (I (K I (S z)) (I I (K (x (K z z (I B K B) B))))) (v21 K (I (S B) (x (S (K (v5 (B B)) z)) B)) z (K S (v15 S) I z)) (B (z I (S v11) v3 I))
x (K z z (I B K B) B) (v21 K (I (S B) (x (S (K (v5 (B B)) z)) B)) z (K S (v15 S) I z)) (B (z I (S v11) v3 I))
x (z (I B K B) B) (v21 K (I (S B) (x (S (K (v5 (B B)) z)) B)) z (K S (v15 S) I z)) (B (z I (S v11) v3 I))
x (z (B K B) B) (v21 K (I (S B) (x (S (K (v5 (B B)) z)) B)) z (K S (v15 S) I z)) (B (z I (S v11) v3 I))
x (z (B K B) B) (v21 K (S B (x (S (K (v5 (B B)) z)) B)) z (K S (v15 S) I z)) (B (z I (S v11) v3 I))
x (z (B K B) B) (v21 K (S B (x (S (v5 (B B))) B)) z (K S (v15 S) I z)) (B (z I (S v11) v3 I))
x (z (B K B) B) (v21 K (S B (x (S (v5 (B B))) B)) z (S I z)) (B (z I (S v11) v3 I))
z
x K B (z I) (v0 B (B K (x I) B) x)
x K B (z I) (v0 B (K (x I B)) x)
z (I (K (v22 K)) (v12 I B) (x z (K (I v3)) (x (z K))) (B K (x S (z (x (S (x S (I (x v9)))) B) z))))
z (K (v22 K) (v12 I B) (x z (K (I v3)) (x (z K))) (B K (x S (z (x (S (x S (I (x v9)))) B) z))))
z (v22 K (x z (K (I v3)) (x (z K))) (B K (x S (z (x (S (x S (I (x v9)))) B) z))))
z (v22 K (x z (K v3) (x (z K))) (B K (x S (z (x (S (x S (I (x v9)))) B) z))))
z (v22 K (x z (K v3) (x (z K))) (B K (x S (z (x (S (x S (x v9))) B) z))))
z
S z v22
S K I x (z (z (K (K S))) (z (I K v29 K I K) B (I (K (I (z I)) (x (S K) (v28 x (x z) x))) I)) (K (I B) z (S v0 B) (I (v26 B (I v3) z)))) (x K)
K x (I x) (z (z (K (K S))) (z (I K v29 K I K) B (I (K (I (z I)) (x (S K) (v28 x (x z) x))) I)) (K (I B) z (S v0 B) (I (v26 B (I v3) z)))) (x K)
x (z (z (K (K S))) (z (I K v29 K I K) B (I (K (I (z I)) (x (S K) (v28 x (x z) x))) I)) (K (I B) z (S v0 B) (I (v26 B (I v3) z)))) (x K)
x (z (z (K (K S))) (z (K v29 K I K) B (I (K (I (z I)) (x (S K) (v28 x (x z) x))) I)) (K (I B) z (S v0 B) (I (v26 B (I v3) z)))) (x K)
x (z (z (K (K S))) (z (v29 I K) B (I (K (I (z I)) (x (S K) (v28 x (x z) x))) I)) (K (I B) z (S v0 B) (I (v26 B (I v3) z)))) (x K)
x (z (z (K (K S))) (z (v29 I K) B (K (I (z I)) (x (S K) (v28 x (x z) x)) I)) (K (I B) z (S v0 B) (I (v26 B (I v3) z)))) (x K)
x (z (z (K (K S))) (z (v29 I K) B (I (z I) I)) (K (I B) z (S v0 B) (I (v26 B (I v3) z)))) (x K)
x (z (z (K (K S))) (z (v29 I K) B (z I I)) (K (I B) z (S v0 B) (I (v26 B (I v3) z)))) (x K)
x (z (z (K (K S))) (z (v29 I K) B (z I I)) (I B (S v0 B) (I (v26 B (I v3) z)))) (x K)
x (z (z (K (K S))) (z (v29 I K) B (z I I)) (B (S v0 B) (I (v26 B (I v3) z)))) (x K)
x (z (z (K (K S))) (z (v29 I K) B (z I I)) (B (S v0 B) (v26 B (I v3) z))) (x K)
x (z (z (K (K S))) (z (v29 I K) B (z I I)) (B (S v0 B) (v26 B v3 z))) (x K)
B S
S x (I (S (K I) (B x v17)) (S x)) (I z)
x (I z) (I (S (K I) (B x v17)) (S x) (I z))
x z (I (S (K I) (B x v17)) (S x) (I z))
x z (S (K I) (B x v17) (S x) (I z))
x z (K I (S x) (B x v17 (S x)) (I z))
x z (I (B x v17 (S x)) (I z))
x z (B x v17 (S x) (I z))
x z (x (v17 (S x)) (I z))
x z (x (v17 (S x)) z)
