I (B (S B))
B (S B)
I K
K
B
z
B
I (B x) (B B K z (S (v1 v23 (S K) (S v6)) (K (v27 K I x))) (K I (x v15 (S (v11 z)))) K)
B x (B B K z (S (v1 v23 (S K) (S v6)) (K (v27 K I x))) (K I (x v15 (S (v11 z)))) K)
B x (B (K z) (S (v1 v23 (S K) (S v6)) (K (v27 K I x))) (K I (x v15 (S (v11 z)))) K)
B x (K z (S (v1 v23 (S K) (S v6)) (K (v27 K I x)) (K I (x v15 (S (v11 z))))) K)
B x (z K)
x
z I (I (K S) B (S B x) (x B) (v27 (K (z (I S)) I)) v12 (I v0 I) (S v26) (x B) S)
z I (K S B (S B x) (x B) (v27 (K (z (I S)) I)) v12 (I v0 I) (S v26) (x B) S)
z I (S (S B x) (x B) (v27 (K (z (I S)) I)) v12 (I v0 I) (S v26) (x B) S)
z I (S B x (v27 (K (z (I S)) I)) (x B (v27 (K (z (I S)) I))) v12 (I v0 I) (S v26) (x B) S)
z I (B (v27 (K (z (I S)) I)) (x (v27 (K (z (I S)) I))) (x B (v27 (K (z (I S)) I))) v12 (I v0 I) (S v26) (x B) S)
z I (v27 (K (z (I S)) I) (x (v27 (K (z (I S)) I)) (x B (v27 (K (z (I S)) I)))) v12 (I v0 I) (S v26) (x B) S)
z I (v27 (z (I S)) (x (v27 (K (z (I S)) I)) (x B (v27 (K (z (I S)) I)))) v12 (I v0 I) (S v26) (x B) S)
z I (v27 (z S) (x (v27 (K (z (I S)) I)) (x B (v27 (K (z (I S)) I)))) v12 (I v0 I) (S v26) (x B) S)
z I (v27 (z S) (x (v27 (z (I S))) (x B (v27 (K (z (I S)) I)))) v12 (I v0 I) (S v26) (x B) S)
z I (v27 (z S) (x (v27 (z S)) (x B (v27 (K (z (I S)) I)))) v12 (I v0 I) (S v26) (x B) S)
z I (v27 (z S) (x (v27 (z S)) (x B (v27 (z (I S))))) v12 (I v0 I) (S v26) (x B) S)
z I (v27 (z S) (x (v27 (z S)) (x B (v27 (z S)))) v12 (I v0 I) (S v26) (x B) S)
z I (v27 (z S) (x (v27 (z S)) (x B (v27 (z S)))) v12 (v0 I) (S v26) (x B) S)
I B x S (x (B (I (I (x (B (K v12) S) I (x B))))) (x (B v22)))
B x S (x (B (I (I (x (B (K v12) S) I (x B))))) (x (B v22)))
x (S (x (B (I (I (x (B (K v12) S) I (x B))))) (x (B v22))))
x (S (x (B (I (x (B (K v12) S) I (x B)))) (x (B v22))))
x (S (x (B (x (B (K v12) S) I (x B))) (x (B v22))))
x (S (I x) K (I I B (B (v9 (I (v10 B) (K S))) K) (B (B (z v20 (S (I I)))) (S (B S))) (v22 B S (z v1) x z)))
x (I x (I I B (B (v9 (I (v10 B) (K S))) K) (B (B (z v20 (S (I I)))) (S (B S))) (v22 B S (z v1) x z)) (K (I I B (B (v9 (I (v10 B) (K S))) K) (B (B (z v20 (S (I I)))) (S (B S))) (v22 B S (z v1) x z))))
x (x (I I B (B (v9 (I (v10 B) (K S))) K) (B (B (z v20 (S (I I)))) (S (B S))) (v22 B S (z v1) x z)) (K (I I B (B (v9 (I (v10 B) (K S))) K) (B (B (z v20 (S (I I)))) (S (B S))) (v22 B S (z v1) x z))))
x (x (I B (B (v9 (I (v10 B) (K S))) K) (B (B (z v20 (S (I I)))) (S (B S))) (v22 B S (z v1) x z)) (K (I I B (B (v9 (I (v10 B) (K S))) K) (B (B (z v20 (S (I I)))) (S (B S))) (v22 B S (z v1) x z))))
x (x (B (B (v9 (I (v10 B) (K S))) K) (B (B (z v20 (S (I I)))) (S (B S))) (v22 B S (z v1) x z)) (K (I I B (B (v9 (I (v10 B) (K S))) K) (B (B (z v20 (S (I I)))) (S (B S))) (v22 B S (z v1) x z))))
x (x (B (v9 (I (v10 B) (K S))) K (B (B (z v20 (S (I I)))) (S (B S)) (v22 B S (z v1) x z))) (K (I I B (B (v9 (I (v10 B) (K S))) K) (B (B (z v20 (S (I I)))) (S (B S))) (v22 B S (z v1) x z))))
x (x (v9 (I (v10 B) (K S)) (K (B (B (z v20 (S (I I)))) (S (B S)) (v22 B S (z v1) x z)))) (K (I I B (B (v9 (I (v10 B) (K S))) K) (B (B (z v20 (S (I I)))) (S (B S))) (v22 B S (z v1) x z))))
x (x (v9 (v10 B (K S)) (K (B (B (z v20 (S (I I)))) (S (B S)) (v22 B S (z v1) x z)))) (K (I I B (B (v9 (I (v10 B) (K S))) K) (B (B (z v20 (S (I I)))) (S (B S))) (v22 B S (z v1) x z))))
x (x (v9 (v10 B (K S)) (K (B (z v20 (S (I I))) (S (B S) (v22 B S (z v1) x z))))) (K (I I B (B (v9 (I (v10 B) (K S))) K) (B (B (z v20 (S (I I)))) (S (B S))) (v22 B S (z v1) x z))))
x (x (v9 (v10 B (K S)) (K (B (z v20 (S I)) (S (B S) (v22 B S (z v1) x z))))) (K (I I B (B (v9 (I (v10 B) (K S))) K) (B (B (z v20 (S (I I)))) (S (B S))) (v22 B S (z v1) x z))))
x (x (v9 (v10 B (K S)) (K (B (z v20 (S I)) (S (B S) (v22 B S (z v1) x z))))) (K (I B (B (v9 (I (v10 B) (K S))) K) (B (B (z v20 (S (I I)))) (S (B S))) (v22 B S (z v1) x z))))
x (x (v9 (v10 B (K S)) (K (B (z v20 (S I)) (S (B S) (v22 B S (z v1) x z))))) (K (B (B (v9 (I (v10 B) (K S))) K) (B (B (z v20 (S (I I)))) (S (B S))) (v22 B S (z v1) x z))))
x (x (v9 (v10 B (K S)) (K (B (z v20 (S I)) (S (B S) (v22 B S (z v1) x z))))) (K (B (v9 (I (v10 B) (K S))) K (B (B (z v20 (S (I I)))) (S (B S)) (v22 B S (z v1) x z)))))
x (x (v9 (v10 B (K S)) (K (B (z v20 (S I)) (S (B S) (v22 B S (z v1) x z))))) (K (v9 (I (v10 B) (K S)) (K (B (B (z v20 (S (I I)))) (S (B S)) (v22 B S (z v1) x z))))))
x (x (v9 (v10 B (K S)) (K (B (z v20 (S I)) (S (B S) (v22 B S (z v1) x z))))) (K (v9 (v10 B (K S)) (K (B (B (z v20 (S (I I)))) (S (B S)) (v22 B S (z v1) x z))))))
x (x (v9 (v10 B (K S)) (K (B (z v20 (S I)) (S (B S) (v22 B S (z v1) x z))))) (K (v9 (v10 B (K S)) (K (B (z v20 (S (I I))) (S (B S) (v22 B S (z v1) x z)))))))
x (x (v9 (v10 B (K S)) (K (B (z v20 (S I)) (S (B S) (v22 B S (z v1) x z))))) (K (v9 (v10 B (K S)) (K (B (z v20 (S I)) (S (B S) (v22 B S (z v1) x z)))))))
