x (z (K S K (I v12 S) z))
x (z (S (I v12 S) z))
x (z (S (v12 S) z))
B
I I (K I z I) (K x (v22 (z K)) (S (K x)) v18) K z (v9 x (B (K K x) z))
I (K I z I) (K x (v22 (z K)) (S (K x)) v18) K z (v9 x (B (K K x) z))
K I z I (K x (v22 (z K)) (S (K x)) v18) K z (v9 x (B (K K x) z))
I I (K x (v22 (z K)) (S (K x)) v18) K z (v9 x (B (K K x) z))
I (K x (v22 (z K)) (S (K x)) v18) K z (v9 x (B (K K x) z))
K x (v22 (z K)) (S (K x)) v18 K z (v9 x (B (K K x) z))
x (S (K x)) v18 K z (v9 x (B (K K x) z))
x (S (K x)) v18 K z (v9 x (B K z))
I (S (z (B B (B (I x) z))) B (I I) v19) (K (I K)) (B (B (K S) S S))
S (z (B B (B (I x) z))) B (I I) v19 (K (I K)) (B (B (K S) S S))
z (B B (B (I x) z)) (I I) (B (I I)) v19 (K (I K)) (B (B (K S) S S))
z (B B (B x z)) (I I) (B (I I)) v19 (K (I K)) (B (B (K S) S S))
z (B B (B x z)) I (B (I I)) v19 (K (I K)) (B (B (K S) S S))
z (B B (B x z)) I (B I) v19 (K (I K)) (B (B (K S) S S))
z (B B (B x z)) I (B I) v19 (K K) (B (B (K S) S S))
z (B B (B x z)) I (B I) v19 (K K) (B (K S (S S)))
z (B B (B x z)) I (B I) v19 (K K) (B S)
S z B
x
B
B (S x) x K z I (z v3) (x (K z) (K I)) (v2 (K K x v14) x) (K (x (I B) I) (K x (B x) B B S) z (S z)) (v19 I (S (z (z x)) x (K x)) (v15 B (z (K (S I S) I (v4 (K x))) (S I)))) (S (z x (I (x (B v13)) (K z (S (I v16) S) (x S) B (B (v2 (z x) (K B) I)))) (B (K (z x) S) v18 x B z)))
S x (x K) z I (z v3) (x (K z) (K I)) (v2 (K K x v14) x) (K (x (I B) I) (K x (B x) B B S) z (S z)) (v19 I (S (z (z x)) x (K x)) (v15 B (z (K (S I S) I (v4 (K x))) (S I)))) (S (z x (I (x (B v13)) (K z (S (I v16) S) (x S) B (B (v2 (z x) (K B) I)))) (B (K (z x) S) v18 x B z)))
x z (x K z) I (z v3) (x (K z) (K I)) (v2 (K K x v14) x) (K (x (I B) I) (K x (B x) B B S) z (S z)) (v19 I (S (z (z x)) x (K x)) (v15 B (z (K (S I S) I (v4 (K x))) (S I)))) (S (z x (I (x (B v13)) (K z (S (I v16) S) (x S) B (B (v2 (z x) (K B) I)))) (B (K (z x) S) v18 x B z)))
x z (x K z) I (z v3) (x (K z) (K I)) (v2 (K v14) x) (K (x (I B) I) (K x (B x) B B S) z (S z)) (v19 I (S (z (z x)) x (K x)) (v15 B (z (K (S I S) I (v4 (K x))) (S I)))) (S (z x (I (x (B v13)) (K z (S (I v16) S) (x S) B (B (v2 (z x) (K B) I)))) (B (K (z x) S) v18 x B z)))
x z (x K z) I (z v3) (x (K z) (K I)) (v2 (K v14) x) (x (I B) I z (S z)) (v19 I (S (z (z x)) x (K x)) (v15 B (z (K (S I S) I (v4 (K x))) (S I)))) (S (z x (I (x (B v13)) (K z (S (I v16) S) (x S) B (B (v2 (z x) (K B) I)))) (B (K (z x) S) v18 x B z)))
x z (x K z) I (z v3) (x (K z) (K I)) (v2 (K v14) x) (x B I z (S z)) (v19 I (S (z (z x)) x (K x)) (v15 B (z (K (S I S) I (v4 (K x))) (S I)))) (S (z x (I (x (B v13)) (K z (S (I v16) S) (x S) B (B (v2 (z x) (K B) I)))) (B (K (z x) S) v18 x B z)))
x z (x K z) I (z v3) (x (K z) (K I)) (v2 (K v14) x) (x B I z (S z)) (v19 I (z (z x) (K x) (x (K x))) (v15 B (z (K (S I S) I (v4 (K x))) (S I)))) (S (z x (I (x (B v13)) (K z (S (I v16) S) (x S) B (B (v2 (z x) (K B) I)))) (B (K (z x) S) v18 x B z)))
x z (x K z) I (z v3) (x (K z) (K I)) (v2 (K v14) x) (x B I z (S z)) (v19 I (z (z x) (K x) (x (K x))) (v15 B (z (S I S (v4 (K x))) (S I)))) (S (z x (I (x (B v13)) (K z (S (I v16) S) (x S) B (B (v2 (z x) (K B) I)))) (B (K (z x) S) v18 x B z)))
x z (x K z) I (z v3) (x (K z) (K I)) (v2 (K v14) x) (x B I z (S z)) (v19 I (z (z x) (K x) (x (K x))) (v15 B (z (I (v4 (K x)) (S (v4 (K x)))) (S I)))) (S (z x (I (x (B v13)) (K z (S (I v16) S) (x S) B (B (v2 (z x) (K B) I)))) (B (K (z x) S) v18 x B z)))
x z (x K z) I (z v3) (x (K z) (K I)) (v2 (K v14) x) (x B I z (S z)) (v19 I (z (z x) (K x) (x (K x))) (v15 B (z (v4 (K x) (S (v4 (K x)))) (S I)))) (S (z x (I (x (B v13)) (K z (S (I v16) S) (x S) B (B (v2 (z x) (K B) I)))) (B (K (z x) S) v18 x B z)))
x z (x K z) I (z v3) (x (K z) (K I)) (v2 (K v14) x) (x B I z (S z)) (v19 I (z (z x) (K x) (x (K x))) (v15 B (z (v4 (K x) (S (v4 (K x)))) (S I)))) (S (z x (x (B v13) (K z (S (I v16) S) (x S) B (B (v2 (z x) (K B) I)))) (B (K (z x) S) v18 x B z)))
x z (x K z) I (z v3) (x (K z) (K I)) (v2 (K v14) x) (x B I z (S z)) (v19 I (z (z x) (K x) (x (K x))) (v15 B (z (v4 (K x) (S (v4 (K x)))) (S I)))) (S (z x (x (B v13) (z (x S) B (B (v2 (z x) (K B) I)))) (B (K (z x) S) v18 x B z)))
x z (x K z) I (z v3) (x (K z) (K I)) (v2 (K v14) x) (x B I z (S z)) (v19 I (z (z x) (K x) (x (K x))) (v15 B (z (v4 (K x) (S (v4 (K x)))) (S I)))) (S (z x (x (B v13) (z (x S) B (B (v2 (z x) (K B) I)))) (K (z x) S (v18 x) B z)))
x z (x K z) I (z v3) (x (K z) (K I)) (v2 (K v14) x) (x B I z (S z)) (v19 I (z (z x) (K x) (x (K x))) (v15 B (z (v4 (K x) (S (v4 (K x)))) (S I)))) (S (z x (x (B v13) (z (x S) B (B (v2 (z x) (K B) I)))) (z x (v18 x) B z)))
S (v25 B) K (z (S z)) (x x (B z x (B (S (I K S)) (x z z) (K (v27 B K I v21)))))
v25 B (z (S z)) (K (z (S z))) (x x (B z x (B (S (I K S)) (x z z) (K (v27 B K I v21)))))
v25 B (z (S z)) (K (z (S z))) (x x (z (x (B (S (I K S)) (x z z) (K (v27 B K I v21))))))
v25 B (z (S z)) (K (z (S z))) (x x (z (x (S (I K S) (x z z (K (v27 B K I v21)))))))
v25 B (z (S z)) (K (z (S z))) (x x (z (x (S (K S) (x z z (K (v27 B K I v21)))))))
v11 B I I (z (x (I (v7 K I))) B (z z))
v11 B I I (z (x (v7 K I)) B (z z))
