I (z (I (x z (S S K))) (v5 (B x (S (I B)))) (B (S (S I S)) (I z) (S (B K) (z (z B x) (v0 K) (z (z K) S I z))) (x (v25 (z z (v11 K) S) K (v9 I S S (B z S K (x B) v6 (x v25)))))) (S (x B (K (I (z S x)) S (S S) v26) (K (v0 (B K) (v15 B x (S K) (x (z B))))))))
z (I (x z (S S K))) (v5 (B x (S (I B)))) (B (S (S I S)) (I z) (S (B K) (z (z B x) (v0 K) (z (z K) S I z))) (x (v25 (z z (v11 K) S) K (v9 I S S (B z S K (x B) v6 (x v25)))))) (S (x B (K (I (z S x)) S (S S) v26) (K (v0 (B K) (v15 B x (S K) (x (z B)))))))
z (x z (S S K)) (v5 (B x (S (I B)))) (B (S (S I S)) (I z) (S (B K) (z (z B x) (v0 K) (z (z K) S I z))) (x (v25 (z z (v11 K) S) K (v9 I S S (B z S K (x B) v6 (x v25)))))) (S (x B (K (I (z S x)) S (S S) v26) (K (v0 (B K) (v15 B x (S K) (x (z B)))))))
z (x z (S S K)) (v5 (B x (S B))) (B (S (S I S)) (I z) (S (B K) (z (z B x) (v0 K) (z (z K) S I z))) (x (v25 (z z (v11 K) S) K (v9 I S S (B z S K (x B) v6 (x v25)))))) (S (x B (K (I (z S x)) S (S S) v26) (K (v0 (B K) (v15 B x (S K) (x (z B)))))))
z (x z (S S K)) (v5 (B x (S B))) (S (S I S) (I z (S (B K) (z (z B x) (v0 K) (z (z K) S I z)))) (x (v25 (z z (v11 K) S) K (v9 I S S (B z S K (x B) v6 (x v25)))))) (S (x B (K (I (z S x)) S (S S) v26) (K (v0 (B K) (v15 B x (S K) (x (z B)))))))
z (x z (S S K)) (v5 (B x (S B))) (S I S (x (v25 (z z (v11 K) S) K (v9 I S S (B z S K (x B) v6 (x v25))))) (I z (S (B K) (z (z B x) (v0 K) (z (z K) S I z))) (x (v25 (z z (v11 K) S) K (v9 I S S (B z S K (x B) v6 (x v25))))))) (S (x B (K (I (z S x)) S (S S) v26) (K (v0 (B K) (v15 B x (S K) (x (z B)))))))
z (x z (S S K)) (v5 (B x (S B))) (I (x (v25 (z z (v11 K) S) K (v9 I S S (B z S K (x B) v6 (x v25))))) (S (x (v25 (z z (v11 K) S) K (v9 I S S (B z S K (x B) v6 (x v25)))))) (I z (S (B K) (z (z B x) (v0 K) (z (z K) S I z))) (x (v25 (z z (v11 K) S) K (v9 I S S (B z S K (x B) v6 (x v25))))))) (S (x B (K (I (z S x)) S (S S) v26) (K (v0 (B K) (v15 B x (S K) (x (z B)))))))
z (x z (S S K)) (v5 (B x (S B))) (x (v25 (z z (v11 K) S) K (v9 I S S (B z S K (x B) v6 (x v25)))) (S (x (v25 (z z (v11 K) S) K (v9 I S S (B z S K (x B) v6 (x v25)))))) (I z (S (B K) (z (z B x) (v0 K) (z (z K) S I z))) (x (v25 (z z (v11 K) S) K (v9 I S S (B z S K (x B) v6 (x v25))))))) (S (x B (K (I (z S x)) S (S S) v26) (K (v0 (B K) (v15 B x (S K) (x (z B)))))))
z (x z (S S K)) (v5 (B x (S B))) (x (v25 (z z (v11 K) S) K (v9 I S S (z (S K) (x B) v6 (x v25)))) (S (x (v25 (z z (v11 K) S) K (v9 I S S (B z S K (x B) v6 (x v25)))))) (I z (S (B K) (z (z B x) (v0 K) (z (z K) S I z))) (x (v25 (z z (v11 K) S) K (v9 I S S (B z S K (x B) v6 (x v25))))))) (S (x B (K (I (z S x)) S (S S) v26) (K (v0 (B K) (v15 B x (S K) (x (z B)))))))
z (x z (S S K)) (v5 (B x (S B))) (x (v25 (z z (v11 K) S) K (v9 I S S (z (S K) (x B) v6 (x v25)))) (S (x (v25 (z z (v11 K) S) K (v9 I S S (z (S K) (x B) v6 (x v25)))))) (I z (S (B K) (z (z B x) (v0 K) (z (z K) S I z))) (x (v25 (z z (v11 K) S) K (v9 I S S (B z S K (x B) v6 (x v25))))))) (S (x B (K (I (z S x)) S (S S) v26) (K (v0 (B K) (v15 B x (S K) (x (z B)))))))
z (x z (S S K)) (v5 (B x (S B))) (x (v25 (z z (v11 K) S) K (v9 I S S (z (S K) (x B) v6 (x v25)))) (S (x (v25 (z z (v11 K) S) K (v9 I S S (z (S K) (x B) v6 (x v25)))))) (z (S (B K) (z (z B x) (v0 K) (z (z K) S I z))) (x (v25 (z z (v11 K) S) K (v9 I S S (B z S K (x B) v6 (x v25))))))) (S (x B (K (I (z S x)) S (S S) v26) (K (v0 (B K) (v15 B x (S K) (x (z B)))))))
z (x z (S S K)) (v5 (B x (S B))) (x (v25 (z z (v11 K) S) K (v9 I S S (z (S K) (x B) v6 (x v25)))) (S (x (v25 (z z (v11 K) S) K (v9 I S S (z (S K) (x B) v6 (x v25)))))) (z (S (B K) (z (z B x) (v0 K) (z (z K) S I z))) (x (v25 (z z (v11 K) S) K (v9 I S S (z (S K) (x B) v6 (x v25))))))) (S (x B (K (I (z S x)) S (S S) v26) (K (v0 (B K) (v15 B x (S K) (x (z B)))))))
z (x z (S S K)) (v5 (B x (S B))) (x (v25 (z z (v11 K) S) K (v9 I S S (z (S K) (x B) v6 (x v25)))) (S (x (v25 (z z (v11 K) S) K (v9 I S S (z (S K) (x B) v6 (x v25)))))) (z (S (B K) (z (z B x) (v0 K) (z (z K) S I z))) (x (v25 (z z (v11 K) S) K (v9 I S S (z (S K) (x B) v6 (x v25))))))) (S (x B (I (z S x) (S S) v26) (K (v0 (B K) (v15 B x (S K) (x (z B)))))))
z (x z (S S K)) (v5 (B x (S B))) (x (v25 (z z (v11 K) S) K (v9 I S S (z (S K) (x B) v6 (x v25)))) (S (x (v25 (z z (v11 K) S) K (v9 I S S (z (S K) (x B) v6 (x v25)))))) (z (S (B K) (z (z B x) (v0 K) (z (z K) S I z))) (x (v25 (z z (v11 K) S) K (v9 I S S (z (S K) (x B) v6 (x v25))))))) (S (x B (z S x (S S) v26) (K (v0 (B K) (v15 B x (S K) (x (z B)))))))
v18 (v14 I) x (x (z z S (S (x v7)))) I I (v10 (B (K K) (z K x K))) (K S (x v30 (z K)) (v13 x (z I))) (B (K (I B))) (B K) (I (S (K (x (B S)) v3 (v27 z)) z (S (B z v6))) (I (v11 (K K x (x (B I)) (I (S K) z) (B I z)))) (x z (v2 (I I) x (z (S x x)) (K I))))
v18 (v14 I) x (x (z z S (S (x v7)))) I I (v10 (B (K K) (z K x K))) (S (v13 x (z I))) (B (K (I B))) (B K) (I (S (K (x (B S)) v3 (v27 z)) z (S (B z v6))) (I (v11 (K K x (x (B I)) (I (S K) z) (B I z)))) (x z (v2 (I I) x (z (S x x)) (K I))))
v18 (v14 I) x (x (z z S (S (x v7)))) I I (v10 (B (K K) (z K x K))) (S (v13 x (z I))) (B (K B)) (B K) (I (S (K (x (B S)) v3 (v27 z)) z (S (B z v6))) (I (v11 (K K x (x (B I)) (I (S K) z) (B I z)))) (x z (v2 (I I) x (z (S x x)) (K I))))
v18 (v14 I) x (x (z z S (S (x v7)))) I I (v10 (B (K K) (z K x K))) (S (v13 x (z I))) (B (K B)) (B K) (S (K (x (B S)) v3 (v27 z)) z (S (B z v6)) (I (v11 (K K x (x (B I)) (I (S K) z) (B I z)))) (x z (v2 (I I) x (z (S x x)) (K I))))
v18 (v14 I) x (x (z z S (S (x v7)))) I I (v10 (B (K K) (z K x K))) (S (v13 x (z I))) (B (K B)) (B K) (K (x (B S)) v3 (v27 z) (S (B z v6)) (z (S (B z v6))) (I (v11 (K K x (x (B I)) (I (S K) z) (B I z)))) (x z (v2 (I I) x (z (S x x)) (K I))))
v18 (v14 I) x (x (z z S (S (x v7)))) I I (v10 (B (K K) (z K x K))) (S (v13 x (z I))) (B (K B)) (B K) (x (B S) (v27 z) (S (B z v6)) (z (S (B z v6))) (I (v11 (K K x (x (B I)) (I (S K) z) (B I z)))) (x z (v2 (I I) x (z (S x x)) (K I))))
v18 (v14 I) x (x (z z S (S (x v7)))) I I (v10 (B (K K) (z K x K))) (S (v13 x (z I))) (B (K B)) (B K) (x (B S) (v27 z) (S (B z v6)) (z (S (B z v6))) (v11 (K K x (x (B I)) (I (S K) z) (B I z))) (x z (v2 (I I) x (z (S x x)) (K I))))
v18 (v14 I) x (x (z z S (S (x v7)))) I I (v10 (B (K K) (z K x K))) (S (v13 x (z I))) (B (K B)) (B K) (x (B S) (v27 z) (S (B z v6)) (z (S (B z v6))) (v11 (K (x (B I)) (I (S K) z) (B I z))) (x z (v2 (I I) x (z (S x x)) (K I))))
v18 (v14 I) x (x (z z S (S (x v7)))) I I (v10 (B (K K) (z K x K))) (S (v13 x (z I))) (B (K B)) (B K) (x (B S) (v27 z) (S (B z v6)) (z (S (B z v6))) (v11 (x (B I) (B I z))) (x z (v2 (I I) x (z (S x x)) (K I))))
v18 (v14 I) x (x (z z S (S (x v7)))) I I (v10 (B (K K) (z K x K))) (S (v13 x (z I))) (B (K B)) (B K) (x (B S) (v27 z) (S (B z v6)) (z (S (B z v6))) (v11 (x (B I) (B I z))) (x z (v2 I x (z (S x x)) (K I))))
v28 (B (z (x (K K S (K K))) (K (z I K (S B) x)) (B I) v29)) (B z (I I (B (v27 (v9 (B z))))))
v28 (B (z (x (K (K K))) (K (z I K (S B) x)) (B I) v29)) (B z (I I (B (v27 (v9 (B z))))))
v28 (B (z (x (K (K K))) (K (z I K (S B) x)) (B I) v29)) (B z (I (B (v27 (v9 (B z))))))
v28 (B (z (x (K (K K))) (K (z I K (S B) x)) (B I) v29)) (B z (B (v27 (v9 (B z)))))
z (S (x B B K) K K) (B (K x I S) (S (I (K (S S)))))
z (x B B K K (K K)) (B (K x I S) (S (I (K (S S)))))
z (x B B K K (K K)) (B (x S) (S (I (K (S S)))))
z (x B B K K (K K)) (B (x S) (S (K (S S))))
x K x (B (B (S (S (I I v30) B) z B))) I
x K x (B (B (S (I I v30) B B (z B)))) I
x K x (B (B (I I v30 B (B B) (z B)))) I
x K x (B (B (I v30 B (B B) (z B)))) I
x K x (B (B (v30 B (B B) (z B)))) I
B (x S z) (x I (S v25) (B (z S (v12 I z) S (x z)))) (x S (B z (K v27 v0 z) K K) K)
x S z (x I (S v25) (B (z S (v12 I z) S (x z))) (x S (B z (K v27 v0 z) K K) K))
x S z (x I (S v25) (B (z S (v12 I z) S (x z))) (x S (z (K v27 v0 z K) K) K))
x S z (x I (S v25) (B (z S (v12 I z) S (x z))) (x S (z (v27 z K) K) K))
x
x v5
z K I (x v30 (I B I B (z B) (x S S) (v8 B v9) (x v1))) (B S (S K z)) (K (I (I K)) z I (x z) (v2 (S I B) B (I (B S) K)) (B S K B K (x K (I (K S)) (x (K x) v19 S)) x) S)
z K I (x v30 (B I B (z B) (x S S) (v8 B v9) (x v1))) (B S (S K z)) (K (I (I K)) z I (x z) (v2 (S I B) B (I (B S) K)) (B S K B K (x K (I (K S)) (x (K x) v19 S)) x) S)
z K I (x v30 (I (B (z B)) (x S S) (v8 B v9) (x v1))) (B S (S K z)) (K (I (I K)) z I (x z) (v2 (S I B) B (I (B S) K)) (B S K B K (x K (I (K S)) (x (K x) v19 S)) x) S)
z K I (x v30 (B (z B) (x S S) (v8 B v9) (x v1))) (B S (S K z)) (K (I (I K)) z I (x z) (v2 (S I B) B (I (B S) K)) (B S K B K (x K (I (K S)) (x (K x) v19 S)) x) S)
z K I (x v30 (z B (x S S (v8 B v9)) (x v1))) (B S (S K z)) (K (I (I K)) z I (x z) (v2 (S I B) B (I (B S) K)) (B S K B K (x K (I (K S)) (x (K x) v19 S)) x) S)
z K I (x v30 (z B (x S S (v8 B v9)) (x v1))) (B S (S K z)) (I (I K) I (x z) (v2 (S I B) B (I (B S) K)) (B S K B K (x K (I (K S)) (x (K x) v19 S)) x) S)
z K I (x v30 (z B (x S S (v8 B v9)) (x v1))) (B S (S K z)) (I K I (x z) (v2 (S I B) B (I (B S) K)) (B S K B K (x K (I (K S)) (x (K x) v19 S)) x) S)
z K I (x v30 (z B (x S S (v8 B v9)) (x v1))) (B S (S K z)) (K I (x z) (v2 (S I B) B (I (B S) K)) (B S K B K (x K (I (K S)) (x (K x) v19 S)) x) S)
z K I (x v30 (z B (x S S (v8 B v9)) (x v1))) (B S (S K z)) (I (v2 (S I B) B (I (B S) K)) (B S K B K (x K (I (K S)) (x (K x) v19 S)) x) S)
z K I (x v30 (z B (x S S (v8 B v9)) (x v1))) (B S (S K z)) (v2 (S I B) B (I (B S) K) (B S K B K (x K (I (K S)) (x (K x) v19 S)) x) S)
z K I (x v30 (z B (x S S (v8 B v9)) (x v1))) (B S (S K z)) (v2 (S I B) B (B S K) (B S K B K (x K (I (K S)) (x (K x) v19 S)) x) S)
z K I (x v30 (z B (x S S (v8 B v9)) (x v1))) (B S (S K z)) (v2 (S I B) B (B S K) (S (K B) K (x K (I (K S)) (x (K x) v19 S)) x) S)
z K I (x v30 (z B (x S S (v8 B v9)) (x v1))) (B S (S K z)) (v2 (S I B) B (B S K) (K B (x K (I (K S)) (x (K x) v19 S)) (K (x K (I (K S)) (x (K x) v19 S))) x) S)
z K I (x v30 (z B (x S S (v8 B v9)) (x v1))) (B S (S K z)) (v2 (S I B) B (B S K) (B (K (x K (I (K S)) (x (K x) v19 S))) x) S)
z K I (x v30 (z B (x S S (v8 B v9)) (x v1))) (B S (S K z)) (v2 (S I B) B (B S K) (B (K (x K (K S) (x (K x) v19 S))) x) S)
K (B (B B (S (v19 B (x I B (S z)) (v24 x z))) I)) (v16 v27 B (I (I I)))
B (B B (S (v19 B (x I B (S z)) (v24 x z))) I)
B (B (S (v19 B (x I B (S z)) (v24 x z)) I))
