z (v15 I (x (v27 K))) S
x
x x
B
v27 B (K B) (I z (S I K B x) I S z z (K K K))
v27 B (K B) (z (S I K B x) I S z z (K K K))
v27 B (K B) (z (I B (K B) x) I S z z (K K K))
v27 B (K B) (z (B (K B) x) I S z z (K K K))
v27 B (K B) (z (B (K B) x) I S z z K)
x (S B (z K v11 (B S))) (S K (B B (v12 (v15 (K (B (S B))) K)) x z (v5 S B I I))) (I (S (S v28 (v17 x v1) (z (I S) I x) (S I))) (z (z (v27 (B B) S) (v30 (I v8 x I)))) (K (K (K (z v4) S) (I K) (S x x (I I)))) (I I))
x (S B (z K v11 (B S))) (S K (B (v12 (v15 (K (B (S B))) K) x) z (v5 S B I I))) (I (S (S v28 (v17 x v1) (z (I S) I x) (S I))) (z (z (v27 (B B) S) (v30 (I v8 x I)))) (K (K (K (z v4) S) (I K) (S x x (I I)))) (I I))
x (S B (z K v11 (B S))) (S K (v12 (v15 (K (B (S B))) K) x (z (v5 S B I I)))) (I (S (S v28 (v17 x v1) (z (I S) I x) (S I))) (z (z (v27 (B B) S) (v30 (I v8 x I)))) (K (K (K (z v4) S) (I K) (S x x (I I)))) (I I))
x (S B (z K v11 (B S))) (S K (v12 (v15 (K (B (S B))) K) x (z (v5 S B I I)))) (S (S v28 (v17 x v1) (z (I S) I x) (S I)) (z (z (v27 (B B) S) (v30 (I v8 x I)))) (K (K (K (z v4) S) (I K) (S x x (I I)))) (I I))
x (S B (z K v11 (B S))) (S K (v12 (v15 (K (B (S B))) K) x (z (v5 S B I I)))) (S v28 (v17 x v1) (z (I S) I x) (S I) (K (K (K (z v4) S) (I K) (S x x (I I)))) (z (z (v27 (B B) S) (v30 (I v8 x I))) (K (K (K (z v4) S) (I K) (S x x (I I))))) (I I))
x (S B (z K v11 (B S))) (S K (v12 (v15 (K (B (S B))) K) x (z (v5 S B I I)))) (v28 (z (I S) I x) (v17 x v1 (z (I S) I x)) (S I) (K (K (K (z v4) S) (I K) (S x x (I I)))) (z (z (v27 (B B) S) (v30 (I v8 x I))) (K (K (K (z v4) S) (I K) (S x x (I I))))) (I I))
x (S B (z K v11 (B S))) (S K (v12 (v15 (K (B (S B))) K) x (z (v5 S B I I)))) (v28 (z S I x) (v17 x v1 (z (I S) I x)) (S I) (K (K (K (z v4) S) (I K) (S x x (I I)))) (z (z (v27 (B B) S) (v30 (I v8 x I))) (K (K (K (z v4) S) (I K) (S x x (I I))))) (I I))
x (S B (z K v11 (B S))) (S K (v12 (v15 (K (B (S B))) K) x (z (v5 S B I I)))) (v28 (z S I x) (v17 x v1 (z S I x)) (S I) (K (K (K (z v4) S) (I K) (S x x (I I)))) (z (z (v27 (B B) S) (v30 (I v8 x I))) (K (K (K (z v4) S) (I K) (S x x (I I))))) (I I))
x (S B (z K v11 (B S))) (S K (v12 (v15 (K (B (S B))) K) x (z (v5 S B I I)))) (v28 (z S I x) (v17 x v1 (z S I x)) (S I) (K (K (z v4) S (S x x (I I)))) (z (z (v27 (B B) S) (v30 (I v8 x I))) (K (K (K (z v4) S) (I K) (S x x (I I))))) (I I))
x (S B (z K v11 (B S))) (S K (v12 (v15 (K (B (S B))) K) x (z (v5 S B I I)))) (v28 (z S I x) (v17 x v1 (z S I x)) (S I) (K (z v4 (S x x (I I)))) (z (z (v27 (B B) S) (v30 (I v8 x I))) (K (K (K (z v4) S) (I K) (S x x (I I))))) (I I))
x (S B (z K v11 (B S))) (S K (v12 (v15 (K (B (S B))) K) x (z (v5 S B I I)))) (v28 (z S I x) (v17 x v1 (z S I x)) (S I) (K (z v4 (x (I I) (x (I I))))) (z (z (v27 (B B) S) (v30 (I v8 x I))) (K (K (K (z v4) S) (I K) (S x x (I I))))) (I I))
x (S B (z K v11 (B S))) (S K (v12 (v15 (K (B (S B))) K) x (z (v5 S B I I)))) (v28 (z S I x) (v17 x v1 (z S I x)) (S I) (K (z v4 (x I (x (I I))))) (z (z (v27 (B B) S) (v30 (I v8 x I))) (K (K (K (z v4) S) (I K) (S x x (I I))))) (I I))
x (S B (z K v11 (B S))) (S K (v12 (v15 (K (B (S B))) K) x (z (v5 S B I I)))) (v28 (z S I x) (v17 x v1 (z S I x)) (S I) (K (z v4 (x I (x I)))) (z (z (v27 (B B) S) (v30 (I v8 x I))) (K (K (K (z v4) S) (I K) (S x x (I I))))) (I I))
x (S B (z K v11 (B S))) (S K (v12 (v15 (K (B (S B))) K) x (z (v5 S B I I)))) (v28 (z S I x) (v17 x v1 (z S I x)) (S I) (K (z v4 (x I (x I)))) (z (z (v27 (B B) S) (v30 (v8 x I))) (K (K (K (z v4) S) (I K) (S x x (I I))))) (I I))
x (S B (z K v11 (B S))) (S K (v12 (v15 (K (B (S B))) K) x (z (v5 S B I I)))) (v28 (z S I x) (v17 x v1 (z S I x)) (S I) (K (z v4 (x I (x I)))) (z (z (v27 (B B) S) (v30 (v8 x I))) (K (K (z v4) S (S x x (I I))))) (I I))
x (S B (z K v11 (B S))) (S K (v12 (v15 (K (B (S B))) K) x (z (v5 S B I I)))) (v28 (z S I x) (v17 x v1 (z S I x)) (S I) (K (z v4 (x I (x I)))) (z (z (v27 (B B) S) (v30 (v8 x I))) (K (z v4 (S x x (I I))))) (I I))
x (S B (z K v11 (B S))) (S K (v12 (v15 (K (B (S B))) K) x (z (v5 S B I I)))) (v28 (z S I x) (v17 x v1 (z S I x)) (S I) (K (z v4 (x I (x I)))) (z (z (v27 (B B) S) (v30 (v8 x I))) (K (z v4 (x (I I) (x (I I)))))) (I I))
x (S B (z K v11 (B S))) (S K (v12 (v15 (K (B (S B))) K) x (z (v5 S B I I)))) (v28 (z S I x) (v17 x v1 (z S I x)) (S I) (K (z v4 (x I (x I)))) (z (z (v27 (B B) S) (v30 (v8 x I))) (K (z v4 (x I (x (I I)))))) (I I))
x (S B (z K v11 (B S))) (S K (v12 (v15 (K (B (S B))) K) x (z (v5 S B I I)))) (v28 (z S I x) (v17 x v1 (z S I x)) (S I) (K (z v4 (x I (x I)))) (z (z (v27 (B B) S) (v30 (v8 x I))) (K (z v4 (x I (x I))))) (I I))
x (S B (z K v11 (B S))) (S K (v12 (v15 (K (B (S B))) K) x (z (v5 S B I I)))) (v28 (z S I x) (v17 x v1 (z S I x)) (S I) (K (z v4 (x I (x I)))) (z (z (v27 (B B) S) (v30 (v8 x I))) (K (z v4 (x I (x I))))) I)
B
I I (B (x K) (B v9 v16) x v9)
I (B (x K) (B v9 v16) x v9)
B (x K) (B v9 v16) x v9
x K (B v9 v16 x) v9
x K (v9 (v16 x)) v9
B v0 (B (B B) (z (x (v8 z I) v22 S x) K (v24 (z z)))) (B (K (K x) z I))
v0 (B (B B) (z (x (v8 z I) v22 S x) K (v24 (z z))) (B (K (K x) z I)))
v0 (B B (z (x (v8 z I) v22 S x) K (v24 (z z)) (B (K (K x) z I))))
v0 (B B (z (x (v8 z I) v22 S x) K (v24 (z z)) (B (K x I))))
v0 (B B (z (x (v8 z I) v22 S x) K (v24 (z z)) (B x)))
x v14 (B K K (S (K x)) (v19 S) x (v18 S S) (z (B (K S S (x (B S) (I I))))) (S (K x) (I S (S x))) B) (x K (S z S))
x v14 (K (K (S (K x))) (v19 S) x (v18 S S) (z (B (K S S (x (B S) (I I))))) (S (K x) (I S (S x))) B) (x K (S z S))
x v14 (K (S (K x)) x (v18 S S) (z (B (K S S (x (B S) (I I))))) (S (K x) (I S (S x))) B) (x K (S z S))
x v14 (S (K x) (v18 S S) (z (B (K S S (x (B S) (I I))))) (S (K x) (I S (S x))) B) (x K (S z S))
x v14 (K x (z (B (K S S (x (B S) (I I))))) (v18 S S (z (B (K S S (x (B S) (I I)))))) (S (K x) (I S (S x))) B) (x K (S z S))
x v14 (x (v18 S S (z (B (K S S (x (B S) (I I)))))) (S (K x) (I S (S x))) B) (x K (S z S))
x v14 (x (v18 S S (z (B (S (x (B S) (I I)))))) (S (K x) (I S (S x))) B) (x K (S z S))
x v14 (x (v18 S S (z (B (S (x (B S) I))))) (S (K x) (I S (S x))) B) (x K (S z S))
x v14 (x (v18 S S (z (B (S (x (B S) I))))) (S (K x) (S (S x))) B) (x K (S z S))
