B K (v28 (v21 z) B x v10) (K (B (B B S) (v8 I) z (x (z (S B))) K) (K z)) (I x (z (I v0)))
K (v28 (v21 z) B x v10 (K (B (B B S) (v8 I) z (x (z (S B))) K) (K z))) (I x (z (I v0)))
v28 (v21 z) B x v10 (K (B (B B S) (v8 I) z (x (z (S B))) K) (K z))
v28 (v21 z) B x v10 (B (B B S) (v8 I) z (x (z (S B))) K)
v28 (v21 z) B x v10 (B B S (v8 I z) (x (z (S B))) K)
v28 (v21 z) B x v10 (B (S (v8 I z)) (x (z (S B))) K)
v28 (v21 z) B x v10 (S (v8 I z) (x (z (S B)) K))
B B
B z (x v13 (x x (v25 S) (v1 (x B (S (v4 v21)) x I)) (v13 x (x z)))) K
z (x v13 (x x (v25 S) (v1 (x B (S (v4 v21)) x I)) (v13 x (x z))) K)
v18 (S (S (K x) v16 (x S x)) (K v30 (K (x (x I) B))) (I (K I) (z z (B K)) I) (I (S v15 I) S S (I x (x B))) (S (I (S (x z (B z))) v19) (K (K K S)) (B S (v30 v6)) v14 (K (B B (x z)) (x B) B)))
v18 (S (K x) v16 (x S x) (I (K I) (z z (B K)) I) (K v30 (K (x (x I) B)) (I (K I) (z z (B K)) I)) (I (S v15 I) S S (I x (x B))) (S (I (S (x z (B z))) v19) (K (K K S)) (B S (v30 v6)) v14 (K (B B (x z)) (x B) B)))
v18 (K x (x S x) (v16 (x S x)) (I (K I) (z z (B K)) I) (K v30 (K (x (x I) B)) (I (K I) (z z (B K)) I)) (I (S v15 I) S S (I x (x B))) (S (I (S (x z (B z))) v19) (K (K K S)) (B S (v30 v6)) v14 (K (B B (x z)) (x B) B)))
v18 (x (v16 (x S x)) (I (K I) (z z (B K)) I) (K v30 (K (x (x I) B)) (I (K I) (z z (B K)) I)) (I (S v15 I) S S (I x (x B))) (S (I (S (x z (B z))) v19) (K (K K S)) (B S (v30 v6)) v14 (K (B B (x z)) (x B) B)))
v18 (x (v16 (x S x)) (K I (z z (B K)) I) (K v30 (K (x (x I) B)) (I (K I) (z z (B K)) I)) (I (S v15 I) S S (I x (x B))) (S (I (S (x z (B z))) v19) (K (K K S)) (B S (v30 v6)) v14 (K (B B (x z)) (x B) B)))
v18 (x (v16 (x S x)) (I I) (K v30 (K (x (x I) B)) (I (K I) (z z (B K)) I)) (I (S v15 I) S S (I x (x B))) (S (I (S (x z (B z))) v19) (K (K K S)) (B S (v30 v6)) v14 (K (B B (x z)) (x B) B)))
v18 (x (v16 (x S x)) I (K v30 (K (x (x I) B)) (I (K I) (z z (B K)) I)) (I (S v15 I) S S (I x (x B))) (S (I (S (x z (B z))) v19) (K (K K S)) (B S (v30 v6)) v14 (K (B B (x z)) (x B) B)))
v18 (x (v16 (x S x)) I (v30 (I (K I) (z z (B K)) I)) (I (S v15 I) S S (I x (x B))) (S (I (S (x z (B z))) v19) (K (K K S)) (B S (v30 v6)) v14 (K (B B (x z)) (x B) B)))
v18 (x (v16 (x S x)) I (v30 (K I (z z (B K)) I)) (I (S v15 I) S S (I x (x B))) (S (I (S (x z (B z))) v19) (K (K K S)) (B S (v30 v6)) v14 (K (B B (x z)) (x B) B)))
v18 (x (v16 (x S x)) I (v30 (I I)) (I (S v15 I) S S (I x (x B))) (S (I (S (x z (B z))) v19) (K (K K S)) (B S (v30 v6)) v14 (K (B B (x z)) (x B) B)))
v18 (x (v16 (x S x)) I (v30 I) (I (S v15 I) S S (I x (x B))) (S (I (S (x z (B z))) v19) (K (K K S)) (B S (v30 v6)) v14 (K (B B (x z)) (x B) B)))
v18 (x (v16 (x S x)) I (v30 I) (S v15 I S S (I x (x B))) (S (I (S (x z (B z))) v19) (K (K K S)) (B S (v30 v6)) v14 (K (B B (x z)) (x B) B)))
v18 (x (v16 (x S x)) I (v30 I) (v15 S (I S) S (I x (x B))) (S (I (S (x z (B z))) v19) (K (K K S)) (B S (v30 v6)) v14 (K (B B (x z)) (x B) B)))
v18 (x (v16 (x S x)) I (v30 I) (v15 S S S (I x (x B))) (S (I (S (x z (B z))) v19) (K (K K S)) (B S (v30 v6)) v14 (K (B B (x z)) (x B) B)))
v18 (x (v16 (x S x)) I (v30 I) (v15 S S S (x (x B))) (S (I (S (x z (B z))) v19) (K (K K S)) (B S (v30 v6)) v14 (K (B B (x z)) (x B) B)))
v18 (x (v16 (x S x)) I (v30 I) (v15 S S S (x (x B))) (I (S (x z (B z))) v19 (B S (v30 v6)) (K (K K S) (B S (v30 v6))) v14 (K (B B (x z)) (x B) B)))
v18 (x (v16 (x S x)) I (v30 I) (v15 S S S (x (x B))) (S (x z (B z)) v19 (B S (v30 v6)) (K (K K S) (B S (v30 v6))) v14 (K (B B (x z)) (x B) B)))
v18 (x (v16 (x S x)) I (v30 I) (v15 S S S (x (x B))) (x z (B z) (B S (v30 v6)) (v19 (B S (v30 v6))) (K (K K S) (B S (v30 v6))) v14 (K (B B (x z)) (x B) B)))
v18 (x (v16 (x S x)) I (v30 I) (v15 S S S (x (x B))) (x z (B z) (B S (v30 v6)) (v19 (B S (v30 v6))) (K K S) v14 (K (B B (x z)) (x B) B)))
v18 (x (v16 (x S x)) I (v30 I) (v15 S S S (x (x B))) (x z (B z) (B S (v30 v6)) (v19 (B S (v30 v6))) K v14 (K (B B (x z)) (x B) B)))
v18 (x (v16 (x S x)) I (v30 I) (v15 S S S (x (x B))) (x z (B z) (B S (v30 v6)) (v19 (B S (v30 v6))) K v14 (B B (x z) B)))
v18 (x (v16 (x S x)) I (v30 I) (v15 S S S (x (x B))) (x z (B z) (B S (v30 v6)) (v19 (B S (v30 v6))) K v14 (B (x z B))))
x (K (B (I x (S x (v12 v27))) (B (x I)) K (z (z B) z) B) (z B)) (z (x (K v12) (x (v12 (S B)) (z I S) (z I B (K (z K)))) (I (K S S) K)))
x (B (I x (S x (v12 v27))) (B (x I)) K (z (z B) z) B) (z (x (K v12) (x (v12 (S B)) (z I S) (z I B (K (z K)))) (I (K S S) K)))
x (I x (S x (v12 v27)) (B (x I) K) (z (z B) z) B) (z (x (K v12) (x (v12 (S B)) (z I S) (z I B (K (z K)))) (I (K S S) K)))
x (x (S x (v12 v27)) (B (x I) K) (z (z B) z) B) (z (x (K v12) (x (v12 (S B)) (z I S) (z I B (K (z K)))) (I (K S S) K)))
x (x (S x (v12 v27)) (B (x I) K) (z (z B) z) B) (z (x (K v12) (x (v12 (S B)) (z I S) (z I B (K (z K)))) (K S S K)))
x (x (S x (v12 v27)) (B (x I) K) (z (z B) z) B) (z (x (K v12) (x (v12 (S B)) (z I S) (z I B (K (z K)))) (S K)))
S x (v12 K (I (B K) (B (x (S K))) x) (v10 v1) (I (I v15)) x (v28 (x (v17 K S) (x (I K) z)))) (I (z (I (I (B z))) (B (x (x (x (B (v29 B) S)) x) I) (B (S I I) (B z (v13 x))))))
x (I (z (I (I (B z))) (B (x (x (x (B (v29 B) S)) x) I) (B (S I I) (B z (v13 x)))))) (v12 K (I (B K) (B (x (S K))) x) (v10 v1) (I (I v15)) x (v28 (x (v17 K S) (x (I K) z))) (I (z (I (I (B z))) (B (x (x (x (B (v29 B) S)) x) I) (B (S I I) (B z (v13 x)))))))
x (z (I (I (B z))) (B (x (x (x (B (v29 B) S)) x) I) (B (S I I) (B z (v13 x))))) (v12 K (I (B K) (B (x (S K))) x) (v10 v1) (I (I v15)) x (v28 (x (v17 K S) (x (I K) z))) (I (z (I (I (B z))) (B (x (x (x (B (v29 B) S)) x) I) (B (S I I) (B z (v13 x)))))))
x (z (I (B z)) (B (x (x (x (B (v29 B) S)) x) I) (B (S I I) (B z (v13 x))))) (v12 K (I (B K) (B (x (S K))) x) (v10 v1) (I (I v15)) x (v28 (x (v17 K S) (x (I K) z))) (I (z (I (I (B z))) (B (x (x (x (B (v29 B) S)) x) I) (B (S I I) (B z (v13 x)))))))
x (z (B z) (B (x (x (x (B (v29 B) S)) x) I) (B (S I I) (B z (v13 x))))) (v12 K (I (B K) (B (x (S K))) x) (v10 v1) (I (I v15)) x (v28 (x (v17 K S) (x (I K) z))) (I (z (I (I (B z))) (B (x (x (x (B (v29 B) S)) x) I) (B (S I I) (B z (v13 x)))))))
x (z (B z) (B (x (x (x (B (v29 B) S)) x) I) (B (S I I) (B z (v13 x))))) (v12 K (B K (B (x (S K))) x) (v10 v1) (I (I v15)) x (v28 (x (v17 K S) (x (I K) z))) (I (z (I (I (B z))) (B (x (x (x (B (v29 B) S)) x) I) (B (S I I) (B z (v13 x)))))))
x (z (B z) (B (x (x (x (B (v29 B) S)) x) I) (B (S I I) (B z (v13 x))))) (v12 K (K (B (x (S K)) x)) (v10 v1) (I (I v15)) x (v28 (x (v17 K S) (x (I K) z))) (I (z (I (I (B z))) (B (x (x (x (B (v29 B) S)) x) I) (B (S I I) (B z (v13 x)))))))
x (z (B z) (B (x (x (x (B (v29 B) S)) x) I) (B (S I I) (B z (v13 x))))) (v12 K (K (B (x (S K)) x)) (v10 v1) (I v15) x (v28 (x (v17 K S) (x (I K) z))) (I (z (I (I (B z))) (B (x (x (x (B (v29 B) S)) x) I) (B (S I I) (B z (v13 x)))))))
x (z (B z) (B (x (x (x (B (v29 B) S)) x) I) (B (S I I) (B z (v13 x))))) (v12 K (K (B (x (S K)) x)) (v10 v1) v15 x (v28 (x (v17 K S) (x (I K) z))) (I (z (I (I (B z))) (B (x (x (x (B (v29 B) S)) x) I) (B (S I I) (B z (v13 x)))))))
x (z (B z) (B (x (x (x (B (v29 B) S)) x) I) (B (S I I) (B z (v13 x))))) (v12 K (K (B (x (S K)) x)) (v10 v1) v15 x (v28 (x (v17 K S) (x K z))) (I (z (I (I (B z))) (B (x (x (x (B (v29 B) S)) x) I) (B (S I I) (B z (v13 x)))))))
x (z (B z) (B (x (x (x (B (v29 B) S)) x) I) (B (S I I) (B z (v13 x))))) (v12 K (K (B (x (S K)) x)) (v10 v1) v15 x (v28 (x (v17 K S) (x K z))) (z (I (I (B z))) (B (x (x (x (B (v29 B) S)) x) I) (B (S I I) (B z (v13 x))))))
x (z (B z) (B (x (x (x (B (v29 B) S)) x) I) (B (S I I) (B z (v13 x))))) (v12 K (K (B (x (S K)) x)) (v10 v1) v15 x (v28 (x (v17 K S) (x K z))) (z (I (B z)) (B (x (x (x (B (v29 B) S)) x) I) (B (S I I) (B z (v13 x))))))
x (z (B z) (B (x (x (x (B (v29 B) S)) x) I) (B (S I I) (B z (v13 x))))) (v12 K (K (B (x (S K)) x)) (v10 v1) v15 x (v28 (x (v17 K S) (x K z))) (z (B z) (B (x (x (x (B (v29 B) S)) x) I) (B (S I I) (B z (v13 x))))))
S (S z v20 (x (z z) z) (B x) S (v15 (z x)) (z (I v5 S) (x (B x) B) z) (B (v10 (z z) K) (B (z z))) (S (B x (K (S v15 (B B)) (K K B (x v6) v29)))))
S (z (x (z z) z) (v20 (x (z z) z)) (B x) S (v15 (z x)) (z (I v5 S) (x (B x) B) z) (B (v10 (z z) K) (B (z z))) (S (B x (K (S v15 (B B)) (K K B (x v6) v29)))))
S (z (x (z z) z) (v20 (x (z z) z)) (B x) S (v15 (z x)) (z (v5 S) (x (B x) B) z) (B (v10 (z z) K) (B (z z))) (S (B x (K (S v15 (B B)) (K K B (x v6) v29)))))
S (z (x (z z) z) (v20 (x (z z) z)) (B x) S (v15 (z x)) (z (v5 S) (x (B x) B) z) (B (v10 (z z) K) (B (z z))) (S (B x (S v15 (B B)))))
I
S (I z) x (x S (S (K (S x S (v22 B)) (z (v14 (K z) v24))) (K (S (B (S I) B I B) K)) (K v8)) (z (K (x (K (v12 z)))) (v8 (I z I (B (z (I K v2) z))))))
I z (x S (S (K (S x S (v22 B)) (z (v14 (K z) v24))) (K (S (B (S I) B I B) K)) (K v8)) (z (K (x (K (v12 z)))) (v8 (I z I (B (z (I K v2) z)))))) (x (x S (S (K (S x S (v22 B)) (z (v14 (K z) v24))) (K (S (B (S I) B I B) K)) (K v8)) (z (K (x (K (v12 z)))) (v8 (I z I (B (z (I K v2) z)))))))
z (x S (S (K (S x S (v22 B)) (z (v14 (K z) v24))) (K (S (B (S I) B I B) K)) (K v8)) (z (K (x (K (v12 z)))) (v8 (I z I (B (z (I K v2) z)))))) (x (x S (S (K (S x S (v22 B)) (z (v14 (K z) v24))) (K (S (B (S I) B I B) K)) (K v8)) (z (K (x (K (v12 z)))) (v8 (I z I (B (z (I K v2) z)))))))
z (x S (K (S x S (v22 B)) (z (v14 (K z) v24)) (K v8) (K (S (B (S I) B I B) K) (K v8))) (z (K (x (K (v12 z)))) (v8 (I z I (B (z (I K v2) z)))))) (x (x S (S (K (S x S (v22 B)) (z (v14 (K z) v24))) (K (S (B (S I) B I B) K)) (K v8)) (z (K (x (K (v12 z)))) (v8 (I z I (B (z (I K v2) z)))))))
z (x S (S x S (v22 B) (K v8) (K (S (B (S I) B I B) K) (K v8))) (z (K (x (K (v12 z)))) (v8 (I z I (B (z (I K v2) z)))))) (x (x S (S (K (S x S (v22 B)) (z (v14 (K z) v24))) (K (S (B (S I) B I B) K)) (K v8)) (z (K (x (K (v12 z)))) (v8 (I z I (B (z (I K v2) z)))))))
z (x S (x (v22 B) (S (v22 B)) (K v8) (K (S (B (S I) B I B) K) (K v8))) (z (K (x (K (v12 z)))) (v8 (I z I (B (z (I K v2) z)))))) (x (x S (S (K (S x S (v22 B)) (z (v14 (K z) v24))) (K (S (B (S I) B I B) K)) (K v8)) (z (K (x (K (v12 z)))) (v8 (I z I (B (z (I K v2) z)))))))
z (x S (x (v22 B) (S (v22 B)) (K v8) (S (B (S I) B I B) K)) (z (K (x (K (v12 z)))) (v8 (I z I (B (z (I K v2) z)))))) (x (x S (S (K (S x S (v22 B)) (z (v14 (K z) v24))) (K (S (B (S I) B I B) K)) (K v8)) (z (K (x (K (v12 z)))) (v8 (I z I (B (z (I K v2) z)))))))
z (x S (x (v22 B) (S (v22 B)) (K v8) (S (S I (B I) B) K)) (z (K (x (K (v12 z)))) (v8 (I z I (B (z (I K v2) z)))))) (x (x S (S (K (S x S (v22 B)) (z (v14 (K z) v24))) (K (S (B (S I) B I B) K)) (K v8)) (z (K (x (K (v12 z)))) (v8 (I z I (B (z (I K v2) z)))))))
z (x S (x (v22 B) (S (v22 B)) (K v8) (S (I B (B I B)) K)) (z (K (x (K (v12 z)))) (v8 (I z I (B (z (I K v2) z)))))) (x (x S (S (K (S x S (v22 B)) (z (v14 (K z) v24))) (K (S (B (S I) B I B) K)) (K v8)) (z (K (x (K (v12 z)))) (v8 (I z I (B (z (I K v2) z)))))))
z (x S (x (v22 B) (S (v22 B)) (K v8) (S (B (B I B)) K)) (z (K (x (K (v12 z)))) (v8 (I z I (B (z (I K v2) z)))))) (x (x S (S (K (S x S (v22 B)) (z (v14 (K z) v24))) (K (S (B (S I) B I B) K)) (K v8)) (z (K (x (K (v12 z)))) (v8 (I z I (B (z (I K v2) z)))))))
z (x S (x (v22 B) (S (v22 B)) (K v8) (S (B (B I B)) K)) (z (K (x (K (v12 z)))) (v8 (z I (B (z (I K v2) z)))))) (x (x S (S (K (S x S (v22 B)) (z (v14 (K z) v24))) (K (S (B (S I) B I B) K)) (K v8)) (z (K (x (K (v12 z)))) (v8 (I z I (B (z (I K v2) z)))))))
z (x S (x (v22 B) (S (v22 B)) (K v8) (S (B (B I B)) K)) (z (K (x (K (v12 z)))) (v8 (z I (B (z (K v2) z)))))) (x (x S (S (K (S x S (v22 B)) (z (v14 (K z) v24))) (K (S (B (S I) B I B) K)) (K v8)) (z (K (x (K (v12 z)))) (v8 (I z I (B (z (I K v2) z)))))))
z (x S (x (v22 B) (S (v22 B)) (K v8) (S (B (B I B)) K)) (z (K (x (K (v12 z)))) (v8 (z I (B (z (K v2) z)))))) (x (x S (K (S x S (v22 B)) (z (v14 (K z) v24)) (K v8) (K (S (B (S I) B I B) K) (K v8))) (z (K (x (K (v12 z)))) (v8 (I z I (B (z (I K v2) z)))))))
z (x S (x (v22 B) (S (v22 B)) (K v8) (S (B (B I B)) K)) (z (K (x (K (v12 z)))) (v8 (z I (B (z (K v2) z)))))) (x (x S (S x S (v22 B) (K v8) (K (S (B (S I) B I B) K) (K v8))) (z (K (x (K (v12 z)))) (v8 (I z I (B (z (I K v2) z)))))))
z (x S (x (v22 B) (S (v22 B)) (K v8) (S (B (B I B)) K)) (z (K (x (K (v12 z)))) (v8 (z I (B (z (K v2) z)))))) (x (x S (x (v22 B) (S (v22 B)) (K v8) (K (S (B (S I) B I B) K) (K v8))) (z (K (x (K (v12 z)))) (v8 (I z I (B (z (I K v2) z)))))))
z (x S (x (v22 B) (S (v22 B)) (K v8) (S (B (B I B)) K)) (z (K (x (K (v12 z)))) (v8 (z I (B (z (K v2) z)))))) (x (x S (x (v22 B) (S (v22 B)) (K v8) (S (B (S I) B I B) K)) (z (K (x (K (v12 z)))) (v8 (I z I (B (z (I K v2) z)))))))
z (x S (x (v22 B) (S (v22 B)) (K v8) (S (B (B I B)) K)) (z (K (x (K (v12 z)))) (v8 (z I (B (z (K v2) z)))))) (x (x S (x (v22 B) (S (v22 B)) (K v8) (S (S I (B I) B) K)) (z (K (x (K (v12 z)))) (v8 (I z I (B (z (I K v2) z)))))))
z (x S (x (v22 B) (S (v22 B)) (K v8) (S (B (B I B)) K)) (z (K (x (K (v12 z)))) (v8 (z I (B (z (K v2) z)))))) (x (x S (x (v22 B) (S (v22 B)) (K v8) (S (I B (B I B)) K)) (z (K (x (K (v12 z)))) (v8 (I z I (B (z (I K v2) z)))))))
z (x S (x (v22 B) (S (v22 B)) (K v8) (S (B (B I B)) K)) (z (K (x (K (v12 z)))) (v8 (z I (B (z (K v2) z)))))) (x (x S (x (v22 B) (S (v22 B)) (K v8) (S (B (B I B)) K)) (z (K (x (K (v12 z)))) (v8 (I z I (B (z (I K v2) z)))))))
z (x S (x (v22 B) (S (v22 B)) (K v8) (S (B (B I B)) K)) (z (K (x (K (v12 z)))) (v8 (z I (B (z (K v2) z)))))) (x (x S (x (v22 B) (S (v22 B)) (K v8) (S (B (B I B)) K)) (z (K (x (K (v12 z)))) (v8 (z I (B (z (I K v2) z)))))))
z (x S (x (v22 B) (S (v22 B)) (K v8) (S (B (B I B)) K)) (z (K (x (K (v12 z)))) (v8 (z I (B (z (K v2) z)))))) (x (x S (x (v22 B) (S (v22 B)) (K v8) (S (B (B I B)) K)) (z (K (x (K (v12 z)))) (v8 (z I (B (z (K v2) z)))))))
S z K x (x (B v22) (S (B B)) (x z (I K) (v22 z) v29 I I) (I S I z (I v10) (v16 I) I) I (B (S (B (I S)) B) (x x)) (z (I (I (v29 (z I) v18)))) (K K v3 (S I z) K B (S (I K))) (K (v6 B (I (S v12) K I) (I K z) (z (K v20) (B x K x (v10 B (K x (I (z v4) (x z) (x K)))))))))
z x (K x) (x (B v22) (S (B B)) (x z (I K) (v22 z) v29 I I) (I S I z (I v10) (v16 I) I) I (B (S (B (I S)) B) (x x)) (z (I (I (v29 (z I) v18)))) (K K v3 (S I z) K B (S (I K))) (K (v6 B (I (S v12) K I) (I K z) (z (K v20) (B x K x (v10 B (K x (I (z v4) (x z) (x K)))))))))
z x (K x) (x (B v22) (S (B B)) (x z K (v22 z) v29 I I) (I S I z (I v10) (v16 I) I) I (B (S (B (I S)) B) (x x)) (z (I (I (v29 (z I) v18)))) (K K v3 (S I z) K B (S (I K))) (K (v6 B (I (S v12) K I) (I K z) (z (K v20) (B x K x (v10 B (K x (I (z v4) (x z) (x K)))))))))
z x (K x) (x (B v22) (S (B B)) (x z K (v22 z) v29 I I) (S I z (I v10) (v16 I) I) I (B (S (B (I S)) B) (x x)) (z (I (I (v29 (z I) v18)))) (K K v3 (S I z) K B (S (I K))) (K (v6 B (I (S v12) K I) (I K z) (z (K v20) (B x K x (v10 B (K x (I (z v4) (x z) (x K)))))))))
z x (K x) (x (B v22) (S (B B)) (x z K (v22 z) v29 I I) (I (I v10) (z (I v10)) (v16 I) I) I (B (S (B (I S)) B) (x x)) (z (I (I (v29 (z I) v18)))) (K K v3 (S I z) K B (S (I K))) (K (v6 B (I (S v12) K I) (I K z) (z (K v20) (B x K x (v10 B (K x (I (z v4) (x z) (x K)))))))))
z x (K x) (x (B v22) (S (B B)) (x z K (v22 z) v29 I I) (I v10 (z (I v10)) (v16 I) I) I (B (S (B (I S)) B) (x x)) (z (I (I (v29 (z I) v18)))) (K K v3 (S I z) K B (S (I K))) (K (v6 B (I (S v12) K I) (I K z) (z (K v20) (B x K x (v10 B (K x (I (z v4) (x z) (x K)))))))))
z x (K x) (x (B v22) (S (B B)) (x z K (v22 z) v29 I I) (v10 (z (I v10)) (v16 I) I) I (B (S (B (I S)) B) (x x)) (z (I (I (v29 (z I) v18)))) (K K v3 (S I z) K B (S (I K))) (K (v6 B (I (S v12) K I) (I K z) (z (K v20) (B x K x (v10 B (K x (I (z v4) (x z) (x K)))))))))
z x (K x) (x (B v22) (S (B B)) (x z K (v22 z) v29 I I) (v10 (z v10) (v16 I) I) I (B (S (B (I S)) B) (x x)) (z (I (I (v29 (z I) v18)))) (K K v3 (S I z) K B (S (I K))) (K (v6 B (I (S v12) K I) (I K z) (z (K v20) (B x K x (v10 B (K x (I (z v4) (x z) (x K)))))))))
z x (K x) (x (B v22) (S (B B)) (x z K (v22 z) v29 I I) (v10 (z v10) (v16 I) I) I (B (S (B S) B) (x x)) (z (I (I (v29 (z I) v18)))) (K K v3 (S I z) K B (S (I K))) (K (v6 B (I (S v12) K I) (I K z) (z (K v20) (B x K x (v10 B (K x (I (z v4) (x z) (x K)))))))))
z x (K x) (x (B v22) (S (B B)) (x z K (v22 z) v29 I I) (v10 (z v10) (v16 I) I) I (B (S (B S) B) (x x)) (z (I (v29 (z I) v18))) (K K v3 (S I z) K B (S (I K))) (K (v6 B (I (S v12) K I) (I K z) (z (K v20) (B x K x (v10 B (K x (I (z v4) (x z) (x K)))))))))
z x (K x) (x (B v22) (S (B B)) (x z K (v22 z) v29 I I) (v10 (z v10) (v16 I) I) I (B (S (B S) B) (x x)) (z (v29 (z I) v18)) (K K v3 (S I z) K B (S (I K))) (K (v6 B (I (S v12) K I) (I K z) (z (K v20) (B x K x (v10 B (K x (I (z v4) (x z) (x K)))))))))
z x (K x) (x (B v22) (S (B B)) (x z K (v22 z) v29 I I) (v10 (z v10) (v16 I) I) I (B (S (B S) B) (x x)) (z (v29 (z I) v18)) (K (S I z) K B (S (I K))) (K (v6 B (I (S v12) K I) (I K z) (z (K v20) (B x K x (v10 B (K x (I (z v4) (x z) (x K)))))))))
z x (K x) (x (B v22) (S (B B)) (x z K (v22 z) v29 I I) (v10 (z v10) (v16 I) I) I (B (S (B S) B) (x x)) (z (v29 (z I) v18)) (S I z B (S (I K))) (K (v6 B (I (S v12) K I) (I K z) (z (K v20) (B x K x (v10 B (K x (I (z v4) (x z) (x K)))))))))
z x (K x) (x (B v22) (S (B B)) (x z K (v22 z) v29 I I) (v10 (z v10) (v16 I) I) I (B (S (B S) B) (x x)) (z (v29 (z I) v18)) (I B (z B) (S (I K))) (K (v6 B (I (S v12) K I) (I K z) (z (K v20) (B x K x (v10 B (K x (I (z v4) (x z) (x K)))))))))
z x (K x) (x (B v22) (S (B B)) (x z K (v22 z) v29 I I) (v10 (z v10) (v16 I) I) I (B (S (B S) B) (x x)) (z (v29 (z I) v18)) (B (z B) (S (I K))) (K (v6 B (I (S v12) K I) (I K z) (z (K v20) (B x K x (v10 B (K x (I (z v4) (x z) (x K)))))))))
z x (K x) (x (B v22) (S (B B)) (x z K (v22 z) v29 I I) (v10 (z v10) (v16 I) I) I (B (S (B S) B) (x x)) (z (v29 (z I) v18)) (B (z B) (S K)) (K (v6 B (I (S v12) K I) (I K z) (z (K v20) (B x K x (v10 B (K x (I (z v4) (x z) (x K)))))))))
z x (K x) (x (B v22) (S (B B)) (x z K (v22 z) v29 I I) (v10 (z v10) (v16 I) I) I (B (S (B S) B) (x x)) (z (v29 (z I) v18)) (B (z B) (S K)) (K (v6 B (S v12 K I) (I K z) (z (K v20) (B x K x (v10 B (K x (I (z v4) (x z) (x K)))))))))
z x (K x) (x (B v22) (S (B B)) (x z K (v22 z) v29 I I) (v10 (z v10) (v16 I) I) I (B (S (B S) B) (x x)) (z (v29 (z I) v18)) (B (z B) (S K)) (K (v6 B (v12 I (K I)) (I K z) (z (K v20) (B x K x (v10 B (K x (I (z v4) (x z) (x K)))))))))
z x (K x) (x (B v22) (S (B B)) (x z K (v22 z) v29 I I) (v10 (z v10) (v16 I) I) I (B (S (B S) B) (x x)) (z (v29 (z I) v18)) (B (z B) (S K)) (K (v6 B (v12 I (K I)) (K z) (z (K v20) (B x K x (v10 B (K x (I (z v4) (x z) (x K)))))))))
z x (K x) (x (B v22) (S (B B)) (x z K (v22 z) v29 I I) (v10 (z v10) (v16 I) I) I (B (S (B S) B) (x x)) (z (v29 (z I) v18)) (B (z B) (S K)) (K (v6 B (v12 I (K I)) (K z) (z (K v20) (x (K x) (v10 B (K x (I (z v4) (x z) (x K)))))))))
z x (K x) (x (B v22) (S (B B)) (x z K (v22 z) v29 I I) (v10 (z v10) (v16 I) I) I (B (S (B S) B) (x x)) (z (v29 (z I) v18)) (B (z B) (S K)) (K (v6 B (v12 I (K I)) (K z) (z (K v20) (x (K x) (v10 B x))))))
