I K x I v24 (K x)
K x I v24 (K x)
x v24 (K x)
K (I (x (x S v21))) S
I (x (x S v21))
x (x S v21)
I (x z v2 (B B S z (K (I K) (I B K (B (S S)))) S) (K (x S z (x x I) (K z)))) (S (K B) (B v28 v5 (z (x (B B (x (S I)) B)) (I I) (z (x K (x x) S z)) (z v3)) x) (S z (S (B (K (S K S K K) (K I)) B v3) z)) (z (I K I (B B)) (B (B v25) z B) z (I x I)))
x z v2 (B B S z (K (I K) (I B K (B (S S)))) S) (K (x S z (x x I) (K z))) (S (K B) (B v28 v5 (z (x (B B (x (S I)) B)) (I I) (z (x K (x x) S z)) (z v3)) x) (S z (S (B (K (S K S K K) (K I)) B v3) z)) (z (I K I (B B)) (B (B v25) z B) z (I x I)))
x z v2 (B (S z) (K (I K) (I B K (B (S S)))) S) (K (x S z (x x I) (K z))) (S (K B) (B v28 v5 (z (x (B B (x (S I)) B)) (I I) (z (x K (x x) S z)) (z v3)) x) (S z (S (B (K (S K S K K) (K I)) B v3) z)) (z (I K I (B B)) (B (B v25) z B) z (I x I)))
x z v2 (S z (K (I K) (I B K (B (S S))) S)) (K (x S z (x x I) (K z))) (S (K B) (B v28 v5 (z (x (B B (x (S I)) B)) (I I) (z (x K (x x) S z)) (z v3)) x) (S z (S (B (K (S K S K K) (K I)) B v3) z)) (z (I K I (B B)) (B (B v25) z B) z (I x I)))
x z v2 (S z (I K S)) (K (x S z (x x I) (K z))) (S (K B) (B v28 v5 (z (x (B B (x (S I)) B)) (I I) (z (x K (x x) S z)) (z v3)) x) (S z (S (B (K (S K S K K) (K I)) B v3) z)) (z (I K I (B B)) (B (B v25) z B) z (I x I)))
x z v2 (S z (K S)) (K (x S z (x x I) (K z))) (S (K B) (B v28 v5 (z (x (B B (x (S I)) B)) (I I) (z (x K (x x) S z)) (z v3)) x) (S z (S (B (K (S K S K K) (K I)) B v3) z)) (z (I K I (B B)) (B (B v25) z B) z (I x I)))
x z v2 (S z (K S)) (K (x S z (x x I) (K z))) (K B (S z (S (B (K (S K S K K) (K I)) B v3) z)) (B v28 v5 (z (x (B B (x (S I)) B)) (I I) (z (x K (x x) S z)) (z v3)) x (S z (S (B (K (S K S K K) (K I)) B v3) z))) (z (I K I (B B)) (B (B v25) z B) z (I x I)))
x z v2 (S z (K S)) (K (x S z (x x I) (K z))) (B (B v28 v5 (z (x (B B (x (S I)) B)) (I I) (z (x K (x x) S z)) (z v3)) x (S z (S (B (K (S K S K K) (K I)) B v3) z))) (z (I K I (B B)) (B (B v25) z B) z (I x I)))
x z v2 (S z (K S)) (K (x S z (x x I) (K z))) (B (v28 (v5 (z (x (B B (x (S I)) B)) (I I) (z (x K (x x) S z)) (z v3))) x (S z (S (B (K (S K S K K) (K I)) B v3) z))) (z (I K I (B B)) (B (B v25) z B) z (I x I)))
x z v2 (S z (K S)) (K (x S z (x x I) (K z))) (B (v28 (v5 (z (x (B (x (S I) B))) (I I) (z (x K (x x) S z)) (z v3))) x (S z (S (B (K (S K S K K) (K I)) B v3) z))) (z (I K I (B B)) (B (B v25) z B) z (I x I)))
x z v2 (S z (K S)) (K (x S z (x x I) (K z))) (B (v28 (v5 (z (x (B (x (S I) B))) I (z (x K (x x) S z)) (z v3))) x (S z (S (B (K (S K S K K) (K I)) B v3) z))) (z (I K I (B B)) (B (B v25) z B) z (I x I)))
x z v2 (S z (K S)) (K (x S z (x x I) (K z))) (B (v28 (v5 (z (x (B (x (S I) B))) I (z (x K (x x) S z)) (z v3))) x (S z (S (K (S K S K K) (K I) (B v3)) z))) (z (I K I (B B)) (B (B v25) z B) z (I x I)))
x z v2 (S z (K S)) (K (x S z (x x I) (K z))) (B (v28 (v5 (z (x (B (x (S I) B))) I (z (x K (x x) S z)) (z v3))) x (S z (S (S K S K K (B v3)) z))) (z (I K I (B B)) (B (B v25) z B) z (I x I)))
x z v2 (S z (K S)) (K (x S z (x x I) (K z))) (B (v28 (v5 (z (x (B (x (S I) B))) I (z (x K (x x) S z)) (z v3))) x (S z (S (K K (S K) K (B v3)) z))) (z (I K I (B B)) (B (B v25) z B) z (I x I)))
x z v2 (S z (K S)) (K (x S z (x x I) (K z))) (B (v28 (v5 (z (x (B (x (S I) B))) I (z (x K (x x) S z)) (z v3))) x (S z (S (K K (B v3)) z))) (z (I K I (B B)) (B (B v25) z B) z (I x I)))
x z v2 (S z (K S)) (K (x S z (x x I) (K z))) (B (v28 (v5 (z (x (B (x (S I) B))) I (z (x K (x x) S z)) (z v3))) x (S z (S K z))) (z (I K I (B B)) (B (B v25) z B) z (I x I)))
x z v2 (S z (K S)) (K (x S z (x x I) (K z))) (B (v28 (v5 (z (x (B (x (S I) B))) I (z (x K (x x) S z)) (z v3))) x (S z (S K z))) (z (K I (B B)) (B (B v25) z B) z (I x I)))
x z v2 (S z (K S)) (K (x S z (x x I) (K z))) (B (v28 (v5 (z (x (B (x (S I) B))) I (z (x K (x x) S z)) (z v3))) x (S z (S K z))) (z I (B (B v25) z B) z (I x I)))
x z v2 (S z (K S)) (K (x S z (x x I) (K z))) (B (v28 (v5 (z (x (B (x (S I) B))) I (z (x K (x x) S z)) (z v3))) x (S z (S K z))) (z I (B v25 (z B)) z (I x I)))
x z v2 (S z (K S)) (K (x S z (x x I) (K z))) (B (v28 (v5 (z (x (B (x (S I) B))) I (z (x K (x x) S z)) (z v3))) x (S z (S K z))) (z I (B v25 (z B)) z (x I)))
S (I (I (S z K) (z (x z) v8))) v6 (S (B S) (S S (z S x (I (v9 I x) (v0 K)) (v1 v13)))) (I B B (x K (x x (v14 K)))) (I (z I) I (v3 (K x (B S))) (z v11) (x v5 z (I (K B) v29) v10 B) S (v1 (z K (S I) (v1 (I z) B B) K) (z (S (v11 v6)) B (z v20))))
I (I (S z K) (z (x z) v8)) (S (B S) (S S (z S x (I (v9 I x) (v0 K)) (v1 v13)))) (v6 (S (B S) (S S (z S x (I (v9 I x) (v0 K)) (v1 v13))))) (I B B (x K (x x (v14 K)))) (I (z I) I (v3 (K x (B S))) (z v11) (x v5 z (I (K B) v29) v10 B) S (v1 (z K (S I) (v1 (I z) B B) K) (z (S (v11 v6)) B (z v20))))
I (S z K) (z (x z) v8) (S (B S) (S S (z S x (I (v9 I x) (v0 K)) (v1 v13)))) (v6 (S (B S) (S S (z S x (I (v9 I x) (v0 K)) (v1 v13))))) (I B B (x K (x x (v14 K)))) (I (z I) I (v3 (K x (B S))) (z v11) (x v5 z (I (K B) v29) v10 B) S (v1 (z K (S I) (v1 (I z) B B) K) (z (S (v11 v6)) B (z v20))))
S z K (z (x z) v8) (S (B S) (S S (z S x (I (v9 I x) (v0 K)) (v1 v13)))) (v6 (S (B S) (S S (z S x (I (v9 I x) (v0 K)) (v1 v13))))) (I B B (x K (x x (v14 K)))) (I (z I) I (v3 (K x (B S))) (z v11) (x v5 z (I (K B) v29) v10 B) S (v1 (z K (S I) (v1 (I z) B B) K) (z (S (v11 v6)) B (z v20))))
z (z (x z) v8) (K (z (x z) v8)) (S (B S) (S S (z S x (I (v9 I x) (v0 K)) (v1 v13)))) (v6 (S (B S) (S S (z S x (I (v9 I x) (v0 K)) (v1 v13))))) (I B B (x K (x x (v14 K)))) (I (z I) I (v3 (K x (B S))) (z v11) (x v5 z (I (K B) v29) v10 B) S (v1 (z K (S I) (v1 (I z) B B) K) (z (S (v11 v6)) B (z v20))))
z (z (x z) v8) (K (z (x z) v8)) (S (B S) (S S (z S x (v9 I x (v0 K)) (v1 v13)))) (v6 (S (B S) (S S (z S x (I (v9 I x) (v0 K)) (v1 v13))))) (I B B (x K (x x (v14 K)))) (I (z I) I (v3 (K x (B S))) (z v11) (x v5 z (I (K B) v29) v10 B) S (v1 (z K (S I) (v1 (I z) B B) K) (z (S (v11 v6)) B (z v20))))
z (z (x z) v8) (K (z (x z) v8)) (S (B S) (S S (z S x (v9 I x (v0 K)) (v1 v13)))) (v6 (S (B S) (S S (z S x (v9 I x (v0 K)) (v1 v13))))) (I B B (x K (x x (v14 K)))) (I (z I) I (v3 (K x (B S))) (z v11) (x v5 z (I (K B) v29) v10 B) S (v1 (z K (S I) (v1 (I z) B B) K) (z (S (v11 v6)) B (z v20))))
z (z (x z) v8) (K (z (x z) v8)) (S (B S) (S S (z S x (v9 I x (v0 K)) (v1 v13)))) (v6 (S (B S) (S S (z S x (v9 I x (v0 K)) (v1 v13))))) (B B (x K (x x (v14 K)))) (I (z I) I (v3 (K x (B S))) (z v11) (x v5 z (I (K B) v29) v10 B) S (v1 (z K (S I) (v1 (I z) B B) K) (z (S (v11 v6)) B (z v20))))
z (z (x z) v8) (K (z (x z) v8)) (S (B S) (S S (z S x (v9 I x (v0 K)) (v1 v13)))) (v6 (S (B S) (S S (z S x (v9 I x (v0 K)) (v1 v13))))) (B B (x K (x x (v14 K)))) (z I I (v3 (K x (B S))) (z v11) (x v5 z (I (K B) v29) v10 B) S (v1 (z K (S I) (v1 (I z) B B) K) (z (S (v11 v6)) B (z v20))))
z (z (x z) v8) (K (z (x z) v8)) (S (B S) (S S (z S x (v9 I x (v0 K)) (v1 v13)))) (v6 (S (B S) (S S (z S x (v9 I x (v0 K)) (v1 v13))))) (B B (x K (x x (v14 K)))) (z I I (v3 x) (z v11) (x v5 z (I (K B) v29) v10 B) S (v1 (z K (S I) (v1 (I z) B B) K) (z (S (v11 v6)) B (z v20))))
z (z (x z) v8) (K (z (x z) v8)) (S (B S) (S S (z S x (v9 I x (v0 K)) (v1 v13)))) (v6 (S (B S) (S S (z S x (v9 I x (v0 K)) (v1 v13))))) (B B (x K (x x (v14 K)))) (z I I (v3 x) (z v11) (x v5 z (K B v29) v10 B) S (v1 (z K (S I) (v1 (I z) B B) K) (z (S (v11 v6)) B (z v20))))
z (z (x z) v8) (K (z (x z) v8)) (S (B S) (S S (z S x (v9 I x (v0 K)) (v1 v13)))) (v6 (S (B S) (S S (z S x (v9 I x (v0 K)) (v1 v13))))) (B B (x K (x x (v14 K)))) (z I I (v3 x) (z v11) (x v5 z B v10 B) S (v1 (z K (S I) (v1 (I z) B B) K) (z (S (v11 v6)) B (z v20))))
z (z (x z) v8) (K (z (x z) v8)) (S (B S) (S S (z S x (v9 I x (v0 K)) (v1 v13)))) (v6 (S (B S) (S S (z S x (v9 I x (v0 K)) (v1 v13))))) (B B (x K (x x (v14 K)))) (z I I (v3 x) (z v11) (x v5 z B v10 B) S (v1 (z K (S I) (v1 z B B) K) (z (S (v11 v6)) B (z v20))))
B (x v27 (B (x I v18) I) v25) (I v10 (I (K (I S) z) (I (K z) x (S (K (K B))) (I I)) (I z)))
B (x v27 (B (x I v18) I) v25) (v10 (I (K (I S) z) (I (K z) x (S (K (K B))) (I I)) (I z)))
B (x v27 (B (x I v18) I) v25) (v10 (K (I S) z (I (K z) x (S (K (K B))) (I I)) (I z)))
B (x v27 (B (x I v18) I) v25) (v10 (I S (I (K z) x (S (K (K B))) (I I)) (I z)))
B (x v27 (B (x I v18) I) v25) (v10 (S (I (K z) x (S (K (K B))) (I I)) (I z)))
B (x v27 (B (x I v18) I) v25) (v10 (S (K z x (S (K (K B))) (I I)) (I z)))
B (x v27 (B (x I v18) I) v25) (v10 (S (z (S (K (K B))) (I I)) (I z)))
B (x v27 (B (x I v18) I) v25) (v10 (S (z (S (K (K B))) I) (I z)))
B (x v27 (B (x I v18) I) v25) (v10 (S (z (S (K (K B))) I) z))
B (K K) (v18 x) (S (v18 (S B v8) (S (x I) (K K v24 S) x)) x) (S (B B (x S (B S)) (B (S (v12 K)) (B S) v15 (I (v15 z B) B))) (B I x))
K K (v18 x (S (v18 (S B v8) (S (x I) (K K v24 S) x)) x)) (S (B B (x S (B S)) (B (S (v12 K)) (B S) v15 (I (v15 z B) B))) (B I x))
K (S (B B (x S (B S)) (B (S (v12 K)) (B S) v15 (I (v15 z B) B))) (B I x))
K (S (B (x S (B S) (B (S (v12 K)) (B S) v15 (I (v15 z B) B)))) (B I x))
K (S (B (x S (B S) (S (v12 K) (B S v15) (I (v15 z B) B)))) (B I x))
K (S (B (x S (B S) (v12 K (I (v15 z B) B) (B S v15 (I (v15 z B) B))))) (B I x))
K (S (B (x S (B S) (v12 K (v15 z B B) (B S v15 (I (v15 z B) B))))) (B I x))
K (S (B (x S (B S) (v12 K (v15 z B B) (S (v15 (I (v15 z B) B)))))) (B I x))
K (S (B (x S (B S) (v12 K (v15 z B B) (S (v15 (v15 z B B)))))) (B I x))
I (B (K K x (z x (x x))) z (I (z B))) (K (v4 z x z B I (S (z x) S)))
B (K K x (z x (x x))) z (I (z B)) (K (v4 z x z B I (S (z x) S)))
K K x (z x (x x)) (z (I (z B))) (K (v4 z x z B I (S (z x) S)))
K (z x (x x)) (z (I (z B))) (K (v4 z x z B I (S (z x) S)))
z x (x x) (K (v4 z x z B I (S (z x) S)))
x z B (v24 B) x (S z) (I B) (I (B (K z) (x (x (B B))))) (I x)
x z B (v24 B) x (S z) B (I (B (K z) (x (x (B B))))) (I x)
x z B (v24 B) x (S z) B (B (K z) (x (x (B B)))) (I x)
x z B (v24 B) x (S z) B (B (K z) (x (x (B B)))) x
z K
v11 (S B)
