I K (x v14) (K (B (B (B (z (v13 K)))) (K I))) (x I I (x (I x) S (z (x (S (B I) v16) (S z) (z (v2 z (x B)))))) (I B (z v20 (I K S))) (x (z (B (z (B (I (K (I B)))) (S B)))) (B (z (x x) (z (K B)) (x I v16 (z B (z (I I (x x)) v13))) v28 z) (I (S (z z I (x I I))) (B (S v23) (v2 S) x) B))))
K (x v14) (K (B (B (B (z (v13 K)))) (K I))) (x I I (x (I x) S (z (x (S (B I) v16) (S z) (z (v2 z (x B)))))) (I B (z v20 (I K S))) (x (z (B (z (B (I (K (I B)))) (S B)))) (B (z (x x) (z (K B)) (x I v16 (z B (z (I I (x x)) v13))) v28 z) (I (S (z z I (x I I))) (B (S v23) (v2 S) x) B))))
x v14 (x I I (x (I x) S (z (x (S (B I) v16) (S z) (z (v2 z (x B)))))) (I B (z v20 (I K S))) (x (z (B (z (B (I (K (I B)))) (S B)))) (B (z (x x) (z (K B)) (x I v16 (z B (z (I I (x x)) v13))) v28 z) (I (S (z z I (x I I))) (B (S v23) (v2 S) x) B))))
x v14 (x I I (x x S (z (x (S (B I) v16) (S z) (z (v2 z (x B)))))) (I B (z v20 (I K S))) (x (z (B (z (B (I (K (I B)))) (S B)))) (B (z (x x) (z (K B)) (x I v16 (z B (z (I I (x x)) v13))) v28 z) (I (S (z z I (x I I))) (B (S v23) (v2 S) x) B))))
x v14 (x I I (x x S (z (x (S (B I) v16) (S z) (z (v2 z (x B)))))) (B (z v20 (I K S))) (x (z (B (z (B (I (K (I B)))) (S B)))) (B (z (x x) (z (K B)) (x I v16 (z B (z (I I (x x)) v13))) v28 z) (I (S (z z I (x I I))) (B (S v23) (v2 S) x) B))))
x v14 (x I I (x x S (z (x (S (B I) v16) (S z) (z (v2 z (x B)))))) (B (z v20 (K S))) (x (z (B (z (B (I (K (I B)))) (S B)))) (B (z (x x) (z (K B)) (x I v16 (z B (z (I I (x x)) v13))) v28 z) (I (S (z z I (x I I))) (B (S v23) (v2 S) x) B))))
x v14 (x I I (x x S (z (x (S (B I) v16) (S z) (z (v2 z (x B)))))) (B (z v20 (K S))) (x (z (B (z (B (K (I B))) (S B)))) (B (z (x x) (z (K B)) (x I v16 (z B (z (I I (x x)) v13))) v28 z) (I (S (z z I (x I I))) (B (S v23) (v2 S) x) B))))
x v14 (x I I (x x S (z (x (S (B I) v16) (S z) (z (v2 z (x B)))))) (B (z v20 (K S))) (x (z (B (z (B (K B)) (S B)))) (B (z (x x) (z (K B)) (x I v16 (z B (z (I I (x x)) v13))) v28 z) (I (S (z z I (x I I))) (B (S v23) (v2 S) x) B))))
x v14 (x I I (x x S (z (x (S (B I) v16) (S z) (z (v2 z (x B)))))) (B (z v20 (K S))) (x (z (B (z (B (K B)) (S B)))) (B (z (x x) (z (K B)) (x I v16 (z B (z (I (x x)) v13))) v28 z) (I (S (z z I (x I I))) (B (S v23) (v2 S) x) B))))
x v14 (x I I (x x S (z (x (S (B I) v16) (S z) (z (v2 z (x B)))))) (B (z v20 (K S))) (x (z (B (z (B (K B)) (S B)))) (B (z (x x) (z (K B)) (x I v16 (z B (z (x x) v13))) v28 z) (I (S (z z I (x I I))) (B (S v23) (v2 S) x) B))))
x v14 (x I I (x x S (z (x (S (B I) v16) (S z) (z (v2 z (x B)))))) (B (z v20 (K S))) (x (z (B (z (B (K B)) (S B)))) (B (z (x x) (z (K B)) (x I v16 (z B (z (x x) v13))) v28 z) (S (z z I (x I I)) (B (S v23) (v2 S) x) B))))
x v14 (x I I (x x S (z (x (S (B I) v16) (S z) (z (v2 z (x B)))))) (B (z v20 (K S))) (x (z (B (z (B (K B)) (S B)))) (B (z (x x) (z (K B)) (x I v16 (z B (z (x x) v13))) v28 z) (z z I (x I I) B (B (S v23) (v2 S) x B)))))
x v14 (x I I (x x S (z (x (S (B I) v16) (S z) (z (v2 z (x B)))))) (B (z v20 (K S))) (x (z (B (z (B (K B)) (S B)))) (B (z (x x) (z (K B)) (x I v16 (z B (z (x x) v13))) v28 z) (z z I (x I I) B (S v23 (v2 S x) B)))))
x v14 (x I I (x x S (z (x (S (B I) v16) (S z) (z (v2 z (x B)))))) (B (z v20 (K S))) (x (z (B (z (B (K B)) (S B)))) (B (z (x x) (z (K B)) (x I v16 (z B (z (x x) v13))) v28 z) (z z I (x I I) B (v23 B (v2 S x B))))))
x (S S (B K) B) (v21 (v1 (z (K x)) (I (v26 S I (B (z (z z) I z S))))))
x (S B (B K B)) (v21 (v1 (z (K x)) (I (v26 S I (B (z (z z) I z S))))))
x (S B (B K B)) (v21 (v1 (z (K x)) (v26 S I (B (z (z z) I z S)))))
x (B (K (I B S (v6 I) B) (B z) (S S)) S (B (I (B I) (S I z K S)) (K K S) I B))
x (K (I B S (v6 I) B) (B z) (S S) (S (B (I (B I) (S I z K S)) (K K S) I B)))
x (I B S (v6 I) B (S S) (S (B (I (B I) (S I z K S)) (K K S) I B)))
x (B S (v6 I) B (S S) (S (B (I (B I) (S I z K S)) (K K S) I B)))
x (S (v6 I B) (S S) (S (B (I (B I) (S I z K S)) (K K S) I B)))
x (v6 I B (S (B (I (B I) (S I z K S)) (K K S) I B)) (S S (S (B (I (B I) (S I z K S)) (K K S) I B))))
x (v6 I B (S (I (B I) (S I z K S) (K K S I) B)) (S S (S (B (I (B I) (S I z K S)) (K K S) I B))))
x (v6 I B (S (B I (S I z K S) (K K S I) B)) (S S (S (B (I (B I) (S I z K S)) (K K S) I B))))
x (v6 I B (S (I (S I z K S (K K S I)) B)) (S S (S (B (I (B I) (S I z K S)) (K K S) I B))))
x (v6 I B (S (S I z K S (K K S I) B)) (S S (S (B (I (B I) (S I z K S)) (K K S) I B))))
x (v6 I B (S (I K (z K) S (K K S I) B)) (S S (S (B (I (B I) (S I z K S)) (K K S) I B))))
x (v6 I B (S (K (z K) S (K K S I) B)) (S S (S (B (I (B I) (S I z K S)) (K K S) I B))))
x (v6 I B (S (z K (K K S I) B)) (S S (S (B (I (B I) (S I z K S)) (K K S) I B))))
x (v6 I B (S (z K (K I) B)) (S S (S (B (I (B I) (S I z K S)) (K K S) I B))))
x (v6 I B (S (z K (K I) B)) (S S (S (I (B I) (S I z K S) (K K S I) B))))
x (v6 I B (S (z K (K I) B)) (S S (S (B I (S I z K S) (K K S I) B))))
x (v6 I B (S (z K (K I) B)) (S S (S (I (S I z K S (K K S I)) B))))
x (v6 I B (S (z K (K I) B)) (S S (S (S I z K S (K K S I) B))))
x (v6 I B (S (z K (K I) B)) (S S (S (I K (z K) S (K K S I) B))))
x (v6 I B (S (z K (K I) B)) (S S (S (K (z K) S (K K S I) B))))
x (v6 I B (S (z K (K I) B)) (S S (S (z K (K K S I) B))))
x (v6 I B (S (z K (K I) B)) (S S (S (z K (K I) B))))
x (K (v29 (K z) z I S (K (S x z (S I (I K) K))) (B B)))
x (K (v29 (K z) z I S (K (x (S I (I K) K) (z (S I (I K) K)))) (B B)))
x (K (v29 (K z) z I S (K (x (I K (I K K)) (z (S I (I K) K)))) (B B)))
x (K (v29 (K z) z I S (K (x (K (I K K)) (z (S I (I K) K)))) (B B)))
x (K (v29 (K z) z I S (K (x (K (K K)) (z (S I (I K) K)))) (B B)))
x (K (v29 (K z) z I S (K (x (K (K K)) (z (I K (I K K))))) (B B)))
x (K (v29 (K z) z I S (K (x (K (K K)) (z (K (I K K))))) (B B)))
x (K (v29 (K z) z I S (K (x (K (K K)) (z (K (K K))))) (B B)))
v2 (S (I x)) (S S K (I (I (z I (x x (S (v23 S) z)) S v23)) (z (S x S) B (x v11)) z) (v30 z I x K (K (B I (z (K (K x))) S)) (I x (x x)))) (B (x I) x (x K))
v2 (S x) (S S K (I (I (z I (x x (S (v23 S) z)) S v23)) (z (S x S) B (x v11)) z) (v30 z I x K (K (B I (z (K (K x))) S)) (I x (x x)))) (B (x I) x (x K))
v2 (S x) (S (I (I (z I (x x (S (v23 S) z)) S v23)) (z (S x S) B (x v11)) z) (K (I (I (z I (x x (S (v23 S) z)) S v23)) (z (S x S) B (x v11)) z)) (v30 z I x K (K (B I (z (K (K x))) S)) (I x (x x)))) (B (x I) x (x K))
v2 (S x) (I (I (z I (x x (S (v23 S) z)) S v23)) (z (S x S) B (x v11)) z (v30 z I x K (K (B I (z (K (K x))) S)) (I x (x x))) (K (I (I (z I (x x (S (v23 S) z)) S v23)) (z (S x S) B (x v11)) z) (v30 z I x K (K (B I (z (K (K x))) S)) (I x (x x))))) (B (x I) x (x K))
v2 (S x) (I (z I (x x (S (v23 S) z)) S v23) (z (S x S) B (x v11)) z (v30 z I x K (K (B I (z (K (K x))) S)) (I x (x x))) (K (I (I (z I (x x (S (v23 S) z)) S v23)) (z (S x S) B (x v11)) z) (v30 z I x K (K (B I (z (K (K x))) S)) (I x (x x))))) (B (x I) x (x K))
v2 (S x) (z I (x x (S (v23 S) z)) S v23 (z (S x S) B (x v11)) z (v30 z I x K (K (B I (z (K (K x))) S)) (I x (x x))) (K (I (I (z I (x x (S (v23 S) z)) S v23)) (z (S x S) B (x v11)) z) (v30 z I x K (K (B I (z (K (K x))) S)) (I x (x x))))) (B (x I) x (x K))
v2 (S x) (z I (x x (S (v23 S) z)) S v23 (z (S x S) B (x v11)) z (v30 z I x K (K (I (z (K (K x)) S))) (I x (x x))) (K (I (I (z I (x x (S (v23 S) z)) S v23)) (z (S x S) B (x v11)) z) (v30 z I x K (K (B I (z (K (K x))) S)) (I x (x x))))) (B (x I) x (x K))
v2 (S x) (z I (x x (S (v23 S) z)) S v23 (z (S x S) B (x v11)) z (v30 z I x K (K (z (K (K x)) S)) (I x (x x))) (K (I (I (z I (x x (S (v23 S) z)) S v23)) (z (S x S) B (x v11)) z) (v30 z I x K (K (B I (z (K (K x))) S)) (I x (x x))))) (B (x I) x (x K))
v2 (S x) (z I (x x (S (v23 S) z)) S v23 (z (S x S) B (x v11)) z (v30 z I x K (K (z (K (K x)) S)) (x (x x))) (K (I (I (z I (x x (S (v23 S) z)) S v23)) (z (S x S) B (x v11)) z) (v30 z I x K (K (B I (z (K (K x))) S)) (I x (x x))))) (B (x I) x (x K))
v2 (S x) (z I (x x (S (v23 S) z)) S v23 (z (S x S) B (x v11)) z (v30 z I x K (K (z (K (K x)) S)) (x (x x))) (I (I (z I (x x (S (v23 S) z)) S v23)) (z (S x S) B (x v11)) z)) (B (x I) x (x K))
v2 (S x) (z I (x x (S (v23 S) z)) S v23 (z (S x S) B (x v11)) z (v30 z I x K (K (z (K (K x)) S)) (x (x x))) (I (z I (x x (S (v23 S) z)) S v23) (z (S x S) B (x v11)) z)) (B (x I) x (x K))
v2 (S x) (z I (x x (S (v23 S) z)) S v23 (z (S x S) B (x v11)) z (v30 z I x K (K (z (K (K x)) S)) (x (x x))) (z I (x x (S (v23 S) z)) S v23 (z (S x S) B (x v11)) z)) (B (x I) x (x K))
v2 (S x) (z I (x x (S (v23 S) z)) S v23 (z (S x S) B (x v11)) z (v30 z I x K (K (z (K (K x)) S)) (x (x x))) (z I (x x (S (v23 S) z)) S v23 (z (S x S) B (x v11)) z)) (x I (x (x K)))
v9 (z (v3 I (S (S K) (z B) x (x (K (S v0)) (z K)) (B (x z) (x (B (v27 B)))) (v29 S B))) (I S I (S (I B (x K) S))))
v9 (z (v3 I (S K x (z B x) (x (K (S v0)) (z K)) (B (x z) (x (B (v27 B)))) (v29 S B))) (I S I (S (I B (x K) S))))
v9 (z (v3 I (K (z B x) (x (z B x)) (x (K (S v0)) (z K)) (B (x z) (x (B (v27 B)))) (v29 S B))) (I S I (S (I B (x K) S))))
v9 (z (v3 I (z B x (x (K (S v0)) (z K)) (B (x z) (x (B (v27 B)))) (v29 S B))) (I S I (S (I B (x K) S))))
v9 (z (v3 I (z B x (x (K (S v0)) (z K)) (B (x z) (x (B (v27 B)))) (v29 S B))) (S I (S (I B (x K) S))))
v9 (z (v3 I (z B x (x (K (S v0)) (z K)) (B (x z) (x (B (v27 B)))) (v29 S B))) (S I (S (B (x K) S))))
K I I I (x (z K x)) (x (v25 (S (K v21) (v10 B)) K) (z (K (K (S v13 I x) (K v16 B) B)) B (I S)) (B (v22 S (K (K (I (S (B I I z)))))) (z x S) z))
I I (x (z K x)) (x (v25 (S (K v21) (v10 B)) K) (z (K (K (S v13 I x) (K v16 B) B)) B (I S)) (B (v22 S (K (K (I (S (B I I z)))))) (z x S) z))
I (x (z K x)) (x (v25 (S (K v21) (v10 B)) K) (z (K (K (S v13 I x) (K v16 B) B)) B (I S)) (B (v22 S (K (K (I (S (B I I z)))))) (z x S) z))
x (z K x) (x (v25 (S (K v21) (v10 B)) K) (z (K (K (S v13 I x) (K v16 B) B)) B (I S)) (B (v22 S (K (K (I (S (B I I z)))))) (z x S) z))
x (z K x) (x (v25 (S (K v21) (v10 B)) K) (z (K (S v13 I x B)) B (I S)) (B (v22 S (K (K (I (S (B I I z)))))) (z x S) z))
x (z K x) (x (v25 (S (K v21) (v10 B)) K) (z (K (v13 x (I x) B)) B (I S)) (B (v22 S (K (K (I (S (B I I z)))))) (z x S) z))
x (z K x) (x (v25 (S (K v21) (v10 B)) K) (z (K (v13 x x B)) B (I S)) (B (v22 S (K (K (I (S (B I I z)))))) (z x S) z))
x (z K x) (x (v25 (S (K v21) (v10 B)) K) (z (K (v13 x x B)) B S) (B (v22 S (K (K (I (S (B I I z)))))) (z x S) z))
x (z K x) (x (v25 (S (K v21) (v10 B)) K) (z (K (v13 x x B)) B S) (v22 S (K (K (I (S (B I I z))))) (z x S z)))
x (z K x) (x (v25 (S (K v21) (v10 B)) K) (z (K (v13 x x B)) B S) (v22 S (K (K (S (B I I z)))) (z x S z)))
x (z K x) (x (v25 (S (K v21) (v10 B)) K) (z (K (v13 x x B)) B S) (v22 S (K (K (S (I (I z))))) (z x S z)))
x (z K x) (x (v25 (S (K v21) (v10 B)) K) (z (K (v13 x x B)) B S) (v22 S (K (K (S (I z)))) (z x S z)))
x (z K x) (x (v25 (S (K v21) (v10 B)) K) (z (K (v13 x x B)) B S) (v22 S (K (K (S z))) (z x S z)))
B (I (K (I (x I))) (K (v30 z)) (I (z x (S I) x) x)) z I (I I (I (v5 K x K (S (K x))) (z S)) v0)
I (K (I (x I))) (K (v30 z)) (I (z x (S I) x) x) (z I) (I I (I (v5 K x K (S (K x))) (z S)) v0)
K (I (x I)) (K (v30 z)) (I (z x (S I) x) x) (z I) (I I (I (v5 K x K (S (K x))) (z S)) v0)
I (x I) (I (z x (S I) x) x) (z I) (I I (I (v5 K x K (S (K x))) (z S)) v0)
x I (I (z x (S I) x) x) (z I) (I I (I (v5 K x K (S (K x))) (z S)) v0)
x I (z x (S I) x x) (z I) (I I (I (v5 K x K (S (K x))) (z S)) v0)
x I (z x (S I) x x) (z I) (I (I (v5 K x K (S (K x))) (z S)) v0)
x I (z x (S I) x x) (z I) (I (v5 K x K (S (K x))) (z S) v0)
x I (z x (S I) x x) (z I) (v5 K x K (S (K x)) (z S) v0)
B (K K v4 (z (z I (v17 z v25 K)) K (I x)) (z z x))
B (K (z (z I (v17 z v25 K)) K (I x)) (z z x))
B (z (z I (v17 z v25 K)) K (I x))
B (z (z I (v17 z v25 K)) K x)
I S (B K) S (K (v22 x K) (S v12 K) (I S)) B S (I (B I (v9 (I I I) x) (S S (K v0 (x z) (B K B)))))
S (B K) S (K (v22 x K) (S v12 K) (I S)) B S (I (B I (v9 (I I I) x) (S S (K v0 (x z) (B K B)))))
B K (K (v22 x K) (S v12 K) (I S)) (S (K (v22 x K) (S v12 K) (I S))) B S (I (B I (v9 (I I I) x) (S S (K v0 (x z) (B K B)))))
K (K (v22 x K) (S v12 K) (I S) (S (K (v22 x K) (S v12 K) (I S)))) B S (I (B I (v9 (I I I) x) (S S (K v0 (x z) (B K B)))))
K (v22 x K) (S v12 K) (I S) (S (K (v22 x K) (S v12 K) (I S))) S (I (B I (v9 (I I I) x) (S S (K v0 (x z) (B K B)))))
v22 x K (I S) (S (K (v22 x K) (S v12 K) (I S))) S (I (B I (v9 (I I I) x) (S S (K v0 (x z) (B K B)))))
v22 x K S (S (K (v22 x K) (S v12 K) (I S))) S (I (B I (v9 (I I I) x) (S S (K v0 (x z) (B K B)))))
v22 x K S (S (v22 x K (I S))) S (I (B I (v9 (I I I) x) (S S (K v0 (x z) (B K B)))))
v22 x K S (S (v22 x K S)) S (I (B I (v9 (I I I) x) (S S (K v0 (x z) (B K B)))))
v22 x K S (S (v22 x K S)) S (B I (v9 (I I I) x) (S S (K v0 (x z) (B K B))))
v22 x K S (S (v22 x K S)) S (I (v9 (I I I) x (S S (K v0 (x z) (B K B)))))
v22 x K S (S (v22 x K S)) S (v9 (I I I) x (S S (K v0 (x z) (B K B))))
v22 x K S (S (v22 x K S)) S (v9 (I I) x (S S (K v0 (x z) (B K B))))
v22 x K S (S (v22 x K S)) S (v9 I x (S S (K v0 (x z) (B K B))))
v22 x K S (S (v22 x K S)) S (v9 I x (S S (v0 (B K B))))
