B (S I)
S S (B B (v16 (x K) I v29)) K (z (K (K x (z (z (I I)) B))) (S B (K v12 (B B) I) (K (v23 (K (S (S z)) z)) (B I)) (B x)))
S K (B B (v16 (x K) I v29) K) (z (K (K x (z (z (I I)) B))) (S B (K v12 (B B) I) (K (v23 (K (S (S z)) z)) (B I)) (B x)))
K (z (K (K x (z (z (I I)) B))) (S B (K v12 (B B) I) (K (v23 (K (S (S z)) z)) (B I)) (B x))) (B B (v16 (x K) I v29) K (z (K (K x (z (z (I I)) B))) (S B (K v12 (B B) I) (K (v23 (K (S (S z)) z)) (B I)) (B x))))
z (K (K x (z (z (I I)) B))) (S B (K v12 (B B) I) (K (v23 (K (S (S z)) z)) (B I)) (B x))
z (K x) (S B (K v12 (B B) I) (K (v23 (K (S (S z)) z)) (B I)) (B x))
z (K x) (B (K (v23 (K (S (S z)) z)) (B I)) (K v12 (B B) I (K (v23 (K (S (S z)) z)) (B I))) (B x))
z (K x) (K (v23 (K (S (S z)) z)) (B I) (K v12 (B B) I (K (v23 (K (S (S z)) z)) (B I)) (B x)))
z (K x) (v23 (K (S (S z)) z) (K v12 (B B) I (K (v23 (K (S (S z)) z)) (B I)) (B x)))
z (K x) (v23 (S (S z)) (K v12 (B B) I (K (v23 (K (S (S z)) z)) (B I)) (B x)))
z (K x) (v23 (S (S z)) (v12 I (K (v23 (K (S (S z)) z)) (B I)) (B x)))
z (K x) (v23 (S (S z)) (v12 I (v23 (K (S (S z)) z)) (B x)))
z (K x) (v23 (S (S z)) (v12 I (v23 (S (S z))) (B x)))
v21 (S (S (x (K (S (K K) v14))) v30)) z x
x (x K) (I K S B (x z (z (x K) I (S (B v20) z (x (K S (B S) K))) B)) B (x (B v6 K (I B (K (B x I)) z B)) B))
x (x K) (K S B (x z (z (x K) I (S (B v20) z (x (K S (B S) K))) B)) B (x (B v6 K (I B (K (B x I)) z B)) B))
x (x K) (S (x z (z (x K) I (S (B v20) z (x (K S (B S) K))) B)) B (x (B v6 K (I B (K (B x I)) z B)) B))
x (x K) (x z (z (x K) I (S (B v20) z (x (K S (B S) K))) B) (x (B v6 K (I B (K (B x I)) z B)) B) (B (x (B v6 K (I B (K (B x I)) z B)) B)))
x (x K) (x z (z (x K) I (B v20 (x (K S (B S) K)) (z (x (K S (B S) K)))) B) (x (B v6 K (I B (K (B x I)) z B)) B) (B (x (B v6 K (I B (K (B x I)) z B)) B)))
x (x K) (x z (z (x K) I (v20 (x (K S (B S) K) (z (x (K S (B S) K))))) B) (x (B v6 K (I B (K (B x I)) z B)) B) (B (x (B v6 K (I B (K (B x I)) z B)) B)))
x (x K) (x z (z (x K) I (v20 (x (S K) (z (x (K S (B S) K))))) B) (x (B v6 K (I B (K (B x I)) z B)) B) (B (x (B v6 K (I B (K (B x I)) z B)) B)))
x (x K) (x z (z (x K) I (v20 (x (S K) (z (x (S K))))) B) (x (B v6 K (I B (K (B x I)) z B)) B) (B (x (B v6 K (I B (K (B x I)) z B)) B)))
x (x K) (x z (z (x K) I (v20 (x (S K) (z (x (S K))))) B) (x (v6 (K (I B (K (B x I)) z B))) B) (B (x (B v6 K (I B (K (B x I)) z B)) B)))
x (x K) (x z (z (x K) I (v20 (x (S K) (z (x (S K))))) B) (x (v6 (K (B (K (B x I)) z B))) B) (B (x (B v6 K (I B (K (B x I)) z B)) B)))
x (x K) (x z (z (x K) I (v20 (x (S K) (z (x (S K))))) B) (x (v6 (K (K (B x I) (z B)))) B) (B (x (B v6 K (I B (K (B x I)) z B)) B)))
x (x K) (x z (z (x K) I (v20 (x (S K) (z (x (S K))))) B) (x (v6 (K (B x I))) B) (B (x (B v6 K (I B (K (B x I)) z B)) B)))
x (x K) (x z (z (x K) I (v20 (x (S K) (z (x (S K))))) B) (x (v6 (K (B x I))) B) (B (x (v6 (K (I B (K (B x I)) z B))) B)))
x (x K) (x z (z (x K) I (v20 (x (S K) (z (x (S K))))) B) (x (v6 (K (B x I))) B) (B (x (v6 (K (B (K (B x I)) z B))) B)))
x (x K) (x z (z (x K) I (v20 (x (S K) (z (x (S K))))) B) (x (v6 (K (B x I))) B) (B (x (v6 (K (K (B x I) (z B)))) B)))
x (x K) (x z (z (x K) I (v20 (x (S K) (z (x (S K))))) B) (x (v6 (K (B x I))) B) (B (x (v6 (K (B x I))) B)))
x
x K (x S (x x) v14 (v8 v20)) (z z x) S (v26 (K (S x) (v8 v29) x) B (v0 I) z (v12 B) (I I z (K I) I)) (z B (I v20) (v19 B K) (S (S (S v7) (S x)) (v8 B) z (x (I K (K x K) K) (v17 K)))) (x K)
x K (x S (x x) v14 (v8 v20)) (z z x) S (v26 (S x x) B (v0 I) z (v12 B) (I I z (K I) I)) (z B (I v20) (v19 B K) (S (S (S v7) (S x)) (v8 B) z (x (I K (K x K) K) (v17 K)))) (x K)
x K (x S (x x) v14 (v8 v20)) (z z x) S (v26 (S x x) B (v0 I) z (v12 B) (I z (K I) I)) (z B (I v20) (v19 B K) (S (S (S v7) (S x)) (v8 B) z (x (I K (K x K) K) (v17 K)))) (x K)
x K (x S (x x) v14 (v8 v20)) (z z x) S (v26 (S x x) B (v0 I) z (v12 B) (z (K I) I)) (z B (I v20) (v19 B K) (S (S (S v7) (S x)) (v8 B) z (x (I K (K x K) K) (v17 K)))) (x K)
x K (x S (x x) v14 (v8 v20)) (z z x) S (v26 (S x x) B (v0 I) z (v12 B) (z (K I) I)) (z B v20 (v19 B K) (S (S (S v7) (S x)) (v8 B) z (x (I K (K x K) K) (v17 K)))) (x K)
x K (x S (x x) v14 (v8 v20)) (z z x) S (v26 (S x x) B (v0 I) z (v12 B) (z (K I) I)) (z B v20 (v19 B K) (S (S v7) (S x) z (v8 B z) (x (I K (K x K) K) (v17 K)))) (x K)
x K (x S (x x) v14 (v8 v20)) (z z x) S (v26 (S x x) B (v0 I) z (v12 B) (z (K I) I)) (z B v20 (v19 B K) (S v7 z (S x z) (v8 B z) (x (I K (K x K) K) (v17 K)))) (x K)
x K (x S (x x) v14 (v8 v20)) (z z x) S (v26 (S x x) B (v0 I) z (v12 B) (z (K I) I)) (z B v20 (v19 B K) (v7 (S x z) (z (S x z)) (v8 B z) (x (I K (K x K) K) (v17 K)))) (x K)
x K (x S (x x) v14 (v8 v20)) (z z x) S (v26 (S x x) B (v0 I) z (v12 B) (z (K I) I)) (z B v20 (v19 B K) (v7 (S x z) (z (S x z)) (v8 B z) (x (K (K x K) K) (v17 K)))) (x K)
x K (x S (x x) v14 (v8 v20)) (z z x) S (v26 (S x x) B (v0 I) z (v12 B) (z (K I) I)) (z B v20 (v19 B K) (v7 (S x z) (z (S x z)) (v8 B z) (x (K x K) (v17 K)))) (x K)
x K (x S (x x) v14 (v8 v20)) (z z x) S (v26 (S x x) B (v0 I) z (v12 B) (z (K I) I)) (z B v20 (v19 B K) (v7 (S x z) (z (S x z)) (v8 B z) (x x (v17 K)))) (x K)
x (z (x K (v21 K (v24 S) v5 v24) (B (B S) (v29 I))) (z (x (B v13))))
z (S v14 (S (z (z I))) z x x (x S z (K (B S)))) S (v21 (x (I S)))
z (v14 z (S (z (z I)) z) x x (x S z (K (B S)))) S (v21 (x (I S)))
z (v14 z (S (z (z I)) z) x x (x S z (K (B S)))) S (v21 (x S))
K (B I) K (z v10 S (B (v0 S)) (x (K (z (I x z (K z I))) z) K S) B (B (v21 (x S) (x (z (v28 B)))) K (I (z x) K) I))
B I (z v10 S (B (v0 S)) (x (K (z (I x z (K z I))) z) K S) B (B (v21 (x S) (x (z (v28 B)))) K (I (z x) K) I))
B I (z v10 S (B (v0 S)) (x (z (I x z (K z I))) K S) B (B (v21 (x S) (x (z (v28 B)))) K (I (z x) K) I))
B I (z v10 S (B (v0 S)) (x (z (x z (K z I))) K S) B (B (v21 (x S) (x (z (v28 B)))) K (I (z x) K) I))
B I (z v10 S (B (v0 S)) (x (z (x z z)) K S) B (B (v21 (x S) (x (z (v28 B)))) K (I (z x) K) I))
B I (z v10 S (B (v0 S)) (x (z (x z z)) K S) B (v21 (x S) (x (z (v28 B))) (K (I (z x) K)) I))
B I (z v10 S (B (v0 S)) (x (z (x z z)) K S) B (v21 (x S) (x (z (v28 B))) (K (z x K)) I))
x
