x
K (K x S) x S z (I (z (z (B x))) B (B x) I x S) (z K (I (B S (x v26 B))) (v15 I B) (x v12) K)
K x S S z (I (z (z (B x))) B (B x) I x S) (z K (I (B S (x v26 B))) (v15 I B) (x v12) K)
x S z (I (z (z (B x))) B (B x) I x S) (z K (I (B S (x v26 B))) (v15 I B) (x v12) K)
x S z (z (z (B x)) B (B x) I x S) (z K (I (B S (x v26 B))) (v15 I B) (x v12) K)
x S z (z (z (B x)) B (B x) I x S) (z K (B S (x v26 B)) (v15 I B) (x v12) K)
K S (z z B (K (K v24) B x) (v0 (I (K K) B))) (S (S I (x z) (S (z v28)) z (B I S S z) (S x (S x) (z z (S (S v6 x) (v7 I (x (S x) (z I)))) K) (S x B I)))) (B K x) (S (S I) S)
S (S (S I (x z) (S (z v28)) z (B I S S z) (S x (S x) (z z (S (S v6 x) (v7 I (x (S x) (z I)))) K) (S x B I)))) (B K x) (S (S I) S)
S (S I (x z) (S (z v28)) z (B I S S z) (S x (S x) (z z (S (S v6 x) (v7 I (x (S x) (z I)))) K) (S x B I))) (S (S I) S) (B K x (S (S I) S))
S I (x z) (S (z v28)) z (B I S S z) (S x (S x) (z z (S (S v6 x) (v7 I (x (S x) (z I)))) K) (S x B I)) (B K x (S (S I) S)) (S (S I) S (B K x (S (S I) S)))
I (S (z v28)) (x z (S (z v28))) z (B I S S z) (S x (S x) (z z (S (S v6 x) (v7 I (x (S x) (z I)))) K) (S x B I)) (B K x (S (S I) S)) (S (S I) S (B K x (S (S I) S)))
S (z v28) (x z (S (z v28))) z (B I S S z) (S x (S x) (z z (S (S v6 x) (v7 I (x (S x) (z I)))) K) (S x B I)) (B K x (S (S I) S)) (S (S I) S (B K x (S (S I) S)))
z v28 z (x z (S (z v28)) z) (B I S S z) (S x (S x) (z z (S (S v6 x) (v7 I (x (S x) (z I)))) K) (S x B I)) (B K x (S (S I) S)) (S (S I) S (B K x (S (S I) S)))
z v28 z (x z (S (z v28)) z) (I (S S) z) (S x (S x) (z z (S (S v6 x) (v7 I (x (S x) (z I)))) K) (S x B I)) (B K x (S (S I) S)) (S (S I) S (B K x (S (S I) S)))
z v28 z (x z (S (z v28)) z) (S S z) (S x (S x) (z z (S (S v6 x) (v7 I (x (S x) (z I)))) K) (S x B I)) (B K x (S (S I) S)) (S (S I) S (B K x (S (S I) S)))
z v28 z (x z (S (z v28)) z) (S S z) (x (z z (S (S v6 x) (v7 I (x (S x) (z I)))) K) (S x (z z (S (S v6 x) (v7 I (x (S x) (z I)))) K)) (S x B I)) (B K x (S (S I) S)) (S (S I) S (B K x (S (S I) S)))
z v28 z (x z (S (z v28)) z) (S S z) (x (z z (S (S v6 x) (v7 I (x (S x) (z I)))) K) (S x (z z (S (S v6 x) (v7 I (x (S x) (z I)))) K)) (x I (B I))) (B K x (S (S I) S)) (S (S I) S (B K x (S (S I) S)))
z v28 z (x z (S (z v28)) z) (S S z) (x (z z (S (S v6 x) (v7 I (x (S x) (z I)))) K) (S x (z z (S (S v6 x) (v7 I (x (S x) (z I)))) K)) (x I (B I))) (K (x (S (S I) S))) (S (S I) S (B K x (S (S I) S)))
z v28 z (x z (S (z v28)) z) (S S z) (x (z z (S (S v6 x) (v7 I (x (S x) (z I)))) K) (S x (z z (S (S v6 x) (v7 I (x (S x) (z I)))) K)) (x I (B I))) (K (x (S (S I) S))) (S I (B K x (S (S I) S)) (S (B K x (S (S I) S))))
z v28 z (x z (S (z v28)) z) (S S z) (x (z z (S (S v6 x) (v7 I (x (S x) (z I)))) K) (S x (z z (S (S v6 x) (v7 I (x (S x) (z I)))) K)) (x I (B I))) (K (x (S (S I) S))) (I (S (B K x (S (S I) S))) (B K x (S (S I) S) (S (B K x (S (S I) S)))))
z v28 z (x z (S (z v28)) z) (S S z) (x (z z (S (S v6 x) (v7 I (x (S x) (z I)))) K) (S x (z z (S (S v6 x) (v7 I (x (S x) (z I)))) K)) (x I (B I))) (K (x (S (S I) S))) (S (B K x (S (S I) S)) (B K x (S (S I) S) (S (B K x (S (S I) S)))))
z v28 z (x z (S (z v28)) z) (S S z) (x (z z (S (S v6 x) (v7 I (x (S x) (z I)))) K) (S x (z z (S (S v6 x) (v7 I (x (S x) (z I)))) K)) (x I (B I))) (K (x (S (S I) S))) (S (K (x (S (S I) S))) (B K x (S (S I) S) (S (B K x (S (S I) S)))))
z v28 z (x z (S (z v28)) z) (S S z) (x (z z (S (S v6 x) (v7 I (x (S x) (z I)))) K) (S x (z z (S (S v6 x) (v7 I (x (S x) (z I)))) K)) (x I (B I))) (K (x (S (S I) S))) (S (K (x (S (S I) S))) (K (x (S (S I) S)) (S (B K x (S (S I) S)))))
z v28 z (x z (S (z v28)) z) (S S z) (x (z z (S (S v6 x) (v7 I (x (S x) (z I)))) K) (S x (z z (S (S v6 x) (v7 I (x (S x) (z I)))) K)) (x I (B I))) (K (x (S (S I) S))) (S (K (x (S (S I) S))) (x (S (S I) S)))
B
x
S (v19 K z (K (K I I) I (x K x)) (I (x K (z (v25 (I x))) B)) S)
S (v19 K z (K I I (x K x)) (I (x K (z (v25 (I x))) B)) S)
S (v19 K z (I (x K x)) (I (x K (z (v25 (I x))) B)) S)
S (v19 K z (x K x) (I (x K (z (v25 (I x))) B)) S)
S (v19 K z (x K x) (x K (z (v25 (I x))) B) S)
S (v19 K z (x K x) (x K (z (v25 x)) B) S)
x K (z (v29 S x (B B (K z I) I) z I) (K (B v19 (v5 B) K v23)) K S) (K (v4 (v5 K (z (z v30)))) (B S S)) v7
x K (z (v29 S x (B (K z I I)) z I) (K (B v19 (v5 B) K v23)) K S) (K (v4 (v5 K (z (z v30)))) (B S S)) v7
x K (z (v29 S x (B (z I)) z I) (K (B v19 (v5 B) K v23)) K S) (K (v4 (v5 K (z (z v30)))) (B S S)) v7
x K (z (v29 S x (B (z I)) z I) (K (v19 (v5 B K) v23)) K S) (K (v4 (v5 K (z (z v30)))) (B S S)) v7
x K (z (v29 S x (B (z I)) z I) (K (v19 (v5 B K) v23)) K S) (v4 (v5 K (z (z v30)))) v7
z (B (x B B) I (x z)) x (x B (v13 (I (S (B (K v11 z) (B x)))))) (K v5 (I z) (S (K x (B S (S v3))) (z (S z) z)) (S S) B)
z (x B B (I (x z))) x (x B (v13 (I (S (B (K v11 z) (B x)))))) (K v5 (I z) (S (K x (B S (S v3))) (z (S z) z)) (S S) B)
z (x B B (x z)) x (x B (v13 (I (S (B (K v11 z) (B x)))))) (K v5 (I z) (S (K x (B S (S v3))) (z (S z) z)) (S S) B)
z (x B B (x z)) x (x B (v13 (S (B (K v11 z) (B x))))) (K v5 (I z) (S (K x (B S (S v3))) (z (S z) z)) (S S) B)
z (x B B (x z)) x (x B (v13 (S (B v11 (B x))))) (K v5 (I z) (S (K x (B S (S v3))) (z (S z) z)) (S S) B)
z (x B B (x z)) x (x B (v13 (S (B v11 (B x))))) (v5 (S (K x (B S (S v3))) (z (S z) z)) (S S) B)
z (x B B (x z)) x (x B (v13 (S (B v11 (B x))))) (v5 (S x (z (S z) z)) (S S) B)
I (B (z S (I (B (x (z x x) (S z I) (S z B (K S)))) I)) (v16 (K S))) (I (v29 (K (v25 K z (v3 (K (z (S B) (v1 K))))))) B (S z (v12 (x B (K S x I)) (B (B (S S)))) (B B S) (K S S)) z)
B (z S (I (B (x (z x x) (S z I) (S z B (K S)))) I)) (v16 (K S)) (I (v29 (K (v25 K z (v3 (K (z (S B) (v1 K))))))) B (S z (v12 (x B (K S x I)) (B (B (S S)))) (B B S) (K S S)) z)
z S (I (B (x (z x x) (S z I) (S z B (K S)))) I) (v16 (K S) (I (v29 (K (v25 K z (v3 (K (z (S B) (v1 K))))))) B (S z (v12 (x B (K S x I)) (B (B (S S)))) (B B S) (K S S)) z))
z S (B (x (z x x) (S z I) (S z B (K S))) I) (v16 (K S) (I (v29 (K (v25 K z (v3 (K (z (S B) (v1 K))))))) B (S z (v12 (x B (K S x I)) (B (B (S S)))) (B B S) (K S S)) z))
z S (B (x (z x x) (S z I) (z (K S) (B (K S)))) I) (v16 (K S) (I (v29 (K (v25 K z (v3 (K (z (S B) (v1 K))))))) B (S z (v12 (x B (K S x I)) (B (B (S S)))) (B B S) (K S S)) z))
z S (B (x (z x x) (S z I) (z (K S) (B (K S)))) I) (v16 (K S) (v29 (K (v25 K z (v3 (K (z (S B) (v1 K)))))) B (S z (v12 (x B (K S x I)) (B (B (S S)))) (B B S) (K S S)) z))
z S (B (x (z x x) (S z I) (z (K S) (B (K S)))) I) (v16 (K S) (v29 (K (v25 K z (v3 (K (z (S B) (v1 K)))))) B (z (B B S) (v12 (x B (K S x I)) (B (B (S S))) (B B S)) (K S S)) z))
z S (B (x (z x x) (S z I) (z (K S) (B (K S)))) I) (v16 (K S) (v29 (K (v25 K z (v3 (K (z (S B) (v1 K)))))) B (z (B B S) (v12 (x B (S I)) (B (B (S S))) (B B S)) (K S S)) z))
z S (B (x (z x x) (S z I) (z (K S) (B (K S)))) I) (v16 (K S) (v29 (K (v25 K z (v3 (K (z (S B) (v1 K)))))) B (z (B B S) (v12 (x B (S I)) (B (B (S S))) (B B S)) S) z))
B (z (S S v19 (z v29 x x) x)) (x (K z (x (S (B v13))) (z I x (x B (S (S (v9 S) (x (I I)) x)))))) S
z (S S v19 (z v29 x x) x) (x (K z (x (S (B v13))) (z I x (x B (S (S (v9 S) (x (I I)) x))))) S)
z (S (z v29 x x) (v19 (z v29 x x)) x) (x (K z (x (S (B v13))) (z I x (x B (S (S (v9 S) (x (I I)) x))))) S)
z (z v29 x x x (v19 (z v29 x x) x)) (x (K z (x (S (B v13))) (z I x (x B (S (S (v9 S) (x (I I)) x))))) S)
z (z v29 x x x (v19 (z v29 x x) x)) (x (z (z I x (x B (S (S (v9 S) (x (I I)) x))))) S)
z (z v29 x x x (v19 (z v29 x x) x)) (x (z (z I x (x B (S (v9 S x (x (I I) x)))))) S)
z (z v29 x x x (v19 (z v29 x x) x)) (x (z (z I x (x B (S (v9 S x (x I x)))))) S)
