I I x (K S x) x (S S) z (z K) (I K (I (B (v9 x (I (I v18))) I S))) I v19 (x S I)
I x (K S x) x (S S) z (z K) (I K (I (B (v9 x (I (I v18))) I S))) I v19 (x S I)
x (K S x) x (S S) z (z K) (I K (I (B (v9 x (I (I v18))) I S))) I v19 (x S I)
x S x (S S) z (z K) (I K (I (B (v9 x (I (I v18))) I S))) I v19 (x S I)
x S x (S S) z (z K) (K (I (B (v9 x (I (I v18))) I S))) I v19 (x S I)
x S x (S S) z (z K) (K (B (v9 x (I (I v18))) I S)) I v19 (x S I)
x S x (S S) z (z K) (K (v9 x (I (I v18)) (I S))) I v19 (x S I)
x S x (S S) z (z K) (K (v9 x (I v18) (I S))) I v19 (x S I)
x S x (S S) z (z K) (K (v9 x v18 (I S))) I v19 (x S I)
x S x (S S) z (z K) (K (v9 x v18 S)) I v19 (x S I)
K
B (z I (B K (I x v7 (v30 (S (z (x z) x)))))) (x v18 K (z (K S) (x z (z I) x)) v14 (B S B v28 I (K (K (S B) (v0 (K (K (v14 (I x z))))) (K (x B (K v26)) (S (x K)) I)))))
B (z I (B K (x v7 (v30 (S (z (x z) x)))))) (x v18 K (z (K S) (x z (z I) x)) v14 (B S B v28 I (K (K (S B) (v0 (K (K (v14 (I x z))))) (K (x B (K v26)) (S (x K)) I)))))
B (z I (B K (x v7 (v30 (S (z (x z) x)))))) (x v18 K (z (K S) (x z (z I) x)) v14 (S (B v28) I (K (K (S B) (v0 (K (K (v14 (I x z))))) (K (x B (K v26)) (S (x K)) I)))))
B (z I (B K (x v7 (v30 (S (z (x z) x)))))) (x v18 K (z (K S) (x z (z I) x)) v14 (B v28 (K (K (S B) (v0 (K (K (v14 (I x z))))) (K (x B (K v26)) (S (x K)) I))) (I (K (K (S B) (v0 (K (K (v14 (I x z))))) (K (x B (K v26)) (S (x K)) I))))))
B (z I (B K (x v7 (v30 (S (z (x z) x)))))) (x v18 K (z (K S) (x z (z I) x)) v14 (v28 (K (K (S B) (v0 (K (K (v14 (I x z))))) (K (x B (K v26)) (S (x K)) I)) (I (K (K (S B) (v0 (K (K (v14 (I x z))))) (K (x B (K v26)) (S (x K)) I)))))))
B (z I (B K (x v7 (v30 (S (z (x z) x)))))) (x v18 K (z (K S) (x z (z I) x)) v14 (v28 (K (S B) (v0 (K (K (v14 (I x z))))) (K (x B (K v26)) (S (x K)) I))))
B (z I (B K (x v7 (v30 (S (z (x z) x)))))) (x v18 K (z (K S) (x z (z I) x)) v14 (v28 (S B (K (x B (K v26)) (S (x K)) I))))
B (z I (B K (x v7 (v30 (S (z (x z) x)))))) (x v18 K (z (K S) (x z (z I) x)) v14 (v28 (S B (x B (K v26) I))))
I (S (K v28) (B (v22 (I (B v11 I I) S)))) (K (v10 (x I (v21 S) (S (K (K v9 K) S)))))
S (K v28) (B (v22 (I (B v11 I I) S))) (K (v10 (x I (v21 S) (S (K (K v9 K) S)))))
K v28 (K (v10 (x I (v21 S) (S (K (K v9 K) S))))) (B (v22 (I (B v11 I I) S)) (K (v10 (x I (v21 S) (S (K (K v9 K) S))))))
v28 (B (v22 (I (B v11 I I) S)) (K (v10 (x I (v21 S) (S (K (K v9 K) S))))))
v28 (B (v22 (B v11 I I S)) (K (v10 (x I (v21 S) (S (K (K v9 K) S))))))
v28 (B (v22 (v11 (I I) S)) (K (v10 (x I (v21 S) (S (K (K v9 K) S))))))
v28 (B (v22 (v11 I S)) (K (v10 (x I (v21 S) (S (K (K v9 K) S))))))
v28 (B (v22 (v11 I S)) (K (v10 (x I (v21 S) (S (K v9 K))))))
v28 (B (v22 (v11 I S)) (K (v10 (x I (v21 S) (S v9)))))
B (z S (v27 K (K (I v28) (B x))) (x z z) K) (v26 v5 (S S (z (K I)) v6 (x (K (I K z v1))))) (B (v12 K (x (x v15) B x)) v9 x)
z S (v27 K (K (I v28) (B x))) (x z z) K (v26 v5 (S S (z (K I)) v6 (x (K (I K z v1)))) (B (v12 K (x (x v15) B x)) v9 x))
z S (v27 K (I v28)) (x z z) K (v26 v5 (S S (z (K I)) v6 (x (K (I K z v1)))) (B (v12 K (x (x v15) B x)) v9 x))
z S (v27 K v28) (x z z) K (v26 v5 (S S (z (K I)) v6 (x (K (I K z v1)))) (B (v12 K (x (x v15) B x)) v9 x))
z S (v27 K v28) (x z z) K (v26 v5 (S v6 (z (K I) v6) (x (K (I K z v1)))) (B (v12 K (x (x v15) B x)) v9 x))
z S (v27 K v28) (x z z) K (v26 v5 (v6 (x (K (I K z v1))) (z (K I) v6 (x (K (I K z v1))))) (B (v12 K (x (x v15) B x)) v9 x))
z S (v27 K v28) (x z z) K (v26 v5 (v6 (x (K (K z v1))) (z (K I) v6 (x (K (I K z v1))))) (B (v12 K (x (x v15) B x)) v9 x))
z S (v27 K v28) (x z z) K (v26 v5 (v6 (x (K z)) (z (K I) v6 (x (K (I K z v1))))) (B (v12 K (x (x v15) B x)) v9 x))
z S (v27 K v28) (x z z) K (v26 v5 (v6 (x (K z)) (z (K I) v6 (x (K (K z v1))))) (B (v12 K (x (x v15) B x)) v9 x))
z S (v27 K v28) (x z z) K (v26 v5 (v6 (x (K z)) (z (K I) v6 (x (K z)))) (B (v12 K (x (x v15) B x)) v9 x))
z S (v27 K v28) (x z z) K (v26 v5 (v6 (x (K z)) (z (K I) v6 (x (K z)))) (v12 K (x (x v15) B x) (v9 x)))
I (K (z z) (S x B) K) (B (S K (x v26 K) (v20 S) (v15 K S)) (S B))
K (z z) (S x B) K (B (S K (x v26 K) (v20 S) (v15 K S)) (S B))
z z K (B (S K (x v26 K) (v20 S) (v15 K S)) (S B))
z z K (B (K (v20 S) (x v26 K (v20 S)) (v15 K S)) (S B))
z z K (B (v20 S (v15 K S)) (S B))
S (S B (I (K z) (x v12) I) (z I (x (v28 (x x S))))) (x (v25 S (K I) B (S x) (x K x)) (S (I (S I (x (S K z)))) (x (K x)) z (B (B (v23 S))) B))
S (B (z I (x (v28 (x x S)))) (I (K z) (x v12) I (z I (x (v28 (x x S)))))) (x (v25 S (K I) B (S x) (x K x)) (S (I (S I (x (S K z)))) (x (K x)) z (B (B (v23 S))) B))
S (B (z I (x (v28 (x x S)))) (K z (x v12) I (z I (x (v28 (x x S)))))) (x (v25 S (K I) B (S x) (x K x)) (S (I (S I (x (S K z)))) (x (K x)) z (B (B (v23 S))) B))
S (B (z I (x (v28 (x x S)))) (z I (z I (x (v28 (x x S)))))) (x (v25 S (K I) B (S x) (x K x)) (S (I (S I (x (S K z)))) (x (K x)) z (B (B (v23 S))) B))
S (B (z I (x (v28 (x x S)))) (z I (z I (x (v28 (x x S)))))) (x (v25 S (K I) B (S x) (x K x)) (I (S I (x (S K z))) z (x (K x) z) (B (B (v23 S))) B))
S (B (z I (x (v28 (x x S)))) (z I (z I (x (v28 (x x S)))))) (x (v25 S (K I) B (S x) (x K x)) (S I (x (S K z)) z (x (K x) z) (B (B (v23 S))) B))
S (B (z I (x (v28 (x x S)))) (z I (z I (x (v28 (x x S)))))) (x (v25 S (K I) B (S x) (x K x)) (I z (x (S K z) z) (x (K x) z) (B (B (v23 S))) B))
S (B (z I (x (v28 (x x S)))) (z I (z I (x (v28 (x x S)))))) (x (v25 S (K I) B (S x) (x K x)) (z (x (S K z) z) (x (K x) z) (B (B (v23 S))) B))
I S K (z z (S (S v9) S x (I (v8 x (S S K v23 (v9 (v9 I (S I) (I (x (B B))) v18)))))))
S K (z z (S (S v9) S x (I (v8 x (S S K v23 (v9 (v9 I (S I) (I (x (B B))) v18)))))))
S K (z z (S v9 x (S x) (I (v8 x (S S K v23 (v9 (v9 I (S I) (I (x (B B))) v18)))))))
S K (z z (v9 (S x) (x (S x)) (I (v8 x (S S K v23 (v9 (v9 I (S I) (I (x (B B))) v18)))))))
S K (z z (v9 (S x) (x (S x)) (v8 x (S S K v23 (v9 (v9 I (S I) (I (x (B B))) v18))))))
S K (z z (v9 (S x) (x (S x)) (v8 x (S v23 (K v23) (v9 (v9 I (S I) (I (x (B B))) v18))))))
S K (z z (v9 (S x) (x (S x)) (v8 x (v23 (v9 (v9 I (S I) (I (x (B B))) v18)) (K v23 (v9 (v9 I (S I) (I (x (B B))) v18)))))))
S K (z z (v9 (S x) (x (S x)) (v8 x (v23 (v9 (v9 I (S I) (x (B B)) v18)) (K v23 (v9 (v9 I (S I) (I (x (B B))) v18)))))))
S K (z z (v9 (S x) (x (S x)) (v8 x (v23 (v9 (v9 I (S I) (x (B B)) v18)) v23))))
S v27 (x (z S I) x K (z z (I S))) S z
v27 S (x (z S I) x K (z z (I S)) S) z
v27 S (x (z S I) x K (z z S) S) z
S (z (B (B B) I) z v11) K z
z (B (B B) I) z v11 z (K z)
