I (I (x I)) (z (I B (I (z z) x)) v15 (z B K))
I (x I) (z (I B (I (z z) x)) v15 (z B K))
x I (z (I B (I (z z) x)) v15 (z B K))
x I (z (B (I (z z) x)) v15 (z B K))
x I (z (B (z z x)) v15 (z B K))
z S (I x z S) (I K (S (K K)) I) (v24 (K (K v11)) (K (S B) (v8 (v1 B z (z x)) (I I v24 S)))) (x (v24 (K S) (B I (x z (S I I))) (K I (x I (I I) x (x (I v8 K)) (z (I I) (x I) (v2 S)))) (x z x I)))
z S (x z S) (I K (S (K K)) I) (v24 (K (K v11)) (K (S B) (v8 (v1 B z (z x)) (I I v24 S)))) (x (v24 (K S) (B I (x z (S I I))) (K I (x I (I I) x (x (I v8 K)) (z (I I) (x I) (v2 S)))) (x z x I)))
z S (x z S) (K (S (K K)) I) (v24 (K (K v11)) (K (S B) (v8 (v1 B z (z x)) (I I v24 S)))) (x (v24 (K S) (B I (x z (S I I))) (K I (x I (I I) x (x (I v8 K)) (z (I I) (x I) (v2 S)))) (x z x I)))
z S (x z S) (S (K K)) (v24 (K (K v11)) (K (S B) (v8 (v1 B z (z x)) (I I v24 S)))) (x (v24 (K S) (B I (x z (S I I))) (K I (x I (I I) x (x (I v8 K)) (z (I I) (x I) (v2 S)))) (x z x I)))
z S (x z S) (S (K K)) (v24 (K (K v11)) (S B)) (x (v24 (K S) (B I (x z (S I I))) (K I (x I (I I) x (x (I v8 K)) (z (I I) (x I) (v2 S)))) (x z x I)))
z S (x z S) (S (K K)) (v24 (K (K v11)) (S B)) (x (v24 (K S) (B I (x z (S I I))) I (x z x I)))
v8 (K (K S K (K I z B v30 I) (I (K (v14 (K z)) z (I v30) z B) (S (S (B B (x (x v0))))))) (z (x (B (v8 (x z)) S) z)))
v8 (K S K (K I z B v30 I) (I (K (v14 (K z)) z (I v30) z B) (S (S (B B (x (x v0)))))))
v8 (S (K I z B v30 I) (I (K (v14 (K z)) z (I v30) z B) (S (S (B B (x (x v0)))))))
v8 (S (I B v30 I) (I (K (v14 (K z)) z (I v30) z B) (S (S (B B (x (x v0)))))))
v8 (S (B v30 I) (I (K (v14 (K z)) z (I v30) z B) (S (S (B B (x (x v0)))))))
v8 (S (B v30 I) (K (v14 (K z)) z (I v30) z B (S (S (B B (x (x v0)))))))
v8 (S (B v30 I) (v14 (K z) (I v30) z B (S (S (B B (x (x v0)))))))
v8 (S (B v30 I) (v14 (K z) v30 z B (S (S (B B (x (x v0)))))))
v7 (I x)
v7 x
S z (K K (K (B K) (K (K (x (z K) (v0 B)))) I (z B)) (K v11 (I (I z)) z) x x)
S z (K (K v11 (I (I z)) z) x x)
S z (K v11 (I (I z)) z x)
S z (v11 z x)
S B z (v15 z (x S z) (x (K (K x) (z x) (B B I z (B (x v10) (z (x K))))) (S (x (K z v8)) (B I) z (S (x B v8)) z)) x)
B (v15 z (x S z) (x (K (K x) (z x) (B B I z (B (x v10) (z (x K))))) (S (x (K z v8)) (B I) z (S (x B v8)) z)) x) (z (v15 z (x S z) (x (K (K x) (z x) (B B I z (B (x v10) (z (x K))))) (S (x (K z v8)) (B I) z (S (x B v8)) z)) x))
B (v15 z (x S z) (x (K x (B B I z (B (x v10) (z (x K))))) (S (x (K z v8)) (B I) z (S (x B v8)) z)) x) (z (v15 z (x S z) (x (K (K x) (z x) (B B I z (B (x v10) (z (x K))))) (S (x (K z v8)) (B I) z (S (x B v8)) z)) x))
B (v15 z (x S z) (x x (S (x (K z v8)) (B I) z (S (x B v8)) z)) x) (z (v15 z (x S z) (x (K (K x) (z x) (B B I z (B (x v10) (z (x K))))) (S (x (K z v8)) (B I) z (S (x B v8)) z)) x))
B (v15 z (x S z) (x x (x (K z v8) z (B I z) (S (x B v8)) z)) x) (z (v15 z (x S z) (x (K (K x) (z x) (B B I z (B (x v10) (z (x K))))) (S (x (K z v8)) (B I) z (S (x B v8)) z)) x))
B (v15 z (x S z) (x x (x z z (B I z) (S (x B v8)) z)) x) (z (v15 z (x S z) (x (K (K x) (z x) (B B I z (B (x v10) (z (x K))))) (S (x (K z v8)) (B I) z (S (x B v8)) z)) x))
B (v15 z (x S z) (x x (x z z (B I z) (S (x B v8)) z)) x) (z (v15 z (x S z) (x (K x (B B I z (B (x v10) (z (x K))))) (S (x (K z v8)) (B I) z (S (x B v8)) z)) x))
B (v15 z (x S z) (x x (x z z (B I z) (S (x B v8)) z)) x) (z (v15 z (x S z) (x x (S (x (K z v8)) (B I) z (S (x B v8)) z)) x))
B (v15 z (x S z) (x x (x z z (B I z) (S (x B v8)) z)) x) (z (v15 z (x S z) (x x (x (K z v8) z (B I z) (S (x B v8)) z)) x))
B (v15 z (x S z) (x x (x z z (B I z) (S (x B v8)) z)) x) (z (v15 z (x S z) (x x (x z z (B I z) (S (x B v8)) z)) x))
v18 (S (I (S I (z x B)))) (K (v17 v11 B) (K (I z) K) z (K x (S z) x)) v4 (I (I (I (I (x (K S))))))
v18 (S (S I (z x B))) (K (v17 v11 B) (K (I z) K) z (K x (S z) x)) v4 (I (I (I (I (x (K S))))))
v18 (S (S I (z x B))) (v17 v11 B z (K x (S z) x)) v4 (I (I (I (I (x (K S))))))
v18 (S (S I (z x B))) (v17 v11 B z (x x)) v4 (I (I (I (I (x (K S))))))
v18 (S (S I (z x B))) (v17 v11 B z (x x)) v4 (I (I (I (x (K S)))))
v18 (S (S I (z x B))) (v17 v11 B z (x x)) v4 (I (I (x (K S))))
v18 (S (S I (z x B))) (v17 v11 B z (x x)) v4 (I (x (K S)))
v18 (S (S I (z x B))) (v17 v11 B z (x x)) v4 (x (K S))
K (S B (B (S B (I (x x)) v11 S) K K)) K (v23 K (K v4 (S (K S (S S) z) (I v12))) S z)
S B (B (S B (I (x x)) v11 S) K K) (v23 K (K v4 (S (K S (S S) z) (I v12))) S z)
B (v23 K (K v4 (S (K S (S S) z) (I v12))) S z) (B (S B (I (x x)) v11 S) K K (v23 K (K v4 (S (K S (S S) z) (I v12))) S z))
B (v23 K v4 S z) (B (S B (I (x x)) v11 S) K K (v23 K (K v4 (S (K S (S S) z) (I v12))) S z))
B (v23 K v4 S z) (S B (I (x x)) v11 S (K K) (v23 K (K v4 (S (K S (S S) z) (I v12))) S z))
B (v23 K v4 S z) (B v11 (I (x x) v11) S (K K) (v23 K (K v4 (S (K S (S S) z) (I v12))) S z))
B (v23 K v4 S z) (v11 (I (x x) v11 S) (K K) (v23 K (K v4 (S (K S (S S) z) (I v12))) S z))
B (v23 K v4 S z) (v11 (x x v11 S) (K K) (v23 K (K v4 (S (K S (S S) z) (I v12))) S z))
B (v23 K v4 S z) (v11 (x x v11 S) (K K) (v23 K v4 S z))
v11
x
