K x (v26 (K v7)) I B (S (x x (B (I x)))) (x (v2 z (x S v28 K (S x) (S z))) (I (I x (z K) I)) (v8 z x (v11 K I) S))
x I B (S (x x (B (I x)))) (x (v2 z (x S v28 K (S x) (S z))) (I (I x (z K) I)) (v8 z x (v11 K I) S))
x I B (S (x x (B x))) (x (v2 z (x S v28 K (S x) (S z))) (I (I x (z K) I)) (v8 z x (v11 K I) S))
x I B (S (x x (B x))) (x (v2 z (x S v28 K (S x) (S z))) (I x (z K) I) (v8 z x (v11 K I) S))
x I B (S (x x (B x))) (x (v2 z (x S v28 K (S x) (S z))) (x (z K) I) (v8 z x (v11 K I) S))
I (z v17 S (z I (I z)))
z v17 S (z I (I z))
z v17 S (z I z)
v19 z (B (I x (I S) v15 v15) z) (v16 (S v13 x (v1 v25 x v13 (x z)) (S (S v6 (B (v4 z)))) S)) (z (I K) v7 (x (x (z (z B z) z (v7 (K B))))))
v19 z (B (x (I S) v15 v15) z) (v16 (S v13 x (v1 v25 x v13 (x z)) (S (S v6 (B (v4 z)))) S)) (z (I K) v7 (x (x (z (z B z) z (v7 (K B))))))
v19 z (B (x S v15 v15) z) (v16 (S v13 x (v1 v25 x v13 (x z)) (S (S v6 (B (v4 z)))) S)) (z (I K) v7 (x (x (z (z B z) z (v7 (K B))))))
v19 z (B (x S v15 v15) z) (v16 (v13 (v1 v25 x v13 (x z)) (x (v1 v25 x v13 (x z))) (S (S v6 (B (v4 z)))) S)) (z (I K) v7 (x (x (z (z B z) z (v7 (K B))))))
v19 z (B (x S v15 v15) z) (v16 (v13 (v1 v25 x v13 (x z)) (x (v1 v25 x v13 (x z))) (S (S v6 (B (v4 z)))) S)) (z K v7 (x (x (z (z B z) z (v7 (K B))))))
S (B (S (z (K (S B (I (z v6)))))) (z K (x K)))
S (B (S (z (K (S B (z v6))))) (z K (x K)))
S K (S (I v13) (I (I (S I))) (I I S B v23)) (v9 S)
K (v9 S) (S (I v13) (I (I (S I))) (I I S B v23) (v9 S))
v9 S
z x S B I (v7 (S (I (B (B (B S))) (I (I (I (I K))) S))) (S v22 B (I (z S (B I) (S v17) z) K)))
z x S B I (v7 (S (B (B (B S)) (I (I (I (I K))) S))) (S v22 B (I (z S (B I) (S v17) z) K)))
z x S B I (v7 (S (B (B (B S)) (I (I (I K)) S))) (S v22 B (I (z S (B I) (S v17) z) K)))
z x S B I (v7 (S (B (B (B S)) (I (I K) S))) (S v22 B (I (z S (B I) (S v17) z) K)))
z x S B I (v7 (S (B (B (B S)) (I K S))) (S v22 B (I (z S (B I) (S v17) z) K)))
z x S B I (v7 (S (B (B (B S)) (K S))) (S v22 B (I (z S (B I) (S v17) z) K)))
z x S B I (v7 (S (B (B (B S)) (K S))) (v22 (I (z S (B I) (S v17) z) K) (B (I (z S (B I) (S v17) z) K))))
z x S B I (v7 (S (B (B (B S)) (K S))) (v22 (z S (B I) (S v17) z K) (B (I (z S (B I) (S v17) z) K))))
z x S B I (v7 (S (B (B (B S)) (K S))) (v22 (z S (B I) (S v17) z K) (B (z S (B I) (S v17) z K))))
v14 (z (x B) (v9 B (S z) (B S (z S z (B z) (S (S v3) v1) B))))
z (I I (B I v10) S) (S (v19 z (K (x I) K x)) (S z S x (B (z (B I))) (v18 K (x (S v28)) x))) (I (I K) z)
z (I (B I v10) S) (S (v19 z (K (x I) K x)) (S z S x (B (z (B I))) (v18 K (x (S v28)) x))) (I (I K) z)
z (B I v10 S) (S (v19 z (K (x I) K x)) (S z S x (B (z (B I))) (v18 K (x (S v28)) x))) (I (I K) z)
z (I (v10 S)) (S (v19 z (K (x I) K x)) (S z S x (B (z (B I))) (v18 K (x (S v28)) x))) (I (I K) z)
z (v10 S) (S (v19 z (K (x I) K x)) (S z S x (B (z (B I))) (v18 K (x (S v28)) x))) (I (I K) z)
z (v10 S) (S (v19 z (x I x)) (S z S x (B (z (B I))) (v18 K (x (S v28)) x))) (I (I K) z)
z (v10 S) (S (v19 z (x I x)) (z x (S x) (B (z (B I))) (v18 K (x (S v28)) x))) (I (I K) z)
z (v10 S) (S (v19 z (x I x)) (z x (S x) (B (z (B I))) (v18 K (x (S v28)) x))) (I K z)
z (v10 S) (S (v19 z (x I x)) (z x (S x) (B (z (B I))) (v18 K (x (S v28)) x))) (K z)
z B (x (S B) (I I) (x (B (z (v13 K x (K (x (B K)))))))) (S x) (z v20 v17 (S K) (I (v24 (B (I B B z (x S (S B x) x)))))) (S z)
z B (x (S B) I (x (B (z (v13 K x (K (x (B K)))))))) (S x) (z v20 v17 (S K) (I (v24 (B (I B B z (x S (S B x) x)))))) (S z)
z B (x (S B) I (x (B (z (v13 K x (K (x (B K)))))))) (S x) (z v20 v17 (S K) (v24 (B (I B B z (x S (S B x) x))))) (S z)
z B (x (S B) I (x (B (z (v13 K x (K (x (B K)))))))) (S x) (z v20 v17 (S K) (v24 (B (B B z (x S (S B x) x))))) (S z)
z B (x (S B) I (x (B (z (v13 K x (K (x (B K)))))))) (S x) (z v20 v17 (S K) (v24 (B (B (z (x S (S B x) x)))))) (S z)
B B v5 v19 (B S) x (B (x v6 (B I) (K (I (B K)) I)) (I I) (S I (I (K (v30 (I v9)) S (v29 z) (B S))) (K (S (S x))) (S (x S x)))) (x (v24 (S (x K) K)) (v26 (z v27 K)) (S x (K (S K) (B B))) (I (S (z (x S)) I K (K z)) (z z B K v15 (K (x (x B))) B)) (K B))
B (v5 v19) (B S) x (B (x v6 (B I) (K (I (B K)) I)) (I I) (S I (I (K (v30 (I v9)) S (v29 z) (B S))) (K (S (S x))) (S (x S x)))) (x (v24 (S (x K) K)) (v26 (z v27 K)) (S x (K (S K) (B B))) (I (S (z (x S)) I K (K z)) (z z B K v15 (K (x (x B))) B)) (K B))
v5 v19 (B S x) (B (x v6 (B I) (K (I (B K)) I)) (I I) (S I (I (K (v30 (I v9)) S (v29 z) (B S))) (K (S (S x))) (S (x S x)))) (x (v24 (S (x K) K)) (v26 (z v27 K)) (S x (K (S K) (B B))) (I (S (z (x S)) I K (K z)) (z z B K v15 (K (x (x B))) B)) (K B))
v5 v19 (B S x) (x v6 (B I) (K (I (B K)) I) (I I (S I (I (K (v30 (I v9)) S (v29 z) (B S))) (K (S (S x))) (S (x S x))))) (x (v24 (S (x K) K)) (v26 (z v27 K)) (S x (K (S K) (B B))) (I (S (z (x S)) I K (K z)) (z z B K v15 (K (x (x B))) B)) (K B))
v5 v19 (B S x) (x v6 (B I) (I (B K)) (I I (S I (I (K (v30 (I v9)) S (v29 z) (B S))) (K (S (S x))) (S (x S x))))) (x (v24 (S (x K) K)) (v26 (z v27 K)) (S x (K (S K) (B B))) (I (S (z (x S)) I K (K z)) (z z B K v15 (K (x (x B))) B)) (K B))
v5 v19 (B S x) (x v6 (B I) (B K) (I I (S I (I (K (v30 (I v9)) S (v29 z) (B S))) (K (S (S x))) (S (x S x))))) (x (v24 (S (x K) K)) (v26 (z v27 K)) (S x (K (S K) (B B))) (I (S (z (x S)) I K (K z)) (z z B K v15 (K (x (x B))) B)) (K B))
v5 v19 (B S x) (x v6 (B I) (B K) (I (S I (I (K (v30 (I v9)) S (v29 z) (B S))) (K (S (S x))) (S (x S x))))) (x (v24 (S (x K) K)) (v26 (z v27 K)) (S x (K (S K) (B B))) (I (S (z (x S)) I K (K z)) (z z B K v15 (K (x (x B))) B)) (K B))
v5 v19 (B S x) (x v6 (B I) (B K) (S I (I (K (v30 (I v9)) S (v29 z) (B S))) (K (S (S x))) (S (x S x)))) (x (v24 (S (x K) K)) (v26 (z v27 K)) (S x (K (S K) (B B))) (I (S (z (x S)) I K (K z)) (z z B K v15 (K (x (x B))) B)) (K B))
v5 v19 (B S x) (x v6 (B I) (B K) (I (K (S (S x))) (I (K (v30 (I v9)) S (v29 z) (B S)) (K (S (S x)))) (S (x S x)))) (x (v24 (S (x K) K)) (v26 (z v27 K)) (S x (K (S K) (B B))) (I (S (z (x S)) I K (K z)) (z z B K v15 (K (x (x B))) B)) (K B))
v5 v19 (B S x) (x v6 (B I) (B K) (K (S (S x)) (I (K (v30 (I v9)) S (v29 z) (B S)) (K (S (S x)))) (S (x S x)))) (x (v24 (S (x K) K)) (v26 (z v27 K)) (S x (K (S K) (B B))) (I (S (z (x S)) I K (K z)) (z z B K v15 (K (x (x B))) B)) (K B))
v5 v19 (B S x) (x v6 (B I) (B K) (S (S x) (S (x S x)))) (x (v24 (S (x K) K)) (v26 (z v27 K)) (S x (K (S K) (B B))) (I (S (z (x S)) I K (K z)) (z z B K v15 (K (x (x B))) B)) (K B))
v5 v19 (B S x) (x v6 (B I) (B K) (S (S x) (S (x S x)))) (x (v24 (S (x K) K)) (v26 (z v27 K)) (S x (S K)) (I (S (z (x S)) I K (K z)) (z z B K v15 (K (x (x B))) B)) (K B))
v5 v19 (B S x) (x v6 (B I) (B K) (S (S x) (S (x S x)))) (x (v24 (S (x K) K)) (v26 (z v27 K)) (S x (S K)) (S (z (x S)) I K (K z) (z z B K v15 (K (x (x B))) B)) (K B))
v5 v19 (B S x) (x v6 (B I) (B K) (S (S x) (S (x S x)))) (x (v24 (S (x K) K)) (v26 (z v27 K)) (S x (S K)) (z (x S) K (I K) (K z) (z z B K v15 (K (x (x B))) B)) (K B))
v5 v19 (B S x) (x v6 (B I) (B K) (S (S x) (S (x S x)))) (x (v24 (S (x K) K)) (v26 (z v27 K)) (S x (S K)) (z (x S) K K (K z) (z z B K v15 (K (x (x B))) B)) (K B))
