K (I (v28 (I (K I)))) (v11 I (v26 (K (z I)) x) K (x (I (z K) (S K)) (z (z (K v5)) z)))
I (v28 (I (K I)))
v28 (I (K I))
v28 (K I)
B (S (S v27) (B (S (S (z K) (z (I K (x x (I I) I K)))))))
B (S (S v27) (B (S (S (z K) (z (K (x x (I I) I K)))))))
B (S (S v27) (B (S (S (z K) (z (K (x x I I K)))))))
S x S (x B)
x (x B) (S (x B))
B (B (K (S v9)))
K (K (B v28 v14)) B
K (B v28 v14)
v9 (v15 (z (z I (K (x (B K)) v22) (z S)) I)) (S S (B S v30 (x (S x S))) (x K z x) (x z (K (K (x v8) (S (I K (z S (z z)))))) (B (S K)) x))
v9 (v15 (z (z I (x (B K)) (z S)) I)) (S S (B S v30 (x (S x S))) (x K z x) (x z (K (K (x v8) (S (I K (z S (z z)))))) (B (S K)) x))
v9 (v15 (z (z I (x (B K)) (z S)) I)) (S (x K z x) (B S v30 (x (S x S)) (x K z x)) (x z (K (K (x v8) (S (I K (z S (z z)))))) (B (S K)) x))
v9 (v15 (z (z I (x (B K)) (z S)) I)) (x K z x (x z (K (K (x v8) (S (I K (z S (z z)))))) (B (S K)) x) (B S v30 (x (S x S)) (x K z x) (x z (K (K (x v8) (S (I K (z S (z z)))))) (B (S K)) x)))
v9 (v15 (z (z I (x (B K)) (z S)) I)) (x K z x (x z (K (x v8)) (B (S K)) x) (B S v30 (x (S x S)) (x K z x) (x z (K (K (x v8) (S (I K (z S (z z)))))) (B (S K)) x)))
v9 (v15 (z (z I (x (B K)) (z S)) I)) (x K z x (x z (K (x v8)) (B (S K)) x) (S (v30 (x (S x S))) (x K z x) (x z (K (K (x v8) (S (I K (z S (z z)))))) (B (S K)) x)))
v9 (v15 (z (z I (x (B K)) (z S)) I)) (x K z x (x z (K (x v8)) (B (S K)) x) (v30 (x (S x S)) (x z (K (K (x v8) (S (I K (z S (z z)))))) (B (S K)) x) (x K z x (x z (K (K (x v8) (S (I K (z S (z z)))))) (B (S K)) x))))
v9 (v15 (z (z I (x (B K)) (z S)) I)) (x K z x (x z (K (x v8)) (B (S K)) x) (v30 (x (S x S)) (x z (K (x v8)) (B (S K)) x) (x K z x (x z (K (K (x v8) (S (I K (z S (z z)))))) (B (S K)) x))))
v9 (v15 (z (z I (x (B K)) (z S)) I)) (x K z x (x z (K (x v8)) (B (S K)) x) (v30 (x (S x S)) (x z (K (x v8)) (B (S K)) x) (x K z x (x z (K (x v8)) (B (S K)) x))))
x
K
B (z (S B (B x (S (I I))))) (x (z x x (S v25 x (K (v11 v21)) I) I (S (S x x (K B (S K) x B K)) K (B B))) (I (z I) I (B z v9 (I (I (v19 v30 S S) (I S v17 (v20 B))) v15 (I (K x) (I K)) (v5 K (K x))) S))) (z (B B) v20 (v8 x (v14 (I (x z) (K S S)) (v29 (v25 (I I (I (z (x K)))))))) (K (K I v22)))
z (S B (B x (S (I I)))) (x (z x x (S v25 x (K (v11 v21)) I) I (S (S x x (K B (S K) x B K)) K (B B))) (I (z I) I (B z v9 (I (I (v19 v30 S S) (I S v17 (v20 B))) v15 (I (K x) (I K)) (v5 K (K x))) S)) (z (B B) v20 (v8 x (v14 (I (x z) (K S S)) (v29 (v25 (I I (I (z (x K)))))))) (K (K I v22))))
z (S B (B x (S I))) (x (z x x (S v25 x (K (v11 v21)) I) I (S (S x x (K B (S K) x B K)) K (B B))) (I (z I) I (B z v9 (I (I (v19 v30 S S) (I S v17 (v20 B))) v15 (I (K x) (I K)) (v5 K (K x))) S)) (z (B B) v20 (v8 x (v14 (I (x z) (K S S)) (v29 (v25 (I I (I (z (x K)))))))) (K (K I v22))))
z (S B (B x (S I))) (x (z x x (v25 (K (v11 v21)) (x (K (v11 v21))) I) I (S (S x x (K B (S K) x B K)) K (B B))) (I (z I) I (B z v9 (I (I (v19 v30 S S) (I S v17 (v20 B))) v15 (I (K x) (I K)) (v5 K (K x))) S)) (z (B B) v20 (v8 x (v14 (I (x z) (K S S)) (v29 (v25 (I I (I (z (x K)))))))) (K (K I v22))))
z (S B (B x (S I))) (x (z x x (v25 (K (v11 v21)) (x (K (v11 v21))) I) I (S x x (K B (S K) x B K) (B B) (K (B B)))) (I (z I) I (B z v9 (I (I (v19 v30 S S) (I S v17 (v20 B))) v15 (I (K x) (I K)) (v5 K (K x))) S)) (z (B B) v20 (v8 x (v14 (I (x z) (K S S)) (v29 (v25 (I I (I (z (x K)))))))) (K (K I v22))))
z (S B (B x (S I))) (x (z x x (v25 (K (v11 v21)) (x (K (v11 v21))) I) I (x (K B (S K) x B K) (x (K B (S K) x B K)) (B B) (K (B B)))) (I (z I) I (B z v9 (I (I (v19 v30 S S) (I S v17 (v20 B))) v15 (I (K x) (I K)) (v5 K (K x))) S)) (z (B B) v20 (v8 x (v14 (I (x z) (K S S)) (v29 (v25 (I I (I (z (x K)))))))) (K (K I v22))))
z (S B (B x (S I))) (x (z x x (v25 (K (v11 v21)) (x (K (v11 v21))) I) I (x (B x B K) (x (K B (S K) x B K)) (B B) (K (B B)))) (I (z I) I (B z v9 (I (I (v19 v30 S S) (I S v17 (v20 B))) v15 (I (K x) (I K)) (v5 K (K x))) S)) (z (B B) v20 (v8 x (v14 (I (x z) (K S S)) (v29 (v25 (I I (I (z (x K)))))))) (K (K I v22))))
z (S B (B x (S I))) (x (z x x (v25 (K (v11 v21)) (x (K (v11 v21))) I) I (x (x (B K)) (x (K B (S K) x B K)) (B B) (K (B B)))) (I (z I) I (B z v9 (I (I (v19 v30 S S) (I S v17 (v20 B))) v15 (I (K x) (I K)) (v5 K (K x))) S)) (z (B B) v20 (v8 x (v14 (I (x z) (K S S)) (v29 (v25 (I I (I (z (x K)))))))) (K (K I v22))))
z (S B (B x (S I))) (x (z x x (v25 (K (v11 v21)) (x (K (v11 v21))) I) I (x (x (B K)) (x (B x B K)) (B B) (K (B B)))) (I (z I) I (B z v9 (I (I (v19 v30 S S) (I S v17 (v20 B))) v15 (I (K x) (I K)) (v5 K (K x))) S)) (z (B B) v20 (v8 x (v14 (I (x z) (K S S)) (v29 (v25 (I I (I (z (x K)))))))) (K (K I v22))))
z (S B (B x (S I))) (x (z x x (v25 (K (v11 v21)) (x (K (v11 v21))) I) I (x (x (B K)) (x (x (B K))) (B B) (K (B B)))) (I (z I) I (B z v9 (I (I (v19 v30 S S) (I S v17 (v20 B))) v15 (I (K x) (I K)) (v5 K (K x))) S)) (z (B B) v20 (v8 x (v14 (I (x z) (K S S)) (v29 (v25 (I I (I (z (x K)))))))) (K (K I v22))))
z (S B (B x (S I))) (x (z x x (v25 (K (v11 v21)) (x (K (v11 v21))) I) I (x (x (B K)) (x (x (B K))) (B B) (K (B B)))) (z I I (B z v9 (I (I (v19 v30 S S) (I S v17 (v20 B))) v15 (I (K x) (I K)) (v5 K (K x))) S)) (z (B B) v20 (v8 x (v14 (I (x z) (K S S)) (v29 (v25 (I I (I (z (x K)))))))) (K (K I v22))))
z (S B (B x (S I))) (x (z x x (v25 (K (v11 v21)) (x (K (v11 v21))) I) I (x (x (B K)) (x (x (B K))) (B B) (K (B B)))) (z I I (z (v9 (I (I (v19 v30 S S) (I S v17 (v20 B))) v15 (I (K x) (I K)) (v5 K (K x)))) S)) (z (B B) v20 (v8 x (v14 (I (x z) (K S S)) (v29 (v25 (I I (I (z (x K)))))))) (K (K I v22))))
z (S B (B x (S I))) (x (z x x (v25 (K (v11 v21)) (x (K (v11 v21))) I) I (x (x (B K)) (x (x (B K))) (B B) (K (B B)))) (z I I (z (v9 (I (v19 v30 S S) (I S v17 (v20 B)) v15 (I (K x) (I K)) (v5 K (K x)))) S)) (z (B B) v20 (v8 x (v14 (I (x z) (K S S)) (v29 (v25 (I I (I (z (x K)))))))) (K (K I v22))))
z (S B (B x (S I))) (x (z x x (v25 (K (v11 v21)) (x (K (v11 v21))) I) I (x (x (B K)) (x (x (B K))) (B B) (K (B B)))) (z I I (z (v9 (v19 v30 S S (I S v17 (v20 B)) v15 (I (K x) (I K)) (v5 K (K x)))) S)) (z (B B) v20 (v8 x (v14 (I (x z) (K S S)) (v29 (v25 (I I (I (z (x K)))))))) (K (K I v22))))
z (S B (B x (S I))) (x (z x x (v25 (K (v11 v21)) (x (K (v11 v21))) I) I (x (x (B K)) (x (x (B K))) (B B) (K (B B)))) (z I I (z (v9 (v19 v30 S S (S v17 (v20 B)) v15 (I (K x) (I K)) (v5 K (K x)))) S)) (z (B B) v20 (v8 x (v14 (I (x z) (K S S)) (v29 (v25 (I I (I (z (x K)))))))) (K (K I v22))))
z (S B (B x (S I))) (x (z x x (v25 (K (v11 v21)) (x (K (v11 v21))) I) I (x (x (B K)) (x (x (B K))) (B B) (K (B B)))) (z I I (z (v9 (v19 v30 S S (S v17 (v20 B)) v15 (K x (I K)) (v5 K (K x)))) S)) (z (B B) v20 (v8 x (v14 (I (x z) (K S S)) (v29 (v25 (I I (I (z (x K)))))))) (K (K I v22))))
z (S B (B x (S I))) (x (z x x (v25 (K (v11 v21)) (x (K (v11 v21))) I) I (x (x (B K)) (x (x (B K))) (B B) (K (B B)))) (z I I (z (v9 (v19 v30 S S (S v17 (v20 B)) v15 x (v5 K (K x)))) S)) (z (B B) v20 (v8 x (v14 (I (x z) (K S S)) (v29 (v25 (I I (I (z (x K)))))))) (K (K I v22))))
z (S B (B x (S I))) (x (z x x (v25 (K (v11 v21)) (x (K (v11 v21))) I) I (x (x (B K)) (x (x (B K))) (B B) (K (B B)))) (z I I (z (v9 (v19 v30 S S (S v17 (v20 B)) v15 x (v5 K (K x)))) S)) (z (B B) v20 (v8 x (v14 (x z (K S S)) (v29 (v25 (I I (I (z (x K)))))))) (K (K I v22))))
z (S B (B x (S I))) (x (z x x (v25 (K (v11 v21)) (x (K (v11 v21))) I) I (x (x (B K)) (x (x (B K))) (B B) (K (B B)))) (z I I (z (v9 (v19 v30 S S (S v17 (v20 B)) v15 x (v5 K (K x)))) S)) (z (B B) v20 (v8 x (v14 (x z S) (v29 (v25 (I I (I (z (x K)))))))) (K (K I v22))))
z (S B (B x (S I))) (x (z x x (v25 (K (v11 v21)) (x (K (v11 v21))) I) I (x (x (B K)) (x (x (B K))) (B B) (K (B B)))) (z I I (z (v9 (v19 v30 S S (S v17 (v20 B)) v15 x (v5 K (K x)))) S)) (z (B B) v20 (v8 x (v14 (x z S) (v29 (v25 (I (I (z (x K)))))))) (K (K I v22))))
z (S B (B x (S I))) (x (z x x (v25 (K (v11 v21)) (x (K (v11 v21))) I) I (x (x (B K)) (x (x (B K))) (B B) (K (B B)))) (z I I (z (v9 (v19 v30 S S (S v17 (v20 B)) v15 x (v5 K (K x)))) S)) (z (B B) v20 (v8 x (v14 (x z S) (v29 (v25 (I (z (x K))))))) (K (K I v22))))
z (S B (B x (S I))) (x (z x x (v25 (K (v11 v21)) (x (K (v11 v21))) I) I (x (x (B K)) (x (x (B K))) (B B) (K (B B)))) (z I I (z (v9 (v19 v30 S S (S v17 (v20 B)) v15 x (v5 K (K x)))) S)) (z (B B) v20 (v8 x (v14 (x z S) (v29 (v25 (z (x K)))))) (K (K I v22))))
z (S B (B x (S I))) (x (z x x (v25 (K (v11 v21)) (x (K (v11 v21))) I) I (x (x (B K)) (x (x (B K))) (B B) (K (B B)))) (z I I (z (v9 (v19 v30 S S (S v17 (v20 B)) v15 x (v5 K (K x)))) S)) (z (B B) v20 (v8 x (v14 (x z S) (v29 (v25 (z (x K)))))) (K I)))
x (z (v9 (v24 x S))) x I v2
