S K K (x (v12 z (v3 z))) (z (z K x K) (B z v27 (B (B x))) (B (v7 z) v10 K S (z S (v30 (v13 I) S v17)))) (K v13)
K (x (v12 z (v3 z))) (K (x (v12 z (v3 z)))) (z (z K x K) (B z v27 (B (B x))) (B (v7 z) v10 K S (z S (v30 (v13 I) S v17)))) (K v13)
x (v12 z (v3 z)) (z (z K x K) (B z v27 (B (B x))) (B (v7 z) v10 K S (z S (v30 (v13 I) S v17)))) (K v13)
x (v12 z (v3 z)) (z (z K x K) (z (v27 (B (B x)))) (B (v7 z) v10 K S (z S (v30 (v13 I) S v17)))) (K v13)
x (v12 z (v3 z)) (z (z K x K) (z (v27 (B (B x)))) (v7 z (v10 K) S (z S (v30 (v13 I) S v17)))) (K v13)
K
z x I K (S (x (z S))) I
B (z B) (x (z B x x) v26)
z (S I (z (I B)) x (x (B (K I (x I)) (v18 v28 v15))))
z (I x (z (I B) x) (x (B (K I (x I)) (v18 v28 v15))))
z (x (z (I B) x) (x (B (K I (x I)) (v18 v28 v15))))
z (x (z B x) (x (B (K I (x I)) (v18 v28 v15))))
z (x (z B x) (x (B I (v18 v28 v15))))
x (B B (v29 v11) (x I (x (z (z B)))) (v23 (B (v15 (z B) (S B))) I x) (K B))
x (B (v29 v11 (x I (x (z (z B))))) (v23 (B (v15 (z B) (S B))) I x) (K B))
x (v29 v11 (x I (x (z (z B)))) (v23 (B (v15 (z B) (S B))) I x (K B)))
I
v25 (v14 z (S (x v8)) (x (I (I S) I) (I x z B) (K x) (K (x (v10 S)))) (I S (B I) z v22)) (z (x I)) (z (K (v21 (I I))) (v18 I))
v25 (v14 z (S (x v8)) (x (I S I) (I x z B) (K x) (K (x (v10 S)))) (I S (B I) z v22)) (z (x I)) (z (K (v21 (I I))) (v18 I))
v25 (v14 z (S (x v8)) (x (S I) (I x z B) (K x) (K (x (v10 S)))) (I S (B I) z v22)) (z (x I)) (z (K (v21 (I I))) (v18 I))
v25 (v14 z (S (x v8)) (x (S I) (x z B) (K x) (K (x (v10 S)))) (I S (B I) z v22)) (z (x I)) (z (K (v21 (I I))) (v18 I))
v25 (v14 z (S (x v8)) (x (S I) (x z B) (K x) (K (x (v10 S)))) (S (B I) z v22)) (z (x I)) (z (K (v21 (I I))) (v18 I))
v25 (v14 z (S (x v8)) (x (S I) (x z B) (K x) (K (x (v10 S)))) (B I v22 (z v22))) (z (x I)) (z (K (v21 (I I))) (v18 I))
v25 (v14 z (S (x v8)) (x (S I) (x z B) (K x) (K (x (v10 S)))) (I (v22 (z v22)))) (z (x I)) (z (K (v21 (I I))) (v18 I))
v25 (v14 z (S (x v8)) (x (S I) (x z B) (K x) (K (x (v10 S)))) (v22 (z v22))) (z (x I)) (z (K (v21 (I I))) (v18 I))
v25 (v14 z (S (x v8)) (x (S I) (x z B) (K x) (K (x (v10 S)))) (v22 (z v22))) (z (x I)) (z (K (v21 I)) (v18 I))
S
v30 S x (x (B (I S (K (x (v14 x))) B K (K (z (B (v6 (S K) (S S) x) v14 (I v27))) I))))
v30 S x (x (B (S (K (x (v14 x))) B K (K (z (B (v6 (S K) (S S) x) v14 (I v27))) I))))
v30 S x (x (B (K (x (v14 x)) K (B K) (K (z (B (v6 (S K) (S S) x) v14 (I v27))) I))))
v30 S x (x (B (x (v14 x) (B K) (K (z (B (v6 (S K) (S S) x) v14 (I v27))) I))))
v30 S x (x (B (x (v14 x) (B K) (z (B (v6 (S K) (S S) x) v14 (I v27))))))
v30 S x (x (B (x (v14 x) (B K) (z (v6 (S K) (S S) x (v14 (I v27)))))))
v30 S x (x (B (x (v14 x) (B K) (z (v6 (S K) (S S) x (v14 v27))))))
