K (S (S (x x)) S) B (S B x x) (K K B (z (K K) (I I) K) I (v4 (B v17 (K z B) z)))
S (S (x x)) S (S B x x) (K K B (z (K K) (I I) K) I (v4 (B v17 (K z B) z)))
S (x x) (S B x x) (S (S B x x)) (K K B (z (K K) (I I) K) I (v4 (B v17 (K z B) z)))
x x (S (S B x x)) (S B x x (S (S B x x))) (K K B (z (K K) (I I) K) I (v4 (B v17 (K z B) z)))
x x (S (B x (x x))) (S B x x (S (S B x x))) (K K B (z (K K) (I I) K) I (v4 (B v17 (K z B) z)))
x x (S (B x (x x))) (B x (x x) (S (S B x x))) (K K B (z (K K) (I I) K) I (v4 (B v17 (K z B) z)))
x x (S (B x (x x))) (x (x x (S (S B x x)))) (K K B (z (K K) (I I) K) I (v4 (B v17 (K z B) z)))
x x (S (B x (x x))) (x (x x (S (B x (x x))))) (K K B (z (K K) (I I) K) I (v4 (B v17 (K z B) z)))
x x (S (B x (x x))) (x (x x (S (B x (x x))))) (K (z (K K) (I I) K) I (v4 (B v17 (K z B) z)))
x x (S (B x (x x))) (x (x x (S (B x (x x))))) (z (K K) (I I) K (v4 (B v17 (K z B) z)))
x x (S (B x (x x))) (x (x x (S (B x (x x))))) (z (K K) I K (v4 (B v17 (K z B) z)))
x x (S (B x (x x))) (x (x x (S (B x (x x))))) (z (K K) I K (v4 (v17 (K z B z))))
x x (S (B x (x x))) (x (x x (S (B x (x x))))) (z (K K) I K (v4 (v17 (z z))))
v16
v14 (K B) (z (S x (v11 z v15 x)) (v1 (B (I I) S))) I
v14 (K B) (z (S x (v11 z v15 x)) (v1 (B I S))) I
S (B (x (x x x)) K (v12 (x I) (x B x (x x B (x K) v13 (B z))))) (I (z x I) K) (x (I S (v24 (x B K) z I) I) (x (B B (B (x I)) B B))) B (K K (x (x S I B I z K S)) (B (z (z K (K v11) I) (I (K (x (S (I I)))) x) (z I)) (B (I S (z (I (K z))) v10))))
B (x (x x x)) K (v12 (x I) (x B x (x x B (x K) v13 (B z)))) (x (I S (v24 (x B K) z I) I) (x (B B (B (x I)) B B))) (I (z x I) K (x (I S (v24 (x B K) z I) I) (x (B B (B (x I)) B B)))) B (K K (x (x S I B I z K S)) (B (z (z K (K v11) I) (I (K (x (S (I I)))) x) (z I)) (B (I S (z (I (K z))) v10))))
x (x x x) (K (v12 (x I) (x B x (x x B (x K) v13 (B z))))) (x (I S (v24 (x B K) z I) I) (x (B B (B (x I)) B B))) (I (z x I) K (x (I S (v24 (x B K) z I) I) (x (B B (B (x I)) B B)))) B (K K (x (x S I B I z K S)) (B (z (z K (K v11) I) (I (K (x (S (I I)))) x) (z I)) (B (I S (z (I (K z))) v10))))
x (x x x) (K (v12 (x I) (x B x (x x B (x K) v13 (B z))))) (x (S (v24 (x B K) z I) I) (x (B B (B (x I)) B B))) (I (z x I) K (x (I S (v24 (x B K) z I) I) (x (B B (B (x I)) B B)))) B (K K (x (x S I B I z K S)) (B (z (z K (K v11) I) (I (K (x (S (I I)))) x) (z I)) (B (I S (z (I (K z))) v10))))
x (x x x) (K (v12 (x I) (x B x (x x B (x K) v13 (B z))))) (x (S (v24 (x B K) z I) I) (x (B (B (x I) B) B))) (I (z x I) K (x (I S (v24 (x B K) z I) I) (x (B B (B (x I)) B B)))) B (K K (x (x S I B I z K S)) (B (z (z K (K v11) I) (I (K (x (S (I I)))) x) (z I)) (B (I S (z (I (K z))) v10))))
x (x x x) (K (v12 (x I) (x B x (x x B (x K) v13 (B z))))) (x (S (v24 (x B K) z I) I) (x (B (B (x I) B) B))) (z x I K (x (I S (v24 (x B K) z I) I) (x (B B (B (x I)) B B)))) B (K K (x (x S I B I z K S)) (B (z (z K (K v11) I) (I (K (x (S (I I)))) x) (z I)) (B (I S (z (I (K z))) v10))))
x (x x x) (K (v12 (x I) (x B x (x x B (x K) v13 (B z))))) (x (S (v24 (x B K) z I) I) (x (B (B (x I) B) B))) (z x I K (x (S (v24 (x B K) z I) I) (x (B B (B (x I)) B B)))) B (K K (x (x S I B I z K S)) (B (z (z K (K v11) I) (I (K (x (S (I I)))) x) (z I)) (B (I S (z (I (K z))) v10))))
x (x x x) (K (v12 (x I) (x B x (x x B (x K) v13 (B z))))) (x (S (v24 (x B K) z I) I) (x (B (B (x I) B) B))) (z x I K (x (S (v24 (x B K) z I) I) (x (B (B (x I) B) B)))) B (K K (x (x S I B I z K S)) (B (z (z K (K v11) I) (I (K (x (S (I I)))) x) (z I)) (B (I S (z (I (K z))) v10))))
x (x x x) (K (v12 (x I) (x B x (x x B (x K) v13 (B z))))) (x (S (v24 (x B K) z I) I) (x (B (B (x I) B) B))) (z x I K (x (S (v24 (x B K) z I) I) (x (B (B (x I) B) B)))) B (K (B (z (z K (K v11) I) (I (K (x (S (I I)))) x) (z I)) (B (I S (z (I (K z))) v10))))
x (x x x) (K (v12 (x I) (x B x (x x B (x K) v13 (B z))))) (x (S (v24 (x B K) z I) I) (x (B (B (x I) B) B))) (z x I K (x (S (v24 (x B K) z I) I) (x (B (B (x I) B) B)))) B (K (B (z (z K (K v11) I) (K (x (S (I I))) x) (z I)) (B (I S (z (I (K z))) v10))))
x (x x x) (K (v12 (x I) (x B x (x x B (x K) v13 (B z))))) (x (S (v24 (x B K) z I) I) (x (B (B (x I) B) B))) (z x I K (x (S (v24 (x B K) z I) I) (x (B (B (x I) B) B)))) B (K (B (z (z K (K v11) I) (x (S (I I))) (z I)) (B (I S (z (I (K z))) v10))))
x (x x x) (K (v12 (x I) (x B x (x x B (x K) v13 (B z))))) (x (S (v24 (x B K) z I) I) (x (B (B (x I) B) B))) (z x I K (x (S (v24 (x B K) z I) I) (x (B (B (x I) B) B)))) B (K (B (z (z K (K v11) I) (x (S I)) (z I)) (B (I S (z (I (K z))) v10))))
x (x x x) (K (v12 (x I) (x B x (x x B (x K) v13 (B z))))) (x (S (v24 (x B K) z I) I) (x (B (B (x I) B) B))) (z x I K (x (S (v24 (x B K) z I) I) (x (B (B (x I) B) B)))) B (K (B (z (z K (K v11) I) (x (S I)) (z I)) (B (S (z (I (K z))) v10))))
x (x x x) (K (v12 (x I) (x B x (x x B (x K) v13 (B z))))) (x (S (v24 (x B K) z I) I) (x (B (B (x I) B) B))) (z x I K (x (S (v24 (x B K) z I) I) (x (B (B (x I) B) B)))) B (K (B (z (z K (K v11) I) (x (S I)) (z I)) (B (S (z (K z)) v10))))
K (I z (z (I B (B v6 S)))) (S (B I B I K))
I z (z (I B (B v6 S)))
z (z (I B (B v6 S)))
z (z (B (B v6 S)))
S (S x z) (x B) (S (I S) v1) (z (S I x) (I (S I I) S) S)
S x z (S (I S) v1) (x B (S (I S) v1)) (z (S I x) (I (S I I) S) S)
x (S (I S) v1) (z (S (I S) v1)) (x B (S (I S) v1)) (z (S I x) (I (S I I) S) S)
x (S S v1) (z (S (I S) v1)) (x B (S (I S) v1)) (z (S I x) (I (S I I) S) S)
x (S S v1) (z (S S v1)) (x B (S (I S) v1)) (z (S I x) (I (S I I) S) S)
x (S S v1) (z (S S v1)) (x B (S S v1)) (z (S I x) (I (S I I) S) S)
x (S S v1) (z (S S v1)) (x B (S S v1)) (z (S I x) (S I I S) S)
x (S S v1) (z (S S v1)) (x B (S S v1)) (z (S I x) (I S (I S)) S)
x (S S v1) (z (S S v1)) (x B (S S v1)) (z (S I x) (S (I S)) S)
x (S S v1) (z (S S v1)) (x B (S S v1)) (z (S I x) (S S) S)
z (v18 B (S (K (S (B z x (I B)))))) (v9 K) (B (z (B (z (x z)))) (I B (v8 x)) B (K (S z K)) (K S) z) (K (v5 (I (z (B (S z))) v7 v11)) x)
z (v18 B (S (K (S (z (x (I B))))))) (v9 K) (B (z (B (z (x z)))) (I B (v8 x)) B (K (S z K)) (K S) z) (K (v5 (I (z (B (S z))) v7 v11)) x)
z (v18 B (S (K (S (z (x B)))))) (v9 K) (B (z (B (z (x z)))) (I B (v8 x)) B (K (S z K)) (K S) z) (K (v5 (I (z (B (S z))) v7 v11)) x)
z (v18 B (S (K (S (z (x B)))))) (v9 K) (z (B (z (x z))) (I B (v8 x) B) (K (S z K)) (K S) z) (K (v5 (I (z (B (S z))) v7 v11)) x)
z (v18 B (S (K (S (z (x B)))))) (v9 K) (z (B (z (x z))) (B (v8 x) B) (K (S z K)) (K S) z) (K (v5 (I (z (B (S z))) v7 v11)) x)
z (v18 B (S (K (S (z (x B)))))) (v9 K) (z (B (z (x z))) (B (v8 x) B) (K (S z K)) (K S) z) (v5 (I (z (B (S z))) v7 v11))
z (v18 B (S (K (S (z (x B)))))) (v9 K) (z (B (z (x z))) (B (v8 x) B) (K (S z K)) (K S) z) (v5 (z (B (S z)) v7 v11))
S z x K
z K (x K)
K v29 (v9 (S S (K (S (B (v7 z z)) x)) (I (K (v20 v13)) S z))) (x z B S (K K (v21 S)) (B (z K)))
v29 (x z B S (K K (v21 S)) (B (z K)))
v29 (x z B S K (B (z K)))
I (x x) (x z) (S z x (x (I z z (x (x S v17 (I K)) (z v20)))))
x x (x z) (S z x (x (I z z (x (x S v17 (I K)) (z v20)))))
x x (x z) (z (x (I z z (x (x S v17 (I K)) (z v20)))) (x (x (I z z (x (x S v17 (I K)) (z v20))))))
x x (x z) (z (x (z z (x (x S v17 (I K)) (z v20)))) (x (x (I z z (x (x S v17 (I K)) (z v20))))))
x x (x z) (z (x (z z (x (x S v17 K) (z v20)))) (x (x (I z z (x (x S v17 (I K)) (z v20))))))
x x (x z) (z (x (z z (x (x S v17 K) (z v20)))) (x (x (z z (x (x S v17 (I K)) (z v20))))))
x x (x z) (z (x (z z (x (x S v17 K) (z v20)))) (x (x (z z (x (x S v17 K) (z v20))))))
