v30 (K I (S (z B z B)) (B v7))
v30 (I (B v7))
v30 (B v7)
x I
x x (I I) (v17 v8 S) z
x x I (v17 v8 S) z
v17 (K (K I) (x v8 x) (v20 z I) z (v19 I S) (v0 K) v10)
v17 (K I (v20 z I) z (v19 I S) (v0 K) v10)
v17 (I z (v19 I S) (v0 K) v10)
v17 (z (v19 I S) (v0 K) v10)
z (x (v2 S I K (S (z B)) z S) (I x) (K B) I)
z (x (v2 S I K (S (z B)) z S) x (K B) I)
S I z (I (B (v15 (x B) x)) (I (I x) (B (x K))) (x B)) (I x (S (x (z v15)) (S S (B I)) x) (I (I v4 (z (B v20)) (I B))) z (K (B (K x (z (I (S x x I) (v11 (S (z K)))))))) I)
I (I (B (v15 (x B) x)) (I (I x) (B (x K))) (x B)) (z (I (B (v15 (x B) x)) (I (I x) (B (x K))) (x B))) (I x (S (x (z v15)) (S S (B I)) x) (I (I v4 (z (B v20)) (I B))) z (K (B (K x (z (I (S x x I) (v11 (S (z K)))))))) I)
I (B (v15 (x B) x)) (I (I x) (B (x K))) (x B) (z (I (B (v15 (x B) x)) (I (I x) (B (x K))) (x B))) (I x (S (x (z v15)) (S S (B I)) x) (I (I v4 (z (B v20)) (I B))) z (K (B (K x (z (I (S x x I) (v11 (S (z K)))))))) I)
B (v15 (x B) x) (I (I x) (B (x K))) (x B) (z (I (B (v15 (x B) x)) (I (I x) (B (x K))) (x B))) (I x (S (x (z v15)) (S S (B I)) x) (I (I v4 (z (B v20)) (I B))) z (K (B (K x (z (I (S x x I) (v11 (S (z K)))))))) I)
v15 (x B) x (I (I x) (B (x K)) (x B)) (z (I (B (v15 (x B) x)) (I (I x) (B (x K))) (x B))) (I x (S (x (z v15)) (S S (B I)) x) (I (I v4 (z (B v20)) (I B))) z (K (B (K x (z (I (S x x I) (v11 (S (z K)))))))) I)
v15 (x B) x (I x (B (x K)) (x B)) (z (I (B (v15 (x B) x)) (I (I x) (B (x K))) (x B))) (I x (S (x (z v15)) (S S (B I)) x) (I (I v4 (z (B v20)) (I B))) z (K (B (K x (z (I (S x x I) (v11 (S (z K)))))))) I)
v15 (x B) x (x (B (x K)) (x B)) (z (I (B (v15 (x B) x)) (I (I x) (B (x K))) (x B))) (I x (S (x (z v15)) (S S (B I)) x) (I (I v4 (z (B v20)) (I B))) z (K (B (K x (z (I (S x x I) (v11 (S (z K)))))))) I)
v15 (x B) x (x (B (x K)) (x B)) (z (B (v15 (x B) x) (I (I x) (B (x K))) (x B))) (I x (S (x (z v15)) (S S (B I)) x) (I (I v4 (z (B v20)) (I B))) z (K (B (K x (z (I (S x x I) (v11 (S (z K)))))))) I)
v15 (x B) x (x (B (x K)) (x B)) (z (v15 (x B) x (I (I x) (B (x K)) (x B)))) (I x (S (x (z v15)) (S S (B I)) x) (I (I v4 (z (B v20)) (I B))) z (K (B (K x (z (I (S x x I) (v11 (S (z K)))))))) I)
v15 (x B) x (x (B (x K)) (x B)) (z (v15 (x B) x (I x (B (x K)) (x B)))) (I x (S (x (z v15)) (S S (B I)) x) (I (I v4 (z (B v20)) (I B))) z (K (B (K x (z (I (S x x I) (v11 (S (z K)))))))) I)
v15 (x B) x (x (B (x K)) (x B)) (z (v15 (x B) x (x (B (x K)) (x B)))) (I x (S (x (z v15)) (S S (B I)) x) (I (I v4 (z (B v20)) (I B))) z (K (B (K x (z (I (S x x I) (v11 (S (z K)))))))) I)
v15 (x B) x (x (B (x K)) (x B)) (z (v15 (x B) x (x (B (x K)) (x B)))) (x (S (x (z v15)) (S S (B I)) x) (I (I v4 (z (B v20)) (I B))) z (K (B (K x (z (I (S x x I) (v11 (S (z K)))))))) I)
v15 (x B) x (x (B (x K)) (x B)) (z (v15 (x B) x (x (B (x K)) (x B)))) (x (x (z v15) x (S S (B I) x)) (I (I v4 (z (B v20)) (I B))) z (K (B (K x (z (I (S x x I) (v11 (S (z K)))))))) I)
v15 (x B) x (x (B (x K)) (x B)) (z (v15 (x B) x (x (B (x K)) (x B)))) (x (x (z v15) x (S x (B I x))) (I (I v4 (z (B v20)) (I B))) z (K (B (K x (z (I (S x x I) (v11 (S (z K)))))))) I)
v15 (x B) x (x (B (x K)) (x B)) (z (v15 (x B) x (x (B (x K)) (x B)))) (x (x (z v15) x (S x (B I x))) (I v4 (z (B v20)) (I B)) z (K (B (K x (z (I (S x x I) (v11 (S (z K)))))))) I)
v15 (x B) x (x (B (x K)) (x B)) (z (v15 (x B) x (x (B (x K)) (x B)))) (x (x (z v15) x (S x (B I x))) (v4 (z (B v20)) (I B)) z (K (B (K x (z (I (S x x I) (v11 (S (z K)))))))) I)
v15 (x B) x (x (B (x K)) (x B)) (z (v15 (x B) x (x (B (x K)) (x B)))) (x (x (z v15) x (S x (B I x))) (v4 (z (B v20)) B) z (K (B (K x (z (I (S x x I) (v11 (S (z K)))))))) I)
v15 (x B) x (x (B (x K)) (x B)) (z (v15 (x B) x (x (B (x K)) (x B)))) (x (x (z v15) x (S x (B I x))) (v4 (z (B v20)) B) z (K (B x)) I)
S (S (I z) K (x B (B S) x)) S (S x)
S (I z) K (x B (B S) x) (S x) (S (S x))
I z (x B (B S) x) (K (x B (B S) x)) (S x) (S (S x))
z (x B (B S) x) (K (x B (B S) x)) (S x) (S (S x))
x (S x v29) v14 (I B z (K (z (x I)) (K v3) (B S K B)) v0) B (I v29) (S (z B) z v23 I)
x (S x v29) v14 (B z (K (z (x I)) (K v3) (B S K B)) v0) B (I v29) (S (z B) z v23 I)
x (S x v29) v14 (z (K (z (x I)) (K v3) (B S K B) v0)) B (I v29) (S (z B) z v23 I)
x (S x v29) v14 (z (z (x I) (B S K B) v0)) B (I v29) (S (z B) z v23 I)
x (S x v29) v14 (z (z (x I) (S (K B)) v0)) B (I v29) (S (z B) z v23 I)
x (S x v29) v14 (z (z (x I) (S (K B)) v0)) B v29 (S (z B) z v23 I)
x (S x v29) v14 (z (z (x I) (S (K B)) v0)) B v29 (z B v23 (z v23) I)
I (S v19 B (I (K (B B))) (B (B (S (K z))) (z z z) B (B z) (B (v13 v21 (z (I B S))))) v24) (B (I (x z) v27) z) (x (x (v17 I z) B) (K (v26 I B) I I (z (B K (S (z S))))) S) (v2 (I (B v1)) (x S (B (K x) (x (K K v16 (x I)) z x (I K K)) S)))
S v19 B (I (K (B B))) (B (B (S (K z))) (z z z) B (B z) (B (v13 v21 (z (I B S))))) v24 (B (I (x z) v27) z) (x (x (v17 I z) B) (K (v26 I B) I I (z (B K (S (z S))))) S) (v2 (I (B v1)) (x S (B (K x) (x (K K v16 (x I)) z x (I K K)) S)))
v19 (I (K (B B))) (B (I (K (B B)))) (B (B (S (K z))) (z z z) B (B z) (B (v13 v21 (z (I B S))))) v24 (B (I (x z) v27) z) (x (x (v17 I z) B) (K (v26 I B) I I (z (B K (S (z S))))) S) (v2 (I (B v1)) (x S (B (K x) (x (K K v16 (x I)) z x (I K K)) S)))
v19 (K (B B)) (B (I (K (B B)))) (B (B (S (K z))) (z z z) B (B z) (B (v13 v21 (z (I B S))))) v24 (B (I (x z) v27) z) (x (x (v17 I z) B) (K (v26 I B) I I (z (B K (S (z S))))) S) (v2 (I (B v1)) (x S (B (K x) (x (K K v16 (x I)) z x (I K K)) S)))
v19 (K (B B)) (B (K (B B))) (B (B (S (K z))) (z z z) B (B z) (B (v13 v21 (z (I B S))))) v24 (B (I (x z) v27) z) (x (x (v17 I z) B) (K (v26 I B) I I (z (B K (S (z S))))) S) (v2 (I (B v1)) (x S (B (K x) (x (K K v16 (x I)) z x (I K K)) S)))
v19 (K (B B)) (B (K (B B))) (B (S (K z)) (z z z B) (B z) (B (v13 v21 (z (I B S))))) v24 (B (I (x z) v27) z) (x (x (v17 I z) B) (K (v26 I B) I I (z (B K (S (z S))))) S) (v2 (I (B v1)) (x S (B (K x) (x (K K v16 (x I)) z x (I K K)) S)))
v19 (K (B B)) (B (K (B B))) (S (K z) (z z z B (B z)) (B (v13 v21 (z (I B S))))) v24 (B (I (x z) v27) z) (x (x (v17 I z) B) (K (v26 I B) I I (z (B K (S (z S))))) S) (v2 (I (B v1)) (x S (B (K x) (x (K K v16 (x I)) z x (I K K)) S)))
v19 (K (B B)) (B (K (B B))) (K z (B (v13 v21 (z (I B S)))) (z z z B (B z) (B (v13 v21 (z (I B S)))))) v24 (B (I (x z) v27) z) (x (x (v17 I z) B) (K (v26 I B) I I (z (B K (S (z S))))) S) (v2 (I (B v1)) (x S (B (K x) (x (K K v16 (x I)) z x (I K K)) S)))
v19 (K (B B)) (B (K (B B))) (z (z z z B (B z) (B (v13 v21 (z (I B S)))))) v24 (B (I (x z) v27) z) (x (x (v17 I z) B) (K (v26 I B) I I (z (B K (S (z S))))) S) (v2 (I (B v1)) (x S (B (K x) (x (K K v16 (x I)) z x (I K K)) S)))
v19 (K (B B)) (B (K (B B))) (z (z z z B (B z) (B (v13 v21 (z (B S)))))) v24 (B (I (x z) v27) z) (x (x (v17 I z) B) (K (v26 I B) I I (z (B K (S (z S))))) S) (v2 (I (B v1)) (x S (B (K x) (x (K K v16 (x I)) z x (I K K)) S)))
v19 (K (B B)) (B (K (B B))) (z (z z z B (B z) (B (v13 v21 (z (B S)))))) v24 (B (x z v27) z) (x (x (v17 I z) B) (K (v26 I B) I I (z (B K (S (z S))))) S) (v2 (I (B v1)) (x S (B (K x) (x (K K v16 (x I)) z x (I K K)) S)))
v19 (K (B B)) (B (K (B B))) (z (z z z B (B z) (B (v13 v21 (z (B S)))))) v24 (B (x z v27) z) (x (x (v17 I z) B) (v26 I B I (z (B K (S (z S))))) S) (v2 (I (B v1)) (x S (B (K x) (x (K K v16 (x I)) z x (I K K)) S)))
v19 (K (B B)) (B (K (B B))) (z (z z z B (B z) (B (v13 v21 (z (B S)))))) v24 (B (x z v27) z) (x (x (v17 I z) B) (v26 I B I (z (B K (S (z S))))) S) (v2 (B v1) (x S (B (K x) (x (K K v16 (x I)) z x (I K K)) S)))
v19 (K (B B)) (B (K (B B))) (z (z z z B (B z) (B (v13 v21 (z (B S)))))) v24 (B (x z v27) z) (x (x (v17 I z) B) (v26 I B I (z (B K (S (z S))))) S) (v2 (B v1) (x S (K x (x (K K v16 (x I)) z x (I K K) S))))
v19 (K (B B)) (B (K (B B))) (z (z z z B (B z) (B (v13 v21 (z (B S)))))) v24 (B (x z v27) z) (x (x (v17 I z) B) (v26 I B I (z (B K (S (z S))))) S) (v2 (B v1) (x S x))
x (z (S x (z K))) (S B (I I) (S x (v4 (B (x I I)) S) (B (I (v24 v2 I) (I K v9)))) K) (S (I K K S I (x S z) (S (B x) (z K) z I))) (K I (I (S x) x (S K (x (B S (z I)))) (z K (K (B (K (B I) x))) (K x I K x (K (B K))) (x S B))))
x (z (S x (z K))) (B (S x (v4 (B (x I I)) S) (B (I (v24 v2 I) (I K v9)))) (I I (S x (v4 (B (x I I)) S) (B (I (v24 v2 I) (I K v9))))) K) (S (I K K S I (x S z) (S (B x) (z K) z I))) (K I (I (S x) x (S K (x (B S (z I)))) (z K (K (B (K (B I) x))) (K x I K x (K (B K))) (x S B))))
x (z (S x (z K))) (S x (v4 (B (x I I)) S) (B (I (v24 v2 I) (I K v9))) (I I (S x (v4 (B (x I I)) S) (B (I (v24 v2 I) (I K v9)))) K)) (S (I K K S I (x S z) (S (B x) (z K) z I))) (K I (I (S x) x (S K (x (B S (z I)))) (z K (K (B (K (B I) x))) (K x I K x (K (B K))) (x S B))))
x (z (S x (z K))) (x (B (I (v24 v2 I) (I K v9))) (v4 (B (x I I)) S (B (I (v24 v2 I) (I K v9)))) (I I (S x (v4 (B (x I I)) S) (B (I (v24 v2 I) (I K v9)))) K)) (S (I K K S I (x S z) (S (B x) (z K) z I))) (K I (I (S x) x (S K (x (B S (z I)))) (z K (K (B (K (B I) x))) (K x I K x (K (B K))) (x S B))))
x (z (S x (z K))) (x (B (v24 v2 I (I K v9))) (v4 (B (x I I)) S (B (I (v24 v2 I) (I K v9)))) (I I (S x (v4 (B (x I I)) S) (B (I (v24 v2 I) (I K v9)))) K)) (S (I K K S I (x S z) (S (B x) (z K) z I))) (K I (I (S x) x (S K (x (B S (z I)))) (z K (K (B (K (B I) x))) (K x I K x (K (B K))) (x S B))))
x (z (S x (z K))) (x (B (v24 v2 I (K v9))) (v4 (B (x I I)) S (B (I (v24 v2 I) (I K v9)))) (I I (S x (v4 (B (x I I)) S) (B (I (v24 v2 I) (I K v9)))) K)) (S (I K K S I (x S z) (S (B x) (z K) z I))) (K I (I (S x) x (S K (x (B S (z I)))) (z K (K (B (K (B I) x))) (K x I K x (K (B K))) (x S B))))
x (z (S x (z K))) (x (B (v24 v2 I (K v9))) (v4 (B (x I I)) S (B (v24 v2 I (I K v9)))) (I I (S x (v4 (B (x I I)) S) (B (I (v24 v2 I) (I K v9)))) K)) (S (I K K S I (x S z) (S (B x) (z K) z I))) (K I (I (S x) x (S K (x (B S (z I)))) (z K (K (B (K (B I) x))) (K x I K x (K (B K))) (x S B))))
x (z (S x (z K))) (x (B (v24 v2 I (K v9))) (v4 (B (x I I)) S (B (v24 v2 I (K v9)))) (I I (S x (v4 (B (x I I)) S) (B (I (v24 v2 I) (I K v9)))) K)) (S (I K K S I (x S z) (S (B x) (z K) z I))) (K I (I (S x) x (S K (x (B S (z I)))) (z K (K (B (K (B I) x))) (K x I K x (K (B K))) (x S B))))
x (z (S x (z K))) (x (B (v24 v2 I (K v9))) (v4 (B (x I I)) S (B (v24 v2 I (K v9)))) (I (S x (v4 (B (x I I)) S) (B (I (v24 v2 I) (I K v9)))) K)) (S (I K K S I (x S z) (S (B x) (z K) z I))) (K I (I (S x) x (S K (x (B S (z I)))) (z K (K (B (K (B I) x))) (K x I K x (K (B K))) (x S B))))
x (z (S x (z K))) (x (B (v24 v2 I (K v9))) (v4 (B (x I I)) S (B (v24 v2 I (K v9)))) (S x (v4 (B (x I I)) S) (B (I (v24 v2 I) (I K v9))) K)) (S (I K K S I (x S z) (S (B x) (z K) z I))) (K I (I (S x) x (S K (x (B S (z I)))) (z K (K (B (K (B I) x))) (K x I K x (K (B K))) (x S B))))
x (z (S x (z K))) (x (B (v24 v2 I (K v9))) (v4 (B (x I I)) S (B (v24 v2 I (K v9)))) (x (B (I (v24 v2 I) (I K v9))) (v4 (B (x I I)) S (B (I (v24 v2 I) (I K v9)))) K)) (S (I K K S I (x S z) (S (B x) (z K) z I))) (K I (I (S x) x (S K (x (B S (z I)))) (z K (K (B (K (B I) x))) (K x I K x (K (B K))) (x S B))))
x (z (S x (z K))) (x (B (v24 v2 I (K v9))) (v4 (B (x I I)) S (B (v24 v2 I (K v9)))) (x (B (v24 v2 I (I K v9))) (v4 (B (x I I)) S (B (I (v24 v2 I) (I K v9)))) K)) (S (I K K S I (x S z) (S (B x) (z K) z I))) (K I (I (S x) x (S K (x (B S (z I)))) (z K (K (B (K (B I) x))) (K x I K x (K (B K))) (x S B))))
x (z (S x (z K))) (x (B (v24 v2 I (K v9))) (v4 (B (x I I)) S (B (v24 v2 I (K v9)))) (x (B (v24 v2 I (K v9))) (v4 (B (x I I)) S (B (I (v24 v2 I) (I K v9)))) K)) (S (I K K S I (x S z) (S (B x) (z K) z I))) (K I (I (S x) x (S K (x (B S (z I)))) (z K (K (B (K (B I) x))) (K x I K x (K (B K))) (x S B))))
x (z (S x (z K))) (x (B (v24 v2 I (K v9))) (v4 (B (x I I)) S (B (v24 v2 I (K v9)))) (x (B (v24 v2 I (K v9))) (v4 (B (x I I)) S (B (v24 v2 I (I K v9)))) K)) (S (I K K S I (x S z) (S (B x) (z K) z I))) (K I (I (S x) x (S K (x (B S (z I)))) (z K (K (B (K (B I) x))) (K x I K x (K (B K))) (x S B))))
x (z (S x (z K))) (x (B (v24 v2 I (K v9))) (v4 (B (x I I)) S (B (v24 v2 I (K v9)))) (x (B (v24 v2 I (K v9))) (v4 (B (x I I)) S (B (v24 v2 I (K v9)))) K)) (S (I K K S I (x S z) (S (B x) (z K) z I))) (K I (I (S x) x (S K (x (B S (z I)))) (z K (K (B (K (B I) x))) (K x I K x (K (B K))) (x S B))))
x (z (S x (z K))) (x (B (v24 v2 I (K v9))) (v4 (B (x I I)) S (B (v24 v2 I (K v9)))) (x (B (v24 v2 I (K v9))) (v4 (B (x I I)) S (B (v24 v2 I (K v9)))) K)) (S (K K S I (x S z) (S (B x) (z K) z I))) (K I (I (S x) x (S K (x (B S (z I)))) (z K (K (B (K (B I) x))) (K x I K x (K (B K))) (x S B))))
x (z (S x (z K))) (x (B (v24 v2 I (K v9))) (v4 (B (x I I)) S (B (v24 v2 I (K v9)))) (x (B (v24 v2 I (K v9))) (v4 (B (x I I)) S (B (v24 v2 I (K v9)))) K)) (S (K I (x S z) (S (B x) (z K) z I))) (K I (I (S x) x (S K (x (B S (z I)))) (z K (K (B (K (B I) x))) (K x I K x (K (B K))) (x S B))))
x (z (S x (z K))) (x (B (v24 v2 I (K v9))) (v4 (B (x I I)) S (B (v24 v2 I (K v9)))) (x (B (v24 v2 I (K v9))) (v4 (B (x I I)) S (B (v24 v2 I (K v9)))) K)) (S (I (S (B x) (z K) z I))) (K I (I (S x) x (S K (x (B S (z I)))) (z K (K (B (K (B I) x))) (K x I K x (K (B K))) (x S B))))
x (z (S x (z K))) (x (B (v24 v2 I (K v9))) (v4 (B (x I I)) S (B (v24 v2 I (K v9)))) (x (B (v24 v2 I (K v9))) (v4 (B (x I I)) S (B (v24 v2 I (K v9)))) K)) (S (S (B x) (z K) z I)) (K I (I (S x) x (S K (x (B S (z I)))) (z K (K (B (K (B I) x))) (K x I K x (K (B K))) (x S B))))
x (z (S x (z K))) (x (B (v24 v2 I (K v9))) (v4 (B (x I I)) S (B (v24 v2 I (K v9)))) (x (B (v24 v2 I (K v9))) (v4 (B (x I I)) S (B (v24 v2 I (K v9)))) K)) (S (B x z (z K z) I)) (K I (I (S x) x (S K (x (B S (z I)))) (z K (K (B (K (B I) x))) (K x I K x (K (B K))) (x S B))))
x (z (S x (z K))) (x (B (v24 v2 I (K v9))) (v4 (B (x I I)) S (B (v24 v2 I (K v9)))) (x (B (v24 v2 I (K v9))) (v4 (B (x I I)) S (B (v24 v2 I (K v9)))) K)) (S (x (z (z K z)) I)) (K I (I (S x) x (S K (x (B S (z I)))) (z K (K (B (K (B I) x))) (K x I K x (K (B K))) (x S B))))
x (z (S x (z K))) (x (B (v24 v2 I (K v9))) (v4 (B (x I I)) S (B (v24 v2 I (K v9)))) (x (B (v24 v2 I (K v9))) (v4 (B (x I I)) S (B (v24 v2 I (K v9)))) K)) (S (x (z (z K z)) I)) I
