I (K (v3 (S (K (K B))) (x I))) (x (K (B B (I K S (S B) (K S))) B (B (x v24) K S) (z x z (S (x x) (I (I (v26 z (I I))) (I (B S I))) (S (B B I))))))
K (v3 (S (K (K B))) (x I)) (x (K (B B (I K S (S B) (K S))) B (B (x v24) K S) (z x z (S (x x) (I (I (v26 z (I I))) (I (B S I))) (S (B B I))))))
v3 (S (K (K B))) (x I)
v10 (x (B (K (B v0)))) (x (I x S) S B) z (x (S (B (I S B B I))) x) (x z v11 x v11 (x S) z)
v10 (x (B (K (B v0)))) (x (x S) S B) z (x (S (B (I S B B I))) x) (x z v11 x v11 (x S) z)
v10 (x (B (K (B v0)))) (x (x S) S B) z (x (S (B (S B B I))) x) (x z v11 x v11 (x S) z)
v10 (x (B (K (B v0)))) (x (x S) S B) z (x (S (B (B I (B I)))) x) (x z v11 x v11 (x S) z)
x (K K (x K)) z x (K (v12 v14 v18) (v29 (v0 (B v8) z) S (v18 (x (K (z x (v26 B)))) B x)) (z v8)) (z (S (z S)) (B z)) (I (B K I K K) v3 z (z K B))
x K z x (K (v12 v14 v18) (v29 (v0 (B v8) z) S (v18 (x (K (z x (v26 B)))) B x)) (z v8)) (z (S (z S)) (B z)) (I (B K I K K) v3 z (z K B))
x K z x (v12 v14 v18 (z v8)) (z (S (z S)) (B z)) (I (B K I K K) v3 z (z K B))
x K z x (v12 v14 v18 (z v8)) (z (S (z S)) (B z)) (B K I K K v3 z (z K B))
x K z x (v12 v14 v18 (z v8)) (z (S (z S)) (B z)) (K (I K) K v3 z (z K B))
x K z x (v12 v14 v18 (z v8)) (z (S (z S)) (B z)) (I K v3 z (z K B))
x K z x (v12 v14 v18 (z v8)) (z (S (z S)) (B z)) (K v3 z (z K B))
x K z x (v12 v14 v18 (z v8)) (z (S (z S)) (B z)) (v3 (z K B))
B
S (S I) K (I S) x (x (S (z (S (K I)) (I (K (v29 (v15 x)) S (z (z S (z S))))))))
S I (I S) (K (I S)) x (x (S (z (S (K I)) (I (K (v29 (v15 x)) S (z (z S (z S))))))))
I (K (I S)) (I S (K (I S))) x (x (S (z (S (K I)) (I (K (v29 (v15 x)) S (z (z S (z S))))))))
K (I S) (I S (K (I S))) x (x (S (z (S (K I)) (I (K (v29 (v15 x)) S (z (z S (z S))))))))
I S x (x (S (z (S (K I)) (I (K (v29 (v15 x)) S (z (z S (z S))))))))
S x (x (S (z (S (K I)) (I (K (v29 (v15 x)) S (z (z S (z S))))))))
S x (x (S (z (S (K I)) (K (v29 (v15 x)) S (z (z S (z S)))))))
S x (x (S (z (S (K I)) (v29 (v15 x) (z (z S (z S)))))))
v19 B
I (x K (z (z (v16 (I S) (I B z)) z) x v20))
x K (z (z (v16 (I S) (I B z)) z) x v20)
x K (z (z (v16 S (I B z)) z) x v20)
x K (z (z (v16 S (B z)) z) x v20)
K
S
B z (K (I I)) z I (z K)
z (K (I I) z) I (z K)
z (I I) I (z K)
z I I (z K)
