S (x (S S (z (I (K (B K) v24) S (B K))))) (K z v17 v23) (I S) (z (S (K z) (z (K (v6 z)) (z v21)) (K I (B v6)) S))
x (S S (z (I (K (B K) v24) S (B K)))) (I S) (K z v17 v23 (I S)) (z (S (K z) (z (K (v6 z)) (z v21)) (K I (B v6)) S))
x (S S (z (K (B K) v24 S (B K)))) (I S) (K z v17 v23 (I S)) (z (S (K z) (z (K (v6 z)) (z v21)) (K I (B v6)) S))
x (S S (z (B K S (B K)))) (I S) (K z v17 v23 (I S)) (z (S (K z) (z (K (v6 z)) (z v21)) (K I (B v6)) S))
x (S S (z (K (S (B K))))) (I S) (K z v17 v23 (I S)) (z (S (K z) (z (K (v6 z)) (z v21)) (K I (B v6)) S))
x (S S (z (K (S (B K))))) S (K z v17 v23 (I S)) (z (S (K z) (z (K (v6 z)) (z v21)) (K I (B v6)) S))
x (S S (z (K (S (B K))))) S (z v23 (I S)) (z (S (K z) (z (K (v6 z)) (z v21)) (K I (B v6)) S))
x (S S (z (K (S (B K))))) S (z v23 S) (z (S (K z) (z (K (v6 z)) (z v21)) (K I (B v6)) S))
x (S S (z (K (S (B K))))) S (z v23 S) (z (K z (K I (B v6)) (z (K (v6 z)) (z v21) (K I (B v6))) S))
x (S S (z (K (S (B K))))) S (z v23 S) (z (z (z (K (v6 z)) (z v21) (K I (B v6))) S))
x (S S (z (K (S (B K))))) S (z v23 S) (z (z (z (K (v6 z)) (z v21) I) S))
z (K (K (v0 v22 S (B S)) S (x S))) (B (I (z v15 (x (I (S (v5 (S z) S)) (S (z K)))) z) (B (x x) K (v13 (K v10 v14)) v22))) (x (K (v23 (B v18) K) B) K (I S) (K (I (B (I x)) z) v30) (B (x I) z))
z (K (v0 v22 S (B S) (x S))) (B (I (z v15 (x (I (S (v5 (S z) S)) (S (z K)))) z) (B (x x) K (v13 (K v10 v14)) v22))) (x (K (v23 (B v18) K) B) K (I S) (K (I (B (I x)) z) v30) (B (x I) z))
z (K (v0 v22 S (B S) (x S))) (B (z v15 (x (I (S (v5 (S z) S)) (S (z K)))) z (B (x x) K (v13 (K v10 v14)) v22))) (x (K (v23 (B v18) K) B) K (I S) (K (I (B (I x)) z) v30) (B (x I) z))
z (K (v0 v22 S (B S) (x S))) (B (z v15 (x (S (v5 (S z) S) (S (z K)))) z (B (x x) K (v13 (K v10 v14)) v22))) (x (K (v23 (B v18) K) B) K (I S) (K (I (B (I x)) z) v30) (B (x I) z))
z (K (v0 v22 S (B S) (x S))) (B (z v15 (x (S (v5 (S z) S) (S (z K)))) z (x x (K (v13 (K v10 v14))) v22))) (x (K (v23 (B v18) K) B) K (I S) (K (I (B (I x)) z) v30) (B (x I) z))
z (K (v0 v22 S (B S) (x S))) (B (z v15 (x (S (v5 (S z) S) (S (z K)))) z (x x (K (v13 v10)) v22))) (x (K (v23 (B v18) K) B) K (I S) (K (I (B (I x)) z) v30) (B (x I) z))
z (K (v0 v22 S (B S) (x S))) (B (z v15 (x (S (v5 (S z) S) (S (z K)))) z (x x (K (v13 v10)) v22))) (x (v23 (B v18) K) K (I S) (K (I (B (I x)) z) v30) (B (x I) z))
z (K (v0 v22 S (B S) (x S))) (B (z v15 (x (S (v5 (S z) S) (S (z K)))) z (x x (K (v13 v10)) v22))) (x (v23 (B v18) K) K S (K (I (B (I x)) z) v30) (B (x I) z))
z (K (v0 v22 S (B S) (x S))) (B (z v15 (x (S (v5 (S z) S) (S (z K)))) z (x x (K (v13 v10)) v22))) (x (v23 (B v18) K) K S (I (B (I x)) z) (B (x I) z))
z (K (v0 v22 S (B S) (x S))) (B (z v15 (x (S (v5 (S z) S) (S (z K)))) z (x x (K (v13 v10)) v22))) (x (v23 (B v18) K) K S (B (I x) z) (B (x I) z))
z (K (v0 v22 S (B S) (x S))) (B (z v15 (x (S (v5 (S z) S) (S (z K)))) z (x x (K (v13 v10)) v22))) (x (v23 (B v18) K) K S (B x z) (B (x I) z))
v12 (I (v17 (v26 (K I)))) (B (I x)) x
v12 (v17 (v26 (K I))) (B (I x)) x
v12 (v17 (v26 (K I))) (B x) x
S (z (S B (I (z (v29 (z (B z z)) z) I (I (S z (v23 B B K S))))) v30)) (I B)
S (z (B v30 (I (z (v29 (z (B z z)) z) I (I (S z (v23 B B K S)))) v30))) (I B)
S (z (B v30 (z (v29 (z (B z z)) z) I (I (S z (v23 B B K S))) v30))) (I B)
S (z (B v30 (z (v29 (z (B z z)) z) I (S z (v23 B B K S)) v30))) (I B)
S (z (B v30 (z (v29 (z (B z z)) z) I (S z (v23 B B K S)) v30))) B
K (z (K (B S) x)) (z (I v7)) (v15 (x x v30 (x v20 (z z K) I (I I)))) (v23 (v5 B (z x) S (B I)) v9)
z (K (B S) x) (v15 (x x v30 (x v20 (z z K) I (I I)))) (v23 (v5 B (z x) S (B I)) v9)
z (B S) (v15 (x x v30 (x v20 (z z K) I (I I)))) (v23 (v5 B (z x) S (B I)) v9)
z (B S) (v15 (x x v30 (x v20 (z z K) I I))) (v23 (v5 B (z x) S (B I)) v9)
x (x (K (S S) x v4 S x) (B x S))
x (x (S S v4 S x) (B x S))
x (x (S S (v4 S) x) (B x S))
x (x (S x (v4 S x)) (B x S))
x (I (B I) (x (B (S z))) v28 S v1) (v6 (v16 v3) I)
x (B I (x (B (S z))) v28 S v1) (v6 (v16 v3) I)
x (I (x (B (S z)) v28) S v1) (v6 (v16 v3) I)
x (x (B (S z)) v28 S v1) (v6 (v16 v3) I)
I (v19 K)
v19 K
v4 (x (v28 z)) (z (x z I x (K (z S) (K v18) x) K (x (K (B z B (v18 z))))) B (I B (S x) (S S (z (I x)))) (I x)) (x v1 (S (x S)) S (K K) (K v30 (K (x (B (I z (v28 B z)))) (B (z (x z) I x)) (v2 I))) B)
v4 (x (v28 z)) (z (x z I x (z S x) K (x (K (B z B (v18 z))))) B (I B (S x) (S S (z (I x)))) (I x)) (x v1 (S (x S)) S (K K) (K v30 (K (x (B (I z (v28 B z)))) (B (z (x z) I x)) (v2 I))) B)
v4 (x (v28 z)) (z (x z I x (z S x) K (x (K (z (B (v18 z)))))) B (I B (S x) (S S (z (I x)))) (I x)) (x v1 (S (x S)) S (K K) (K v30 (K (x (B (I z (v28 B z)))) (B (z (x z) I x)) (v2 I))) B)
v4 (x (v28 z)) (z (x z I x (z S x) K (x (K (z (B (v18 z)))))) B (B (S x) (S S (z (I x)))) (I x)) (x v1 (S (x S)) S (K K) (K v30 (K (x (B (I z (v28 B z)))) (B (z (x z) I x)) (v2 I))) B)
v4 (x (v28 z)) (z (x z I x (z S x) K (x (K (z (B (v18 z)))))) B (B (S x) (S S (z x))) (I x)) (x v1 (S (x S)) S (K K) (K v30 (K (x (B (I z (v28 B z)))) (B (z (x z) I x)) (v2 I))) B)
v4 (x (v28 z)) (z (x z I x (z S x) K (x (K (z (B (v18 z)))))) B (B (S x) (S S (z x))) x) (x v1 (S (x S)) S (K K) (K v30 (K (x (B (I z (v28 B z)))) (B (z (x z) I x)) (v2 I))) B)
v4 (x (v28 z)) (z (x z I x (z S x) K (x (K (z (B (v18 z)))))) B (B (S x) (S S (z x))) x) (x v1 (S (x S)) S (K K) v30 B)
I (I (z (I (z S) (B x)) z S (S K x (x v21)) (K (x (K x) (S (z I) B))) (S v3 (I K))) (B x (I (z I (S I)) x)))
I (z (I (z S) (B x)) z S (S K x (x v21)) (K (x (K x) (S (z I) B))) (S v3 (I K))) (B x (I (z I (S I)) x))
z (I (z S) (B x)) z S (S K x (x v21)) (K (x (K x) (S (z I) B))) (S v3 (I K)) (B x (I (z I (S I)) x))
z (z S (B x)) z S (S K x (x v21)) (K (x (K x) (S (z I) B))) (S v3 (I K)) (B x (I (z I (S I)) x))
z (z S (B x)) z S (K (x v21) (x (x v21))) (K (x (K x) (S (z I) B))) (S v3 (I K)) (B x (I (z I (S I)) x))
z (z S (B x)) z S (x v21) (K (x (K x) (S (z I) B))) (S v3 (I K)) (B x (I (z I (S I)) x))
z (z S (B x)) z S (x v21) (K (x (K x) (S (z I) B))) (S v3 K) (B x (I (z I (S I)) x))
z (z S (B x)) z S (x v21) (K (x (K x) (S (z I) B))) (S v3 K) (B x (z I (S I) x))
