K v21 (x (I (I K)) (B (z K))) (v6 (v17 (x (x v2)) B) B S) (I S (B I K) x (v16 (I (B B) S) z I) (x x x x z) (B (z I z (z I)) (K v21 z))) (z x S (v3 B) (K K x) (x x) z (z B z z))
v21 (v6 (v17 (x (x v2)) B) B S) (I S (B I K) x (v16 (I (B B) S) z I) (x x x x z) (B (z I z (z I)) (K v21 z))) (z x S (v3 B) (K K x) (x x) z (z B z z))
v21 (v6 (v17 (x (x v2)) B) B S) (S (B I K) x (v16 (I (B B) S) z I) (x x x x z) (B (z I z (z I)) (K v21 z))) (z x S (v3 B) (K K x) (x x) z (z B z z))
v21 (v6 (v17 (x (x v2)) B) B S) (B I K (v16 (I (B B) S) z I) (x (v16 (I (B B) S) z I)) (x x x x z) (B (z I z (z I)) (K v21 z))) (z x S (v3 B) (K K x) (x x) z (z B z z))
v21 (v6 (v17 (x (x v2)) B) B S) (I (K (v16 (I (B B) S) z I)) (x (v16 (I (B B) S) z I)) (x x x x z) (B (z I z (z I)) (K v21 z))) (z x S (v3 B) (K K x) (x x) z (z B z z))
v21 (v6 (v17 (x (x v2)) B) B S) (K (v16 (I (B B) S) z I) (x (v16 (I (B B) S) z I)) (x x x x z) (B (z I z (z I)) (K v21 z))) (z x S (v3 B) (K K x) (x x) z (z B z z))
v21 (v6 (v17 (x (x v2)) B) B S) (v16 (I (B B) S) z I (x x x x z) (B (z I z (z I)) (K v21 z))) (z x S (v3 B) (K K x) (x x) z (z B z z))
v21 (v6 (v17 (x (x v2)) B) B S) (v16 (B B S) z I (x x x x z) (B (z I z (z I)) (K v21 z))) (z x S (v3 B) (K K x) (x x) z (z B z z))
v21 (v6 (v17 (x (x v2)) B) B S) (v16 (B B S) z I (x x x x z) (B (z I z (z I)) v21)) (z x S (v3 B) (K K x) (x x) z (z B z z))
v21 (v6 (v17 (x (x v2)) B) B S) (v16 (B B S) z I (x x x x z) (B (z I z (z I)) v21)) (z x S (v3 B) K (x x) z (z B z z))
K z
I (I (z (z S)) (v19 B (I z S I)) z) (x (I v14 (S I B x (v16 I) (v28 (B S S)))) (v0 z (I (K (S S))) x (S (v21 I v8 v0)))) (B (B K) z) (v9 (K (K B) B) (x (B (v29 (I I (B K))) (z v23)) z) (K K (B (v20 v22) K (B (K (z (v24 S) (v10 S)) (K B) v30) K)))) (B (S S (x (S (S v19)))) v3 (S (B z (B B K) x) (v7 S (K (K x) (S I) (v4 x)))) (z (B K S B) (x I (I z))) v27)
I (z (z S)) (v19 B (I z S I)) z (x (I v14 (S I B x (v16 I) (v28 (B S S)))) (v0 z (I (K (S S))) x (S (v21 I v8 v0)))) (B (B K) z) (v9 (K (K B) B) (x (B (v29 (I I (B K))) (z v23)) z) (K K (B (v20 v22) K (B (K (z (v24 S) (v10 S)) (K B) v30) K)))) (B (S S (x (S (S v19)))) v3 (S (B z (B B K) x) (v7 S (K (K x) (S I) (v4 x)))) (z (B K S B) (x I (I z))) v27)
z (z S) (v19 B (I z S I)) z (x (I v14 (S I B x (v16 I) (v28 (B S S)))) (v0 z (I (K (S S))) x (S (v21 I v8 v0)))) (B (B K) z) (v9 (K (K B) B) (x (B (v29 (I I (B K))) (z v23)) z) (K K (B (v20 v22) K (B (K (z (v24 S) (v10 S)) (K B) v30) K)))) (B (S S (x (S (S v19)))) v3 (S (B z (B B K) x) (v7 S (K (K x) (S I) (v4 x)))) (z (B K S B) (x I (I z))) v27)
z (z S) (v19 B (z S I)) z (x (I v14 (S I B x (v16 I) (v28 (B S S)))) (v0 z (I (K (S S))) x (S (v21 I v8 v0)))) (B (B K) z) (v9 (K (K B) B) (x (B (v29 (I I (B K))) (z v23)) z) (K K (B (v20 v22) K (B (K (z (v24 S) (v10 S)) (K B) v30) K)))) (B (S S (x (S (S v19)))) v3 (S (B z (B B K) x) (v7 S (K (K x) (S I) (v4 x)))) (z (B K S B) (x I (I z))) v27)
z (z S) (v19 B (z S I)) z (x (v14 (S I B x (v16 I) (v28 (B S S)))) (v0 z (I (K (S S))) x (S (v21 I v8 v0)))) (B (B K) z) (v9 (K (K B) B) (x (B (v29 (I I (B K))) (z v23)) z) (K K (B (v20 v22) K (B (K (z (v24 S) (v10 S)) (K B) v30) K)))) (B (S S (x (S (S v19)))) v3 (S (B z (B B K) x) (v7 S (K (K x) (S I) (v4 x)))) (z (B K S B) (x I (I z))) v27)
z (z S) (v19 B (z S I)) z (x (v14 (I x (B x) (v16 I) (v28 (B S S)))) (v0 z (I (K (S S))) x (S (v21 I v8 v0)))) (B (B K) z) (v9 (K (K B) B) (x (B (v29 (I I (B K))) (z v23)) z) (K K (B (v20 v22) K (B (K (z (v24 S) (v10 S)) (K B) v30) K)))) (B (S S (x (S (S v19)))) v3 (S (B z (B B K) x) (v7 S (K (K x) (S I) (v4 x)))) (z (B K S B) (x I (I z))) v27)
z (z S) (v19 B (z S I)) z (x (v14 (x (B x) (v16 I) (v28 (B S S)))) (v0 z (I (K (S S))) x (S (v21 I v8 v0)))) (B (B K) z) (v9 (K (K B) B) (x (B (v29 (I I (B K))) (z v23)) z) (K K (B (v20 v22) K (B (K (z (v24 S) (v10 S)) (K B) v30) K)))) (B (S S (x (S (S v19)))) v3 (S (B z (B B K) x) (v7 S (K (K x) (S I) (v4 x)))) (z (B K S B) (x I (I z))) v27)
z (z S) (v19 B (z S I)) z (x (v14 (x (B x) (v16 I) (v28 (B S S)))) (v0 z (K (S S)) x (S (v21 I v8 v0)))) (B (B K) z) (v9 (K (K B) B) (x (B (v29 (I I (B K))) (z v23)) z) (K K (B (v20 v22) K (B (K (z (v24 S) (v10 S)) (K B) v30) K)))) (B (S S (x (S (S v19)))) v3 (S (B z (B B K) x) (v7 S (K (K x) (S I) (v4 x)))) (z (B K S B) (x I (I z))) v27)
z (z S) (v19 B (z S I)) z (x (v14 (x (B x) (v16 I) (v28 (B S S)))) (v0 z (K (S S)) x (S (v21 I v8 v0)))) (B (B K) z) (v9 (K B) (x (B (v29 (I I (B K))) (z v23)) z) (K K (B (v20 v22) K (B (K (z (v24 S) (v10 S)) (K B) v30) K)))) (B (S S (x (S (S v19)))) v3 (S (B z (B B K) x) (v7 S (K (K x) (S I) (v4 x)))) (z (B K S B) (x I (I z))) v27)
z (z S) (v19 B (z S I)) z (x (v14 (x (B x) (v16 I) (v28 (B S S)))) (v0 z (K (S S)) x (S (v21 I v8 v0)))) (B (B K) z) (v9 (K B) (x (B (v29 (I (B K))) (z v23)) z) (K K (B (v20 v22) K (B (K (z (v24 S) (v10 S)) (K B) v30) K)))) (B (S S (x (S (S v19)))) v3 (S (B z (B B K) x) (v7 S (K (K x) (S I) (v4 x)))) (z (B K S B) (x I (I z))) v27)
z (z S) (v19 B (z S I)) z (x (v14 (x (B x) (v16 I) (v28 (B S S)))) (v0 z (K (S S)) x (S (v21 I v8 v0)))) (B (B K) z) (v9 (K B) (x (B (v29 (B K)) (z v23)) z) (K K (B (v20 v22) K (B (K (z (v24 S) (v10 S)) (K B) v30) K)))) (B (S S (x (S (S v19)))) v3 (S (B z (B B K) x) (v7 S (K (K x) (S I) (v4 x)))) (z (B K S B) (x I (I z))) v27)
z (z S) (v19 B (z S I)) z (x (v14 (x (B x) (v16 I) (v28 (B S S)))) (v0 z (K (S S)) x (S (v21 I v8 v0)))) (B (B K) z) (v9 (K B) (x (B (v29 (B K)) (z v23)) z) K) (B (S S (x (S (S v19)))) v3 (S (B z (B B K) x) (v7 S (K (K x) (S I) (v4 x)))) (z (B K S B) (x I (I z))) v27)
z (z S) (v19 B (z S I)) z (x (v14 (x (B x) (v16 I) (v28 (B S S)))) (v0 z (K (S S)) x (S (v21 I v8 v0)))) (B (B K) z) (v9 (K B) (x (B (v29 (B K)) (z v23)) z) K) (S S (x (S (S v19))) (v3 (S (B z (B B K) x) (v7 S (K (K x) (S I) (v4 x))))) (z (B K S B) (x I (I z))) v27)
z (z S) (v19 B (z S I)) z (x (v14 (x (B x) (v16 I) (v28 (B S S)))) (v0 z (K (S S)) x (S (v21 I v8 v0)))) (B (B K) z) (v9 (K B) (x (B (v29 (B K)) (z v23)) z) K) (S (v3 (S (B z (B B K) x) (v7 S (K (K x) (S I) (v4 x))))) (x (S (S v19)) (v3 (S (B z (B B K) x) (v7 S (K (K x) (S I) (v4 x)))))) (z (B K S B) (x I (I z))) v27)
z (z S) (v19 B (z S I)) z (x (v14 (x (B x) (v16 I) (v28 (B S S)))) (v0 z (K (S S)) x (S (v21 I v8 v0)))) (B (B K) z) (v9 (K B) (x (B (v29 (B K)) (z v23)) z) K) (v3 (S (B z (B B K) x) (v7 S (K (K x) (S I) (v4 x)))) (z (B K S B) (x I (I z))) (x (S (S v19)) (v3 (S (B z (B B K) x) (v7 S (K (K x) (S I) (v4 x))))) (z (B K S B) (x I (I z)))) v27)
z (z S) (v19 B (z S I)) z (x (v14 (x (B x) (v16 I) (v28 (B S S)))) (v0 z (K (S S)) x (S (v21 I v8 v0)))) (B (B K) z) (v9 (K B) (x (B (v29 (B K)) (z v23)) z) K) (v3 (S (z (B B K x)) (v7 S (K (K x) (S I) (v4 x)))) (z (B K S B) (x I (I z))) (x (S (S v19)) (v3 (S (B z (B B K) x) (v7 S (K (K x) (S I) (v4 x))))) (z (B K S B) (x I (I z)))) v27)
z (z S) (v19 B (z S I)) z (x (v14 (x (B x) (v16 I) (v28 (B S S)))) (v0 z (K (S S)) x (S (v21 I v8 v0)))) (B (B K) z) (v9 (K B) (x (B (v29 (B K)) (z v23)) z) K) (v3 (S (z (B (K x))) (v7 S (K (K x) (S I) (v4 x)))) (z (B K S B) (x I (I z))) (x (S (S v19)) (v3 (S (B z (B B K) x) (v7 S (K (K x) (S I) (v4 x))))) (z (B K S B) (x I (I z)))) v27)
z (z S) (v19 B (z S I)) z (x (v14 (x (B x) (v16 I) (v28 (B S S)))) (v0 z (K (S S)) x (S (v21 I v8 v0)))) (B (B K) z) (v9 (K B) (x (B (v29 (B K)) (z v23)) z) K) (v3 (S (z (B (K x))) (v7 S (K x (v4 x)))) (z (B K S B) (x I (I z))) (x (S (S v19)) (v3 (S (B z (B B K) x) (v7 S (K (K x) (S I) (v4 x))))) (z (B K S B) (x I (I z)))) v27)
z (z S) (v19 B (z S I)) z (x (v14 (x (B x) (v16 I) (v28 (B S S)))) (v0 z (K (S S)) x (S (v21 I v8 v0)))) (B (B K) z) (v9 (K B) (x (B (v29 (B K)) (z v23)) z) K) (v3 (S (z (B (K x))) (v7 S x)) (z (B K S B) (x I (I z))) (x (S (S v19)) (v3 (S (B z (B B K) x) (v7 S (K (K x) (S I) (v4 x))))) (z (B K S B) (x I (I z)))) v27)
z (z S) (v19 B (z S I)) z (x (v14 (x (B x) (v16 I) (v28 (B S S)))) (v0 z (K (S S)) x (S (v21 I v8 v0)))) (B (B K) z) (v9 (K B) (x (B (v29 (B K)) (z v23)) z) K) (v3 (S (z (B (K x))) (v7 S x)) (z (K (S B)) (x I (I z))) (x (S (S v19)) (v3 (S (B z (B B K) x) (v7 S (K (K x) (S I) (v4 x))))) (z (B K S B) (x I (I z)))) v27)
z (z S) (v19 B (z S I)) z (x (v14 (x (B x) (v16 I) (v28 (B S S)))) (v0 z (K (S S)) x (S (v21 I v8 v0)))) (B (B K) z) (v9 (K B) (x (B (v29 (B K)) (z v23)) z) K) (v3 (S (z (B (K x))) (v7 S x)) (z (K (S B)) (x I z)) (x (S (S v19)) (v3 (S (B z (B B K) x) (v7 S (K (K x) (S I) (v4 x))))) (z (B K S B) (x I (I z)))) v27)
z (z S) (v19 B (z S I)) z (x (v14 (x (B x) (v16 I) (v28 (B S S)))) (v0 z (K (S S)) x (S (v21 I v8 v0)))) (B (B K) z) (v9 (K B) (x (B (v29 (B K)) (z v23)) z) K) (v3 (S (z (B (K x))) (v7 S x)) (z (K (S B)) (x I z)) (x (S (S v19)) (v3 (S (z (B B K x)) (v7 S (K (K x) (S I) (v4 x))))) (z (B K S B) (x I (I z)))) v27)
z (z S) (v19 B (z S I)) z (x (v14 (x (B x) (v16 I) (v28 (B S S)))) (v0 z (K (S S)) x (S (v21 I v8 v0)))) (B (B K) z) (v9 (K B) (x (B (v29 (B K)) (z v23)) z) K) (v3 (S (z (B (K x))) (v7 S x)) (z (K (S B)) (x I z)) (x (S (S v19)) (v3 (S (z (B (K x))) (v7 S (K (K x) (S I) (v4 x))))) (z (B K S B) (x I (I z)))) v27)
z (z S) (v19 B (z S I)) z (x (v14 (x (B x) (v16 I) (v28 (B S S)))) (v0 z (K (S S)) x (S (v21 I v8 v0)))) (B (B K) z) (v9 (K B) (x (B (v29 (B K)) (z v23)) z) K) (v3 (S (z (B (K x))) (v7 S x)) (z (K (S B)) (x I z)) (x (S (S v19)) (v3 (S (z (B (K x))) (v7 S (K x (v4 x))))) (z (B K S B) (x I (I z)))) v27)
z (z S) (v19 B (z S I)) z (x (v14 (x (B x) (v16 I) (v28 (B S S)))) (v0 z (K (S S)) x (S (v21 I v8 v0)))) (B (B K) z) (v9 (K B) (x (B (v29 (B K)) (z v23)) z) K) (v3 (S (z (B (K x))) (v7 S x)) (z (K (S B)) (x I z)) (x (S (S v19)) (v3 (S (z (B (K x))) (v7 S x))) (z (B K S B) (x I (I z)))) v27)
z (z S) (v19 B (z S I)) z (x (v14 (x (B x) (v16 I) (v28 (B S S)))) (v0 z (K (S S)) x (S (v21 I v8 v0)))) (B (B K) z) (v9 (K B) (x (B (v29 (B K)) (z v23)) z) K) (v3 (S (z (B (K x))) (v7 S x)) (z (K (S B)) (x I z)) (x (S (S v19)) (v3 (S (z (B (K x))) (v7 S x))) (z (K (S B)) (x I (I z)))) v27)
z (z S) (v19 B (z S I)) z (x (v14 (x (B x) (v16 I) (v28 (B S S)))) (v0 z (K (S S)) x (S (v21 I v8 v0)))) (B (B K) z) (v9 (K B) (x (B (v29 (B K)) (z v23)) z) K) (v3 (S (z (B (K x))) (v7 S x)) (z (K (S B)) (x I z)) (x (S (S v19)) (v3 (S (z (B (K x))) (v7 S x))) (z (K (S B)) (x I z))) v27)
K v8 (S (S B)) (z (B (I K B K v13) v4 S) B z)
v8 (z (B (I K B K v13) v4 S) B z)
v8 (z (I K B K v13 (v4 S)) B z)
v8 (z (K B K v13 (v4 S)) B z)
v8 (z (B v13 (v4 S)) B z)
z (B v12 (I S)) (B z) (x (v4 (x (I (x v21)))) v2 (x (S (x S v8) (S z (x S) (x (B (z S) S) S) (z (I B)) (S v8)))) v9)
z (B v12 S) (B z) (x (v4 (x (I (x v21)))) v2 (x (S (x S v8) (S z (x S) (x (B (z S) S) S) (z (I B)) (S v8)))) v9)
z (B v12 S) (B z) (x (v4 (x (x v21))) v2 (x (S (x S v8) (S z (x S) (x (B (z S) S) S) (z (I B)) (S v8)))) v9)
z (B v12 S) (B z) (x (v4 (x (x v21))) v2 (x (S (x S v8) (z (x (B (z S) S) S) (x S (x (B (z S) S) S)) (z (I B)) (S v8)))) v9)
z (B v12 S) (B z) (x (v4 (x (x v21))) v2 (x (S (x S v8) (z (x (B (z S) S) S) (x S (x (B (z S) S) S)) (z B) (S v8)))) v9)
B (x (K B) (K (K x) x I x)) z (B (x (B (K (x B)) I)) (z K (B x) (K x) S (x S x))) (x S (x z I K (I K x)) (I (x (S B (I (B S)))) (B S I)))
x (K B) (K (K x) x I x) (z (B (x (B (K (x B)) I)) (z K (B x) (K x) S (x S x)))) (x S (x z I K (I K x)) (I (x (S B (I (B S)))) (B S I)))
x (K B) (K x I x) (z (B (x (B (K (x B)) I)) (z K (B x) (K x) S (x S x)))) (x S (x z I K (I K x)) (I (x (S B (I (B S)))) (B S I)))
x (K B) (x x) (z (B (x (B (K (x B)) I)) (z K (B x) (K x) S (x S x)))) (x S (x z I K (I K x)) (I (x (S B (I (B S)))) (B S I)))
x (K B) (x x) (z (B (x (B (K (x B)) I)) (z K (B x) (K x) S (x S x)))) (x S (x z I K (K x)) (I (x (S B (I (B S)))) (B S I)))
x (K B) (x x) (z (B (x (B (K (x B)) I)) (z K (B x) (K x) S (x S x)))) (x S (x z I K (K x)) (x (S B (I (B S))) (B S I)))
x (K B) (x x) (z (B (x (B (K (x B)) I)) (z K (B x) (K x) S (x S x)))) (x S (x z I K (K x)) (x (S B (B S)) (B S I)))
z I z (x (B K (v10 (B S))) (B (z (z v9) v6))) (v15 (K z)) K (v22 B (K B B x) (z B) (K S) (I (v18 B K B)) (I S) (I (v25 B (v14 v26)) (S x) S) (x S))
z I z (x (B K (v10 (B S))) (B (z (z v9) v6))) (v15 (K z)) K (v22 B (B x) (z B) (K S) (I (v18 B K B)) (I S) (I (v25 B (v14 v26)) (S x) S) (x S))
z I z (x (B K (v10 (B S))) (B (z (z v9) v6))) (v15 (K z)) K (v22 B (B x) (z B) (K S) (v18 B K B) (I S) (I (v25 B (v14 v26)) (S x) S) (x S))
z I z (x (B K (v10 (B S))) (B (z (z v9) v6))) (v15 (K z)) K (v22 B (B x) (z B) (K S) (v18 B K B) S (I (v25 B (v14 v26)) (S x) S) (x S))
z I z (x (B K (v10 (B S))) (B (z (z v9) v6))) (v15 (K z)) K (v22 B (B x) (z B) (K S) (v18 B K B) S (v25 B (v14 v26) (S x) S) (x S))
S (v11 (x I (v23 S) (I (K K)) (S v25 (x (B (S v8))) (v28 I) v18 (K (K (x (I z)))))))
S (v11 (x I (v23 S) (K K) (S v25 (x (B (S v8))) (v28 I) v18 (K (K (x (I z)))))))
S (v11 (x I (v23 S) (K K) (v25 (v28 I) (x (B (S v8)) (v28 I)) v18 (K (K (x (I z)))))))
S (v11 (x I (v23 S) (K K) (v25 (v28 I) (x (B (S v8)) (v28 I)) v18 (K (K (x z))))))
v16 (B v8)
x (B S (S (B S)) (K (B v8)) (K (x S) B x)) (S (x x x (x K)) (x (x K (x (v26 x)) (z x) (x I) (I S z) (v14 (v20 B S (I z I) (I B z)) B) (x (z K z)))))
x (S (S (B S) (K (B v8))) (K (x S) B x)) (S (x x x (x K)) (x (x K (x (v26 x)) (z x) (x I) (I S z) (v14 (v20 B S (I z I) (I B z)) B) (x (z K z)))))
x (S (S (B S) (K (B v8))) (x S x)) (S (x x x (x K)) (x (x K (x (v26 x)) (z x) (x I) (I S z) (v14 (v20 B S (I z I) (I B z)) B) (x (z K z)))))
x (S (S (B S) (K (B v8))) (x S x)) (S (x x x (x K)) (x (x K (x (v26 x)) (z x) (x I) (S z) (v14 (v20 B S (I z I) (I B z)) B) (x (z K z)))))
x (S (S (B S) (K (B v8))) (x S x)) (S (x x x (x K)) (x (x K (x (v26 x)) (z x) (x I) (S z) (v14 (v20 B S (z I) (I B z)) B) (x (z K z)))))
x (S (S (B S) (K (B v8))) (x S x)) (S (x x x (x K)) (x (x K (x (v26 x)) (z x) (x I) (S z) (v14 (v20 B S (z I) (B z)) B) (x (z K z)))))
