v9 S (K (K S (K K (z (I (B (K I))) (I S (K v20)) z) (I (B (I B v23 z)))) (x S (K B) z S (x I (z (I S) K (S K (x v14 (z (x x))) B)) (z (B v30 I S)) (z (K I) B z)))))
v9 S (K (S (x S (K B) z S (x I (z (I S) K (S K (x v14 (z (x x))) B)) (z (B v30 I S)) (z (K I) B z)))))
v9 S (K (S (x S (K B) z S (x I (z S K (S K (x v14 (z (x x))) B)) (z (B v30 I S)) (z (K I) B z)))))
v9 S (K (S (x S (K B) z S (x I (z S K (K B (x v14 (z (x x)) B))) (z (B v30 I S)) (z (K I) B z)))))
v9 S (K (S (x S (K B) z S (x I (z S K B) (z (B v30 I S)) (z (K I) B z)))))
v9 S (K (S (x S (K B) z S (x I (z S K B) (z (v30 (I S))) (z (K I) B z)))))
v9 S (K (S (x S (K B) z S (x I (z S K B) (z (v30 S)) (z (K I) B z)))))
K (S x) K K v27 (v1 x (S (I B) (I (z I (I (K I)) B) B) S (I v23)))
S x K v27 (v1 x (S (I B) (I (z I (I (K I)) B) B) S (I v23)))
x v27 (K v27) (v1 x (S (I B) (I (z I (I (K I)) B) B) S (I v23)))
x v27 (K v27) (v1 x (I B S (I (z I (I (K I)) B) B S) (I v23)))
x v27 (K v27) (v1 x (B S (I (z I (I (K I)) B) B S) (I v23)))
x v27 (K v27) (v1 x (S (I (z I (I (K I)) B) B S (I v23))))
x v27 (K v27) (v1 x (S (z I (I (K I)) B B S (I v23))))
x v27 (K v27) (v1 x (S (z I (K I) B B S (I v23))))
x v27 (K v27) (v1 x (S (z I (K I) B B S v23)))
z (x (S (B (S K (v13 z (x v1) S K)))) x) (z (K z)) x (x v15) z
z (x (S K (I (S (B B))) K (z I (I (x z) v8)) (x (I (S K v2) (S (S (z (v16 K))) v22)) (x (x z (I I) z) z) (x (S z) (K (z K S))))) (S (v17 x (K x)) S))
z (x (K K (I (S (B B)) K) (z I (I (x z) v8)) (x (I (S K v2) (S (S (z (v16 K))) v22)) (x (x z (I I) z) z) (x (S z) (K (z K S))))) (S (v17 x (K x)) S))
z (x (K (z I (I (x z) v8)) (x (I (S K v2) (S (S (z (v16 K))) v22)) (x (x z (I I) z) z) (x (S z) (K (z K S))))) (S (v17 x (K x)) S))
z (x (z I (I (x z) v8)) (S (v17 x (K x)) S))
z (x (z I (x z v8)) (S (v17 x (K x)) S))
x (B (S z z (x v24) (z I (I (S (I (B (x I))) B x)) S)) (K (B (v20 (K K) K B)) (x v24))) (S v12 (v20 v14 (B (z B (B (v4 v5))) I v30) z) (x z (x (v17 S) z (K I))))
x (B (z (x v24) (z (x v24)) (z I (I (S (I (B (x I))) B x)) S)) (K (B (v20 (K K) K B)) (x v24))) (S v12 (v20 v14 (B (z B (B (v4 v5))) I v30) z) (x z (x (v17 S) z (K I))))
x (B (z (x v24) (z (x v24)) (z I (S (I (B (x I))) B x) S)) (K (B (v20 (K K) K B)) (x v24))) (S v12 (v20 v14 (B (z B (B (v4 v5))) I v30) z) (x z (x (v17 S) z (K I))))
x (B (z (x v24) (z (x v24)) (z I (I (B (x I)) x (B x)) S)) (K (B (v20 (K K) K B)) (x v24))) (S v12 (v20 v14 (B (z B (B (v4 v5))) I v30) z) (x z (x (v17 S) z (K I))))
x (B (z (x v24) (z (x v24)) (z I (B (x I) x (B x)) S)) (K (B (v20 (K K) K B)) (x v24))) (S v12 (v20 v14 (B (z B (B (v4 v5))) I v30) z) (x z (x (v17 S) z (K I))))
x (B (z (x v24) (z (x v24)) (z I (x I (x (B x))) S)) (K (B (v20 (K K) K B)) (x v24))) (S v12 (v20 v14 (B (z B (B (v4 v5))) I v30) z) (x z (x (v17 S) z (K I))))
x (B (z (x v24) (z (x v24)) (z I (x I (x (B x))) S)) (B (v20 (K K) K B))) (S v12 (v20 v14 (B (z B (B (v4 v5))) I v30) z) (x z (x (v17 S) z (K I))))
x (B (z (x v24) (z (x v24)) (z I (x I (x (B x))) S)) (B (v20 (K K) K B))) (v12 (x z (x (v17 S) z (K I))) (v20 v14 (B (z B (B (v4 v5))) I v30) z (x z (x (v17 S) z (K I)))))
x (B (z (x v24) (z (x v24)) (z I (x I (x (B x))) S)) (B (v20 (K K) K B))) (v12 (x z (x (v17 S) z (K I))) (v20 v14 (z B (B (v4 v5)) (I v30)) z (x z (x (v17 S) z (K I)))))
x (B (z (x v24) (z (x v24)) (z I (x I (x (B x))) S)) (B (v20 (K K) K B))) (v12 (x z (x (v17 S) z (K I))) (v20 v14 (z B (B (v4 v5)) v30) z (x z (x (v17 S) z (K I)))))
K S
v25 (z K v0 K K (I z S)) (v22 (S B B (x v17 x)) (K x v28 S))
v25 (z K v0 K K (z S)) (v22 (S B B (x v17 x)) (K x v28 S))
v25 (z K v0 K K (z S)) (v22 (B (x v17 x) (B (x v17 x))) (K x v28 S))
v25 (z K v0 K K (z S)) (v22 (B (x v17 x) (B (x v17 x))) (x S))
K z
K z (v7 (K B (I (B x z) (v26 I v3 v21 v8 I) (x v6))) x) S
z S
B I (I B (S B z)) (B (K (B z S) (S v29))) (z (K S) I v20 v12 x B (v0 S B (x z) (v25 z (v12 K) (I v26 (x (v19 (v23 (v23 K) v11)) x) v17)))) (v29 (I z) S (I (S B) (I v13) x v23) K)
I (I B (S B z) (B (K (B z S) (S v29)))) (z (K S) I v20 v12 x B (v0 S B (x z) (v25 z (v12 K) (I v26 (x (v19 (v23 (v23 K) v11)) x) v17)))) (v29 (I z) S (I (S B) (I v13) x v23) K)
I B (S B z) (B (K (B z S) (S v29))) (z (K S) I v20 v12 x B (v0 S B (x z) (v25 z (v12 K) (I v26 (x (v19 (v23 (v23 K) v11)) x) v17)))) (v29 (I z) S (I (S B) (I v13) x v23) K)
B (S B z) (B (K (B z S) (S v29))) (z (K S) I v20 v12 x B (v0 S B (x z) (v25 z (v12 K) (I v26 (x (v19 (v23 (v23 K) v11)) x) v17)))) (v29 (I z) S (I (S B) (I v13) x v23) K)
S B z (B (K (B z S) (S v29)) (z (K S) I v20 v12 x B (v0 S B (x z) (v25 z (v12 K) (I v26 (x (v19 (v23 (v23 K) v11)) x) v17))))) (v29 (I z) S (I (S B) (I v13) x v23) K)
B (B (K (B z S) (S v29)) (z (K S) I v20 v12 x B (v0 S B (x z) (v25 z (v12 K) (I v26 (x (v19 (v23 (v23 K) v11)) x) v17))))) (z (B (K (B z S) (S v29)) (z (K S) I v20 v12 x B (v0 S B (x z) (v25 z (v12 K) (I v26 (x (v19 (v23 (v23 K) v11)) x) v17)))))) (v29 (I z) S (I (S B) (I v13) x v23) K)
B (K (B z S) (S v29)) (z (K S) I v20 v12 x B (v0 S B (x z) (v25 z (v12 K) (I v26 (x (v19 (v23 (v23 K) v11)) x) v17)))) (z (B (K (B z S) (S v29)) (z (K S) I v20 v12 x B (v0 S B (x z) (v25 z (v12 K) (I v26 (x (v19 (v23 (v23 K) v11)) x) v17))))) (v29 (I z) S (I (S B) (I v13) x v23) K))
K (B z S) (S v29) (z (K S) I v20 v12 x B (v0 S B (x z) (v25 z (v12 K) (I v26 (x (v19 (v23 (v23 K) v11)) x) v17))) (z (B (K (B z S) (S v29)) (z (K S) I v20 v12 x B (v0 S B (x z) (v25 z (v12 K) (I v26 (x (v19 (v23 (v23 K) v11)) x) v17))))) (v29 (I z) S (I (S B) (I v13) x v23) K)))
B z S (z (K S) I v20 v12 x B (v0 S B (x z) (v25 z (v12 K) (I v26 (x (v19 (v23 (v23 K) v11)) x) v17))) (z (B (K (B z S) (S v29)) (z (K S) I v20 v12 x B (v0 S B (x z) (v25 z (v12 K) (I v26 (x (v19 (v23 (v23 K) v11)) x) v17))))) (v29 (I z) S (I (S B) (I v13) x v23) K)))
z (S (z (K S) I v20 v12 x B (v0 S B (x z) (v25 z (v12 K) (I v26 (x (v19 (v23 (v23 K) v11)) x) v17))) (z (B (K (B z S) (S v29)) (z (K S) I v20 v12 x B (v0 S B (x z) (v25 z (v12 K) (I v26 (x (v19 (v23 (v23 K) v11)) x) v17))))) (v29 (I z) S (I (S B) (I v13) x v23) K))))
z (S (z (K S) I v20 v12 x B (v0 S B (x z) (v25 z (v12 K) (v26 (x (v19 (v23 (v23 K) v11)) x) v17))) (z (B (K (B z S) (S v29)) (z (K S) I v20 v12 x B (v0 S B (x z) (v25 z (v12 K) (I v26 (x (v19 (v23 (v23 K) v11)) x) v17))))) (v29 (I z) S (I (S B) (I v13) x v23) K))))
z (S (z (K S) I v20 v12 x B (v0 S B (x z) (v25 z (v12 K) (v26 (x (v19 (v23 (v23 K) v11)) x) v17))) (z (B (B z S) (z (K S) I v20 v12 x B (v0 S B (x z) (v25 z (v12 K) (I v26 (x (v19 (v23 (v23 K) v11)) x) v17))))) (v29 (I z) S (I (S B) (I v13) x v23) K))))
z (S (z (K S) I v20 v12 x B (v0 S B (x z) (v25 z (v12 K) (v26 (x (v19 (v23 (v23 K) v11)) x) v17))) (z (B (B z S) (z (K S) I v20 v12 x B (v0 S B (x z) (v25 z (v12 K) (v26 (x (v19 (v23 (v23 K) v11)) x) v17))))) (v29 (I z) S (I (S B) (I v13) x v23) K))))
z (S (z (K S) I v20 v12 x B (v0 S B (x z) (v25 z (v12 K) (v26 (x (v19 (v23 (v23 K) v11)) x) v17))) (z (B (B z S) (z (K S) I v20 v12 x B (v0 S B (x z) (v25 z (v12 K) (v26 (x (v19 (v23 (v23 K) v11)) x) v17))))) (v29 z S (I (S B) (I v13) x v23) K))))
z (S (z (K S) I v20 v12 x B (v0 S B (x z) (v25 z (v12 K) (v26 (x (v19 (v23 (v23 K) v11)) x) v17))) (z (B (B z S) (z (K S) I v20 v12 x B (v0 S B (x z) (v25 z (v12 K) (v26 (x (v19 (v23 (v23 K) v11)) x) v17))))) (v29 z S (S B (I v13) x v23) K))))
z (S (z (K S) I v20 v12 x B (v0 S B (x z) (v25 z (v12 K) (v26 (x (v19 (v23 (v23 K) v11)) x) v17))) (z (B (B z S) (z (K S) I v20 v12 x B (v0 S B (x z) (v25 z (v12 K) (v26 (x (v19 (v23 (v23 K) v11)) x) v17))))) (v29 z S (B x (I v13 x) v23) K))))
z (S (z (K S) I v20 v12 x B (v0 S B (x z) (v25 z (v12 K) (v26 (x (v19 (v23 (v23 K) v11)) x) v17))) (z (B (B z S) (z (K S) I v20 v12 x B (v0 S B (x z) (v25 z (v12 K) (v26 (x (v19 (v23 (v23 K) v11)) x) v17))))) (v29 z S (x (I v13 x v23)) K))))
z (S (z (K S) I v20 v12 x B (v0 S B (x z) (v25 z (v12 K) (v26 (x (v19 (v23 (v23 K) v11)) x) v17))) (z (B (B z S) (z (K S) I v20 v12 x B (v0 S B (x z) (v25 z (v12 K) (v26 (x (v19 (v23 (v23 K) v11)) x) v17))))) (v29 z S (x (v13 x v23)) K))))
