B (B I (I (S (S (x (z S))) (v2 (S v12 v16)))) K)
B (I (I (S (S (x (z S))) (v2 (S v12 v16))) K))
B (I (S (S (x (z S))) (v2 (S v12 v16))) K)
B (S (S (x (z S))) (v2 (S v12 v16)) K)
B (S (x (z S)) K (v2 (S v12 v16) K))
B (x (z S) (v2 (S v12 v16) K) (K (v2 (S v12 v16) K)))
I (B (S x) (v19 (x x) K B (K S) K) (z (K K S z I) (v30 (S v25)) (S x) S)) x (B K K)
B (S x) (v19 (x x) K B (K S) K) (z (K K S z I) (v30 (S v25)) (S x) S) x (B K K)
S x (v19 (x x) K B (K S) K (z (K K S z I) (v30 (S v25)) (S x) S)) x (B K K)
x x (v19 (x x) K B (K S) K (z (K K S z I) (v30 (S v25)) (S x) S) x) (B K K)
x x (v19 (x x) K B (K S) K (z (K z I) (v30 (S v25)) (S x) S) x) (B K K)
x x (v19 (x x) K B (K S) K (z z (v30 (S v25)) (S x) S) x) (B K K)
x B
z (v2 I (I B) x (B v17)) (I (x (x (S K))) (S (z (K (K v10)))) (B S (S K)) (S B K))
z (v2 I B x (B v17)) (I (x (x (S K))) (S (z (K (K v10)))) (B S (S K)) (S B K))
z (v2 I B x (B v17)) (x (x (S K)) (S (z (K (K v10)))) (B S (S K)) (S B K))
x (K B (I (K (x I (v10 K S)) S)) S) (B (B v9)) (B v28 x)
x (B S) (B (B v9)) (B v28 x)
v26 (K (z K v13) (S I) (x (B (z B K K)) z) z) (x (v6 K (v2 v17)) (K I) (K z) (S (K (K I I))) (v11 (S B (K (K v18))))) (K (x (S x) S x) (B (I K) B x) (K B I) (x (z v24)))
v26 (z K v13 (x (B (z B K K)) z) z) (x (v6 K (v2 v17)) (K I) (K z) (S (K (K I I))) (v11 (S B (K (K v18))))) (K (x (S x) S x) (B (I K) B x) (K B I) (x (z v24)))
v26 (z K v13 (x (B (z B K K)) z) z) (x (v6 K (v2 v17)) (K I) (K z) (S (K I)) (v11 (S B (K (K v18))))) (K (x (S x) S x) (B (I K) B x) (K B I) (x (z v24)))
v26 (z K v13 (x (B (z B K K)) z) z) (x (v6 K (v2 v17)) (K I) (K z) (S (K I)) (v11 (S B (K (K v18))))) (x (S x) S x (K B I) (x (z v24)))
v26 (z K v13 (x (B (z B K K)) z) z) (x (v6 K (v2 v17)) (K I) (K z) (S (K I)) (v11 (S B (K (K v18))))) (x (S x) S x B (x (z v24)))
S z (x S B) K (S (z (I K)) (B (S B S) (I (I S) I) K (v15 I v3 (x B)) (z I v3))) (B I)
z K (x S B K) (S (z (I K)) (B (S B S) (I (I S) I) K (v15 I v3 (x B)) (z I v3))) (B I)
z K (x S B K) (S (z K) (B (S B S) (I (I S) I) K (v15 I v3 (x B)) (z I v3))) (B I)
z K (x S B K) (S (z K) (S B S (I (I S) I K) (v15 I v3 (x B)) (z I v3))) (B I)
z K (x S B K) (S (z K) (B (I (I S) I K) (S (I (I S) I K)) (v15 I v3 (x B)) (z I v3))) (B I)
z K (x S B K) (S (z K) (I (I S) I K (S (I (I S) I K) (v15 I v3 (x B))) (z I v3))) (B I)
z K (x S B K) (S (z K) (I S I K (S (I (I S) I K) (v15 I v3 (x B))) (z I v3))) (B I)
z K (x S B K) (S (z K) (S I K (S (I (I S) I K) (v15 I v3 (x B))) (z I v3))) (B I)
z K (x S B K) (S (z K) (I (S (I (I S) I K) (v15 I v3 (x B))) (K (S (I (I S) I K) (v15 I v3 (x B)))) (z I v3))) (B I)
z K (x S B K) (S (z K) (S (I (I S) I K) (v15 I v3 (x B)) (K (S (I (I S) I K) (v15 I v3 (x B)))) (z I v3))) (B I)
z K (x S B K) (S (z K) (I (I S) I K (K (S (I (I S) I K) (v15 I v3 (x B)))) (v15 I v3 (x B) (K (S (I (I S) I K) (v15 I v3 (x B))))) (z I v3))) (B I)
z K (x S B K) (S (z K) (I S I K (K (S (I (I S) I K) (v15 I v3 (x B)))) (v15 I v3 (x B) (K (S (I (I S) I K) (v15 I v3 (x B))))) (z I v3))) (B I)
z K (x S B K) (S (z K) (S I K (K (S (I (I S) I K) (v15 I v3 (x B)))) (v15 I v3 (x B) (K (S (I (I S) I K) (v15 I v3 (x B))))) (z I v3))) (B I)
z K (x S B K) (S (z K) (I (K (S (I (I S) I K) (v15 I v3 (x B)))) (K (K (S (I (I S) I K) (v15 I v3 (x B))))) (v15 I v3 (x B) (K (S (I (I S) I K) (v15 I v3 (x B))))) (z I v3))) (B I)
z K (x S B K) (S (z K) (K (S (I (I S) I K) (v15 I v3 (x B))) (K (K (S (I (I S) I K) (v15 I v3 (x B))))) (v15 I v3 (x B) (K (S (I (I S) I K) (v15 I v3 (x B))))) (z I v3))) (B I)
z K (x S B K) (S (z K) (S (I (I S) I K) (v15 I v3 (x B)) (v15 I v3 (x B) (K (S (I (I S) I K) (v15 I v3 (x B))))) (z I v3))) (B I)
z K (x S B K) (S (z K) (I (I S) I K (v15 I v3 (x B) (K (S (I (I S) I K) (v15 I v3 (x B))))) (v15 I v3 (x B) (v15 I v3 (x B) (K (S (I (I S) I K) (v15 I v3 (x B)))))) (z I v3))) (B I)
z K (x S B K) (S (z K) (I S I K (v15 I v3 (x B) (K (S (I (I S) I K) (v15 I v3 (x B))))) (v15 I v3 (x B) (v15 I v3 (x B) (K (S (I (I S) I K) (v15 I v3 (x B)))))) (z I v3))) (B I)
z K (x S B K) (S (z K) (S I K (v15 I v3 (x B) (K (S (I (I S) I K) (v15 I v3 (x B))))) (v15 I v3 (x B) (v15 I v3 (x B) (K (S (I (I S) I K) (v15 I v3 (x B)))))) (z I v3))) (B I)
z K (x S B K) (S (z K) (I (v15 I v3 (x B) (K (S (I (I S) I K) (v15 I v3 (x B))))) (K (v15 I v3 (x B) (K (S (I (I S) I K) (v15 I v3 (x B)))))) (v15 I v3 (x B) (v15 I v3 (x B) (K (S (I (I S) I K) (v15 I v3 (x B)))))) (z I v3))) (B I)
z K (x S B K) (S (z K) (v15 I v3 (x B) (K (S (I (I S) I K) (v15 I v3 (x B)))) (K (v15 I v3 (x B) (K (S (I (I S) I K) (v15 I v3 (x B)))))) (v15 I v3 (x B) (v15 I v3 (x B) (K (S (I (I S) I K) (v15 I v3 (x B)))))) (z I v3))) (B I)
z K (x S B K) (S (z K) (v15 I v3 (x B) (K (S (I S I K) (v15 I v3 (x B)))) (K (v15 I v3 (x B) (K (S (I (I S) I K) (v15 I v3 (x B)))))) (v15 I v3 (x B) (v15 I v3 (x B) (K (S (I (I S) I K) (v15 I v3 (x B)))))) (z I v3))) (B I)
z K (x S B K) (S (z K) (v15 I v3 (x B) (K (S (S I K) (v15 I v3 (x B)))) (K (v15 I v3 (x B) (K (S (I (I S) I K) (v15 I v3 (x B)))))) (v15 I v3 (x B) (v15 I v3 (x B) (K (S (I (I S) I K) (v15 I v3 (x B)))))) (z I v3))) (B I)
z K (x S B K) (S (z K) (v15 I v3 (x B) (K (S (S I K) (v15 I v3 (x B)))) (K (v15 I v3 (x B) (K (S (I S I K) (v15 I v3 (x B)))))) (v15 I v3 (x B) (v15 I v3 (x B) (K (S (I (I S) I K) (v15 I v3 (x B)))))) (z I v3))) (B I)
z K (x S B K) (S (z K) (v15 I v3 (x B) (K (S (S I K) (v15 I v3 (x B)))) (K (v15 I v3 (x B) (K (S (S I K) (v15 I v3 (x B)))))) (v15 I v3 (x B) (v15 I v3 (x B) (K (S (I (I S) I K) (v15 I v3 (x B)))))) (z I v3))) (B I)
z K (x S B K) (S (z K) (v15 I v3 (x B) (K (S (S I K) (v15 I v3 (x B)))) (K (v15 I v3 (x B) (K (S (S I K) (v15 I v3 (x B)))))) (v15 I v3 (x B) (v15 I v3 (x B) (K (S (I S I K) (v15 I v3 (x B)))))) (z I v3))) (B I)
z K (x S B K) (S (z K) (v15 I v3 (x B) (K (S (S I K) (v15 I v3 (x B)))) (K (v15 I v3 (x B) (K (S (S I K) (v15 I v3 (x B)))))) (v15 I v3 (x B) (v15 I v3 (x B) (K (S (S I K) (v15 I v3 (x B)))))) (z I v3))) (B I)
B
x (K (I (K (B I S) (v11 (v28 v9 (I v30) S) S) (I (v11 (I (S S (x x))))))) (K z (x K) S (I (K S z (K (S K B)))) (K (v17 x))) (S K))
x (I (K (B I S) (v11 (v28 v9 (I v30) S) S) (I (v11 (I (S S (x x)))))) (S K))
x (K (B I S) (v11 (v28 v9 (I v30) S) S) (I (v11 (I (S S (x x))))) (S K))
x (B I S (I (v11 (I (S S (x x))))) (S K))
x (I (S (I (v11 (I (S S (x x)))))) (S K))
x (S (I (v11 (I (S S (x x))))) (S K))
x (S (v11 (I (S S (x x)))) (S K))
x (S (v11 (S S (x x))) (S K))
K (K K I z (S S) (z B (S (z (v6 S S) (K v7) (v2 S (K z))) (S v14)))) (I (x (K K v22)) x) K
K K I z (S S) (z B (S (z (v6 S S) (K v7) (v2 S (K z))) (S v14))) K
K z (S S) (z B (S (z (v6 S S) (K v7) (v2 S (K z))) (S v14))) K
z (z B (S (z (v6 S S) (K v7) (v2 S (K z))) (S v14))) K
