K (I B (K v30 K (K (z z (z B) B) B))) (K S)
I B (K v30 K (K (z z (z B) B) B))
B (K v30 K (K (z z (z B) B) B))
B (v30 (K (z z (z B) B) B))
B (v30 (z z (z B) B))
v18 B (v30 (B x) (B (S (B (x K (I B K S) x))) (v29 (K K) v9 x (x S x (B S) (z (B K (K v17) (B (z v7)))) (B (x v8) K) (K S z))) (x (B I))))
v18 B (v30 (B x) (S (B (x K (I B K S) x)) (v29 (K K) v9 x (x S x (B S) (z (B K (K v17) (B (z v7)))) (B (x v8) K) (K S z)) (x (B I)))))
v18 B (v30 (B x) (S (B (x K (B K S) x)) (v29 (K K) v9 x (x S x (B S) (z (B K (K v17) (B (z v7)))) (B (x v8) K) (K S z)) (x (B I)))))
v18 B (v30 (B x) (S (B (x K (B K S) x)) (v29 (K K) v9 x (x S x (B S) (z (K (K v17 (B (z v7))))) (B (x v8) K) (K S z)) (x (B I)))))
v18 B (v30 (B x) (S (B (x K (B K S) x)) (v29 (K K) v9 x (x S x (B S) (z (K v17)) (B (x v8) K) (K S z)) (x (B I)))))
v18 B (v30 (B x) (S (B (x K (B K S) x)) (v29 (K K) v9 x (x S x (B S) (z (K v17)) (B (x v8) K) S) (x (B I)))))
z (x (I (z (z v30)) (S (K x z)))) I (K (S z) I) (K (x I (z v17 (x K (K x) z)) (x (B B S))))
z (x (z (z v30) (S (K x z)))) I (K (S z) I) (K (x I (z v17 (x K (K x) z)) (x (B B S))))
z (x (z (z v30) (S x))) I (K (S z) I) (K (x I (z v17 (x K (K x) z)) (x (B B S))))
z (x (z (z v30) (S x))) I (S z) (K (x I (z v17 (x K (K x) z)) (x (B B S))))
B
S (z (K (B (z (v29 x x))))) (K (I I (v15 S (z (B K) K)) (x I (v13 x B B) v5)) (z (z x) (z z B z) (I I))) (I (K (v2 x S) (z B B) v4 K) (v4 K (K (K z) x) (S (K (x (I z)) x x x B S) S) (B K)))
z (K (B (z (v29 x x)))) (I (K (v2 x S) (z B B) v4 K) (v4 K (K (K z) x) (S (K (x (I z)) x x x B S) S) (B K))) (K (I I (v15 S (z (B K) K)) (x I (v13 x B B) v5)) (z (z x) (z z B z) (I I)) (I (K (v2 x S) (z B B) v4 K) (v4 K (K (K z) x) (S (K (x (I z)) x x x B S) S) (B K))))
z (K (B (z (v29 x x)))) (K (v2 x S) (z B B) v4 K (v4 K (K (K z) x) (S (K (x (I z)) x x x B S) S) (B K))) (K (I I (v15 S (z (B K) K)) (x I (v13 x B B) v5)) (z (z x) (z z B z) (I I)) (I (K (v2 x S) (z B B) v4 K) (v4 K (K (K z) x) (S (K (x (I z)) x x x B S) S) (B K))))
z (K (B (z (v29 x x)))) (v2 x S v4 K (v4 K (K (K z) x) (S (K (x (I z)) x x x B S) S) (B K))) (K (I I (v15 S (z (B K) K)) (x I (v13 x B B) v5)) (z (z x) (z z B z) (I I)) (I (K (v2 x S) (z B B) v4 K) (v4 K (K (K z) x) (S (K (x (I z)) x x x B S) S) (B K))))
z (K (B (z (v29 x x)))) (v2 x S v4 K (v4 K (K z) (S (K (x (I z)) x x x B S) S) (B K))) (K (I I (v15 S (z (B K) K)) (x I (v13 x B B) v5)) (z (z x) (z z B z) (I I)) (I (K (v2 x S) (z B B) v4 K) (v4 K (K (K z) x) (S (K (x (I z)) x x x B S) S) (B K))))
z (K (B (z (v29 x x)))) (v2 x S v4 K (v4 K (K z) (S (x (I z) x x B S) S) (B K))) (K (I I (v15 S (z (B K) K)) (x I (v13 x B B) v5)) (z (z x) (z z B z) (I I)) (I (K (v2 x S) (z B B) v4 K) (v4 K (K (K z) x) (S (K (x (I z)) x x x B S) S) (B K))))
z (K (B (z (v29 x x)))) (v2 x S v4 K (v4 K (K z) (S (x z x x B S) S) (B K))) (K (I I (v15 S (z (B K) K)) (x I (v13 x B B) v5)) (z (z x) (z z B z) (I I)) (I (K (v2 x S) (z B B) v4 K) (v4 K (K (K z) x) (S (K (x (I z)) x x x B S) S) (B K))))
z (K (B (z (v29 x x)))) (v2 x S v4 K (v4 K (K z) (S (x z x x B S) S) (B K))) (I I (v15 S (z (B K) K)) (x I (v13 x B B) v5) (I (K (v2 x S) (z B B) v4 K) (v4 K (K (K z) x) (S (K (x (I z)) x x x B S) S) (B K))))
z (K (B (z (v29 x x)))) (v2 x S v4 K (v4 K (K z) (S (x z x x B S) S) (B K))) (I (v15 S (z (B K) K)) (x I (v13 x B B) v5) (I (K (v2 x S) (z B B) v4 K) (v4 K (K (K z) x) (S (K (x (I z)) x x x B S) S) (B K))))
z (K (B (z (v29 x x)))) (v2 x S v4 K (v4 K (K z) (S (x z x x B S) S) (B K))) (v15 S (z (B K) K) (x I (v13 x B B) v5) (I (K (v2 x S) (z B B) v4 K) (v4 K (K (K z) x) (S (K (x (I z)) x x x B S) S) (B K))))
z (K (B (z (v29 x x)))) (v2 x S v4 K (v4 K (K z) (S (x z x x B S) S) (B K))) (v15 S (z (B K) K) (x I (v13 x B B) v5) (K (v2 x S) (z B B) v4 K (v4 K (K (K z) x) (S (K (x (I z)) x x x B S) S) (B K))))
z (K (B (z (v29 x x)))) (v2 x S v4 K (v4 K (K z) (S (x z x x B S) S) (B K))) (v15 S (z (B K) K) (x I (v13 x B B) v5) (v2 x S v4 K (v4 K (K (K z) x) (S (K (x (I z)) x x x B S) S) (B K))))
z (K (B (z (v29 x x)))) (v2 x S v4 K (v4 K (K z) (S (x z x x B S) S) (B K))) (v15 S (z (B K) K) (x I (v13 x B B) v5) (v2 x S v4 K (v4 K (K z) (S (K (x (I z)) x x x B S) S) (B K))))
z (K (B (z (v29 x x)))) (v2 x S v4 K (v4 K (K z) (S (x z x x B S) S) (B K))) (v15 S (z (B K) K) (x I (v13 x B B) v5) (v2 x S v4 K (v4 K (K z) (S (x (I z) x x B S) S) (B K))))
z (K (B (z (v29 x x)))) (v2 x S v4 K (v4 K (K z) (S (x z x x B S) S) (B K))) (v15 S (z (B K) K) (x I (v13 x B B) v5) (v2 x S v4 K (v4 K (K z) (S (x z x x B S) S) (B K))))
S
B
B B (v0 (K I (I (B (S (S B) I)) (x (B (I (B I)))))) v28) (v16 B (z (K (K K)) S) x)
B (v0 (K I (I (B (S (S B) I)) (x (B (I (B I)))))) v28 (v16 B (z (K (K K)) S) x))
B (v0 I v28 (v16 B (z (K (K K)) S) x))
B
z (K (B B v20 K (I (z x) v20 (K (I z)) v16) B)) B (I (S (K (x (B (B S x (S K)) (S x) I)))))
z (K (B (v20 K) (I (z x) v20 (K (I z)) v16) B)) B (I (S (K (x (B (B S x (S K)) (S x) I)))))
z (K (v20 K (I (z x) v20 (K (I z)) v16 B))) B (I (S (K (x (B (B S x (S K)) (S x) I)))))
z (K (v20 K (z x v20 (K (I z)) v16 B))) B (I (S (K (x (B (B S x (S K)) (S x) I)))))
z (K (v20 K (z x v20 (K z) v16 B))) B (I (S (K (x (B (B S x (S K)) (S x) I)))))
z (K (v20 K (z x v20 (K z) v16 B))) B (S (K (x (B (B S x (S K)) (S x) I))))
z (K (v20 K (z x v20 (K z) v16 B))) B (S (K (x (B S x (S K) (S x I)))))
z (K (v20 K (z x v20 (K z) v16 B))) B (S (K (x (S (x (S K)) (S x I)))))
