K (I (B S)) K (B I (S z B v28 (z S (S (x (K B S) S)) S S)) (v19 (z B (S (v13 x))))) z I
I (B S) (B I (S z B v28 (z S (S (x (K B S) S)) S S)) (v19 (z B (S (v13 x))))) z I
B S (B I (S z B v28 (z S (S (x (K B S) S)) S S)) (v19 (z B (S (v13 x))))) z I
S (B I (S z B v28 (z S (S (x (K B S) S)) S S)) (v19 (z B (S (v13 x)))) z) I
S (I (S z B v28 (z S (S (x (K B S) S)) S S) (v19 (z B (S (v13 x))))) z) I
S (S z B v28 (z S (S (x (K B S) S)) S S) (v19 (z B (S (v13 x)))) z) I
S (z v28 (B v28) (z S (S (x (K B S) S)) S S) (v19 (z B (S (v13 x)))) z) I
S (z v28 (B v28) (z S (S (x B S)) S S) (v19 (z B (S (v13 x)))) z) I
I B
B
I (x I (B K) (B B)) x
x I (B K) (B B) x
I K (v22 B (v3 v28 S (I (v29 z v24) B)) (z (K (z (K v7)) B) v1) K)
K (v22 B (v3 v28 S (I (v29 z v24) B)) (z (K (z (K v7)) B) v1) K)
K (v22 B (v3 v28 S (v29 z v24 B)) (z (K (z (K v7)) B) v1) K)
K (v22 B (v3 v28 S (v29 z v24 B)) (z (z (K v7)) v1) K)
x (z K v24) (K x (v6 I B K I (I I)) (I K) (B v12 (I (x v10)) v12)) (x (I (S v9 S (x (S z) (S z) B (I x)))) z) (I B (S B) (I (x (v1 (K (x x z) I S)) (z (z x z) I))) S)
x (z K v24) (x (I K) (B v12 (I (x v10)) v12)) (x (I (S v9 S (x (S z) (S z) B (I x)))) z) (I B (S B) (I (x (v1 (K (x x z) I S)) (z (z x z) I))) S)
x (z K v24) (x K (B v12 (I (x v10)) v12)) (x (I (S v9 S (x (S z) (S z) B (I x)))) z) (I B (S B) (I (x (v1 (K (x x z) I S)) (z (z x z) I))) S)
x (z K v24) (x K (v12 (I (x v10) v12))) (x (I (S v9 S (x (S z) (S z) B (I x)))) z) (I B (S B) (I (x (v1 (K (x x z) I S)) (z (z x z) I))) S)
x (z K v24) (x K (v12 (x v10 v12))) (x (I (S v9 S (x (S z) (S z) B (I x)))) z) (I B (S B) (I (x (v1 (K (x x z) I S)) (z (z x z) I))) S)
x (z K v24) (x K (v12 (x v10 v12))) (x (S v9 S (x (S z) (S z) B (I x))) z) (I B (S B) (I (x (v1 (K (x x z) I S)) (z (z x z) I))) S)
x (z K v24) (x K (v12 (x v10 v12))) (x (v9 (x (S z) (S z) B (I x)) (S (x (S z) (S z) B (I x)))) z) (I B (S B) (I (x (v1 (K (x x z) I S)) (z (z x z) I))) S)
x (z K v24) (x K (v12 (x v10 v12))) (x (v9 (x (S z) (S z) B x) (S (x (S z) (S z) B (I x)))) z) (I B (S B) (I (x (v1 (K (x x z) I S)) (z (z x z) I))) S)
x (z K v24) (x K (v12 (x v10 v12))) (x (v9 (x (S z) (S z) B x) (S (x (S z) (S z) B x))) z) (I B (S B) (I (x (v1 (K (x x z) I S)) (z (z x z) I))) S)
x (z K v24) (x K (v12 (x v10 v12))) (x (v9 (x (S z) (S z) B x) (S (x (S z) (S z) B x))) z) (B (S B) (I (x (v1 (K (x x z) I S)) (z (z x z) I))) S)
x (z K v24) (x K (v12 (x v10 v12))) (x (v9 (x (S z) (S z) B x) (S (x (S z) (S z) B x))) z) (S B (I (x (v1 (K (x x z) I S)) (z (z x z) I)) S))
x (z K v24) (x K (v12 (x v10 v12))) (x (v9 (x (S z) (S z) B x) (S (x (S z) (S z) B x))) z) (S B (x (v1 (K (x x z) I S)) (z (z x z) I) S))
x (z K v24) (x K (v12 (x v10 v12))) (x (v9 (x (S z) (S z) B x) (S (x (S z) (S z) B x))) z) (S B (x (v1 (x x z S)) (z (z x z) I) S))
x v18 x (S z z z (I I) v11 B I (B (B S (I B K))))
x v18 x (z z (z z) (I I) v11 B I (B (B S (I B K))))
x v18 x (z z (z z) I v11 B I (B (B S (I B K))))
x v18 x (z z (z z) I v11 B I (B (B S (B K))))
v23 (I x (B K (z (K z) S) S) B v15 K) B
v23 (x (B K (z (K z) S) S) B v15 K) B
v23 (x (K (z (K z) S S)) B v15 K) B
v12 (I z (x (K I)) (K (I (I B I) K)) (v25 S) (B (z (S (B x I) (z z)) (S (S (x (x I)) z B (S B z (B K)))) (K K v6 (v5 (x z) S z))))) (x (S (S x)) (B (B (z S) v13)) (B B) v8 (B v21 (v25 (x K x)) x) B)
v12 (z (x (K I)) (K (I (I B I) K)) (v25 S) (B (z (S (B x I) (z z)) (S (S (x (x I)) z B (S B z (B K)))) (K K v6 (v5 (x z) S z))))) (x (S (S x)) (B (B (z S) v13)) (B B) v8 (B v21 (v25 (x K x)) x) B)
v12 (z (x (K I)) (K (I B I K)) (v25 S) (B (z (S (B x I) (z z)) (S (S (x (x I)) z B (S B z (B K)))) (K K v6 (v5 (x z) S z))))) (x (S (S x)) (B (B (z S) v13)) (B B) v8 (B v21 (v25 (x K x)) x) B)
v12 (z (x (K I)) (K (B I K)) (v25 S) (B (z (S (B x I) (z z)) (S (S (x (x I)) z B (S B z (B K)))) (K K v6 (v5 (x z) S z))))) (x (S (S x)) (B (B (z S) v13)) (B B) v8 (B v21 (v25 (x K x)) x) B)
v12 (z (x (K I)) (K (B I K)) (v25 S) (B (z (S (B x I) (z z)) (S (x (x I) B (z B) (S B z (B K)))) (K K v6 (v5 (x z) S z))))) (x (S (S x)) (B (B (z S) v13)) (B B) v8 (B v21 (v25 (x K x)) x) B)
v12 (z (x (K I)) (K (B I K)) (v25 S) (B (z (S (B x I) (z z)) (S (x (x I) B (z B) (B (B K) (z (B K))))) (K K v6 (v5 (x z) S z))))) (x (S (S x)) (B (B (z S) v13)) (B B) v8 (B v21 (v25 (x K x)) x) B)
v12 (z (x (K I)) (K (B I K)) (v25 S) (B (z (S (B x I) (z z)) (S (x (x I) B (z B) (B (B K) (z (B K))))) (K (v5 (x z) S z))))) (x (S (S x)) (B (B (z S) v13)) (B B) v8 (B v21 (v25 (x K x)) x) B)
v12 (z (x (K I)) (K (B I K)) (v25 S) (B (z (S (B x I) (z z)) (S (x (x I) B (z B) (B (B K) (z (B K))))) (K (v5 (x z) S z))))) (x (S (S x)) (B (B (z S) v13)) (B B) v8 (v21 (v25 (x K x) x)) B)
x
S K (K K) (B I (v7 z v6 S) (S (I (S v26)) (v26 z (K v30 K) (S v23)) I v16) K S)
K (B I (v7 z v6 S) (S (I (S v26)) (v26 z (K v30 K) (S v23)) I v16) K S) (K K (B I (v7 z v6 S) (S (I (S v26)) (v26 z (K v30 K) (S v23)) I v16) K S))
B I (v7 z v6 S) (S (I (S v26)) (v26 z (K v30 K) (S v23)) I v16) K S
I (v7 z v6 S (S (I (S v26)) (v26 z (K v30 K) (S v23)) I v16)) K S
v7 z v6 S (S (I (S v26)) (v26 z (K v30 K) (S v23)) I v16) K S
v7 z v6 S (I (S v26) I (v26 z (K v30 K) (S v23) I) v16) K S
v7 z v6 S (S v26 I (v26 z (K v30 K) (S v23) I) v16) K S
v7 z v6 S (v26 (v26 z (K v30 K) (S v23) I) (I (v26 z (K v30 K) (S v23) I)) v16) K S
v7 z v6 S (v26 (v26 z v30 (S v23) I) (I (v26 z (K v30 K) (S v23) I)) v16) K S
v7 z v6 S (v26 (v26 z v30 (S v23) I) (v26 z (K v30 K) (S v23) I) v16) K S
v7 z v6 S (v26 (v26 z v30 (S v23) I) (v26 z v30 (S v23) I) v16) K S
