I v7 (S x) (S v21 (v8 z B))
v7 (S x) (S v21 (v8 z B))
B
S (I K (v16 (S K S K) x (B x (I (x (K (v29 I) K) z) (S S (I v4))) I) z)) (K (S (B x) v15)) (S (I v4) (B (K (S I) (z (K (B (B S S) x (I I) B)))) (I B) I))
I K (v16 (S K S K) x (B x (I (x (K (v29 I) K) z) (S S (I v4))) I) z) (S (I v4) (B (K (S I) (z (K (B (B S S) x (I I) B)))) (I B) I)) (K (S (B x) v15) (S (I v4) (B (K (S I) (z (K (B (B S S) x (I I) B)))) (I B) I)))
K (v16 (S K S K) x (B x (I (x (K (v29 I) K) z) (S S (I v4))) I) z) (S (I v4) (B (K (S I) (z (K (B (B S S) x (I I) B)))) (I B) I)) (K (S (B x) v15) (S (I v4) (B (K (S I) (z (K (B (B S S) x (I I) B)))) (I B) I)))
v16 (S K S K) x (B x (I (x (K (v29 I) K) z) (S S (I v4))) I) z (K (S (B x) v15) (S (I v4) (B (K (S I) (z (K (B (B S S) x (I I) B)))) (I B) I)))
v16 (K K (S K)) x (B x (I (x (K (v29 I) K) z) (S S (I v4))) I) z (K (S (B x) v15) (S (I v4) (B (K (S I) (z (K (B (B S S) x (I I) B)))) (I B) I)))
v16 K x (B x (I (x (K (v29 I) K) z) (S S (I v4))) I) z (K (S (B x) v15) (S (I v4) (B (K (S I) (z (K (B (B S S) x (I I) B)))) (I B) I)))
v16 K x (x (I (x (K (v29 I) K) z) (S S (I v4)) I)) z (K (S (B x) v15) (S (I v4) (B (K (S I) (z (K (B (B S S) x (I I) B)))) (I B) I)))
v16 K x (x (x (K (v29 I) K) z (S S (I v4)) I)) z (K (S (B x) v15) (S (I v4) (B (K (S I) (z (K (B (B S S) x (I I) B)))) (I B) I)))
v16 K x (x (x (v29 I) z (S S (I v4)) I)) z (K (S (B x) v15) (S (I v4) (B (K (S I) (z (K (B (B S S) x (I I) B)))) (I B) I)))
v16 K x (x (x (v29 I) z (S S v4) I)) z (K (S (B x) v15) (S (I v4) (B (K (S I) (z (K (B (B S S) x (I I) B)))) (I B) I)))
v16 K x (x (x (v29 I) z (S S v4) I)) z (S (B x) v15)
z B (x B) x S I v29 z (S K I) (K z K (z x) v1 x K (z (S (I S) v30 (x B B) (I (I v19)) S)) (K (B (I (I S) S) B (S I (K (x z) v2) I) z) (K x)))
z B (x B) x S I v29 z (S K I) (z (z x) v1 x K (z (S (I S) v30 (x B B) (I (I v19)) S)) (K (B (I (I S) S) B (S I (K (x z) v2) I) z) (K x)))
z B (x B) x S I v29 z (S K I) (z (z x) v1 x K (z (I S (x B B) (v30 (x B B)) (I (I v19)) S)) (K (B (I (I S) S) B (S I (K (x z) v2) I) z) (K x)))
z B (x B) x S I v29 z (S K I) (z (z x) v1 x K (z (S (x B B) (v30 (x B B)) (I (I v19)) S)) (K (B (I (I S) S) B (S I (K (x z) v2) I) z) (K x)))
z B (x B) x S I v29 z (S K I) (z (z x) v1 x K (z (x B B (I (I v19)) (v30 (x B B) (I (I v19))) S)) (K (B (I (I S) S) B (S I (K (x z) v2) I) z) (K x)))
z B (x B) x S I v29 z (S K I) (z (z x) v1 x K (z (x B B (I v19) (v30 (x B B) (I (I v19))) S)) (K (B (I (I S) S) B (S I (K (x z) v2) I) z) (K x)))
z B (x B) x S I v29 z (S K I) (z (z x) v1 x K (z (x B B v19 (v30 (x B B) (I (I v19))) S)) (K (B (I (I S) S) B (S I (K (x z) v2) I) z) (K x)))
z B (x B) x S I v29 z (S K I) (z (z x) v1 x K (z (x B B v19 (v30 (x B B) (I v19)) S)) (K (B (I (I S) S) B (S I (K (x z) v2) I) z) (K x)))
z B (x B) x S I v29 z (S K I) (z (z x) v1 x K (z (x B B v19 (v30 (x B B) v19) S)) (K (B (I (I S) S) B (S I (K (x z) v2) I) z) (K x)))
z B (x B) x S I v29 z (S K I) (z (z x) v1 x K (z (x B B v19 (v30 (x B B) v19) S)) (B (I (I S) S) B (S I (K (x z) v2) I) z))
z B (x B) x S I v29 z (S K I) (z (z x) v1 x K (z (x B B v19 (v30 (x B B) v19) S)) (I (I S) S (B (S I (K (x z) v2) I)) z))
z B (x B) x S I v29 z (S K I) (z (z x) v1 x K (z (x B B v19 (v30 (x B B) v19) S)) (I S S (B (S I (K (x z) v2) I)) z))
z B (x B) x S I v29 z (S K I) (z (z x) v1 x K (z (x B B v19 (v30 (x B B) v19) S)) (S S (B (S I (K (x z) v2) I)) z))
z B (x B) x S I v29 z (S K I) (z (z x) v1 x K (z (x B B v19 (v30 (x B B) v19) S)) (S z (B (S I (K (x z) v2) I) z)))
z B (x B) x S I v29 z (S K I) (z (z x) v1 x K (z (x B B v19 (v30 (x B B) v19) S)) (S z (B (I I (K (x z) v2 I)) z)))
z B (x B) x S I v29 z (S K I) (z (z x) v1 x K (z (x B B v19 (v30 (x B B) v19) S)) (S z (B (I (K (x z) v2 I)) z)))
z B (x B) x S I v29 z (S K I) (z (z x) v1 x K (z (x B B v19 (v30 (x B B) v19) S)) (S z (B (K (x z) v2 I) z)))
z B (x B) x S I v29 z (S K I) (z (z x) v1 x K (z (x B B v19 (v30 (x B B) v19) S)) (S z (B (x z I) z)))
B K (B (x z I)) (S (x (I (B B)))) S (K I (S z v25) S (S x) v10)
K (B (x z I) (S (x (I (B B))))) S (K I (S z v25) S (S x) v10)
B (x z I) (S (x (I (B B)))) (K I (S z v25) S (S x) v10)
x z I (S (x (I (B B))) (K I (S z v25) S (S x) v10))
x z I (S (x (B B)) (K I (S z v25) S (S x) v10))
x z I (S (x (B B)) (I S (S x) v10))
x z I (S (x (B B)) (S (S x) v10))
B (S S (B B)) (I v26) (x (I v23))
S S (B B) (I v26 (x (I v23)))
S (I v26 (x (I v23))) (B B (I v26 (x (I v23))))
S (v26 (x (I v23))) (B B (I v26 (x (I v23))))
S (v26 (x v23)) (B B (I v26 (x (I v23))))
S (v26 (x v23)) (B B (v26 (x (I v23))))
S (v26 (x v23)) (B B (v26 (x v23)))
B B x (z (z K (v27 v19 B) K I) I) (x x x (K I S))
B (x (z (z K (v27 v19 B) K I) I)) (x x x (K I S))
B (x (z (z K (v27 v19 B) K I) I)) (x x x I)
v22 (x I v5 (v3 S)) (I (B x z x) (v8 (S z (z I)) z (x (z (x z) z)))) z
v22 (x I v5 (v3 S)) (B x z x (v8 (S z (z I)) z (x (z (x z) z)))) z
v22 (x I v5 (v3 S)) (x (z x) (v8 (S z (z I)) z (x (z (x z) z)))) z
S
B (x (x x)) (v10 (x v2 I) I (K x (K (B B) S)) S x) (v23 (I (K v17 v20 K))) (v2 (S I (K I)) I (K (S (K x))))
x (x x) (v10 (x v2 I) I (K x (K (B B) S)) S x (v23 (I (K v17 v20 K)))) (v2 (S I (K I)) I (K (S (K x))))
x (x x) (v10 (x v2 I) I x S x (v23 (I (K v17 v20 K)))) (v2 (S I (K I)) I (K (S (K x))))
x (x x) (v10 (x v2 I) I x S x (v23 (K v17 v20 K))) (v2 (S I (K I)) I (K (S (K x))))
x (x x) (v10 (x v2 I) I x S x (v23 (v17 K))) (v2 (S I (K I)) I (K (S (K x))))
