x I (x (x (v17 (x (K v24))) B)) x (I (x v4) (K I (S v11) (S (B K I S S)))) (K (v16 (K z) B (B S x)) (B I) (K (I S v4)) (S S z))
x I (x (x (v17 (x (K v24))) B)) x (x v4 (K I (S v11) (S (B K I S S)))) (K (v16 (K z) B (B S x)) (B I) (K (I S v4)) (S S z))
x I (x (x (v17 (x (K v24))) B)) x (x v4 (I (S (B K I S S)))) (K (v16 (K z) B (B S x)) (B I) (K (I S v4)) (S S z))
x I (x (x (v17 (x (K v24))) B)) x (x v4 (S (B K I S S))) (K (v16 (K z) B (B S x)) (B I) (K (I S v4)) (S S z))
x I (x (x (v17 (x (K v24))) B)) x (x v4 (S (K (I S) S))) (K (v16 (K z) B (B S x)) (B I) (K (I S v4)) (S S z))
x I (x (x (v17 (x (K v24))) B)) x (x v4 (S (I S))) (K (v16 (K z) B (B S x)) (B I) (K (I S v4)) (S S z))
x I (x (x (v17 (x (K v24))) B)) x (x v4 (S S)) (K (v16 (K z) B (B S x)) (B I) (K (I S v4)) (S S z))
x I (x (x (v17 (x (K v24))) B)) x (x v4 (S S)) (v16 (K z) B (B S x) (K (I S v4)) (S S z))
x I (x (x (v17 (x (K v24))) B)) x (x v4 (S S)) (v16 (K z) B (B S x) (K (S v4)) (S S z))
S (v15 (v5 I) (I K (z I v5) (K S (v20 (x (I I) (S (S B K)))))) (z K x (x z) (S B (K S I)) (I I))) I (x z)
v15 (v5 I) (I K (z I v5) (K S (v20 (x (I I) (S (S B K)))))) (z K x (x z) (S B (K S I)) (I I)) (x z) (I (x z))
v15 (v5 I) (K (z I v5) (K S (v20 (x (I I) (S (S B K)))))) (z K x (x z) (S B (K S I)) (I I)) (x z) (I (x z))
v15 (v5 I) (z I v5) (z K x (x z) (S B (K S I)) (I I)) (x z) (I (x z))
v15 (v5 I) (z I v5) (z K x (x z) (S B S) (I I)) (x z) (I (x z))
v15 (v5 I) (z I v5) (z K x (x z) (S B S) I) (x z) (I (x z))
v15 (v5 I) (z I v5) (z K x (x z) (S B S) I) (x z) (x z)
B (x v8 x (K (x v13) z x (v7 (z x)))) (B (S (K (I I) x S v20)) B (B (x z) z (S I (I (S K)) v2 I) z I (v28 K v23 (S (B (z (I (z z)) (K K)) (I (z x)) (x K)))))) B (I (S (z S (B (v26 z) (I I) I) (I (v9 (I v14 (B z))))) z) (K (S K (S z) (I v25 (z v23 I S (K x) (x (K (S B) x)))))))
x v8 x (K (x v13) z x (v7 (z x))) (B (S (K (I I) x S v20)) B (B (x z) z (S I (I (S K)) v2 I) z I (v28 K v23 (S (B (z (I (z z)) (K K)) (I (z x)) (x K))))) B) (I (S (z S (B (v26 z) (I I) I) (I (v9 (I v14 (B z))))) z) (K (S K (S z) (I v25 (z v23 I S (K x) (x (K (S B) x)))))))
x v8 x (x v13 x (v7 (z x))) (B (S (K (I I) x S v20)) B (B (x z) z (S I (I (S K)) v2 I) z I (v28 K v23 (S (B (z (I (z z)) (K K)) (I (z x)) (x K))))) B) (I (S (z S (B (v26 z) (I I) I) (I (v9 (I v14 (B z))))) z) (K (S K (S z) (I v25 (z v23 I S (K x) (x (K (S B) x)))))))
x v8 x (x v13 x (v7 (z x))) (S (K (I I) x S v20) (B (B (x z) z (S I (I (S K)) v2 I) z I (v28 K v23 (S (B (z (I (z z)) (K K)) (I (z x)) (x K)))))) B) (I (S (z S (B (v26 z) (I I) I) (I (v9 (I v14 (B z))))) z) (K (S K (S z) (I v25 (z v23 I S (K x) (x (K (S B) x)))))))
x v8 x (x v13 x (v7 (z x))) (K (I I) x S v20 B (B (B (x z) z (S I (I (S K)) v2 I) z I (v28 K v23 (S (B (z (I (z z)) (K K)) (I (z x)) (x K))))) B)) (I (S (z S (B (v26 z) (I I) I) (I (v9 (I v14 (B z))))) z) (K (S K (S z) (I v25 (z v23 I S (K x) (x (K (S B) x)))))))
x v8 x (x v13 x (v7 (z x))) (I I S v20 B (B (B (x z) z (S I (I (S K)) v2 I) z I (v28 K v23 (S (B (z (I (z z)) (K K)) (I (z x)) (x K))))) B)) (I (S (z S (B (v26 z) (I I) I) (I (v9 (I v14 (B z))))) z) (K (S K (S z) (I v25 (z v23 I S (K x) (x (K (S B) x)))))))
x v8 x (x v13 x (v7 (z x))) (I S v20 B (B (B (x z) z (S I (I (S K)) v2 I) z I (v28 K v23 (S (B (z (I (z z)) (K K)) (I (z x)) (x K))))) B)) (I (S (z S (B (v26 z) (I I) I) (I (v9 (I v14 (B z))))) z) (K (S K (S z) (I v25 (z v23 I S (K x) (x (K (S B) x)))))))
x v8 x (x v13 x (v7 (z x))) (S v20 B (B (B (x z) z (S I (I (S K)) v2 I) z I (v28 K v23 (S (B (z (I (z z)) (K K)) (I (z x)) (x K))))) B)) (I (S (z S (B (v26 z) (I I) I) (I (v9 (I v14 (B z))))) z) (K (S K (S z) (I v25 (z v23 I S (K x) (x (K (S B) x)))))))
x v8 x (x v13 x (v7 (z x))) (v20 (B (B (x z) z (S I (I (S K)) v2 I) z I (v28 K v23 (S (B (z (I (z z)) (K K)) (I (z x)) (x K))))) B) (B (B (B (x z) z (S I (I (S K)) v2 I) z I (v28 K v23 (S (B (z (I (z z)) (K K)) (I (z x)) (x K))))) B))) (I (S (z S (B (v26 z) (I I) I) (I (v9 (I v14 (B z))))) z) (K (S K (S z) (I v25 (z v23 I S (K x) (x (K (S B) x)))))))
x v8 x (x v13 x (v7 (z x))) (v20 (B (x z (z (S I (I (S K)) v2 I)) z I (v28 K v23 (S (B (z (I (z z)) (K K)) (I (z x)) (x K))))) B) (B (B (B (x z) z (S I (I (S K)) v2 I) z I (v28 K v23 (S (B (z (I (z z)) (K K)) (I (z x)) (x K))))) B))) (I (S (z S (B (v26 z) (I I) I) (I (v9 (I v14 (B z))))) z) (K (S K (S z) (I v25 (z v23 I S (K x) (x (K (S B) x)))))))
x v8 x (x v13 x (v7 (z x))) (v20 (B (x z (z (I v2 (I (S K) v2) I)) z I (v28 K v23 (S (B (z (I (z z)) (K K)) (I (z x)) (x K))))) B) (B (B (B (x z) z (S I (I (S K)) v2 I) z I (v28 K v23 (S (B (z (I (z z)) (K K)) (I (z x)) (x K))))) B))) (I (S (z S (B (v26 z) (I I) I) (I (v9 (I v14 (B z))))) z) (K (S K (S z) (I v25 (z v23 I S (K x) (x (K (S B) x)))))))
x v8 x (x v13 x (v7 (z x))) (v20 (B (x z (z (v2 (I (S K) v2) I)) z I (v28 K v23 (S (B (z (I (z z)) (K K)) (I (z x)) (x K))))) B) (B (B (B (x z) z (S I (I (S K)) v2 I) z I (v28 K v23 (S (B (z (I (z z)) (K K)) (I (z x)) (x K))))) B))) (I (S (z S (B (v26 z) (I I) I) (I (v9 (I v14 (B z))))) z) (K (S K (S z) (I v25 (z v23 I S (K x) (x (K (S B) x)))))))
x v8 x (x v13 x (v7 (z x))) (v20 (B (x z (z (v2 (S K v2) I)) z I (v28 K v23 (S (B (z (I (z z)) (K K)) (I (z x)) (x K))))) B) (B (B (B (x z) z (S I (I (S K)) v2 I) z I (v28 K v23 (S (B (z (I (z z)) (K K)) (I (z x)) (x K))))) B))) (I (S (z S (B (v26 z) (I I) I) (I (v9 (I v14 (B z))))) z) (K (S K (S z) (I v25 (z v23 I S (K x) (x (K (S B) x)))))))
x v8 x (x v13 x (v7 (z x))) (v20 (B (x z (z (v2 (S K v2) I)) z I (v28 K v23 (S (z (I (z z)) (K K) (I (z x) (x K)))))) B) (B (B (B (x z) z (S I (I (S K)) v2 I) z I (v28 K v23 (S (B (z (I (z z)) (K K)) (I (z x)) (x K))))) B))) (I (S (z S (B (v26 z) (I I) I) (I (v9 (I v14 (B z))))) z) (K (S K (S z) (I v25 (z v23 I S (K x) (x (K (S B) x)))))))
x v8 x (x v13 x (v7 (z x))) (v20 (B (x z (z (v2 (S K v2) I)) z I (v28 K v23 (S (z (z z) (K K) (I (z x) (x K)))))) B) (B (B (B (x z) z (S I (I (S K)) v2 I) z I (v28 K v23 (S (B (z (I (z z)) (K K)) (I (z x)) (x K))))) B))) (I (S (z S (B (v26 z) (I I) I) (I (v9 (I v14 (B z))))) z) (K (S K (S z) (I v25 (z v23 I S (K x) (x (K (S B) x)))))))
x v8 x (x v13 x (v7 (z x))) (v20 (B (x z (z (v2 (S K v2) I)) z I (v28 K v23 (S (z (z z) (K K) (z x (x K)))))) B) (B (B (B (x z) z (S I (I (S K)) v2 I) z I (v28 K v23 (S (B (z (I (z z)) (K K)) (I (z x)) (x K))))) B))) (I (S (z S (B (v26 z) (I I) I) (I (v9 (I v14 (B z))))) z) (K (S K (S z) (I v25 (z v23 I S (K x) (x (K (S B) x)))))))
x v8 x (x v13 x (v7 (z x))) (v20 (B (x z (z (v2 (S K v2) I)) z I (v28 K v23 (S (z (z z) (K K) (z x (x K)))))) B) (B (B (x z (z (S I (I (S K)) v2 I)) z I (v28 K v23 (S (B (z (I (z z)) (K K)) (I (z x)) (x K))))) B))) (I (S (z S (B (v26 z) (I I) I) (I (v9 (I v14 (B z))))) z) (K (S K (S z) (I v25 (z v23 I S (K x) (x (K (S B) x)))))))
x v8 x (x v13 x (v7 (z x))) (v20 (B (x z (z (v2 (S K v2) I)) z I (v28 K v23 (S (z (z z) (K K) (z x (x K)))))) B) (B (B (x z (z (I v2 (I (S K) v2) I)) z I (v28 K v23 (S (B (z (I (z z)) (K K)) (I (z x)) (x K))))) B))) (I (S (z S (B (v26 z) (I I) I) (I (v9 (I v14 (B z))))) z) (K (S K (S z) (I v25 (z v23 I S (K x) (x (K (S B) x)))))))
x v8 x (x v13 x (v7 (z x))) (v20 (B (x z (z (v2 (S K v2) I)) z I (v28 K v23 (S (z (z z) (K K) (z x (x K)))))) B) (B (B (x z (z (v2 (I (S K) v2) I)) z I (v28 K v23 (S (B (z (I (z z)) (K K)) (I (z x)) (x K))))) B))) (I (S (z S (B (v26 z) (I I) I) (I (v9 (I v14 (B z))))) z) (K (S K (S z) (I v25 (z v23 I S (K x) (x (K (S B) x)))))))
x v8 x (x v13 x (v7 (z x))) (v20 (B (x z (z (v2 (S K v2) I)) z I (v28 K v23 (S (z (z z) (K K) (z x (x K)))))) B) (B (B (x z (z (v2 (S K v2) I)) z I (v28 K v23 (S (B (z (I (z z)) (K K)) (I (z x)) (x K))))) B))) (I (S (z S (B (v26 z) (I I) I) (I (v9 (I v14 (B z))))) z) (K (S K (S z) (I v25 (z v23 I S (K x) (x (K (S B) x)))))))
x v8 x (x v13 x (v7 (z x))) (v20 (B (x z (z (v2 (S K v2) I)) z I (v28 K v23 (S (z (z z) (K K) (z x (x K)))))) B) (B (B (x z (z (v2 (S K v2) I)) z I (v28 K v23 (S (z (I (z z)) (K K) (I (z x) (x K)))))) B))) (I (S (z S (B (v26 z) (I I) I) (I (v9 (I v14 (B z))))) z) (K (S K (S z) (I v25 (z v23 I S (K x) (x (K (S B) x)))))))
x v8 x (x v13 x (v7 (z x))) (v20 (B (x z (z (v2 (S K v2) I)) z I (v28 K v23 (S (z (z z) (K K) (z x (x K)))))) B) (B (B (x z (z (v2 (S K v2) I)) z I (v28 K v23 (S (z (z z) (K K) (I (z x) (x K)))))) B))) (I (S (z S (B (v26 z) (I I) I) (I (v9 (I v14 (B z))))) z) (K (S K (S z) (I v25 (z v23 I S (K x) (x (K (S B) x)))))))
x v8 x (x v13 x (v7 (z x))) (v20 (B (x z (z (v2 (S K v2) I)) z I (v28 K v23 (S (z (z z) (K K) (z x (x K)))))) B) (B (B (x z (z (v2 (S K v2) I)) z I (v28 K v23 (S (z (z z) (K K) (z x (x K)))))) B))) (I (S (z S (B (v26 z) (I I) I) (I (v9 (I v14 (B z))))) z) (K (S K (S z) (I v25 (z v23 I S (K x) (x (K (S B) x)))))))
x v8 x (x v13 x (v7 (z x))) (v20 (B (x z (z (v2 (S K v2) I)) z I (v28 K v23 (S (z (z z) (K K) (z x (x K)))))) B) (B (B (x z (z (v2 (S K v2) I)) z I (v28 K v23 (S (z (z z) (K K) (z x (x K)))))) B))) (S (z S (B (v26 z) (I I) I) (I (v9 (I v14 (B z))))) z (K (S K (S z) (I v25 (z v23 I S (K x) (x (K (S B) x)))))))
x v8 x (x v13 x (v7 (z x))) (v20 (B (x z (z (v2 (S K v2) I)) z I (v28 K v23 (S (z (z z) (K K) (z x (x K)))))) B) (B (B (x z (z (v2 (S K v2) I)) z I (v28 K v23 (S (z (z z) (K K) (z x (x K)))))) B))) (z S (B (v26 z) (I I) I) (I (v9 (I v14 (B z)))) (K (S K (S z) (I v25 (z v23 I S (K x) (x (K (S B) x)))))) (z (K (S K (S z) (I v25 (z v23 I S (K x) (x (K (S B) x))))))))
x v8 x (x v13 x (v7 (z x))) (v20 (B (x z (z (v2 (S K v2) I)) z I (v28 K v23 (S (z (z z) (K K) (z x (x K)))))) B) (B (B (x z (z (v2 (S K v2) I)) z I (v28 K v23 (S (z (z z) (K K) (z x (x K)))))) B))) (z S (v26 z (I I I)) (I (v9 (I v14 (B z)))) (K (S K (S z) (I v25 (z v23 I S (K x) (x (K (S B) x)))))) (z (K (S K (S z) (I v25 (z v23 I S (K x) (x (K (S B) x))))))))
x v8 x (x v13 x (v7 (z x))) (v20 (B (x z (z (v2 (S K v2) I)) z I (v28 K v23 (S (z (z z) (K K) (z x (x K)))))) B) (B (B (x z (z (v2 (S K v2) I)) z I (v28 K v23 (S (z (z z) (K K) (z x (x K)))))) B))) (z S (v26 z (I I)) (I (v9 (I v14 (B z)))) (K (S K (S z) (I v25 (z v23 I S (K x) (x (K (S B) x)))))) (z (K (S K (S z) (I v25 (z v23 I S (K x) (x (K (S B) x))))))))
x v8 x (x v13 x (v7 (z x))) (v20 (B (x z (z (v2 (S K v2) I)) z I (v28 K v23 (S (z (z z) (K K) (z x (x K)))))) B) (B (B (x z (z (v2 (S K v2) I)) z I (v28 K v23 (S (z (z z) (K K) (z x (x K)))))) B))) (z S (v26 z I) (I (v9 (I v14 (B z)))) (K (S K (S z) (I v25 (z v23 I S (K x) (x (K (S B) x)))))) (z (K (S K (S z) (I v25 (z v23 I S (K x) (x (K (S B) x))))))))
x v8 x (x v13 x (v7 (z x))) (v20 (B (x z (z (v2 (S K v2) I)) z I (v28 K v23 (S (z (z z) (K K) (z x (x K)))))) B) (B (B (x z (z (v2 (S K v2) I)) z I (v28 K v23 (S (z (z z) (K K) (z x (x K)))))) B))) (z S (v26 z I) (v9 (I v14 (B z))) (K (S K (S z) (I v25 (z v23 I S (K x) (x (K (S B) x)))))) (z (K (S K (S z) (I v25 (z v23 I S (K x) (x (K (S B) x))))))))
x v8 x (x v13 x (v7 (z x))) (v20 (B (x z (z (v2 (S K v2) I)) z I (v28 K v23 (S (z (z z) (K K) (z x (x K)))))) B) (B (B (x z (z (v2 (S K v2) I)) z I (v28 K v23 (S (z (z z) (K K) (z x (x K)))))) B))) (z S (v26 z I) (v9 (v14 (B z))) (K (S K (S z) (I v25 (z v23 I S (K x) (x (K (S B) x)))))) (z (K (S K (S z) (I v25 (z v23 I S (K x) (x (K (S B) x))))))))
x (z x (S (v18 (v23 (K (K I)))))) B
S (x v8 (B K B) z) (v10 (x v29 B (v4 K)) (B (z z))) (v25 B (v21 x) (K I (v16 (v1 (x (z (v24 v18)) (v1 x))) (v5 z) v13))) (S I (K (B x S) x (S (B B)) (S (I (v5 (S B))) (v30 B)) (B z)))
x v8 (B K B) z (v25 B (v21 x) (K I (v16 (v1 (x (z (v24 v18)) (v1 x))) (v5 z) v13))) (v10 (x v29 B (v4 K)) (B (z z)) (v25 B (v21 x) (K I (v16 (v1 (x (z (v24 v18)) (v1 x))) (v5 z) v13)))) (S I (K (B x S) x (S (B B)) (S (I (v5 (S B))) (v30 B)) (B z)))
x v8 (B K B) z (v25 B (v21 x) I) (v10 (x v29 B (v4 K)) (B (z z)) (v25 B (v21 x) (K I (v16 (v1 (x (z (v24 v18)) (v1 x))) (v5 z) v13)))) (S I (K (B x S) x (S (B B)) (S (I (v5 (S B))) (v30 B)) (B z)))
x v8 (B K B) z (v25 B (v21 x) I) (v10 (x v29 B (v4 K)) (B (z z)) (v25 B (v21 x) I)) (S I (K (B x S) x (S (B B)) (S (I (v5 (S B))) (v30 B)) (B z)))
x v8 (B K B) z (v25 B (v21 x) I) (v10 (x v29 B (v4 K)) (B (z z)) (v25 B (v21 x) I)) (S I (B x S (S (B B)) (S (I (v5 (S B))) (v30 B)) (B z)))
x v8 (B K B) z (v25 B (v21 x) I) (v10 (x v29 B (v4 K)) (B (z z)) (v25 B (v21 x) I)) (S I (x (S (S (B B))) (S (I (v5 (S B))) (v30 B)) (B z)))
x v8 (B K B) z (v25 B (v21 x) I) (v10 (x v29 B (v4 K)) (B (z z)) (v25 B (v21 x) I)) (S I (x (S (S (B B))) (S (v5 (S B)) (v30 B)) (B z)))
I z
z
z S (B (S x))
S
B
B x S (S z (x (B (I K)) (K z)) x (K (S K) S K v3))
x (S (S z (x (B (I K)) (K z)) x (K (S K) S K v3)))
x (S (z x (x (B (I K)) (K z) x) (K (S K) S K v3)))
x (S (z x (x (B K) (K z) x) (K (S K) S K v3)))
x (S (z x (x (B K) (K z) x) (S K K v3)))
x (S (z x (x (B K) (K z) x) (K v3 (K v3))))
x (S (z x (x (B K) (K z) x) v3))
