x (B (z (I B)) (B x) x (z S)) (I (x (x (z B x)) (B S)))
x (z (I B) (B x x) (z S)) (I (x (x (z B x)) (B S)))
x (z B (B x x) (z S)) (I (x (x (z B x)) (B S)))
x (z B (B x x) (z S)) (x (x (z B x)) (B S))
B (v27 z v10 v14 (K (K (v30 S)) B))
B (v27 z v10 v14 (K (v30 S)))
I K v20 (v25 (z (B (K S)))) (K K I (v25 (S (v1 (z B) I (z I (z (K (z x)) x S))))))
K v20 (v25 (z (B (K S)))) (K K I (v25 (S (v1 (z B) I (z I (z (K (z x)) x S))))))
v20 (K K I (v25 (S (v1 (z B) I (z I (z (K (z x)) x S))))))
v20 (K (v25 (S (v1 (z B) I (z I (z (K (z x)) x S))))))
x
S
S z
K (x K (x B) I B B (K (x x x)))
x (S S B (S (K I z B v19 (z (x v7 (v1 B (z K) I)))))) (v18 (S v21 (B B) v13 (B z) S I) (z (S S (z (x K))) B (v5 I z) (B v27 (z v7 (v17 (v9 B)) K x (v7 B S)) (S (I x) v26 S (I z)))) S) (x (v1 (z (x B) (S v27) B (S z) B) x) (x (I (B S)) (z (v1 z))) (S (I z)) z)
x (S (S (K I z B v19 (z (x v7 (v1 B (z K) I))))) (B (S (K I z B v19 (z (x v7 (v1 B (z K) I))))))) (v18 (S v21 (B B) v13 (B z) S I) (z (S S (z (x K))) B (v5 I z) (B v27 (z v7 (v17 (v9 B)) K x (v7 B S)) (S (I x) v26 S (I z)))) S) (x (v1 (z (x B) (S v27) B (S z) B) x) (x (I (B S)) (z (v1 z))) (S (I z)) z)
x (S (S (I B v19 (z (x v7 (v1 B (z K) I))))) (B (S (K I z B v19 (z (x v7 (v1 B (z K) I))))))) (v18 (S v21 (B B) v13 (B z) S I) (z (S S (z (x K))) B (v5 I z) (B v27 (z v7 (v17 (v9 B)) K x (v7 B S)) (S (I x) v26 S (I z)))) S) (x (v1 (z (x B) (S v27) B (S z) B) x) (x (I (B S)) (z (v1 z))) (S (I z)) z)
x (S (S (B v19 (z (x v7 (v1 B (z K) I))))) (B (S (K I z B v19 (z (x v7 (v1 B (z K) I))))))) (v18 (S v21 (B B) v13 (B z) S I) (z (S S (z (x K))) B (v5 I z) (B v27 (z v7 (v17 (v9 B)) K x (v7 B S)) (S (I x) v26 S (I z)))) S) (x (v1 (z (x B) (S v27) B (S z) B) x) (x (I (B S)) (z (v1 z))) (S (I z)) z)
x (S (S (B v19 (z (x v7 (v1 B (z K) I))))) (B (S (I B v19 (z (x v7 (v1 B (z K) I))))))) (v18 (S v21 (B B) v13 (B z) S I) (z (S S (z (x K))) B (v5 I z) (B v27 (z v7 (v17 (v9 B)) K x (v7 B S)) (S (I x) v26 S (I z)))) S) (x (v1 (z (x B) (S v27) B (S z) B) x) (x (I (B S)) (z (v1 z))) (S (I z)) z)
x (S (S (B v19 (z (x v7 (v1 B (z K) I))))) (B (S (B v19 (z (x v7 (v1 B (z K) I))))))) (v18 (S v21 (B B) v13 (B z) S I) (z (S S (z (x K))) B (v5 I z) (B v27 (z v7 (v17 (v9 B)) K x (v7 B S)) (S (I x) v26 S (I z)))) S) (x (v1 (z (x B) (S v27) B (S z) B) x) (x (I (B S)) (z (v1 z))) (S (I z)) z)
x (S (S (B v19 (z (x v7 (v1 B (z K) I))))) (B (S (B v19 (z (x v7 (v1 B (z K) I))))))) (v18 (v21 v13 (B B v13) (B z) S I) (z (S S (z (x K))) B (v5 I z) (B v27 (z v7 (v17 (v9 B)) K x (v7 B S)) (S (I x) v26 S (I z)))) S) (x (v1 (z (x B) (S v27) B (S z) B) x) (x (I (B S)) (z (v1 z))) (S (I z)) z)
x (S (S (B v19 (z (x v7 (v1 B (z K) I))))) (B (S (B v19 (z (x v7 (v1 B (z K) I))))))) (v18 (v21 v13 (B B v13) (B z) S I) (z (S S (z (x K))) B (v5 I z) (v27 (z v7 (v17 (v9 B)) K x (v7 B S) (S (I x) v26 S (I z))))) S) (x (v1 (z (x B) (S v27) B (S z) B) x) (x (I (B S)) (z (v1 z))) (S (I z)) z)
x (S (S (B v19 (z (x v7 (v1 B (z K) I))))) (B (S (B v19 (z (x v7 (v1 B (z K) I))))))) (v18 (v21 v13 (B B v13) (B z) S I) (z (S S (z (x K))) B (v5 I z) (v27 (z v7 (v17 (v9 B)) K x (v7 B S) (I x S (v26 S) (I z))))) S) (x (v1 (z (x B) (S v27) B (S z) B) x) (x (I (B S)) (z (v1 z))) (S (I z)) z)
x (S (S (B v19 (z (x v7 (v1 B (z K) I))))) (B (S (B v19 (z (x v7 (v1 B (z K) I))))))) (v18 (v21 v13 (B B v13) (B z) S I) (z (S S (z (x K))) B (v5 I z) (v27 (z v7 (v17 (v9 B)) K x (v7 B S) (x S (v26 S) (I z))))) S) (x (v1 (z (x B) (S v27) B (S z) B) x) (x (I (B S)) (z (v1 z))) (S (I z)) z)
x (S (S (B v19 (z (x v7 (v1 B (z K) I))))) (B (S (B v19 (z (x v7 (v1 B (z K) I))))))) (v18 (v21 v13 (B B v13) (B z) S I) (z (S S (z (x K))) B (v5 I z) (v27 (z v7 (v17 (v9 B)) K x (v7 B S) (x S (v26 S) z)))) S) (x (v1 (z (x B) (S v27) B (S z) B) x) (x (I (B S)) (z (v1 z))) (S (I z)) z)
x (S (S (B v19 (z (x v7 (v1 B (z K) I))))) (B (S (B v19 (z (x v7 (v1 B (z K) I))))))) (v18 (v21 v13 (B B v13) (B z) S I) (z (S S (z (x K))) B (v5 I z) (v27 (z v7 (v17 (v9 B)) K x (v7 B S) (x S (v26 S) z)))) S) (x (v1 (z (x B) (S v27) B (S z) B) x) (x (B S) (z (v1 z))) (S (I z)) z)
x (S (S (B v19 (z (x v7 (v1 B (z K) I))))) (B (S (B v19 (z (x v7 (v1 B (z K) I))))))) (v18 (v21 v13 (B B v13) (B z) S I) (z (S S (z (x K))) B (v5 I z) (v27 (z v7 (v17 (v9 B)) K x (v7 B S) (x S (v26 S) z)))) S) (x (v1 (z (x B) (S v27) B (S z) B) x) (x (B S) (z (v1 z))) (S z) z)
x (I (z (B z v20 (x S))) (x (z x) B) (B (B I (I K)))) I (I (B (x z)) (x v18 z))
x (z (B z v20 (x S)) (x (z x) B) (B (B I (I K)))) I (I (B (x z)) (x v18 z))
x (z (z (v20 (x S))) (x (z x) B) (B (B I (I K)))) I (I (B (x z)) (x v18 z))
x (z (z (v20 (x S))) (x (z x) B) (B (B I K))) I (I (B (x z)) (x v18 z))
x (z (z (v20 (x S))) (x (z x) B) (B (B I K))) I (B (x z) (x v18 z))
B (z B S (K K) S K) (v29 (B K) (x B x I z)) (v30 z (B x) S) (z (K B I (x (z B) (K S) (K (I (S B (z S)))) K (B K))) S)
z B S (K K) S K (v29 (B K) (x B x I z) (v30 z (B x) S)) (z (K B I (x (z B) (K S) (K (I (S B (z S)))) K (B K))) S)
z B S (K K) S K (v29 (B K) (x B x I z) (v30 z (B x) S)) (z (B (x (z B) (K S) (K (I (S B (z S)))) K (B K))) S)
z B S (K K) S K (v29 (B K) (x B x I z) (v30 z (B x) S)) (z (B (x (z B) (K S) (K (S B (z S))) K (B K))) S)
