I (v3 (K B)) (K K) (z I (I (I (S (B (v26 (x I) (S I B)))) v27)) (z (I I) B) (K v26 (K (B I)) (z K S (B (x v21))) (x (z (x (S (x (S I) I))))) (S z)))
v3 (K B) (K K) (z I (I (I (S (B (v26 (x I) (S I B)))) v27)) (z (I I) B) (K v26 (K (B I)) (z K S (B (x v21))) (x (z (x (S (x (S I) I))))) (S z)))
v3 (K B) (K K) (z I (I (S (B (v26 (x I) (S I B)))) v27) (z (I I) B) (K v26 (K (B I)) (z K S (B (x v21))) (x (z (x (S (x (S I) I))))) (S z)))
v3 (K B) (K K) (z I (S (B (v26 (x I) (S I B))) v27) (z (I I) B) (K v26 (K (B I)) (z K S (B (x v21))) (x (z (x (S (x (S I) I))))) (S z)))
v3 (K B) (K K) (z I (S (B (v26 (x I) (S I B))) v27) (z I B) (K v26 (K (B I)) (z K S (B (x v21))) (x (z (x (S (x (S I) I))))) (S z)))
v3 (K B) (K K) (z I (S (B (v26 (x I) (S I B))) v27) (z I B) (v26 (z K S (B (x v21))) (x (z (x (S (x (S I) I))))) (S z)))
I x B
x B
K z (K I v0) (I (K B v18) v4) S x
z (I (K B v18) v4) S x
z (K B v18 v4) S x
z (B v4) S x
I
B z (z B) S (K (v9 (x (z K))) (x K z (I K) x (z z (K I) (z S) z z (v21 K) I) (z S (S (S B)) (x z)) z))
z (z B S) (K (v9 (x (z K))) (x K z (I K) x (z z (K I) (z S) z z (v21 K) I) (z S (S (S B)) (x z)) z))
z (z B S) (v9 (x (z K)))
z (v9 (I (z x)) (B z) (B (I S (x z (x (x (z z)))))) (K (I (B I))) (x x v8 (I x (v13 S v18 K I (B (x (v3 v20)) (K B))) B)) v16)
z (v9 (z x) (B z) (B (I S (x z (x (x (z z)))))) (K (I (B I))) (x x v8 (I x (v13 S v18 K I (B (x (v3 v20)) (K B))) B)) v16)
z (v9 (z x) (B z) (B (S (x z (x (x (z z)))))) (K (I (B I))) (x x v8 (I x (v13 S v18 K I (B (x (v3 v20)) (K B))) B)) v16)
z (v9 (z x) (B z) (B (S (x z (x (x (z z)))))) (K (B I)) (x x v8 (I x (v13 S v18 K I (B (x (v3 v20)) (K B))) B)) v16)
z (v9 (z x) (B z) (B (S (x z (x (x (z z)))))) (K (B I)) (x x v8 (x (v13 S v18 K I (B (x (v3 v20)) (K B))) B)) v16)
S
x
x (z v14) (I K (v9 I (x (B B)))) I (z (B I)) (B (I z (v18 K)) (S B I B S) (z K) I)
x (z v14) (K (v9 I (x (B B)))) I (z (B I)) (B (I z (v18 K)) (S B I B S) (z K) I)
x (z v14) (K (v9 I (x (B B)))) I (z (B I)) (I z (v18 K) (S B I B S (z K)) I)
x (z v14) (K (v9 I (x (B B)))) I (z (B I)) (z (v18 K) (S B I B S (z K)) I)
x (z v14) (K (v9 I (x (B B)))) I (z (B I)) (z (v18 K) (B B (I B) S (z K)) I)
x (z v14) (K (v9 I (x (B B)))) I (z (B I)) (z (v18 K) (B (I B S) (z K)) I)
x (z v14) (K (v9 I (x (B B)))) I (z (B I)) (z (v18 K) (B (B S) (z K)) I)
B (S x (S (v2 B (K S x z v30) (I (S (z I)) v6) (v12 x x)) (v24 x B (K v3) x)) (v19 (I (v3 S) (I (I I) (B v18 (z x (B B K)) B))) x)) (x I (z (B I) v15 (z (I v20 (z z) (K (x K v3)) (v29 (v29 K)) I)) (z v20) (v14 v6 I (I (B K) (S (K B) v26) S) K)))
B (x (v19 (I (v3 S) (I (I I) (B v18 (z x (B B K)) B))) x) (S (v2 B (K S x z v30) (I (S (z I)) v6) (v12 x x)) (v24 x B (K v3) x) (v19 (I (v3 S) (I (I I) (B v18 (z x (B B K)) B))) x))) (x I (z (B I) v15 (z (I v20 (z z) (K (x K v3)) (v29 (v29 K)) I)) (z v20) (v14 v6 I (I (B K) (S (K B) v26) S) K)))
B (x (v19 (v3 S (I (I I) (B v18 (z x (B B K)) B))) x) (S (v2 B (K S x z v30) (I (S (z I)) v6) (v12 x x)) (v24 x B (K v3) x) (v19 (I (v3 S) (I (I I) (B v18 (z x (B B K)) B))) x))) (x I (z (B I) v15 (z (I v20 (z z) (K (x K v3)) (v29 (v29 K)) I)) (z v20) (v14 v6 I (I (B K) (S (K B) v26) S) K)))
B (x (v19 (v3 S (I I (B v18 (z x (B B K)) B))) x) (S (v2 B (K S x z v30) (I (S (z I)) v6) (v12 x x)) (v24 x B (K v3) x) (v19 (I (v3 S) (I (I I) (B v18 (z x (B B K)) B))) x))) (x I (z (B I) v15 (z (I v20 (z z) (K (x K v3)) (v29 (v29 K)) I)) (z v20) (v14 v6 I (I (B K) (S (K B) v26) S) K)))
B (x (v19 (v3 S (I (B v18 (z x (B B K)) B))) x) (S (v2 B (K S x z v30) (I (S (z I)) v6) (v12 x x)) (v24 x B (K v3) x) (v19 (I (v3 S) (I (I I) (B v18 (z x (B B K)) B))) x))) (x I (z (B I) v15 (z (I v20 (z z) (K (x K v3)) (v29 (v29 K)) I)) (z v20) (v14 v6 I (I (B K) (S (K B) v26) S) K)))
B (x (v19 (v3 S (B v18 (z x (B B K)) B)) x) (S (v2 B (K S x z v30) (I (S (z I)) v6) (v12 x x)) (v24 x B (K v3) x) (v19 (I (v3 S) (I (I I) (B v18 (z x (B B K)) B))) x))) (x I (z (B I) v15 (z (I v20 (z z) (K (x K v3)) (v29 (v29 K)) I)) (z v20) (v14 v6 I (I (B K) (S (K B) v26) S) K)))
B (x (v19 (v3 S (v18 (z x (B B K) B))) x) (S (v2 B (K S x z v30) (I (S (z I)) v6) (v12 x x)) (v24 x B (K v3) x) (v19 (I (v3 S) (I (I I) (B v18 (z x (B B K)) B))) x))) (x I (z (B I) v15 (z (I v20 (z z) (K (x K v3)) (v29 (v29 K)) I)) (z v20) (v14 v6 I (I (B K) (S (K B) v26) S) K)))
B (x (v19 (v3 S (v18 (z x (B B K) B))) x) (v2 B (K S x z v30) (I (S (z I)) v6) (v12 x x) (v19 (I (v3 S) (I (I I) (B v18 (z x (B B K)) B))) x) (v24 x B (K v3) x (v19 (I (v3 S) (I (I I) (B v18 (z x (B B K)) B))) x)))) (x I (z (B I) v15 (z (I v20 (z z) (K (x K v3)) (v29 (v29 K)) I)) (z v20) (v14 v6 I (I (B K) (S (K B) v26) S) K)))
B (x (v19 (v3 S (v18 (z x (B B K) B))) x) (v2 B (S z v30) (I (S (z I)) v6) (v12 x x) (v19 (I (v3 S) (I (I I) (B v18 (z x (B B K)) B))) x) (v24 x B (K v3) x (v19 (I (v3 S) (I (I I) (B v18 (z x (B B K)) B))) x)))) (x I (z (B I) v15 (z (I v20 (z z) (K (x K v3)) (v29 (v29 K)) I)) (z v20) (v14 v6 I (I (B K) (S (K B) v26) S) K)))
B (x (v19 (v3 S (v18 (z x (B B K) B))) x) (v2 B (S z v30) (S (z I) v6) (v12 x x) (v19 (I (v3 S) (I (I I) (B v18 (z x (B B K)) B))) x) (v24 x B (K v3) x (v19 (I (v3 S) (I (I I) (B v18 (z x (B B K)) B))) x)))) (x I (z (B I) v15 (z (I v20 (z z) (K (x K v3)) (v29 (v29 K)) I)) (z v20) (v14 v6 I (I (B K) (S (K B) v26) S) K)))
B (x (v19 (v3 S (v18 (z x (B B K) B))) x) (v2 B (S z v30) (S (z I) v6) (v12 x x) (v19 (v3 S (I (I I) (B v18 (z x (B B K)) B))) x) (v24 x B (K v3) x (v19 (I (v3 S) (I (I I) (B v18 (z x (B B K)) B))) x)))) (x I (z (B I) v15 (z (I v20 (z z) (K (x K v3)) (v29 (v29 K)) I)) (z v20) (v14 v6 I (I (B K) (S (K B) v26) S) K)))
B (x (v19 (v3 S (v18 (z x (B B K) B))) x) (v2 B (S z v30) (S (z I) v6) (v12 x x) (v19 (v3 S (I I (B v18 (z x (B B K)) B))) x) (v24 x B (K v3) x (v19 (I (v3 S) (I (I I) (B v18 (z x (B B K)) B))) x)))) (x I (z (B I) v15 (z (I v20 (z z) (K (x K v3)) (v29 (v29 K)) I)) (z v20) (v14 v6 I (I (B K) (S (K B) v26) S) K)))
B (x (v19 (v3 S (v18 (z x (B B K) B))) x) (v2 B (S z v30) (S (z I) v6) (v12 x x) (v19 (v3 S (I (B v18 (z x (B B K)) B))) x) (v24 x B (K v3) x (v19 (I (v3 S) (I (I I) (B v18 (z x (B B K)) B))) x)))) (x I (z (B I) v15 (z (I v20 (z z) (K (x K v3)) (v29 (v29 K)) I)) (z v20) (v14 v6 I (I (B K) (S (K B) v26) S) K)))
B (x (v19 (v3 S (v18 (z x (B B K) B))) x) (v2 B (S z v30) (S (z I) v6) (v12 x x) (v19 (v3 S (B v18 (z x (B B K)) B)) x) (v24 x B (K v3) x (v19 (I (v3 S) (I (I I) (B v18 (z x (B B K)) B))) x)))) (x I (z (B I) v15 (z (I v20 (z z) (K (x K v3)) (v29 (v29 K)) I)) (z v20) (v14 v6 I (I (B K) (S (K B) v26) S) K)))
B (x (v19 (v3 S (v18 (z x (B B K) B))) x) (v2 B (S z v30) (S (z I) v6) (v12 x x) (v19 (v3 S (v18 (z x (B B K) B))) x) (v24 x B (K v3) x (v19 (I (v3 S) (I (I I) (B v18 (z x (B B K)) B))) x)))) (x I (z (B I) v15 (z (I v20 (z z) (K (x K v3)) (v29 (v29 K)) I)) (z v20) (v14 v6 I (I (B K) (S (K B) v26) S) K)))
B (x (v19 (v3 S (v18 (z x (B B K) B))) x) (v2 B (S z v30) (S (z I) v6) (v12 x x) (v19 (v3 S (v18 (z x (B B K) B))) x) (v24 x B (K v3) x (v19 (v3 S (I (I I) (B v18 (z x (B B K)) B))) x)))) (x I (z (B I) v15 (z (I v20 (z z) (K (x K v3)) (v29 (v29 K)) I)) (z v20) (v14 v6 I (I (B K) (S (K B) v26) S) K)))
B (x (v19 (v3 S (v18 (z x (B B K) B))) x) (v2 B (S z v30) (S (z I) v6) (v12 x x) (v19 (v3 S (v18 (z x (B B K) B))) x) (v24 x B (K v3) x (v19 (v3 S (I I (B v18 (z x (B B K)) B))) x)))) (x I (z (B I) v15 (z (I v20 (z z) (K (x K v3)) (v29 (v29 K)) I)) (z v20) (v14 v6 I (I (B K) (S (K B) v26) S) K)))
B (x (v19 (v3 S (v18 (z x (B B K) B))) x) (v2 B (S z v30) (S (z I) v6) (v12 x x) (v19 (v3 S (v18 (z x (B B K) B))) x) (v24 x B (K v3) x (v19 (v3 S (I (B v18 (z x (B B K)) B))) x)))) (x I (z (B I) v15 (z (I v20 (z z) (K (x K v3)) (v29 (v29 K)) I)) (z v20) (v14 v6 I (I (B K) (S (K B) v26) S) K)))
B (x (v19 (v3 S (v18 (z x (B B K) B))) x) (v2 B (S z v30) (S (z I) v6) (v12 x x) (v19 (v3 S (v18 (z x (B B K) B))) x) (v24 x B (K v3) x (v19 (v3 S (B v18 (z x (B B K)) B)) x)))) (x I (z (B I) v15 (z (I v20 (z z) (K (x K v3)) (v29 (v29 K)) I)) (z v20) (v14 v6 I (I (B K) (S (K B) v26) S) K)))
B (x (v19 (v3 S (v18 (z x (B B K) B))) x) (v2 B (S z v30) (S (z I) v6) (v12 x x) (v19 (v3 S (v18 (z x (B B K) B))) x) (v24 x B (K v3) x (v19 (v3 S (v18 (z x (B B K) B))) x)))) (x I (z (B I) v15 (z (I v20 (z z) (K (x K v3)) (v29 (v29 K)) I)) (z v20) (v14 v6 I (I (B K) (S (K B) v26) S) K)))
B (x (v19 (v3 S (v18 (z x (B B K) B))) x) (v2 B (S z v30) (S (z I) v6) (v12 x x) (v19 (v3 S (v18 (z x (B B K) B))) x) (v24 x B (K v3) x (v19 (v3 S (v18 (z x (B B K) B))) x)))) (x I (z (B I) v15 (z (v20 (z z) (K (x K v3)) (v29 (v29 K)) I)) (z v20) (v14 v6 I (I (B K) (S (K B) v26) S) K)))
B (x (v19 (v3 S (v18 (z x (B B K) B))) x) (v2 B (S z v30) (S (z I) v6) (v12 x x) (v19 (v3 S (v18 (z x (B B K) B))) x) (v24 x B (K v3) x (v19 (v3 S (v18 (z x (B B K) B))) x)))) (x I (z (B I) v15 (z (v20 (z z) (K (x K v3)) (v29 (v29 K)) I)) (z v20) (v14 v6 I (B K (S (K B) v26) S) K)))
B (x (v19 (v3 S (v18 (z x (B B K) B))) x) (v2 B (S z v30) (S (z I) v6) (v12 x x) (v19 (v3 S (v18 (z x (B B K) B))) x) (v24 x B (K v3) x (v19 (v3 S (v18 (z x (B B K) B))) x)))) (x I (z (B I) v15 (z (v20 (z z) (K (x K v3)) (v29 (v29 K)) I)) (z v20) (v14 v6 I (K (S (K B) v26 S)) K)))
B (x (v19 (v3 S (v18 (z x (B B K) B))) x) (v2 B (S z v30) (S (z I) v6) (v12 x x) (v19 (v3 S (v18 (z x (B B K) B))) x) (v24 x B (K v3) x (v19 (v3 S (v18 (z x (B B K) B))) x)))) (x I (z (B I) v15 (z (v20 (z z) (K (x K v3)) (v29 (v29 K)) I)) (z v20) (v14 v6 I (K (K B S (v26 S))) K)))
B (x (v19 (v3 S (v18 (z x (B B K) B))) x) (v2 B (S z v30) (S (z I) v6) (v12 x x) (v19 (v3 S (v18 (z x (B B K) B))) x) (v24 x B (K v3) x (v19 (v3 S (v18 (z x (B B K) B))) x)))) (x I (z (B I) v15 (z (v20 (z z) (K (x K v3)) (v29 (v29 K)) I)) (z v20) (v14 v6 I (K (B (v26 S))) K)))
