I (x (z (S v17)) (S B (x (B (z (v11 z (S x K) (v2 I))) x) (z (B (z v19 S) K B I) I))))
x (z (S v17)) (S B (x (B (z (v11 z (S x K) (v2 I))) x) (z (B (z v19 S) K B I) I)))
x (z (S v17)) (S B (x (B (z (v11 z (S x K) (v2 I))) x) (z (z v19 S (K B) I) I)))
B (x (S z) B z v8) (I (S I)) (x (v28 z z) I x (v8 I (v18 (I (B (v10 (B (x (x (z (v9 x)))))))))))
x (S z) B z v8 (I (S I) (x (v28 z z) I x (v8 I (v18 (I (B (v10 (B (x (x (z (v9 x))))))))))))
x (S z) B z v8 (S I (x (v28 z z) I x (v8 I (v18 (I (B (v10 (B (x (x (z (v9 x))))))))))))
x (S z) B z v8 (S I (x (v28 z z) I x (v8 I (v18 (B (v10 (B (x (x (z (v9 x)))))))))))
I (B (z S)) (z (x x)) S K B
B (z S) (z (x x)) S K B
z S (z (x x) S) K B
K I
v29 (B (B (K (z (z (K S K (B K)) (K v28 (I B v14) v13 z) (v3 (I (K B) (S S) K (K (S (v30 S)))))))) (z B S)))
v29 (B (B (K (z (z (S (B K)) (K v28 (I B v14) v13 z) (v3 (I (K B) (S S) K (K (S (v30 S)))))))) (z B S)))
v29 (B (B (K (z (z (S (B K)) (v28 v13 z) (v3 (I (K B) (S S) K (K (S (v30 S)))))))) (z B S)))
v29 (B (B (K (z (z (S (B K)) (v28 v13 z) (v3 (K B (S S) K (K (S (v30 S)))))))) (z B S)))
v29 (B (B (K (z (z (S (B K)) (v28 v13 z) (v3 (B K (K (S (v30 S)))))))) (z B S)))
S (x (v23 (K B)) v1 (x (v19 v6 (z I (B B (I (v15 B)))))))
S (x (v23 (K B)) v1 (x (v19 v6 (z I (B B (v15 B))))))
x (I z)
x z
z (B B) (I (B (K B (K S)))) (x (K S S B z) B) (I v21 I (S S (S (v15 K) v16) (B x) x) z (K (K z (z (v8 (v2 (v21 K)) S) K (v29 v18) v27) I (I (z (z x (I (x S)))) (z (I x S x x)))) (S S)))
z (B B) (B (K B (K S))) (x (K S S B z) B) (I v21 I (S S (S (v15 K) v16) (B x) x) z (K (K z (z (v8 (v2 (v21 K)) S) K (v29 v18) v27) I (I (z (z x (I (x S)))) (z (I x S x x)))) (S S)))
z (B B) (B B) (x (K S S B z) B) (I v21 I (S S (S (v15 K) v16) (B x) x) z (K (K z (z (v8 (v2 (v21 K)) S) K (v29 v18) v27) I (I (z (z x (I (x S)))) (z (I x S x x)))) (S S)))
z (B B) (B B) (x (S B z) B) (I v21 I (S S (S (v15 K) v16) (B x) x) z (K (K z (z (v8 (v2 (v21 K)) S) K (v29 v18) v27) I (I (z (z x (I (x S)))) (z (I x S x x)))) (S S)))
z (B B) (B B) (x (S B z) B) (v21 I (S S (S (v15 K) v16) (B x) x) z (K (K z (z (v8 (v2 (v21 K)) S) K (v29 v18) v27) I (I (z (z x (I (x S)))) (z (I x S x x)))) (S S)))
z (B B) (B B) (x (S B z) B) (v21 I (S (B x) (S (v15 K) v16 (B x)) x) z (K (K z (z (v8 (v2 (v21 K)) S) K (v29 v18) v27) I (I (z (z x (I (x S)))) (z (I x S x x)))) (S S)))
z (B B) (B B) (x (S B z) B) (v21 I (B x x (S (v15 K) v16 (B x) x)) z (K (K z (z (v8 (v2 (v21 K)) S) K (v29 v18) v27) I (I (z (z x (I (x S)))) (z (I x S x x)))) (S S)))
z (B B) (B B) (x (S B z) B) (v21 I (x (x (S (v15 K) v16 (B x) x))) z (K (K z (z (v8 (v2 (v21 K)) S) K (v29 v18) v27) I (I (z (z x (I (x S)))) (z (I x S x x)))) (S S)))
z (B B) (B B) (x (S B z) B) (v21 I (x (x (v15 K (B x) (v16 (B x)) x))) z (K (K z (z (v8 (v2 (v21 K)) S) K (v29 v18) v27) I (I (z (z x (I (x S)))) (z (I x S x x)))) (S S)))
z (B B) (B B) (x (S B z) B) (v21 I (x (x (v15 K (B x) (v16 (B x)) x))) z (K z (z (v8 (v2 (v21 K)) S) K (v29 v18) v27) I (I (z (z x (I (x S)))) (z (I x S x x)))))
z (B B) (B B) (x (S B z) B) (v21 I (x (x (v15 K (B x) (v16 (B x)) x))) z (z I (I (z (z x (I (x S)))) (z (I x S x x)))))
z (B B) (B B) (x (S B z) B) (v21 I (x (x (v15 K (B x) (v16 (B x)) x))) z (z I (z (z x (I (x S))) (z (I x S x x)))))
z (B B) (B B) (x (S B z) B) (v21 I (x (x (v15 K (B x) (v16 (B x)) x))) z (z I (z (z x (x S)) (z (I x S x x)))))
z (B B) (B B) (x (S B z) B) (v21 I (x (x (v15 K (B x) (v16 (B x)) x))) z (z I (z (z x (x S)) (z (x S x x)))))
S
B (z (v20 x (I z x (K v1) z) x (v29 x)) (x (z K (v20 B) B I (I v17 S)) K (x K (S (K v9 S) (z v17) (B K)))))
B (z (v20 x (z x (K v1) z) x (v29 x)) (x (z K (v20 B) B I (I v17 S)) K (x K (S (K v9 S) (z v17) (B K)))))
B (z (v20 x (z x (K v1) z) x (v29 x)) (x (z K (v20 B) B I (v17 S)) K (x K (S (K v9 S) (z v17) (B K)))))
B (z (v20 x (z x (K v1) z) x (v29 x)) (x (z K (v20 B) B I (v17 S)) K (x K (K v9 S (B K) (z v17 (B K))))))
B (z (v20 x (z x (K v1) z) x (v29 x)) (x (z K (v20 B) B I (v17 S)) K (x K (v9 (B K) (z v17 (B K))))))
