I x (B K) (K z (S I z) (x (z (S v14) (z (K z) I))) S (v9 (I (S I) v17)))
x (B K) (K z (S I z) (x (z (S v14) (z (K z) I))) S (v9 (I (S I) v17)))
x (B K) (z (x (z (S v14) (z (K z) I))) S (v9 (I (S I) v17)))
x (B K) (z (x (z (S v14) (z (K z) I))) S (v9 (S I v17)))
x (K (K (S v12) K) (x (K B (z B (x (I B))) I) B) (x (S x x) (K (I x (I (I S))) B (K (B S) v30)) (x (x (z B) (B v19 x)))))
x (K (S v12) K (x (S x x) (K (I x (I (I S))) B (K (B S) v30)) (x (x (z B) (B v19 x)))))
x (S v12 (x (S x x) (K (I x (I (I S))) B (K (B S) v30)) (x (x (z B) (B v19 x)))))
x (S v12 (x (S x x) (I x (I (I S)) (K (B S) v30)) (x (x (z B) (B v19 x)))))
x (S v12 (x (S x x) (x (I (I S)) (K (B S) v30)) (x (x (z B) (B v19 x)))))
x (S v12 (x (S x x) (x (I S) (K (B S) v30)) (x (x (z B) (B v19 x)))))
x (S v12 (x (S x x) (x S (K (B S) v30)) (x (x (z B) (B v19 x)))))
x (S v12 (x (S x x) (x S (B S)) (x (x (z B) (B v19 x)))))
B (S B B (x (S v23 (x (K I)) S) (I v26) z) x I) (x (S (K x)) S (v25 S) (B (S (I I)) (B S) v16 (I v26 (z S (S (I z)) B) z S z) z) B)
B (B (x (S v23 (x (K I)) S) (I v26) z) (B (x (S v23 (x (K I)) S) (I v26) z)) x I) (x (S (K x)) S (v25 S) (B (S (I I)) (B S) v16 (I v26 (z S (S (I z)) B) z S z) z) B)
B (x (S v23 (x (K I)) S) (I v26) z (B (x (S v23 (x (K I)) S) (I v26) z) x) I) (x (S (K x)) S (v25 S) (B (S (I I)) (B S) v16 (I v26 (z S (S (I z)) B) z S z) z) B)
B (x (v23 S (x (K I) S)) (I v26) z (B (x (S v23 (x (K I)) S) (I v26) z) x) I) (x (S (K x)) S (v25 S) (B (S (I I)) (B S) v16 (I v26 (z S (S (I z)) B) z S z) z) B)
B (x (v23 S (x (K I) S)) v26 z (B (x (S v23 (x (K I)) S) (I v26) z) x) I) (x (S (K x)) S (v25 S) (B (S (I I)) (B S) v16 (I v26 (z S (S (I z)) B) z S z) z) B)
B (x (v23 S (x (K I) S)) v26 z (B (x (v23 S (x (K I) S)) (I v26) z) x) I) (x (S (K x)) S (v25 S) (B (S (I I)) (B S) v16 (I v26 (z S (S (I z)) B) z S z) z) B)
B (x (v23 S (x (K I) S)) v26 z (B (x (v23 S (x (K I) S)) v26 z) x) I) (x (S (K x)) S (v25 S) (B (S (I I)) (B S) v16 (I v26 (z S (S (I z)) B) z S z) z) B)
B (x (v23 S (x (K I) S)) v26 z (B (x (v23 S (x (K I) S)) v26 z) x) I) (x (S (K x)) S (v25 S) (S (I I) (B S v16) (I v26 (z S (S (I z)) B) z S z) z) B)
B (x (v23 S (x (K I) S)) v26 z (B (x (v23 S (x (K I) S)) v26 z) x) I) (x (S (K x)) S (v25 S) (I I (I v26 (z S (S (I z)) B) z S z) (B S v16 (I v26 (z S (S (I z)) B) z S z)) z) B)
B (x (v23 S (x (K I) S)) v26 z (B (x (v23 S (x (K I) S)) v26 z) x) I) (x (S (K x)) S (v25 S) (I (I v26 (z S (S (I z)) B) z S z) (B S v16 (I v26 (z S (S (I z)) B) z S z)) z) B)
B (x (v23 S (x (K I) S)) v26 z (B (x (v23 S (x (K I) S)) v26 z) x) I) (x (S (K x)) S (v25 S) (I v26 (z S (S (I z)) B) z S z (B S v16 (I v26 (z S (S (I z)) B) z S z)) z) B)
B (x (v23 S (x (K I) S)) v26 z (B (x (v23 S (x (K I) S)) v26 z) x) I) (x (S (K x)) S (v25 S) (v26 (z S (S (I z)) B) z S z (B S v16 (I v26 (z S (S (I z)) B) z S z)) z) B)
B (x (v23 S (x (K I) S)) v26 z (B (x (v23 S (x (K I) S)) v26 z) x) I) (x (S (K x)) S (v25 S) (v26 (z S (S z) B) z S z (B S v16 (I v26 (z S (S (I z)) B) z S z)) z) B)
B (x (v23 S (x (K I) S)) v26 z (B (x (v23 S (x (K I) S)) v26 z) x) I) (x (S (K x)) S (v25 S) (v26 (z S (S z) B) z S z (S (v16 (I v26 (z S (S (I z)) B) z S z))) z) B)
B (x (v23 S (x (K I) S)) v26 z (B (x (v23 S (x (K I) S)) v26 z) x) I) (x (S (K x)) S (v25 S) (v26 (z S (S z) B) z S z (S (v16 (v26 (z S (S (I z)) B) z S z))) z) B)
B (x (v23 S (x (K I) S)) v26 z (B (x (v23 S (x (K I) S)) v26 z) x) I) (x (S (K x)) S (v25 S) (v26 (z S (S z) B) z S z (S (v16 (v26 (z S (S z) B) z S z))) z) B)
x S (S I z) (K I (x v1) (K K I I v10) B (I K (z (I v17) v15) (z (z B) (v3 (S (I I)))) (S (v2 v28)))) (x v10 (z x B (x v1 x (B B) I x)) (v20 (B K) (S (x x)) x) (K (v19 (z z) z B))) S
x S (S I z) (I (K K I I v10) B (I K (z (I v17) v15) (z (z B) (v3 (S (I I)))) (S (v2 v28)))) (x v10 (z x B (x v1 x (B B) I x)) (v20 (B K) (S (x x)) x) (K (v19 (z z) z B))) S
x S (S I z) (K K I I v10 B (I K (z (I v17) v15) (z (z B) (v3 (S (I I)))) (S (v2 v28)))) (x v10 (z x B (x v1 x (B B) I x)) (v20 (B K) (S (x x)) x) (K (v19 (z z) z B))) S
x S (S I z) (K I v10 B (I K (z (I v17) v15) (z (z B) (v3 (S (I I)))) (S (v2 v28)))) (x v10 (z x B (x v1 x (B B) I x)) (v20 (B K) (S (x x)) x) (K (v19 (z z) z B))) S
x S (S I z) (I B (I K (z (I v17) v15) (z (z B) (v3 (S (I I)))) (S (v2 v28)))) (x v10 (z x B (x v1 x (B B) I x)) (v20 (B K) (S (x x)) x) (K (v19 (z z) z B))) S
x S (S I z) (B (I K (z (I v17) v15) (z (z B) (v3 (S (I I)))) (S (v2 v28)))) (x v10 (z x B (x v1 x (B B) I x)) (v20 (B K) (S (x x)) x) (K (v19 (z z) z B))) S
x S (S I z) (B (K (z (I v17) v15) (z (z B) (v3 (S (I I)))) (S (v2 v28)))) (x v10 (z x B (x v1 x (B B) I x)) (v20 (B K) (S (x x)) x) (K (v19 (z z) z B))) S
x S (S I z) (B (z (I v17) v15 (S (v2 v28)))) (x v10 (z x B (x v1 x (B B) I x)) (v20 (B K) (S (x x)) x) (K (v19 (z z) z B))) S
x S (S I z) (B (z v17 v15 (S (v2 v28)))) (x v10 (z x B (x v1 x (B B) I x)) (v20 (B K) (S (x x)) x) (K (v19 (z z) z B))) S
x (S (v2 I) (z x B S)) z (v24 (K v13 (I z) x I)) (S S (z (S x) v10 S)) (B x) (B z) (B (I (I (I v28) (x v16))) (S (x S) K (B I B (z (I I B B v5 (z (B B))) K (S K))))) (v6 x)
x (S (v2 I) (z x B S)) z (v24 (v13 x I)) (S S (z (S x) v10 S)) (B x) (B z) (B (I (I (I v28) (x v16))) (S (x S) K (B I B (z (I I B B v5 (z (B B))) K (S K))))) (v6 x)
x (S (v2 I) (z x B S)) z (v24 (v13 x I)) (S S (z (S x) v10 S)) (B x) (B z) (B (I (I v28) (x v16)) (S (x S) K (B I B (z (I I B B v5 (z (B B))) K (S K))))) (v6 x)
x (S (v2 I) (z x B S)) z (v24 (v13 x I)) (S S (z (S x) v10 S)) (B x) (B z) (B (I v28 (x v16)) (S (x S) K (B I B (z (I I B B v5 (z (B B))) K (S K))))) (v6 x)
x (S (v2 I) (z x B S)) z (v24 (v13 x I)) (S S (z (S x) v10 S)) (B x) (B z) (B (v28 (x v16)) (S (x S) K (B I B (z (I I B B v5 (z (B B))) K (S K))))) (v6 x)
x (S (v2 I) (z x B S)) z (v24 (v13 x I)) (S S (z (S x) v10 S)) (B x) (B z) (B (v28 (x v16)) (x S (B I B (z (I I B B v5 (z (B B))) K (S K))) (K (B I B (z (I I B B v5 (z (B B))) K (S K)))))) (v6 x)
x (S (v2 I) (z x B S)) z (v24 (v13 x I)) (S S (z (S x) v10 S)) (B x) (B z) (B (v28 (x v16)) (x S (I (B (z (I I B B v5 (z (B B))) K (S K)))) (K (B I B (z (I I B B v5 (z (B B))) K (S K)))))) (v6 x)
x (S (v2 I) (z x B S)) z (v24 (v13 x I)) (S S (z (S x) v10 S)) (B x) (B z) (B (v28 (x v16)) (x S (B (z (I I B B v5 (z (B B))) K (S K))) (K (B I B (z (I I B B v5 (z (B B))) K (S K)))))) (v6 x)
x (S (v2 I) (z x B S)) z (v24 (v13 x I)) (S S (z (S x) v10 S)) (B x) (B z) (B (v28 (x v16)) (x S (B (z (I B B v5 (z (B B))) K (S K))) (K (B I B (z (I I B B v5 (z (B B))) K (S K)))))) (v6 x)
x (S (v2 I) (z x B S)) z (v24 (v13 x I)) (S S (z (S x) v10 S)) (B x) (B z) (B (v28 (x v16)) (x S (B (z (B B v5 (z (B B))) K (S K))) (K (B I B (z (I I B B v5 (z (B B))) K (S K)))))) (v6 x)
x (S (v2 I) (z x B S)) z (v24 (v13 x I)) (S S (z (S x) v10 S)) (B x) (B z) (B (v28 (x v16)) (x S (B (z (B (v5 (z (B B)))) K (S K))) (K (B I B (z (I I B B v5 (z (B B))) K (S K)))))) (v6 x)
x (S (v2 I) (z x B S)) z (v24 (v13 x I)) (S S (z (S x) v10 S)) (B x) (B z) (B (v28 (x v16)) (x S (B (z (B (v5 (z (B B)))) K (S K))) (K (I (B (z (I I B B v5 (z (B B))) K (S K))))))) (v6 x)
x (S (v2 I) (z x B S)) z (v24 (v13 x I)) (S S (z (S x) v10 S)) (B x) (B z) (B (v28 (x v16)) (x S (B (z (B (v5 (z (B B)))) K (S K))) (K (B (z (I I B B v5 (z (B B))) K (S K)))))) (v6 x)
x (S (v2 I) (z x B S)) z (v24 (v13 x I)) (S S (z (S x) v10 S)) (B x) (B z) (B (v28 (x v16)) (x S (B (z (B (v5 (z (B B)))) K (S K))) (K (B (z (I B B v5 (z (B B))) K (S K)))))) (v6 x)
x (S (v2 I) (z x B S)) z (v24 (v13 x I)) (S S (z (S x) v10 S)) (B x) (B z) (B (v28 (x v16)) (x S (B (z (B (v5 (z (B B)))) K (S K))) (K (B (z (B B v5 (z (B B))) K (S K)))))) (v6 x)
x (S (v2 I) (z x B S)) z (v24 (v13 x I)) (S S (z (S x) v10 S)) (B x) (B z) (B (v28 (x v16)) (x S (B (z (B (v5 (z (B B)))) K (S K))) (K (B (z (B (v5 (z (B B)))) K (S K)))))) (v6 x)
I v14 (B (I z) z) (K (I x) (K z (z I (I I))) x (B (S B (B (z I)) (B (x x)) v3 (z (z (x B I)))) (S B S) K) B)
v14 (B (I z) z) (K (I x) (K z (z I (I I))) x (B (S B (B (z I)) (B (x x)) v3 (z (z (x B I)))) (S B S) K) B)
v14 (B z z) (K (I x) (K z (z I (I I))) x (B (S B (B (z I)) (B (x x)) v3 (z (z (x B I)))) (S B S) K) B)
v14 (B z z) (I x x (B (S B (B (z I)) (B (x x)) v3 (z (z (x B I)))) (S B S) K) B)
v14 (B z z) (x x (B (S B (B (z I)) (B (x x)) v3 (z (z (x B I)))) (S B S) K) B)
v14 (B z z) (x x (S B (B (z I)) (B (x x)) v3 (z (z (x B I))) (S B S K)) B)
v14 (B z z) (x x (B (B (x x)) (B (z I) (B (x x))) v3 (z (z (x B I))) (S B S K)) B)
v14 (B z z) (x x (B (x x) (B (z I) (B (x x)) v3) (z (z (x B I))) (S B S K)) B)
v14 (B z z) (x x (x x (B (z I) (B (x x)) v3 (z (z (x B I)))) (S B S K)) B)
v14 (B z z) (x x (x x (z I (B (x x) v3) (z (z (x B I)))) (S B S K)) B)
v14 (B z z) (x x (x x (z I (B (x x) v3) (z (z (x B I)))) (B K (S K))) B)
x I (K z (z (S (I B) (I (K (z (z S)))) (I K))) B) (B (B (B z)) (z z B x z (I (B I)) (z (v28 I) S) (K I B)) (K B) (S (K v13) B) z)
x I (z B) (B (B (B z)) (z z B x z (I (B I)) (z (v28 I) S) (K I B)) (K B) (S (K v13) B) z)
x I (z B) (B (B z) (z z B x z (I (B I)) (z (v28 I) S) (K I B) (K B)) (S (K v13) B) z)
x I (z B) (B z (z z B x z (I (B I)) (z (v28 I) S) (K I B) (K B) (S (K v13) B)) z)
x I (z B) (z (z z B x z (I (B I)) (z (v28 I) S) (K I B) (K B) (S (K v13) B) z))
x I (z B) (z (z z B x z (B I) (z (v28 I) S) (K I B) (K B) (S (K v13) B) z))
x I (z B) (z (z z B x z (B I) (z (v28 I) S) I (K B) (S (K v13) B) z))
S
K v11 (v3 v12 (x B) S K I) (x (x (I K S)) (z (I z (v13 K) S) (S K x) (v20 B (B v9)) (z x z) K)) (x x v11 (z z (v1 z (v8 x (S S) (K B)) (I (K (x z)) (S z)) (v10 (I (S z) S B B)))))
v11 (x (x (I K S)) (z (I z (v13 K) S) (S K x) (v20 B (B v9)) (z x z) K)) (x x v11 (z z (v1 z (v8 x (S S) (K B)) (I (K (x z)) (S z)) (v10 (I (S z) S B B)))))
v11 (x (x (K S)) (z (I z (v13 K) S) (S K x) (v20 B (B v9)) (z x z) K)) (x x v11 (z z (v1 z (v8 x (S S) (K B)) (I (K (x z)) (S z)) (v10 (I (S z) S B B)))))
v11 (x (x (K S)) (z (z (v13 K) S) (S K x) (v20 B (B v9)) (z x z) K)) (x x v11 (z z (v1 z (v8 x (S S) (K B)) (I (K (x z)) (S z)) (v10 (I (S z) S B B)))))
v11 (x (x (K S)) (z (z (v13 K) S) (S K x) (v20 B (B v9)) (z x z) K)) (x x v11 (z z (v1 z (v8 x (S S) (K B)) (K (x z) (S z)) (v10 (I (S z) S B B)))))
v11 (x (x (K S)) (z (z (v13 K) S) (S K x) (v20 B (B v9)) (z x z) K)) (x x v11 (z z (v1 z (v8 x (S S) (K B)) (x z) (v10 (I (S z) S B B)))))
v11 (x (x (K S)) (z (z (v13 K) S) (S K x) (v20 B (B v9)) (z x z) K)) (x x v11 (z z (v1 z (v8 x (S S) (K B)) (x z) (v10 (S z S B B)))))
v11 (x (x (K S)) (z (z (v13 K) S) (S K x) (v20 B (B v9)) (z x z) K)) (x x v11 (z z (v1 z (v8 x (S S) (K B)) (x z) (v10 (z B (S B) B)))))
K (K v20) v14
K v20
