x K (v7 (z x) I (I v9) K) (S S (v29 z) (v20 (I I z) v10 (B v28)) S) (S K (v9 (v28 I))) (S B z) B (B B (K x (B (S S v9 (v30 (I K)))) (B v0) (S K) (v14 z S K)) x (S (B (x K) (K (I K I S))) (z S) (I (x (I (B x v7) z K)) (S (B K) (v19 B (S S) x (v27 S))))))
x K (v7 (z x) I v9 K) (S S (v29 z) (v20 (I I z) v10 (B v28)) S) (S K (v9 (v28 I))) (S B z) B (B B (K x (B (S S v9 (v30 (I K)))) (B v0) (S K) (v14 z S K)) x (S (B (x K) (K (I K I S))) (z S) (I (x (I (B x v7) z K)) (S (B K) (v19 B (S S) x (v27 S))))))
x K (v7 (z x) I v9 K) (S (v20 (I I z) v10 (B v28)) (v29 z (v20 (I I z) v10 (B v28))) S) (S K (v9 (v28 I))) (S B z) B (B B (K x (B (S S v9 (v30 (I K)))) (B v0) (S K) (v14 z S K)) x (S (B (x K) (K (I K I S))) (z S) (I (x (I (B x v7) z K)) (S (B K) (v19 B (S S) x (v27 S))))))
x K (v7 (z x) I v9 K) (v20 (I I z) v10 (B v28) S (v29 z (v20 (I I z) v10 (B v28)) S)) (S K (v9 (v28 I))) (S B z) B (B B (K x (B (S S v9 (v30 (I K)))) (B v0) (S K) (v14 z S K)) x (S (B (x K) (K (I K I S))) (z S) (I (x (I (B x v7) z K)) (S (B K) (v19 B (S S) x (v27 S))))))
x K (v7 (z x) I v9 K) (v20 (I z) v10 (B v28) S (v29 z (v20 (I I z) v10 (B v28)) S)) (S K (v9 (v28 I))) (S B z) B (B B (K x (B (S S v9 (v30 (I K)))) (B v0) (S K) (v14 z S K)) x (S (B (x K) (K (I K I S))) (z S) (I (x (I (B x v7) z K)) (S (B K) (v19 B (S S) x (v27 S))))))
x K (v7 (z x) I v9 K) (v20 z v10 (B v28) S (v29 z (v20 (I I z) v10 (B v28)) S)) (S K (v9 (v28 I))) (S B z) B (B B (K x (B (S S v9 (v30 (I K)))) (B v0) (S K) (v14 z S K)) x (S (B (x K) (K (I K I S))) (z S) (I (x (I (B x v7) z K)) (S (B K) (v19 B (S S) x (v27 S))))))
x K (v7 (z x) I v9 K) (v20 z v10 (B v28) S (v29 z (v20 (I z) v10 (B v28)) S)) (S K (v9 (v28 I))) (S B z) B (B B (K x (B (S S v9 (v30 (I K)))) (B v0) (S K) (v14 z S K)) x (S (B (x K) (K (I K I S))) (z S) (I (x (I (B x v7) z K)) (S (B K) (v19 B (S S) x (v27 S))))))
x K (v7 (z x) I v9 K) (v20 z v10 (B v28) S (v29 z (v20 z v10 (B v28)) S)) (S K (v9 (v28 I))) (S B z) B (B B (K x (B (S S v9 (v30 (I K)))) (B v0) (S K) (v14 z S K)) x (S (B (x K) (K (I K I S))) (z S) (I (x (I (B x v7) z K)) (S (B K) (v19 B (S S) x (v27 S))))))
x K (v7 (z x) I v9 K) (v20 z v10 (B v28) S (v29 z (v20 z v10 (B v28)) S)) (S K (v9 (v28 I))) (S B z) B (B (K x (B (S S v9 (v30 (I K)))) (B v0) (S K) (v14 z S K) x) (S (B (x K) (K (I K I S))) (z S) (I (x (I (B x v7) z K)) (S (B K) (v19 B (S S) x (v27 S))))))
x K (v7 (z x) I v9 K) (v20 z v10 (B v28) S (v29 z (v20 z v10 (B v28)) S)) (S K (v9 (v28 I))) (S B z) B (B (x (B v0) (S K) (v14 z S K) x) (S (B (x K) (K (I K I S))) (z S) (I (x (I (B x v7) z K)) (S (B K) (v19 B (S S) x (v27 S))))))
x K (v7 (z x) I v9 K) (v20 z v10 (B v28) S (v29 z (v20 z v10 (B v28)) S)) (S K (v9 (v28 I))) (S B z) B (B (x (B v0) (S K) (v14 z S K) x) (B (x K) (K (I K I S)) (I (x (I (B x v7) z K)) (S (B K) (v19 B (S S) x (v27 S)))) (z S (I (x (I (B x v7) z K)) (S (B K) (v19 B (S S) x (v27 S)))))))
x K (v7 (z x) I v9 K) (v20 z v10 (B v28) S (v29 z (v20 z v10 (B v28)) S)) (S K (v9 (v28 I))) (S B z) B (B (x (B v0) (S K) (v14 z S K) x) (x K (K (I K I S) (I (x (I (B x v7) z K)) (S (B K) (v19 B (S S) x (v27 S))))) (z S (I (x (I (B x v7) z K)) (S (B K) (v19 B (S S) x (v27 S)))))))
x K (v7 (z x) I v9 K) (v20 z v10 (B v28) S (v29 z (v20 z v10 (B v28)) S)) (S K (v9 (v28 I))) (S B z) B (B (x (B v0) (S K) (v14 z S K) x) (x K (I K I S) (z S (I (x (I (B x v7) z K)) (S (B K) (v19 B (S S) x (v27 S)))))))
x K (v7 (z x) I v9 K) (v20 z v10 (B v28) S (v29 z (v20 z v10 (B v28)) S)) (S K (v9 (v28 I))) (S B z) B (B (x (B v0) (S K) (v14 z S K) x) (x K (K I S) (z S (I (x (I (B x v7) z K)) (S (B K) (v19 B (S S) x (v27 S)))))))
x K (v7 (z x) I v9 K) (v20 z v10 (B v28) S (v29 z (v20 z v10 (B v28)) S)) (S K (v9 (v28 I))) (S B z) B (B (x (B v0) (S K) (v14 z S K) x) (x K I (z S (I (x (I (B x v7) z K)) (S (B K) (v19 B (S S) x (v27 S)))))))
x K (v7 (z x) I v9 K) (v20 z v10 (B v28) S (v29 z (v20 z v10 (B v28)) S)) (S K (v9 (v28 I))) (S B z) B (B (x (B v0) (S K) (v14 z S K) x) (x K I (z S (x (I (B x v7) z K) (S (B K) (v19 B (S S) x (v27 S)))))))
x K (v7 (z x) I v9 K) (v20 z v10 (B v28) S (v29 z (v20 z v10 (B v28)) S)) (S K (v9 (v28 I))) (S B z) B (B (x (B v0) (S K) (v14 z S K) x) (x K I (z S (x (B x v7 z K) (S (B K) (v19 B (S S) x (v27 S)))))))
x K (v7 (z x) I v9 K) (v20 z v10 (B v28) S (v29 z (v20 z v10 (B v28)) S)) (S K (v9 (v28 I))) (S B z) B (B (x (B v0) (S K) (v14 z S K) x) (x K I (z S (x (x (v7 z) K) (S (B K) (v19 B (S S) x (v27 S)))))))
K (I S I (K (K K z (z B x) (I (S K (S B))) I)) S (S (I (I x B))) K v8)
K (S I (K (K K z (z B x) (I (S K (S B))) I)) S (S (I (I x B))) K v8)
K (I S (K (K K z (z B x) (I (S K (S B))) I) S) (S (I (I x B))) K v8)
K (S (K (K K z (z B x) (I (S K (S B))) I) S) (S (I (I x B))) K v8)
K (K (K K z (z B x) (I (S K (S B))) I) S K (S (I (I x B)) K) v8)
K (K K z (z B x) (I (S K (S B))) I K (S (I (I x B)) K) v8)
K (K (z B x) (I (S K (S B))) I K (S (I (I x B)) K) v8)
K (z B x I K (S (I (I x B)) K) v8)
K (z B x I K (S (I x B) K) v8)
K (z B x I K (S (x B) K) v8)
z (x (B v11)) (z z (B K B)) K (K (K v27)) (B (B z (z B) (B (K (v7 (v25 B)))) (z (x z) (K K (K S) z) (z K)) (v25 (x I z x) I x v8)) (z (x (S S)) (v0 x I z (I z (B (z (K (S x)) I)))))) (v1 (v14 S z v20 K (S S x) I) v7 S I x)
z (x (B v11)) (z z (B K B)) K (K (K v27)) (B (z (z B (B (K (v7 (v25 B))))) (z (x z) (K K (K S) z) (z K)) (v25 (x I z x) I x v8)) (z (x (S S)) (v0 x I z (I z (B (z (K (S x)) I)))))) (v1 (v14 S z v20 K (S S x) I) v7 S I x)
z (x (B v11)) (z z (B K B)) K (K (K v27)) (B (z (z B (B (K (v7 (v25 B))))) (z (x z) (K z) (z K)) (v25 (x I z x) I x v8)) (z (x (S S)) (v0 x I z (I z (B (z (K (S x)) I)))))) (v1 (v14 S z v20 K (S S x) I) v7 S I x)
z (x (B v11)) (z z (B K B)) K (K (K v27)) (B (z (z B (B (K (v7 (v25 B))))) (z (x z) (K z) (z K)) (v25 (x I z x) I x v8)) (z (x (S S)) (v0 x I z (z (B (z (K (S x)) I)))))) (v1 (v14 S z v20 K (S S x) I) v7 S I x)
I I z (I (x (v11 (K I) (K (I K))) (K S (B v14 B) (I v30 (I B (B S)) (x (v11 v20)) (z (S (K B) S)))))) (K (S K)) I
I z (I (x (v11 (K I) (K (I K))) (K S (B v14 B) (I v30 (I B (B S)) (x (v11 v20)) (z (S (K B) S)))))) (K (S K)) I
z (I (x (v11 (K I) (K (I K))) (K S (B v14 B) (I v30 (I B (B S)) (x (v11 v20)) (z (S (K B) S)))))) (K (S K)) I
z (x (v11 (K I) (K (I K))) (K S (B v14 B) (I v30 (I B (B S)) (x (v11 v20)) (z (S (K B) S))))) (K (S K)) I
z (x (v11 (K I) (K K)) (K S (B v14 B) (I v30 (I B (B S)) (x (v11 v20)) (z (S (K B) S))))) (K (S K)) I
z (x (v11 (K I) (K K)) (S (I v30 (I B (B S)) (x (v11 v20)) (z (S (K B) S))))) (K (S K)) I
z (x (v11 (K I) (K K)) (S (v30 (I B (B S)) (x (v11 v20)) (z (S (K B) S))))) (K (S K)) I
z (x (v11 (K I) (K K)) (S (v30 (B (B S)) (x (v11 v20)) (z (S (K B) S))))) (K (S K)) I
v12 (z (K x) K (B (v4 B (K (K (v30 (I v6)) x) z)) x)) (B (v23 (K (B (I (K S (K (z B)) v14 I)) (v24 z) (K K))) z) (K z (I v3 z (z (I v30) (B (I K) z x) (x B))) (K (x (I (K (v4 S))) K B (z v3 x S)) (v30 K B))))
v12 (z (K x) K (B (v4 B (K (v30 (I v6)) x)) x)) (B (v23 (K (B (I (K S (K (z B)) v14 I)) (v24 z) (K K))) z) (K z (I v3 z (z (I v30) (B (I K) z x) (x B))) (K (x (I (K (v4 S))) K B (z v3 x S)) (v30 K B))))
v12 (z (K x) K (B (v4 B (v30 (I v6))) x)) (B (v23 (K (B (I (K S (K (z B)) v14 I)) (v24 z) (K K))) z) (K z (I v3 z (z (I v30) (B (I K) z x) (x B))) (K (x (I (K (v4 S))) K B (z v3 x S)) (v30 K B))))
v12 (z (K x) K (B (v4 B (v30 v6)) x)) (B (v23 (K (B (I (K S (K (z B)) v14 I)) (v24 z) (K K))) z) (K z (I v3 z (z (I v30) (B (I K) z x) (x B))) (K (x (I (K (v4 S))) K B (z v3 x S)) (v30 K B))))
v12 (z (K x) K (B (v4 B (v30 v6)) x)) (B (v23 (K (I (K S (K (z B)) v14 I) (v24 z (K K)))) z) (K z (I v3 z (z (I v30) (B (I K) z x) (x B))) (K (x (I (K (v4 S))) K B (z v3 x S)) (v30 K B))))
v12 (z (K x) K (B (v4 B (v30 v6)) x)) (B (v23 (K (K S (K (z B)) v14 I (v24 z (K K)))) z) (K z (I v3 z (z (I v30) (B (I K) z x) (x B))) (K (x (I (K (v4 S))) K B (z v3 x S)) (v30 K B))))
v12 (z (K x) K (B (v4 B (v30 v6)) x)) (B (v23 (K (S v14 I (v24 z (K K)))) z) (K z (I v3 z (z (I v30) (B (I K) z x) (x B))) (K (x (I (K (v4 S))) K B (z v3 x S)) (v30 K B))))
v12 (z (K x) K (B (v4 B (v30 v6)) x)) (B (v23 (K (v14 (v24 z (K K)) (I (v24 z (K K))))) z) (K z (I v3 z (z (I v30) (B (I K) z x) (x B))) (K (x (I (K (v4 S))) K B (z v3 x S)) (v30 K B))))
v12 (z (K x) K (B (v4 B (v30 v6)) x)) (B (v23 (K (v14 (v24 z (K K)) (v24 z (K K)))) z) (K z (I v3 z (z (I v30) (B (I K) z x) (x B))) (K (x (I (K (v4 S))) K B (z v3 x S)) (v30 K B))))
v12 (z (K x) K (B (v4 B (v30 v6)) x)) (B (v23 (K (v14 (v24 z (K K)) (v24 z (K K)))) z) (z (K (x (I (K (v4 S))) K B (z v3 x S)) (v30 K B))))
v12 (z (K x) K (B (v4 B (v30 v6)) x)) (B (v23 (K (v14 (v24 z (K K)) (v24 z (K K)))) z) (z (x (I (K (v4 S))) K B (z v3 x S))))
v12 (z (K x) K (B (v4 B (v30 v6)) x)) (B (v23 (K (v14 (v24 z (K K)) (v24 z (K K)))) z) (z (x (K (v4 S)) K B (z v3 x S))))
S v30 B (z z z)
v30 (z z z) (B (z z z))
S (B z (B (x S)))
I (I z B (I S B) (S z)) (B z (K (v11 S (I (B (S B)) (B K (z x) I)) S))) (x (x (z (I (S I (S z) (I (v18 B)))))) v23) (v20 (K z (I S) (K (B B) (v28 v16) x) (z (I B) I))) (I (x (z (K S))))
I z B (I S B) (S z) (B z (K (v11 S (I (B (S B)) (B K (z x) I)) S))) (x (x (z (I (S I (S z) (I (v18 B)))))) v23) (v20 (K z (I S) (K (B B) (v28 v16) x) (z (I B) I))) (I (x (z (K S))))
z B (I S B) (S z) (B z (K (v11 S (I (B (S B)) (B K (z x) I)) S))) (x (x (z (I (S I (S z) (I (v18 B)))))) v23) (v20 (K z (I S) (K (B B) (v28 v16) x) (z (I B) I))) (I (x (z (K S))))
z B (S B) (S z) (B z (K (v11 S (I (B (S B)) (B K (z x) I)) S))) (x (x (z (I (S I (S z) (I (v18 B)))))) v23) (v20 (K z (I S) (K (B B) (v28 v16) x) (z (I B) I))) (I (x (z (K S))))
z B (S B) (S z) (B z (K (v11 S (B (S B) (B K (z x) I)) S))) (x (x (z (I (S I (S z) (I (v18 B)))))) v23) (v20 (K z (I S) (K (B B) (v28 v16) x) (z (I B) I))) (I (x (z (K S))))
z B (S B) (S z) (B z (K (v11 S (B (S B) (K (z x I))) S))) (x (x (z (I (S I (S z) (I (v18 B)))))) v23) (v20 (K z (I S) (K (B B) (v28 v16) x) (z (I B) I))) (I (x (z (K S))))
z B (S B) (S z) (B z (K (v11 S (B (S B) (K (z x I))) S))) (x (x (z (S I (S z) (I (v18 B))))) v23) (v20 (K z (I S) (K (B B) (v28 v16) x) (z (I B) I))) (I (x (z (K S))))
z B (S B) (S z) (B z (K (v11 S (B (S B) (K (z x I))) S))) (x (x (z (I (I (v18 B)) (S z (I (v18 B)))))) v23) (v20 (K z (I S) (K (B B) (v28 v16) x) (z (I B) I))) (I (x (z (K S))))
z B (S B) (S z) (B z (K (v11 S (B (S B) (K (z x I))) S))) (x (x (z (I (v18 B) (S z (I (v18 B)))))) v23) (v20 (K z (I S) (K (B B) (v28 v16) x) (z (I B) I))) (I (x (z (K S))))
z B (S B) (S z) (B z (K (v11 S (B (S B) (K (z x I))) S))) (x (x (z (v18 B (S z (I (v18 B)))))) v23) (v20 (K z (I S) (K (B B) (v28 v16) x) (z (I B) I))) (I (x (z (K S))))
z B (S B) (S z) (B z (K (v11 S (B (S B) (K (z x I))) S))) (x (x (z (v18 B (S z (v18 B))))) v23) (v20 (K z (I S) (K (B B) (v28 v16) x) (z (I B) I))) (I (x (z (K S))))
z B (S B) (S z) (B z (K (v11 S (B (S B) (K (z x I))) S))) (x (x (z (v18 B (S z (v18 B))))) v23) (v20 (z (K (B B) (v28 v16) x) (z (I B) I))) (I (x (z (K S))))
z B (S B) (S z) (B z (K (v11 S (B (S B) (K (z x I))) S))) (x (x (z (v18 B (S z (v18 B))))) v23) (v20 (z (B B x) (z (I B) I))) (I (x (z (K S))))
z B (S B) (S z) (B z (K (v11 S (B (S B) (K (z x I))) S))) (x (x (z (v18 B (S z (v18 B))))) v23) (v20 (z (B B x) (z B I))) (I (x (z (K S))))
z B (S B) (S z) (B z (K (v11 S (B (S B) (K (z x I))) S))) (x (x (z (v18 B (S z (v18 B))))) v23) (v20 (z (B B x) (z B I))) (x (z (K S)))
B
S
