S I
K (B S)
v25 S (v24 x) (K I I (z x (B (I (I (I v21)))) (K (K (v29 (z B))) B))) (K v4) B (S (B (K (I I) (z x)) x) (S z v9))
v25 S (v24 x) (I (z x (B (I (I (I v21)))) (K (K (v29 (z B))) B))) (K v4) B (S (B (K (I I) (z x)) x) (S z v9))
v25 S (v24 x) (z x (B (I (I (I v21)))) (K (K (v29 (z B))) B)) (K v4) B (S (B (K (I I) (z x)) x) (S z v9))
v25 S (v24 x) (z x (B (I (I v21))) (K (K (v29 (z B))) B)) (K v4) B (S (B (K (I I) (z x)) x) (S z v9))
v25 S (v24 x) (z x (B (I v21)) (K (K (v29 (z B))) B)) (K v4) B (S (B (K (I I) (z x)) x) (S z v9))
v25 S (v24 x) (z x (B v21) (K (K (v29 (z B))) B)) (K v4) B (S (B (K (I I) (z x)) x) (S z v9))
v25 S (v24 x) (z x (B v21) (K (v29 (z B)))) (K v4) B (S (B (K (I I) (z x)) x) (S z v9))
v25 S (v24 x) (z x (B v21) (K (v29 (z B)))) (K v4) B (S (B (I I) x) (S z v9))
v25 S (v24 x) (z x (B v21) (K (v29 (z B)))) (K v4) B (S (B I x) (S z v9))
z
z S S
S
S (x (B v3) (S (x (z x x)))) (I z K (x S (B x)) (I (S (I (I S (S v3)) x))) (z (K (I B v4 x) v25) z (z K) (v29 S))) (K z z (z (K I (I K (x z (z v6)) x))) (z (z (z x I) (x v27) (K (I B K) (S (K x)) z)) (z I) (K v22)))
x (B v3) (S (x (z x x))) (K z z (z (K I (I K (x z (z v6)) x))) (z (z (z x I) (x v27) (K (I B K) (S (K x)) z)) (z I) (K v22))) (I z K (x S (B x)) (I (S (I (I S (S v3)) x))) (z (K (I B v4 x) v25) z (z K) (v29 S)) (K z z (z (K I (I K (x z (z v6)) x))) (z (z (z x I) (x v27) (K (I B K) (S (K x)) z)) (z I) (K v22))))
x (B v3) (S (x (z x x))) (z (z (K I (I K (x z (z v6)) x))) (z (z (z x I) (x v27) (K (I B K) (S (K x)) z)) (z I) (K v22))) (I z K (x S (B x)) (I (S (I (I S (S v3)) x))) (z (K (I B v4 x) v25) z (z K) (v29 S)) (K z z (z (K I (I K (x z (z v6)) x))) (z (z (z x I) (x v27) (K (I B K) (S (K x)) z)) (z I) (K v22))))
x (B v3) (S (x (z x x))) (z (z I) (z (z (z x I) (x v27) (K (I B K) (S (K x)) z)) (z I) (K v22))) (I z K (x S (B x)) (I (S (I (I S (S v3)) x))) (z (K (I B v4 x) v25) z (z K) (v29 S)) (K z z (z (K I (I K (x z (z v6)) x))) (z (z (z x I) (x v27) (K (I B K) (S (K x)) z)) (z I) (K v22))))
x (B v3) (S (x (z x x))) (z (z I) (z (z (z x I) (x v27) (I B K z)) (z I) (K v22))) (I z K (x S (B x)) (I (S (I (I S (S v3)) x))) (z (K (I B v4 x) v25) z (z K) (v29 S)) (K z z (z (K I (I K (x z (z v6)) x))) (z (z (z x I) (x v27) (K (I B K) (S (K x)) z)) (z I) (K v22))))
x (B v3) (S (x (z x x))) (z (z I) (z (z (z x I) (x v27) (B K z)) (z I) (K v22))) (I z K (x S (B x)) (I (S (I (I S (S v3)) x))) (z (K (I B v4 x) v25) z (z K) (v29 S)) (K z z (z (K I (I K (x z (z v6)) x))) (z (z (z x I) (x v27) (K (I B K) (S (K x)) z)) (z I) (K v22))))
x (B v3) (S (x (z x x))) (z (z I) (z (z (z x I) (x v27) (B K z)) (z I) (K v22))) (z K (x S (B x)) (I (S (I (I S (S v3)) x))) (z (K (I B v4 x) v25) z (z K) (v29 S)) (K z z (z (K I (I K (x z (z v6)) x))) (z (z (z x I) (x v27) (K (I B K) (S (K x)) z)) (z I) (K v22))))
x (B v3) (S (x (z x x))) (z (z I) (z (z (z x I) (x v27) (B K z)) (z I) (K v22))) (z K (x S (B x)) (S (I (I S (S v3)) x)) (z (K (I B v4 x) v25) z (z K) (v29 S)) (K z z (z (K I (I K (x z (z v6)) x))) (z (z (z x I) (x v27) (K (I B K) (S (K x)) z)) (z I) (K v22))))
x (B v3) (S (x (z x x))) (z (z I) (z (z (z x I) (x v27) (B K z)) (z I) (K v22))) (z K (x S (B x)) (S (I S (S v3) x)) (z (K (I B v4 x) v25) z (z K) (v29 S)) (K z z (z (K I (I K (x z (z v6)) x))) (z (z (z x I) (x v27) (K (I B K) (S (K x)) z)) (z I) (K v22))))
x (B v3) (S (x (z x x))) (z (z I) (z (z (z x I) (x v27) (B K z)) (z I) (K v22))) (z K (x S (B x)) (S (S (S v3) x)) (z (K (I B v4 x) v25) z (z K) (v29 S)) (K z z (z (K I (I K (x z (z v6)) x))) (z (z (z x I) (x v27) (K (I B K) (S (K x)) z)) (z I) (K v22))))
x (B v3) (S (x (z x x))) (z (z I) (z (z (z x I) (x v27) (B K z)) (z I) (K v22))) (z K (x S (B x)) (S (S (S v3) x)) (z (I B v4 x) z (z K) (v29 S)) (K z z (z (K I (I K (x z (z v6)) x))) (z (z (z x I) (x v27) (K (I B K) (S (K x)) z)) (z I) (K v22))))
x (B v3) (S (x (z x x))) (z (z I) (z (z (z x I) (x v27) (B K z)) (z I) (K v22))) (z K (x S (B x)) (S (S (S v3) x)) (z (B v4 x) z (z K) (v29 S)) (K z z (z (K I (I K (x z (z v6)) x))) (z (z (z x I) (x v27) (K (I B K) (S (K x)) z)) (z I) (K v22))))
x (B v3) (S (x (z x x))) (z (z I) (z (z (z x I) (x v27) (B K z)) (z I) (K v22))) (z K (x S (B x)) (S (S (S v3) x)) (z (B v4 x) z (z K) (v29 S)) (z (z (K I (I K (x z (z v6)) x))) (z (z (z x I) (x v27) (K (I B K) (S (K x)) z)) (z I) (K v22))))
x (B v3) (S (x (z x x))) (z (z I) (z (z (z x I) (x v27) (B K z)) (z I) (K v22))) (z K (x S (B x)) (S (S (S v3) x)) (z (B v4 x) z (z K) (v29 S)) (z (z I) (z (z (z x I) (x v27) (K (I B K) (S (K x)) z)) (z I) (K v22))))
x (B v3) (S (x (z x x))) (z (z I) (z (z (z x I) (x v27) (B K z)) (z I) (K v22))) (z K (x S (B x)) (S (S (S v3) x)) (z (B v4 x) z (z K) (v29 S)) (z (z I) (z (z (z x I) (x v27) (I B K z)) (z I) (K v22))))
x (B v3) (S (x (z x x))) (z (z I) (z (z (z x I) (x v27) (B K z)) (z I) (K v22))) (z K (x S (B x)) (S (S (S v3) x)) (z (B v4 x) z (z K) (v29 S)) (z (z I) (z (z (z x I) (x v27) (B K z)) (z I) (K v22))))
z (B S) (v16 I (v17 K) (x S) (K K (K S z))) (z (v10 (I v14)) v13) x (K B v3 (x (I z)) I z)
z (B S) (v16 I (v17 K) (x S) K) (z (v10 (I v14)) v13) x (K B v3 (x (I z)) I z)
z (B S) (v16 I (v17 K) (x S) K) (z (v10 v14) v13) x (K B v3 (x (I z)) I z)
z (B S) (v16 I (v17 K) (x S) K) (z (v10 v14) v13) x (B (x (I z)) I z)
z (B S) (v16 I (v17 K) (x S) K) (z (v10 v14) v13) x (x (I z) (I z))
z (B S) (v16 I (v17 K) (x S) K) (z (v10 v14) v13) x (x z (I z))
z (B S) (v16 I (v17 K) (x S) K) (z (v10 v14) v13) x (x z z)
B (I (I z) S) (B B I I S x S)
B (I z S) (B B I I S x S)
B (z S) (B B I I S x S)
B (z S) (B (I I) S x S)
B (z S) (I I (S x) S)
B (z S) (I (S x) S)
B (z S) (S x S)
z (v25 x) (S (S B (v0 x)) (S (S B K)) z) (K v27 (B I (S B) (I (I K z))) S v7 (I (K x)) S (I (x (x K) (I K I))) (K B I (I (K (v11 I) B S)) (v0 B (I (I (I S))))) S) (K (z (x (S z) (S (z z) S))) (x (B (B K)) (v16 (x (I (x K))))))
z (v25 x) (S B (v0 x) z (S (S B K) z)) (K v27 (B I (S B) (I (I K z))) S v7 (I (K x)) S (I (x (x K) (I K I))) (K B I (I (K (v11 I) B S)) (v0 B (I (I (I S))))) S) (K (z (x (S z) (S (z z) S))) (x (B (B K)) (v16 (x (I (x K))))))
z (v25 x) (B z (v0 x z) (S (S B K) z)) (K v27 (B I (S B) (I (I K z))) S v7 (I (K x)) S (I (x (x K) (I K I))) (K B I (I (K (v11 I) B S)) (v0 B (I (I (I S))))) S) (K (z (x (S z) (S (z z) S))) (x (B (B K)) (v16 (x (I (x K))))))
z (v25 x) (z (v0 x z (S (S B K) z))) (K v27 (B I (S B) (I (I K z))) S v7 (I (K x)) S (I (x (x K) (I K I))) (K B I (I (K (v11 I) B S)) (v0 B (I (I (I S))))) S) (K (z (x (S z) (S (z z) S))) (x (B (B K)) (v16 (x (I (x K))))))
z (v25 x) (z (v0 x z (S (S B K) z))) (v27 S v7 (I (K x)) S (I (x (x K) (I K I))) (K B I (I (K (v11 I) B S)) (v0 B (I (I (I S))))) S) (K (z (x (S z) (S (z z) S))) (x (B (B K)) (v16 (x (I (x K))))))
z (v25 x) (z (v0 x z (S (S B K) z))) (v27 S v7 (K x) S (I (x (x K) (I K I))) (K B I (I (K (v11 I) B S)) (v0 B (I (I (I S))))) S) (K (z (x (S z) (S (z z) S))) (x (B (B K)) (v16 (x (I (x K))))))
z (v25 x) (z (v0 x z (S (S B K) z))) (v27 S v7 (K x) S (x (x K) (I K I)) (K B I (I (K (v11 I) B S)) (v0 B (I (I (I S))))) S) (K (z (x (S z) (S (z z) S))) (x (B (B K)) (v16 (x (I (x K))))))
z (v25 x) (z (v0 x z (S (S B K) z))) (v27 S v7 (K x) S (x (x K) (K I)) (K B I (I (K (v11 I) B S)) (v0 B (I (I (I S))))) S) (K (z (x (S z) (S (z z) S))) (x (B (B K)) (v16 (x (I (x K))))))
z (v25 x) (z (v0 x z (S (S B K) z))) (v27 S v7 (K x) S (x (x K) (K I)) (B (I (K (v11 I) B S)) (v0 B (I (I (I S))))) S) (K (z (x (S z) (S (z z) S))) (x (B (B K)) (v16 (x (I (x K))))))
z (v25 x) (z (v0 x z (S (S B K) z))) (v27 S v7 (K x) S (x (x K) (K I)) (B (K (v11 I) B S) (v0 B (I (I (I S))))) S) (K (z (x (S z) (S (z z) S))) (x (B (B K)) (v16 (x (I (x K))))))
z (v25 x) (z (v0 x z (S (S B K) z))) (v27 S v7 (K x) S (x (x K) (K I)) (B (v11 I S) (v0 B (I (I (I S))))) S) (K (z (x (S z) (S (z z) S))) (x (B (B K)) (v16 (x (I (x K))))))
z (v25 x) (z (v0 x z (S (S B K) z))) (v27 S v7 (K x) S (x (x K) (K I)) (B (v11 I S) (v0 B (I (I S)))) S) (K (z (x (S z) (S (z z) S))) (x (B (B K)) (v16 (x (I (x K))))))
z (v25 x) (z (v0 x z (S (S B K) z))) (v27 S v7 (K x) S (x (x K) (K I)) (B (v11 I S) (v0 B (I S))) S) (K (z (x (S z) (S (z z) S))) (x (B (B K)) (v16 (x (I (x K))))))
z (v25 x) (z (v0 x z (S (S B K) z))) (v27 S v7 (K x) S (x (x K) (K I)) (B (v11 I S) (v0 B S)) S) (K (z (x (S z) (S (z z) S))) (x (B (B K)) (v16 (x (I (x K))))))
z (v25 x) (z (v0 x z (S (S B K) z))) (v27 S v7 (K x) S (x (x K) (K I)) (B (v11 I S) (v0 B S)) S) (z (x (S z) (S (z z) S)))
