z
K
S (K (S z K) B) (v3 (S (z v13))) B (B x (B z (I z S S)))
K (S z K) B B (v3 (S (z v13)) B) (B x (B z (I z S S)))
S z K B (v3 (S (z v13)) B) (B x (B z (I z S S)))
z B (K B) (v3 (S (z v13)) B) (B x (B z (I z S S)))
z B (K B) (v3 (S (z v13)) B) (B x (B z (z S S)))
I
v18 z B S x
v25 (z (K (I B))) x v18 (z (v30 (S (S v3 B)) I z) (x (z S v0 v7) (z x) (x (z (B (z B I)) v12) (v20 S z (x v30 S z))) (S (v27 v23 K x x K))))
v25 (z (K B)) x v18 (z (v30 (S (S v3 B)) I z) (x (z S v0 v7) (z x) (x (z (B (z B I)) v12) (v20 S z (x v30 S z))) (S (v27 v23 K x x K))))
v30 B z z v14 (v24 S (x z S (S S)) x) (x (v18 I (z B)))
x x (S (B B (v10 S (x K (z S S) S))) x (I x)) x (K x v16 I (z v7 B (B x (x K))))
x x (B B (v10 S (x K (z S S) S)) (I x) (x (I x))) x (K x v16 I (z v7 B (B x (x K))))
x x (B (v10 S (x K (z S S) S) (I x)) (x (I x))) x (K x v16 I (z v7 B (B x (x K))))
x x (B (v10 S (x K (z S S) S) x) (x (I x))) x (K x v16 I (z v7 B (B x (x K))))
x x (B (v10 S (x K (z S S) S) x) (x x)) x (K x v16 I (z v7 B (B x (x K))))
x x (B (v10 S (x K (z S S) S) x) (x x)) x (x I (z v7 B (B x (x K))))
v15 (v5 S (S (v23 I z x (v27 x (K I S (I S)))))) z (K (K I)) x
v15 (v5 S (S (v23 I z x (v27 x (I (I S)))))) z (K (K I)) x
v15 (v5 S (S (v23 I z x (v27 x (I S))))) z (K (K I)) x
v15 (v5 S (S (v23 I z x (v27 x S)))) z (K (K I)) x
K v30 (K z z) (K S) (z z)
v30 (K S) (z z)
