I
z (z I) (I (S (B (S (v14 x) v10) z)) I)
z (z I) (S (B (S (v14 x) v10) z) I)
K (I (x (z (x x) (I (B B) x (x x) S x))) x (K v18) (K x (I (v20 S)))) (x x (I (B v6)) (v1 x S) (z x x) (v6 z K (K (I v2 B v20 I (v4 B)))) (K (x v10))) (K (I I (z x) (S (I v8 I B) B) v12))
I (x (z (x x) (I (B B) x (x x) S x))) x (K v18) (K x (I (v20 S))) (K (I I (z x) (S (I v8 I B) B) v12))
x (z (x x) (I (B B) x (x x) S x)) x (K v18) (K x (I (v20 S))) (K (I I (z x) (S (I v8 I B) B) v12))
x (z (x x) (B B x (x x) S x)) x (K v18) (K x (I (v20 S))) (K (I I (z x) (S (I v8 I B) B) v12))
x (z (x x) (B (x (x x)) S x)) x (K v18) (K x (I (v20 S))) (K (I I (z x) (S (I v8 I B) B) v12))
x (z (x x) (x (x x) (S x))) x (K v18) (K x (I (v20 S))) (K (I I (z x) (S (I v8 I B) B) v12))
x (z (x x) (x (x x) (S x))) x (K v18) x (K (I I (z x) (S (I v8 I B) B) v12))
x (z (x x) (x (x x) (S x))) x (K v18) x (K (I (z x) (S (I v8 I B) B) v12))
x (z (x x) (x (x x) (S x))) x (K v18) x (K (z x (S (I v8 I B) B) v12))
x (z (x x) (x (x x) (S x))) x (K v18) x (K (z x (S (v8 I B) B) v12))
v30 (I K)
v30 K
S (K B x (v5 (x (I K) B)) x B) x v19
K B x (v5 (x (I K) B)) x B v19 (x v19)
B (v5 (x (I K) B)) x B v19 (x v19)
v5 (x (I K) B) (x B) v19 (x v19)
v5 (x K B) (x B) v19 (x v19)
I K (z (K I)) (x S (x v27 v10 (z (S (I v7)) (x (x x))))) (S v7 (B z (I I S) I)) B
K (z (K I)) (x S (x v27 v10 (z (S (I v7)) (x (x x))))) (S v7 (B z (I I S) I)) B
z (K I) (S v7 (B z (I I S) I)) B
z (K I) (S v7 (z (I I S I))) B
z (K I) (S v7 (z (I S I))) B
z (K I) (S v7 (z (S I))) B
S (B (v25 (x (x K)) B (v18 (z B))) v17)
S (v26 S (I B) x) (v10 (x (K K x) I) (z x (I B (K (z (S (K I (S S)))))) (S (S S K))) (I (x K))) (v11 (B (B v1 v6) K (I x) x)) (x z (I (B (S K (v11 v9 v24 (I (K x (S B))))) v4) (K I (v9 x B B B))))
v26 S (I B) x (v11 (B (B v1 v6) K (I x) x)) (v10 (x (K K x) I) (z x (I B (K (z (S (K I (S S)))))) (S (S S K))) (I (x K)) (v11 (B (B v1 v6) K (I x) x))) (x z (I (B (S K (v11 v9 v24 (I (K x (S B))))) v4) (K I (v9 x B B B))))
v26 S B x (v11 (B (B v1 v6) K (I x) x)) (v10 (x (K K x) I) (z x (I B (K (z (S (K I (S S)))))) (S (S S K))) (I (x K)) (v11 (B (B v1 v6) K (I x) x))) (x z (I (B (S K (v11 v9 v24 (I (K x (S B))))) v4) (K I (v9 x B B B))))
v26 S B x (v11 (B v1 v6 (K (I x)) x)) (v10 (x (K K x) I) (z x (I B (K (z (S (K I (S S)))))) (S (S S K))) (I (x K)) (v11 (B (B v1 v6) K (I x) x))) (x z (I (B (S K (v11 v9 v24 (I (K x (S B))))) v4) (K I (v9 x B B B))))
v26 S B x (v11 (v1 (v6 (K (I x))) x)) (v10 (x (K K x) I) (z x (I B (K (z (S (K I (S S)))))) (S (S S K))) (I (x K)) (v11 (B (B v1 v6) K (I x) x))) (x z (I (B (S K (v11 v9 v24 (I (K x (S B))))) v4) (K I (v9 x B B B))))
v26 S B x (v11 (v1 (v6 (K x)) x)) (v10 (x (K K x) I) (z x (I B (K (z (S (K I (S S)))))) (S (S S K))) (I (x K)) (v11 (B (B v1 v6) K (I x) x))) (x z (I (B (S K (v11 v9 v24 (I (K x (S B))))) v4) (K I (v9 x B B B))))
v26 S B x (v11 (v1 (v6 (K x)) x)) (v10 (x K I) (z x (I B (K (z (S (K I (S S)))))) (S (S S K))) (I (x K)) (v11 (B (B v1 v6) K (I x) x))) (x z (I (B (S K (v11 v9 v24 (I (K x (S B))))) v4) (K I (v9 x B B B))))
v26 S B x (v11 (v1 (v6 (K x)) x)) (v10 (x K I) (z x (B (K (z (S (K I (S S)))))) (S (S S K))) (I (x K)) (v11 (B (B v1 v6) K (I x) x))) (x z (I (B (S K (v11 v9 v24 (I (K x (S B))))) v4) (K I (v9 x B B B))))
v26 S B x (v11 (v1 (v6 (K x)) x)) (v10 (x K I) (z x (B (K (z (S I)))) (S (S S K))) (I (x K)) (v11 (B (B v1 v6) K (I x) x))) (x z (I (B (S K (v11 v9 v24 (I (K x (S B))))) v4) (K I (v9 x B B B))))
v26 S B x (v11 (v1 (v6 (K x)) x)) (v10 (x K I) (z x (B (K (z (S I)))) (S (S S K))) (x K) (v11 (B (B v1 v6) K (I x) x))) (x z (I (B (S K (v11 v9 v24 (I (K x (S B))))) v4) (K I (v9 x B B B))))
v26 S B x (v11 (v1 (v6 (K x)) x)) (v10 (x K I) (z x (B (K (z (S I)))) (S (S S K))) (x K) (v11 (B v1 v6 (K (I x)) x))) (x z (I (B (S K (v11 v9 v24 (I (K x (S B))))) v4) (K I (v9 x B B B))))
v26 S B x (v11 (v1 (v6 (K x)) x)) (v10 (x K I) (z x (B (K (z (S I)))) (S (S S K))) (x K) (v11 (v1 (v6 (K (I x))) x))) (x z (I (B (S K (v11 v9 v24 (I (K x (S B))))) v4) (K I (v9 x B B B))))
v26 S B x (v11 (v1 (v6 (K x)) x)) (v10 (x K I) (z x (B (K (z (S I)))) (S (S S K))) (x K) (v11 (v1 (v6 (K x)) x))) (x z (I (B (S K (v11 v9 v24 (I (K x (S B))))) v4) (K I (v9 x B B B))))
v26 S B x (v11 (v1 (v6 (K x)) x)) (v10 (x K I) (z x (B (K (z (S I)))) (S (S S K))) (x K) (v11 (v1 (v6 (K x)) x))) (x z (B (S K (v11 v9 v24 (I (K x (S B))))) v4 (K I (v9 x B B B))))
v26 S B x (v11 (v1 (v6 (K x)) x)) (v10 (x K I) (z x (B (K (z (S I)))) (S (S S K))) (x K) (v11 (v1 (v6 (K x)) x))) (x z (S K (v11 v9 v24 (I (K x (S B)))) (v4 (K I (v9 x B B B)))))
v26 S B x (v11 (v1 (v6 (K x)) x)) (v10 (x K I) (z x (B (K (z (S I)))) (S (S S K))) (x K) (v11 (v1 (v6 (K x)) x))) (x z (K (v4 (K I (v9 x B B B))) (v11 v9 v24 (I (K x (S B))) (v4 (K I (v9 x B B B))))))
v26 S B x (v11 (v1 (v6 (K x)) x)) (v10 (x K I) (z x (B (K (z (S I)))) (S (S S K))) (x K) (v11 (v1 (v6 (K x)) x))) (x z (v4 (K I (v9 x B B B))))
v26 S B x (v11 (v1 (v6 (K x)) x)) (v10 (x K I) (z x (B (K (z (S I)))) (S (S S K))) (x K) (v11 (v1 (v6 (K x)) x))) (x z (v4 I))
S (B v1 S) (x (v2 K z) (x (B (v21 K) z (B B S)) (v3 x) I (I B I) (z (B (S x)))) (I x (B (v2 (I (v29 B)) z K I) (K B (S K K))) (S x)))
S (B v1 S) (x (v2 K z) (x (v21 K (z (B B S))) (v3 x) I (I B I) (z (B (S x)))) (I x (B (v2 (I (v29 B)) z K I) (K B (S K K))) (S x)))
S (B v1 S) (x (v2 K z) (x (v21 K (z (B B S))) (v3 x) I (B I) (z (B (S x)))) (I x (B (v2 (I (v29 B)) z K I) (K B (S K K))) (S x)))
S (B v1 S) (x (v2 K z) (x (v21 K (z (B B S))) (v3 x) I (B I) (z (B (S x)))) (x (B (v2 (I (v29 B)) z K I) (K B (S K K))) (S x)))
S (B v1 S) (x (v2 K z) (x (v21 K (z (B B S))) (v3 x) I (B I) (z (B (S x)))) (x (B (v2 (v29 B) z K I) (K B (S K K))) (S x)))
S (B v1 S) (x (v2 K z) (x (v21 K (z (B B S))) (v3 x) I (B I) (z (B (S x)))) (x (B (v2 (v29 B) z K I) B) (S x)))
I (z I) (S (B (I z) v12 (z x (x K) x)) (S (I v14 S (x v22 v29)) K (I (x I))) (K B B (z (I v29 v29) K)) x (S z))
z I (S (B (I z) v12 (z x (x K) x)) (S (I v14 S (x v22 v29)) K (I (x I))) (K B B (z (I v29 v29) K)) x (S z))
z I (B (I z) v12 (z x (x K) x) (K B B (z (I v29 v29) K)) (S (I v14 S (x v22 v29)) K (I (x I)) (K B B (z (I v29 v29) K))) x (S z))
z I (I z (v12 (z x (x K) x)) (K B B (z (I v29 v29) K)) (S (I v14 S (x v22 v29)) K (I (x I)) (K B B (z (I v29 v29) K))) x (S z))
z I (z (v12 (z x (x K) x)) (K B B (z (I v29 v29) K)) (S (I v14 S (x v22 v29)) K (I (x I)) (K B B (z (I v29 v29) K))) x (S z))
z I (z (v12 (z x (x K) x)) (B (z (I v29 v29) K)) (S (I v14 S (x v22 v29)) K (I (x I)) (K B B (z (I v29 v29) K))) x (S z))
z I (z (v12 (z x (x K) x)) (B (z (v29 v29) K)) (S (I v14 S (x v22 v29)) K (I (x I)) (K B B (z (I v29 v29) K))) x (S z))
z I (z (v12 (z x (x K) x)) (B (z (v29 v29) K)) (I v14 S (x v22 v29) (I (x I)) (K (I (x I))) (K B B (z (I v29 v29) K))) x (S z))
z I (z (v12 (z x (x K) x)) (B (z (v29 v29) K)) (v14 S (x v22 v29) (I (x I)) (K (I (x I))) (K B B (z (I v29 v29) K))) x (S z))
z I (z (v12 (z x (x K) x)) (B (z (v29 v29) K)) (v14 S (x v22 v29) (x I) (K (I (x I))) (K B B (z (I v29 v29) K))) x (S z))
z I (z (v12 (z x (x K) x)) (B (z (v29 v29) K)) (v14 S (x v22 v29) (x I) (K (x I)) (K B B (z (I v29 v29) K))) x (S z))
z I (z (v12 (z x (x K) x)) (B (z (v29 v29) K)) (v14 S (x v22 v29) (x I) (K (x I)) (B (z (I v29 v29) K))) x (S z))
z I (z (v12 (z x (x K) x)) (B (z (v29 v29) K)) (v14 S (x v22 v29) (x I) (K (x I)) (B (z (v29 v29) K))) x (S z))
