B (K v1) S z (K K) (K S) S (z (z (x x I) (v23 (S I))) (S (K I) (v25 (S I)))) K S
K v1 (S z) (K K) (K S) S (z (z (x x I) (v23 (S I))) (S (K I) (v25 (S I)))) K S
v1 (K K) (K S) S (z (z (x x I) (v23 (S I))) (S (K I) (v25 (S I)))) K S
z (z (v17 (z (K x B)) (x (v4 x))) (v4 (v10 (K (v3 v18 v30 (S (I B))))) S))
z (z (v17 (z x) (x (v4 x))) (v4 (v10 (K (v3 v18 v30 (S (I B))))) S))
z (z (v17 (z x) (x (v4 x))) (v4 (v10 (K (v3 v18 v30 (S B)))) S))
I (I (v13 z) (z (S B z) (I x x) K z (I (z (K S)) (I K S))) (I v0 K z (z B) (S K I B K) (K (B K)) x) B (I (z (B v10 z I))))
I (v13 z) (z (S B z) (I x x) K z (I (z (K S)) (I K S))) (I v0 K z (z B) (S K I B K) (K (B K)) x) B (I (z (B v10 z I)))
v13 z (z (S B z) (I x x) K z (I (z (K S)) (I K S))) (I v0 K z (z B) (S K I B K) (K (B K)) x) B (I (z (B v10 z I)))
v13 z (z (S B z) (x x) K z (I (z (K S)) (I K S))) (I v0 K z (z B) (S K I B K) (K (B K)) x) B (I (z (B v10 z I)))
v13 z (z (S B z) (x x) K z (z (K S) (I K S))) (I v0 K z (z B) (S K I B K) (K (B K)) x) B (I (z (B v10 z I)))
v13 z (z (S B z) (x x) K z (z (K S) (K S))) (I v0 K z (z B) (S K I B K) (K (B K)) x) B (I (z (B v10 z I)))
v13 z (z (S B z) (x x) K z (z (K S) (K S))) (v0 K z (z B) (S K I B K) (K (B K)) x) B (I (z (B v10 z I)))
v13 z (z (S B z) (x x) K z (z (K S) (K S))) (v0 K z (z B) (K B (I B) K) (K (B K)) x) B (I (z (B v10 z I)))
v13 z (z (S B z) (x x) K z (z (K S) (K S))) (v0 K z (z B) (B K) (K (B K)) x) B (I (z (B v10 z I)))
v13 z (z (S B z) (x x) K z (z (K S) (K S))) (v0 K z (z B) (B K) (K (B K)) x) B (z (B v10 z I))
v13 z (z (S B z) (x x) K z (z (K S) (K S))) (v0 K z (z B) (B K) (K (B K)) x) B (z (v10 (z I)))
x
x (x x (S S (S (I (S (K I I) I))))) (S S (S I (x S) I) (z (K (I (B (x v20)) (B S))) K K))
x (x x (S S (S (S (K I I) I)))) (S S (S I (x S) I) (z (K (I (B (x v20)) (B S))) K K))
x (x x (S S (S (S I I)))) (S S (S I (x S) I) (z (K (I (B (x v20)) (B S))) K K))
x (x x (S S (S (S I I)))) (S (z (K (I (B (x v20)) (B S))) K K) (S I (x S) I (z (K (I (B (x v20)) (B S))) K K)))
x (x x (S S (S (S I I)))) (S (z (K (B (x v20) (B S))) K K) (S I (x S) I (z (K (I (B (x v20)) (B S))) K K)))
x (x x (S S (S (S I I)))) (S (z (K (B (x v20) (B S))) K K) (I I (x S I) (z (K (I (B (x v20)) (B S))) K K)))
x (x x (S S (S (S I I)))) (S (z (K (B (x v20) (B S))) K K) (I (x S I) (z (K (I (B (x v20)) (B S))) K K)))
x (x x (S S (S (S I I)))) (S (z (K (B (x v20) (B S))) K K) (x S I (z (K (I (B (x v20)) (B S))) K K)))
x (x x (S S (S (S I I)))) (S (z (K (B (x v20) (B S))) K K) (x S I (z (K (B (x v20) (B S))) K K)))
v4 (I (S (B (K S)))) (B x) v16 I (z (x S K I S z S))
v4 (S (B (K S))) (B x) v16 I (z (x S K I S z S))
v20 S (I (B (v26 (z S (K v9 B))) (x v26)) (I (B z)) (z v29 (B I (v16 K)) (x v26 v18 (B v2)) (z (K (z I v25) (x v24)))) (z (x (K x) (z (B v7))) B x I))
v20 S (B (v26 (z S (K v9 B))) (x v26) (I (B z)) (z v29 (B I (v16 K)) (x v26 v18 (B v2)) (z (K (z I v25) (x v24)))) (z (x (K x) (z (B v7))) B x I))
v20 S (v26 (z S (K v9 B)) (x v26 (I (B z))) (z v29 (B I (v16 K)) (x v26 v18 (B v2)) (z (K (z I v25) (x v24)))) (z (x (K x) (z (B v7))) B x I))
v20 S (v26 (z S v9) (x v26 (I (B z))) (z v29 (B I (v16 K)) (x v26 v18 (B v2)) (z (K (z I v25) (x v24)))) (z (x (K x) (z (B v7))) B x I))
v20 S (v26 (z S v9) (x v26 (B z)) (z v29 (B I (v16 K)) (x v26 v18 (B v2)) (z (K (z I v25) (x v24)))) (z (x (K x) (z (B v7))) B x I))
v20 S (v26 (z S v9) (x v26 (B z)) (z v29 (B I (v16 K)) (x v26 v18 (B v2)) (z (z I v25))) (z (x (K x) (z (B v7))) B x I))
x (v3 x v14 (K (B (v21 v29 B) (B B)) B)) (B x z (v15 S)) (K (K (B (S S z) (B K) (x v23))) z (B v1 (x (S v15 (I S) (B (v13 z) (z (K z) z (K z)))))) (B I))
x (v3 x v14 (B (v21 v29 B) (B B))) (B x z (v15 S)) (K (K (B (S S z) (B K) (x v23))) z (B v1 (x (S v15 (I S) (B (v13 z) (z (K z) z (K z)))))) (B I))
x (v3 x v14 (B (v21 v29 B) (B B))) (x (z (v15 S))) (K (K (B (S S z) (B K) (x v23))) z (B v1 (x (S v15 (I S) (B (v13 z) (z (K z) z (K z)))))) (B I))
x (v3 x v14 (B (v21 v29 B) (B B))) (x (z (v15 S))) (K (B (S S z) (B K) (x v23)) (B v1 (x (S v15 (I S) (B (v13 z) (z (K z) z (K z)))))) (B I))
x (v3 x v14 (B (v21 v29 B) (B B))) (x (z (v15 S))) (B (S S z) (B K) (x v23) (B I))
x (v3 x v14 (B (v21 v29 B) (B B))) (x (z (v15 S))) (S S z (B K (x v23)) (B I))
x (v3 x v14 (B (v21 v29 B) (B B))) (x (z (v15 S))) (S (B K (x v23)) (z (B K (x v23))) (B I))
x (v3 x v14 (B (v21 v29 B) (B B))) (x (z (v15 S))) (B K (x v23) (B I) (z (B K (x v23)) (B I)))
x (v3 x v14 (B (v21 v29 B) (B B))) (x (z (v15 S))) (K (x v23 (B I)) (z (B K (x v23)) (B I)))
x (v3 x v14 (B (v21 v29 B) (B B))) (x (z (v15 S))) (x v23 (B I))
v14 B
S
