v6 S (x x (v27 (K (B v25) (K (x K) S)))) (x K (z (S x (v24 S x) (x I)) I))
v6 S (x x (v27 (B v25))) (x K (z (S x (v24 S x) (x I)) I))
v6 S (x x (v27 (B v25))) (x K (z (x (x I) (v24 S x (x I))) I))
x (z v30 (I (S (z (x K) (z (S B B) B)) (I S (K (B B) (x K) x) (z B))) (K (B x))) (z (B (B B) (B (z S z)) (z K)) z) (B (B (B (B (B v30))) (I (I I) (I (K (K I) (z K z (I v21)) (S I) B))) (S (I (x B))) (K S))))
x (z v30 (S (z (x K) (z (S B B) B)) (I S (K (B B) (x K) x) (z B)) (K (B x))) (z (B (B B) (B (z S z)) (z K)) z) (B (B (B (B (B v30))) (I (I I) (I (K (K I) (z K z (I v21)) (S I) B))) (S (I (x B))) (K S))))
x (z v30 (z (x K) (z (S B B) B) (K (B x)) (I S (K (B B) (x K) x) (z B) (K (B x)))) (z (B (B B) (B (z S z)) (z K)) z) (B (B (B (B (B v30))) (I (I I) (I (K (K I) (z K z (I v21)) (S I) B))) (S (I (x B))) (K S))))
x (z v30 (z (x K) (z (S B B) B) (K (B x)) (S (K (B B) (x K) x) (z B) (K (B x)))) (z (B (B B) (B (z S z)) (z K)) z) (B (B (B (B (B v30))) (I (I I) (I (K (K I) (z K z (I v21)) (S I) B))) (S (I (x B))) (K S))))
x (z v30 (z (x K) (z (S B B) B) (K (B x)) (K (B B) (x K) x (K (B x)) (z B (K (B x))))) (z (B (B B) (B (z S z)) (z K)) z) (B (B (B (B (B v30))) (I (I I) (I (K (K I) (z K z (I v21)) (S I) B))) (S (I (x B))) (K S))))
x (z v30 (z (x K) (z (S B B) B) (K (B x)) (B B x (K (B x)) (z B (K (B x))))) (z (B (B B) (B (z S z)) (z K)) z) (B (B (B (B (B v30))) (I (I I) (I (K (K I) (z K z (I v21)) (S I) B))) (S (I (x B))) (K S))))
x (z v30 (z (x K) (z (S B B) B) (K (B x)) (B (x (K (B x))) (z B (K (B x))))) (z (B (B B) (B (z S z)) (z K)) z) (B (B (B (B (B v30))) (I (I I) (I (K (K I) (z K z (I v21)) (S I) B))) (S (I (x B))) (K S))))
x (z v30 (z (x K) (z (S B B) B) (K (B x)) (B (x (K (B x))) (z B (K (B x))))) (z (B B (B (z S z) (z K))) z) (B (B (B (B (B v30))) (I (I I) (I (K (K I) (z K z (I v21)) (S I) B))) (S (I (x B))) (K S))))
x (z v30 (z (x K) (z (S B B) B) (K (B x)) (B (x (K (B x))) (z B (K (B x))))) (z (B B (B (z S z) (z K))) z) (B (B (B (B v30)) (I (I I) (I (K (K I) (z K z (I v21)) (S I) B)) (S (I (x B)))) (K S))))
x (z v30 (z (x K) (z (S B B) B) (K (B x)) (B (x (K (B x))) (z B (K (B x))))) (z (B B (B (z S z) (z K))) z) (B (B (B v30) (I (I I) (I (K (K I) (z K z (I v21)) (S I) B)) (S (I (x B))) (K S)))))
x (z v30 (z (x K) (z (S B B) B) (K (B x)) (B (x (K (B x))) (z B (K (B x))))) (z (B B (B (z S z) (z K))) z) (B (B (B v30) (I I (I (K (K I) (z K z (I v21)) (S I) B)) (S (I (x B))) (K S)))))
x (z v30 (z (x K) (z (S B B) B) (K (B x)) (B (x (K (B x))) (z B (K (B x))))) (z (B B (B (z S z) (z K))) z) (B (B (B v30) (I (I (K (K I) (z K z (I v21)) (S I) B)) (S (I (x B))) (K S)))))
x (z v30 (z (x K) (z (S B B) B) (K (B x)) (B (x (K (B x))) (z B (K (B x))))) (z (B B (B (z S z) (z K))) z) (B (B (B v30) (I (K (K I) (z K z (I v21)) (S I) B) (S (I (x B))) (K S)))))
x (z v30 (z (x K) (z (S B B) B) (K (B x)) (B (x (K (B x))) (z B (K (B x))))) (z (B B (B (z S z) (z K))) z) (B (B (B v30) (K (K I) (z K z (I v21)) (S I) B (S (I (x B))) (K S)))))
x (z v30 (z (x K) (z (S B B) B) (K (B x)) (B (x (K (B x))) (z B (K (B x))))) (z (B B (B (z S z) (z K))) z) (B (B (B v30) (K I (S I) B (S (I (x B))) (K S)))))
x (z v30 (z (x K) (z (S B B) B) (K (B x)) (B (x (K (B x))) (z B (K (B x))))) (z (B B (B (z S z) (z K))) z) (B (B (B v30) (I B (S (I (x B))) (K S)))))
x (z v30 (z (x K) (z (S B B) B) (K (B x)) (B (x (K (B x))) (z B (K (B x))))) (z (B B (B (z S z) (z K))) z) (B (B (B v30) (B (S (I (x B))) (K S)))))
x (z v30 (z (x K) (z (S B B) B) (K (B x)) (B (x (K (B x))) (z B (K (B x))))) (z (B B (B (z S z) (z K))) z) (B (B (B v30) (B (S (x B)) (K S)))))
S B x (z (B S) B I v10 (x K x))
B (z (B S) B I v10 (x K x)) (x (z (B S) B I v10 (x K x)))
S (z (B B B (I (v9 (z v13 S) (I (v24 (z x))) B (v0 z)))) S) (K (I (B K (z K))))
S (z (B (B (I (v9 (z v13 S) (I (v24 (z x))) B (v0 z))))) S) (K (I (B K (z K))))
S (z (B (B (v9 (z v13 S) (I (v24 (z x))) B (v0 z)))) S) (K (I (B K (z K))))
S (z (B (B (v9 (z v13 S) (v24 (z x)) B (v0 z)))) S) (K (I (B K (z K))))
S (z (B (B (v9 (z v13 S) (v24 (z x)) B (v0 z)))) S) (K (B K (z K)))
S (S x) (x x I I) S
S x S (x x I I S)
x (x x I I S) (S (x x I I S))
v19 (x I) (x z x x S K (I (v7 (z (I (I I) K))) x) K)
v19 (x I) (x z x x S K (v7 (z (I (I I) K)) x) K)
v19 (x I) (x z x x S K (v7 (z (I I K)) x) K)
v19 (x I) (x z x x S K (v7 (z (I K)) x) K)
v19 (x I) (x z x x S K (v7 (z K) x) K)
B (x (B x S S) (K S (x (S B I)))) (K x (z (x I (x K K))) (K (z K) (K B I B) (K S (I (I (z (B x))))) (K (B I))) (S K (I (B (S (v19 (K x (S I)))) S)))) (v7 I I z (z (z K) (K (I K x) K x)) (x z (S (x (K x S) (K (B x S (z (K (I I)) x)))))))
x (B x S S) (K S (x (S B I))) (K x (z (x I (x K K))) (K (z K) (K B I B) (K S (I (I (z (B x))))) (K (B I))) (S K (I (B (S (v19 (K x (S I)))) S))) (v7 I I z (z (z K) (K (I K x) K x)) (x z (S (x (K x S) (K (B x S (z (K (I I)) x))))))))
x (x (S S)) (K S (x (S B I))) (K x (z (x I (x K K))) (K (z K) (K B I B) (K S (I (I (z (B x))))) (K (B I))) (S K (I (B (S (v19 (K x (S I)))) S))) (v7 I I z (z (z K) (K (I K x) K x)) (x z (S (x (K x S) (K (B x S (z (K (I I)) x))))))))
x (x (S S)) S (K x (z (x I (x K K))) (K (z K) (K B I B) (K S (I (I (z (B x))))) (K (B I))) (S K (I (B (S (v19 (K x (S I)))) S))) (v7 I I z (z (z K) (K (I K x) K x)) (x z (S (x (K x S) (K (B x S (z (K (I I)) x))))))))
x (x (S S)) S (x (K (z K) (K B I B) (K S (I (I (z (B x))))) (K (B I))) (S K (I (B (S (v19 (K x (S I)))) S))) (v7 I I z (z (z K) (K (I K x) K x)) (x z (S (x (K x S) (K (B x S (z (K (I I)) x))))))))
x (x (S S)) S (x (z K (K S (I (I (z (B x))))) (K (B I))) (S K (I (B (S (v19 (K x (S I)))) S))) (v7 I I z (z (z K) (K (I K x) K x)) (x z (S (x (K x S) (K (B x S (z (K (I I)) x))))))))
x (x (S S)) S (x (z K S (K (B I))) (S K (I (B (S (v19 (K x (S I)))) S))) (v7 I I z (z (z K) (K (I K x) K x)) (x z (S (x (K x S) (K (B x S (z (K (I I)) x))))))))
x (x (S S)) S (x (z K S (K (B I))) (S K (B (S (v19 (K x (S I)))) S)) (v7 I I z (z (z K) (K (I K x) K x)) (x z (S (x (K x S) (K (B x S (z (K (I I)) x))))))))
x (x (S S)) S (x (z K S (K (B I))) (S K (B (S (v19 x)) S)) (v7 I I z (z (z K) (K (I K x) K x)) (x z (S (x (K x S) (K (B x S (z (K (I I)) x))))))))
x (x (S S)) S (x (z K S (K (B I))) (S K (B (S (v19 x)) S)) (v7 I I z (z (z K) (I K x x)) (x z (S (x (K x S) (K (B x S (z (K (I I)) x))))))))
x (x (S S)) S (x (z K S (K (B I))) (S K (B (S (v19 x)) S)) (v7 I I z (z (z K) (K x x)) (x z (S (x (K x S) (K (B x S (z (K (I I)) x))))))))
x (x (S S)) S (x (z K S (K (B I))) (S K (B (S (v19 x)) S)) (v7 I I z (z (z K) x) (x z (S (x (K x S) (K (B x S (z (K (I I)) x))))))))
x (x (S S)) S (x (z K S (K (B I))) (S K (B (S (v19 x)) S)) (v7 I I z (z (z K) x) (x z (S (x x (K (B x S (z (K (I I)) x))))))))
x (x (S S)) S (x (z K S (K (B I))) (S K (B (S (v19 x)) S)) (v7 I I z (z (z K) x) (x z (S (x x (K (x (S (z (K (I I)) x)))))))))
x (x (S S)) S (x (z K S (K (B I))) (S K (B (S (v19 x)) S)) (v7 I I z (z (z K) x) (x z (S (x x (K (x (S (z (K I) x)))))))))
x (K v21 (S x (S (I (x K)) S (v23 S I B))))
x v21
S x (z (I B v22)) (K (v22 K v18 (K S (B x K) x (S S)))) (K B (v27 v28) x) (S K z)
x (K (v22 K v18 (K S (B x K) x (S S)))) (z (I B v22) (K (v22 K v18 (K S (B x K) x (S S))))) (K B (v27 v28) x) (S K z)
x (K (v22 K v18 (S x (S S)))) (z (I B v22) (K (v22 K v18 (K S (B x K) x (S S))))) (K B (v27 v28) x) (S K z)
x (K (v22 K v18 (S x (S S)))) (z (B v22) (K (v22 K v18 (K S (B x K) x (S S))))) (K B (v27 v28) x) (S K z)
x (K (v22 K v18 (S x (S S)))) (z (B v22) (K (v22 K v18 (S x (S S))))) (K B (v27 v28) x) (S K z)
x (K (v22 K v18 (S x (S S)))) (z (B v22) (K (v22 K v18 (S x (S S))))) (B x) (S K z)
v9 (I I) (B (x B (I S) (S x) B) I K) (x (z (K (x (x K (S I K))) S) (S S I (x B))) I (z (K (I (B S) B x)) K B (B (I S K)) x))
v9 I (B (x B (I S) (S x) B) I K) (x (z (K (x (x K (S I K))) S) (S S I (x B))) I (z (K (I (B S) B x)) K B (B (I S K)) x))
v9 I (x B (I S) (S x) B (I K)) (x (z (K (x (x K (S I K))) S) (S S I (x B))) I (z (K (I (B S) B x)) K B (B (I S K)) x))
v9 I (x B S (S x) B (I K)) (x (z (K (x (x K (S I K))) S) (S S I (x B))) I (z (K (I (B S) B x)) K B (B (I S K)) x))
v9 I (x B S (S x) B K) (x (z (K (x (x K (S I K))) S) (S S I (x B))) I (z (K (I (B S) B x)) K B (B (I S K)) x))
v9 I (x B S (S x) B K) (x (z (x (x K (S I K))) (S S I (x B))) I (z (K (I (B S) B x)) K B (B (I S K)) x))
v9 I (x B S (S x) B K) (x (z (x (x K (S I K))) (S (x B) (I (x B)))) I (z (K (I (B S) B x)) K B (B (I S K)) x))
v9 I (x B S (S x) B K) (x (z (x (x K (S I K))) (S (x B) (x B))) I (z (K (I (B S) B x)) K B (B (I S K)) x))
v9 I (x B S (S x) B K) (x (z (x (x K (S I K))) (S (x B) (x B))) I (z (K (B S B x)) K B (B (I S K)) x))
v9 I (x B S (S x) B K) (x (z (x (x K (S I K))) (S (x B) (x B))) I (z (K (S (B x))) K B (B (I S K)) x))
v9 I (x B S (S x) B K) (x (z (x (x K (S I K))) (S (x B) (x B))) I (z (K (S (B x))) K B (B (S K)) x))
