I S (x v10 (v28 (v10 x S)) v30) (z x (x (v3 z z) S) z (S B) S)
S (x v10 (v28 (v10 x S)) v30) (z x (x (v3 z z) S) z (S B) S)
x x (S z) (S K) (K (z (x v11 x)) I) (v25 (B (B I (I x))) (v2 K z (S S)) (z (z (v19 I (v18 (x I (v24 (v0 I))) v22 x)) S))) (B (S (z (K (S K v16 S (v22 K)) (v2 I (K (I (v15 B S) B) (I x))))))) (S (x v8 S) (S (S I) I) I (v1 (z (I z z) (x (v28 v19)) (S (x B S) K (K K)) z)))
x x (S z) (S K) (z (x v11 x)) (v25 (B (B I (I x))) (v2 K z (S S)) (z (z (v19 I (v18 (x I (v24 (v0 I))) v22 x)) S))) (B (S (z (K (S K v16 S (v22 K)) (v2 I (K (I (v15 B S) B) (I x))))))) (S (x v8 S) (S (S I) I) I (v1 (z (I z z) (x (v28 v19)) (S (x B S) K (K K)) z)))
x x (S z) (S K) (z (x v11 x)) (v25 (B (B I x)) (v2 K z (S S)) (z (z (v19 I (v18 (x I (v24 (v0 I))) v22 x)) S))) (B (S (z (K (S K v16 S (v22 K)) (v2 I (K (I (v15 B S) B) (I x))))))) (S (x v8 S) (S (S I) I) I (v1 (z (I z z) (x (v28 v19)) (S (x B S) K (K K)) z)))
x x (S z) (S K) (z (x v11 x)) (v25 (B (B I x)) (v2 K z (S S)) (z (z (v19 I (v18 (x I (v24 (v0 I))) v22 x)) S))) (B (S (z (S K v16 S (v22 K))))) (S (x v8 S) (S (S I) I) I (v1 (z (I z z) (x (v28 v19)) (S (x B S) K (K K)) z)))
x x (S z) (S K) (z (x v11 x)) (v25 (B (B I x)) (v2 K z (S S)) (z (z (v19 I (v18 (x I (v24 (v0 I))) v22 x)) S))) (B (S (z (K S (v16 S) (v22 K))))) (S (x v8 S) (S (S I) I) I (v1 (z (I z z) (x (v28 v19)) (S (x B S) K (K K)) z)))
x x (S z) (S K) (z (x v11 x)) (v25 (B (B I x)) (v2 K z (S S)) (z (z (v19 I (v18 (x I (v24 (v0 I))) v22 x)) S))) (B (S (z (S (v22 K))))) (S (x v8 S) (S (S I) I) I (v1 (z (I z z) (x (v28 v19)) (S (x B S) K (K K)) z)))
x x (S z) (S K) (z (x v11 x)) (v25 (B (B I x)) (v2 K z (S S)) (z (z (v19 I (v18 (x I (v24 (v0 I))) v22 x)) S))) (B (S (z (S (v22 K))))) (x v8 S I (S (S I) I I) (v1 (z (I z z) (x (v28 v19)) (S (x B S) K (K K)) z)))
x x (S z) (S K) (z (x v11 x)) (v25 (B (B I x)) (v2 K z (S S)) (z (z (v19 I (v18 (x I (v24 (v0 I))) v22 x)) S))) (B (S (z (S (v22 K))))) (x v8 S I (S I I (I I)) (v1 (z (I z z) (x (v28 v19)) (S (x B S) K (K K)) z)))
x x (S z) (S K) (z (x v11 x)) (v25 (B (B I x)) (v2 K z (S S)) (z (z (v19 I (v18 (x I (v24 (v0 I))) v22 x)) S))) (B (S (z (S (v22 K))))) (x v8 S I (I (I I) (I (I I))) (v1 (z (I z z) (x (v28 v19)) (S (x B S) K (K K)) z)))
x x (S z) (S K) (z (x v11 x)) (v25 (B (B I x)) (v2 K z (S S)) (z (z (v19 I (v18 (x I (v24 (v0 I))) v22 x)) S))) (B (S (z (S (v22 K))))) (x v8 S I (I I (I (I I))) (v1 (z (I z z) (x (v28 v19)) (S (x B S) K (K K)) z)))
x x (S z) (S K) (z (x v11 x)) (v25 (B (B I x)) (v2 K z (S S)) (z (z (v19 I (v18 (x I (v24 (v0 I))) v22 x)) S))) (B (S (z (S (v22 K))))) (x v8 S I (I (I (I I))) (v1 (z (I z z) (x (v28 v19)) (S (x B S) K (K K)) z)))
x x (S z) (S K) (z (x v11 x)) (v25 (B (B I x)) (v2 K z (S S)) (z (z (v19 I (v18 (x I (v24 (v0 I))) v22 x)) S))) (B (S (z (S (v22 K))))) (x v8 S I (I (I I)) (v1 (z (I z z) (x (v28 v19)) (S (x B S) K (K K)) z)))
x x (S z) (S K) (z (x v11 x)) (v25 (B (B I x)) (v2 K z (S S)) (z (z (v19 I (v18 (x I (v24 (v0 I))) v22 x)) S))) (B (S (z (S (v22 K))))) (x v8 S I (I I) (v1 (z (I z z) (x (v28 v19)) (S (x B S) K (K K)) z)))
x x (S z) (S K) (z (x v11 x)) (v25 (B (B I x)) (v2 K z (S S)) (z (z (v19 I (v18 (x I (v24 (v0 I))) v22 x)) S))) (B (S (z (S (v22 K))))) (x v8 S I I (v1 (z (I z z) (x (v28 v19)) (S (x B S) K (K K)) z)))
x x (S z) (S K) (z (x v11 x)) (v25 (B (B I x)) (v2 K z (S S)) (z (z (v19 I (v18 (x I (v24 (v0 I))) v22 x)) S))) (B (S (z (S (v22 K))))) (x v8 S I I (v1 (z (z z) (x (v28 v19)) (S (x B S) K (K K)) z)))
x x (S z) (S K) (z (x v11 x)) (v25 (B (B I x)) (v2 K z (S S)) (z (z (v19 I (v18 (x I (v24 (v0 I))) v22 x)) S))) (B (S (z (S (v22 K))))) (x v8 S I I (v1 (z (z z) (x (v28 v19)) (x B S (K K) (K (K K))) z)))
x
x (z (S (K (v1 z K)) (K I S (v7 (I I))) (I z))) (I x (z x (K K x) x) (x (I z) (z x (z I)) K (K (z v18 v20))))
x (z (K (v1 z K) (I z) (K I S (v7 (I I)) (I z)))) (I x (z x (K K x) x) (x (I z) (z x (z I)) K (K (z v18 v20))))
x (z (v1 z K (K I S (v7 (I I)) (I z)))) (I x (z x (K K x) x) (x (I z) (z x (z I)) K (K (z v18 v20))))
x (z (v1 z K (I (v7 (I I)) (I z)))) (I x (z x (K K x) x) (x (I z) (z x (z I)) K (K (z v18 v20))))
x (z (v1 z K (v7 (I I) (I z)))) (I x (z x (K K x) x) (x (I z) (z x (z I)) K (K (z v18 v20))))
x (z (v1 z K (v7 I (I z)))) (I x (z x (K K x) x) (x (I z) (z x (z I)) K (K (z v18 v20))))
x (z (v1 z K (v7 I z))) (I x (z x (K K x) x) (x (I z) (z x (z I)) K (K (z v18 v20))))
x (z (v1 z K (v7 I z))) (x (z x (K K x) x) (x (I z) (z x (z I)) K (K (z v18 v20))))
x (z (v1 z K (v7 I z))) (x (z x K x) (x (I z) (z x (z I)) K (K (z v18 v20))))
x (z (v1 z K (v7 I z))) (x (z x K x) (x z (z x (z I)) K (K (z v18 v20))))
B (S (K S (x (v13 B (S B) (S z K) (x (B x) z (B S z x))))) (S (B (K B) S (S (x (K K))) (v28 (K (x (v17 K z))) (I v21)))) S)
B (K S (x (v13 B (S B) (S z K) (x (B x) z (B S z x)))) S (S (B (K B) S (S (x (K K))) (v28 (K (x (v17 K z))) (I v21))) S))
B (S S (S (B (K B) S (S (x (K K))) (v28 (K (x (v17 K z))) (I v21))) S))
B (S S (S (K B (S (S (x (K K)))) (v28 (K (x (v17 K z))) (I v21))) S))
B (S S (S (B (v28 (K (x (v17 K z))) (I v21))) S))
B (S S (S (B (v28 (K (x (v17 K z))) v21)) S))
v13 S K
v5 (B B)
x (I (x S K (z (v1 K) x) z)) (S x) (B v22 (B (B I) B))
x (x S K (z (v1 K) x) z) (S x) (B v22 (B (B I) B))
x x I
K (K (S (I B))) (v30 v0) (K (S (B (S S x I z) x B) (x I (B (z (v4 z (x v20))))))) (v15 (I (K (B S (x K B x) (S B) K)) (z K)))
K (S (I B)) (K (S (B (S S x I z) x B) (x I (B (z (v4 z (x v20))))))) (v15 (I (K (B S (x K B x) (S B) K)) (z K)))
S (I B) (v15 (I (K (B S (x K B x) (S B) K)) (z K)))
S B (v15 (I (K (B S (x K B x) (S B) K)) (z K)))
S B (v15 (K (B S (x K B x) (S B) K) (z K)))
S B (v15 (B S (x K B x) (S B) K))
S B (v15 (S (x K B x (S B)) K))
