B
I (I (x S)) (x (B x z) S I) I B (z B (S S (z v23)) (B (I K K) S I (K (v22 I (S x) x (v14 v25) x)) v4) (I x (B (B v5)) z) (I (B (z B z)) (S (v4 I)) K (z B) z))
I (x S) (x (B x z) S I) I B (z B (S S (z v23)) (B (I K K) S I (K (v22 I (S x) x (v14 v25) x)) v4) (I x (B (B v5)) z) (I (B (z B z)) (S (v4 I)) K (z B) z))
x S (x (B x z) S I) I B (z B (S S (z v23)) (B (I K K) S I (K (v22 I (S x) x (v14 v25) x)) v4) (I x (B (B v5)) z) (I (B (z B z)) (S (v4 I)) K (z B) z))
x S (x (B x z) S I) I B (z B (S S (z v23)) (I K K (S I) (K (v22 I (S x) x (v14 v25) x)) v4) (I x (B (B v5)) z) (I (B (z B z)) (S (v4 I)) K (z B) z))
x S (x (B x z) S I) I B (z B (S S (z v23)) (K K (S I) (K (v22 I (S x) x (v14 v25) x)) v4) (I x (B (B v5)) z) (I (B (z B z)) (S (v4 I)) K (z B) z))
x S (x (B x z) S I) I B (z B (S S (z v23)) (K (K (v22 I (S x) x (v14 v25) x)) v4) (I x (B (B v5)) z) (I (B (z B z)) (S (v4 I)) K (z B) z))
x S (x (B x z) S I) I B (z B (S S (z v23)) (K (v22 I (S x) x (v14 v25) x)) (I x (B (B v5)) z) (I (B (z B z)) (S (v4 I)) K (z B) z))
x S (x (B x z) S I) I B (z B (S S (z v23)) (K (v22 I (S x) x (v14 v25) x)) (x (B (B v5)) z) (I (B (z B z)) (S (v4 I)) K (z B) z))
x S (x (B x z) S I) I B (z B (S S (z v23)) (K (v22 I (S x) x (v14 v25) x)) (x (B (B v5)) z) (B (z B z) (S (v4 I)) K (z B) z))
x S (x (B x z) S I) I B (z B (S S (z v23)) (K (v22 I (S x) x (v14 v25) x)) (x (B (B v5)) z) (z B z (S (v4 I) K) (z B) z))
B
B z
I (K (B B) K z z)
K (B B) K z z
B B z z
B (z z)
S I S
z K (z B (v26 v10) (K (S B (S x))) (S (x K z x (S B))) (K (S (S (K S))))) (z S (S S (z (B v25)) K z I)) S (x x) (v0 K (x z (v10 (z v18 (x x)) B)) (v14 v3 (z K)) (I (S (I v7)) S (S x v8) I))
z K (z B (v26 v10) (K (S B (S x))) (S (x K z x (S B))) (K (S (S (K S))))) (z S (S K (z (B v25) K) z I)) S (x x) (v0 K (x z (v10 (z v18 (x x)) B)) (v14 v3 (z K)) (I (S (I v7)) S (S x v8) I))
z K (z B (v26 v10) (K (S B (S x))) (S (x K z x (S B))) (K (S (S (K S))))) (z S (K z (z (B v25) K z) I)) S (x x) (v0 K (x z (v10 (z v18 (x x)) B)) (v14 v3 (z K)) (I (S (I v7)) S (S x v8) I))
z K (z B (v26 v10) (K (S B (S x))) (S (x K z x (S B))) (K (S (S (K S))))) (z S (z I)) S (x x) (v0 K (x z (v10 (z v18 (x x)) B)) (v14 v3 (z K)) (I (S (I v7)) S (S x v8) I))
z K (z B (v26 v10) (K (S B (S x))) (S (x K z x (S B))) (K (S (S (K S))))) (z S (z I)) S (x x) (v0 K (x z (v10 (z v18 (x x)) B)) (v14 v3 (z K)) (S (I v7) S (S x v8) I))
z K (z B (v26 v10) (K (S B (S x))) (S (x K z x (S B))) (K (S (S (K S))))) (z S (z I)) S (x x) (v0 K (x z (v10 (z v18 (x x)) B)) (v14 v3 (z K)) (I v7 (S x v8) (S (S x v8)) I))
z K (z B (v26 v10) (K (S B (S x))) (S (x K z x (S B))) (K (S (S (K S))))) (z S (z I)) S (x x) (v0 K (x z (v10 (z v18 (x x)) B)) (v14 v3 (z K)) (v7 (S x v8) (S (S x v8)) I))
I z (z (z I z (v4 I)) I B z) K x (v7 B)
z (z (z I z (v4 I)) I B z) K x (v7 B)
z (S S v14 (B x) (v17 (S (z (I (x (B I)) x I)))) v27 (K B I I (I (x x v17) z z (B (K S B))) v14) (x (K v7) (x z) x (x (I (S (B B))) (K (K I)) (B v0 S) (x (S B)) K)))
z (S (B x) (v14 (B x)) (v17 (S (z (I (x (B I)) x I)))) v27 (K B I I (I (x x v17) z z (B (K S B))) v14) (x (K v7) (x z) x (x (I (S (B B))) (K (K I)) (B v0 S) (x (S B)) K)))
z (B x (v17 (S (z (I (x (B I)) x I)))) (v14 (B x) (v17 (S (z (I (x (B I)) x I))))) v27 (K B I I (I (x x v17) z z (B (K S B))) v14) (x (K v7) (x z) x (x (I (S (B B))) (K (K I)) (B v0 S) (x (S B)) K)))
z (x (v17 (S (z (I (x (B I)) x I))) (v14 (B x) (v17 (S (z (I (x (B I)) x I)))))) v27 (K B I I (I (x x v17) z z (B (K S B))) v14) (x (K v7) (x z) x (x (I (S (B B))) (K (K I)) (B v0 S) (x (S B)) K)))
z (x (v17 (S (z (x (B I) x I))) (v14 (B x) (v17 (S (z (I (x (B I)) x I)))))) v27 (K B I I (I (x x v17) z z (B (K S B))) v14) (x (K v7) (x z) x (x (I (S (B B))) (K (K I)) (B v0 S) (x (S B)) K)))
z (x (v17 (S (z (x (B I) x I))) (v14 (B x) (v17 (S (z (x (B I) x I)))))) v27 (K B I I (I (x x v17) z z (B (K S B))) v14) (x (K v7) (x z) x (x (I (S (B B))) (K (K I)) (B v0 S) (x (S B)) K)))
z (x (v17 (S (z (x (B I) x I))) (v14 (B x) (v17 (S (z (x (B I) x I)))))) v27 (B I (I (x x v17) z z (B (K S B))) v14) (x (K v7) (x z) x (x (I (S (B B))) (K (K I)) (B v0 S) (x (S B)) K)))
z (x (v17 (S (z (x (B I) x I))) (v14 (B x) (v17 (S (z (x (B I) x I)))))) v27 (I (I (x x v17) z z (B (K S B)) v14)) (x (K v7) (x z) x (x (I (S (B B))) (K (K I)) (B v0 S) (x (S B)) K)))
z (x (v17 (S (z (x (B I) x I))) (v14 (B x) (v17 (S (z (x (B I) x I)))))) v27 (I (x x v17) z z (B (K S B)) v14) (x (K v7) (x z) x (x (I (S (B B))) (K (K I)) (B v0 S) (x (S B)) K)))
z (x (v17 (S (z (x (B I) x I))) (v14 (B x) (v17 (S (z (x (B I) x I)))))) v27 (x x v17 z z (B (K S B)) v14) (x (K v7) (x z) x (x (I (S (B B))) (K (K I)) (B v0 S) (x (S B)) K)))
z (x (v17 (S (z (x (B I) x I))) (v14 (B x) (v17 (S (z (x (B I) x I)))))) v27 (x x v17 z z (B S) v14) (x (K v7) (x z) x (x (I (S (B B))) (K (K I)) (B v0 S) (x (S B)) K)))
z (x (v17 (S (z (x (B I) x I))) (v14 (B x) (v17 (S (z (x (B I) x I)))))) v27 (x x v17 z z (B S) v14) (x (K v7) (x z) x (x (S (B B)) (K (K I)) (B v0 S) (x (S B)) K)))
B (B S (v19 (B (S (z B) I K x) (B S)) (x (B (I v25) I (v10 I I v24)) I) B)) (I (x z (I B)))
B (B S (v19 (B (z B K (I K) x) (B S)) (x (B (I v25) I (v10 I I v24)) I) B)) (I (x z (I B)))
B (B S (v19 (B (z B K K x) (B S)) (x (B (I v25) I (v10 I I v24)) I) B)) (I (x z (I B)))
B (B S (v19 (B (z B K K x) (B S)) (x (I v25 (I (v10 I I v24))) I) B)) (I (x z (I B)))
B (B S (v19 (B (z B K K x) (B S)) (x (v25 (I (v10 I I v24))) I) B)) (I (x z (I B)))
B (B S (v19 (B (z B K K x) (B S)) (x (v25 (v10 I I v24)) I) B)) (I (x z (I B)))
B (B S (v19 (B (z B K K x) (B S)) (x (v25 (v10 I I v24)) I) B)) (x z (I B))
B (B S (v19 (B (z B K K x) (B S)) (x (v25 (v10 I I v24)) I) B)) (x z B)
