v6 (x v25 (S B) K) (K (z x (K S) B) x (x v21 z x (I (v12 (z (B (I K))))) (B (v12 x)) I) (S (B (I x)) (B (K x (x z)) z S))) (I (z K (x I (S K x)) (B B B x)) z)
v6 (x v25 (S B) K) (z x (K S) B (x v21 z x (I (v12 (z (B (I K))))) (B (v12 x)) I) (S (B (I x)) (B (K x (x z)) z S))) (I (z K (x I (S K x)) (B B B x)) z)
v6 (x v25 (S B) K) (z x (K S) B (x v21 z x (v12 (z (B (I K)))) (B (v12 x)) I) (S (B (I x)) (B (K x (x z)) z S))) (I (z K (x I (S K x)) (B B B x)) z)
v6 (x v25 (S B) K) (z x (K S) B (x v21 z x (v12 (z (B K))) (B (v12 x)) I) (S (B (I x)) (B (K x (x z)) z S))) (I (z K (x I (S K x)) (B B B x)) z)
v6 (x v25 (S B) K) (z x (K S) B (x v21 z x (v12 (z (B K))) (B (v12 x)) I) (S (B x) (B (K x (x z)) z S))) (I (z K (x I (S K x)) (B B B x)) z)
v6 (x v25 (S B) K) (z x (K S) B (x v21 z x (v12 (z (B K))) (B (v12 x)) I) (S (B x) (K x (x z) (z S)))) (I (z K (x I (S K x)) (B B B x)) z)
v6 (x v25 (S B) K) (z x (K S) B (x v21 z x (v12 (z (B K))) (B (v12 x)) I) (S (B x) (x (z S)))) (I (z K (x I (S K x)) (B B B x)) z)
v6 (x v25 (S B) K) (z x (K S) B (x v21 z x (v12 (z (B K))) (B (v12 x)) I) (S (B x) (x (z S)))) (z K (x I (S K x)) (B B B x) z)
v6 (x v25 (S B) K) (z x (K S) B (x v21 z x (v12 (z (B K))) (B (v12 x)) I) (S (B x) (x (z S)))) (z K (x I (S K x)) (B (B x)) z)
x (K (B (z S z) (z z))) (K (S K) (K B) K x (S S (K x) (z z)) (S (x B)) x z)
x (K (B (z S z) (z z))) (S K K x (S S (K x) (z z)) (S (x B)) x z)
x (K (B (z S z) (z z))) (K x (K x) (S S (K x) (z z)) (S (x B)) x z)
x (K (B (z S z) (z z))) (x (S S (K x) (z z)) (S (x B)) x z)
x (K (B (z S z) (z z))) (x (S (z z) (K x (z z))) (S (x B)) x z)
x (K (B (z S z) (z z))) (x (S (z z) x) (S (x B)) x z)
B (S (I S (S (z x) I)) K) (S (K S)) (v26 v23 B)
S (I S (S (z x) I)) K (S (K S) (v26 v23 B))
I S (S (z x) I) (S (K S) (v26 v23 B)) (K (S (K S) (v26 v23 B)))
S (S (z x) I) (S (K S) (v26 v23 B)) (K (S (K S) (v26 v23 B)))
S (z x) I (K (S (K S) (v26 v23 B))) (S (K S) (v26 v23 B) (K (S (K S) (v26 v23 B))))
z x (K (S (K S) (v26 v23 B))) (I (K (S (K S) (v26 v23 B)))) (S (K S) (v26 v23 B) (K (S (K S) (v26 v23 B))))
z x (K (S (K S) (v26 v23 B))) (K (S (K S) (v26 v23 B))) (S (K S) (v26 v23 B) (K (S (K S) (v26 v23 B))))
z x (K (S (K S) (v26 v23 B))) (K (S (K S) (v26 v23 B))) (K S (K (S (K S) (v26 v23 B))) (v26 v23 B (K (S (K S) (v26 v23 B)))))
z x (K (S (K S) (v26 v23 B))) (K (S (K S) (v26 v23 B))) (S (v26 v23 B (K (S (K S) (v26 v23 B)))))
v4 (K I) (B (I K (x (S K))) (S (z (I K (x (x S)) v17)) B z) (K (x I z K z))) (I (K (v9 (x v16)) (I (K x (x S I)))))
v4 (K I) (I K (x (S K)) (S (z (I K (x (x S)) v17)) B z (K (x I z K z)))) (I (K (v9 (x v16)) (I (K x (x S I)))))
v4 (K I) (K (x (S K)) (S (z (I K (x (x S)) v17)) B z (K (x I z K z)))) (I (K (v9 (x v16)) (I (K x (x S I)))))
v4 (K I) (x (S K)) (I (K (v9 (x v16)) (I (K x (x S I)))))
v4 (K I) (x (S K)) (K (v9 (x v16)) (I (K x (x S I))))
v4 (K I) (x (S K)) (v9 (x v16))
S K (S x)
I
K S
S I
K (B (I (I (K x)))) I (v12 (K B (S (z K) (I (S I))) I x (I (S K) (I v15 x K))))
B (I (I (K x))) (v12 (K B (S (z K) (I (S I))) I x (I (S K) (I v15 x K))))
B (I (K x)) (v12 (K B (S (z K) (I (S I))) I x (I (S K) (I v15 x K))))
B (K x) (v12 (K B (S (z K) (I (S I))) I x (I (S K) (I v15 x K))))
B (K x) (v12 (B I x (I (S K) (I v15 x K))))
B (K x) (v12 (I (x (I (S K) (I v15 x K)))))
B (K x) (v12 (x (I (S K) (I v15 x K))))
B (K x) (v12 (x (S K (I v15 x K))))
B (K x) (v12 (x (S K (v15 x K))))
v21 (K z (x I) I (z (K (K (K (z B (v12 (B S) I))) K)) x) (S (z (B v30) (B (B z) S K))))
v21 (z I (z (K (K (K (z B (v12 (B S) I))) K)) x) (S (z (B v30) (B (B z) S K))))
v21 (z I (z (K (K (z B (v12 (B S) I)))) x) (S (z (B v30) (B (B z) S K))))
v21 (z I (z (K (K (z B (v12 (B S) I)))) x) (S (z (B v30) (B z (S K)))))
