B (I (B v15 B v3 I) I (K B I (K (B (B K) x) B x)) B)
B (B v15 B v3 I I (K B I (K (B (B K) x) B x)) B)
B (v15 (B v3) I I (K B I (K (B (B K) x) B x)) B)
B (v15 (B v3) I I (B (K (B (B K) x) B x)) B)
B (v15 (B v3) I I (B (B (B K) x x)) B)
B (v15 (B v3) I I (B (B K (x x))) B)
x
z
I (K (B (B K x S)) (K S (K (S K) (S K (x (B S (S x S))) I) x)) z)
K (B (B K x S)) (K S (K (S K) (S K (x (B S (S x S))) I) x)) z
B (B K x S) z
B (K (x S)) z
z (B (I K)) (z (B K z) (x (I (z v14 B)) v15) z)
z (B K) (z (B K z) (x (I (z v14 B)) v15) z)
z (B K) (z (B K z) (x (z v14 B) v15) z)
K (z (S z x) (K v28 (x (v14 (x (B z S) v6)) z) (B x) (K S v29 (z K K) (B (z z) I (I (z v24)) K v10)) (v18 (S (z (K z x) (z (B z (v15 v8)) (z K))) S) I (v0 (v2 z) B))))
K (z (S z x) (v28 (B x) (K S v29 (z K K) (B (z z) I (I (z v24)) K v10)) (v18 (S (z (K z x) (z (B z (v15 v8)) (z K))) S) I (v0 (v2 z) B))))
K (z (S z x) (v28 (B x) (S (z K K) (B (z z) I (I (z v24)) K v10)) (v18 (S (z (K z x) (z (B z (v15 v8)) (z K))) S) I (v0 (v2 z) B))))
K (z (S z x) (v28 (B x) (S (z K K) (z z (I (I (z v24))) K v10)) (v18 (S (z (K z x) (z (B z (v15 v8)) (z K))) S) I (v0 (v2 z) B))))
K (z (S z x) (v28 (B x) (S (z K K) (z z (I (z v24)) K v10)) (v18 (S (z (K z x) (z (B z (v15 v8)) (z K))) S) I (v0 (v2 z) B))))
K (z (S z x) (v28 (B x) (S (z K K) (z z (z v24) K v10)) (v18 (S (z (K z x) (z (B z (v15 v8)) (z K))) S) I (v0 (v2 z) B))))
K (z (S z x) (v28 (B x) (S (z K K) (z z (z v24) K v10)) (v18 (S (z z (z (B z (v15 v8)) (z K))) S) I (v0 (v2 z) B))))
I (I (I (z z (B z) (K (K x (v21 x) B)))) (v8 z (z x) (x (x v14) v2)))
I (I (z z (B z) (K (K x (v21 x) B)))) (v8 z (z x) (x (x v14) v2))
I (z z (B z) (K (K x (v21 x) B))) (v8 z (z x) (x (x v14) v2))
z z (B z) (K (K x (v21 x) B)) (v8 z (z x) (x (x v14) v2))
z z (B z) (K (x B)) (v8 z (z x) (x (x v14) v2))
z (z v29) (I K) (B (K (S S) I) (S (K B I) (S S)) (v29 (v2 B) (K v24 I)) S) (S (v16 K) z)
z (z v29) K (B (K (S S) I) (S (K B I) (S S)) (v29 (v2 B) (K v24 I)) S) (S (v16 K) z)
z (z v29) K (K (S S) I (S (K B I) (S S) (v29 (v2 B) (K v24 I))) S) (S (v16 K) z)
z (z v29) K (S S (S (K B I) (S S) (v29 (v2 B) (K v24 I))) S) (S (v16 K) z)
z (z v29) K (S S (S (K B I) (S S) (v29 (v2 B) (K v24 I)) S)) (S (v16 K) z)
z (z v29) K (S S (K B I (v29 (v2 B) (K v24 I)) (S S (v29 (v2 B) (K v24 I))) S)) (S (v16 K) z)
z (z v29) K (S S (B (v29 (v2 B) (K v24 I)) (S S (v29 (v2 B) (K v24 I))) S)) (S (v16 K) z)
z (z v29) K (S S (v29 (v2 B) (K v24 I) (S S (v29 (v2 B) (K v24 I)) S))) (S (v16 K) z)
z (z v29) K (S S (v29 (v2 B) v24 (S S (v29 (v2 B) (K v24 I)) S))) (S (v16 K) z)
z (z v29) K (S S (v29 (v2 B) v24 (S S (v29 (v2 B) (K v24 I) S)))) (S (v16 K) z)
z (z v29) K (S S (v29 (v2 B) v24 (S S (v29 (v2 B) v24 S)))) (S (v16 K) z)
z (z (K z))
v30 (z (S (B B x)) v9 K (B B S x) v15 B)
v30 (z (S (B B x)) v9 K (B (S x)) v15 B)
