S (x (B (B (I (K S) (I (B z) B))) (I (x z K) (x B K I v30)))) K (B v4 (S B))
x (B (B (I (K S) (I (B z) B))) (I (x z K) (x B K I v30))) (B v4 (S B)) (K (B v4 (S B)))
x (B (B (K S (I (B z) B))) (I (x z K) (x B K I v30))) (B v4 (S B)) (K (B v4 (S B)))
x (B (B S) (I (x z K) (x B K I v30))) (B v4 (S B)) (K (B v4 (S B)))
x (B (B S) (x z K (x B K I v30))) (B v4 (S B)) (K (B v4 (S B)))
I
S (I v10 (z (z v23)) (K (x I) v6) (v9 I (B I S S) z (z (S (v6 I))) B)) K (B (v27 (z (K K) (z v26) S)) (z S (v15 x K K))) (I v30 S (K (x S) v1 x))
I v10 (z (z v23)) (K (x I) v6) (v9 I (B I S S) z (z (S (v6 I))) B) (B (v27 (z (K K) (z v26) S)) (z S (v15 x K K))) (K (B (v27 (z (K K) (z v26) S)) (z S (v15 x K K)))) (I v30 S (K (x S) v1 x))
v10 (z (z v23)) (K (x I) v6) (v9 I (B I S S) z (z (S (v6 I))) B) (B (v27 (z (K K) (z v26) S)) (z S (v15 x K K))) (K (B (v27 (z (K K) (z v26) S)) (z S (v15 x K K)))) (I v30 S (K (x S) v1 x))
v10 (z (z v23)) (x I) (v9 I (B I S S) z (z (S (v6 I))) B) (B (v27 (z (K K) (z v26) S)) (z S (v15 x K K))) (K (B (v27 (z (K K) (z v26) S)) (z S (v15 x K K)))) (I v30 S (K (x S) v1 x))
v10 (z (z v23)) (x I) (v9 I (I (S S)) z (z (S (v6 I))) B) (B (v27 (z (K K) (z v26) S)) (z S (v15 x K K))) (K (B (v27 (z (K K) (z v26) S)) (z S (v15 x K K)))) (I v30 S (K (x S) v1 x))
v10 (z (z v23)) (x I) (v9 I (S S) z (z (S (v6 I))) B) (B (v27 (z (K K) (z v26) S)) (z S (v15 x K K))) (K (B (v27 (z (K K) (z v26) S)) (z S (v15 x K K)))) (I v30 S (K (x S) v1 x))
v10 (z (z v23)) (x I) (v9 I (S S) z (z (S (v6 I))) B) (B (v27 (z (K K) (z v26) S)) (z S (v15 x K K))) (K (B (v27 (z (K K) (z v26) S)) (z S (v15 x K K)))) (v30 S (K (x S) v1 x))
v10 (z (z v23)) (x I) (v9 I (S S) z (z (S (v6 I))) B) (B (v27 (z (K K) (z v26) S)) (z S (v15 x K K))) (K (B (v27 (z (K K) (z v26) S)) (z S (v15 x K K)))) (v30 S (x S x))
z
x S (x (B S x) (z I) (S K (I x B (S (z (S v19 x) x))) x) (B (B z) S K I))
x S (x (B S x) (z I) (K x (I x B (S (z (S v19 x) x)) x)) (B (B z) S K I))
x S (x (B S x) (z I) x (B (B z) S K I))
x S (x (B S x) (z I) x (B z (S K) I))
x S (x (B S x) (z I) x (z (S K I)))
v3 (B S S I v28 x)
v3 (S (S I) v28 x)
v3 (S I x (v28 x))
v3 (I (v28 x) (x (v28 x)))
v3 (v28 x (x (v28 x)))
I
K I
K (K (x S (K B v7 z)))
K (K (x S (B z)))
I z (K (z (v25 I))) (v8 K (K z x z) B) (S v19 (S (I z (K x))))
z (K (z (v25 I))) (v8 K (K z x z) B) (S v19 (S (I z (K x))))
z (K (z (v25 I))) (v8 K (z z) B) (S v19 (S (I z (K x))))
z (K (z (v25 I))) (v8 K (z z) B) (S v19 (S (z (K x))))
