z
z (S (S (I (v6 B v23)) K)) (I v29) (v3 (S (K K I (I I) (z (K K) S))) K) (v13 v30 (v23 (S (I (S z)))) x K) (x I) (z x (I (B (v14 (K (I (v6 K)) S) (K (v5 (K z)))) v27)) (v4 v4 z (z K K z (v23 (v29 K))) I (I B)))
z (S (S (v6 B v23) K)) (I v29) (v3 (S (K K I (I I) (z (K K) S))) K) (v13 v30 (v23 (S (I (S z)))) x K) (x I) (z x (I (B (v14 (K (I (v6 K)) S) (K (v5 (K z)))) v27)) (v4 v4 z (z K K z (v23 (v29 K))) I (I B)))
z (S (S (v6 B v23) K)) v29 (v3 (S (K K I (I I) (z (K K) S))) K) (v13 v30 (v23 (S (I (S z)))) x K) (x I) (z x (I (B (v14 (K (I (v6 K)) S) (K (v5 (K z)))) v27)) (v4 v4 z (z K K z (v23 (v29 K))) I (I B)))
z (S (S (v6 B v23) K)) v29 (v3 (S (K (I I) (z (K K) S))) K) (v13 v30 (v23 (S (I (S z)))) x K) (x I) (z x (I (B (v14 (K (I (v6 K)) S) (K (v5 (K z)))) v27)) (v4 v4 z (z K K z (v23 (v29 K))) I (I B)))
z (S (S (v6 B v23) K)) v29 (v3 (S (I I)) K) (v13 v30 (v23 (S (I (S z)))) x K) (x I) (z x (I (B (v14 (K (I (v6 K)) S) (K (v5 (K z)))) v27)) (v4 v4 z (z K K z (v23 (v29 K))) I (I B)))
z (S (S (v6 B v23) K)) v29 (v3 (S I) K) (v13 v30 (v23 (S (I (S z)))) x K) (x I) (z x (I (B (v14 (K (I (v6 K)) S) (K (v5 (K z)))) v27)) (v4 v4 z (z K K z (v23 (v29 K))) I (I B)))
z (S (S (v6 B v23) K)) v29 (v3 (S I) K) (v13 v30 (v23 (S (S z))) x K) (x I) (z x (I (B (v14 (K (I (v6 K)) S) (K (v5 (K z)))) v27)) (v4 v4 z (z K K z (v23 (v29 K))) I (I B)))
z (S (S (v6 B v23) K)) v29 (v3 (S I) K) (v13 v30 (v23 (S (S z))) x K) (x I) (z x (B (v14 (K (I (v6 K)) S) (K (v5 (K z)))) v27) (v4 v4 z (z K K z (v23 (v29 K))) I (I B)))
z (S (S (v6 B v23) K)) v29 (v3 (S I) K) (v13 v30 (v23 (S (S z))) x K) (x I) (z x (B (v14 (I (v6 K)) (K (v5 (K z)))) v27) (v4 v4 z (z K K z (v23 (v29 K))) I (I B)))
z (S (S (v6 B v23) K)) v29 (v3 (S I) K) (v13 v30 (v23 (S (S z))) x K) (x I) (z x (B (v14 (v6 K) (K (v5 (K z)))) v27) (v4 v4 z (z K K z (v23 (v29 K))) I (I B)))
z (S (S (v6 B v23) K)) v29 (v3 (S I) K) (v13 v30 (v23 (S (S z))) x K) (x I) (z x (B (v14 (v6 K) (K (v5 (K z)))) v27) (v4 v4 z (z K K z (v23 (v29 K))) I B))
K
v21 S (B I K z I (x (z (x (B z z (z x) (B (I S)) (v3 (B S) B))))) (x v10 I) (I (I (x z) (I x)) z (z (z (S (v24 B) (z S) K)) (I (v21 (x v0) x) S)) (B x (S (B (z I I) I))) (K (z (S z)) (x (z (v6 x) (S (v24 z K))) (B S (x B) (I B K)) (x v4)))))
v21 S (I (K z) I (x (z (x (B z z (z x) (B (I S)) (v3 (B S) B))))) (x v10 I) (I (I (x z) (I x)) z (z (z (S (v24 B) (z S) K)) (I (v21 (x v0) x) S)) (B x (S (B (z I I) I))) (K (z (S z)) (x (z (v6 x) (S (v24 z K))) (B S (x B) (I B K)) (x v4)))))
v21 S (K z I (x (z (x (B z z (z x) (B (I S)) (v3 (B S) B))))) (x v10 I) (I (I (x z) (I x)) z (z (z (S (v24 B) (z S) K)) (I (v21 (x v0) x) S)) (B x (S (B (z I I) I))) (K (z (S z)) (x (z (v6 x) (S (v24 z K))) (B S (x B) (I B K)) (x v4)))))
v21 S (z (x (z (x (B z z (z x) (B (I S)) (v3 (B S) B))))) (x v10 I) (I (I (x z) (I x)) z (z (z (S (v24 B) (z S) K)) (I (v21 (x v0) x) S)) (B x (S (B (z I I) I))) (K (z (S z)) (x (z (v6 x) (S (v24 z K))) (B S (x B) (I B K)) (x v4)))))
v21 S (z (x (z (x (z (z (z x)) (B (I S)) (v3 (B S) B))))) (x v10 I) (I (I (x z) (I x)) z (z (z (S (v24 B) (z S) K)) (I (v21 (x v0) x) S)) (B x (S (B (z I I) I))) (K (z (S z)) (x (z (v6 x) (S (v24 z K))) (B S (x B) (I B K)) (x v4)))))
v21 S (z (x (z (x (z (z (z x)) (B S) (v3 (B S) B))))) (x v10 I) (I (I (x z) (I x)) z (z (z (S (v24 B) (z S) K)) (I (v21 (x v0) x) S)) (B x (S (B (z I I) I))) (K (z (S z)) (x (z (v6 x) (S (v24 z K))) (B S (x B) (I B K)) (x v4)))))
v21 S (z (x (z (x (z (z (z x)) (B S) (v3 (B S) B))))) (x v10 I) (I (x z) (I x) z (z (z (S (v24 B) (z S) K)) (I (v21 (x v0) x) S)) (B x (S (B (z I I) I))) (K (z (S z)) (x (z (v6 x) (S (v24 z K))) (B S (x B) (I B K)) (x v4)))))
v21 S (z (x (z (x (z (z (z x)) (B S) (v3 (B S) B))))) (x v10 I) (x z (I x) z (z (z (S (v24 B) (z S) K)) (I (v21 (x v0) x) S)) (B x (S (B (z I I) I))) (K (z (S z)) (x (z (v6 x) (S (v24 z K))) (B S (x B) (I B K)) (x v4)))))
v21 S (z (x (z (x (z (z (z x)) (B S) (v3 (B S) B))))) (x v10 I) (x z x z (z (z (S (v24 B) (z S) K)) (I (v21 (x v0) x) S)) (B x (S (B (z I I) I))) (K (z (S z)) (x (z (v6 x) (S (v24 z K))) (B S (x B) (I B K)) (x v4)))))
v21 S (z (x (z (x (z (z (z x)) (B S) (v3 (B S) B))))) (x v10 I) (x z x z (z (z (v24 B K (z S K))) (I (v21 (x v0) x) S)) (B x (S (B (z I I) I))) (K (z (S z)) (x (z (v6 x) (S (v24 z K))) (B S (x B) (I B K)) (x v4)))))
v21 S (z (x (z (x (z (z (z x)) (B S) (v3 (B S) B))))) (x v10 I) (x z x z (z (z (v24 B K (z S K))) (v21 (x v0) x S)) (B x (S (B (z I I) I))) (K (z (S z)) (x (z (v6 x) (S (v24 z K))) (B S (x B) (I B K)) (x v4)))))
v21 S (z (x (z (x (z (z (z x)) (B S) (v3 (B S) B))))) (x v10 I) (x z x z (z (z (v24 B K (z S K))) (v21 (x v0) x S)) (B x (S (B (z I I) I))) (z (S z))))
S (I (x (z B) (K x v17 x I))) (z B) B (K z (I (z (I (v23 (z (S B))))))) I (z (v16 z (x I) v7 z) (x (z (v23 K (x B) B)) S) I v7) (v28 (S (S (I B) v11 (z (x (z (K (z K) v21)) S)))))
I (x (z B) (K x v17 x I)) B (z B B) (K z (I (z (I (v23 (z (S B))))))) I (z (v16 z (x I) v7 z) (x (z (v23 K (x B) B)) S) I v7) (v28 (S (S (I B) v11 (z (x (z (K (z K) v21)) S)))))
x (z B) (K x v17 x I) B (z B B) (K z (I (z (I (v23 (z (S B))))))) I (z (v16 z (x I) v7 z) (x (z (v23 K (x B) B)) S) I v7) (v28 (S (S (I B) v11 (z (x (z (K (z K) v21)) S)))))
x (z B) (x x I) B (z B B) (K z (I (z (I (v23 (z (S B))))))) I (z (v16 z (x I) v7 z) (x (z (v23 K (x B) B)) S) I v7) (v28 (S (S (I B) v11 (z (x (z (K (z K) v21)) S)))))
x (z B) (x x I) B (z B B) z I (z (v16 z (x I) v7 z) (x (z (v23 K (x B) B)) S) I v7) (v28 (S (S (I B) v11 (z (x (z (K (z K) v21)) S)))))
x (z B) (x x I) B (z B B) z I (z (v16 z (x I) v7 z) (x (z (v23 K (x B) B)) S) I v7) (v28 (S (I B (z (x (z (K (z K) v21)) S)) (v11 (z (x (z (K (z K) v21)) S))))))
x (z B) (x x I) B (z B B) z I (z (v16 z (x I) v7 z) (x (z (v23 K (x B) B)) S) I v7) (v28 (S (B (z (x (z (K (z K) v21)) S)) (v11 (z (x (z (K (z K) v21)) S))))))
x (z B) (x x I) B (z B B) z I (z (v16 z (x I) v7 z) (x (z (v23 K (x B) B)) S) I v7) (v28 (S (B (z (x (z (z K)) S)) (v11 (z (x (z (K (z K) v21)) S))))))
x (z B) (x x I) B (z B B) z I (z (v16 z (x I) v7 z) (x (z (v23 K (x B) B)) S) I v7) (v28 (S (B (z (x (z (z K)) S)) (v11 (z (x (z (z K)) S))))))
z (I (x K) (I (x S v17))) (K (B v7 v3 (K B)) (K v29 K) (S S))
z (x K (I (x S v17))) (K (B v7 v3 (K B)) (K v29 K) (S S))
z (x K (x S v17)) (K (B v7 v3 (K B)) (K v29 K) (S S))
z (x K (x S v17)) (B v7 v3 (K B) (S S))
z (x K (x S v17)) (v7 (v3 (K B)) (S S))
v23 (S v23 z (S K)) (I I) (x (z K (B v15) S I (K I (x S S) z) B (x (I B) (B (S v0 I) x x) K))) (v16 (S (x (B I)) (K v24) (K K x)) (v26 x (S (I v24 B (I B)))) (B (I (I z) (K B I) B)) (I B (v21 v0) (v26 (z I z)) (S B (x (z v2) x z)) (I (S (z I) (I I)) (z (K v7))) (v19 (K (K z) (z K I (K I)) (I I x)) I)))
v23 (v23 (S K) (z (S K))) (I I) (x (z K (B v15) S I (K I (x S S) z) B (x (I B) (B (S v0 I) x x) K))) (v16 (S (x (B I)) (K v24) (K K x)) (v26 x (S (I v24 B (I B)))) (B (I (I z) (K B I) B)) (I B (v21 v0) (v26 (z I z)) (S B (x (z v2) x z)) (I (S (z I) (I I)) (z (K v7))) (v19 (K (K z) (z K I (K I)) (I I x)) I)))
v23 (v23 (S K) (z (S K))) I (x (z K (B v15) S I (K I (x S S) z) B (x (I B) (B (S v0 I) x x) K))) (v16 (S (x (B I)) (K v24) (K K x)) (v26 x (S (I v24 B (I B)))) (B (I (I z) (K B I) B)) (I B (v21 v0) (v26 (z I z)) (S B (x (z v2) x z)) (I (S (z I) (I I)) (z (K v7))) (v19 (K (K z) (z K I (K I)) (I I x)) I)))
v23 (v23 (S K) (z (S K))) I (x (z K (B v15) S I (I z) B (x (I B) (B (S v0 I) x x) K))) (v16 (S (x (B I)) (K v24) (K K x)) (v26 x (S (I v24 B (I B)))) (B (I (I z) (K B I) B)) (I B (v21 v0) (v26 (z I z)) (S B (x (z v2) x z)) (I (S (z I) (I I)) (z (K v7))) (v19 (K (K z) (z K I (K I)) (I I x)) I)))
v23 (v23 (S K) (z (S K))) I (x (z K (B v15) S I z B (x (I B) (B (S v0 I) x x) K))) (v16 (S (x (B I)) (K v24) (K K x)) (v26 x (S (I v24 B (I B)))) (B (I (I z) (K B I) B)) (I B (v21 v0) (v26 (z I z)) (S B (x (z v2) x z)) (I (S (z I) (I I)) (z (K v7))) (v19 (K (K z) (z K I (K I)) (I I x)) I)))
v23 (v23 (S K) (z (S K))) I (x (z K (B v15) S I z B (x B (B (S v0 I) x x) K))) (v16 (S (x (B I)) (K v24) (K K x)) (v26 x (S (I v24 B (I B)))) (B (I (I z) (K B I) B)) (I B (v21 v0) (v26 (z I z)) (S B (x (z v2) x z)) (I (S (z I) (I I)) (z (K v7))) (v19 (K (K z) (z K I (K I)) (I I x)) I)))
v23 (v23 (S K) (z (S K))) I (x (z K (B v15) S I z B (x B (S v0 I (x x)) K))) (v16 (S (x (B I)) (K v24) (K K x)) (v26 x (S (I v24 B (I B)))) (B (I (I z) (K B I) B)) (I B (v21 v0) (v26 (z I z)) (S B (x (z v2) x z)) (I (S (z I) (I I)) (z (K v7))) (v19 (K (K z) (z K I (K I)) (I I x)) I)))
v23 (v23 (S K) (z (S K))) I (x (z K (B v15) S I z B (x B (v0 (x x) (I (x x))) K))) (v16 (S (x (B I)) (K v24) (K K x)) (v26 x (S (I v24 B (I B)))) (B (I (I z) (K B I) B)) (I B (v21 v0) (v26 (z I z)) (S B (x (z v2) x z)) (I (S (z I) (I I)) (z (K v7))) (v19 (K (K z) (z K I (K I)) (I I x)) I)))
v23 (v23 (S K) (z (S K))) I (x (z K (B v15) S I z B (x B (v0 (x x) (x x)) K))) (v16 (S (x (B I)) (K v24) (K K x)) (v26 x (S (I v24 B (I B)))) (B (I (I z) (K B I) B)) (I B (v21 v0) (v26 (z I z)) (S B (x (z v2) x z)) (I (S (z I) (I I)) (z (K v7))) (v19 (K (K z) (z K I (K I)) (I I x)) I)))
v23 (v23 (S K) (z (S K))) I (x (z K (B v15) S I z B (x B (v0 (x x) (x x)) K))) (v16 (x (B I) (K K x) (K v24 (K K x))) (v26 x (S (I v24 B (I B)))) (B (I (I z) (K B I) B)) (I B (v21 v0) (v26 (z I z)) (S B (x (z v2) x z)) (I (S (z I) (I I)) (z (K v7))) (v19 (K (K z) (z K I (K I)) (I I x)) I)))
v23 (v23 (S K) (z (S K))) I (x (z K (B v15) S I z B (x B (v0 (x x) (x x)) K))) (v16 (x (B I) K (K v24 (K K x))) (v26 x (S (I v24 B (I B)))) (B (I (I z) (K B I) B)) (I B (v21 v0) (v26 (z I z)) (S B (x (z v2) x z)) (I (S (z I) (I I)) (z (K v7))) (v19 (K (K z) (z K I (K I)) (I I x)) I)))
v23 (v23 (S K) (z (S K))) I (x (z K (B v15) S I z B (x B (v0 (x x) (x x)) K))) (v16 (x (B I) K v24) (v26 x (S (I v24 B (I B)))) (B (I (I z) (K B I) B)) (I B (v21 v0) (v26 (z I z)) (S B (x (z v2) x z)) (I (S (z I) (I I)) (z (K v7))) (v19 (K (K z) (z K I (K I)) (I I x)) I)))
v23 (v23 (S K) (z (S K))) I (x (z K (B v15) S I z B (x B (v0 (x x) (x x)) K))) (v16 (x (B I) K v24) (v26 x (S (v24 B (I B)))) (B (I (I z) (K B I) B)) (I B (v21 v0) (v26 (z I z)) (S B (x (z v2) x z)) (I (S (z I) (I I)) (z (K v7))) (v19 (K (K z) (z K I (K I)) (I I x)) I)))
v23 (v23 (S K) (z (S K))) I (x (z K (B v15) S I z B (x B (v0 (x x) (x x)) K))) (v16 (x (B I) K v24) (v26 x (S (v24 B B))) (B (I (I z) (K B I) B)) (I B (v21 v0) (v26 (z I z)) (S B (x (z v2) x z)) (I (S (z I) (I I)) (z (K v7))) (v19 (K (K z) (z K I (K I)) (I I x)) I)))
v23 (v23 (S K) (z (S K))) I (x (z K (B v15) S I z B (x B (v0 (x x) (x x)) K))) (v16 (x (B I) K v24) (v26 x (S (v24 B B))) (B (I z (K B I) B)) (I B (v21 v0) (v26 (z I z)) (S B (x (z v2) x z)) (I (S (z I) (I I)) (z (K v7))) (v19 (K (K z) (z K I (K I)) (I I x)) I)))
v23 (v23 (S K) (z (S K))) I (x (z K (B v15) S I z B (x B (v0 (x x) (x x)) K))) (v16 (x (B I) K v24) (v26 x (S (v24 B B))) (B (z (K B I) B)) (I B (v21 v0) (v26 (z I z)) (S B (x (z v2) x z)) (I (S (z I) (I I)) (z (K v7))) (v19 (K (K z) (z K I (K I)) (I I x)) I)))
v23 (v23 (S K) (z (S K))) I (x (z K (B v15) S I z B (x B (v0 (x x) (x x)) K))) (v16 (x (B I) K v24) (v26 x (S (v24 B B))) (B (z B B)) (I B (v21 v0) (v26 (z I z)) (S B (x (z v2) x z)) (I (S (z I) (I I)) (z (K v7))) (v19 (K (K z) (z K I (K I)) (I I x)) I)))
v23 (v23 (S K) (z (S K))) I (x (z K (B v15) S I z B (x B (v0 (x x) (x x)) K))) (v16 (x (B I) K v24) (v26 x (S (v24 B B))) (B (z B B)) (B (v21 v0) (v26 (z I z)) (S B (x (z v2) x z)) (I (S (z I) (I I)) (z (K v7))) (v19 (K (K z) (z K I (K I)) (I I x)) I)))
v23 (v23 (S K) (z (S K))) I (x (z K (B v15) S I z B (x B (v0 (x x) (x x)) K))) (v16 (x (B I) K v24) (v26 x (S (v24 B B))) (B (z B B)) (v21 v0 (v26 (z I z) (S B (x (z v2) x z))) (I (S (z I) (I I)) (z (K v7))) (v19 (K (K z) (z K I (K I)) (I I x)) I)))
v23 (v23 (S K) (z (S K))) I (x (z K (B v15) S I z B (x B (v0 (x x) (x x)) K))) (v16 (x (B I) K v24) (v26 x (S (v24 B B))) (B (z B B)) (v21 v0 (v26 (z I z) (S B (x (z v2) x z))) (S (z I) (I I) (z (K v7))) (v19 (K (K z) (z K I (K I)) (I I x)) I)))
v23 (v23 (S K) (z (S K))) I (x (z K (B v15) S I z B (x B (v0 (x x) (x x)) K))) (v16 (x (B I) K v24) (v26 x (S (v24 B B))) (B (z B B)) (v21 v0 (v26 (z I z) (S B (x (z v2) x z))) (z I (z (K v7)) (I I (z (K v7)))) (v19 (K (K z) (z K I (K I)) (I I x)) I)))
v23 (v23 (S K) (z (S K))) I (x (z K (B v15) S I z B (x B (v0 (x x) (x x)) K))) (v16 (x (B I) K v24) (v26 x (S (v24 B B))) (B (z B B)) (v21 v0 (v26 (z I z) (S B (x (z v2) x z))) (z I (z (K v7)) (I (z (K v7)))) (v19 (K (K z) (z K I (K I)) (I I x)) I)))
v23 (v23 (S K) (z (S K))) I (x (z K (B v15) S I z B (x B (v0 (x x) (x x)) K))) (v16 (x (B I) K v24) (v26 x (S (v24 B B))) (B (z B B)) (v21 v0 (v26 (z I z) (S B (x (z v2) x z))) (z I (z (K v7)) (z (K v7))) (v19 (K (K z) (z K I (K I)) (I I x)) I)))
v23 (v23 (S K) (z (S K))) I (x (z K (B v15) S I z B (x B (v0 (x x) (x x)) K))) (v16 (x (B I) K v24) (v26 x (S (v24 B B))) (B (z B B)) (v21 v0 (v26 (z I z) (S B (x (z v2) x z))) (z I (z (K v7)) (z (K v7))) (v19 (K z (I I x)) I)))
v23 (v23 (S K) (z (S K))) I (x (z K (B v15) S I z B (x B (v0 (x x) (x x)) K))) (v16 (x (B I) K v24) (v26 x (S (v24 B B))) (B (z B B)) (v21 v0 (v26 (z I z) (S B (x (z v2) x z))) (z I (z (K v7)) (z (K v7))) (v19 z I)))
z z (B (K S B x (B (S K)))) x (K K K (S (B B (x (S z x (S I))) (x (S (S (z (K S I)) (I (x B)))) I) S))) (K (z z) B v24 S I (z S))
z z (B (S x (B (S K)))) x (K K K (S (B B (x (S z x (S I))) (x (S (S (z (K S I)) (I (x B)))) I) S))) (K (z z) B v24 S I (z S))
z z (B (S x (B (S K)))) x (K (S (B B (x (S z x (S I))) (x (S (S (z (K S I)) (I (x B)))) I) S))) (K (z z) B v24 S I (z S))
z z (B (S x (B (S K)))) x (K (S (B (x (S z x (S I)) (x (S (S (z (K S I)) (I (x B)))) I)) S))) (K (z z) B v24 S I (z S))
z z (B (S x (B (S K)))) x (K (S (B (x (z (S I) (x (S I))) (x (S (S (z (K S I)) (I (x B)))) I)) S))) (K (z z) B v24 S I (z S))
z z (B (S x (B (S K)))) x (K (S (B (x (z (S I) (x (S I))) (x (S (S (z S) (I (x B)))) I)) S))) (K (z z) B v24 S I (z S))
z z (B (S x (B (S K)))) x (K (S (B (x (z (S I) (x (S I))) (x (S (S (z S) (x B))) I)) S))) (K (z z) B v24 S I (z S))
z z (B (S x (B (S K)))) x (K (S (B (x (z (S I) (x (S I))) (x (S (S (z S) (x B))) I)) S))) (z z v24 S I (z S))
S I (S (K v30) (v29 (B I (K (K B x) (v15 x) S (I (x (K I)) v29))))) (v9 (v3 K (S v24) (v2 z (x x) K) v4 (K K (v20 (K I B (B (x B (z B))) B)) K x)))
I (v9 (v3 K (S v24) (v2 z (x x) K) v4 (K K (v20 (K I B (B (x B (z B))) B)) K x))) (S (K v30) (v29 (B I (K (K B x) (v15 x) S (I (x (K I)) v29)))) (v9 (v3 K (S v24) (v2 z (x x) K) v4 (K K (v20 (K I B (B (x B (z B))) B)) K x))))
v9 (v3 K (S v24) (v2 z (x x) K) v4 (K K (v20 (K I B (B (x B (z B))) B)) K x)) (S (K v30) (v29 (B I (K (K B x) (v15 x) S (I (x (K I)) v29)))) (v9 (v3 K (S v24) (v2 z (x x) K) v4 (K K (v20 (K I B (B (x B (z B))) B)) K x))))
v9 (v3 K (S v24) (v2 z (x x) K) v4 (K K x)) (S (K v30) (v29 (B I (K (K B x) (v15 x) S (I (x (K I)) v29)))) (v9 (v3 K (S v24) (v2 z (x x) K) v4 (K K (v20 (K I B (B (x B (z B))) B)) K x))))
v9 (v3 K (S v24) (v2 z (x x) K) v4 K) (S (K v30) (v29 (B I (K (K B x) (v15 x) S (I (x (K I)) v29)))) (v9 (v3 K (S v24) (v2 z (x x) K) v4 (K K (v20 (K I B (B (x B (z B))) B)) K x))))
v9 (v3 K (S v24) (v2 z (x x) K) v4 K) (K v30 (v9 (v3 K (S v24) (v2 z (x x) K) v4 (K K (v20 (K I B (B (x B (z B))) B)) K x))) (v29 (B I (K (K B x) (v15 x) S (I (x (K I)) v29))) (v9 (v3 K (S v24) (v2 z (x x) K) v4 (K K (v20 (K I B (B (x B (z B))) B)) K x)))))
v9 (v3 K (S v24) (v2 z (x x) K) v4 K) (v30 (v29 (B I (K (K B x) (v15 x) S (I (x (K I)) v29))) (v9 (v3 K (S v24) (v2 z (x x) K) v4 (K K (v20 (K I B (B (x B (z B))) B)) K x)))))
v9 (v3 K (S v24) (v2 z (x x) K) v4 K) (v30 (v29 (B I (K B x S (I (x (K I)) v29))) (v9 (v3 K (S v24) (v2 z (x x) K) v4 (K K (v20 (K I B (B (x B (z B))) B)) K x)))))
v9 (v3 K (S v24) (v2 z (x x) K) v4 K) (v30 (v29 (B I (B S (I (x (K I)) v29))) (v9 (v3 K (S v24) (v2 z (x x) K) v4 (K K (v20 (K I B (B (x B (z B))) B)) K x)))))
v9 (v3 K (S v24) (v2 z (x x) K) v4 K) (v30 (v29 (B I (B S (x (K I) v29))) (v9 (v3 K (S v24) (v2 z (x x) K) v4 (K K (v20 (K I B (B (x B (z B))) B)) K x)))))
v9 (v3 K (S v24) (v2 z (x x) K) v4 K) (v30 (v29 (B I (B S (x (K I) v29))) (v9 (v3 K (S v24) (v2 z (x x) K) v4 (K K x)))))
v9 (v3 K (S v24) (v2 z (x x) K) v4 K) (v30 (v29 (B I (B S (x (K I) v29))) (v9 (v3 K (S v24) (v2 z (x x) K) v4 K))))
I (S (x B (v30 z)) (v25 (v1 z I)) (x B (S (S x (v3 B) B (I (B B K (B K B)))) (B x x (S v20 (S v11) (K z S S v0))) (S B (K (S (x x) z I)))))) z
S (x B (v30 z)) (v25 (v1 z I)) (x B (S (S x (v3 B) B (I (B B K (B K B)))) (B x x (S v20 (S v11) (K z S S v0))) (S B (K (S (x x) z I))))) z
x B (v30 z) (x B (S (S x (v3 B) B (I (B B K (B K B)))) (B x x (S v20 (S v11) (K z S S v0))) (S B (K (S (x x) z I))))) (v25 (v1 z I) (x B (S (S x (v3 B) B (I (B B K (B K B)))) (B x x (S v20 (S v11) (K z S S v0))) (S B (K (S (x x) z I)))))) z
x B (v30 z) (x B (S x (v3 B) B (I (B B K (B K B))) (S B (K (S (x x) z I))) (B x x (S v20 (S v11) (K z S S v0)) (S B (K (S (x x) z I)))))) (v25 (v1 z I) (x B (S (S x (v3 B) B (I (B B K (B K B)))) (B x x (S v20 (S v11) (K z S S v0))) (S B (K (S (x x) z I)))))) z
x B (v30 z) (x B (x B (v3 B B) (I (B B K (B K B))) (S B (K (S (x x) z I))) (B x x (S v20 (S v11) (K z S S v0)) (S B (K (S (x x) z I)))))) (v25 (v1 z I) (x B (S (S x (v3 B) B (I (B B K (B K B)))) (B x x (S v20 (S v11) (K z S S v0))) (S B (K (S (x x) z I)))))) z
x B (v30 z) (x B (x B (v3 B B) (B B K (B K B)) (S B (K (S (x x) z I))) (B x x (S v20 (S v11) (K z S S v0)) (S B (K (S (x x) z I)))))) (v25 (v1 z I) (x B (S (S x (v3 B) B (I (B B K (B K B)))) (B x x (S v20 (S v11) (K z S S v0))) (S B (K (S (x x) z I)))))) z
x B (v30 z) (x B (x B (v3 B B) (B (K (B K B))) (S B (K (S (x x) z I))) (B x x (S v20 (S v11) (K z S S v0)) (S B (K (S (x x) z I)))))) (v25 (v1 z I) (x B (S (S x (v3 B) B (I (B B K (B K B)))) (B x x (S v20 (S v11) (K z S S v0))) (S B (K (S (x x) z I)))))) z
x B (v30 z) (x B (x B (v3 B B) (B (K (B K B))) (S B (K (x x I (z I)))) (B x x (S v20 (S v11) (K z S S v0)) (S B (K (S (x x) z I)))))) (v25 (v1 z I) (x B (S (S x (v3 B) B (I (B B K (B K B)))) (B x x (S v20 (S v11) (K z S S v0))) (S B (K (S (x x) z I)))))) z
x B (v30 z) (x B (x B (v3 B B) (B (K (B K B))) (S B (K (x x I (z I)))) (x (x (S v20 (S v11) (K z S S v0))) (S B (K (S (x x) z I)))))) (v25 (v1 z I) (x B (S (S x (v3 B) B (I (B B K (B K B)))) (B x x (S v20 (S v11) (K z S S v0))) (S B (K (S (x x) z I)))))) z
x B (v30 z) (x B (x B (v3 B B) (B (K (B K B))) (S B (K (x x I (z I)))) (x (x (v20 (K z S S v0) (S v11 (K z S S v0)))) (S B (K (S (x x) z I)))))) (v25 (v1 z I) (x B (S (S x (v3 B) B (I (B B K (B K B)))) (B x x (S v20 (S v11) (K z S S v0))) (S B (K (S (x x) z I)))))) z
x B (v30 z) (x B (x B (v3 B B) (B (K (B K B))) (S B (K (x x I (z I)))) (x (x (v20 (z S v0) (S v11 (K z S S v0)))) (S B (K (S (x x) z I)))))) (v25 (v1 z I) (x B (S (S x (v3 B) B (I (B B K (B K B)))) (B x x (S v20 (S v11) (K z S S v0))) (S B (K (S (x x) z I)))))) z
x B (v30 z) (x B (x B (v3 B B) (B (K (B K B))) (S B (K (x x I (z I)))) (x (x (v20 (z S v0) (S v11 (z S v0)))) (S B (K (S (x x) z I)))))) (v25 (v1 z I) (x B (S (S x (v3 B) B (I (B B K (B K B)))) (B x x (S v20 (S v11) (K z S S v0))) (S B (K (S (x x) z I)))))) z
x B (v30 z) (x B (x B (v3 B B) (B (K (B K B))) (S B (K (x x I (z I)))) (x (x (v20 (z S v0) (S v11 (z S v0)))) (S B (K (x x I (z I))))))) (v25 (v1 z I) (x B (S (S x (v3 B) B (I (B B K (B K B)))) (B x x (S v20 (S v11) (K z S S v0))) (S B (K (S (x x) z I)))))) z
x B (v30 z) (x B (x B (v3 B B) (B (K (B K B))) (S B (K (x x I (z I)))) (x (x (v20 (z S v0) (S v11 (z S v0)))) (S B (K (x x I (z I))))))) (v25 (v1 z I) (x B (S x (v3 B) B (I (B B K (B K B))) (S B (K (S (x x) z I))) (B x x (S v20 (S v11) (K z S S v0)) (S B (K (S (x x) z I))))))) z
x B (v30 z) (x B (x B (v3 B B) (B (K (B K B))) (S B (K (x x I (z I)))) (x (x (v20 (z S v0) (S v11 (z S v0)))) (S B (K (x x I (z I))))))) (v25 (v1 z I) (x B (x B (v3 B B) (I (B B K (B K B))) (S B (K (S (x x) z I))) (B x x (S v20 (S v11) (K z S S v0)) (S B (K (S (x x) z I))))))) z
x B (v30 z) (x B (x B (v3 B B) (B (K (B K B))) (S B (K (x x I (z I)))) (x (x (v20 (z S v0) (S v11 (z S v0)))) (S B (K (x x I (z I))))))) (v25 (v1 z I) (x B (x B (v3 B B) (B B K (B K B)) (S B (K (S (x x) z I))) (B x x (S v20 (S v11) (K z S S v0)) (S B (K (S (x x) z I))))))) z
x B (v30 z) (x B (x B (v3 B B) (B (K (B K B))) (S B (K (x x I (z I)))) (x (x (v20 (z S v0) (S v11 (z S v0)))) (S B (K (x x I (z I))))))) (v25 (v1 z I) (x B (x B (v3 B B) (B (K (B K B))) (S B (K (S (x x) z I))) (B x x (S v20 (S v11) (K z S S v0)) (S B (K (S (x x) z I))))))) z
x B (v30 z) (x B (x B (v3 B B) (B (K (B K B))) (S B (K (x x I (z I)))) (x (x (v20 (z S v0) (S v11 (z S v0)))) (S B (K (x x I (z I))))))) (v25 (v1 z I) (x B (x B (v3 B B) (B (K (B K B))) (S B (K (x x I (z I)))) (B x x (S v20 (S v11) (K z S S v0)) (S B (K (S (x x) z I))))))) z
x B (v30 z) (x B (x B (v3 B B) (B (K (B K B))) (S B (K (x x I (z I)))) (x (x (v20 (z S v0) (S v11 (z S v0)))) (S B (K (x x I (z I))))))) (v25 (v1 z I) (x B (x B (v3 B B) (B (K (B K B))) (S B (K (x x I (z I)))) (x (x (S v20 (S v11) (K z S S v0))) (S B (K (S (x x) z I))))))) z
x B (v30 z) (x B (x B (v3 B B) (B (K (B K B))) (S B (K (x x I (z I)))) (x (x (v20 (z S v0) (S v11 (z S v0)))) (S B (K (x x I (z I))))))) (v25 (v1 z I) (x B (x B (v3 B B) (B (K (B K B))) (S B (K (x x I (z I)))) (x (x (v20 (K z S S v0) (S v11 (K z S S v0)))) (S B (K (S (x x) z I))))))) z
x B (v30 z) (x B (x B (v3 B B) (B (K (B K B))) (S B (K (x x I (z I)))) (x (x (v20 (z S v0) (S v11 (z S v0)))) (S B (K (x x I (z I))))))) (v25 (v1 z I) (x B (x B (v3 B B) (B (K (B K B))) (S B (K (x x I (z I)))) (x (x (v20 (z S v0) (S v11 (K z S S v0)))) (S B (K (S (x x) z I))))))) z
x B (v30 z) (x B (x B (v3 B B) (B (K (B K B))) (S B (K (x x I (z I)))) (x (x (v20 (z S v0) (S v11 (z S v0)))) (S B (K (x x I (z I))))))) (v25 (v1 z I) (x B (x B (v3 B B) (B (K (B K B))) (S B (K (x x I (z I)))) (x (x (v20 (z S v0) (S v11 (z S v0)))) (S B (K (S (x x) z I))))))) z
x B (v30 z) (x B (x B (v3 B B) (B (K (B K B))) (S B (K (x x I (z I)))) (x (x (v20 (z S v0) (S v11 (z S v0)))) (S B (K (x x I (z I))))))) (v25 (v1 z I) (x B (x B (v3 B B) (B (K (B K B))) (S B (K (x x I (z I)))) (x (x (v20 (z S v0) (S v11 (z S v0)))) (S B (K (x x I (z I)))))))) z
