x B (K (K x (I v28 (z x) v0) I)) K (v28 (K (z (S B) S (x (B K) v8 v17 K) z)))
x B (K (x I)) K (v28 (K (z (S B) S (x (B K) v8 v17 K) z)))
z (K z) (S K (I (I K (I v23 B))) (I B) x) I (B (K x) B) (v7 I)
z (K z) (K (I B) (I (I K (I v23 B)) (I B)) x) I (B (K x) B) (v7 I)
z (K z) (I B x) I (B (K x) B) (v7 I)
z (K z) (B x) I (B (K x) B) (v7 I)
B (z (z z) B (S S) B x) K (B z (S B (S K (K (K v13)) K) (S S))) (v15 v8) (B (x B K (v20 (S v29 (K (B (x v17))) (K B)) (B I (v17 v21) x))) S I (v23 (B (I B) (B I) v18 B))) (I (v13 (K (B (B S)) z (x (v30 S) (x I) (B z) (I z) (v22 v21)) (I x z (x (K (z (z x B)) (B K) B)) S)) (I z)))
z (z z) B (S S) B x (K (B z (S B (S K (K (K v13)) K) (S S)))) (v15 v8) (B (x B K (v20 (S v29 (K (B (x v17))) (K B)) (B I (v17 v21) x))) S I (v23 (B (I B) (B I) v18 B))) (I (v13 (K (B (B S)) z (x (v30 S) (x I) (B z) (I z) (v22 v21)) (I x z (x (K (z (z x B)) (B K) B)) S)) (I z)))
z (z z) B (S S) B x (K (B z (B (S S) (S K (K (K v13)) K (S S))))) (v15 v8) (B (x B K (v20 (S v29 (K (B (x v17))) (K B)) (B I (v17 v21) x))) S I (v23 (B (I B) (B I) v18 B))) (I (v13 (K (B (B S)) z (x (v30 S) (x I) (B z) (I z) (v22 v21)) (I x z (x (K (z (z x B)) (B K) B)) S)) (I z)))
z (z z) B (S S) B x (K (B z (B (S S) (K K (K (K v13) K) (S S))))) (v15 v8) (B (x B K (v20 (S v29 (K (B (x v17))) (K B)) (B I (v17 v21) x))) S I (v23 (B (I B) (B I) v18 B))) (I (v13 (K (B (B S)) z (x (v30 S) (x I) (B z) (I z) (v22 v21)) (I x z (x (K (z (z x B)) (B K) B)) S)) (I z)))
z (z z) B (S S) B x (K (B z (B (S S) (K (S S))))) (v15 v8) (B (x B K (v20 (S v29 (K (B (x v17))) (K B)) (B I (v17 v21) x))) S I (v23 (B (I B) (B I) v18 B))) (I (v13 (K (B (B S)) z (x (v30 S) (x I) (B z) (I z) (v22 v21)) (I x z (x (K (z (z x B)) (B K) B)) S)) (I z)))
z (z z) B (S S) B x (K (B z (B (S S) (K (S S))))) (v15 v8) (x B K (v20 (S v29 (K (B (x v17))) (K B)) (B I (v17 v21) x)) (S I) (v23 (B (I B) (B I) v18 B))) (I (v13 (K (B (B S)) z (x (v30 S) (x I) (B z) (I z) (v22 v21)) (I x z (x (K (z (z x B)) (B K) B)) S)) (I z)))
z (z z) B (S S) B x (K (B z (B (S S) (K (S S))))) (v15 v8) (x B K (v20 (v29 (K B) (K (B (x v17)) (K B))) (B I (v17 v21) x)) (S I) (v23 (B (I B) (B I) v18 B))) (I (v13 (K (B (B S)) z (x (v30 S) (x I) (B z) (I z) (v22 v21)) (I x z (x (K (z (z x B)) (B K) B)) S)) (I z)))
z (z z) B (S S) B x (K (B z (B (S S) (K (S S))))) (v15 v8) (x B K (v20 (v29 (K B) (B (x v17))) (B I (v17 v21) x)) (S I) (v23 (B (I B) (B I) v18 B))) (I (v13 (K (B (B S)) z (x (v30 S) (x I) (B z) (I z) (v22 v21)) (I x z (x (K (z (z x B)) (B K) B)) S)) (I z)))
z (z z) B (S S) B x (K (B z (B (S S) (K (S S))))) (v15 v8) (x B K (v20 (v29 (K B) (B (x v17))) (I (v17 v21 x))) (S I) (v23 (B (I B) (B I) v18 B))) (I (v13 (K (B (B S)) z (x (v30 S) (x I) (B z) (I z) (v22 v21)) (I x z (x (K (z (z x B)) (B K) B)) S)) (I z)))
z (z z) B (S S) B x (K (B z (B (S S) (K (S S))))) (v15 v8) (x B K (v20 (v29 (K B) (B (x v17))) (v17 v21 x)) (S I) (v23 (B (I B) (B I) v18 B))) (I (v13 (K (B (B S)) z (x (v30 S) (x I) (B z) (I z) (v22 v21)) (I x z (x (K (z (z x B)) (B K) B)) S)) (I z)))
z (z z) B (S S) B x (K (B z (B (S S) (K (S S))))) (v15 v8) (x B K (v20 (v29 (K B) (B (x v17))) (v17 v21 x)) (S I) (v23 (I B (B I v18) B))) (I (v13 (K (B (B S)) z (x (v30 S) (x I) (B z) (I z) (v22 v21)) (I x z (x (K (z (z x B)) (B K) B)) S)) (I z)))
z (z z) B (S S) B x (K (B z (B (S S) (K (S S))))) (v15 v8) (x B K (v20 (v29 (K B) (B (x v17))) (v17 v21 x)) (S I) (v23 (B (B I v18) B))) (I (v13 (K (B (B S)) z (x (v30 S) (x I) (B z) (I z) (v22 v21)) (I x z (x (K (z (z x B)) (B K) B)) S)) (I z)))
z (z z) B (S S) B x (K (B z (B (S S) (K (S S))))) (v15 v8) (x B K (v20 (v29 (K B) (B (x v17))) (v17 v21 x)) (S I) (v23 (B (B I v18) B))) (v13 (K (B (B S)) z (x (v30 S) (x I) (B z) (I z) (v22 v21)) (I x z (x (K (z (z x B)) (B K) B)) S)) (I z))
z (z z) B (S S) B x (K (B z (B (S S) (K (S S))))) (v15 v8) (x B K (v20 (v29 (K B) (B (x v17))) (v17 v21 x)) (S I) (v23 (B (B I v18) B))) (v13 (B (B S) (x (v30 S) (x I) (B z) (I z) (v22 v21)) (I x z (x (K (z (z x B)) (B K) B)) S)) (I z))
z (z z) B (S S) B x (K (B z (B (S S) (K (S S))))) (v15 v8) (x B K (v20 (v29 (K B) (B (x v17))) (v17 v21 x)) (S I) (v23 (B (B I v18) B))) (v13 (B S (x (v30 S) (x I) (B z) (I z) (v22 v21) (I x z (x (K (z (z x B)) (B K) B)) S))) (I z))
z (z z) B (S S) B x (K (B z (B (S S) (K (S S))))) (v15 v8) (x B K (v20 (v29 (K B) (B (x v17))) (v17 v21 x)) (S I) (v23 (B (B I v18) B))) (v13 (B S (x (v30 S) (x I) (B z) z (v22 v21) (I x z (x (K (z (z x B)) (B K) B)) S))) (I z))
z (z z) B (S S) B x (K (B z (B (S S) (K (S S))))) (v15 v8) (x B K (v20 (v29 (K B) (B (x v17))) (v17 v21 x)) (S I) (v23 (B (B I v18) B))) (v13 (B S (x (v30 S) (x I) (B z) z (v22 v21) (x z (x (K (z (z x B)) (B K) B)) S))) (I z))
z (z z) B (S S) B x (K (B z (B (S S) (K (S S))))) (v15 v8) (x B K (v20 (v29 (K B) (B (x v17))) (v17 v21 x)) (S I) (v23 (B (B I v18) B))) (v13 (B S (x (v30 S) (x I) (B z) z (v22 v21) (x z (x (z (z x B) B)) S))) (I z))
z (z z) B (S S) B x (K (B z (B (S S) (K (S S))))) (v15 v8) (x B K (v20 (v29 (K B) (B (x v17))) (v17 v21 x)) (S I) (v23 (B (B I v18) B))) (v13 (B S (x (v30 S) (x I) (B z) z (v22 v21) (x z (x (z (z x B) B)) S))) z)
S
B (x (I (v15 B v6)) v28) (K x) x z (B (B (B K I z v26 (z B)) (I (K x (z (S I)))) (v23 (v5 I (K (x S) I)) (B K)))) (z (I v3))
x (I (v15 B v6)) v28 (K x x) z (B (B (B K I z v26 (z B)) (I (K x (z (S I)))) (v23 (v5 I (K (x S) I)) (B K)))) (z (I v3))
x (v15 B v6) v28 (K x x) z (B (B (B K I z v26 (z B)) (I (K x (z (S I)))) (v23 (v5 I (K (x S) I)) (B K)))) (z (I v3))
x (v15 B v6) v28 x z (B (B (B K I z v26 (z B)) (I (K x (z (S I)))) (v23 (v5 I (K (x S) I)) (B K)))) (z (I v3))
x (v15 B v6) v28 x z (B (B K I z v26 (z B) (I (K x (z (S I))) (v23 (v5 I (K (x S) I)) (B K))))) (z (I v3))
x (v15 B v6) v28 x z (B (K (I z) v26 (z B) (I (K x (z (S I))) (v23 (v5 I (K (x S) I)) (B K))))) (z (I v3))
x (v15 B v6) v28 x z (B (I z (z B) (I (K x (z (S I))) (v23 (v5 I (K (x S) I)) (B K))))) (z (I v3))
x (v15 B v6) v28 x z (B (z (z B) (I (K x (z (S I))) (v23 (v5 I (K (x S) I)) (B K))))) (z (I v3))
x (v15 B v6) v28 x z (B (z (z B) (K x (z (S I)) (v23 (v5 I (K (x S) I)) (B K))))) (z (I v3))
x (v15 B v6) v28 x z (B (z (z B) (x (v23 (v5 I (K (x S) I)) (B K))))) (z (I v3))
x (v15 B v6) v28 x z (B (z (z B) (x (v23 (v5 I (x S)) (B K))))) (z (I v3))
x (v15 B v6) v28 x z (B (z (z B) (x (v23 (v5 I (x S)) (B K))))) (z v3)
I v27 (B v16 v19) S (z x (S x (S K I B)) I) (S (B I) (S S) K (K (K v14 (I (v2 (B (v19 x z)) (x K z)) v26)) x) (K K))
v27 (B v16 v19) S (z x (S x (S K I B)) I) (S (B I) (S S) K (K (K v14 (I (v2 (B (v19 x z)) (x K z)) v26)) x) (K K))
v27 (B v16 v19) S (z x (S x (K B (I B))) I) (S (B I) (S S) K (K (K v14 (I (v2 (B (v19 x z)) (x K z)) v26)) x) (K K))
v27 (B v16 v19) S (z x (S x B) I) (S (B I) (S S) K (K (K v14 (I (v2 (B (v19 x z)) (x K z)) v26)) x) (K K))
v27 (B v16 v19) S (z x (S x B) I) (B I K (S S K) (K (K v14 (I (v2 (B (v19 x z)) (x K z)) v26)) x) (K K))
v27 (B v16 v19) S (z x (S x B) I) (I (K (S S K)) (K (K v14 (I (v2 (B (v19 x z)) (x K z)) v26)) x) (K K))
v27 (B v16 v19) S (z x (S x B) I) (K (S S K) (K (K v14 (I (v2 (B (v19 x z)) (x K z)) v26)) x) (K K))
v27 (B v16 v19) S (z x (S x B) I) (S S K (K K))
v27 (B v16 v19) S (z x (S x B) I) (S (K K) (K (K K)))
v15 (K (x I z B K) (B I) (B (B (z z) I) (I K) S))
v15 (x I z B K (B (B (z z) I) (I K) S))
v15 (x I z B K (B (z z) I (I K S)))
v15 (x I z B K (z z (I (I K S))))
v15 (x I z B K (z z (I K S)))
v15 (x I z B K (z z (K S)))
v1 (x (v25 (v11 I (z z (v0 (z x))) (K (v29 x))) B)) (B (v12 z) (B (I S) x) (B x) (B B (v26 S (z K (S (K v30) K) K) z)))
v1 (x (v25 (v11 I (z z (v0 (z x))) (K (v29 x))) B)) (v12 z (B (I S) x (B x)) (B B (v26 S (z K (S (K v30) K) K) z)))
v1 (x (v25 (v11 I (z z (v0 (z x))) (K (v29 x))) B)) (v12 z (I S (x (B x))) (B B (v26 S (z K (S (K v30) K) K) z)))
v1 (x (v25 (v11 I (z z (v0 (z x))) (K (v29 x))) B)) (v12 z (S (x (B x))) (B B (v26 S (z K (S (K v30) K) K) z)))
K (S (I (x (B K (B (v2 B (x B) (v24 B z))) (K I)))) (S x) (S (I S K S)))
K (I (x (B K (B (v2 B (x B) (v24 B z))) (K I))) (S (I S K S)) (S x (S (I S K S))))
K (x (B K (B (v2 B (x B) (v24 B z))) (K I)) (S (I S K S)) (S x (S (I S K S))))
K (x (K (B (v2 B (x B) (v24 B z)) (K I))) (S (I S K S)) (S x (S (I S K S))))
K (x (K (B (v2 B (x B) (v24 B z)) (K I))) (S (S K S)) (S x (S (I S K S))))
K (x (K (B (v2 B (x B) (v24 B z)) (K I))) (S (S K S)) (S x (S (S K S))))
S (v0 (S (S S x) (v27 B) B) (I (K v4 (I (v7 I))))) B
S (v0 (S S x B (v27 B B)) (I (K v4 (I (v7 I))))) B
S (v0 (S B (x B) (v27 B B)) (I (K v4 (I (v7 I))))) B
S (v0 (B (v27 B B) (x B (v27 B B))) (I (K v4 (I (v7 I))))) B
S (v0 (B (v27 B B) (x B (v27 B B))) (K v4 (I (v7 I)))) B
S (v0 (B (v27 B B) (x B (v27 B B))) v4) B
