I (I (z v20) (x (z (S (S B) (z v8))) (x (I z z (x B K)) x))) (v15 z K) (B (v2 (K I (v10 (x B)) v22) K) (v19 z (I (x S (v0 S I) v25 (K (K S)))))) (I (I (K v22 (S (v30 S))) z B (v19 B (K v16) (I z) (B (I (z S))))) (z (K z)))
I (z v20) (x (z (S (S B) (z v8))) (x (I z z (x B K)) x)) (v15 z K) (B (v2 (K I (v10 (x B)) v22) K) (v19 z (I (x S (v0 S I) v25 (K (K S)))))) (I (I (K v22 (S (v30 S))) z B (v19 B (K v16) (I z) (B (I (z S))))) (z (K z)))
z v20 (x (z (S (S B) (z v8))) (x (I z z (x B K)) x)) (v15 z K) (B (v2 (K I (v10 (x B)) v22) K) (v19 z (I (x S (v0 S I) v25 (K (K S)))))) (I (I (K v22 (S (v30 S))) z B (v19 B (K v16) (I z) (B (I (z S))))) (z (K z)))
z v20 (x (z (S (S B) (z v8))) (x (z z (x B K)) x)) (v15 z K) (B (v2 (K I (v10 (x B)) v22) K) (v19 z (I (x S (v0 S I) v25 (K (K S)))))) (I (I (K v22 (S (v30 S))) z B (v19 B (K v16) (I z) (B (I (z S))))) (z (K z)))
z v20 (x (z (S (S B) (z v8))) (x (z z (x B K)) x)) (v15 z K) (B (v2 (I v22) K) (v19 z (I (x S (v0 S I) v25 (K (K S)))))) (I (I (K v22 (S (v30 S))) z B (v19 B (K v16) (I z) (B (I (z S))))) (z (K z)))
z v20 (x (z (S (S B) (z v8))) (x (z z (x B K)) x)) (v15 z K) (B (v2 v22 K) (v19 z (I (x S (v0 S I) v25 (K (K S)))))) (I (I (K v22 (S (v30 S))) z B (v19 B (K v16) (I z) (B (I (z S))))) (z (K z)))
z v20 (x (z (S (S B) (z v8))) (x (z z (x B K)) x)) (v15 z K) (B (v2 v22 K) (v19 z (x S (v0 S I) v25 (K (K S))))) (I (I (K v22 (S (v30 S))) z B (v19 B (K v16) (I z) (B (I (z S))))) (z (K z)))
z v20 (x (z (S (S B) (z v8))) (x (z z (x B K)) x)) (v15 z K) (B (v2 v22 K) (v19 z (x S (v0 S I) v25 (K (K S))))) (I (K v22 (S (v30 S))) z B (v19 B (K v16) (I z) (B (I (z S)))) (z (K z)))
z v20 (x (z (S (S B) (z v8))) (x (z z (x B K)) x)) (v15 z K) (B (v2 v22 K) (v19 z (x S (v0 S I) v25 (K (K S))))) (K v22 (S (v30 S)) z B (v19 B (K v16) (I z) (B (I (z S)))) (z (K z)))
z v20 (x (z (S (S B) (z v8))) (x (z z (x B K)) x)) (v15 z K) (B (v2 v22 K) (v19 z (x S (v0 S I) v25 (K (K S))))) (v22 z B (v19 B (K v16) (I z) (B (I (z S)))) (z (K z)))
z v20 (x (z (S (S B) (z v8))) (x (z z (x B K)) x)) (v15 z K) (B (v2 v22 K) (v19 z (x S (v0 S I) v25 (K (K S))))) (v22 z B (v19 B (K v16) z (B (I (z S)))) (z (K z)))
z v20 (x (z (S (S B) (z v8))) (x (z z (x B K)) x)) (v15 z K) (B (v2 v22 K) (v19 z (x S (v0 S I) v25 (K (K S))))) (v22 z B (v19 B (K v16) z (B (z S))) (z (K z)))
x x
z z (x z B) v10 (x K (K (B x)) (z (v5 K) S (z (z v29 (S (v27 I)))) (z (z v10))) (S I) (x (S z))) (K S (B v26 (v22 x I (S K (x (I S))) S (K (v11 (v10 S) I)))) B (v7 v24 (B K B B (z I I z (S z v12 (z I) (z (S x)) z)))))
z z (x z B) v10 (x K (K (B x)) (z (v5 K) S (z (z v29 (S (v27 I)))) (z (z v10))) (S I) (x (S z))) (S B (v7 v24 (B K B B (z I I z (S z v12 (z I) (z (S x)) z)))))
z z (x z B) v10 (x K (K (B x)) (z (v5 K) S (z (z v29 (S (v27 I)))) (z (z v10))) (S I) (x (S z))) (S B (v7 v24 (K (B B) (z I I z (S z v12 (z I) (z (S x)) z)))))
z z (x z B) v10 (x K (K (B x)) (z (v5 K) S (z (z v29 (S (v27 I)))) (z (z v10))) (S I) (x (S z))) (S B (v7 v24 (B B)))
B (v7 v19)
B (x K z) (K K) S (x K I) (K K (I (S B (v2 I)) (z B) (z K))) (I (K (x (I K (S S v9) (v23 B))) (z v3 (x S) (I x))) v23) (z (I (S (K (I K) z) (B I)))) (B x (I x) (S x S))
x K z (K K S) (x K I) (K K (I (S B (v2 I)) (z B) (z K))) (I (K (x (I K (S S v9) (v23 B))) (z v3 (x S) (I x))) v23) (z (I (S (K (I K) z) (B I)))) (B x (I x) (S x S))
x K z K (x K I) (K K (I (S B (v2 I)) (z B) (z K))) (I (K (x (I K (S S v9) (v23 B))) (z v3 (x S) (I x))) v23) (z (I (S (K (I K) z) (B I)))) (B x (I x) (S x S))
x K z K (x K I) K (I (K (x (I K (S S v9) (v23 B))) (z v3 (x S) (I x))) v23) (z (I (S (K (I K) z) (B I)))) (B x (I x) (S x S))
x K z K (x K I) K (K (x (I K (S S v9) (v23 B))) (z v3 (x S) (I x)) v23) (z (I (S (K (I K) z) (B I)))) (B x (I x) (S x S))
x K z K (x K I) K (x (I K (S S v9) (v23 B)) v23) (z (I (S (K (I K) z) (B I)))) (B x (I x) (S x S))
x K z K (x K I) K (x (K (S S v9) (v23 B)) v23) (z (I (S (K (I K) z) (B I)))) (B x (I x) (S x S))
x K z K (x K I) K (x (S S v9) v23) (z (I (S (K (I K) z) (B I)))) (B x (I x) (S x S))
x K z K (x K I) K (x (S S v9) v23) (z (S (K (I K) z) (B I))) (B x (I x) (S x S))
x K z K (x K I) K (x (S S v9) v23) (z (S (I K) (B I))) (B x (I x) (S x S))
x K z K (x K I) K (x (S S v9) v23) (z (S K (B I))) (B x (I x) (S x S))
x K z K (x K I) K (x (S S v9) v23) (z (S K (B I))) (x (I x (S x S)))
x K z K (x K I) K (x (S S v9) v23) (z (S K (B I))) (x (x (S x S)))
x (I (I (I B (x I))) I (I v21 B) B) (I (z I z) (I (K I B) (K z)) (z S) (B S (B (v14 B) (B (z (x z))) (v17 (z (I v2 (v22 I B)) K K (x K))) K)))
x (I (I B (x I)) I (I v21 B) B) (I (z I z) (I (K I B) (K z)) (z S) (B S (B (v14 B) (B (z (x z))) (v17 (z (I v2 (v22 I B)) K K (x K))) K)))
x (I B (x I) I (I v21 B) B) (I (z I z) (I (K I B) (K z)) (z S) (B S (B (v14 B) (B (z (x z))) (v17 (z (I v2 (v22 I B)) K K (x K))) K)))
x (B (x I) I (I v21 B) B) (I (z I z) (I (K I B) (K z)) (z S) (B S (B (v14 B) (B (z (x z))) (v17 (z (I v2 (v22 I B)) K K (x K))) K)))
x (x I (I (I v21 B)) B) (I (z I z) (I (K I B) (K z)) (z S) (B S (B (v14 B) (B (z (x z))) (v17 (z (I v2 (v22 I B)) K K (x K))) K)))
x (x I (I v21 B) B) (I (z I z) (I (K I B) (K z)) (z S) (B S (B (v14 B) (B (z (x z))) (v17 (z (I v2 (v22 I B)) K K (x K))) K)))
x (x I (v21 B) B) (I (z I z) (I (K I B) (K z)) (z S) (B S (B (v14 B) (B (z (x z))) (v17 (z (I v2 (v22 I B)) K K (x K))) K)))
x (x I (v21 B) B) (z I z (I (K I B) (K z)) (z S) (B S (B (v14 B) (B (z (x z))) (v17 (z (I v2 (v22 I B)) K K (x K))) K)))
x (x I (v21 B) B) (z I z (K I B (K z)) (z S) (B S (B (v14 B) (B (z (x z))) (v17 (z (I v2 (v22 I B)) K K (x K))) K)))
x (x I (v21 B) B) (z I z (I (K z)) (z S) (B S (B (v14 B) (B (z (x z))) (v17 (z (I v2 (v22 I B)) K K (x K))) K)))
x (x I (v21 B) B) (z I z (K z) (z S) (B S (B (v14 B) (B (z (x z))) (v17 (z (I v2 (v22 I B)) K K (x K))) K)))
x (x I (v21 B) B) (z I z (K z) (z S) (B S (v14 B (B (z (x z)) (v17 (z (I v2 (v22 I B)) K K (x K)))) K)))
x (x I (v21 B) B) (z I z (K z) (z S) (B S (v14 B (B (z (x z)) (v17 (z (v2 (v22 I B)) K K (x K)))) K)))
v16
K (B (S (S x (B (x (B z) K B x)) (B (x v17 B) (z (B B (B (z K) B (z I))))))))
K (B (S (x (B (x v17 B) (z (B B (B (z K) B (z I))))) (B (x (B z) K B x) (B (x v17 B) (z (B B (B (z K) B (z I)))))))))
K (B (S (x (B (x v17 B) (z (B B (z K (B (z I)))))) (B (x (B z) K B x) (B (x v17 B) (z (B B (B (z K) B (z I)))))))))
K (B (S (x (B (x v17 B) (z (B B (z K (B (z I)))))) (B (x (B z) K B x) (B (x v17 B) (z (B B (z K (B (z I))))))))))
z
x (v24 (S S) B)
