x (I S S) (x (S (S S K) (v20 (v14 x) (x B z (I B)))) x v15 B (v21 (B (S v14)) (x (v29 K) (K K))) (v13 I S (I (x (z (K I)))) (z K (K S)) x) (x (I v22 x B) S (x I B (I B) (I B)) (x (z (z (K (K S)))))) (x S))
x (S S) (x (S (S S K) (v20 (v14 x) (x B z (I B)))) x v15 B (v21 (B (S v14)) (x (v29 K) (K K))) (v13 I S (I (x (z (K I)))) (z K (K S)) x) (x (I v22 x B) S (x I B (I B) (I B)) (x (z (z (K (K S)))))) (x S))
x (S S) (x (S (S S K) (v20 (v14 x) (x B z B))) x v15 B (v21 (B (S v14)) (x (v29 K) (K K))) (v13 I S (I (x (z (K I)))) (z K (K S)) x) (x (I v22 x B) S (x I B (I B) (I B)) (x (z (z (K (K S)))))) (x S))
x (S S) (x (S (S S K) (v20 (v14 x) (x B z B))) x v15 B (v21 (B (S v14)) (x (v29 K) (K K))) (v13 I S (x (z (K I))) (z K (K S)) x) (x (I v22 x B) S (x I B (I B) (I B)) (x (z (z (K (K S)))))) (x S))
x (S S) (x (S (S S K) (v20 (v14 x) (x B z B))) x v15 B (v21 (B (S v14)) (x (v29 K) (K K))) (v13 I S (x (z (K I))) (z K (K S)) x) (x (v22 x B) S (x I B (I B) (I B)) (x (z (z (K (K S)))))) (x S))
x (S S) (x (S (S S K) (v20 (v14 x) (x B z B))) x v15 B (v21 (B (S v14)) (x (v29 K) (K K))) (v13 I S (x (z (K I))) (z K (K S)) x) (x (v22 x B) S (x I B B (I B)) (x (z (z (K (K S)))))) (x S))
x (S S) (x (S (S S K) (v20 (v14 x) (x B z B))) x v15 B (v21 (B (S v14)) (x (v29 K) (K K))) (v13 I S (x (z (K I))) (z K (K S)) x) (x (v22 x B) S (x I B B B) (x (z (z (K (K S)))))) (x S))
B (x (v16 K) (I (v1 (I S)) (z B) I B)) (z (B (B S z) v23 (K S) (I (z K x) (v16 B)) z (B (v5 (x (z (v2 v13)) (I (z I))))) S (I (z B z) z S (K I z))))
B (x (v16 K) (v1 (I S) (z B) I B)) (z (B (B S z) v23 (K S) (I (z K x) (v16 B)) z (B (v5 (x (z (v2 v13)) (I (z I))))) S (I (z B z) z S (K I z))))
B (x (v16 K) (v1 S (z B) I B)) (z (B (B S z) v23 (K S) (I (z K x) (v16 B)) z (B (v5 (x (z (v2 v13)) (I (z I))))) S (I (z B z) z S (K I z))))
B (x (v16 K) (v1 S (z B) I B)) (z (B S z (v23 (K S)) (I (z K x) (v16 B)) z (B (v5 (x (z (v2 v13)) (I (z I))))) S (I (z B z) z S (K I z))))
B (x (v16 K) (v1 S (z B) I B)) (z (S (z (v23 (K S))) (I (z K x) (v16 B)) z (B (v5 (x (z (v2 v13)) (I (z I))))) S (I (z B z) z S (K I z))))
B (x (v16 K) (v1 S (z B) I B)) (z (z (v23 (K S)) z (I (z K x) (v16 B) z) (B (v5 (x (z (v2 v13)) (I (z I))))) S (I (z B z) z S (K I z))))
B (x (v16 K) (v1 S (z B) I B)) (z (z (v23 (K S)) z (z K x (v16 B) z) (B (v5 (x (z (v2 v13)) (I (z I))))) S (I (z B z) z S (K I z))))
B (x (v16 K) (v1 S (z B) I B)) (z (z (v23 (K S)) z (z K x (v16 B) z) (B (v5 (x (z (v2 v13)) (z I)))) S (I (z B z) z S (K I z))))
B (x (v16 K) (v1 S (z B) I B)) (z (z (v23 (K S)) z (z K x (v16 B) z) (B (v5 (x (z (v2 v13)) (z I)))) S (z B z z S (K I z))))
B (x (v16 K) (v1 S (z B) I B)) (z (z (v23 (K S)) z (z K x (v16 B) z) (B (v5 (x (z (v2 v13)) (z I)))) S (z B z z S I)))
x v0 B (I B x (z v30 K (v30 S (K S) x)) v25) (I (I S) B (K x) (B K)) (z (B I K) x (x (K v18 (K (v21 K x))) (B v24 I)) (v3 I (B I (z K) I) (x x) (z v19 S) x)) (I (z (K (v12 I (z v25 S I) (K z) I B) x x)) K)
x v0 B (B x (z v30 K (v30 S (K S) x)) v25) (I (I S) B (K x) (B K)) (z (B I K) x (x (K v18 (K (v21 K x))) (B v24 I)) (v3 I (B I (z K) I) (x x) (z v19 S) x)) (I (z (K (v12 I (z v25 S I) (K z) I B) x x)) K)
x v0 B (x (z v30 K (v30 S (K S) x) v25)) (I (I S) B (K x) (B K)) (z (B I K) x (x (K v18 (K (v21 K x))) (B v24 I)) (v3 I (B I (z K) I) (x x) (z v19 S) x)) (I (z (K (v12 I (z v25 S I) (K z) I B) x x)) K)
x v0 B (x (z v30 K (v30 S (K S) x) v25)) (I S B (K x) (B K)) (z (B I K) x (x (K v18 (K (v21 K x))) (B v24 I)) (v3 I (B I (z K) I) (x x) (z v19 S) x)) (I (z (K (v12 I (z v25 S I) (K z) I B) x x)) K)
x v0 B (x (z v30 K (v30 S (K S) x) v25)) (S B (K x) (B K)) (z (B I K) x (x (K v18 (K (v21 K x))) (B v24 I)) (v3 I (B I (z K) I) (x x) (z v19 S) x)) (I (z (K (v12 I (z v25 S I) (K z) I B) x x)) K)
x v0 B (x (z v30 K (v30 S (K S) x) v25)) (B (B K) (K x (B K))) (z (B I K) x (x (K v18 (K (v21 K x))) (B v24 I)) (v3 I (B I (z K) I) (x x) (z v19 S) x)) (I (z (K (v12 I (z v25 S I) (K z) I B) x x)) K)
x v0 B (x (z v30 K (v30 S (K S) x) v25)) (B (B K) x) (z (B I K) x (x (K v18 (K (v21 K x))) (B v24 I)) (v3 I (B I (z K) I) (x x) (z v19 S) x)) (I (z (K (v12 I (z v25 S I) (K z) I B) x x)) K)
x v0 B (x (z v30 K (v30 S (K S) x) v25)) (B (B K) x) (z (B I K) x (x v18 (B v24 I)) (v3 I (B I (z K) I) (x x) (z v19 S) x)) (I (z (K (v12 I (z v25 S I) (K z) I B) x x)) K)
x v0 B (x (z v30 K (v30 S (K S) x) v25)) (B (B K) x) (z (B I K) x (x v18 (B v24 I)) (v3 I (I (z K I)) (x x) (z v19 S) x)) (I (z (K (v12 I (z v25 S I) (K z) I B) x x)) K)
x v0 B (x (z v30 K (v30 S (K S) x) v25)) (B (B K) x) (z (B I K) x (x v18 (B v24 I)) (v3 I (z K I) (x x) (z v19 S) x)) (I (z (K (v12 I (z v25 S I) (K z) I B) x x)) K)
x v0 B (x (z v30 K (v30 S (K S) x) v25)) (B (B K) x) (z (B I K) x (x v18 (B v24 I)) (v3 I (z K I) (x x) (z v19 S) x)) (z (K (v12 I (z v25 S I) (K z) I B) x x) K)
x v0 B (x (z v30 K (v30 S (K S) x) v25)) (B (B K) x) (z (B I K) x (x v18 (B v24 I)) (v3 I (z K I) (x x) (z v19 S) x)) (z (v12 I (z v25 S I) (K z) I B x) K)
S (B (S (I S)) (x v5) z) S (v27 x) z
B (S (I S)) (x v5) z (v27 x) (S (v27 x)) z
S (I S) (x v5 z) (v27 x) (S (v27 x)) z
I S (v27 x) (x v5 z (v27 x)) (S (v27 x)) z
S (v27 x) (x v5 z (v27 x)) (S (v27 x)) z
v27 x (S (v27 x)) (x v5 z (v27 x) (S (v27 x))) z
v17 (K (z (x x)) S (S I) (z x (x B K B z) B (v27 (K S v24)) x)) (v2 (x (v20 (z (v9 I (v27 v20)) x x (K I))))) (v14 (z B (I (S x (S S (S (x v25) K)) S) (B v18))) (I v8 B I)) (B I z)
v17 (z (x x) (S I) (z x (x B K B z) B (v27 (K S v24)) x)) (v2 (x (v20 (z (v9 I (v27 v20)) x x (K I))))) (v14 (z B (I (S x (S S (S (x v25) K)) S) (B v18))) (I v8 B I)) (B I z)
v17 (z (x x) (S I) (z x (x B K B z) B (v27 S) x)) (v2 (x (v20 (z (v9 I (v27 v20)) x x (K I))))) (v14 (z B (I (S x (S S (S (x v25) K)) S) (B v18))) (I v8 B I)) (B I z)
v17 (z (x x) (S I) (z x (x B K B z) B (v27 S) x)) (v2 (x (v20 (z (v9 I (v27 v20)) x x (K I))))) (v14 (z B (S x (S S (S (x v25) K)) S (B v18))) (I v8 B I)) (B I z)
v17 (z (x x) (S I) (z x (x B K B z) B (v27 S) x)) (v2 (x (v20 (z (v9 I (v27 v20)) x x (K I))))) (v14 (z B (x S (S S (S (x v25) K) S) (B v18))) (I v8 B I)) (B I z)
v17 (z (x x) (S I) (z x (x B K B z) B (v27 S) x)) (v2 (x (v20 (z (v9 I (v27 v20)) x x (K I))))) (v14 (z B (x S (S S (S (x v25) K S)) (B v18))) (I v8 B I)) (B I z)
v17 (z (x x) (S I) (z x (x B K B z) B (v27 S) x)) (v2 (x (v20 (z (v9 I (v27 v20)) x x (K I))))) (v14 (z B (x S (S S (x v25 S (K S))) (B v18))) (I v8 B I)) (B I z)
v17 (z (x x) (S I) (z x (x B K B z) B (v27 S) x)) (v2 (x (v20 (z (v9 I (v27 v20)) x x (K I))))) (v14 (z B (x S (S S (x v25 S (K S))) (B v18))) (v8 B I)) (B I z)
K (z (z (K K z B v26) (K I)) I (B (S (x x) z) (I B (B x) (B (z (B B))) x (B v6 (K S z S))) (v30 (S x (S (x z))))) (I (K K z) (v25 v0)))
K (z (z (K B v26) (K I)) I (B (S (x x) z) (I B (B x) (B (z (B B))) x (B v6 (K S z S))) (v30 (S x (S (x z))))) (I (K K z) (v25 v0)))
K (z (z B (K I)) I (B (S (x x) z) (I B (B x) (B (z (B B))) x (B v6 (K S z S))) (v30 (S x (S (x z))))) (I (K K z) (v25 v0)))
K (z (z B (K I)) I (S (x x) z (I B (B x) (B (z (B B))) x (B v6 (K S z S)) (v30 (S x (S (x z)))))) (I (K K z) (v25 v0)))
K (z (z B (K I)) I (x x (I B (B x) (B (z (B B))) x (B v6 (K S z S)) (v30 (S x (S (x z))))) (z (I B (B x) (B (z (B B))) x (B v6 (K S z S)) (v30 (S x (S (x z))))))) (I (K K z) (v25 v0)))
K (z (z B (K I)) I (x x (B (B x) (B (z (B B))) x (B v6 (K S z S)) (v30 (S x (S (x z))))) (z (I B (B x) (B (z (B B))) x (B v6 (K S z S)) (v30 (S x (S (x z))))))) (I (K K z) (v25 v0)))
K (z (z B (K I)) I (x x (B x (B (z (B B)) x) (B v6 (K S z S)) (v30 (S x (S (x z))))) (z (I B (B x) (B (z (B B))) x (B v6 (K S z S)) (v30 (S x (S (x z))))))) (I (K K z) (v25 v0)))
K (z (z B (K I)) I (x x (x (B (z (B B)) x (B v6 (K S z S))) (v30 (S x (S (x z))))) (z (I B (B x) (B (z (B B))) x (B v6 (K S z S)) (v30 (S x (S (x z))))))) (I (K K z) (v25 v0)))
K (z (z B (K I)) I (x x (x (z (B B) (x (B v6 (K S z S)))) (v30 (S x (S (x z))))) (z (I B (B x) (B (z (B B))) x (B v6 (K S z S)) (v30 (S x (S (x z))))))) (I (K K z) (v25 v0)))
K (z (z B (K I)) I (x x (x (z (B B) (x (B v6 (S S)))) (v30 (S x (S (x z))))) (z (I B (B x) (B (z (B B))) x (B v6 (K S z S)) (v30 (S x (S (x z))))))) (I (K K z) (v25 v0)))
K (z (z B (K I)) I (x x (x (z (B B) (x (B v6 (S S)))) (v30 (S x (S (x z))))) (z (B (B x) (B (z (B B))) x (B v6 (K S z S)) (v30 (S x (S (x z))))))) (I (K K z) (v25 v0)))
K (z (z B (K I)) I (x x (x (z (B B) (x (B v6 (S S)))) (v30 (S x (S (x z))))) (z (B x (B (z (B B)) x) (B v6 (K S z S)) (v30 (S x (S (x z))))))) (I (K K z) (v25 v0)))
K (z (z B (K I)) I (x x (x (z (B B) (x (B v6 (S S)))) (v30 (S x (S (x z))))) (z (x (B (z (B B)) x (B v6 (K S z S))) (v30 (S x (S (x z))))))) (I (K K z) (v25 v0)))
K (z (z B (K I)) I (x x (x (z (B B) (x (B v6 (S S)))) (v30 (S x (S (x z))))) (z (x (z (B B) (x (B v6 (K S z S)))) (v30 (S x (S (x z))))))) (I (K K z) (v25 v0)))
K (z (z B (K I)) I (x x (x (z (B B) (x (B v6 (S S)))) (v30 (S x (S (x z))))) (z (x (z (B B) (x (B v6 (S S)))) (v30 (S x (S (x z))))))) (I (K K z) (v25 v0)))
K (z (z B (K I)) I (x x (x (z (B B) (x (B v6 (S S)))) (v30 (S x (S (x z))))) (z (x (z (B B) (x (B v6 (S S)))) (v30 (S x (S (x z))))))) (K K z (v25 v0)))
K (z (z B (K I)) I (x x (x (z (B B) (x (B v6 (S S)))) (v30 (S x (S (x z))))) (z (x (z (B B) (x (B v6 (S S)))) (v30 (S x (S (x z))))))) (K (v25 v0)))
K (z I (B S) x (v20 (S v26 (S (S (z z)))))) (x S) v0
z I (B S) x (v20 (S v26 (S (S (z z))))) v0
I (z (z x) (B (B K (I x B v11) v23 v29))) (B (x (K K (I K)) (B (z (B I (B B))) (x (S (K S x))) (v25 (S x) K)) B (z (z (z (z z) (x v19)) (v0 (K (S (B S))) (v27 (z v12 x) (x I) S) v21)))) (B (v10 (K S))))
z (z x) (B (B K (I x B v11) v23 v29)) (B (x (K K (I K)) (B (z (B I (B B))) (x (S (K S x))) (v25 (S x) K)) B (z (z (z (z z) (x v19)) (v0 (K (S (B S))) (v27 (z v12 x) (x I) S) v21)))) (B (v10 (K S))))
z (z x) (B (K (I x B v11 v23) v29)) (B (x (K K (I K)) (B (z (B I (B B))) (x (S (K S x))) (v25 (S x) K)) B (z (z (z (z z) (x v19)) (v0 (K (S (B S))) (v27 (z v12 x) (x I) S) v21)))) (B (v10 (K S))))
z (z x) (B (I x B v11 v23)) (B (x (K K (I K)) (B (z (B I (B B))) (x (S (K S x))) (v25 (S x) K)) B (z (z (z (z z) (x v19)) (v0 (K (S (B S))) (v27 (z v12 x) (x I) S) v21)))) (B (v10 (K S))))
z (z x) (B (x B v11 v23)) (B (x (K K (I K)) (B (z (B I (B B))) (x (S (K S x))) (v25 (S x) K)) B (z (z (z (z z) (x v19)) (v0 (K (S (B S))) (v27 (z v12 x) (x I) S) v21)))) (B (v10 (K S))))
z (z x) (B (x B v11 v23)) (B (x K (B (z (B I (B B))) (x (S (K S x))) (v25 (S x) K)) B (z (z (z (z z) (x v19)) (v0 (K (S (B S))) (v27 (z v12 x) (x I) S) v21)))) (B (v10 (K S))))
z (z x) (B (x B v11 v23)) (B (x K (z (B I (B B)) (x (S (K S x)) (v25 (S x) K))) B (z (z (z (z z) (x v19)) (v0 (K (S (B S))) (v27 (z v12 x) (x I) S) v21)))) (B (v10 (K S))))
z (z x) (B (x B v11 v23)) (B (x K (z (B I (B B)) (x (S S) (v25 (S x) K))) B (z (z (z (z z) (x v19)) (v0 (K (S (B S))) (v27 (z v12 x) (x I) S) v21)))) (B (v10 (K S))))
z (z I) (I (I (S (v14 (B S)) (I (I S))) (B (z (B (S (S z)))) v6))) B (S S (B z B (I z)) (K v0 x z (v21 (z K) (x z x)) (I v2 (B v11) (B z)) (B (x K))))
z (z I) (I (S (v14 (B S)) (I (I S))) (B (z (B (S (S z)))) v6)) B (S S (B z B (I z)) (K v0 x z (v21 (z K) (x z x)) (I v2 (B v11) (B z)) (B (x K))))
z (z I) (S (v14 (B S)) (I (I S)) (B (z (B (S (S z)))) v6)) B (S S (B z B (I z)) (K v0 x z (v21 (z K) (x z x)) (I v2 (B v11) (B z)) (B (x K))))
z (z I) (v14 (B S) (B (z (B (S (S z)))) v6) (I (I S) (B (z (B (S (S z)))) v6))) B (S S (B z B (I z)) (K v0 x z (v21 (z K) (x z x)) (I v2 (B v11) (B z)) (B (x K))))
z (z I) (v14 (B S) (B (z (B (S (S z)))) v6) (I S (B (z (B (S (S z)))) v6))) B (S S (B z B (I z)) (K v0 x z (v21 (z K) (x z x)) (I v2 (B v11) (B z)) (B (x K))))
z (z I) (v14 (B S) (B (z (B (S (S z)))) v6) (S (B (z (B (S (S z)))) v6))) B (S S (B z B (I z)) (K v0 x z (v21 (z K) (x z x)) (I v2 (B v11) (B z)) (B (x K))))
z (z I) (v14 (B S) (B (z (B (S (S z)))) v6) (S (B (z (B (S (S z)))) v6))) B (S (K v0 x z (v21 (z K) (x z x)) (I v2 (B v11) (B z)) (B (x K))) (B z B (I z) (K v0 x z (v21 (z K) (x z x)) (I v2 (B v11) (B z)) (B (x K)))))
z (z I) (v14 (B S) (B (z (B (S (S z)))) v6) (S (B (z (B (S (S z)))) v6))) B (S (v0 z (v21 (z K) (x z x)) (I v2 (B v11) (B z)) (B (x K))) (B z B (I z) (K v0 x z (v21 (z K) (x z x)) (I v2 (B v11) (B z)) (B (x K)))))
z (z I) (v14 (B S) (B (z (B (S (S z)))) v6) (S (B (z (B (S (S z)))) v6))) B (S (v0 z (v21 (z K) (x z x)) (v2 (B v11) (B z)) (B (x K))) (B z B (I z) (K v0 x z (v21 (z K) (x z x)) (I v2 (B v11) (B z)) (B (x K)))))
z (z I) (v14 (B S) (B (z (B (S (S z)))) v6) (S (B (z (B (S (S z)))) v6))) B (S (v0 z (v21 (z K) (x z x)) (v2 (B v11) (B z)) (B (x K))) (z (B (I z)) (K v0 x z (v21 (z K) (x z x)) (I v2 (B v11) (B z)) (B (x K)))))
z (z I) (v14 (B S) (B (z (B (S (S z)))) v6) (S (B (z (B (S (S z)))) v6))) B (S (v0 z (v21 (z K) (x z x)) (v2 (B v11) (B z)) (B (x K))) (z (B z) (K v0 x z (v21 (z K) (x z x)) (I v2 (B v11) (B z)) (B (x K)))))
z (z I) (v14 (B S) (B (z (B (S (S z)))) v6) (S (B (z (B (S (S z)))) v6))) B (S (v0 z (v21 (z K) (x z x)) (v2 (B v11) (B z)) (B (x K))) (z (B z) (v0 z (v21 (z K) (x z x)) (I v2 (B v11) (B z)) (B (x K)))))
z (z I) (v14 (B S) (B (z (B (S (S z)))) v6) (S (B (z (B (S (S z)))) v6))) B (S (v0 z (v21 (z K) (x z x)) (v2 (B v11) (B z)) (B (x K))) (z (B z) (v0 z (v21 (z K) (x z x)) (v2 (B v11) (B z)) (B (x K)))))
B
