z (x (v4 (v24 K K))) (I B (x (z (I I z) I (I S (x (x I) K)) I)))
z (x (v4 (v24 K K))) (B (x (z (I I z) I (I S (x (x I) K)) I)))
z (x (v4 (v24 K K))) (B (x (z (I z) I (I S (x (x I) K)) I)))
z (x (v4 (v24 K K))) (B (x (z z I (I S (x (x I) K)) I)))
z (x (v4 (v24 K K))) (B (x (z z I (S (x (x I) K)) I)))
S (x (K B))
x (v15 S x) I
I
S
K x
B (I (B (K z) z) (B (I z I (S (x K)) S x))) I (S (I (I I x) (S (z K)) (B x (I z) v3)) S (v6 (K (I B (I (I I)) x S) K))) (S z) (v20 K (S B) (x (x I) (v4 z (K (x K v12 (v6 z B) K))) (K I)))
I (B (K z) z) (B (I z I (S (x K)) S x)) (I (S (I (I I x) (S (z K)) (B x (I z) v3)) S (v6 (K (I B (I (I I)) x S) K)))) (S z) (v20 K (S B) (x (x I) (v4 z (K (x K v12 (v6 z B) K))) (K I)))
B (K z) z (B (I z I (S (x K)) S x)) (I (S (I (I I x) (S (z K)) (B x (I z) v3)) S (v6 (K (I B (I (I I)) x S) K)))) (S z) (v20 K (S B) (x (x I) (v4 z (K (x K v12 (v6 z B) K))) (K I)))
K z (z (B (I z I (S (x K)) S x))) (I (S (I (I I x) (S (z K)) (B x (I z) v3)) S (v6 (K (I B (I (I I)) x S) K)))) (S z) (v20 K (S B) (x (x I) (v4 z (K (x K v12 (v6 z B) K))) (K I)))
z (I (S (I (I I x) (S (z K)) (B x (I z) v3)) S (v6 (K (I B (I (I I)) x S) K)))) (S z) (v20 K (S B) (x (x I) (v4 z (K (x K v12 (v6 z B) K))) (K I)))
z (S (I (I I x) (S (z K)) (B x (I z) v3)) S (v6 (K (I B (I (I I)) x S) K))) (S z) (v20 K (S B) (x (x I) (v4 z (K (x K v12 (v6 z B) K))) (K I)))
z (I (I I x) (S (z K)) (B x (I z) v3) (v6 (K (I B (I (I I)) x S) K)) (S (v6 (K (I B (I (I I)) x S) K)))) (S z) (v20 K (S B) (x (x I) (v4 z (K (x K v12 (v6 z B) K))) (K I)))
z (I I x (S (z K)) (B x (I z) v3) (v6 (K (I B (I (I I)) x S) K)) (S (v6 (K (I B (I (I I)) x S) K)))) (S z) (v20 K (S B) (x (x I) (v4 z (K (x K v12 (v6 z B) K))) (K I)))
z (I x (S (z K)) (B x (I z) v3) (v6 (K (I B (I (I I)) x S) K)) (S (v6 (K (I B (I (I I)) x S) K)))) (S z) (v20 K (S B) (x (x I) (v4 z (K (x K v12 (v6 z B) K))) (K I)))
z (x (S (z K)) (B x (I z) v3) (v6 (K (I B (I (I I)) x S) K)) (S (v6 (K (I B (I (I I)) x S) K)))) (S z) (v20 K (S B) (x (x I) (v4 z (K (x K v12 (v6 z B) K))) (K I)))
z (x (S (z K)) (x (I z v3)) (v6 (K (I B (I (I I)) x S) K)) (S (v6 (K (I B (I (I I)) x S) K)))) (S z) (v20 K (S B) (x (x I) (v4 z (K (x K v12 (v6 z B) K))) (K I)))
z (x (S (z K)) (x (z v3)) (v6 (K (I B (I (I I)) x S) K)) (S (v6 (K (I B (I (I I)) x S) K)))) (S z) (v20 K (S B) (x (x I) (v4 z (K (x K v12 (v6 z B) K))) (K I)))
z (x (S (z K)) (x (z v3)) (v6 (I B (I (I I)) x S)) (S (v6 (K (I B (I (I I)) x S) K)))) (S z) (v20 K (S B) (x (x I) (v4 z (K (x K v12 (v6 z B) K))) (K I)))
z (x (S (z K)) (x (z v3)) (v6 (B (I (I I)) x S)) (S (v6 (K (I B (I (I I)) x S) K)))) (S z) (v20 K (S B) (x (x I) (v4 z (K (x K v12 (v6 z B) K))) (K I)))
z (x (S (z K)) (x (z v3)) (v6 (I (I I) (x S))) (S (v6 (K (I B (I (I I)) x S) K)))) (S z) (v20 K (S B) (x (x I) (v4 z (K (x K v12 (v6 z B) K))) (K I)))
z (x (S (z K)) (x (z v3)) (v6 (I I (x S))) (S (v6 (K (I B (I (I I)) x S) K)))) (S z) (v20 K (S B) (x (x I) (v4 z (K (x K v12 (v6 z B) K))) (K I)))
z (x (S (z K)) (x (z v3)) (v6 (I (x S))) (S (v6 (K (I B (I (I I)) x S) K)))) (S z) (v20 K (S B) (x (x I) (v4 z (K (x K v12 (v6 z B) K))) (K I)))
z (x (S (z K)) (x (z v3)) (v6 (x S)) (S (v6 (K (I B (I (I I)) x S) K)))) (S z) (v20 K (S B) (x (x I) (v4 z (K (x K v12 (v6 z B) K))) (K I)))
z (x (S (z K)) (x (z v3)) (v6 (x S)) (S (v6 (I B (I (I I)) x S)))) (S z) (v20 K (S B) (x (x I) (v4 z (K (x K v12 (v6 z B) K))) (K I)))
z (x (S (z K)) (x (z v3)) (v6 (x S)) (S (v6 (B (I (I I)) x S)))) (S z) (v20 K (S B) (x (x I) (v4 z (K (x K v12 (v6 z B) K))) (K I)))
z (x (S (z K)) (x (z v3)) (v6 (x S)) (S (v6 (I (I I) (x S))))) (S z) (v20 K (S B) (x (x I) (v4 z (K (x K v12 (v6 z B) K))) (K I)))
z (x (S (z K)) (x (z v3)) (v6 (x S)) (S (v6 (I I (x S))))) (S z) (v20 K (S B) (x (x I) (v4 z (K (x K v12 (v6 z B) K))) (K I)))
z (x (S (z K)) (x (z v3)) (v6 (x S)) (S (v6 (I (x S))))) (S z) (v20 K (S B) (x (x I) (v4 z (K (x K v12 (v6 z B) K))) (K I)))
z (x (S (z K)) (x (z v3)) (v6 (x S)) (S (v6 (x S)))) (S z) (v20 K (S B) (x (x I) (v4 z (K (x K v12 (v6 z B) K))) (K I)))
K (K (K v8 z) B x) z (z (K I (z (B (x (z B))) (B B (v9 (v12 x)))) z) (v28 (B x (x S S) S) (B (K B))) (z (K z) B))
K (K v8 z) B x (z (K I (z (B (x (z B))) (B B (v9 (v12 x)))) z) (v28 (B x (x S S) S) (B (K B))) (z (K z) B))
K v8 z x (z (K I (z (B (x (z B))) (B B (v9 (v12 x)))) z) (v28 (B x (x S S) S) (B (K B))) (z (K z) B))
v8 x (z (K I (z (B (x (z B))) (B B (v9 (v12 x)))) z) (v28 (B x (x S S) S) (B (K B))) (z (K z) B))
v8 x (z (I z) (v28 (B x (x S S) S) (B (K B))) (z (K z) B))
v8 x (z z (v28 (B x (x S S) S) (B (K B))) (z (K z) B))
v8 x (z z (v28 (x (x S S S)) (B (K B))) (z (K z) B))
v18
K I (I (S (S v19)))
I
