I (K K) S (K x (v22 S) (K I I S B I B) S) (K (v17 z (S (I (z K I) S)) (v7 (x S x) (I (I z (z (v3 S)))) K z) (K I (z (z v25) v17 v1) (z (B z)))))
K K S (K x (v22 S) (K I I S B I B) S) (K (v17 z (S (I (z K I) S)) (v7 (x S x) (I (I z (z (v3 S)))) K z) (K I (z (z v25) v17 v1) (z (B z)))))
K (K x (v22 S) (K I I S B I B) S) (K (v17 z (S (I (z K I) S)) (v7 (x S x) (I (I z (z (v3 S)))) K z) (K I (z (z v25) v17 v1) (z (B z)))))
K x (v22 S) (K I I S B I B) S
x (K I I S B I B) S
x (I S B I B) S
x (S B I B) S
x (B B (I B)) S
x (B B B) S
I v6 (K I (z z K (v14 (v24 B I) (x v19) (S (S B)) (K (z (S (v16 x (v4 v25)) (z S))) (x (z B) (K (K B x)))))))
v6 (K I (z z K (v14 (v24 B I) (x v19) (S (S B)) (K (z (S (v16 x (v4 v25)) (z S))) (x (z B) (K (K B x)))))))
v6 I
K (S B x x (B (I v7))) z
S B x x (B (I v7))
B x (x x) (B (I v7))
x (x x (B (I v7)))
x (x x (B v7))
K
I (B B) (I S (K (B K (x (I (v18 (B z S z (I (x S B))))) S))))
B B (I S (K (B K (x (I (v18 (B z S z (I (x S B))))) S))))
B B (S (K (B K (x (I (v18 (B z S z (I (x S B))))) S))))
B B (S (K (B K (x (v18 (B z S z (I (x S B)))) S))))
B B (S (K (B K (x (v18 (z (S z) (I (x S B)))) S))))
B B (S (K (B K (x (v18 (z (S z) (x S B))) S))))
K I (B (v3 v25)) B z (S (v11 (B (z v0 x (S (z (K z) x) S x (B S x))))) (K (K K))) (S (v28 I (x I x K) S (z z) (x x B (K (K (z S))) z) (K (B (x (S z) K) B) (K B (B K) (x (B x) I) (S K S I)))))
I B z (S (v11 (B (z v0 x (S (z (K z) x) S x (B S x))))) (K (K K))) (S (v28 I (x I x K) S (z z) (x x B (K (K (z S))) z) (K (B (x (S z) K) B) (K B (B K) (x (B x) I) (S K S I)))))
B z (S (v11 (B (z v0 x (S (z (K z) x) S x (B S x))))) (K (K K))) (S (v28 I (x I x K) S (z z) (x x B (K (K (z S))) z) (K (B (x (S z) K) B) (K B (B K) (x (B x) I) (S K S I)))))
z (S (v11 (B (z v0 x (S (z (K z) x) S x (B S x))))) (K (K K)) (S (v28 I (x I x K) S (z z) (x x B (K (K (z S))) z) (K (B (x (S z) K) B) (K B (B K) (x (B x) I) (S K S I))))))
z (v11 (B (z v0 x (S (z (K z) x) S x (B S x)))) (S (v28 I (x I x K) S (z z) (x x B (K (K (z S))) z) (K (B (x (S z) K) B) (K B (B K) (x (B x) I) (S K S I))))) (K (K K) (S (v28 I (x I x K) S (z z) (x x B (K (K (z S))) z) (K (B (x (S z) K) B) (K B (B K) (x (B x) I) (S K S I)))))))
z (v11 (B (z v0 x (z (K z) x x (S x) (B S x)))) (S (v28 I (x I x K) S (z z) (x x B (K (K (z S))) z) (K (B (x (S z) K) B) (K B (B K) (x (B x) I) (S K S I))))) (K (K K) (S (v28 I (x I x K) S (z z) (x x B (K (K (z S))) z) (K (B (x (S z) K) B) (K B (B K) (x (B x) I) (S K S I)))))))
z (v11 (B (z v0 x (z (K z) x x (S x) (B S x)))) (S (v28 I (x I x K) S (z z) (x x B (K (K (z S))) z) (B (x (S z) K) B))) (K (K K) (S (v28 I (x I x K) S (z z) (x x B (K (K (z S))) z) (K (B (x (S z) K) B) (K B (B K) (x (B x) I) (S K S I)))))))
z (v11 (B (z v0 x (z (K z) x x (S x) (B S x)))) (S (v28 I (x I x K) S (z z) (x x B (K (K (z S))) z) (B (x (S z) K) B))) (K K))
x (K (S (S (I (I x I)) I) (v27 (K B v27) (I (B x))) (S I))) (S K (I (z S z)) v17) v4 (v13 (z (z (z (I (S (x z (I z))) S)) K x)))
x (K (S (I (I x I)) I (S I) (v27 (K B v27) (I (B x)) (S I)))) (S K (I (z S z)) v17) v4 (v13 (z (z (z (I (S (x z (I z))) S)) K x)))
x (K (I (I x I) (S I) (I (S I)) (v27 (K B v27) (I (B x)) (S I)))) (S K (I (z S z)) v17) v4 (v13 (z (z (z (I (S (x z (I z))) S)) K x)))
x (K (I x I (S I) (I (S I)) (v27 (K B v27) (I (B x)) (S I)))) (S K (I (z S z)) v17) v4 (v13 (z (z (z (I (S (x z (I z))) S)) K x)))
x (K (x I (S I) (I (S I)) (v27 (K B v27) (I (B x)) (S I)))) (S K (I (z S z)) v17) v4 (v13 (z (z (z (I (S (x z (I z))) S)) K x)))
x (K (x I (S I) (S I) (v27 (K B v27) (I (B x)) (S I)))) (S K (I (z S z)) v17) v4 (v13 (z (z (z (I (S (x z (I z))) S)) K x)))
x (K (x I (S I) (S I) (v27 B (I (B x)) (S I)))) (S K (I (z S z)) v17) v4 (v13 (z (z (z (I (S (x z (I z))) S)) K x)))
x (K (x I (S I) (S I) (v27 B (B x) (S I)))) (S K (I (z S z)) v17) v4 (v13 (z (z (z (I (S (x z (I z))) S)) K x)))
x (K (x I (S I) (S I) (v27 B (B x) (S I)))) (K v17 (I (z S z) v17)) v4 (v13 (z (z (z (I (S (x z (I z))) S)) K x)))
x (K (x I (S I) (S I) (v27 B (B x) (S I)))) v17 v4 (v13 (z (z (z (I (S (x z (I z))) S)) K x)))
x (K (x I (S I) (S I) (v27 B (B x) (S I)))) v17 v4 (v13 (z (z (z (S (x z (I z)) S)) K x)))
x (K (x I (S I) (S I) (v27 B (B x) (S I)))) v17 v4 (v13 (z (z (z (S (x z z) S)) K x)))
z
x (S S S K) I (B S) (v16 (z (B K))) K S (z (K (z I z)))
x (S K (S K)) I (B S) (v16 (z (B K))) K S (z (K (z I z)))
v19
