I (I (I (v8 v9)) (I (z S)) (K (B S))) S (B (I z K)) (x (S (S z x K x) v1 (z I)) (x z (I S) (x v8) (z (I B) (x (K z)) z)) (K B z (v18 B K v26)))
I (I (v8 v9)) (I (z S)) (K (B S)) S (B (I z K)) (x (S (S z x K x) v1 (z I)) (x z (I S) (x v8) (z (I B) (x (K z)) z)) (K B z (v18 B K v26)))
I (v8 v9) (I (z S)) (K (B S)) S (B (I z K)) (x (S (S z x K x) v1 (z I)) (x z (I S) (x v8) (z (I B) (x (K z)) z)) (K B z (v18 B K v26)))
v8 v9 (I (z S)) (K (B S)) S (B (I z K)) (x (S (S z x K x) v1 (z I)) (x z (I S) (x v8) (z (I B) (x (K z)) z)) (K B z (v18 B K v26)))
v8 v9 (z S) (K (B S)) S (B (I z K)) (x (S (S z x K x) v1 (z I)) (x z (I S) (x v8) (z (I B) (x (K z)) z)) (K B z (v18 B K v26)))
v8 v9 (z S) (K (B S)) S (B (z K)) (x (S (S z x K x) v1 (z I)) (x z (I S) (x v8) (z (I B) (x (K z)) z)) (K B z (v18 B K v26)))
v8 v9 (z S) (K (B S)) S (B (z K)) (x (S z x K x (z I) (v1 (z I))) (x z (I S) (x v8) (z (I B) (x (K z)) z)) (K B z (v18 B K v26)))
v8 v9 (z S) (K (B S)) S (B (z K)) (x (z K (x K) x (z I) (v1 (z I))) (x z (I S) (x v8) (z (I B) (x (K z)) z)) (K B z (v18 B K v26)))
v8 v9 (z S) (K (B S)) S (B (z K)) (x (z K (x K) x (z I) (v1 (z I))) (x z S (x v8) (z (I B) (x (K z)) z)) (K B z (v18 B K v26)))
v8 v9 (z S) (K (B S)) S (B (z K)) (x (z K (x K) x (z I) (v1 (z I))) (x z S (x v8) (z B (x (K z)) z)) (K B z (v18 B K v26)))
v8 v9 (z S) (K (B S)) S (B (z K)) (x (z K (x K) x (z I) (v1 (z I))) (x z S (x v8) (z B (x (K z)) z)) (B (v18 B K v26)))
v5 x (S (z (B (B K))) (S x B)) (I v2 (x x z) I (K x)) B (x B (S (S (x B (z K)) v6 (x I) v19)))
v5 x (S (z (B (B K))) (S x B)) (v2 (x x z) I (K x)) B (x B (S (S (x B (z K)) v6 (x I) v19)))
v5 x (S (z (B (B K))) (S x B)) (v2 (x x z) I (K x)) B (x B (S (x B (z K) (x I) (v6 (x I)) v19)))
x (x (v19 (x S)))
B
z S I (S I) (I (B (K v17 B) (z (z v1)) S)) x (v23 (K (z (z K)) (v27 x B) z (v23 (S (S B)) (B (I I x) v3 I (K (v10 x) (x (z (B v20 (z B))))) S)) (S (B z x))))
z S I (S I) (B (K v17 B) (z (z v1)) S) x (v23 (K (z (z K)) (v27 x B) z (v23 (S (S B)) (B (I I x) v3 I (K (v10 x) (x (z (B v20 (z B))))) S)) (S (B z x))))
z S I (S I) (K v17 B (z (z v1) S)) x (v23 (K (z (z K)) (v27 x B) z (v23 (S (S B)) (B (I I x) v3 I (K (v10 x) (x (z (B v20 (z B))))) S)) (S (B z x))))
z S I (S I) (v17 (z (z v1) S)) x (v23 (K (z (z K)) (v27 x B) z (v23 (S (S B)) (B (I I x) v3 I (K (v10 x) (x (z (B v20 (z B))))) S)) (S (B z x))))
z S I (S I) (v17 (z (z v1) S)) x (v23 (z (z K) z (v23 (S (S B)) (B (I I x) v3 I (K (v10 x) (x (z (B v20 (z B))))) S)) (S (B z x))))
z S I (S I) (v17 (z (z v1) S)) x (v23 (z (z K) z (v23 (S (S B)) (I I x (v3 I) (K (v10 x) (x (z (B v20 (z B))))) S)) (S (B z x))))
z S I (S I) (v17 (z (z v1) S)) x (v23 (z (z K) z (v23 (S (S B)) (I x (v3 I) (K (v10 x) (x (z (B v20 (z B))))) S)) (S (B z x))))
z S I (S I) (v17 (z (z v1) S)) x (v23 (z (z K) z (v23 (S (S B)) (x (v3 I) (K (v10 x) (x (z (B v20 (z B))))) S)) (S (B z x))))
z S I (S I) (v17 (z (z v1) S)) x (v23 (z (z K) z (v23 (S (S B)) (x (v3 I) (v10 x) S)) (S (B z x))))
B (v2 (x (v7 I)) (K (I K v11) S I) (z K z)) x (z v3 S (x (x z (I v23 B)) (z (K (v10 I (I x)) (B I)) v23)))
v2 (x (v7 I)) (K (I K v11) S I) (z K z) (x (z v3 S (x (x z (I v23 B)) (z (K (v10 I (I x)) (B I)) v23))))
v2 (x (v7 I)) (I K v11 I) (z K z) (x (z v3 S (x (x z (I v23 B)) (z (K (v10 I (I x)) (B I)) v23))))
v2 (x (v7 I)) (K v11 I) (z K z) (x (z v3 S (x (x z (I v23 B)) (z (K (v10 I (I x)) (B I)) v23))))
v2 (x (v7 I)) v11 (z K z) (x (z v3 S (x (x z (I v23 B)) (z (K (v10 I (I x)) (B I)) v23))))
v2 (x (v7 I)) v11 (z K z) (x (z v3 S (x (x z (v23 B)) (z (K (v10 I (I x)) (B I)) v23))))
v2 (x (v7 I)) v11 (z K z) (x (z v3 S (x (x z (v23 B)) (z (v10 I (I x)) v23))))
v2 (x (v7 I)) v11 (z K z) (x (z v3 S (x (x z (v23 B)) (z (v10 I x) v23))))
z (B (I I) (S I x)) S (v10 (I (x v20) x z (B I) (B z))) (z S z (S x (v10 B I)) (x (x I z)) (z S))
z (B I (S I x)) S (v10 (I (x v20) x z (B I) (B z))) (z S z (S x (v10 B I)) (x (x I z)) (z S))
z (B I (S I x)) S (v10 (x v20 x z (B I) (B z))) (z S z (S x (v10 B I)) (x (x I z)) (z S))
S (x x) z (I (I I (v19 B (v10 (S (v26 B)) v18 B) K) (S B K)))
x x (I (I I (v19 B (v10 (S (v26 B)) v18 B) K) (S B K))) (z (I (I I (v19 B (v10 (S (v26 B)) v18 B) K) (S B K))))
x x (I I (v19 B (v10 (S (v26 B)) v18 B) K) (S B K)) (z (I (I I (v19 B (v10 (S (v26 B)) v18 B) K) (S B K))))
x x (I (v19 B (v10 (S (v26 B)) v18 B) K) (S B K)) (z (I (I I (v19 B (v10 (S (v26 B)) v18 B) K) (S B K))))
x x (v19 B (v10 (S (v26 B)) v18 B) K (S B K)) (z (I (I I (v19 B (v10 (S (v26 B)) v18 B) K) (S B K))))
x x (v19 B (v10 (S (v26 B)) v18 B) K (S B K)) (z (I I (v19 B (v10 (S (v26 B)) v18 B) K) (S B K)))
x x (v19 B (v10 (S (v26 B)) v18 B) K (S B K)) (z (I (v19 B (v10 (S (v26 B)) v18 B) K) (S B K)))
x x (v19 B (v10 (S (v26 B)) v18 B) K (S B K)) (z (v19 B (v10 (S (v26 B)) v18 B) K (S B K)))
z K
v24 (I (K z))
v24 (K z)
