I (v27 (x (x (x (K z)) B))) (S K x z (B x)) (x (v25 (K v29)) I) (z (B v21 (v3 I K (S (x z) I)) (S z)))
v27 (x (x (x (K z)) B)) (S K x z (B x)) (x (v25 (K v29)) I) (z (B v21 (v3 I K (S (x z) I)) (S z)))
v27 (x (x (x (K z)) B)) (K z (x z) (B x)) (x (v25 (K v29)) I) (z (B v21 (v3 I K (S (x z) I)) (S z)))
v27 (x (x (x (K z)) B)) (z (B x)) (x (v25 (K v29)) I) (z (B v21 (v3 I K (S (x z) I)) (S z)))
v27 (x (x (x (K z)) B)) (z (B x)) (x (v25 (K v29)) I) (z (v21 (v3 I K (S (x z) I) (S z))))
x (z (v7 (S (v7 x)) (S (I S)) K)) (z (S (z I) (S (K (K (S (I (I (v9 I))))))))) (I B (K z) (x (B K) I) (z z K) (K (z K (K S)) S v8) S)
x (z (v7 (S (v7 x)) (S S) K)) (z (S (z I) (S (K (K (S (I (I (v9 I))))))))) (I B (K z) (x (B K) I) (z z K) (K (z K (K S)) S v8) S)
x (z (v7 (S (v7 x)) (S S) K)) (z (S (z I) (S (K (K (S (I (v9 I)))))))) (I B (K z) (x (B K) I) (z z K) (K (z K (K S)) S v8) S)
x (z (v7 (S (v7 x)) (S S) K)) (z (S (z I) (S (K (K (S (v9 I))))))) (I B (K z) (x (B K) I) (z z K) (K (z K (K S)) S v8) S)
x (z (v7 (S (v7 x)) (S S) K)) (z (S (z I) (S (K (K (S (v9 I))))))) (B (K z) (x (B K) I) (z z K) (K (z K (K S)) S v8) S)
x (z (v7 (S (v7 x)) (S S) K)) (z (S (z I) (S (K (K (S (v9 I))))))) (K z (x (B K) I (z z K)) (K (z K (K S)) S v8) S)
x (z (v7 (S (v7 x)) (S S) K)) (z (S (z I) (S (K (K (S (v9 I))))))) (z (K (z K (K S)) S v8) S)
x (z (v7 (S (v7 x)) (S S) K)) (z (S (z I) (S (K (K (S (v9 I))))))) (z (z K (K S) v8) S)
z v26 S (B v17) (K (K K) (B v17) v0 (K K S) v15)
z v26 S (B v17) (K K v0 (K K S) v15)
z v26 S (B v17) (K (K K S) v15)
z v26 S (B v17) (K K S)
z v26 S (B v17) K
B (v23 x)
x (K S) z (K S (K (B K)) I) I (z S (v7 (x (K x)))) (x x (I (B (z I v8 (x (S x (S v22 K))))) x B B z)) I (z (S (K (S S) z) (v27 (z z K)) (z x K S (z (S (S z) (x (K B)))) (S (v29 I))) (x (x z))) (z (I (S (B x x B))) B (v28 v25 (S I) (v30 (I S z) K) (x z (I (x K B)))) x))
x (K S) z (S I) I (z S (v7 (x (K x)))) (x x (I (B (z I v8 (x (S x (S v22 K))))) x B B z)) I (z (S (K (S S) z) (v27 (z z K)) (z x K S (z (S (S z) (x (K B)))) (S (v29 I))) (x (x z))) (z (I (S (B x x B))) B (v28 v25 (S I) (v30 (I S z) K) (x z (I (x K B)))) x))
x (K S) z (S I) I (z S (v7 (x (K x)))) (x x (B (z I v8 (x (S x (S v22 K)))) x B B z)) I (z (S (K (S S) z) (v27 (z z K)) (z x K S (z (S (S z) (x (K B)))) (S (v29 I))) (x (x z))) (z (I (S (B x x B))) B (v28 v25 (S I) (v30 (I S z) K) (x z (I (x K B)))) x))
x (K S) z (S I) I (z S (v7 (x (K x)))) (x x (z I v8 (x (S x (S v22 K))) (x B) B z)) I (z (S (K (S S) z) (v27 (z z K)) (z x K S (z (S (S z) (x (K B)))) (S (v29 I))) (x (x z))) (z (I (S (B x x B))) B (v28 v25 (S I) (v30 (I S z) K) (x z (I (x K B)))) x))
x (K S) z (S I) I (z S (v7 (x (K x)))) (x x (z I v8 (x (S x (S v22 K))) (x B) B z)) I (z (K (S S) z (z x K S (z (S (S z) (x (K B)))) (S (v29 I))) (v27 (z z K) (z x K S (z (S (S z) (x (K B)))) (S (v29 I)))) (x (x z))) (z (I (S (B x x B))) B (v28 v25 (S I) (v30 (I S z) K) (x z (I (x K B)))) x))
x (K S) z (S I) I (z S (v7 (x (K x)))) (x x (z I v8 (x (S x (S v22 K))) (x B) B z)) I (z (S S (z x K S (z (S (S z) (x (K B)))) (S (v29 I))) (v27 (z z K) (z x K S (z (S (S z) (x (K B)))) (S (v29 I)))) (x (x z))) (z (I (S (B x x B))) B (v28 v25 (S I) (v30 (I S z) K) (x z (I (x K B)))) x))
x (K S) z (S I) I (z S (v7 (x (K x)))) (x x (z I v8 (x (S x (S v22 K))) (x B) B z)) I (z (S (v27 (z z K) (z x K S (z (S (S z) (x (K B)))) (S (v29 I)))) (z x K S (z (S (S z) (x (K B)))) (S (v29 I)) (v27 (z z K) (z x K S (z (S (S z) (x (K B)))) (S (v29 I))))) (x (x z))) (z (I (S (B x x B))) B (v28 v25 (S I) (v30 (I S z) K) (x z (I (x K B)))) x))
x (K S) z (S I) I (z S (v7 (x (K x)))) (x x (z I v8 (x (S x (S v22 K))) (x B) B z)) I (z (v27 (z z K) (z x K S (z (S (S z) (x (K B)))) (S (v29 I))) (x (x z)) (z x K S (z (S (S z) (x (K B)))) (S (v29 I)) (v27 (z z K) (z x K S (z (S (S z) (x (K B)))) (S (v29 I)))) (x (x z)))) (z (I (S (B x x B))) B (v28 v25 (S I) (v30 (I S z) K) (x z (I (x K B)))) x))
x (K S) z (S I) I (z S (v7 (x (K x)))) (x x (z I v8 (x (S x (S v22 K))) (x B) B z)) I (z (v27 (z z K) (z x K S (z (S (S z) (x (K B)))) (S (v29 I))) (x (x z)) (z x K S (z (S (S z) (x (K B)))) (S (v29 I)) (v27 (z z K) (z x K S (z (S (S z) (x (K B)))) (S (v29 I)))) (x (x z)))) (z (S (B x x B)) B (v28 v25 (S I) (v30 (I S z) K) (x z (I (x K B)))) x))
x (K S) z (S I) I (z S (v7 (x (K x)))) (x x (z I v8 (x (S x (S v22 K))) (x B) B z)) I (z (v27 (z z K) (z x K S (z (S (S z) (x (K B)))) (S (v29 I))) (x (x z)) (z x K S (z (S (S z) (x (K B)))) (S (v29 I)) (v27 (z z K) (z x K S (z (S (S z) (x (K B)))) (S (v29 I)))) (x (x z)))) (z (S (x (x B))) B (v28 v25 (S I) (v30 (I S z) K) (x z (I (x K B)))) x))
x (K S) z (S I) I (z S (v7 (x (K x)))) (x x (z I v8 (x (S x (S v22 K))) (x B) B z)) I (z (v27 (z z K) (z x K S (z (S (S z) (x (K B)))) (S (v29 I))) (x (x z)) (z x K S (z (S (S z) (x (K B)))) (S (v29 I)) (v27 (z z K) (z x K S (z (S (S z) (x (K B)))) (S (v29 I)))) (x (x z)))) (z (S (x (x B))) B (v28 v25 (S I) (v30 (S z) K) (x z (I (x K B)))) x))
x (K S) z (S I) I (z S (v7 (x (K x)))) (x x (z I v8 (x (S x (S v22 K))) (x B) B z)) I (z (v27 (z z K) (z x K S (z (S (S z) (x (K B)))) (S (v29 I))) (x (x z)) (z x K S (z (S (S z) (x (K B)))) (S (v29 I)) (v27 (z z K) (z x K S (z (S (S z) (x (K B)))) (S (v29 I)))) (x (x z)))) (z (S (x (x B))) B (v28 v25 (S I) (v30 (S z) K) (x z (x K B))) x))
K (x z S (S I) v2 z (v13 S) (z (B (S z)) v12 B)) S (K (B (B v22 (I (v12 (S (z S))) z))) (I (x x) (z I K (z (I K)))))
x z S (S I) v2 z (v13 S) (z (B (S z)) v12 B) (K (B (B v22 (I (v12 (S (z S))) z))) (I (x x) (z I K (z (I K)))))
x z S (S I) v2 z (v13 S) (z (B (S z)) v12 B) (B (B v22 (I (v12 (S (z S))) z)))
x z S (S I) v2 z (v13 S) (z (B (S z)) v12 B) (B (B v22 (v12 (S (z S)) z)))
S v1
B (S I B) (v19 S K) (I (B K) (x K)) I B
S I B (v19 S K (I (B K) (x K))) I B
I (v19 S K (I (B K) (x K))) (B (v19 S K (I (B K) (x K)))) I B
v19 S K (I (B K) (x K)) (B (v19 S K (I (B K) (x K)))) I B
v19 S K (B K (x K)) (B (v19 S K (I (B K) (x K)))) I B
v19 S K (B K (x K)) (B (v19 S K (B K (x K)))) I B
K (v19 K (x S) (I v2 (I I)) K (I (x S K)) (I (S z) (I x))) (B x (I (x (x (z I B)) S)) (S (S (x (x (I B (z v8)))))) (v1 B (x B)) (S v8 (x (S (x (v21 K)))) (B S z K) (S (z B (S z v10) v14)) z))
v19 K (x S) (I v2 (I I)) K (I (x S K)) (I (S z) (I x))
v19 K (x S) (v2 (I I)) K (I (x S K)) (I (S z) (I x))
v19 K (x S) (v2 I) K (I (x S K)) (I (S z) (I x))
v19 K (x S) (v2 I) K (x S K) (I (S z) (I x))
v19 K (x S) (v2 I) K (x S K) (S z (I x))
v19 K (x S) (v2 I) K (x S K) (S z x)
z (x K (S B) z (S S z B z) (S (B K S x)) z) z (z v17 (S K I) (B (x I K (B z (z x (B (K I v13))) v26) (B v11 (S I B) (I (K K)) S S) B)))
z (x K (S B) z (S B (z B) z) (S (B K S x)) z) z (z v17 (S K I) (B (x I K (B z (z x (B (K I v13))) v26) (B v11 (S I B) (I (K K)) S S) B)))
z (x K (S B) z (B z (z B z)) (S (B K S x)) z) z (z v17 (S K I) (B (x I K (B z (z x (B (K I v13))) v26) (B v11 (S I B) (I (K K)) S S) B)))
z (x K (S B) z (B z (z B z)) (S (K (S x))) z) z (z v17 (S K I) (B (x I K (B z (z x (B (K I v13))) v26) (B v11 (S I B) (I (K K)) S S) B)))
z (x K (S B) z (B z (z B z)) (S (K (S x))) z) z (z v17 (S K I) (B (x I K (z (z x (B (K I v13)) v26)) (B v11 (S I B) (I (K K)) S S) B)))
z (x K (S B) z (B z (z B z)) (S (K (S x))) z) z (z v17 (S K I) (B (x I K (z (z x (B I) v26)) (B v11 (S I B) (I (K K)) S S) B)))
z (x K (S B) z (B z (z B z)) (S (K (S x))) z) z (z v17 (S K I) (B (x I K (z (z x (B I) v26)) (v11 (S I B (I (K K))) S S) B)))
z (x K (S B) z (B z (z B z)) (S (K (S x))) z) z (z v17 (S K I) (B (x I K (z (z x (B I) v26)) (v11 (I (I (K K)) (B (I (K K)))) S S) B)))
z (x K (S B) z (B z (z B z)) (S (K (S x))) z) z (z v17 (S K I) (B (x I K (z (z x (B I) v26)) (v11 (I (K K) (B (I (K K)))) S S) B)))
z (x K (S B) z (B z (z B z)) (S (K (S x))) z) z (z v17 (S K I) (B (x I K (z (z x (B I) v26)) (v11 (K K (B (I (K K)))) S S) B)))
z (x K (S B) z (B z (z B z)) (S (K (S x))) z) z (z v17 (S K I) (B (x I K (z (z x (B I) v26)) (v11 K S S) B)))
