I I
I
K (S (I (v1 (z (B S) (B (x (K v10) S) S)))) (K (x (B S K K B) x)))
K (S (v1 (z (B S) (B (x (K v10) S) S))) (K (x (B S K K B) x)))
K (S (v1 (z (B S) (B (x (K v10) S) S))) (K (x (S (K K) B) x)))
z (I (K (K (I z B (S (S (K x (v13 (x z x))) v5)) z)))) (x (x I) (z K (x (z z (z x (K (B (B z))))))) I (x (S B I)))
z (K (K (I z B (S (S (K x (v13 (x z x))) v5)) z))) (x (x I) (z K (x (z z (z x (K (B (B z))))))) I (x (S B I)))
z (K (K (z B (S (S (K x (v13 (x z x))) v5)) z))) (x (x I) (z K (x (z z (z x (K (B (B z))))))) I (x (S B I)))
z (K (K (z B (S (S x v5)) z))) (x (x I) (z K (x (z z (z x (K (B (B z))))))) I (x (S B I)))
x (x v14) I K (z (I (K S) (v22 S B) I)) (B B I)
x (x v14) I K (z (K S (v22 S B) I)) (B B I)
x (x v14) I K (z (S I)) (B B I)
x
x K v9
B S v8 (v19 (S (v30 K) K)) x (x (B (I x S K x (z (v16 K)) (v29 S S)) I (B B)))
S (v8 (v19 (S (v30 K) K))) x (x (B (I x S K x (z (v16 K)) (v29 S S)) I (B B)))
v8 (v19 (S (v30 K) K)) (x (B (I x S K x (z (v16 K)) (v29 S S)) I (B B))) (x (x (B (I x S K x (z (v16 K)) (v29 S S)) I (B B))))
v8 (v19 (S (v30 K) K)) (x (I x S K x (z (v16 K)) (v29 S S) (I (B B)))) (x (x (B (I x S K x (z (v16 K)) (v29 S S)) I (B B))))
v8 (v19 (S (v30 K) K)) (x (x S K x (z (v16 K)) (v29 S S) (I (B B)))) (x (x (B (I x S K x (z (v16 K)) (v29 S S)) I (B B))))
v8 (v19 (S (v30 K) K)) (x (x S K x (z (v16 K)) (v29 S S) (B B))) (x (x (B (I x S K x (z (v16 K)) (v29 S S)) I (B B))))
v8 (v19 (S (v30 K) K)) (x (x S K x (z (v16 K)) (v29 S S) (B B))) (x (x (I x S K x (z (v16 K)) (v29 S S) (I (B B)))))
v8 (v19 (S (v30 K) K)) (x (x S K x (z (v16 K)) (v29 S S) (B B))) (x (x (x S K x (z (v16 K)) (v29 S S) (I (B B)))))
v8 (v19 (S (v30 K) K)) (x (x S K x (z (v16 K)) (v29 S S) (B B))) (x (x (x S K x (z (v16 K)) (v29 S S) (B B))))
S z (x x (z K)) (I B (K B (I K)) S v14)
z (I B (K B (I K)) S v14) (x x (z K) (I B (K B (I K)) S v14))
z (B (K B (I K)) S v14) (x x (z K) (I B (K B (I K)) S v14))
z (K B (I K) (S v14)) (x x (z K) (I B (K B (I K)) S v14))
z (B (S v14)) (x x (z K) (I B (K B (I K)) S v14))
z (B (S v14)) (x x (z K) (B (K B (I K)) S v14))
z (B (S v14)) (x x (z K) (K B (I K) (S v14)))
z (B (S v14)) (x x (z K) (B (S v14)))
B x z
K (I (x x) (I B) B z B)
K (x x (I B) B z B)
K (x x B B z B)
