K
x
B (z (S x) (x K)) (x x (I (I K S (I (z S x (K S)))))) (x (z B z) B v10 (z S K (K K)) (B S)) (S (v30 (x I K)) z) (x (I B (x x)) (z I I (I v9) I I (B K z)) (z I (z (v17 K)) S (S x) S))
z (S x) (x K) (x x (I (I K S (I (z S x (K S))))) (x (z B z) B v10 (z S K (K K)) (B S))) (S (v30 (x I K)) z) (x (I B (x x)) (z I I (I v9) I I (B K z)) (z I (z (v17 K)) S (S x) S))
z (S x) (x K) (x x (I K S (I (z S x (K S)))) (x (z B z) B v10 (z S K (K K)) (B S))) (S (v30 (x I K)) z) (x (I B (x x)) (z I I (I v9) I I (B K z)) (z I (z (v17 K)) S (S x) S))
z (S x) (x K) (x x (K S (I (z S x (K S)))) (x (z B z) B v10 (z S K (K K)) (B S))) (S (v30 (x I K)) z) (x (I B (x x)) (z I I (I v9) I I (B K z)) (z I (z (v17 K)) S (S x) S))
z (S x) (x K) (x x S (x (z B z) B v10 (z S K (K K)) (B S))) (S (v30 (x I K)) z) (x (I B (x x)) (z I I (I v9) I I (B K z)) (z I (z (v17 K)) S (S x) S))
z (S x) (x K) (x x S (x (z B z) B v10 (z S K (K K)) (B S))) (S (v30 (x I K)) z) (x (B (x x)) (z I I (I v9) I I (B K z)) (z I (z (v17 K)) S (S x) S))
z (S x) (x K) (x x S (x (z B z) B v10 (z S K (K K)) (B S))) (S (v30 (x I K)) z) (x (B (x x)) (z I I v9 I I (B K z)) (z I (z (v17 K)) S (S x) S))
S
I (x (B (x (B x) (B (S (S (K z))))) B) K (x z z) I)
x (B (x (B x) (B (S (S (K z))))) B) K (x z z) I
K
K (K (S (I S) (z K B))) (I x B)
K (S (I S) (z K B))
K (S S (z K B))
B I (I (x B) v13) (B (z K))
I (I (x B) v13 (B (z K)))
I (x B) v13 (B (z K))
x B v13 (B (z K))
B
I
