I (x I (I v24 (I (x I K B (v1 v23) v29)))) (K (v29 (K z K)) B z (x (v23 x) (B S) K (v27 (I B z) S)))
x I (I v24 (I (x I K B (v1 v23) v29))) (K (v29 (K z K)) B z (x (v23 x) (B S) K (v27 (I B z) S)))
x I (v24 (I (x I K B (v1 v23) v29))) (K (v29 (K z K)) B z (x (v23 x) (B S) K (v27 (I B z) S)))
x I (v24 (x I K B (v1 v23) v29)) (K (v29 (K z K)) B z (x (v23 x) (B S) K (v27 (I B z) S)))
x I (v24 (x I K B (v1 v23) v29)) (v29 (K z K) z (x (v23 x) (B S) K (v27 (I B z) S)))
x I (v24 (x I K B (v1 v23) v29)) (v29 z z (x (v23 x) (B S) K (v27 (I B z) S)))
x I (v24 (x I K B (v1 v23) v29)) (v29 z z (x (v23 x) (B S) K (v27 (B z) S)))
x (x (K z (x x) (v0 v11) (K (B z)) (I (K (S x)))) (x z (K B I))) (K z z (I (B (x x))) S) B (v22 (z (x (K z) (x K)) z) (v6 (x S) (K (x x) (K (B (x v8 v24 (S S B) (S z (z v14)) v25))))))
x (x (z (v0 v11) (K (B z)) (I (K (S x)))) (x z (K B I))) (K z z (I (B (x x))) S) B (v22 (z (x (K z) (x K)) z) (v6 (x S) (K (x x) (K (B (x v8 v24 (S S B) (S z (z v14)) v25))))))
x (x (z (v0 v11) (K (B z)) (K (S x))) (x z (K B I))) (K z z (I (B (x x))) S) B (v22 (z (x (K z) (x K)) z) (v6 (x S) (K (x x) (K (B (x v8 v24 (S S B) (S z (z v14)) v25))))))
x (x (z (v0 v11) (K (B z)) (K (S x))) (x z B)) (K z z (I (B (x x))) S) B (v22 (z (x (K z) (x K)) z) (v6 (x S) (K (x x) (K (B (x v8 v24 (S S B) (S z (z v14)) v25))))))
x (x (z (v0 v11) (K (B z)) (K (S x))) (x z B)) (z (I (B (x x))) S) B (v22 (z (x (K z) (x K)) z) (v6 (x S) (K (x x) (K (B (x v8 v24 (S S B) (S z (z v14)) v25))))))
x (x (z (v0 v11) (K (B z)) (K (S x))) (x z B)) (z (B (x x)) S) B (v22 (z (x (K z) (x K)) z) (v6 (x S) (K (x x) (K (B (x v8 v24 (S S B) (S z (z v14)) v25))))))
x (x (z (v0 v11) (K (B z)) (K (S x))) (x z B)) (z (B (x x)) S) B (v22 (z (x (K z) (x K)) z) (v6 (x S) (x x)))
K
z (z (K (v29 I)) x z x (K v7) x K) (S x (I v15 (S z (S (B (I (v11 (K K))))) S (K z x))) (B (x (x (I x)))))
z (z (K (v29 I)) x z x (K v7) x K) (x (B (x (x (I x)))) (I v15 (S z (S (B (I (v11 (K K))))) S (K z x)) (B (x (x (I x))))))
z (z (K (v29 I)) x z x (K v7) x K) (x (B (x (x x))) (I v15 (S z (S (B (I (v11 (K K))))) S (K z x)) (B (x (x (I x))))))
z (z (K (v29 I)) x z x (K v7) x K) (x (B (x (x x))) (v15 (S z (S (B (I (v11 (K K))))) S (K z x)) (B (x (x (I x))))))
z (z (K (v29 I)) x z x (K v7) x K) (x (B (x (x x))) (v15 (z S (S (B (I (v11 (K K)))) S) (K z x)) (B (x (x (I x))))))
z (z (K (v29 I)) x z x (K v7) x K) (x (B (x (x x))) (v15 (z S (S (B (v11 (K K))) S) (K z x)) (B (x (x (I x))))))
z (z (K (v29 I)) x z x (K v7) x K) (x (B (x (x x))) (v15 (z S (S (B (v11 (K K))) S) z) (B (x (x (I x))))))
z (z (K (v29 I)) x z x (K v7) x K) (x (B (x (x x))) (v15 (z S (S (B (v11 (K K))) S) z) (B (x (x x)))))
I (S (I v21) (S (S v13 v25) (S S)) (B (K (S (B x))) B)) (z x) (B (K S)) (S K z (x (x B I B (v28 S) K) (K (z B))) z (v10 (x (I (K (z z) (x z (I (v0 v26 (K x)))))))))
S (I v21) (S (S v13 v25) (S S)) (B (K (S (B x))) B) (z x) (B (K S)) (S K z (x (x B I B (v28 S) K) (K (z B))) z (v10 (x (I (K (z z) (x z (I (v0 v26 (K x)))))))))
I v21 (B (K (S (B x))) B) (S (S v13 v25) (S S) (B (K (S (B x))) B)) (z x) (B (K S)) (S K z (x (x B I B (v28 S) K) (K (z B))) z (v10 (x (I (K (z z) (x z (I (v0 v26 (K x)))))))))
v21 (B (K (S (B x))) B) (S (S v13 v25) (S S) (B (K (S (B x))) B)) (z x) (B (K S)) (S K z (x (x B I B (v28 S) K) (K (z B))) z (v10 (x (I (K (z z) (x z (I (v0 v26 (K x)))))))))
v21 (B (K (S (B x))) B) (S v13 v25 (B (K (S (B x))) B) (S S (B (K (S (B x))) B))) (z x) (B (K S)) (S K z (x (x B I B (v28 S) K) (K (z B))) z (v10 (x (I (K (z z) (x z (I (v0 v26 (K x)))))))))
v21 (B (K (S (B x))) B) (v13 (B (K (S (B x))) B) (v25 (B (K (S (B x))) B)) (S S (B (K (S (B x))) B))) (z x) (B (K S)) (S K z (x (x B I B (v28 S) K) (K (z B))) z (v10 (x (I (K (z z) (x z (I (v0 v26 (K x)))))))))
v21 (B (K (S (B x))) B) (v13 (B (K (S (B x))) B) (v25 (B (K (S (B x))) B)) (S S (B (K (S (B x))) B))) (z x) (B (K S)) (K (x (x B I B (v28 S) K) (K (z B))) (z (x (x B I B (v28 S) K) (K (z B)))) z (v10 (x (I (K (z z) (x z (I (v0 v26 (K x)))))))))
v21 (B (K (S (B x))) B) (v13 (B (K (S (B x))) B) (v25 (B (K (S (B x))) B)) (S S (B (K (S (B x))) B))) (z x) (B (K S)) (x (x B I B (v28 S) K) (K (z B)) z (v10 (x (I (K (z z) (x z (I (v0 v26 (K x)))))))))
v21 (B (K (S (B x))) B) (v13 (B (K (S (B x))) B) (v25 (B (K (S (B x))) B)) (S S (B (K (S (B x))) B))) (z x) (B (K S)) (x (x B I B (v28 S) K) (K (z B)) z (v10 (x (K (z z) (x z (I (v0 v26 (K x))))))))
v21 (B (K (S (B x))) B) (v13 (B (K (S (B x))) B) (v25 (B (K (S (B x))) B)) (S S (B (K (S (B x))) B))) (z x) (B (K S)) (x (x B I B (v28 S) K) (K (z B)) z (v10 (x (z z))))
v18 (I (K B)) (B (B (I z K) (v21 B (I x))))
v18 (K B) (B (B (I z K) (v21 B (I x))))
v18 (K B) (B (B (z K) (v21 B (I x))))
v18 (K B) (B (B (z K) (v21 B x)))
K (x (I v9 v7) (x (x (z B)) (I S (v13 x S) (K (K z K)) (z K) v12) (I S S) B))
K (x (v9 v7) (x (x (z B)) (I S (v13 x S) (K (K z K)) (z K) v12) (I S S) B))
K (x (v9 v7) (x (x (z B)) (S (v13 x S) (K (K z K)) (z K) v12) (I S S) B))
K (x (v9 v7) (x (x (z B)) (v13 x S (z K) (K (K z K) (z K)) v12) (I S S) B))
K (x (v9 v7) (x (x (z B)) (v13 x S (z K) (K z K) v12) (I S S) B))
K (x (v9 v7) (x (x (z B)) (v13 x S (z K) z v12) (I S S) B))
K (x (v9 v7) (x (x (z B)) (v13 x S (z K) z v12) (S S) B))
x
v9
v4 B (I x (v28 x z x)) S (x z) (B (K x (x z)) (S (K I (S (B z) (x K) v5 v9))) (x (z x) S (v0 (I z) (K S) (K v17)) (K (v17 (I x) (S I) (z (K x) S) (I I)) x)) (K z (B (K (I S v28) S) (K S))))
v4 B (x (v28 x z x)) S (x z) (B (K x (x z)) (S (K I (S (B z) (x K) v5 v9))) (x (z x) S (v0 (I z) (K S) (K v17)) (K (v17 (I x) (S I) (z (K x) S) (I I)) x)) (K z (B (K (I S v28) S) (K S))))
v4 B (x (v28 x z x)) S (x z) (K x (x z) (S (K I (S (B z) (x K) v5 v9)) (x (z x) S (v0 (I z) (K S) (K v17)) (K (v17 (I x) (S I) (z (K x) S) (I I)) x))) (K z (B (K (I S v28) S) (K S))))
v4 B (x (v28 x z x)) S (x z) (x (S (K I (S (B z) (x K) v5 v9)) (x (z x) S (v0 (I z) (K S) (K v17)) (K (v17 (I x) (S I) (z (K x) S) (I I)) x))) (K z (B (K (I S v28) S) (K S))))
v4 B (x (v28 x z x)) S (x z) (x (S I (x (z x) S (v0 (I z) (K S) (K v17)) (K (v17 (I x) (S I) (z (K x) S) (I I)) x))) (K z (B (K (I S v28) S) (K S))))
v4 B (x (v28 x z x)) S (x z) (x (S I (x (z x) S (v0 z (K S) (K v17)) (K (v17 (I x) (S I) (z (K x) S) (I I)) x))) (K z (B (K (I S v28) S) (K S))))
v4 B (x (v28 x z x)) S (x z) (x (S I (x (z x) S (v0 z (K S) (K v17)) (v17 (I x) (S I) (z (K x) S) (I I)))) (K z (B (K (I S v28) S) (K S))))
v4 B (x (v28 x z x)) S (x z) (x (S I (x (z x) S (v0 z (K S) (K v17)) (v17 x (S I) (z (K x) S) (I I)))) (K z (B (K (I S v28) S) (K S))))
v4 B (x (v28 x z x)) S (x z) (x (S I (x (z x) S (v0 z (K S) (K v17)) (v17 x (S I) (z (K x) S) I))) (K z (B (K (I S v28) S) (K S))))
v4 B (x (v28 x z x)) S (x z) (x (S I (x (z x) S (v0 z (K S) (K v17)) (v17 x (S I) (z (K x) S) I))) z)
