S I B
v21 I (x (B S (v5 (S S) (S v16 x))) (B (S (B I) v13) v28 B) (v18 (B B K B (v11 I (B v28) x) (B (S z)) (S S))))
v21 I (x (B S (v5 (S S) (S v16 x))) (S (B I) v13 (v28 B)) (v18 (B B K B (v11 I (B v28) x) (B (S z)) (S S))))
v21 I (x (B S (v5 (S S) (S v16 x))) (B I (v28 B) (v13 (v28 B))) (v18 (B B K B (v11 I (B v28) x) (B (S z)) (S S))))
v21 I (x (B S (v5 (S S) (S v16 x))) (I (v28 B (v13 (v28 B)))) (v18 (B B K B (v11 I (B v28) x) (B (S z)) (S S))))
v21 I (x (B S (v5 (S S) (S v16 x))) (v28 B (v13 (v28 B))) (v18 (B B K B (v11 I (B v28) x) (B (S z)) (S S))))
v21 I (x (B S (v5 (S S) (S v16 x))) (v28 B (v13 (v28 B))) (v18 (B (K B) (v11 I (B v28) x) (B (S z)) (S S))))
v21 I (x (B S (v5 (S S) (S v16 x))) (v28 B (v13 (v28 B))) (v18 (K B (v11 I (B v28) x (B (S z))) (S S))))
v21 I (x (B S (v5 (S S) (S v16 x))) (v28 B (v13 (v28 B))) (v18 (B (S S))))
K
z x (K (K x (x K B))) (v10 (x (K z)) (K (S (S z)) K (B K K) B (z S)) (v2 (z (I (K S))) I) (K (S I) S v5)) (v14 B x (v7 (I B)) (K B) (v30 S (S (B (K z (K (B I) z)) (S I z I) v28))))
z x (K x) (v10 (x (K z)) (K (S (S z)) K (B K K) B (z S)) (v2 (z (I (K S))) I) (K (S I) S v5)) (v14 B x (v7 (I B)) (K B) (v30 S (S (B (K z (K (B I) z)) (S I z I) v28))))
z x (K x) (v10 (x (K z)) (S (S z) (B K K) B (z S)) (v2 (z (I (K S))) I) (K (S I) S v5)) (v14 B x (v7 (I B)) (K B) (v30 S (S (B (K z (K (B I) z)) (S I z I) v28))))
z x (K x) (v10 (x (K z)) (S z B (B K K B) (z S)) (v2 (z (I (K S))) I) (K (S I) S v5)) (v14 B x (v7 (I B)) (K B) (v30 S (S (B (K z (K (B I) z)) (S I z I) v28))))
z x (K x) (v10 (x (K z)) (z (B K K B) (B (B K K B)) (z S)) (v2 (z (I (K S))) I) (K (S I) S v5)) (v14 B x (v7 (I B)) (K B) (v30 S (S (B (K z (K (B I) z)) (S I z I) v28))))
z x (K x) (v10 (x (K z)) (z (K (K B)) (B (B K K B)) (z S)) (v2 (z (I (K S))) I) (K (S I) S v5)) (v14 B x (v7 (I B)) (K B) (v30 S (S (B (K z (K (B I) z)) (S I z I) v28))))
z x (K x) (v10 (x (K z)) (z (K (K B)) (B (K (K B))) (z S)) (v2 (z (I (K S))) I) (K (S I) S v5)) (v14 B x (v7 (I B)) (K B) (v30 S (S (B (K z (K (B I) z)) (S I z I) v28))))
z x (K x) (v10 (x (K z)) (z (K (K B)) (B (K (K B))) (z S)) (v2 (z (K S)) I) (K (S I) S v5)) (v14 B x (v7 (I B)) (K B) (v30 S (S (B (K z (K (B I) z)) (S I z I) v28))))
z x (K x) (v10 (x (K z)) (z (K (K B)) (B (K (K B))) (z S)) (v2 (z (K S)) I) (S I v5)) (v14 B x (v7 (I B)) (K B) (v30 S (S (B (K z (K (B I) z)) (S I z I) v28))))
z x (K x) (v10 (x (K z)) (z (K (K B)) (B (K (K B))) (z S)) (v2 (z (K S)) I) (S I v5)) (v14 B x (v7 B) (K B) (v30 S (S (B (K z (K (B I) z)) (S I z I) v28))))
z x (K x) (v10 (x (K z)) (z (K (K B)) (B (K (K B))) (z S)) (v2 (z (K S)) I) (S I v5)) (v14 B x (v7 B) (K B) (v30 S (S (K z (K (B I) z) (S I z I v28)))))
z x (K x) (v10 (x (K z)) (z (K (K B)) (B (K (K B))) (z S)) (v2 (z (K S)) I) (S I v5)) (v14 B x (v7 B) (K B) (v30 S (S (z (S I z I v28)))))
z x (K x) (v10 (x (K z)) (z (K (K B)) (B (K (K B))) (z S)) (v2 (z (K S)) I) (S I v5)) (v14 B x (v7 B) (K B) (v30 S (S (z (I I (z I) v28)))))
z x (K x) (v10 (x (K z)) (z (K (K B)) (B (K (K B))) (z S)) (v2 (z (K S)) I) (S I v5)) (v14 B x (v7 B) (K B) (v30 S (S (z (I (z I) v28)))))
z x (K x) (v10 (x (K z)) (z (K (K B)) (B (K (K B))) (z S)) (v2 (z (K S)) I) (S I v5)) (v14 B x (v7 B) (K B) (v30 S (S (z (z I v28)))))
v28 (z (B K (I v13 (S K (S (v6 (z S x)) S)) S)))
v28 (z (B K (v13 (S K (S (v6 (z S x)) S)) S)))
z
z x (z (B B (I I (v0 S K) I)) (I K) (I (K (v13 (z I))))) (z (x v26) (S (B v16) (v14 (v22 (S (x S)) K)))) v12 (I (S I) (S B) x v20)
z x (z (B B (I (v0 S K) I)) (I K) (I (K (v13 (z I))))) (z (x v26) (S (B v16) (v14 (v22 (S (x S)) K)))) v12 (I (S I) (S B) x v20)
z x (z (B B (v0 S K I)) (I K) (I (K (v13 (z I))))) (z (x v26) (S (B v16) (v14 (v22 (S (x S)) K)))) v12 (I (S I) (S B) x v20)
z x (z (B B (v0 S K I)) K (I (K (v13 (z I))))) (z (x v26) (S (B v16) (v14 (v22 (S (x S)) K)))) v12 (I (S I) (S B) x v20)
z x (z (B B (v0 S K I)) K (K (v13 (z I)))) (z (x v26) (S (B v16) (v14 (v22 (S (x S)) K)))) v12 (I (S I) (S B) x v20)
z x (z (B B (v0 S K I)) K (K (v13 (z I)))) (z (x v26) (S (B v16) (v14 (v22 (S (x S)) K)))) v12 (S I (S B) x v20)
z x (z (B B (v0 S K I)) K (K (v13 (z I)))) (z (x v26) (S (B v16) (v14 (v22 (S (x S)) K)))) v12 (I x (S B x) v20)
z x (z (B B (v0 S K I)) K (K (v13 (z I)))) (z (x v26) (S (B v16) (v14 (v22 (S (x S)) K)))) v12 (x (S B x) v20)
S (I (v27 (I (S (B (v7 (z I) (v5 (B (K K))))) I (I I))) (K z)) (z x (K (z I z (K (z v19) (B B I))) (K v30 x I (K S S z) K)) v16 x))
S (v27 (I (S (B (v7 (z I) (v5 (B (K K))))) I (I I))) (K z) (z x (K (z I z (K (z v19) (B B I))) (K v30 x I (K S S z) K)) v16 x))
S (v27 (S (B (v7 (z I) (v5 (B (K K))))) I (I I)) (K z) (z x (K (z I z (K (z v19) (B B I))) (K v30 x I (K S S z) K)) v16 x))
S (v27 (B (v7 (z I) (v5 (B (K K)))) (I I) (I (I I))) (K z) (z x (K (z I z (K (z v19) (B B I))) (K v30 x I (K S S z) K)) v16 x))
S (v27 (v7 (z I) (v5 (B (K K))) (I I (I (I I)))) (K z) (z x (K (z I z (K (z v19) (B B I))) (K v30 x I (K S S z) K)) v16 x))
S (v27 (v7 (z I) (v5 (B (K K))) (I (I (I I)))) (K z) (z x (K (z I z (K (z v19) (B B I))) (K v30 x I (K S S z) K)) v16 x))
S (v27 (v7 (z I) (v5 (B (K K))) (I (I I))) (K z) (z x (K (z I z (K (z v19) (B B I))) (K v30 x I (K S S z) K)) v16 x))
S (v27 (v7 (z I) (v5 (B (K K))) (I I)) (K z) (z x (K (z I z (K (z v19) (B B I))) (K v30 x I (K S S z) K)) v16 x))
S (v27 (v7 (z I) (v5 (B (K K))) I) (K z) (z x (K (z I z (K (z v19) (B B I))) (K v30 x I (K S S z) K)) v16 x))
S (v27 (v7 (z I) (v5 (B (K K))) I) (K z) (z x (z I z (K (z v19) (B B I))) v16 x))
S (v27 (v7 (z I) (v5 (B (K K))) I) (K z) (z x (z I z (z v19)) v16 x))
S (I (S K) (v25 (B (B S (z x) v20 v7))) S B) (S (v10 I) z S I z z (K B (z (x (I (z z))) (K K I))) (x (B z I (z v16) I (S S (I (B K v1)) v1))) B (K S) x)
S (S K (v25 (B (B S (z x) v20 v7))) S B) (S (v10 I) z S I z z (K B (z (x (I (z z))) (K K I))) (x (B z I (z v16) I (S S (I (B K v1)) v1))) B (K S) x)
S (K S (v25 (B (B S (z x) v20 v7)) S) B) (S (v10 I) z S I z z (K B (z (x (I (z z))) (K K I))) (x (B z I (z v16) I (S S (I (B K v1)) v1))) B (K S) x)
S (S B) (S (v10 I) z S I z z (K B (z (x (I (z z))) (K K I))) (x (B z I (z v16) I (S S (I (B K v1)) v1))) B (K S) x)
S (S B) (v10 I S (z S) I z z (K B (z (x (I (z z))) (K K I))) (x (B z I (z v16) I (S S (I (B K v1)) v1))) B (K S) x)
S (S B) (v10 I S (z S) I z z B (x (B z I (z v16) I (S S (I (B K v1)) v1))) B (K S) x)
S (S B) (v10 I S (z S) I z z B (x (z (I (z v16)) I (S S (I (B K v1)) v1))) B (K S) x)
S (S B) (v10 I S (z S) I z z B (x (z (z v16) I (S S (I (B K v1)) v1))) B (K S) x)
S (S B) (v10 I S (z S) I z z B (x (z (z v16) I (S v1 (I (B K v1) v1)))) B (K S) x)
S (S B) (v10 I S (z S) I z z B (x (z (z v16) I (S v1 (B K v1 v1)))) B (K S) x)
S (S B) (v10 I S (z S) I z z B (x (z (z v16) I (S v1 (K (v1 v1))))) B (K S) x)
S I (v7 x (v21 (S (v24 K) (K (B z x)) x))) v25
I v25 (v7 x (v21 (S (v24 K) (K (B z x)) x)) v25)
v25 (v7 x (v21 (S (v24 K) (K (B z x)) x)) v25)
v25 (v7 x (v21 (v24 K x (K (B z x) x))) v25)
v25 (v7 x (v21 (v24 K x (B z x))) v25)
