I z (S B I (v14 (x v18) (B I (I I B))) z) x S (B x) v22 (B (z (v28 I) (z (I (B I) (v4 K x K (S x)))) (S K)))
z (S B I (v14 (x v18) (B I (I I B))) z) x S (B x) v22 (B (z (v28 I) (z (I (B I) (v4 K x K (S x)))) (S K)))
z (B (v14 (x v18) (B I (I I B))) (I (v14 (x v18) (B I (I I B)))) z) x S (B x) v22 (B (z (v28 I) (z (I (B I) (v4 K x K (S x)))) (S K)))
z (v14 (x v18) (B I (I I B)) (I (v14 (x v18) (B I (I I B))) z)) x S (B x) v22 (B (z (v28 I) (z (I (B I) (v4 K x K (S x)))) (S K)))
z (v14 (x v18) (B I (I B)) (I (v14 (x v18) (B I (I I B))) z)) x S (B x) v22 (B (z (v28 I) (z (I (B I) (v4 K x K (S x)))) (S K)))
z (v14 (x v18) (B I B) (I (v14 (x v18) (B I (I I B))) z)) x S (B x) v22 (B (z (v28 I) (z (I (B I) (v4 K x K (S x)))) (S K)))
z (v14 (x v18) (B I B) (v14 (x v18) (B I (I I B)) z)) x S (B x) v22 (B (z (v28 I) (z (I (B I) (v4 K x K (S x)))) (S K)))
z (v14 (x v18) (B I B) (v14 (x v18) (B I (I B)) z)) x S (B x) v22 (B (z (v28 I) (z (I (B I) (v4 K x K (S x)))) (S K)))
z (v14 (x v18) (B I B) (v14 (x v18) (B I B) z)) x S (B x) v22 (B (z (v28 I) (z (I (B I) (v4 K x K (S x)))) (S K)))
z (v14 (x v18) (B I B) (v14 (x v18) (B I B) z)) x S (B x) v22 (B (z (v28 I) (z (B I (v4 K x K (S x)))) (S K)))
x (S I) (x z S (B K z (B (v16 S))) (x (B I) (K K (v14 B z))) x K (K (I (B S (z (B (B I x K) v29))) I)))
x (S I) (x z S (K (z (B (v16 S)))) (x (B I) (K K (v14 B z))) x K (K (I (B S (z (B (B I x K) v29))) I)))
x (S I) (x z S (K (z (B (v16 S)))) (x (B I) K) x K (K (I (B S (z (B (B I x K) v29))) I)))
x (S I) (x z S (K (z (B (v16 S)))) (x (B I) K) x K (K (B S (z (B (B I x K) v29)) I)))
x (S I) (x z S (K (z (B (v16 S)))) (x (B I) K) x K (K (S (z (B (B I x K) v29) I))))
x (S I) (x z S (K (z (B (v16 S)))) (x (B I) K) x K (K (S (z (B (I (x K)) v29) I))))
x (S I) (x z S (K (z (B (v16 S)))) (x (B I) K) x K (K (S (z (B (x K) v29) I))))
B (I K (x x I (z z (B B)) (I (S v14)) K)) (z I)
B (K (x x I (z z (B B)) (I (S v14)) K)) (z I)
B (K (x x I (z z (B B)) (S v14) K)) (z I)
B v14 (S (B z v14) v8 (S I I S K (S v16 z)) S I (K S z) S) (B (I K) x (z B) I (x (B S K (K K z))) (z K I) I) (z (S v8 B (B (z I)) (I (I I) I (v23 (I B z x K)))))
v14 (S (B z v14) v8 (S I I S K (S v16 z)) S I (K S z) S (B (I K) x (z B) I (x (B S K (K K z))) (z K I) I)) (z (S v8 B (B (z I)) (I (I I) I (v23 (I B z x K)))))
v14 (B z v14 (S I I S K (S v16 z)) (v8 (S I I S K (S v16 z))) S I (K S z) S (B (I K) x (z B) I (x (B S K (K K z))) (z K I) I)) (z (S v8 B (B (z I)) (I (I I) I (v23 (I B z x K)))))
v14 (z (v14 (S I I S K (S v16 z))) (v8 (S I I S K (S v16 z))) S I (K S z) S (B (I K) x (z B) I (x (B S K (K K z))) (z K I) I)) (z (S v8 B (B (z I)) (I (I I) I (v23 (I B z x K)))))
v14 (z (v14 (I S (I S) K (S v16 z))) (v8 (S I I S K (S v16 z))) S I (K S z) S (B (I K) x (z B) I (x (B S K (K K z))) (z K I) I)) (z (S v8 B (B (z I)) (I (I I) I (v23 (I B z x K)))))
v14 (z (v14 (S (I S) K (S v16 z))) (v8 (S I I S K (S v16 z))) S I (K S z) S (B (I K) x (z B) I (x (B S K (K K z))) (z K I) I)) (z (S v8 B (B (z I)) (I (I I) I (v23 (I B z x K)))))
v14 (z (v14 (I S (S v16 z) (K (S v16 z)))) (v8 (S I I S K (S v16 z))) S I (K S z) S (B (I K) x (z B) I (x (B S K (K K z))) (z K I) I)) (z (S v8 B (B (z I)) (I (I I) I (v23 (I B z x K)))))
v14 (z (v14 (S (S v16 z) (K (S v16 z)))) (v8 (S I I S K (S v16 z))) S I (K S z) S (B (I K) x (z B) I (x (B S K (K K z))) (z K I) I)) (z (S v8 B (B (z I)) (I (I I) I (v23 (I B z x K)))))
v14 (z (v14 (S (S v16 z) (K (S v16 z)))) (v8 (I S (I S) K (S v16 z))) S I (K S z) S (B (I K) x (z B) I (x (B S K (K K z))) (z K I) I)) (z (S v8 B (B (z I)) (I (I I) I (v23 (I B z x K)))))
v14 (z (v14 (S (S v16 z) (K (S v16 z)))) (v8 (S (I S) K (S v16 z))) S I (K S z) S (B (I K) x (z B) I (x (B S K (K K z))) (z K I) I)) (z (S v8 B (B (z I)) (I (I I) I (v23 (I B z x K)))))
v14 (z (v14 (S (S v16 z) (K (S v16 z)))) (v8 (I S (S v16 z) (K (S v16 z)))) S I (K S z) S (B (I K) x (z B) I (x (B S K (K K z))) (z K I) I)) (z (S v8 B (B (z I)) (I (I I) I (v23 (I B z x K)))))
v14 (z (v14 (S (S v16 z) (K (S v16 z)))) (v8 (S (S v16 z) (K (S v16 z)))) S I (K S z) S (B (I K) x (z B) I (x (B S K (K K z))) (z K I) I)) (z (S v8 B (B (z I)) (I (I I) I (v23 (I B z x K)))))
v14 (z (v14 (S (S v16 z) (K (S v16 z)))) (v8 (S (S v16 z) (K (S v16 z)))) S I S S (B (I K) x (z B) I (x (B S K (K K z))) (z K I) I)) (z (S v8 B (B (z I)) (I (I I) I (v23 (I B z x K)))))
v14 (z (v14 (S (S v16 z) (K (S v16 z)))) (v8 (S (S v16 z) (K (S v16 z)))) S I S S (I K (x (z B)) I (x (B S K (K K z))) (z K I) I)) (z (S v8 B (B (z I)) (I (I I) I (v23 (I B z x K)))))
v14 (z (v14 (S (S v16 z) (K (S v16 z)))) (v8 (S (S v16 z) (K (S v16 z)))) S I S S (K (x (z B)) I (x (B S K (K K z))) (z K I) I)) (z (S v8 B (B (z I)) (I (I I) I (v23 (I B z x K)))))
v14 (z (v14 (S (S v16 z) (K (S v16 z)))) (v8 (S (S v16 z) (K (S v16 z)))) S I S S (x (z B) (x (B S K (K K z))) (z K I) I)) (z (S v8 B (B (z I)) (I (I I) I (v23 (I B z x K)))))
v14 (z (v14 (S (S v16 z) (K (S v16 z)))) (v8 (S (S v16 z) (K (S v16 z)))) S I S S (x (z B) (x (S (K (K K z)))) (z K I) I)) (z (S v8 B (B (z I)) (I (I I) I (v23 (I B z x K)))))
v14 (z (v14 (S (S v16 z) (K (S v16 z)))) (v8 (S (S v16 z) (K (S v16 z)))) S I S S (x (z B) (x (S (K K))) (z K I) I)) (z (S v8 B (B (z I)) (I (I I) I (v23 (I B z x K)))))
v14 (z (v14 (S (S v16 z) (K (S v16 z)))) (v8 (S (S v16 z) (K (S v16 z)))) S I S S (x (z B) (x (S (K K))) (z K I) I)) (z (v8 (B (z I)) (B (B (z I))) (I (I I) I (v23 (I B z x K)))))
v14 (z (v14 (S (S v16 z) (K (S v16 z)))) (v8 (S (S v16 z) (K (S v16 z)))) S I S S (x (z B) (x (S (K K))) (z K I) I)) (z (v8 (B (z I)) (B (B (z I))) (I I I (v23 (I B z x K)))))
v14 (z (v14 (S (S v16 z) (K (S v16 z)))) (v8 (S (S v16 z) (K (S v16 z)))) S I S S (x (z B) (x (S (K K))) (z K I) I)) (z (v8 (B (z I)) (B (B (z I))) (I I (v23 (I B z x K)))))
v14 (z (v14 (S (S v16 z) (K (S v16 z)))) (v8 (S (S v16 z) (K (S v16 z)))) S I S S (x (z B) (x (S (K K))) (z K I) I)) (z (v8 (B (z I)) (B (B (z I))) (I (v23 (I B z x K)))))
v14 (z (v14 (S (S v16 z) (K (S v16 z)))) (v8 (S (S v16 z) (K (S v16 z)))) S I S S (x (z B) (x (S (K K))) (z K I) I)) (z (v8 (B (z I)) (B (B (z I))) (v23 (I B z x K))))
v14 (z (v14 (S (S v16 z) (K (S v16 z)))) (v8 (S (S v16 z) (K (S v16 z)))) S I S S (x (z B) (x (S (K K))) (z K I) I)) (z (v8 (B (z I)) (B (B (z I))) (v23 (B z x K))))
v14 (z (v14 (S (S v16 z) (K (S v16 z)))) (v8 (S (S v16 z) (K (S v16 z)))) S I S S (x (z B) (x (S (K K))) (z K I) I)) (z (v8 (B (z I)) (B (B (z I))) (v23 (z (x K)))))
S (S (z (B K))) (B (x (B B) (v0 (x K) v2 (x I) (v6 (I (S (K v24) x) x K)) B)))
S (S (z (B K))) (B (x (B B) (v0 (x K) v2 (x I) (v6 (S (K v24) x x K)) B)))
S (S (z (B K))) (B (x (B B) (v0 (x K) v2 (x I) (v6 (K v24 x (x x) K)) B)))
S (S (z (B K))) (B (x (B B) (v0 (x K) v2 (x I) (v6 (v24 (x x) K)) B)))
x (v11 I B (I K I B I) I B (v19 (I K (z v17 K)))) (I (S v21)) (B z S K (z (B v30 z S (x B (K I)) S) (v2 (x I) I (S (z (x (I x)))))) (z (K S (K (B z) B))) (z v20 (S S)) (K B B) (z (x (I z) (I x)) (B (x (B I))) B x (x (K B) S) (z S (x x) K (S S) (I x) (K (S z)))))
x (v11 I B (K I B I) I B (v19 (I K (z v17 K)))) (I (S v21)) (B z S K (z (B v30 z S (x B (K I)) S) (v2 (x I) I (S (z (x (I x)))))) (z (K S (K (B z) B))) (z v20 (S S)) (K B B) (z (x (I z) (I x)) (B (x (B I))) B x (x (K B) S) (z S (x x) K (S S) (I x) (K (S z)))))
x (v11 I B (I I) I B (v19 (I K (z v17 K)))) (I (S v21)) (B z S K (z (B v30 z S (x B (K I)) S) (v2 (x I) I (S (z (x (I x)))))) (z (K S (K (B z) B))) (z v20 (S S)) (K B B) (z (x (I z) (I x)) (B (x (B I))) B x (x (K B) S) (z S (x x) K (S S) (I x) (K (S z)))))
x (v11 I B I I B (v19 (I K (z v17 K)))) (I (S v21)) (B z S K (z (B v30 z S (x B (K I)) S) (v2 (x I) I (S (z (x (I x)))))) (z (K S (K (B z) B))) (z v20 (S S)) (K B B) (z (x (I z) (I x)) (B (x (B I))) B x (x (K B) S) (z S (x x) K (S S) (I x) (K (S z)))))
x (v11 I B I I B (v19 (K (z v17 K)))) (I (S v21)) (B z S K (z (B v30 z S (x B (K I)) S) (v2 (x I) I (S (z (x (I x)))))) (z (K S (K (B z) B))) (z v20 (S S)) (K B B) (z (x (I z) (I x)) (B (x (B I))) B x (x (K B) S) (z S (x x) K (S S) (I x) (K (S z)))))
x (v11 I B I I B (v19 (K (z v17 K)))) (S v21) (B z S K (z (B v30 z S (x B (K I)) S) (v2 (x I) I (S (z (x (I x)))))) (z (K S (K (B z) B))) (z v20 (S S)) (K B B) (z (x (I z) (I x)) (B (x (B I))) B x (x (K B) S) (z S (x x) K (S S) (I x) (K (S z)))))
x (v11 I B I I B (v19 (K (z v17 K)))) (S v21) (z (S K) (z (B v30 z S (x B (K I)) S) (v2 (x I) I (S (z (x (I x)))))) (z (K S (K (B z) B))) (z v20 (S S)) (K B B) (z (x (I z) (I x)) (B (x (B I))) B x (x (K B) S) (z S (x x) K (S S) (I x) (K (S z)))))
x (v11 I B I I B (v19 (K (z v17 K)))) (S v21) (z (S K) (z (v30 (z S) (x B (K I)) S) (v2 (x I) I (S (z (x (I x)))))) (z (K S (K (B z) B))) (z v20 (S S)) (K B B) (z (x (I z) (I x)) (B (x (B I))) B x (x (K B) S) (z S (x x) K (S S) (I x) (K (S z)))))
x (v11 I B I I B (v19 (K (z v17 K)))) (S v21) (z (S K) (z (v30 (z S) (x B (K I)) S) (v2 (x I) I (S (z (x x))))) (z (K S (K (B z) B))) (z v20 (S S)) (K B B) (z (x (I z) (I x)) (B (x (B I))) B x (x (K B) S) (z S (x x) K (S S) (I x) (K (S z)))))
x (v11 I B I I B (v19 (K (z v17 K)))) (S v21) (z (S K) (z (v30 (z S) (x B (K I)) S) (v2 (x I) I (S (z (x x))))) (z S) (z v20 (S S)) (K B B) (z (x (I z) (I x)) (B (x (B I))) B x (x (K B) S) (z S (x x) K (S S) (I x) (K (S z)))))
x (v11 I B I I B (v19 (K (z v17 K)))) (S v21) (z (S K) (z (v30 (z S) (x B (K I)) S) (v2 (x I) I (S (z (x x))))) (z S) (z v20 (S S)) B (z (x (I z) (I x)) (B (x (B I))) B x (x (K B) S) (z S (x x) K (S S) (I x) (K (S z)))))
x (v11 I B I I B (v19 (K (z v17 K)))) (S v21) (z (S K) (z (v30 (z S) (x B (K I)) S) (v2 (x I) I (S (z (x x))))) (z S) (z v20 (S S)) B (z (x z (I x)) (B (x (B I))) B x (x (K B) S) (z S (x x) K (S S) (I x) (K (S z)))))
x (v11 I B I I B (v19 (K (z v17 K)))) (S v21) (z (S K) (z (v30 (z S) (x B (K I)) S) (v2 (x I) I (S (z (x x))))) (z S) (z v20 (S S)) B (z (x z x) (B (x (B I))) B x (x (K B) S) (z S (x x) K (S S) (I x) (K (S z)))))
x (v11 I B I I B (v19 (K (z v17 K)))) (S v21) (z (S K) (z (v30 (z S) (x B (K I)) S) (v2 (x I) I (S (z (x x))))) (z S) (z v20 (S S)) B (z (x z x) (B (x (B I))) B x (x (K B) S) (z S (x x) K (S S) x (K (S z)))))
K
K (v6 (K (S I (B (z K x))) (z (K z) (S B K)) I) v27) v3
v6 (K (S I (B (z K x))) (z (K z) (S B K)) I) v27
v6 (S I (B (z K x)) I) v27
v6 (I I (B (z K x) I)) v27
v6 (I (B (z K x) I)) v27
v6 (B (z K x) I) v27
B (x (K S S K v15) (B I) K) I S (S (K B B) B x (S (B z v26 S)) v0) (z B) (v10 (x (I z x) I) (S B) (v4 B)) (B I (B x B (v25 (K z) z) (x v29 S B K (S (K (K K))) (B (I I (x x x (z S)))))))
x (K S S K v15) (B I) K (I S) (S (K B B) B x (S (B z v26 S)) v0) (z B) (v10 (x (I z x) I) (S B) (v4 B)) (B I (B x B (v25 (K z) z) (x v29 S B K (S (K (K K))) (B (I I (x x x (z S)))))))
x (S K v15) (B I) K (I S) (S (K B B) B x (S (B z v26 S)) v0) (z B) (v10 (x (I z x) I) (S B) (v4 B)) (B I (B x B (v25 (K z) z) (x v29 S B K (S (K (K K))) (B (I I (x x x (z S)))))))
x (S K v15) (B I) K S (S (K B B) B x (S (B z v26 S)) v0) (z B) (v10 (x (I z x) I) (S B) (v4 B)) (B I (B x B (v25 (K z) z) (x v29 S B K (S (K (K K))) (B (I I (x x x (z S)))))))
x (S K v15) (B I) K S (K B B x (B x) (S (B z v26 S)) v0) (z B) (v10 (x (I z x) I) (S B) (v4 B)) (B I (B x B (v25 (K z) z) (x v29 S B K (S (K (K K))) (B (I I (x x x (z S)))))))
x (S K v15) (B I) K S (B x (B x) (S (B z v26 S)) v0) (z B) (v10 (x (I z x) I) (S B) (v4 B)) (B I (B x B (v25 (K z) z) (x v29 S B K (S (K (K K))) (B (I I (x x x (z S)))))))
x (S K v15) (B I) K S (x (B x (S (B z v26 S))) v0) (z B) (v10 (x (I z x) I) (S B) (v4 B)) (B I (B x B (v25 (K z) z) (x v29 S B K (S (K (K K))) (B (I I (x x x (z S)))))))
x (S K v15) (B I) K S (x (B x (S (z (v26 S)))) v0) (z B) (v10 (x (I z x) I) (S B) (v4 B)) (B I (B x B (v25 (K z) z) (x v29 S B K (S (K (K K))) (B (I I (x x x (z S)))))))
x (S K v15) (B I) K S (x (B x (S (z (v26 S)))) v0) (z B) (v10 (x (z x) I) (S B) (v4 B)) (B I (B x B (v25 (K z) z) (x v29 S B K (S (K (K K))) (B (I I (x x x (z S)))))))
x (S K v15) (B I) K S (x (B x (S (z (v26 S)))) v0) (z B) (v10 (x (z x) I) (S B) (v4 B)) (B I (x (B (v25 (K z) z)) (x v29 S B K (S (K (K K))) (B (I I (x x x (z S)))))))
x (S K v15) (B I) K S (x (B x (S (z (v26 S)))) v0) (z B) (v10 (x (z x) I) (S B) (v4 B)) (B I (x (B (v25 (K z) z)) (x v29 S B K (S (K (K K))) (B (I (x x x (z S)))))))
x (S K v15) (B I) K S (x (B x (S (z (v26 S)))) v0) (z B) (v10 (x (z x) I) (S B) (v4 B)) (B I (x (B (v25 (K z) z)) (x v29 S B K (S (K (K K))) (B (x x x (z S))))))
K (v12 (x I z)) B B (S z) (S (B (K z)) (I S)) (K (B v25) z (B v14 v4 (I v14 (B (K z K)) v30))) K
v12 (x I z) B (S z) (S (B (K z)) (I S)) (K (B v25) z (B v14 v4 (I v14 (B (K z K)) v30))) K
v12 (x I z) B (S z) (S (B (K z)) S) (K (B v25) z (B v14 v4 (I v14 (B (K z K)) v30))) K
v12 (x I z) B (S z) (S (B (K z)) S) (B v25 (B v14 v4 (I v14 (B (K z K)) v30))) K
v12 (x I z) B (S z) (S (B (K z)) S) (B v25 (v14 (v4 (I v14 (B (K z K)) v30)))) K
v12 (x I z) B (S z) (S (B (K z)) S) (B v25 (v14 (v4 (v14 (B (K z K)) v30)))) K
v12 (x I z) B (S z) (S (B (K z)) S) (B v25 (v14 (v4 (v14 (B z) v30)))) K
