v10 (B (S I) (B x)) (B (K (K I)) z I) (v15 (I (x B v6 I)) (v19 I v9) B (S x) (S v2 S S) I x K) (I v10 (z K) v24 (z I) (x (S B)) (I x v21) (z (K (z v0) (v23 I (I (x x)) z)) (z (I (B S)))) (v12 (v20 (x I) B (x I (v30 v3)) (I x v24)) B x))
v10 (B (S I) (B x)) (K (K I) (z I)) (v15 (I (x B v6 I)) (v19 I v9) B (S x) (S v2 S S) I x K) (I v10 (z K) v24 (z I) (x (S B)) (I x v21) (z (K (z v0) (v23 I (I (x x)) z)) (z (I (B S)))) (v12 (v20 (x I) B (x I (v30 v3)) (I x v24)) B x))
v10 (B (S I) (B x)) (K I) (v15 (I (x B v6 I)) (v19 I v9) B (S x) (S v2 S S) I x K) (I v10 (z K) v24 (z I) (x (S B)) (I x v21) (z (K (z v0) (v23 I (I (x x)) z)) (z (I (B S)))) (v12 (v20 (x I) B (x I (v30 v3)) (I x v24)) B x))
v10 (B (S I) (B x)) (K I) (v15 (x B v6 I) (v19 I v9) B (S x) (S v2 S S) I x K) (I v10 (z K) v24 (z I) (x (S B)) (I x v21) (z (K (z v0) (v23 I (I (x x)) z)) (z (I (B S)))) (v12 (v20 (x I) B (x I (v30 v3)) (I x v24)) B x))
v10 (B (S I) (B x)) (K I) (v15 (x B v6 I) (v19 I v9) B (S x) (v2 S (S S)) I x K) (I v10 (z K) v24 (z I) (x (S B)) (I x v21) (z (K (z v0) (v23 I (I (x x)) z)) (z (I (B S)))) (v12 (v20 (x I) B (x I (v30 v3)) (I x v24)) B x))
v10 (B (S I) (B x)) (K I) (v15 (x B v6 I) (v19 I v9) B (S x) (v2 S (S S)) I x K) (v10 (z K) v24 (z I) (x (S B)) (I x v21) (z (K (z v0) (v23 I (I (x x)) z)) (z (I (B S)))) (v12 (v20 (x I) B (x I (v30 v3)) (I x v24)) B x))
v10 (B (S I) (B x)) (K I) (v15 (x B v6 I) (v19 I v9) B (S x) (v2 S (S S)) I x K) (v10 (z K) v24 (z I) (x (S B)) (x v21) (z (K (z v0) (v23 I (I (x x)) z)) (z (I (B S)))) (v12 (v20 (x I) B (x I (v30 v3)) (I x v24)) B x))
v10 (B (S I) (B x)) (K I) (v15 (x B v6 I) (v19 I v9) B (S x) (v2 S (S S)) I x K) (v10 (z K) v24 (z I) (x (S B)) (x v21) (z (z v0) (z (I (B S)))) (v12 (v20 (x I) B (x I (v30 v3)) (I x v24)) B x))
v10 (B (S I) (B x)) (K I) (v15 (x B v6 I) (v19 I v9) B (S x) (v2 S (S S)) I x K) (v10 (z K) v24 (z I) (x (S B)) (x v21) (z (z v0) (z (B S))) (v12 (v20 (x I) B (x I (v30 v3)) (I x v24)) B x))
v10 (B (S I) (B x)) (K I) (v15 (x B v6 I) (v19 I v9) B (S x) (v2 S (S S)) I x K) (v10 (z K) v24 (z I) (x (S B)) (x v21) (z (z v0) (z (B S))) (v12 (v20 (x I) B (x I (v30 v3)) (x v24)) B x))
x
S (I (x (v12 S z) (B z)) (x v5)) z v16 (x v4 (B (v21 K)) x x (I (K I) x (I z I)) (x (v29 (v28 v21 (z (S (B (I v28))))) S) B I)) (K (S (K K (S B) S)) v22 (x (K (S I z))))
I (x (v12 S z) (B z)) (x v5) v16 (z v16) (x v4 (B (v21 K)) x x (I (K I) x (I z I)) (x (v29 (v28 v21 (z (S (B (I v28))))) S) B I)) (K (S (K K (S B) S)) v22 (x (K (S I z))))
x (v12 S z) (B z) (x v5) v16 (z v16) (x v4 (B (v21 K)) x x (I (K I) x (I z I)) (x (v29 (v28 v21 (z (S (B (I v28))))) S) B I)) (K (S (K K (S B) S)) v22 (x (K (S I z))))
x (v12 S z) (B z) (x v5) v16 (z v16) (x v4 (B (v21 K)) x x (K I x (I z I)) (x (v29 (v28 v21 (z (S (B (I v28))))) S) B I)) (K (S (K K (S B) S)) v22 (x (K (S I z))))
x (v12 S z) (B z) (x v5) v16 (z v16) (x v4 (B (v21 K)) x x (I (I z I)) (x (v29 (v28 v21 (z (S (B (I v28))))) S) B I)) (K (S (K K (S B) S)) v22 (x (K (S I z))))
x (v12 S z) (B z) (x v5) v16 (z v16) (x v4 (B (v21 K)) x x (I z I) (x (v29 (v28 v21 (z (S (B (I v28))))) S) B I)) (K (S (K K (S B) S)) v22 (x (K (S I z))))
x (v12 S z) (B z) (x v5) v16 (z v16) (x v4 (B (v21 K)) x x (z I) (x (v29 (v28 v21 (z (S (B (I v28))))) S) B I)) (K (S (K K (S B) S)) v22 (x (K (S I z))))
x (v12 S z) (B z) (x v5) v16 (z v16) (x v4 (B (v21 K)) x x (z I) (x (v29 (v28 v21 (z (S (B v28)))) S) B I)) (K (S (K K (S B) S)) v22 (x (K (S I z))))
x (v12 S z) (B z) (x v5) v16 (z v16) (x v4 (B (v21 K)) x x (z I) (x (v29 (v28 v21 (z (S (B v28)))) S) B I)) (S (K K (S B) S) (x (K (S I z))))
x (v12 S z) (B z) (x v5) v16 (z v16) (x v4 (B (v21 K)) x x (z I) (x (v29 (v28 v21 (z (S (B v28)))) S) B I)) (S (K S) (x (K (S I z))))
I (z I S) (v25 v30 (v13 (z (S (K z x) I (z S))) (S I)))
z I S (v25 v30 (v13 (z (S (K z x) I (z S))) (S I)))
z I S (v25 v30 (v13 (z (K z x (z S) (I (z S)))) (S I)))
z I S (v25 v30 (v13 (z (z (z S) (I (z S)))) (S I)))
z I S (v25 v30 (v13 (z (z (z S) (z S))) (S I)))
S (K (x (z (S (z (x I S) (x (B I v29 K)))))) (x (B I (S (S I I x x) I))))
S (x (z (S (z (x I S) (x (B I v29 K))))))
S (x (z (S (z (x I S) (x (I (v29 K)))))))
S (x (z (S (z (x I S) (x (v29 K))))))
x K
z v30 (K K) (K v26) B (x (K z) K K) (I I)
z v30 (K K) (K v26) B (x (K z) K K) I
x B (S (B I)) (I z z) (x (x (x v28 (S I (v20 (B v8) K (v30 K S)) (K (I (K (K K) K))) z)) K) (v23 x z))
x B (S (B I)) (z z) (x (x (x v28 (S I (v20 (B v8) K (v30 K S)) (K (I (K (K K) K))) z)) K) (v23 x z))
x B (S (B I)) (z z) (x (x (x v28 (I (K (I (K (K K) K))) (v20 (B v8) K (v30 K S) (K (I (K (K K) K)))) z)) K) (v23 x z))
x B (S (B I)) (z z) (x (x (x v28 (K (I (K (K K) K)) (v20 (B v8) K (v30 K S) (K (I (K (K K) K)))) z)) K) (v23 x z))
x B (S (B I)) (z z) (x (x (x v28 (I (K (K K) K) z)) K) (v23 x z))
x B (S (B I)) (z z) (x (x (x v28 (K (K K) K z)) K) (v23 x z))
x B (S (B I)) (z z) (x (x (x v28 (K K z)) K) (v23 x z))
x B (S (B I)) (z z) (x (x (x v28 K) K) (v23 x z))
v19 (v15 x) (K K S z I (K (x (z (K (B I))))) (I S z) v15 (z B) (I (x K) z z (x S B)) (B (I I) x (K v19) B))
v19 (v15 x) (K z I (K (x (z (K (B I))))) (I S z) v15 (z B) (I (x K) z z (x S B)) (B (I I) x (K v19) B))
v19 (v15 x) (z (K (x (z (K (B I))))) (I S z) v15 (z B) (I (x K) z z (x S B)) (B (I I) x (K v19) B))
v19 (v15 x) (z (K (x (z (K (B I))))) (S z) v15 (z B) (I (x K) z z (x S B)) (B (I I) x (K v19) B))
v19 (v15 x) (z (K (x (z (K (B I))))) (S z) v15 (z B) (x K z z (x S B)) (B (I I) x (K v19) B))
v19 (v15 x) (z (K (x (z (K (B I))))) (S z) v15 (z B) (x K z z (x S B)) (I I (x (K v19)) B))
v19 (v15 x) (z (K (x (z (K (B I))))) (S z) v15 (z B) (x K z z (x S B)) (I (x (K v19)) B))
v19 (v15 x) (z (K (x (z (K (B I))))) (S z) v15 (z B) (x K z z (x S B)) (x (K v19) B))
x
