x (B (K (K (x B) (B I (B v28))) x) B S x)
x (K (K (x B) (B I (B v28))) x (B S) x)
x (K (x B) (B I (B v28)) (B S) x)
x (x B (B S) x)
x B (S (S x) (B (B (S v4 x) I z (K z) B))) (B S (I (v9 v30)) (B K S) v14)
x B (S (S x) (B (S v4 x (I z) (K z) B))) (B S (I (v9 v30)) (B K S) v14)
x B (S (S x) (B (v4 (I z) (x (I z)) (K z) B))) (B S (I (v9 v30)) (B K S) v14)
x B (S (S x) (B (v4 z (x (I z)) (K z) B))) (B S (I (v9 v30)) (B K S) v14)
x B (S (S x) (B (v4 z (x z) (K z) B))) (B S (I (v9 v30)) (B K S) v14)
x B (S (S x) (B (v4 z (x z) (K z) B))) (S (I (v9 v30) (B K S)) v14)
x B (S (S x) (B (v4 z (x z) (K z) B))) (S (v9 v30 (B K S)) v14)
S (K x (I S (K z K) x) (x (v2 v21 (I x) x B)) (K (S v4) v22))
S (x (x (v2 v21 (I x) x B)) (K (S v4) v22))
S (x (x (v2 v21 x x B)) (K (S v4) v22))
S (x (x (v2 v21 x x B)) (S v4))
z (S (z x K)) z (B (z v1 K (x (x x K) (K K))) (v25 I (K I) K z) (I z)) (S x)
z (S (z x K)) z (z v1 K (x (x x K) (K K)) (v25 I (K I) K z (I z))) (S x)
z (S (z x K)) z (z v1 K (x (x x K) (K K)) (v25 I (K I) K z z)) (S x)
x
K (z I z I) (v7 (v12 x)) (x (x (K z))) (z (B (v14 x) z))
z I z I (x (x (K z))) (z (B (v14 x) z))
z
B (z v1 v13) (S (I x) v17 (z I)) (z (v21 S) B) K (K (K x v5) K v14 v27 (B I z v17))
z v1 v13 (S (I x) v17 (z I) (z (v21 S) B)) K (K (K x v5) K v14 v27 (B I z v17))
z v1 v13 (I x (z I) (v17 (z I)) (z (v21 S) B)) K (K (K x v5) K v14 v27 (B I z v17))
z v1 v13 (x (z I) (v17 (z I)) (z (v21 S) B)) K (K (K x v5) K v14 v27 (B I z v17))
z v1 v13 (x (z I) (v17 (z I)) (z (v21 S) B)) K (K x v5 v14 v27 (B I z v17))
z v1 v13 (x (z I) (v17 (z I)) (z (v21 S) B)) K (x v14 v27 (B I z v17))
z v1 v13 (x (z I) (v17 (z I)) (z (v21 S) B)) K (x v14 v27 (I (z v17)))
z v1 v13 (x (z I) (v17 (z I)) (z (v21 S) B)) K (x v14 v27 (z v17))
S (z (K (x B (S x)) (v9 I) (I I I K) v29)) I (I z) (I S (K B (v6 z) I) (v28 (z S))) (v13 (I (z B) x (B S (z x v17 x))))
z (K (x B (S x)) (v9 I) (I I I K) v29) (I z) (I (I z)) (I S (K B (v6 z) I) (v28 (z S))) (v13 (I (z B) x (B S (z x v17 x))))
z (x B (S x) (I I I K) v29) (I z) (I (I z)) (I S (K B (v6 z) I) (v28 (z S))) (v13 (I (z B) x (B S (z x v17 x))))
z (x B (S x) (I I K) v29) (I z) (I (I z)) (I S (K B (v6 z) I) (v28 (z S))) (v13 (I (z B) x (B S (z x v17 x))))
z (x B (S x) (I K) v29) (I z) (I (I z)) (I S (K B (v6 z) I) (v28 (z S))) (v13 (I (z B) x (B S (z x v17 x))))
z (x B (S x) K v29) (I z) (I (I z)) (I S (K B (v6 z) I) (v28 (z S))) (v13 (I (z B) x (B S (z x v17 x))))
z (x B (S x) K v29) z (I (I z)) (I S (K B (v6 z) I) (v28 (z S))) (v13 (I (z B) x (B S (z x v17 x))))
z (x B (S x) K v29) z (I z) (I S (K B (v6 z) I) (v28 (z S))) (v13 (I (z B) x (B S (z x v17 x))))
z (x B (S x) K v29) z z (I S (K B (v6 z) I) (v28 (z S))) (v13 (I (z B) x (B S (z x v17 x))))
z (x B (S x) K v29) z z (S (K B (v6 z) I) (v28 (z S))) (v13 (I (z B) x (B S (z x v17 x))))
z (x B (S x) K v29) z z (S (B I) (v28 (z S))) (v13 (I (z B) x (B S (z x v17 x))))
z (x B (S x) K v29) z z (S (B I) (v28 (z S))) (v13 (z B x (B S (z x v17 x))))
v21 (K S K (v24 (z S)) (x (x (v30 S) I (I x) K)) (S (B z) (B K) v20 B)) K (S (x K (v16 (v10 I K) (K I (v20 S) z) I)) (K (K z K v25 (v29 S) z B K x) (S x (B S v6)))) (B (z x v21 x v27))
v21 (S (v24 (z S)) (x (x (v30 S) I (I x) K)) (S (B z) (B K) v20 B)) K (S (x K (v16 (v10 I K) (K I (v20 S) z) I)) (K (K z K v25 (v29 S) z B K x) (S x (B S v6)))) (B (z x v21 x v27))
v21 (v24 (z S) (S (B z) (B K) v20 B) (x (x (v30 S) I (I x) K) (S (B z) (B K) v20 B))) K (S (x K (v16 (v10 I K) (K I (v20 S) z) I)) (K (K z K v25 (v29 S) z B K x) (S x (B S v6)))) (B (z x v21 x v27))
v21 (v24 (z S) (B z v20 (B K v20) B) (x (x (v30 S) I (I x) K) (S (B z) (B K) v20 B))) K (S (x K (v16 (v10 I K) (K I (v20 S) z) I)) (K (K z K v25 (v29 S) z B K x) (S x (B S v6)))) (B (z x v21 x v27))
v21 (v24 (z S) (z (v20 (B K v20)) B) (x (x (v30 S) I (I x) K) (S (B z) (B K) v20 B))) K (S (x K (v16 (v10 I K) (K I (v20 S) z) I)) (K (K z K v25 (v29 S) z B K x) (S x (B S v6)))) (B (z x v21 x v27))
v21 (v24 (z S) (z (v20 (B K v20)) B) (x (x (v30 S) I x K) (S (B z) (B K) v20 B))) K (S (x K (v16 (v10 I K) (K I (v20 S) z) I)) (K (K z K v25 (v29 S) z B K x) (S x (B S v6)))) (B (z x v21 x v27))
v21 (v24 (z S) (z (v20 (B K v20)) B) (x (x (v30 S) I x K) (B z v20 (B K v20) B))) K (S (x K (v16 (v10 I K) (K I (v20 S) z) I)) (K (K z K v25 (v29 S) z B K x) (S x (B S v6)))) (B (z x v21 x v27))
v21 (v24 (z S) (z (v20 (B K v20)) B) (x (x (v30 S) I x K) (z (v20 (B K v20)) B))) K (S (x K (v16 (v10 I K) (K I (v20 S) z) I)) (K (K z K v25 (v29 S) z B K x) (S x (B S v6)))) (B (z x v21 x v27))
v21 (v24 (z S) (z (v20 (B K v20)) B) (x (x (v30 S) I x K) (z (v20 (B K v20)) B))) K (S (x K (v16 (v10 I K) (I z) I)) (K (K z K v25 (v29 S) z B K x) (S x (B S v6)))) (B (z x v21 x v27))
v21 (v24 (z S) (z (v20 (B K v20)) B) (x (x (v30 S) I x K) (z (v20 (B K v20)) B))) K (S (x K (v16 (v10 I K) z I)) (K (K z K v25 (v29 S) z B K x) (S x (B S v6)))) (B (z x v21 x v27))
v21 (v24 (z S) (z (v20 (B K v20)) B) (x (x (v30 S) I x K) (z (v20 (B K v20)) B))) K (S (x K (v16 (v10 I K) z I)) (K z K v25 (v29 S) z B K x)) (B (z x v21 x v27))
v21 (v24 (z S) (z (v20 (B K v20)) B) (x (x (v30 S) I x K) (z (v20 (B K v20)) B))) K (S (x K (v16 (v10 I K) z I)) (z v25 (v29 S) z B K x)) (B (z x v21 x v27))
