S z (B (K (I (B (K S)))) I) x (x (B (S (S v24 (v8 z (B B) (S x))) (B (I K v22) S)) (S z (v24 B) (z K v23) v8 (K K (x x) K z (z K (I (v17 I)) (x (K x) B) K)))))
z x (B (K (I (B (K S)))) I x) (x (B (S (S v24 (v8 z (B B) (S x))) (B (I K v22) S)) (S z (v24 B) (z K v23) v8 (K K (x x) K z (z K (I (v17 I)) (x (K x) B) K)))))
z x (K (I (B (K S))) (I x)) (x (B (S (S v24 (v8 z (B B) (S x))) (B (I K v22) S)) (S z (v24 B) (z K v23) v8 (K K (x x) K z (z K (I (v17 I)) (x (K x) B) K)))))
z x (I (B (K S))) (x (B (S (S v24 (v8 z (B B) (S x))) (B (I K v22) S)) (S z (v24 B) (z K v23) v8 (K K (x x) K z (z K (I (v17 I)) (x (K x) B) K)))))
z x (B (K S)) (x (B (S (S v24 (v8 z (B B) (S x))) (B (I K v22) S)) (S z (v24 B) (z K v23) v8 (K K (x x) K z (z K (I (v17 I)) (x (K x) B) K)))))
z x (B (K S)) (x (B (S (S v24 (v8 z (B B) (S x))) (B (K v22) S)) (S z (v24 B) (z K v23) v8 (K K (x x) K z (z K (I (v17 I)) (x (K x) B) K)))))
z x (B (K S)) (x (B (S (S v24 (v8 z (B B) (S x))) (B (K v22) S)) (z (z K v23) (v24 B (z K v23)) v8 (K K (x x) K z (z K (I (v17 I)) (x (K x) B) K)))))
z x (B (K S)) (x (B (S (S v24 (v8 z (B B) (S x))) (B (K v22) S)) (z (z K v23) (v24 B (z K v23)) v8 (K K z (z K (I (v17 I)) (x (K x) B) K)))))
z x (B (K S)) (x (B (S (S v24 (v8 z (B B) (S x))) (B (K v22) S)) (z (z K v23) (v24 B (z K v23)) v8 (K (z K (I (v17 I)) (x (K x) B) K)))))
z x (B (K S)) (x (B (S (S v24 (v8 z (B B) (S x))) (B (K v22) S)) (z (z K v23) (v24 B (z K v23)) v8 (K (z K (v17 I) (x (K x) B) K)))))
S
v25 v18 K (v27 z) S
K
x (S B) K (I (S B) (S S) I (K (x (I x (S I))) I) x)
x (S B) K (S B (S S) I (K (x (I x (S I))) I) x)
x (S B) K (B I (S S I) (K (x (I x (S I))) I) x)
x (S B) K (I (S S I (K (x (I x (S I))) I)) x)
x (S B) K (S S I (K (x (I x (S I))) I) x)
x (S B) K (S (K (x (I x (S I))) I) (I (K (x (I x (S I))) I)) x)
x (S B) K (K (x (I x (S I))) I x (I (K (x (I x (S I))) I) x))
x (S B) K (x (I x (S I)) x (I (K (x (I x (S I))) I) x))
x (S B) K (x (x (S I)) x (I (K (x (I x (S I))) I) x))
x (S B) K (x (x (S I)) x (K (x (I x (S I))) I x))
x (S B) K (x (x (S I)) x (x (I x (S I)) x))
x (S B) K (x (x (S I)) x (x (x (S I)) x))
I
K (B (x (x v19 (I z x K I)) B) (K (B z B)) I) (x (x B (z I) z (v14 (x z (z B))) (v4 K (I (x (z I))))) v0 (S (z v14 (K (S (x (B v9) B)) I))))
B (x (x v19 (I z x K I)) B) (K (B z B)) I
x (x v19 (I z x K I)) B (K (B z B) I)
x (x v19 (z x K I)) B (K (B z B) I)
x (x v19 (z x K I)) B (B z B)
v13 z (B x z (I x) (K (K I x)) z)
v13 z (x (z (I x)) (K (K I x)) z)
v13 z (x (z x) (K (K I x)) z)
v13 z (x (z x) (K I) z)
x (z S (z (x z) (x I))) (S v7 B (z z K S)) (z (S (S (v2 z (v9 x z) x))) S (S x) v15 S (K (v21 (I (z z)) B S (S I (z (I S) (K K) v17 I))))) (v7 S (S z (K x) B) B)
x (z S (z (x z) (x I))) (v7 (z z K S) (B (z z K S))) (z (S (S (v2 z (v9 x z) x))) S (S x) v15 S (K (v21 (I (z z)) B S (S I (z (I S) (K K) v17 I))))) (v7 S (S z (K x) B) B)
x (z S (z (x z) (x I))) (v7 (z z K S) (B (z z K S))) (z (S (S (v2 z (v9 x z) x))) S (S x) v15 S (K (v21 (z z) B S (S I (z (I S) (K K) v17 I))))) (v7 S (S z (K x) B) B)
x (z S (z (x z) (x I))) (v7 (z z K S) (B (z z K S))) (z (S (S (v2 z (v9 x z) x))) S (S x) v15 S (K (v21 (z z) B S (S I (z S (K K) v17 I))))) (v7 S (S z (K x) B) B)
x (z S (z (x z) (x I))) (v7 (z z K S) (B (z z K S))) (z (S (S (v2 z (v9 x z) x))) S (S x) v15 S (K (v21 (z z) B S (S I (z S (K K) v17 I))))) (v7 S (z B (K x B)) B)
x (z S (z (x z) (x I))) (v7 (z z K S) (B (z z K S))) (z (S (S (v2 z (v9 x z) x))) S (S x) v15 S (K (v21 (z z) B S (S I (z S (K K) v17 I))))) (v7 S (z B x) B)
K
