x (S K (B I)) (x (z (x (z x)) (I x) (B K S))) (v10 v30 v9) (v15 v25 S) (v20 S)
x (S K (B I)) (x (z (x (z x)) x (B K S))) (v10 v30 v9) (v15 v25 S) (v20 S)
I I K
I K
K
v14 (K S (K B z (I (z I))))
v14 S
K (z (B I) (S (K S) v14) (z (v18 v25 z) (K (K I K v5 S)) S (z K) (I z z B)) (B (z v5))) (B (K K K) S (B (z z) (I S z K)) x)
z (B I) (S (K S) v14) (z (v18 v25 z) (K (K I K v5 S)) S (z K) (I z z B)) (B (z v5))
z (B I) (S (K S) v14) (z (v18 v25 z) (K (I v5 S)) S (z K) (I z z B)) (B (z v5))
z (B I) (S (K S) v14) (z (v18 v25 z) (K (v5 S)) S (z K) (I z z B)) (B (z v5))
z (B I) (S (K S) v14) (z (v18 v25 z) (K (v5 S)) S (z K) (z z B)) (B (z v5))
K (z (K z B S (v30 S)) (v12 I B) (B (z (x (I z S))) (z (S v10 (B v24 (S I z)) v24))) v26 S x)
K (z (z S (v30 S)) (v12 I B) (B (z (x (I z S))) (z (S v10 (B v24 (S I z)) v24))) v26 S x)
K (z (z S (v30 S)) (v12 I B) (B (z (x (z S))) (z (S v10 (B v24 (S I z)) v24))) v26 S x)
K (z (z S (v30 S)) (v12 I B) (B (z (x (z S))) (z (v10 v24 (B v24 (S I z) v24)))) v26 S x)
K (z (z S (v30 S)) (v12 I B) (B (z (x (z S))) (z (v10 v24 (v24 (S I z v24))))) v26 S x)
K (z (z S (v30 S)) (v12 I B) (B (z (x (z S))) (z (v10 v24 (v24 (I v24 (z v24)))))) v26 S x)
K (z (z S (v30 S)) (v12 I B) (B (z (x (z S))) (z (v10 v24 (v24 (v24 (z v24)))))) v26 S x)
K B z (z (x (x S)))
B (z (x (x S)))
K (K (B (B (v7 (z x))) z (z K) z (x z) K)) (B (K (B (v29 S) z) (I S (x B)) K B)) (z (v15 (z K z)) K (K x x (K I (K B)) (K (x B)) v11 (S K)) (v20 x))
K (B (B (v7 (z x))) z (z K) z (x z) K) (z (v15 (z K z)) K (K x x (K I (K B)) (K (x B)) v11 (S K)) (v20 x))
B (B (v7 (z x))) z (z K) z (x z) K
B (v7 (z x)) (z (z K)) z (x z) K
v7 (z x) (z (z K) z) (x z) K
z (x B v8)
B (K (I (x z) B) z S v2) (K I B (x (K (B (K (v12 z) (K z K))) B)) z (v14 (K (B (v14 z v24) (K (B S) v27)) (B S S v20 K) (S z I) v19 v26 (x K))))
B (I (x z) B S v2) (K I B (x (K (B (K (v12 z) (K z K))) B)) z (v14 (K (B (v14 z v24) (K (B S) v27)) (B S S v20 K) (S z I) v19 v26 (x K))))
B (x z B S v2) (K I B (x (K (B (K (v12 z) (K z K))) B)) z (v14 (K (B (v14 z v24) (K (B S) v27)) (B S S v20 K) (S z I) v19 v26 (x K))))
B (x z B S v2) (I (x (K (B (K (v12 z) (K z K))) B)) z (v14 (K (B (v14 z v24) (K (B S) v27)) (B S S v20 K) (S z I) v19 v26 (x K))))
B (x z B S v2) (x (K (B (K (v12 z) (K z K))) B) z (v14 (K (B (v14 z v24) (K (B S) v27)) (B S S v20 K) (S z I) v19 v26 (x K))))
B (x z B S v2) (x (B (K (v12 z) (K z K))) z (v14 (K (B (v14 z v24) (K (B S) v27)) (B S S v20 K) (S z I) v19 v26 (x K))))
B (x z B S v2) (x (B (v12 z)) z (v14 (K (B (v14 z v24) (K (B S) v27)) (B S S v20 K) (S z I) v19 v26 (x K))))
B (x z B S v2) (x (B (v12 z)) z (v14 (B (v14 z v24) (K (B S) v27) (S z I) v19 v26 (x K))))
B (x z B S v2) (x (B (v12 z)) z (v14 (v14 z v24 (K (B S) v27 (S z I)) v19 v26 (x K))))
B (x z B S v2) (x (B (v12 z)) z (v14 (v14 z v24 (B S (S z I)) v19 v26 (x K))))
z B (x (B (z B) (z B))) K I (z (I K I) (B S (S K) K (I K)) (B I I S) (S S (K (K S (B z) z)) S) (B (v29 (B (I S x)) (z x) (z S (z B) S (S (B K))) x)))
z B (x (B (z B) (z B))) K I (z (K I) (B S (S K) K (I K)) (B I I S) (S S (K (K S (B z) z)) S) (B (v29 (B (I S x)) (z x) (z S (z B) S (S (B K))) x)))
z B (x (B (z B) (z B))) K I (z (K I) (S (S K K) (I K)) (B I I S) (S S (K (K S (B z) z)) S) (B (v29 (B (I S x)) (z x) (z S (z B) S (S (B K))) x)))
z B (x (B (z B) (z B))) K I (z (K I) (S (S K K) K) (B I I S) (S S (K (K S (B z) z)) S) (B (v29 (B (I S x)) (z x) (z S (z B) S (S (B K))) x)))
z B (x (B (z B) (z B))) K I (z (K I) (S (S K K) K) (I (I S)) (S S (K (K S (B z) z)) S) (B (v29 (B (I S x)) (z x) (z S (z B) S (S (B K))) x)))
z B (x (B (z B) (z B))) K I (z (K I) (S (S K K) K) (I S) (S S (K (K S (B z) z)) S) (B (v29 (B (I S x)) (z x) (z S (z B) S (S (B K))) x)))
z B (x (B (z B) (z B))) K I (z (K I) (S (S K K) K) S (S S (K (K S (B z) z)) S) (B (v29 (B (I S x)) (z x) (z S (z B) S (S (B K))) x)))
z B (x (B (z B) (z B))) K I (z (K I) (S (S K K) K) S (S S (K (K S (B z) z) S)) (B (v29 (B (I S x)) (z x) (z S (z B) S (S (B K))) x)))
z B (x (B (z B) (z B))) K I (z (K I) (S (S K K) K) S (S S (K S (B z) z)) (B (v29 (B (I S x)) (z x) (z S (z B) S (S (B K))) x)))
z B (x (B (z B) (z B))) K I (z (K I) (S (S K K) K) S (S S (S z)) (B (v29 (B (I S x)) (z x) (z S (z B) S (S (B K))) x)))
z B (x (B (z B) (z B))) K I (z (K I) (S (S K K) K) S (S S (S z)) (B (v29 (B (S x)) (z x) (z S (z B) S (S (B K))) x)))
