B (v21 (z v18)) z S
v21 (z v18) (z S)
S
x (K x (x z (v23 K (z I) (B (I (S x))))) (B (z B)) (z (x (I x)) z (x (z x) K)) (K K S B)) (z (B (B B (S B z) x B) S) (S (v21 (S v4)) (B (I (I K K)) (x (K B)) (v15 (S x B z (I x) (z S x S) (B (B z z) B) (v27 I)))))) (v27 (z (I S (v1 B) S v13) S) z)
x (x (B (z B)) (z (x (I x)) z (x (z x) K)) (K K S B)) (z (B (B B (S B z) x B) S) (S (v21 (S v4)) (B (I (I K K)) (x (K B)) (v15 (S x B z (I x) (z S x S) (B (B z z) B) (v27 I)))))) (v27 (z (I S (v1 B) S v13) S) z)
x (x (B (z B)) (z (x x) z (x (z x) K)) (K K S B)) (z (B (B B (S B z) x B) S) (S (v21 (S v4)) (B (I (I K K)) (x (K B)) (v15 (S x B z (I x) (z S x S) (B (B z z) B) (v27 I)))))) (v27 (z (I S (v1 B) S v13) S) z)
x (x (B (z B)) (z (x x) z (x (z x) K)) (K B)) (z (B (B B (S B z) x B) S) (S (v21 (S v4)) (B (I (I K K)) (x (K B)) (v15 (S x B z (I x) (z S x S) (B (B z z) B) (v27 I)))))) (v27 (z (I S (v1 B) S v13) S) z)
x (x (B (z B)) (z (x x) z (x (z x) K)) (K B)) (z (B (B (S B z x) B) S) (S (v21 (S v4)) (B (I (I K K)) (x (K B)) (v15 (S x B z (I x) (z S x S) (B (B z z) B) (v27 I)))))) (v27 (z (I S (v1 B) S v13) S) z)
x (x (B (z B)) (z (x x) z (x (z x) K)) (K B)) (z (B (B (B x (z x)) B) S) (S (v21 (S v4)) (B (I (I K K)) (x (K B)) (v15 (S x B z (I x) (z S x S) (B (B z z) B) (v27 I)))))) (v27 (z (I S (v1 B) S v13) S) z)
x (x (B (z B)) (z (x x) z (x (z x) K)) (K B)) (z (B (B (B x (z x)) B) S) (S (v21 (S v4)) (I (I K K) (x (K B) (v15 (S x B z (I x) (z S x S) (B (B z z) B) (v27 I))))))) (v27 (z (I S (v1 B) S v13) S) z)
x (x (B (z B)) (z (x x) z (x (z x) K)) (K B)) (z (B (B (B x (z x)) B) S) (S (v21 (S v4)) (I K K (x (K B) (v15 (S x B z (I x) (z S x S) (B (B z z) B) (v27 I))))))) (v27 (z (I S (v1 B) S v13) S) z)
x (x (B (z B)) (z (x x) z (x (z x) K)) (K B)) (z (B (B (B x (z x)) B) S) (S (v21 (S v4)) (K K (x (K B) (v15 (S x B z (I x) (z S x S) (B (B z z) B) (v27 I))))))) (v27 (z (I S (v1 B) S v13) S) z)
x (x (B (z B)) (z (x x) z (x (z x) K)) (K B)) (z (B (B (B x (z x)) B) S) (S (v21 (S v4)) K)) (v27 (z (I S (v1 B) S v13) S) z)
x (x (B (z B)) (z (x x) z (x (z x) K)) (K B)) (z (B (B (B x (z x)) B) S) (S (v21 (S v4)) K)) (v27 (z (S (v1 B) S v13) S) z)
x (x (B (z B)) (z (x x) z (x (z x) K)) (K B)) (z (B (B (B x (z x)) B) S) (S (v21 (S v4)) K)) (v27 (z (v1 B v13 (S v13)) S) z)
v11 (I K (K x (z I z x (S (I z) B) v21)) (S x (K x)) (v12 z S) (z x))
v11 (K (K x (z I z x (S (I z) B) v21)) (S x (K x)) (v12 z S) (z x))
v11 (K x (z I z x (S (I z) B) v21) (v12 z S) (z x))
v11 (x (v12 z S) (z x))
S
I x (x (z v13 B (S (S B) (K (I S) (x B) x) z))) (K I) (S (B (B x) K) (x z B z (S (I x x (I (x S)) (x v18)) (S B (z v7))) (K S)) (K S (z (B S) B v13 K)) (v6 (K z (B (I (S S) B))) K))
x (x (z v13 B (S (S B) (K (I S) (x B) x) z))) (K I) (S (B (B x) K) (x z B z (S (I x x (I (x S)) (x v18)) (S B (z v7))) (K S)) (K S (z (B S) B v13 K)) (v6 (K z (B (I (S S) B))) K))
x (x (z v13 B (S B z (K (I S) (x B) x z)))) (K I) (S (B (B x) K) (x z B z (S (I x x (I (x S)) (x v18)) (S B (z v7))) (K S)) (K S (z (B S) B v13 K)) (v6 (K z (B (I (S S) B))) K))
x (x (z v13 B (B (K (I S) (x B) x z) (z (K (I S) (x B) x z))))) (K I) (S (B (B x) K) (x z B z (S (I x x (I (x S)) (x v18)) (S B (z v7))) (K S)) (K S (z (B S) B v13 K)) (v6 (K z (B (I (S S) B))) K))
x (x (z v13 B (B (I S x z) (z (K (I S) (x B) x z))))) (K I) (S (B (B x) K) (x z B z (S (I x x (I (x S)) (x v18)) (S B (z v7))) (K S)) (K S (z (B S) B v13 K)) (v6 (K z (B (I (S S) B))) K))
x (x (z v13 B (B (S x z) (z (K (I S) (x B) x z))))) (K I) (S (B (B x) K) (x z B z (S (I x x (I (x S)) (x v18)) (S B (z v7))) (K S)) (K S (z (B S) B v13 K)) (v6 (K z (B (I (S S) B))) K))
x (x (z v13 B (B (S x z) (z (I S x z))))) (K I) (S (B (B x) K) (x z B z (S (I x x (I (x S)) (x v18)) (S B (z v7))) (K S)) (K S (z (B S) B v13 K)) (v6 (K z (B (I (S S) B))) K))
x (x (z v13 B (B (S x z) (z (S x z))))) (K I) (S (B (B x) K) (x z B z (S (I x x (I (x S)) (x v18)) (S B (z v7))) (K S)) (K S (z (B S) B v13 K)) (v6 (K z (B (I (S S) B))) K))
x (x (z v13 B (B (S x z) (z (S x z))))) (K I) (B (B x) K (K S (z (B S) B v13 K)) (x z B z (S (I x x (I (x S)) (x v18)) (S B (z v7))) (K S) (K S (z (B S) B v13 K))) (v6 (K z (B (I (S S) B))) K))
x (x (z v13 B (B (S x z) (z (S x z))))) (K I) (B x (K (K S (z (B S) B v13 K))) (x z B z (S (I x x (I (x S)) (x v18)) (S B (z v7))) (K S) (K S (z (B S) B v13 K))) (v6 (K z (B (I (S S) B))) K))
x (x (z v13 B (B (S x z) (z (S x z))))) (K I) (x (K (K S (z (B S) B v13 K)) (x z B z (S (I x x (I (x S)) (x v18)) (S B (z v7))) (K S) (K S (z (B S) B v13 K)))) (v6 (K z (B (I (S S) B))) K))
x (x (z v13 B (B (S x z) (z (S x z))))) (K I) (x (K S (z (B S) B v13 K)) (v6 (K z (B (I (S S) B))) K))
x (x (z v13 B (B (S x z) (z (S x z))))) (K I) (x S (v6 (K z (B (I (S S) B))) K))
x (x (z v13 B (B (S x z) (z (S x z))))) (K I) (x S (v6 z K))
I (x v11 (S z (B (S S) z v0 (B x))) I) (v4 I (v27 (x z (B (z x) S))) z (S x K))
x v11 (S z (B (S S) z v0 (B x))) I (v4 I (v27 (x z (B (z x) S))) z (S x K))
x v11 (S z (S S (z v0) (B x))) I (v4 I (v27 (x z (B (z x) S))) z (S x K))
x v11 (S z (S (B x) (z v0 (B x)))) I (v4 I (v27 (x z (B (z x) S))) z (S x K))
S z
B
S (x S (B K (z (v12 z))) B v5 (B (z K)) v30 (K K K K K))
S (x S (B K (z (v12 z))) B v5 (B (z K)) v30 (K K K))
S (x S (B K (z (v12 z))) B v5 (B (z K)) v30 K)
