S (S (x (S B) S) (B x z) (x (I K (S x)) (I x) (v25 v2)) (S (v13 v0) K v30)) (B (v23 (z S (I K) (I (x K (I v13 K) z))) I) B (x (z S (B (v0 S) (S (K v2) (x S)))) x v25 K))
S (x (S B) S (x (I K (S x)) (I x) (v25 v2)) (B x z (x (I K (S x)) (I x) (v25 v2))) (S (v13 v0) K v30)) (B (v23 (z S (I K) (I (x K (I v13 K) z))) I) B (x (z S (B (v0 S) (S (K v2) (x S)))) x v25 K))
S (x (S B) S (x (K (S x)) (I x) (v25 v2)) (B x z (x (I K (S x)) (I x) (v25 v2))) (S (v13 v0) K v30)) (B (v23 (z S (I K) (I (x K (I v13 K) z))) I) B (x (z S (B (v0 S) (S (K v2) (x S)))) x v25 K))
S (x (S B) S (x (K (S x)) x (v25 v2)) (B x z (x (I K (S x)) (I x) (v25 v2))) (S (v13 v0) K v30)) (B (v23 (z S (I K) (I (x K (I v13 K) z))) I) B (x (z S (B (v0 S) (S (K v2) (x S)))) x v25 K))
S (x (S B) S (x (K (S x)) x (v25 v2)) (x (z (x (I K (S x)) (I x) (v25 v2)))) (S (v13 v0) K v30)) (B (v23 (z S (I K) (I (x K (I v13 K) z))) I) B (x (z S (B (v0 S) (S (K v2) (x S)))) x v25 K))
S (x (S B) S (x (K (S x)) x (v25 v2)) (x (z (x (K (S x)) (I x) (v25 v2)))) (S (v13 v0) K v30)) (B (v23 (z S (I K) (I (x K (I v13 K) z))) I) B (x (z S (B (v0 S) (S (K v2) (x S)))) x v25 K))
S (x (S B) S (x (K (S x)) x (v25 v2)) (x (z (x (K (S x)) x (v25 v2)))) (S (v13 v0) K v30)) (B (v23 (z S (I K) (I (x K (I v13 K) z))) I) B (x (z S (B (v0 S) (S (K v2) (x S)))) x v25 K))
S (x (S B) S (x (K (S x)) x (v25 v2)) (x (z (x (K (S x)) x (v25 v2)))) (v13 v0 v30 (K v30))) (B (v23 (z S (I K) (I (x K (I v13 K) z))) I) B (x (z S (B (v0 S) (S (K v2) (x S)))) x v25 K))
S (x (S B) S (x (K (S x)) x (v25 v2)) (x (z (x (K (S x)) x (v25 v2)))) (v13 v0 v30 (K v30))) (v23 (z S (I K) (I (x K (I v13 K) z))) I (B (x (z S (B (v0 S) (S (K v2) (x S)))) x v25 K)))
S (x (S B) S (x (K (S x)) x (v25 v2)) (x (z (x (K (S x)) x (v25 v2)))) (v13 v0 v30 (K v30))) (v23 (z S K (I (x K (I v13 K) z))) I (B (x (z S (B (v0 S) (S (K v2) (x S)))) x v25 K)))
S (x (S B) S (x (K (S x)) x (v25 v2)) (x (z (x (K (S x)) x (v25 v2)))) (v13 v0 v30 (K v30))) (v23 (z S K (x K (I v13 K) z)) I (B (x (z S (B (v0 S) (S (K v2) (x S)))) x v25 K)))
S (x (S B) S (x (K (S x)) x (v25 v2)) (x (z (x (K (S x)) x (v25 v2)))) (v13 v0 v30 (K v30))) (v23 (z S K (x K (v13 K) z)) I (B (x (z S (B (v0 S) (S (K v2) (x S)))) x v25 K)))
B v12 (z (S (I K) (x (K (S v18))) B) z (B (S z) z) (S K (I I) S)) (K (v5 B (I (I B))) B (z (I x (B I)) S (z (I (B B z) I) K)))
v12 (z (S (I K) (x (K (S v18))) B) z (B (S z) z) (S K (I I) S) (K (v5 B (I (I B))) B (z (I x (B I)) S (z (I (B B z) I) K))))
v12 (z (I K B (x (K (S v18)) B)) z (B (S z) z) (S K (I I) S) (K (v5 B (I (I B))) B (z (I x (B I)) S (z (I (B B z) I) K))))
v12 (z (K B (x (K (S v18)) B)) z (B (S z) z) (S K (I I) S) (K (v5 B (I (I B))) B (z (I x (B I)) S (z (I (B B z) I) K))))
v12 (z B z (B (S z) z) (S K (I I) S) (K (v5 B (I (I B))) B (z (I x (B I)) S (z (I (B B z) I) K))))
v12 (z B z (B (S z) z) (K S (I I S)) (K (v5 B (I (I B))) B (z (I x (B I)) S (z (I (B B z) I) K))))
v12 (z B z (B (S z) z) S (K (v5 B (I (I B))) B (z (I x (B I)) S (z (I (B B z) I) K))))
v12 (z B z (B (S z) z) S (v5 B (I (I B)) (z (I x (B I)) S (z (I (B B z) I) K))))
v12 (z B z (B (S z) z) S (v5 B (I B) (z (I x (B I)) S (z (I (B B z) I) K))))
v12 (z B z (B (S z) z) S (v5 B B (z (I x (B I)) S (z (I (B B z) I) K))))
v12 (z B z (B (S z) z) S (v5 B B (z (x (B I)) S (z (I (B B z) I) K))))
v12 (z B z (B (S z) z) S (v5 B B (z (x (B I)) S (z (B B z I) K))))
v12 (z B z (B (S z) z) S (v5 B B (z (x (B I)) S (z (B (z I)) K))))
I (B K S)
B K S
I
K (v22 (v0 v10 K (S I I K) (z B (I K) B) (B (v10 (B S B (B z) K)))))
K (v22 (v0 v10 K (I K (I K)) (z B (I K) B) (B (v10 (B S B (B z) K)))))
K (v22 (v0 v10 K (K (I K)) (z B (I K) B) (B (v10 (B S B (B z) K)))))
K (v22 (v0 v10 K (K K) (z B (I K) B) (B (v10 (B S B (B z) K)))))
K (v22 (v0 v10 K (K K) (z B K B) (B (v10 (B S B (B z) K)))))
K (v22 (v0 v10 K (K K) (z B K B) (B (v10 (S (B (B z)) K)))))
z S (B (B (x (v23 x))) K) S (v22 (z v22) (z (x S (z I B z)) S) (z I (z I) (z (B K)))) B
v18
I (K x z) (z (x (v21 S)) z)
K x z (z (x (v21 S)) z)
x (z (x (v21 S)) z)
x I z
B (K (K (x z z) (B S) (x x (z B) (S (K (S v8) z) z v26) (S I (S I (S z)) (I v0) I))))
B (K (x z z (x x (z B) (S (K (S v8) z) z v26) (S I (S I (S z)) (I v0) I))))
B (K (x z z (x x (z B) (K (S v8) z v26 (z v26)) (S I (S I (S z)) (I v0) I))))
B (K (x z z (x x (z B) (S v8 v26 (z v26)) (S I (S I (S z)) (I v0) I))))
B (K (x z z (x x (z B) (v8 (z v26) (v26 (z v26))) (S I (S I (S z)) (I v0) I))))
B (K (x z z (x x (z B) (v8 (z v26) (v26 (z v26))) (I (I v0) (S I (S z) (I v0)) I))))
B (K (x z z (x x (z B) (v8 (z v26) (v26 (z v26))) (I v0 (S I (S z) (I v0)) I))))
B (K (x z z (x x (z B) (v8 (z v26) (v26 (z v26))) (v0 (S I (S z) (I v0)) I))))
B (K (x z z (x x (z B) (v8 (z v26) (v26 (z v26))) (v0 (I (I v0) (S z (I v0))) I))))
B (K (x z z (x x (z B) (v8 (z v26) (v26 (z v26))) (v0 (I v0 (S z (I v0))) I))))
B (K (x z z (x x (z B) (v8 (z v26) (v26 (z v26))) (v0 (v0 (S z (I v0))) I))))
B (K (x z z (x x (z B) (v8 (z v26) (v26 (z v26))) (v0 (v0 (S z v0)) I))))
