S (I (K (I (B (x z)))) (S B (v29 (v4 K)))) (B (v10 K)) B S (x v6 v22 (v18 (x (x (S (I v29 (x x))))) K) (v7 v12)) (K (K z S (I I) (v2 K K) (x (z v12 v24)) I (B (S I)) B (B v5 B (I x) (z B (v9 (B (x (z (S v15))) I)) I z))) (K z (K S B (x (v1 (v17 z)) B (v10 (B (z z))))) z))
I (K (I (B (x z)))) (S B (v29 (v4 K))) B (B (v10 K) B) S (x v6 v22 (v18 (x (x (S (I v29 (x x))))) K) (v7 v12)) (K (K z S (I I) (v2 K K) (x (z v12 v24)) I (B (S I)) B (B v5 B (I x) (z B (v9 (B (x (z (S v15))) I)) I z))) (K z (K S B (x (v1 (v17 z)) B (v10 (B (z z))))) z))
K (I (B (x z))) (S B (v29 (v4 K))) B (B (v10 K) B) S (x v6 v22 (v18 (x (x (S (I v29 (x x))))) K) (v7 v12)) (K (K z S (I I) (v2 K K) (x (z v12 v24)) I (B (S I)) B (B v5 B (I x) (z B (v9 (B (x (z (S v15))) I)) I z))) (K z (K S B (x (v1 (v17 z)) B (v10 (B (z z))))) z))
I (B (x z)) B (B (v10 K) B) S (x v6 v22 (v18 (x (x (S (I v29 (x x))))) K) (v7 v12)) (K (K z S (I I) (v2 K K) (x (z v12 v24)) I (B (S I)) B (B v5 B (I x) (z B (v9 (B (x (z (S v15))) I)) I z))) (K z (K S B (x (v1 (v17 z)) B (v10 (B (z z))))) z))
B (x z) B (B (v10 K) B) S (x v6 v22 (v18 (x (x (S (I v29 (x x))))) K) (v7 v12)) (K (K z S (I I) (v2 K K) (x (z v12 v24)) I (B (S I)) B (B v5 B (I x) (z B (v9 (B (x (z (S v15))) I)) I z))) (K z (K S B (x (v1 (v17 z)) B (v10 (B (z z))))) z))
x z (B (B (v10 K) B)) S (x v6 v22 (v18 (x (x (S (I v29 (x x))))) K) (v7 v12)) (K (K z S (I I) (v2 K K) (x (z v12 v24)) I (B (S I)) B (B v5 B (I x) (z B (v9 (B (x (z (S v15))) I)) I z))) (K z (K S B (x (v1 (v17 z)) B (v10 (B (z z))))) z))
x z (B (B (v10 K) B)) S (x v6 v22 (v18 (x (x (S (v29 (x x))))) K) (v7 v12)) (K (K z S (I I) (v2 K K) (x (z v12 v24)) I (B (S I)) B (B v5 B (I x) (z B (v9 (B (x (z (S v15))) I)) I z))) (K z (K S B (x (v1 (v17 z)) B (v10 (B (z z))))) z))
x z (B (B (v10 K) B)) S (x v6 v22 (v18 (x (x (S (v29 (x x))))) K) (v7 v12)) (K z S (I I) (v2 K K) (x (z v12 v24)) I (B (S I)) B (B v5 B (I x) (z B (v9 (B (x (z (S v15))) I)) I z)))
x z (B (B (v10 K) B)) S (x v6 v22 (v18 (x (x (S (v29 (x x))))) K) (v7 v12)) (z (I I) (v2 K K) (x (z v12 v24)) I (B (S I)) B (B v5 B (I x) (z B (v9 (B (x (z (S v15))) I)) I z)))
x z (B (B (v10 K) B)) S (x v6 v22 (v18 (x (x (S (v29 (x x))))) K) (v7 v12)) (z I (v2 K K) (x (z v12 v24)) I (B (S I)) B (B v5 B (I x) (z B (v9 (B (x (z (S v15))) I)) I z)))
x z (B (B (v10 K) B)) S (x v6 v22 (v18 (x (x (S (v29 (x x))))) K) (v7 v12)) (z I (v2 K K) (x (z v12 v24)) I (B (S I)) B (v5 (B (I x)) (z B (v9 (B (x (z (S v15))) I)) I z)))
x z (B (B (v10 K) B)) S (x v6 v22 (v18 (x (x (S (v29 (x x))))) K) (v7 v12)) (z I (v2 K K) (x (z v12 v24)) I (B (S I)) B (v5 (B x) (z B (v9 (B (x (z (S v15))) I)) I z)))
B
K
B (S (z (I x) z)) (x S) (x (S K) (S (K (z x v24) I) (z K)) S) K
S (z (I x) z) (x S (x (S K) (S (K (z x v24) I) (z K)) S)) K
z (I x) z K (x S (x (S K) (S (K (z x v24) I) (z K)) S) K)
z x z K (x S (x (S K) (S (K (z x v24) I) (z K)) S) K)
z x z K (x S (x (S K) (S (z x v24) (z K)) S) K)
B B (B (B K K) (S x) (S (x v3)) (x (x I B I I (B B (I (x K) K) v8 S (K S))) (K (I x) z (K v4 x) z S)) v7 (I B (x (S (v12 (z S) x))) (B (K I)) (v7 S B K))) (I (B x) z S K (B x K (x B x) (B B S) (S B x (K K I) I (K (S (B z) x) (B v14) (v29 (S S v20 z))))))
B (B (B K K) (S x) (S (x v3)) (x (x I B I I (B B (I (x K) K) v8 S (K S))) (K (I x) z (K v4 x) z S)) v7 (I B (x (S (v12 (z S) x))) (B (K I)) (v7 S B K)) (I (B x) z S K (B x K (x B x) (B B S) (S B x (K K I) I (K (S (B z) x) (B v14) (v29 (S S v20 z)))))))
B (B K K (S x (S (x v3))) (x (x I B I I (B B (I (x K) K) v8 S (K S))) (K (I x) z (K v4 x) z S)) v7 (I B (x (S (v12 (z S) x))) (B (K I)) (v7 S B K)) (I (B x) z S K (B x K (x B x) (B B S) (S B x (K K I) I (K (S (B z) x) (B v14) (v29 (S S v20 z)))))))
B (K (K (S x (S (x v3)))) (x (x I B I I (B B (I (x K) K) v8 S (K S))) (K (I x) z (K v4 x) z S)) v7 (I B (x (S (v12 (z S) x))) (B (K I)) (v7 S B K)) (I (B x) z S K (B x K (x B x) (B B S) (S B x (K K I) I (K (S (B z) x) (B v14) (v29 (S S v20 z)))))))
B (K (S x (S (x v3))) v7 (I B (x (S (v12 (z S) x))) (B (K I)) (v7 S B K)) (I (B x) z S K (B x K (x B x) (B B S) (S B x (K K I) I (K (S (B z) x) (B v14) (v29 (S S v20 z)))))))
B (S x (S (x v3)) (I B (x (S (v12 (z S) x))) (B (K I)) (v7 S B K)) (I (B x) z S K (B x K (x B x) (B B S) (S B x (K K I) I (K (S (B z) x) (B v14) (v29 (S S v20 z)))))))
B (x (I B (x (S (v12 (z S) x))) (B (K I)) (v7 S B K)) (S (x v3) (I B (x (S (v12 (z S) x))) (B (K I)) (v7 S B K))) (I (B x) z S K (B x K (x B x) (B B S) (S B x (K K I) I (K (S (B z) x) (B v14) (v29 (S S v20 z)))))))
B (x (B (x (S (v12 (z S) x))) (B (K I)) (v7 S B K)) (S (x v3) (I B (x (S (v12 (z S) x))) (B (K I)) (v7 S B K))) (I (B x) z S K (B x K (x B x) (B B S) (S B x (K K I) I (K (S (B z) x) (B v14) (v29 (S S v20 z)))))))
B (x (x (S (v12 (z S) x)) (B (K I) (v7 S B K))) (S (x v3) (I B (x (S (v12 (z S) x))) (B (K I)) (v7 S B K))) (I (B x) z S K (B x K (x B x) (B B S) (S B x (K K I) I (K (S (B z) x) (B v14) (v29 (S S v20 z)))))))
B (x (x (S (v12 (z S) x)) (B (K I) (v7 S B K))) (S (x v3) (B (x (S (v12 (z S) x))) (B (K I)) (v7 S B K))) (I (B x) z S K (B x K (x B x) (B B S) (S B x (K K I) I (K (S (B z) x) (B v14) (v29 (S S v20 z)))))))
B (x (x (S (v12 (z S) x)) (B (K I) (v7 S B K))) (S (x v3) (x (S (v12 (z S) x)) (B (K I) (v7 S B K)))) (I (B x) z S K (B x K (x B x) (B B S) (S B x (K K I) I (K (S (B z) x) (B v14) (v29 (S S v20 z)))))))
B (x (x (S (v12 (z S) x)) (B (K I) (v7 S B K))) (S (x v3) (x (S (v12 (z S) x)) (B (K I) (v7 S B K)))) (B x z S K (B x K (x B x) (B B S) (S B x (K K I) I (K (S (B z) x) (B v14) (v29 (S S v20 z)))))))
B (x (x (S (v12 (z S) x)) (B (K I) (v7 S B K))) (S (x v3) (x (S (v12 (z S) x)) (B (K I) (v7 S B K)))) (x (z S) K (B x K (x B x) (B B S) (S B x (K K I) I (K (S (B z) x) (B v14) (v29 (S S v20 z)))))))
B (x (x (S (v12 (z S) x)) (B (K I) (v7 S B K))) (S (x v3) (x (S (v12 (z S) x)) (B (K I) (v7 S B K)))) (x (z S) K (x (K (x B x)) (B B S) (S B x (K K I) I (K (S (B z) x) (B v14) (v29 (S S v20 z)))))))
B (x (x (S (v12 (z S) x)) (B (K I) (v7 S B K))) (S (x v3) (x (S (v12 (z S) x)) (B (K I) (v7 S B K)))) (x (z S) K (x (K (x B x)) (B B S) (B (K K I) (x (K K I)) I (K (S (B z) x) (B v14) (v29 (S S v20 z)))))))
B (x (x (S (v12 (z S) x)) (B (K I) (v7 S B K))) (S (x v3) (x (S (v12 (z S) x)) (B (K I) (v7 S B K)))) (x (z S) K (x (K (x B x)) (B B S) (K K I (x (K K I) I) (K (S (B z) x) (B v14) (v29 (S S v20 z)))))))
B (x (x (S (v12 (z S) x)) (B (K I) (v7 S B K))) (S (x v3) (x (S (v12 (z S) x)) (B (K I) (v7 S B K)))) (x (z S) K (x (K (x B x)) (B B S) (K (x (K K I) I) (K (S (B z) x) (B v14) (v29 (S S v20 z)))))))
B (x (x (S (v12 (z S) x)) (B (K I) (v7 S B K))) (S (x v3) (x (S (v12 (z S) x)) (B (K I) (v7 S B K)))) (x (z S) K (x (K (x B x)) (B B S) (x (K K I) I))))
B (x (x (S (v12 (z S) x)) (B (K I) (v7 S B K))) (S (x v3) (x (S (v12 (z S) x)) (B (K I) (v7 S B K)))) (x (z S) K (x (K (x B x)) (B B S) (x K I))))
K (x (I (z I K z) I B S v4) K I)
K (x (z I K z I B S v4) K I)
K (v19 (x (z z)) K) (S (B I (x (S x (K S (B I) z) x))))
v19 (x (z z)) K
S
I
S S (K (v30 I (K B)) I)
S S (v30 I (K B))
