x (S (I (S z))) (S (B S (K x) (S (I (K v15))) (v29 (S (B I)))) S) S v0 (z (x (K (x z) (S (x (v17 z)) x)) (z (S (I x) S v6))) (v8 (K K) S (B I) z x (v8 (S I) (z (B K (z x z) (I (z v9)))))))
x (S (S z)) (S (B S (K x) (S (I (K v15))) (v29 (S (B I)))) S) S v0 (z (x (K (x z) (S (x (v17 z)) x)) (z (S (I x) S v6))) (v8 (K K) S (B I) z x (v8 (S I) (z (B K (z x z) (I (z v9)))))))
x (S (S z)) (S (S (K x (S (I (K v15)))) (v29 (S (B I)))) S) S v0 (z (x (K (x z) (S (x (v17 z)) x)) (z (S (I x) S v6))) (v8 (K K) S (B I) z x (v8 (S I) (z (B K (z x z) (I (z v9)))))))
x (S (S z)) (S (S x (v29 (S (B I)))) S) S v0 (z (x (K (x z) (S (x (v17 z)) x)) (z (S (I x) S v6))) (v8 (K K) S (B I) z x (v8 (S I) (z (B K (z x z) (I (z v9)))))))
x (S (S z)) (S (S x (v29 (S (B I)))) S) S v0 (z (x (x z) (z (S (I x) S v6))) (v8 (K K) S (B I) z x (v8 (S I) (z (B K (z x z) (I (z v9)))))))
x (S (S z)) (S (S x (v29 (S (B I)))) S) S v0 (z (x (x z) (z (I x v6 (S v6)))) (v8 (K K) S (B I) z x (v8 (S I) (z (B K (z x z) (I (z v9)))))))
x (S (S z)) (S (S x (v29 (S (B I)))) S) S v0 (z (x (x z) (z (x v6 (S v6)))) (v8 (K K) S (B I) z x (v8 (S I) (z (B K (z x z) (I (z v9)))))))
x (S (S z)) (S (S x (v29 (S (B I)))) S) S v0 (z (x (x z) (z (x v6 (S v6)))) (v8 (K K) S (B I) z x (v8 (S I) (z (K (z x z (I (z v9))))))))
x (S (S z)) (S (S x (v29 (S (B I)))) S) S v0 (z (x (x z) (z (x v6 (S v6)))) (v8 (K K) S (B I) z x (v8 (S I) (z (K (z x z (z v9)))))))
x K (B (x (I I) (S (K I (x x)) S)) (K (S I (z x x x) (x (S (K B) S) (I B)))))
x K (B (x I (S (K I (x x)) S)) (K (S I (z x x x) (x (S (K B) S) (I B)))))
x K (B (x I (S I S)) (K (S I (z x x x) (x (S (K B) S) (I B)))))
x K (B (x I (S I S)) (K (I (x (S (K B) S) (I B)) (z x x x (x (S (K B) S) (I B))))))
x K (B (x I (S I S)) (K (x (S (K B) S) (I B) (z x x x (x (S (K B) S) (I B))))))
x K (B (x I (S I S)) (K (x (S (K B) S) B (z x x x (x (S (K B) S) (I B))))))
x K (B (x I (S I S)) (K (x (S (K B) S) B (z x x x (x (S (K B) S) B)))))
K K (S (I (K (S I))) (z I) (x K)) (K z) I z (x I) (B (v12 (v11 z x (K I) (z K K) K)) (S (S v13 x) I K S))
K (K z) I z (x I) (B (v12 (v11 z x (K I) (z K K) K)) (S (S v13 x) I K S))
K z z (x I) (B (v12 (v11 z x (K I) (z K K) K)) (S (S v13 x) I K S))
z (x I) (B (v12 (v11 z x (K I) (z K K) K)) (S (S v13 x) I K S))
z (x I) (B (v12 (v11 z x (K I) (z K K) K)) (S v13 x K (I K) S))
z (x I) (B (v12 (v11 z x (K I) (z K K) K)) (v13 K (x K) (I K) S))
z (x I) (B (v12 (v11 z x (K I) (z K K) K)) (v13 K (x K) K S))
K (K (I (v27 x) B) S) K (v29 z I)
K (I (v27 x) B) S (v29 z I)
I (v27 x) B (v29 z I)
v27 x B (v29 z I)
S
v11 (S (I (B K) z (I B))) (x (z K z z x)) (I (K v2) (K B) v4 (B z) (S (z x K))) v12 (K B K z) (I (v11 v3 z z))
v11 (S (B K z (I B))) (x (z K z z x)) (I (K v2) (K B) v4 (B z) (S (z x K))) v12 (K B K z) (I (v11 v3 z z))
v11 (S (K (z (I B)))) (x (z K z z x)) (I (K v2) (K B) v4 (B z) (S (z x K))) v12 (K B K z) (I (v11 v3 z z))
v11 (S (K (z B))) (x (z K z z x)) (I (K v2) (K B) v4 (B z) (S (z x K))) v12 (K B K z) (I (v11 v3 z z))
v11 (S (K (z B))) (x (z K z z x)) (K v2 (K B) v4 (B z) (S (z x K))) v12 (K B K z) (I (v11 v3 z z))
v11 (S (K (z B))) (x (z K z z x)) (v2 v4 (B z) (S (z x K))) v12 (K B K z) (I (v11 v3 z z))
v11 (S (K (z B))) (x (z K z z x)) (v2 v4 (B z) (S (z x K))) v12 (B z) (I (v11 v3 z z))
v11 (S (K (z B))) (x (z K z z x)) (v2 v4 (B z) (S (z x K))) v12 (B z) (v11 v3 z z)
I (x I)
x I
z
x (B (z v25) (I (I v9 I) S (I S) I) (v11 (v28 S)))
x (z v25 (I (I v9 I) S (I S) I (v11 (v28 S))))
x (z v25 (I v9 I S (I S) I (v11 (v28 S))))
x (z v25 (v9 I S (I S) I (v11 (v28 S))))
x (z v25 (v9 I S S I (v11 (v28 S))))
B (z (S S (x (B K I) B) (S I) (z v11 (B (B x (B K))) (S x))) (S (I S (S z S)) (K (x K (K S)))) (B v26 (x K (x S I)) S (z v12) z (z v1) x (x I B v1 (K v10 x))))
B (z (S (S I) (x (B K I) B (S I)) (z v11 (B (B x (B K))) (S x))) (S (I S (S z S)) (K (x K (K S)))) (B v26 (x K (x S I)) S (z v12) z (z v1) x (x I B v1 (K v10 x))))
B (z (S I (z v11 (B (B x (B K))) (S x)) (x (B K I) B (S I) (z v11 (B (B x (B K))) (S x)))) (S (I S (S z S)) (K (x K (K S)))) (B v26 (x K (x S I)) S (z v12) z (z v1) x (x I B v1 (K v10 x))))
B (z (I (x (B K I) B (S I) (z v11 (B (B x (B K))) (S x))) (z v11 (B (B x (B K))) (S x) (x (B K I) B (S I) (z v11 (B (B x (B K))) (S x))))) (S (I S (S z S)) (K (x K (K S)))) (B v26 (x K (x S I)) S (z v12) z (z v1) x (x I B v1 (K v10 x))))
B (z (x (B K I) B (S I) (z v11 (B (B x (B K))) (S x)) (z v11 (B (B x (B K))) (S x) (x (B K I) B (S I) (z v11 (B (B x (B K))) (S x))))) (S (I S (S z S)) (K (x K (K S)))) (B v26 (x K (x S I)) S (z v12) z (z v1) x (x I B v1 (K v10 x))))
B (z (x (B K I) B (S I) (z v11 (B (B x (B K))) (S x)) (z v11 (B (B x (B K))) (S x) (x (B K I) B (S I) (z v11 (B (B x (B K))) (S x))))) (S (S (S z S)) (K (x K (K S)))) (B v26 (x K (x S I)) S (z v12) z (z v1) x (x I B v1 (K v10 x))))
B (z (x (B K I) B (S I) (z v11 (B (B x (B K))) (S x)) (z v11 (B (B x (B K))) (S x) (x (B K I) B (S I) (z v11 (B (B x (B K))) (S x))))) (S (S (S z S)) (K (x K (K S)))) (v26 (x K (x S I) S) (z v12) z (z v1) x (x I B v1 (K v10 x))))
B (z (x (B K I) B (S I) (z v11 (B (B x (B K))) (S x)) (z v11 (B (B x (B K))) (S x) (x (B K I) B (S I) (z v11 (B (B x (B K))) (S x))))) (S (S (S z S)) (K (x K (K S)))) (v26 (x K (x S I) S) (z v12) z (z v1) x (x I B v1 v10)))
