v25
S (S (z (I z (S S I)) (I I)) B)
S (S (z (z (S S I)) (I I)) B)
S (S (z (z (S S I)) I) B)
x
K (B (S (B x) (z v4 (K z) (z K) x (v0 K I))) (z z (K B) K (v3 K) z K K (I x (x B) (K (x x)))))
K (B (S (B x) (z v4 (K z) (z K) x (v0 K I))) (z z (K B) K (v3 K) z K K (x (x B) (K (x x)))))
I (x (I (K (K (x v28) I) (K z (v12 (B I) B)) (z (v22 z I)) K (v10 v20))))
x (I (K (K (x v28) I) (K z (v12 (B I) B)) (z (v22 z I)) K (v10 v20)))
x (K (K (x v28) I) (K z (v12 (B I) B)) (z (v22 z I)) K (v10 v20))
x (K (x v28) I (z (v22 z I)) K (v10 v20))
x (x v28 (z (v22 z I)) K (v10 v20))
I (K B) (x (I (K (z B (z z z)) z (S S B) v29))) (K (K (K z))) (I (S v1) (K (K x)) v30 z)
K B (x (I (K (z B (z z z)) z (S S B) v29))) (K (K (K z))) (I (S v1) (K (K x)) v30 z)
B (K (K (K z))) (I (S v1) (K (K x)) v30 z)
B (K (K (K z))) (S v1 (K (K x)) v30 z)
B (K (K (K z))) (v1 v30 (K (K x) v30) z)
B (K (K (K z))) (v1 v30 (K x) z)
S v5 (z x)
B B B (z (S K (x (z v0) (I x) (I K)) v27)) (S I K I (K K (B (x v29))) (z (z (K (K S) (x x))) (I x) I (z (v9 I z)) (v29 z (z z (x (B I x B) z (v18 I S (z (v13 (v4 x) z) (K I))) K)))))
B (B (z (S K (x (z v0) (I x) (I K)) v27))) (S I K I (K K (B (x v29))) (z (z (K (K S) (x x))) (I x) I (z (v9 I z)) (v29 z (z z (x (B I x B) z (v18 I S (z (v13 (v4 x) z) (K I))) K)))))
B (B (z (K v27 (x (z v0) (I x) (I K) v27)))) (S I K I (K K (B (x v29))) (z (z (K (K S) (x x))) (I x) I (z (v9 I z)) (v29 z (z z (x (B I x B) z (v18 I S (z (v13 (v4 x) z) (K I))) K)))))
B (B (z v27)) (S I K I (K K (B (x v29))) (z (z (K (K S) (x x))) (I x) I (z (v9 I z)) (v29 z (z z (x (B I x B) z (v18 I S (z (v13 (v4 x) z) (K I))) K)))))
B (B (z v27)) (I I (K I) (K K (B (x v29))) (z (z (K (K S) (x x))) (I x) I (z (v9 I z)) (v29 z (z z (x (B I x B) z (v18 I S (z (v13 (v4 x) z) (K I))) K)))))
B (B (z v27)) (I (K I) (K K (B (x v29))) (z (z (K (K S) (x x))) (I x) I (z (v9 I z)) (v29 z (z z (x (B I x B) z (v18 I S (z (v13 (v4 x) z) (K I))) K)))))
B (B (z v27)) (K I (K K (B (x v29))) (z (z (K (K S) (x x))) (I x) I (z (v9 I z)) (v29 z (z z (x (B I x B) z (v18 I S (z (v13 (v4 x) z) (K I))) K)))))
B (B (z v27)) (I (z (z (K (K S) (x x))) (I x) I (z (v9 I z)) (v29 z (z z (x (B I x B) z (v18 I S (z (v13 (v4 x) z) (K I))) K)))))
B (B (z v27)) (z (z (K (K S) (x x))) (I x) I (z (v9 I z)) (v29 z (z z (x (B I x B) z (v18 I S (z (v13 (v4 x) z) (K I))) K))))
B (B (z v27)) (z (z (K S)) (I x) I (z (v9 I z)) (v29 z (z z (x (B I x B) z (v18 I S (z (v13 (v4 x) z) (K I))) K))))
B (B (z v27)) (z (z (K S)) x I (z (v9 I z)) (v29 z (z z (x (B I x B) z (v18 I S (z (v13 (v4 x) z) (K I))) K))))
B (B (z v27)) (z (z (K S)) x I (z (v9 I z)) (v29 z (z z (x (I (x B)) z (v18 I S (z (v13 (v4 x) z) (K I))) K))))
B (B (z v27)) (z (z (K S)) x I (z (v9 I z)) (v29 z (z z (x (x B) z (v18 I S (z (v13 (v4 x) z) (K I))) K))))
x
x (K z (B x) (v13 (B (B K z x)) z x (K (I S (I (K B (B (z z I) S)) z))))) (B B (v14 I) S (B S (I x S (I v11))) (x (I B B K (z (v28 z (x (I I))))) (v27 x)) z)
x (z (v13 (B (B K z x)) z x (K (I S (I (K B (B (z z I) S)) z))))) (B B (v14 I) S (B S (I x S (I v11))) (x (I B B K (z (v28 z (x (I I))))) (v27 x)) z)
x (z (v13 (B (K (z x))) z x (K (I S (I (K B (B (z z I) S)) z))))) (B B (v14 I) S (B S (I x S (I v11))) (x (I B B K (z (v28 z (x (I I))))) (v27 x)) z)
x (z (v13 (B (K (z x))) z x (K (S (I (K B (B (z z I) S)) z))))) (B B (v14 I) S (B S (I x S (I v11))) (x (I B B K (z (v28 z (x (I I))))) (v27 x)) z)
x (z (v13 (B (K (z x))) z x (K (S (K B (B (z z I) S) z))))) (B B (v14 I) S (B S (I x S (I v11))) (x (I B B K (z (v28 z (x (I I))))) (v27 x)) z)
x (z (v13 (B (K (z x))) z x (K (S (B z))))) (B B (v14 I) S (B S (I x S (I v11))) (x (I B B K (z (v28 z (x (I I))))) (v27 x)) z)
x (z (v13 (B (K (z x))) z x (K (S (B z))))) (B (v14 I S) (B S (I x S (I v11))) (x (I B B K (z (v28 z (x (I I))))) (v27 x)) z)
x (z (v13 (B (K (z x))) z x (K (S (B z))))) (v14 I S (B S (I x S (I v11)) (x (I B B K (z (v28 z (x (I I))))) (v27 x))) z)
x (z (v13 (B (K (z x))) z x (K (S (B z))))) (v14 I S (S (I x S (I v11) (x (I B B K (z (v28 z (x (I I))))) (v27 x)))) z)
x (z (v13 (B (K (z x))) z x (K (S (B z))))) (v14 I S (S (x S (I v11) (x (I B B K (z (v28 z (x (I I))))) (v27 x)))) z)
x (z (v13 (B (K (z x))) z x (K (S (B z))))) (v14 I S (S (x S v11 (x (I B B K (z (v28 z (x (I I))))) (v27 x)))) z)
x (z (v13 (B (K (z x))) z x (K (S (B z))))) (v14 I S (S (x S v11 (x (B B K (z (v28 z (x (I I))))) (v27 x)))) z)
x (z (v13 (B (K (z x))) z x (K (S (B z))))) (v14 I S (S (x S v11 (x (B (K (z (v28 z (x (I I)))))) (v27 x)))) z)
x (z (v13 (B (K (z x))) z x (K (S (B z))))) (v14 I S (S (x S v11 (x (B (K (z (v28 z (x I))))) (v27 x)))) z)
