S B (K (S I) K x I K)
S B (S I x I K)
S B (I I (x I) K)
S B (I (x I) K)
S B (x I K)
B
B (B (I (K (z (x (S z)) z v20))) (z S z (K I)))
B (B (K (z (x (S z)) z v20)) (z S z (K I)))
S (z (z v11) (I (z z)) (x (I v10 (I z (x z)) x) (x S x)) z) (z (z v21 (I S) (S (x K S) K S (z (z z (z (v28 z)))))) (B x (S z I z v11 I I) S) (K (I I) B S))
S (z (z v11) (z z) (x (I v10 (I z (x z)) x) (x S x)) z) (z (z v21 (I S) (S (x K S) K S (z (z z (z (v28 z)))))) (B x (S z I z v11 I I) S) (K (I I) B S))
S (z (z v11) (z z) (x (v10 (I z (x z)) x) (x S x)) z) (z (z v21 (I S) (S (x K S) K S (z (z z (z (v28 z)))))) (B x (S z I z v11 I I) S) (K (I I) B S))
S (z (z v11) (z z) (x (v10 (z (x z)) x) (x S x)) z) (z (z v21 (I S) (S (x K S) K S (z (z z (z (v28 z)))))) (B x (S z I z v11 I I) S) (K (I I) B S))
S (z (z v11) (z z) (x (v10 (z (x z)) x) (x S x)) z) (z (z v21 S (S (x K S) K S (z (z z (z (v28 z)))))) (B x (S z I z v11 I I) S) (K (I I) B S))
S (z (z v11) (z z) (x (v10 (z (x z)) x) (x S x)) z) (z (z v21 S (x K S S (K S) (z (z z (z (v28 z)))))) (B x (S z I z v11 I I) S) (K (I I) B S))
S (z (z v11) (z z) (x (v10 (z (x z)) x) (x S x)) z) (z (z v21 S (x K S S (K S) (z (z z (z (v28 z)))))) (x (S z I z v11 I I S)) (K (I I) B S))
S (z (z v11) (z z) (x (v10 (z (x z)) x) (x S x)) z) (z (z v21 S (x K S S (K S) (z (z z (z (v28 z)))))) (x (z z (I z) v11 I I S)) (K (I I) B S))
S (z (z v11) (z z) (x (v10 (z (x z)) x) (x S x)) z) (z (z v21 S (x K S S (K S) (z (z z (z (v28 z)))))) (x (z z z v11 I I S)) (K (I I) B S))
S (z (z v11) (z z) (x (v10 (z (x z)) x) (x S x)) z) (z (z v21 S (x K S S (K S) (z (z z (z (v28 z)))))) (x (z z z v11 I I S)) (I I S))
S (z (z v11) (z z) (x (v10 (z (x z)) x) (x S x)) z) (z (z v21 S (x K S S (K S) (z (z z (z (v28 z)))))) (x (z z z v11 I I S)) (I S))
S (z (z v11) (z z) (x (v10 (z (x z)) x) (x S x)) z) (z (z v21 S (x K S S (K S) (z (z z (z (v28 z)))))) (x (z z z v11 I I S)) S)
v15 z K (K S (v6 (S K) (z z (B z))) (z v7 (S (z (z K K))))) (I (v25 (S x (I (v17 K K))) (K B)) (I (I (I B) (I K B)) (B z (x (z v21))))) (z z z B (v8 B) (x (B (B S)) (v25 (S S) I)) (z (x S S K I) x (x v15) v28) K) (B z z B x S (v3 z (B S (z K (v2 z (S z) K)) S)) (S (I (v22 K K)) K (B (v16 (z (B v23 (I (z I)) I) B x) B) z)))
v15 z K (S (z v7 (S (z (z K K))))) (I (v25 (S x (I (v17 K K))) (K B)) (I (I (I B) (I K B)) (B z (x (z v21))))) (z z z B (v8 B) (x (B (B S)) (v25 (S S) I)) (z (x S S K I) x (x v15) v28) K) (B z z B x S (v3 z (B S (z K (v2 z (S z) K)) S)) (S (I (v22 K K)) K (B (v16 (z (B v23 (I (z I)) I) B x) B) z)))
v15 z K (S (z v7 (S (z (z K K))))) (v25 (S x (I (v17 K K))) (K B) (I (I (I B) (I K B)) (B z (x (z v21))))) (z z z B (v8 B) (x (B (B S)) (v25 (S S) I)) (z (x S S K I) x (x v15) v28) K) (B z z B x S (v3 z (B S (z K (v2 z (S z) K)) S)) (S (I (v22 K K)) K (B (v16 (z (B v23 (I (z I)) I) B x) B) z)))
v15 z K (S (z v7 (S (z (z K K))))) (v25 (S x (v17 K K)) (K B) (I (I (I B) (I K B)) (B z (x (z v21))))) (z z z B (v8 B) (x (B (B S)) (v25 (S S) I)) (z (x S S K I) x (x v15) v28) K) (B z z B x S (v3 z (B S (z K (v2 z (S z) K)) S)) (S (I (v22 K K)) K (B (v16 (z (B v23 (I (z I)) I) B x) B) z)))
v15 z K (S (z v7 (S (z (z K K))))) (v25 (S x (v17 K K)) (K B) (I (I B) (I K B) (B z (x (z v21))))) (z z z B (v8 B) (x (B (B S)) (v25 (S S) I)) (z (x S S K I) x (x v15) v28) K) (B z z B x S (v3 z (B S (z K (v2 z (S z) K)) S)) (S (I (v22 K K)) K (B (v16 (z (B v23 (I (z I)) I) B x) B) z)))
v15 z K (S (z v7 (S (z (z K K))))) (v25 (S x (v17 K K)) (K B) (I B (I K B) (B z (x (z v21))))) (z z z B (v8 B) (x (B (B S)) (v25 (S S) I)) (z (x S S K I) x (x v15) v28) K) (B z z B x S (v3 z (B S (z K (v2 z (S z) K)) S)) (S (I (v22 K K)) K (B (v16 (z (B v23 (I (z I)) I) B x) B) z)))
v15 z K (S (z v7 (S (z (z K K))))) (v25 (S x (v17 K K)) (K B) (B (I K B) (B z (x (z v21))))) (z z z B (v8 B) (x (B (B S)) (v25 (S S) I)) (z (x S S K I) x (x v15) v28) K) (B z z B x S (v3 z (B S (z K (v2 z (S z) K)) S)) (S (I (v22 K K)) K (B (v16 (z (B v23 (I (z I)) I) B x) B) z)))
v15 z K (S (z v7 (S (z (z K K))))) (v25 (S x (v17 K K)) (K B) (B (K B) (B z (x (z v21))))) (z z z B (v8 B) (x (B (B S)) (v25 (S S) I)) (z (x S S K I) x (x v15) v28) K) (B z z B x S (v3 z (B S (z K (v2 z (S z) K)) S)) (S (I (v22 K K)) K (B (v16 (z (B v23 (I (z I)) I) B x) B) z)))
v15 z K (S (z v7 (S (z (z K K))))) (v25 (S x (v17 K K)) (K B) (B (K B) (B z (x (z v21))))) (z z z B (v8 B) (x (B (B S)) (v25 (S S) I)) (z (x S S K I) x (x v15) v28) K) (z (z B) x S (v3 z (B S (z K (v2 z (S z) K)) S)) (S (I (v22 K K)) K (B (v16 (z (B v23 (I (z I)) I) B x) B) z)))
v15 z K (S (z v7 (S (z (z K K))))) (v25 (S x (v17 K K)) (K B) (B (K B) (B z (x (z v21))))) (z z z B (v8 B) (x (B (B S)) (v25 (S S) I)) (z (x S S K I) x (x v15) v28) K) (z (z B) x S (v3 z (S (z K (v2 z (S z) K) S))) (S (I (v22 K K)) K (B (v16 (z (B v23 (I (z I)) I) B x) B) z)))
v15 z K (S (z v7 (S (z (z K K))))) (v25 (S x (v17 K K)) (K B) (B (K B) (B z (x (z v21))))) (z z z B (v8 B) (x (B (B S)) (v25 (S S) I)) (z (x S S K I) x (x v15) v28) K) (z (z B) x S (v3 z (S (z K (v2 z (S z) K) S))) (I (v22 K K) (B (v16 (z (B v23 (I (z I)) I) B x) B) z) (K (B (v16 (z (B v23 (I (z I)) I) B x) B) z))))
v15 z K (S (z v7 (S (z (z K K))))) (v25 (S x (v17 K K)) (K B) (B (K B) (B z (x (z v21))))) (z z z B (v8 B) (x (B (B S)) (v25 (S S) I)) (z (x S S K I) x (x v15) v28) K) (z (z B) x S (v3 z (S (z K (v2 z (S z) K) S))) (v22 K K (B (v16 (z (B v23 (I (z I)) I) B x) B) z) (K (B (v16 (z (B v23 (I (z I)) I) B x) B) z))))
v15 z K (S (z v7 (S (z (z K K))))) (v25 (S x (v17 K K)) (K B) (B (K B) (B z (x (z v21))))) (z z z B (v8 B) (x (B (B S)) (v25 (S S) I)) (z (x S S K I) x (x v15) v28) K) (z (z B) x S (v3 z (S (z K (v2 z (S z) K) S))) (v22 K K (B (v16 (z (v23 (I (z I) I)) B x) B) z) (K (B (v16 (z (B v23 (I (z I)) I) B x) B) z))))
v15 z K (S (z v7 (S (z (z K K))))) (v25 (S x (v17 K K)) (K B) (B (K B) (B z (x (z v21))))) (z z z B (v8 B) (x (B (B S)) (v25 (S S) I)) (z (x S S K I) x (x v15) v28) K) (z (z B) x S (v3 z (S (z K (v2 z (S z) K) S))) (v22 K K (B (v16 (z (v23 (z I I)) B x) B) z) (K (B (v16 (z (B v23 (I (z I)) I) B x) B) z))))
v15 z K (S (z v7 (S (z (z K K))))) (v25 (S x (v17 K K)) (K B) (B (K B) (B z (x (z v21))))) (z z z B (v8 B) (x (B (B S)) (v25 (S S) I)) (z (x S S K I) x (x v15) v28) K) (z (z B) x S (v3 z (S (z K (v2 z (S z) K) S))) (v22 K K (B (v16 (z (v23 (z I I)) B x) B) z) (K (B (v16 (z (v23 (I (z I) I)) B x) B) z))))
v15 z K (S (z v7 (S (z (z K K))))) (v25 (S x (v17 K K)) (K B) (B (K B) (B z (x (z v21))))) (z z z B (v8 B) (x (B (B S)) (v25 (S S) I)) (z (x S S K I) x (x v15) v28) K) (z (z B) x S (v3 z (S (z K (v2 z (S z) K) S))) (v22 K K (B (v16 (z (v23 (z I I)) B x) B) z) (K (B (v16 (z (v23 (z I I)) B x) B) z))))
v14 (K K)
B (K (K x (S z (B (x x (B (S v16))))) z v22 (B (B K) v14 (z (v10 v8 (S (B z))) (z S)))))
B (K (x z v22 (B (B K) v14 (z (v10 v8 (S (B z))) (z S)))))
B (K (x z v22 (B K (v14 (z (v10 v8 (S (B z))) (z S))))))
B (B (B (v29 v21 I))) (I z) (K v16 B x (S z) (B I) (v6 v21) (K x (S (I K (K z (x x x x) I K) (S (K (B (I z)) x v23)) z))))
B (B (v29 v21 I)) (I z (K v16 B x (S z) (B I) (v6 v21) (K x (S (I K (K z (x x x x) I K) (S (K (B (I z)) x v23)) z)))))
B (B (v29 v21 I)) (z (K v16 B x (S z) (B I) (v6 v21) (K x (S (I K (K z (x x x x) I K) (S (K (B (I z)) x v23)) z)))))
B (B (v29 v21 I)) (z (v16 x (S z) (B I) (v6 v21) (K x (S (I K (K z (x x x x) I K) (S (K (B (I z)) x v23)) z)))))
B (B (v29 v21 I)) (z (v16 x (S z) (B I) (v6 v21) x))
x (I (I (v14 (K (I K S)) (I (v6 z)) (K (v12 B) x S) (S I x))) K K) (B (x v22) (S (K S)) I (z B (x (x B I)) K (x (v11 K S (v4 S z)) K I) S) (K S))
x (I (v14 (K (I K S)) (I (v6 z)) (K (v12 B) x S) (S I x)) K K) (B (x v22) (S (K S)) I (z B (x (x B I)) K (x (v11 K S (v4 S z)) K I) S) (K S))
x (v14 (K (I K S)) (I (v6 z)) (K (v12 B) x S) (S I x) K K) (B (x v22) (S (K S)) I (z B (x (x B I)) K (x (v11 K S (v4 S z)) K I) S) (K S))
x (v14 (K (K S)) (I (v6 z)) (K (v12 B) x S) (S I x) K K) (B (x v22) (S (K S)) I (z B (x (x B I)) K (x (v11 K S (v4 S z)) K I) S) (K S))
x (v14 (K (K S)) (v6 z) (K (v12 B) x S) (S I x) K K) (B (x v22) (S (K S)) I (z B (x (x B I)) K (x (v11 K S (v4 S z)) K I) S) (K S))
x (v14 (K (K S)) (v6 z) (v12 B S) (S I x) K K) (B (x v22) (S (K S)) I (z B (x (x B I)) K (x (v11 K S (v4 S z)) K I) S) (K S))
x (v14 (K (K S)) (v6 z) (v12 B S) (S I x) K K) (x v22 (S (K S) I) (z B (x (x B I)) K (x (v11 K S (v4 S z)) K I) S) (K S))
x
