v5 v29 (x (x z) (x (B S)) (v2 (z x K I I (x (K B K (x z))) x B) (v3 (I K) (I (x v4 (B (I K B))))) (x x (x (S S))))) (x (x (z (I (B (K K) (S (v17 I))) x (z v1))) x I) (v19 v23 x (I (z x)) z) (x z (x K) (z (K I (I (B (K (x x) (z v3) B x)) (z x))))))
v5 v29 (x (x z) (x (B S)) (v2 (z x K I I (x (B (x z))) x B) (v3 (I K) (I (x v4 (B (I K B))))) (x x (x (S S))))) (x (x (z (I (B (K K) (S (v17 I))) x (z v1))) x I) (v19 v23 x (I (z x)) z) (x z (x K) (z (K I (I (B (K (x x) (z v3) B x)) (z x))))))
v5 v29 (x (x z) (x (B S)) (v2 (z x K I I (x (B (x z))) x B) (v3 K (I (x v4 (B (I K B))))) (x x (x (S S))))) (x (x (z (I (B (K K) (S (v17 I))) x (z v1))) x I) (v19 v23 x (I (z x)) z) (x z (x K) (z (K I (I (B (K (x x) (z v3) B x)) (z x))))))
v5 v29 (x (x z) (x (B S)) (v2 (z x K I I (x (B (x z))) x B) (v3 K (x v4 (B (I K B)))) (x x (x (S S))))) (x (x (z (I (B (K K) (S (v17 I))) x (z v1))) x I) (v19 v23 x (I (z x)) z) (x z (x K) (z (K I (I (B (K (x x) (z v3) B x)) (z x))))))
v5 v29 (x (x z) (x (B S)) (v2 (z x K I I (x (B (x z))) x B) (v3 K (x v4 (B (K B)))) (x x (x (S S))))) (x (x (z (I (B (K K) (S (v17 I))) x (z v1))) x I) (v19 v23 x (I (z x)) z) (x z (x K) (z (K I (I (B (K (x x) (z v3) B x)) (z x))))))
v5 v29 (x (x z) (x (B S)) (v2 (z x K I I (x (B (x z))) x B) (v3 K (x v4 (B (K B)))) (x x (x (S S))))) (x (x (z (B (K K) (S (v17 I)) x (z v1))) x I) (v19 v23 x (I (z x)) z) (x z (x K) (z (K I (I (B (K (x x) (z v3) B x)) (z x))))))
v5 v29 (x (x z) (x (B S)) (v2 (z x K I I (x (B (x z))) x B) (v3 K (x v4 (B (K B)))) (x x (x (S S))))) (x (x (z (K K (S (v17 I) x) (z v1))) x I) (v19 v23 x (I (z x)) z) (x z (x K) (z (K I (I (B (K (x x) (z v3) B x)) (z x))))))
v5 v29 (x (x z) (x (B S)) (v2 (z x K I I (x (B (x z))) x B) (v3 K (x v4 (B (K B)))) (x x (x (S S))))) (x (x (z (K (z v1))) x I) (v19 v23 x (I (z x)) z) (x z (x K) (z (K I (I (B (K (x x) (z v3) B x)) (z x))))))
v5 v29 (x (x z) (x (B S)) (v2 (z x K I I (x (B (x z))) x B) (v3 K (x v4 (B (K B)))) (x x (x (S S))))) (x (x (z (K (z v1))) x I) (v19 v23 x (z x) z) (x z (x K) (z (K I (I (B (K (x x) (z v3) B x)) (z x))))))
v5 v29 (x (x z) (x (B S)) (v2 (z x K I I (x (B (x z))) x B) (v3 K (x v4 (B (K B)))) (x x (x (S S))))) (x (x (z (K (z v1))) x I) (v19 v23 x (z x) z) (x z (x K) (z I)))
B (x (S (x I) v30)) (K v2 (v29 z (z B)) z S)
B (x (S (x I) v30)) (v2 z S)
v23
I (B z) z
B z z
I (v4 z (z v23) (v21 (v0 x (v4 (S (z K))) (S (x v28) (B (z (z I) K)) (B (I v25) (S (K S)) (I B) v0))))) x (z z (v3 (v6 (z S) K S)) (z (v30 (x (v26 K) v24))))
v4 z (z v23) (v21 (v0 x (v4 (S (z K))) (S (x v28) (B (z (z I) K)) (B (I v25) (S (K S)) (I B) v0)))) x (z z (v3 (v6 (z S) K S)) (z (v30 (x (v26 K) v24))))
v4 z (z v23) (v21 (v0 x (v4 (S (z K))) (x v28 (B (I v25) (S (K S)) (I B) v0) (B (z (z I) K) (B (I v25) (S (K S)) (I B) v0))))) x (z z (v3 (v6 (z S) K S)) (z (v30 (x (v26 K) v24))))
v4 z (z v23) (v21 (v0 x (v4 (S (z K))) (x v28 (I v25 (S (K S) (I B)) v0) (B (z (z I) K) (B (I v25) (S (K S)) (I B) v0))))) x (z z (v3 (v6 (z S) K S)) (z (v30 (x (v26 K) v24))))
v4 z (z v23) (v21 (v0 x (v4 (S (z K))) (x v28 (v25 (S (K S) (I B)) v0) (B (z (z I) K) (B (I v25) (S (K S)) (I B) v0))))) x (z z (v3 (v6 (z S) K S)) (z (v30 (x (v26 K) v24))))
v4 z (z v23) (v21 (v0 x (v4 (S (z K))) (x v28 (v25 (S (K S) B) v0) (B (z (z I) K) (B (I v25) (S (K S)) (I B) v0))))) x (z z (v3 (v6 (z S) K S)) (z (v30 (x (v26 K) v24))))
v4 z (z v23) (v21 (v0 x (v4 (S (z K))) (x v28 (v25 (S (K S) B) v0) (B (z (z I) K) (I v25 (S (K S) (I B)) v0))))) x (z z (v3 (v6 (z S) K S)) (z (v30 (x (v26 K) v24))))
v4 z (z v23) (v21 (v0 x (v4 (S (z K))) (x v28 (v25 (S (K S) B) v0) (B (z (z I) K) (v25 (S (K S) (I B)) v0))))) x (z z (v3 (v6 (z S) K S)) (z (v30 (x (v26 K) v24))))
v4 z (z v23) (v21 (v0 x (v4 (S (z K))) (x v28 (v25 (S (K S) B) v0) (B (z (z I) K) (v25 (S (K S) B) v0))))) x (z z (v3 (v6 (z S) K S)) (z (v30 (x (v26 K) v24))))
z I (K I v10) (x (K K K K)) S (B (v17 (S (B (I z)) (x z)) I))
z I I (x (K K K K)) S (B (v17 (S (B (I z)) (x z)) I))
z I I (x (K K)) S (B (v17 (S (B (I z)) (x z)) I))
z I I (x (K K)) S (B (v17 (S (B z) (x z)) I))
I v4 (K (x x)) (x B) (S (S (I (x (B z))) B (K x (x v15 (B (z (z (z (z (S I))))) x))))) x (v10 (v17 z (B z) S))
v4 (K (x x)) (x B) (S (S (I (x (B z))) B (K x (x v15 (B (z (z (z (z (S I))))) x))))) x (v10 (v17 z (B z) S))
v4 (K (x x)) (x B) (S (I (x (B z)) (K x (x v15 (B (z (z (z (z (S I))))) x))) (B (K x (x v15 (B (z (z (z (z (S I))))) x)))))) x (v10 (v17 z (B z) S))
v4 (K (x x)) (x B) (S (x (B z) (K x (x v15 (B (z (z (z (z (S I))))) x))) (B (K x (x v15 (B (z (z (z (z (S I))))) x)))))) x (v10 (v17 z (B z) S))
v4 (K (x x)) (x B) (S (x (B z) x (B (K x (x v15 (B (z (z (z (z (S I))))) x)))))) x (v10 (v17 z (B z) S))
v4 (K (x x)) (x B) (S (x (B z) x (B x))) x (v10 (v17 z (B z) S))
K K K B
K B
v27
v5 (K v14 (v21 v29 (S x)) S)
v5 (v14 S)
