K B (v16 (x B (K (B (I (B S) z)) B) (I K S) v16 (B (K (v21 S)) B))) I
B I
K S (v16 (K B x x v6) S) (B (B S (x K x)) I (K S z (I (z (I K I) z)) (I S) (I (S S)) S) B)
S (B (B S (x K x)) I (K S z (I (z (I K I) z)) (I S) (I (S S)) S) B)
S (B S (x K x) (I (K S z (I (z (I K I) z)) (I S) (I (S S)) S)) B)
S (S (x K x (I (K S z (I (z (I K I) z)) (I S) (I (S S)) S))) B)
S (S (x K x (K S z (I (z (I K I) z)) (I S) (I (S S)) S)) B)
S (S (x K x (S (I (z (I K I) z)) (I S) (I (S S)) S)) B)
S (S (x K x (I (z (I K I) z) (I (S S)) (I S (I (S S))) S)) B)
S (S (x K x (z (I K I) z (I (S S)) (I S (I (S S))) S)) B)
S (S (x K x (z (K I) z (I (S S)) (I S (I (S S))) S)) B)
S (S (x K x (z (K I) z (S S) (I S (I (S S))) S)) B)
S (S (x K x (z (K I) z (S S) (S (I (S S))) S)) B)
S (S (x K x (z (K I) z (S S) (S (S S)) S)) B)
x
x (z I K) (I (v17 (z (I z)) B (v20 K))) (B K x (v23 x x (K x S)) x S (x (x (K (S B)) x)) (z (B (B x (z K))) K))
x (z I K) (v17 (z (I z)) B (v20 K)) (B K x (v23 x x (K x S)) x S (x (x (K (S B)) x)) (z (B (B x (z K))) K))
x (z I K) (v17 (z z) B (v20 K)) (B K x (v23 x x (K x S)) x S (x (x (K (S B)) x)) (z (B (B x (z K))) K))
x (z I K) (v17 (z z) B (v20 K)) (K (x (v23 x x (K x S))) x S (x (x (K (S B)) x)) (z (B (B x (z K))) K))
x (z I K) (v17 (z z) B (v20 K)) (x (v23 x x (K x S)) S (x (x (K (S B)) x)) (z (B (B x (z K))) K))
x (z I K) (v17 (z z) B (v20 K)) (x (v23 x x x) S (x (x (K (S B)) x)) (z (B (B x (z K))) K))
v18 (z (I (z (K B)) x) B)
v18 (z (z (K B) x) B)
S (z S x (x (v30 x)) (v12 (v27 I v12 K (z B)) S (z B (B B)) (v28 (B S z (x I) (B B z I)))) (z z (B K) v26) (I (K (K x B (I B) (I z) (S (x (x I x) S (S (z S))))))))
S (z S x (x (v30 x)) (v12 (v27 I v12 K (z B)) S (z B (B B)) (v28 (S (z (x I)) (B B z I)))) (z z (B K) v26) (I (K (K x B (I B) (I z) (S (x (x I x) S (S (z S))))))))
S (z S x (x (v30 x)) (v12 (v27 I v12 K (z B)) S (z B (B B)) (v28 (S (z (x I)) (B (z I))))) (z z (B K) v26) (I (K (K x B (I B) (I z) (S (x (x I x) S (S (z S))))))))
S (z S x (x (v30 x)) (v12 (v27 I v12 K (z B)) S (z B (B B)) (v28 (S (z (x I)) (B (z I))))) (z z (B K) v26) (K (K x B (I B) (I z) (S (x (x I x) S (S (z S)))))))
S (z S x (x (v30 x)) (v12 (v27 I v12 K (z B)) S (z B (B B)) (v28 (S (z (x I)) (B (z I))))) (z z (B K) v26) (K (x (I B) (I z) (S (x (x I x) S (S (z S)))))))
S (z S x (x (v30 x)) (v12 (v27 I v12 K (z B)) S (z B (B B)) (v28 (S (z (x I)) (B (z I))))) (z z (B K) v26) (K (x B (I z) (S (x (x I x) S (S (z S)))))))
S (z S x (x (v30 x)) (v12 (v27 I v12 K (z B)) S (z B (B B)) (v28 (S (z (x I)) (B (z I))))) (z z (B K) v26) (K (x B z (S (x (x I x) S (S (z S)))))))
B (I K) x (B B)
I K (x (B B))
K (x (B B))
B I (K B (v26 (z (x B) x (S B I (K I)))) K) (z (S B) (v8 z) K v3 (K (S z I x K) (I x) x) (I (I z (x S) z) S I))
I (K B (v26 (z (x B) x (S B I (K I)))) K (z (S B) (v8 z) K v3 (K (S z I x K) (I x) x) (I (I z (x S) z) S I)))
K B (v26 (z (x B) x (S B I (K I)))) K (z (S B) (v8 z) K v3 (K (S z I x K) (I x) x) (I (I z (x S) z) S I))
B K (z (S B) (v8 z) K v3 (K (S z I x K) (I x) x) (I (I z (x S) z) S I))
B K (z (S B) (v8 z) K v3 (S z I x K x) (I (I z (x S) z) S I))
B K (z (S B) (v8 z) K v3 (z x (I x) K x) (I (I z (x S) z) S I))
B K (z (S B) (v8 z) K v3 (z x x K x) (I (I z (x S) z) S I))
B K (z (S B) (v8 z) K v3 (z x x K x) (I z (x S) z S I))
B K (z (S B) (v8 z) K v3 (z x x K x) (z (x S) z S I))
K K (S (I (z x) x) (z I (I I))) (v16 z)
K (v16 z)
S (I (I K v5) (x z) (S z) z) (v11 S B K) (K (x (I (I (x B)) v3))) (x S B x)
I (I K v5) (x z) (S z) z (K (x (I (I (x B)) v3))) (v11 S B K (K (x (I (I (x B)) v3)))) (x S B x)
I K v5 (x z) (S z) z (K (x (I (I (x B)) v3))) (v11 S B K (K (x (I (I (x B)) v3)))) (x S B x)
K v5 (x z) (S z) z (K (x (I (I (x B)) v3))) (v11 S B K (K (x (I (I (x B)) v3)))) (x S B x)
v5 (S z) z (K (x (I (I (x B)) v3))) (v11 S B K (K (x (I (I (x B)) v3)))) (x S B x)
v5 (S z) z (K (x (I (x B) v3))) (v11 S B K (K (x (I (I (x B)) v3)))) (x S B x)
v5 (S z) z (K (x (x B v3))) (v11 S B K (K (x (I (I (x B)) v3)))) (x S B x)
v5 (S z) z (K (x (x B v3))) (v11 S B K (K (x (I (x B) v3)))) (x S B x)
v5 (S z) z (K (x (x B v3))) (v11 S B K (K (x (x B v3)))) (x S B x)
