x
B (I K (S I z)) K (S z S) (z (B v19 (S (K v27)))) (S (x (K B K) v2 (S (v18 (I I (x v4)) I I (v11 (v17 (v0 v7))) (z (x I))))))
I K (S I z) (K (S z S)) (z (B v19 (S (K v27)))) (S (x (K B K) v2 (S (v18 (I I (x v4)) I I (v11 (v17 (v0 v7))) (z (x I))))))
K (S I z) (K (S z S)) (z (B v19 (S (K v27)))) (S (x (K B K) v2 (S (v18 (I I (x v4)) I I (v11 (v17 (v0 v7))) (z (x I))))))
S I z (z (B v19 (S (K v27)))) (S (x (K B K) v2 (S (v18 (I I (x v4)) I I (v11 (v17 (v0 v7))) (z (x I))))))
I (z (B v19 (S (K v27)))) (z (z (B v19 (S (K v27))))) (S (x (K B K) v2 (S (v18 (I I (x v4)) I I (v11 (v17 (v0 v7))) (z (x I))))))
z (B v19 (S (K v27))) (z (z (B v19 (S (K v27))))) (S (x (K B K) v2 (S (v18 (I I (x v4)) I I (v11 (v17 (v0 v7))) (z (x I))))))
z (B v19 (S (K v27))) (z (z (B v19 (S (K v27))))) (S (x B v2 (S (v18 (I I (x v4)) I I (v11 (v17 (v0 v7))) (z (x I))))))
z (B v19 (S (K v27))) (z (z (B v19 (S (K v27))))) (S (x B v2 (S (v18 (I (x v4)) I I (v11 (v17 (v0 v7))) (z (x I))))))
z (B v19 (S (K v27))) (z (z (B v19 (S (K v27))))) (S (x B v2 (S (v18 (x v4) I I (v11 (v17 (v0 v7))) (z (x I))))))
K (I (z K) (S z) (x B S S) (S K v22 S) (I (z S v6) (x S B) (v28 (S K K (z K (B K I) K B) B)))) (x z K) (K (S z (I I) (K (S (v7 S)) (B K) v19)))
I (z K) (S z) (x B S S) (S K v22 S) (I (z S v6) (x S B) (v28 (S K K (z K (B K I) K B) B))) (K (S z (I I) (K (S (v7 S)) (B K) v19)))
z K (S z) (x B S S) (S K v22 S) (I (z S v6) (x S B) (v28 (S K K (z K (B K I) K B) B))) (K (S z (I I) (K (S (v7 S)) (B K) v19)))
z K (S z) (x B S S) (K S (v22 S)) (I (z S v6) (x S B) (v28 (S K K (z K (B K I) K B) B))) (K (S z (I I) (K (S (v7 S)) (B K) v19)))
z K (S z) (x B S S) S (I (z S v6) (x S B) (v28 (S K K (z K (B K I) K B) B))) (K (S z (I I) (K (S (v7 S)) (B K) v19)))
z K (S z) (x B S S) S (z S v6 (x S B) (v28 (S K K (z K (B K I) K B) B))) (K (S z (I I) (K (S (v7 S)) (B K) v19)))
z K (S z) (x B S S) S (z S v6 (x S B) (v28 (K (z K (B K I) K B) (K (z K (B K I) K B)) B))) (K (S z (I I) (K (S (v7 S)) (B K) v19)))
z K (S z) (x B S S) S (z S v6 (x S B) (v28 (z K (B K I) K B B))) (K (S z (I I) (K (S (v7 S)) (B K) v19)))
z K (S z) (x B S S) S (z S v6 (x S B) (v28 (z K (B K I) K B B))) (K (z (K (S (v7 S)) (B K) v19) (I I (K (S (v7 S)) (B K) v19))))
z K (S z) (x B S S) S (z S v6 (x S B) (v28 (z K (B K I) K B B))) (K (z (S (v7 S) v19) (I I (K (S (v7 S)) (B K) v19))))
z K (S z) (x B S S) S (z S v6 (x S B) (v28 (z K (B K I) K B B))) (K (z (S (v7 S) v19) (I (K (S (v7 S)) (B K) v19))))
z K (S z) (x B S S) S (z S v6 (x S B) (v28 (z K (B K I) K B B))) (K (z (S (v7 S) v19) (K (S (v7 S)) (B K) v19)))
z K (S z) (x B S S) S (z S v6 (x S B) (v28 (z K (B K I) K B B))) (K (z (S (v7 S) v19) (S (v7 S) v19)))
x K S (B (z z))
S x K (I (S (B z))) v15
x (I (S (B z))) (K (I (S (B z)))) v15
x (S (B z)) (K (I (S (B z)))) v15
x (S (B z)) (K (S (B z))) v15
z
I (S (x (B I (S (S (z (z S) I))) (I (B B) (z x))) B) z) (I (K (z (v16 S) v3 (I B x S) B)) (S (x (I (B (I (v28 x)))) B) K (z (x x) (v11 K) I)))
S (x (B I (S (S (z (z S) I))) (I (B B) (z x))) B) z (I (K (z (v16 S) v3 (I B x S) B)) (S (x (I (B (I (v28 x)))) B) K (z (x x) (v11 K) I)))
x (B I (S (S (z (z S) I))) (I (B B) (z x))) B (I (K (z (v16 S) v3 (I B x S) B)) (S (x (I (B (I (v28 x)))) B) K (z (x x) (v11 K) I))) (z (I (K (z (v16 S) v3 (I B x S) B)) (S (x (I (B (I (v28 x)))) B) K (z (x x) (v11 K) I))))
x (I (S (S (z (z S) I)) (I (B B) (z x)))) B (I (K (z (v16 S) v3 (I B x S) B)) (S (x (I (B (I (v28 x)))) B) K (z (x x) (v11 K) I))) (z (I (K (z (v16 S) v3 (I B x S) B)) (S (x (I (B (I (v28 x)))) B) K (z (x x) (v11 K) I))))
x (S (S (z (z S) I)) (I (B B) (z x))) B (I (K (z (v16 S) v3 (I B x S) B)) (S (x (I (B (I (v28 x)))) B) K (z (x x) (v11 K) I))) (z (I (K (z (v16 S) v3 (I B x S) B)) (S (x (I (B (I (v28 x)))) B) K (z (x x) (v11 K) I))))
x (S (S (z (z S) I)) (B B (z x))) B (I (K (z (v16 S) v3 (I B x S) B)) (S (x (I (B (I (v28 x)))) B) K (z (x x) (v11 K) I))) (z (I (K (z (v16 S) v3 (I B x S) B)) (S (x (I (B (I (v28 x)))) B) K (z (x x) (v11 K) I))))
x (S (S (z (z S) I)) (B B (z x))) B (K (z (v16 S) v3 (I B x S) B) (S (x (I (B (I (v28 x)))) B) K (z (x x) (v11 K) I))) (z (I (K (z (v16 S) v3 (I B x S) B)) (S (x (I (B (I (v28 x)))) B) K (z (x x) (v11 K) I))))
x (S (S (z (z S) I)) (B B (z x))) B (z (v16 S) v3 (I B x S) B) (z (I (K (z (v16 S) v3 (I B x S) B)) (S (x (I (B (I (v28 x)))) B) K (z (x x) (v11 K) I))))
x (S (S (z (z S) I)) (B B (z x))) B (z (v16 S) v3 (B x S) B) (z (I (K (z (v16 S) v3 (I B x S) B)) (S (x (I (B (I (v28 x)))) B) K (z (x x) (v11 K) I))))
x (S (S (z (z S) I)) (B B (z x))) B (z (v16 S) v3 (B x S) B) (z (K (z (v16 S) v3 (I B x S) B) (S (x (I (B (I (v28 x)))) B) K (z (x x) (v11 K) I))))
x (S (S (z (z S) I)) (B B (z x))) B (z (v16 S) v3 (B x S) B) (z (z (v16 S) v3 (I B x S) B))
x (S (S (z (z S) I)) (B B (z x))) B (z (v16 S) v3 (B x S) B) (z (z (v16 S) v3 (B x S) B))
v12 (z v18)
x K
S (I (K (x B) (v22 x)) (S (K (v12 B) I (B I (v2 x) (I S (z z))) (z S x) (I (x (z (K K)) B (v14 S) S (B x)))))) (I B) (x (v15 x B) (K z))
I (K (x B) (v22 x)) (S (K (v12 B) I (B I (v2 x) (I S (z z))) (z S x) (I (x (z (K K)) B (v14 S) S (B x))))) (x (v15 x B) (K z)) (I B (x (v15 x B) (K z)))
K (x B) (v22 x) (S (K (v12 B) I (B I (v2 x) (I S (z z))) (z S x) (I (x (z (K K)) B (v14 S) S (B x))))) (x (v15 x B) (K z)) (I B (x (v15 x B) (K z)))
x B (S (K (v12 B) I (B I (v2 x) (I S (z z))) (z S x) (I (x (z (K K)) B (v14 S) S (B x))))) (x (v15 x B) (K z)) (I B (x (v15 x B) (K z)))
x B (S (v12 B (B I (v2 x) (I S (z z))) (z S x) (I (x (z (K K)) B (v14 S) S (B x))))) (x (v15 x B) (K z)) (I B (x (v15 x B) (K z)))
x B (S (v12 B (I (v2 x (I S (z z)))) (z S x) (I (x (z (K K)) B (v14 S) S (B x))))) (x (v15 x B) (K z)) (I B (x (v15 x B) (K z)))
x B (S (v12 B (v2 x (I S (z z))) (z S x) (I (x (z (K K)) B (v14 S) S (B x))))) (x (v15 x B) (K z)) (I B (x (v15 x B) (K z)))
x B (S (v12 B (v2 x (S (z z))) (z S x) (I (x (z (K K)) B (v14 S) S (B x))))) (x (v15 x B) (K z)) (I B (x (v15 x B) (K z)))
x B (S (v12 B (v2 x (S (z z))) (z S x) (x (z (K K)) B (v14 S) S (B x)))) (x (v15 x B) (K z)) (I B (x (v15 x B) (K z)))
x B (S (v12 B (v2 x (S (z z))) (z S x) (x (z (K K)) B (v14 S) S (B x)))) (x (v15 x B) (K z)) (B (x (v15 x B) (K z)))
