K z
z S I (S x (S v1) (S K (v1 (B S))) (K (I (I (I K)) I) x x S K) v17)
z S I (x (S K (v1 (B S))) (S v1 (S K (v1 (B S)))) (K (I (I (I K)) I) x x S K) v17)
z S I (x (S K (v1 (B S))) (S v1 (S K (v1 (B S)))) (I (I (I K)) I x S K) v17)
z S I (x (S K (v1 (B S))) (S v1 (S K (v1 (B S)))) (I (I K) I x S K) v17)
z S I (x (S K (v1 (B S))) (S v1 (S K (v1 (B S)))) (I K I x S K) v17)
z S I (x (S K (v1 (B S))) (S v1 (S K (v1 (B S)))) (K I x S K) v17)
z S I (x (S K (v1 (B S))) (S v1 (S K (v1 (B S)))) (I S K) v17)
z S I (x (S K (v1 (B S))) (S v1 (S K (v1 (B S)))) (S K) v17)
B (z K (x S B) K) (x (z z v30 (K (I B (v17 (S v16) z))) (x (B v15))) (K x v12 (S (B (B (I K))) (S v12 B z B))) (B z x (z I (K (I B) x))))
B (z K (x S B) K) (x (z z v30 (K (B (v17 (S v16) z))) (x (B v15))) (K x v12 (S (B (B (I K))) (S v12 B z B))) (B z x (z I (K (I B) x))))
B (z K (x S B) K) (x (z z v30 (K (B (v17 (S v16) z))) (x (B v15))) (x (S (B (B (I K))) (S v12 B z B))) (B z x (z I (K (I B) x))))
B (z K (x S B) K) (x (z z v30 (K (B (v17 (S v16) z))) (x (B v15))) (x (S (B (B K)) (S v12 B z B))) (B z x (z I (K (I B) x))))
B (z K (x S B) K) (x (z z v30 (K (B (v17 (S v16) z))) (x (B v15))) (x (S (B (B K)) (v12 z (B z) B))) (B z x (z I (K (I B) x))))
B (z K (x S B) K) (x (z z v30 (K (B (v17 (S v16) z))) (x (B v15))) (x (S (B (B K)) (v12 z (B z) B))) (z (x (z I (K (I B) x)))))
B (z K (x S B) K) (x (z z v30 (K (B (v17 (S v16) z))) (x (B v15))) (x (S (B (B K)) (v12 z (B z) B))) (z (x (z I (I B)))))
B (z K (x S B) K) (x (z z v30 (K (B (v17 (S v16) z))) (x (B v15))) (x (S (B (B K)) (v12 z (B z) B))) (z (x (z I B))))
K (S (x z)) (x B) I B
S (x z) I B
x z B (I B)
x z B B
I v28 S B (B (I I z (I (x (S K (B I))) S (z B)))) (x v29 v17) (x v0 (z z) (B (v17 v22)) z K)
v28 S B (B (I I z (I (x (S K (B I))) S (z B)))) (x v29 v17) (x v0 (z z) (B (v17 v22)) z K)
v28 S B (B (I z (I (x (S K (B I))) S (z B)))) (x v29 v17) (x v0 (z z) (B (v17 v22)) z K)
v28 S B (B (z (I (x (S K (B I))) S (z B)))) (x v29 v17) (x v0 (z z) (B (v17 v22)) z K)
v28 S B (B (z (x (S K (B I)) S (z B)))) (x v29 v17) (x v0 (z z) (B (v17 v22)) z K)
K B (z B) (B K (B (x (B S x)))) (S (x v29 (B z)) (B I I (S (S (S I)) (z B B (z S x) K)))) B
B (B K (B (x (B S x)))) (S (x v29 (B z)) (B I I (S (S (S I)) (z B B (z S x) K)))) B
B K (B (x (B S x))) (S (x v29 (B z)) (B I I (S (S (S I)) (z B B (z S x) K))) B)
K (B (x (B S x)) (S (x v29 (B z)) (B I I (S (S (S I)) (z B B (z S x) K))) B))
K (B (x (B S x)) (x v29 (B z) B (B I I (S (S (S I)) (z B B (z S x) K)) B)))
K (B (x (B S x)) (x v29 (B z) B (I (I (S (S (S I)) (z B B (z S x) K))) B)))
K (B (x (B S x)) (x v29 (B z) B (I (S (S (S I)) (z B B (z S x) K)) B)))
K (B (x (B S x)) (x v29 (B z) B (S (S (S I)) (z B B (z S x) K) B)))
K (B (x (B S x)) (x v29 (B z) B (S (S I) B (z B B (z S x) K B))))
K (B (x (B S x)) (x v29 (B z) B (S I (z B B (z S x) K B) (B (z B B (z S x) K B)))))
K (B (x (B S x)) (x v29 (B z) B (I (B (z B B (z S x) K B)) (z B B (z S x) K B (B (z B B (z S x) K B))))))
K (B (x (B S x)) (x v29 (B z) B (B (z B B (z S x) K B) (z B B (z S x) K B (B (z B B (z S x) K B))))))
v22 (I K x (v22 B (v27 v13 x))) (B (B (S v8)) (K (z S (S K) (x (x z)))) (v28 (B x z)) x) (S (B (I (S v15) (B K I) x S)) (B x (S v24)) z)
v22 (K x (v22 B (v27 v13 x))) (B (B (S v8)) (K (z S (S K) (x (x z)))) (v28 (B x z)) x) (S (B (I (S v15) (B K I) x S)) (B x (S v24)) z)
v22 x (B (B (S v8)) (K (z S (S K) (x (x z)))) (v28 (B x z)) x) (S (B (I (S v15) (B K I) x S)) (B x (S v24)) z)
v22 x (B (S v8) (K (z S (S K) (x (x z))) (v28 (B x z))) x) (S (B (I (S v15) (B K I) x S)) (B x (S v24)) z)
v22 x (S v8 (K (z S (S K) (x (x z))) (v28 (B x z)) x)) (S (B (I (S v15) (B K I) x S)) (B x (S v24)) z)
v22 x (S v8 (z S (S K) (x (x z)) x)) (S (B (I (S v15) (B K I) x S)) (B x (S v24)) z)
v22 x (S v8 (z S (S K) (x (x z)) x)) (B (I (S v15) (B K I) x S) z (B x (S v24) z))
v22 x (S v8 (z S (S K) (x (x z)) x)) (I (S v15) (B K I) x S (z (B x (S v24) z)))
v22 x (S v8 (z S (S K) (x (x z)) x)) (S v15 (B K I) x S (z (B x (S v24) z)))
v22 x (S v8 (z S (S K) (x (x z)) x)) (v15 x (B K I x) S (z (B x (S v24) z)))
v22 x (S v8 (z S (S K) (x (x z)) x)) (v15 x (K (I x)) S (z (B x (S v24) z)))
v22 x (S v8 (z S (S K) (x (x z)) x)) (v15 x (K x) S (z (B x (S v24) z)))
v22 x (S v8 (z S (S K) (x (x z)) x)) (v15 x (K x) S (z (x (S v24 z))))
z v30 (B (K x) z) K (v6 I B x) I B (K I (z (I K B)) (v27 B) (x (x I) z (S K (B v21)) B x) (z (z v18 B)))
z v30 (B (K x) z) K (v6 I B x) I B (I (v27 B) (x (x I) z (S K (B v21)) B x) (z (z v18 B)))
z v30 (B (K x) z) K (v6 I B x) I B (v27 B (x (x I) z (S K (B v21)) B x) (z (z v18 B)))
S (v19 (K (v30 v8) I K I)) (z z) K v21
v19 (K (v30 v8) I K I) K (z z K) v21
v19 (v30 v8 K I) K (z z K) v21
x (x (z (z (x B x) (v14 (B S)) (B (z K I S x)) x)) v26) (v7 z (K v11) (S S (z I z I) K) z)
x (x (z (z (x B x) (v14 (B S)) (B (z K I S x)) x)) v26) (v7 z (K v11) (S K (z I z I K)) z)
