z (v6 B) (v24 (x x) B (z z) S (K v29)) (z (I (z B (K (v29 S) S))) (K z) (K v29)) (I (S S (B z) S) K) (x (x (v1 S)) (z (I I)) (S S (K S) (S (v2 (S S (I (S x)) z))) S)) (v17 B (K K) (K (B (z K) x)) (K z) (S (z (K I (K (x S))) z (x (x I))) (S I (x z (I z z (z v2) (v14 (K z)))) (B (B z)))) (x (S B)))
z (v6 B) (v24 (x x) B (z z) S (K v29)) (z (z B (K (v29 S) S)) (K z) (K v29)) (I (S S (B z) S) K) (x (x (v1 S)) (z (I I)) (S S (K S) (S (v2 (S S (I (S x)) z))) S)) (v17 B (K K) (K (B (z K) x)) (K z) (S (z (K I (K (x S))) z (x (x I))) (S I (x z (I z z (z v2) (v14 (K z)))) (B (B z)))) (x (S B)))
z (v6 B) (v24 (x x) B (z z) S (K v29)) (z (z B (v29 S)) (K z) (K v29)) (I (S S (B z) S) K) (x (x (v1 S)) (z (I I)) (S S (K S) (S (v2 (S S (I (S x)) z))) S)) (v17 B (K K) (K (B (z K) x)) (K z) (S (z (K I (K (x S))) z (x (x I))) (S I (x z (I z z (z v2) (v14 (K z)))) (B (B z)))) (x (S B)))
z (v6 B) (v24 (x x) B (z z) S (K v29)) (z (z B (v29 S)) (K z) (K v29)) (S S (B z) S K) (x (x (v1 S)) (z (I I)) (S S (K S) (S (v2 (S S (I (S x)) z))) S)) (v17 B (K K) (K (B (z K) x)) (K z) (S (z (K I (K (x S))) z (x (x I))) (S I (x z (I z z (z v2) (v14 (K z)))) (B (B z)))) (x (S B)))
z (v6 B) (v24 (x x) B (z z) S (K v29)) (z (z B (v29 S)) (K z) (K v29)) (S S (B z S) K) (x (x (v1 S)) (z (I I)) (S S (K S) (S (v2 (S S (I (S x)) z))) S)) (v17 B (K K) (K (B (z K) x)) (K z) (S (z (K I (K (x S))) z (x (x I))) (S I (x z (I z z (z v2) (v14 (K z)))) (B (B z)))) (x (S B)))
z (v6 B) (v24 (x x) B (z z) S (K v29)) (z (z B (v29 S)) (K z) (K v29)) (S K (B z S K)) (x (x (v1 S)) (z (I I)) (S S (K S) (S (v2 (S S (I (S x)) z))) S)) (v17 B (K K) (K (B (z K) x)) (K z) (S (z (K I (K (x S))) z (x (x I))) (S I (x z (I z z (z v2) (v14 (K z)))) (B (B z)))) (x (S B)))
z (v6 B) (v24 (x x) B (z z) S (K v29)) (z (z B (v29 S)) (K z) (K v29)) (S K (z (S K))) (x (x (v1 S)) (z (I I)) (S S (K S) (S (v2 (S S (I (S x)) z))) S)) (v17 B (K K) (K (B (z K) x)) (K z) (S (z (K I (K (x S))) z (x (x I))) (S I (x z (I z z (z v2) (v14 (K z)))) (B (B z)))) (x (S B)))
z (v6 B) (v24 (x x) B (z z) S (K v29)) (z (z B (v29 S)) (K z) (K v29)) (S K (z (S K))) (x (x (v1 S)) (z I) (S S (K S) (S (v2 (S S (I (S x)) z))) S)) (v17 B (K K) (K (B (z K) x)) (K z) (S (z (K I (K (x S))) z (x (x I))) (S I (x z (I z z (z v2) (v14 (K z)))) (B (B z)))) (x (S B)))
z (v6 B) (v24 (x x) B (z z) S (K v29)) (z (z B (v29 S)) (K z) (K v29)) (S K (z (S K))) (x (x (v1 S)) (z I) (S (S (v2 (S S (I (S x)) z))) (K S (S (v2 (S S (I (S x)) z)))) S)) (v17 B (K K) (K (B (z K) x)) (K z) (S (z (K I (K (x S))) z (x (x I))) (S I (x z (I z z (z v2) (v14 (K z)))) (B (B z)))) (x (S B)))
z (v6 B) (v24 (x x) B (z z) S (K v29)) (z (z B (v29 S)) (K z) (K v29)) (S K (z (S K))) (x (x (v1 S)) (z I) (S (v2 (S S (I (S x)) z)) S (K S (S (v2 (S S (I (S x)) z))) S))) (v17 B (K K) (K (B (z K) x)) (K z) (S (z (K I (K (x S))) z (x (x I))) (S I (x z (I z z (z v2) (v14 (K z)))) (B (B z)))) (x (S B)))
z (v6 B) (v24 (x x) B (z z) S (K v29)) (z (z B (v29 S)) (K z) (K v29)) (S K (z (S K))) (x (x (v1 S)) (z I) (v2 (S S (I (S x)) z) (K S (S (v2 (S S (I (S x)) z))) S) (S (K S (S (v2 (S S (I (S x)) z))) S)))) (v17 B (K K) (K (B (z K) x)) (K z) (S (z (K I (K (x S))) z (x (x I))) (S I (x z (I z z (z v2) (v14 (K z)))) (B (B z)))) (x (S B)))
z (v6 B) (v24 (x x) B (z z) S (K v29)) (z (z B (v29 S)) (K z) (K v29)) (S K (z (S K))) (x (x (v1 S)) (z I) (v2 (S z (I (S x) z)) (K S (S (v2 (S S (I (S x)) z))) S) (S (K S (S (v2 (S S (I (S x)) z))) S)))) (v17 B (K K) (K (B (z K) x)) (K z) (S (z (K I (K (x S))) z (x (x I))) (S I (x z (I z z (z v2) (v14 (K z)))) (B (B z)))) (x (S B)))
z (v6 B) (v24 (x x) B (z z) S (K v29)) (z (z B (v29 S)) (K z) (K v29)) (S K (z (S K))) (x (x (v1 S)) (z I) (v2 (S z (S x z)) (K S (S (v2 (S S (I (S x)) z))) S) (S (K S (S (v2 (S S (I (S x)) z))) S)))) (v17 B (K K) (K (B (z K) x)) (K z) (S (z (K I (K (x S))) z (x (x I))) (S I (x z (I z z (z v2) (v14 (K z)))) (B (B z)))) (x (S B)))
z (v6 B) (v24 (x x) B (z z) S (K v29)) (z (z B (v29 S)) (K z) (K v29)) (S K (z (S K))) (x (x (v1 S)) (z I) (v2 (S z (S x z)) (S S) (S (K S (S (v2 (S S (I (S x)) z))) S)))) (v17 B (K K) (K (B (z K) x)) (K z) (S (z (K I (K (x S))) z (x (x I))) (S I (x z (I z z (z v2) (v14 (K z)))) (B (B z)))) (x (S B)))
z (v6 B) (v24 (x x) B (z z) S (K v29)) (z (z B (v29 S)) (K z) (K v29)) (S K (z (S K))) (x (x (v1 S)) (z I) (v2 (S z (S x z)) (S S) (S (S S)))) (v17 B (K K) (K (B (z K) x)) (K z) (S (z (K I (K (x S))) z (x (x I))) (S I (x z (I z z (z v2) (v14 (K z)))) (B (B z)))) (x (S B)))
z (v6 B) (v24 (x x) B (z z) S (K v29)) (z (z B (v29 S)) (K z) (K v29)) (S K (z (S K))) (x (x (v1 S)) (z I) (v2 (S z (S x z)) (S S) (S (S S)))) (v17 B (K K) (K (B (z K) x)) (K z) (S (z I z (x (x I))) (S I (x z (I z z (z v2) (v14 (K z)))) (B (B z)))) (x (S B)))
z (v6 B) (v24 (x x) B (z z) S (K v29)) (z (z B (v29 S)) (K z) (K v29)) (S K (z (S K))) (x (x (v1 S)) (z I) (v2 (S z (S x z)) (S S) (S (S S)))) (v17 B (K K) (K (B (z K) x)) (K z) (S (z I z (x (x I))) (I (B (B z)) (x z (I z z (z v2) (v14 (K z))) (B (B z))))) (x (S B)))
z (v6 B) (v24 (x x) B (z z) S (K v29)) (z (z B (v29 S)) (K z) (K v29)) (S K (z (S K))) (x (x (v1 S)) (z I) (v2 (S z (S x z)) (S S) (S (S S)))) (v17 B (K K) (K (B (z K) x)) (K z) (S (z I z (x (x I))) (B (B z) (x z (I z z (z v2) (v14 (K z))) (B (B z))))) (x (S B)))
z (v6 B) (v24 (x x) B (z z) S (K v29)) (z (z B (v29 S)) (K z) (K v29)) (S K (z (S K))) (x (x (v1 S)) (z I) (v2 (S z (S x z)) (S S) (S (S S)))) (v17 B (K K) (K (B (z K) x)) (K z) (S (z I z (x (x I))) (B (B z) (x z (z z (z v2) (v14 (K z))) (B (B z))))) (x (S B)))
B (S (S (x K) S) (I S)) (B B (x (I (I (K S B) I) v27)) z (x (z (B I B) z) (S (K S) (x I))))
B (S (S (x K) S) S) (B B (x (I (I (K S B) I) v27)) z (x (z (B I B) z) (S (K S) (x I))))
B (S (S (x K) S) S) (B (x (I (I (K S B) I) v27) z) (x (z (B I B) z) (S (K S) (x I))))
B (S (S (x K) S) S) (B (x (I (K S B) I v27) z) (x (z (B I B) z) (S (K S) (x I))))
B (S (S (x K) S) S) (B (x (K S B I v27) z) (x (z (B I B) z) (S (K S) (x I))))
B (S (S (x K) S) S) (B (x (S I v27) z) (x (z (B I B) z) (S (K S) (x I))))
K (x v4 I) (B (I (S I)) (B (K (S (z (z I) (x x) B (I (S K I) (K S (S (S v23))) (S I z) K))))))
x v4 I
v2
S
z (x z) (S (v3 (v6 (x I B)) (S K)) z) I
B
B (x (S (x B z (B x)) (x v14) (I S) (K K (x I B) (x v10 I x))))
B (x (x B z (B x) (I S) (x v14 (I S)) (K K (x I B) (x v10 I x))))
B (x (x B z (B x) S (x v14 (I S)) (K K (x I B) (x v10 I x))))
B (x (x B z (B x) S (x v14 S) (K K (x I B) (x v10 I x))))
B (x (x B z (B x) S (x v14 S) (K (x v10 I x))))
z
B z (K I K) (z S (z (S x (S (S S v10 x) x)))) (I x (v22 (S K) K) (x (v30 (S (K (z I)))) S) v13 S) (S (I (z I (K S B) (I B (z (x B (K z)))) (v4 (K (B x)) (S I)))) I)
z (K I K (z S (z (S x (S (S S v10 x) x))))) (I x (v22 (S K) K) (x (v30 (S (K (z I)))) S) v13 S) (S (I (z I (K S B) (I B (z (x B (K z)))) (v4 (K (B x)) (S I)))) I)
z (I (z S (z (S x (S (S S v10 x) x))))) (I x (v22 (S K) K) (x (v30 (S (K (z I)))) S) v13 S) (S (I (z I (K S B) (I B (z (x B (K z)))) (v4 (K (B x)) (S I)))) I)
z (z S (z (S x (S (S S v10 x) x)))) (I x (v22 (S K) K) (x (v30 (S (K (z I)))) S) v13 S) (S (I (z I (K S B) (I B (z (x B (K z)))) (v4 (K (B x)) (S I)))) I)
z (z S (z (S x (S (S x (v10 x)) x)))) (I x (v22 (S K) K) (x (v30 (S (K (z I)))) S) v13 S) (S (I (z I (K S B) (I B (z (x B (K z)))) (v4 (K (B x)) (S I)))) I)
z (z S (z (S x (S (S x (v10 x)) x)))) (x (v22 (S K) K) (x (v30 (S (K (z I)))) S) v13 S) (S (I (z I (K S B) (I B (z (x B (K z)))) (v4 (K (B x)) (S I)))) I)
z (z S (z (S x (S (S x (v10 x)) x)))) (x (v22 (S K) K) (x (v30 (S (K (z I)))) S) v13 S) (S (z I (K S B) (I B (z (x B (K z)))) (v4 (K (B x)) (S I))) I)
z (z S (z (S x (S (S x (v10 x)) x)))) (x (v22 (S K) K) (x (v30 (S (K (z I)))) S) v13 S) (S (z I S (I B (z (x B (K z)))) (v4 (K (B x)) (S I))) I)
z (z S (z (S x (S (S x (v10 x)) x)))) (x (v22 (S K) K) (x (v30 (S (K (z I)))) S) v13 S) (S (z I S (B (z (x B (K z)))) (v4 (K (B x)) (S I))) I)
