I z (S (I (K (S (z B))) (z (B B)) (v8 (S v27 (S B) z)))) (S (S K v5)) K I
z (S (I (K (S (z B))) (z (B B)) (v8 (S v27 (S B) z)))) (S (S K v5)) K I
z (S (K (S (z B)) (z (B B)) (v8 (S v27 (S B) z)))) (S (S K v5)) K I
z (S (S (z B) (v8 (S v27 (S B) z)))) (S (S K v5)) K I
z (S (S (z B) (v8 (v27 z (S B z))))) (S (S K v5)) K I
B (B S B)
x (I z) K I (S (x (B (I (S B))) B)) (B (z (I (S S) (z (K (z S))) K)) S (x (v8 (I v16 (x K) I) (v1 (K v12) (x (S K)))) z) I)
x z K I (S (x (B (I (S B))) B)) (B (z (I (S S) (z (K (z S))) K)) S (x (v8 (I v16 (x K) I) (v1 (K v12) (x (S K)))) z) I)
x z K I (S (x (B (S B)) B)) (B (z (I (S S) (z (K (z S))) K)) S (x (v8 (I v16 (x K) I) (v1 (K v12) (x (S K)))) z) I)
x z K I (S (x (B (S B)) B)) (z (I (S S) (z (K (z S))) K) (S (x (v8 (I v16 (x K) I) (v1 (K v12) (x (S K)))) z)) I)
x z K I (S (x (B (S B)) B)) (z (S S (z (K (z S))) K) (S (x (v8 (I v16 (x K) I) (v1 (K v12) (x (S K)))) z)) I)
x z K I (S (x (B (S B)) B)) (z (S K (z (K (z S)) K)) (S (x (v8 (I v16 (x K) I) (v1 (K v12) (x (S K)))) z)) I)
x z K I (S (x (B (S B)) B)) (z (S K (z (K (z S)) K)) (S (x (v8 (v16 (x K) I) (v1 (K v12) (x (S K)))) z)) I)
I (I (z (K (B z (v16 K B) S)))) B K (K (I z) (B (S (v23 B x)) (B v2) (v6 (I K (x (S z) S))) (S v7)) S)
I (z (K (B z (v16 K B) S))) B K (K (I z) (B (S (v23 B x)) (B v2) (v6 (I K (x (S z) S))) (S v7)) S)
z (K (B z (v16 K B) S)) B K (K (I z) (B (S (v23 B x)) (B v2) (v6 (I K (x (S z) S))) (S v7)) S)
z (K (z (v16 K B S))) B K (K (I z) (B (S (v23 B x)) (B v2) (v6 (I K (x (S z) S))) (S v7)) S)
z (K (z (v16 K B S))) B K (I z S)
z (K (z (v16 K B S))) B K (z S)
I (z (v25 K (B (K v9) z) (S (z (K I K) (S z K)))) (S (S (v13 (I z))))) (B (I (x K) (x (I (K K (v18 (B B (I K))))) (z B (S (z z v14)) v6)) (S (I v20 (S x)) (K K I)) B) (I B))
z (v25 K (B (K v9) z) (S (z (K I K) (S z K)))) (S (S (v13 (I z)))) (B (I (x K) (x (I (K K (v18 (B B (I K))))) (z B (S (z z v14)) v6)) (S (I v20 (S x)) (K K I)) B) (I B))
z (v25 K (B (K v9) z) (S (z I (S z K)))) (S (S (v13 (I z)))) (B (I (x K) (x (I (K K (v18 (B B (I K))))) (z B (S (z z v14)) v6)) (S (I v20 (S x)) (K K I)) B) (I B))
z (v25 K (B (K v9) z) (S (z I (S z K)))) (S (S (v13 z))) (B (I (x K) (x (I (K K (v18 (B B (I K))))) (z B (S (z z v14)) v6)) (S (I v20 (S x)) (K K I)) B) (I B))
z (v25 K (B (K v9) z) (S (z I (S z K)))) (S (S (v13 z))) (B (x K (x (I (K K (v18 (B B (I K))))) (z B (S (z z v14)) v6)) (S (I v20 (S x)) (K K I)) B) (I B))
z (v25 K (B (K v9) z) (S (z I (S z K)))) (S (S (v13 z))) (B (x K (x (K K (v18 (B B (I K)))) (z B (S (z z v14)) v6)) (S (I v20 (S x)) (K K I)) B) (I B))
z (v25 K (B (K v9) z) (S (z I (S z K)))) (S (S (v13 z))) (B (x K (x K (z B (S (z z v14)) v6)) (S (I v20 (S x)) (K K I)) B) (I B))
z (v25 K (B (K v9) z) (S (z I (S z K)))) (S (S (v13 z))) (B (x K (x K (z B (S (z z v14)) v6)) (S (v20 (S x)) (K K I)) B) (I B))
z (v25 K (B (K v9) z) (S (z I (S z K)))) (S (S (v13 z))) (B (x K (x K (z B (S (z z v14)) v6)) (S (v20 (S x)) K) B) (I B))
z (v25 K (B (K v9) z) (S (z I (S z K)))) (S (S (v13 z))) (B (x K (x K (z B (S (z z v14)) v6)) (S (v20 (S x)) K) B) B)
I (x (v27 v15 (B (z K)) (v23 (x S) I z (K I)))) v12
x (v27 v15 (B (z K)) (v23 (x S) I z (K I))) v12
v15 B (x x) (v3 z) (K I x x (I (K z) (B B I)) v7 (x (B x) (x (S S))) v9) I (v30 (v28 (v22 (K z) I)) (x (I v10) (K (z K v28) (x z v13 z (x x (z (S K)))))) (K (B K) B) v13 (z (K B (v6 (K B x)) (x I (z x B)) (z (K K I z))) (K (I v29 (B (B x)) (K x)))))
v15 B (x x) (v3 z) (I x (I (K z) (B B I)) v7 (x (B x) (x (S S))) v9) I (v30 (v28 (v22 (K z) I)) (x (I v10) (K (z K v28) (x z v13 z (x x (z (S K)))))) (K (B K) B) v13 (z (K B (v6 (K B x)) (x I (z x B)) (z (K K I z))) (K (I v29 (B (B x)) (K x)))))
v15 B (x x) (v3 z) (x (I (K z) (B B I)) v7 (x (B x) (x (S S))) v9) I (v30 (v28 (v22 (K z) I)) (x (I v10) (K (z K v28) (x z v13 z (x x (z (S K)))))) (K (B K) B) v13 (z (K B (v6 (K B x)) (x I (z x B)) (z (K K I z))) (K (I v29 (B (B x)) (K x)))))
v15 B (x x) (v3 z) (x (K z (B B I)) v7 (x (B x) (x (S S))) v9) I (v30 (v28 (v22 (K z) I)) (x (I v10) (K (z K v28) (x z v13 z (x x (z (S K)))))) (K (B K) B) v13 (z (K B (v6 (K B x)) (x I (z x B)) (z (K K I z))) (K (I v29 (B (B x)) (K x)))))
v15 B (x x) (v3 z) (x z v7 (x (B x) (x (S S))) v9) I (v30 (v28 (v22 (K z) I)) (x (I v10) (K (z K v28) (x z v13 z (x x (z (S K)))))) (K (B K) B) v13 (z (K B (v6 (K B x)) (x I (z x B)) (z (K K I z))) (K (I v29 (B (B x)) (K x)))))
v15 B (x x) (v3 z) (x z v7 (x (B x) (x (S S))) v9) I (v30 (v28 (v22 (K z) I)) (x v10 (K (z K v28) (x z v13 z (x x (z (S K)))))) (K (B K) B) v13 (z (K B (v6 (K B x)) (x I (z x B)) (z (K K I z))) (K (I v29 (B (B x)) (K x)))))
v15 B (x x) (v3 z) (x z v7 (x (B x) (x (S S))) v9) I (v30 (v28 (v22 (K z) I)) (x v10 (z K v28)) (K (B K) B) v13 (z (K B (v6 (K B x)) (x I (z x B)) (z (K K I z))) (K (I v29 (B (B x)) (K x)))))
v15 B (x x) (v3 z) (x z v7 (x (B x) (x (S S))) v9) I (v30 (v28 (v22 (K z) I)) (x v10 (z K v28)) (B K) v13 (z (K B (v6 (K B x)) (x I (z x B)) (z (K K I z))) (K (I v29 (B (B x)) (K x)))))
v15 B (x x) (v3 z) (x z v7 (x (B x) (x (S S))) v9) I (v30 (v28 (v22 (K z) I)) (x v10 (z K v28)) (B K) v13 (z (B (x I (z x B)) (z (K K I z))) (K (I v29 (B (B x)) (K x)))))
v15 B (x x) (v3 z) (x z v7 (x (B x) (x (S S))) v9) I (v30 (v28 (v22 (K z) I)) (x v10 (z K v28)) (B K) v13 (z (B (x I (z x B)) (z (K z))) (K (I v29 (B (B x)) (K x)))))
v15 B (x x) (v3 z) (x z v7 (x (B x) (x (S S))) v9) I (v30 (v28 (v22 (K z) I)) (x v10 (z K v28)) (B K) v13 (z (B (x I (z x B)) (z (K z))) (K (v29 (B (B x)) (K x)))))
K (z x z) B (v20 B) S K x (I (B (B v25 v26 v16 B) S) (S K (B (B x) z) (v8 (v30 (x S K)) I)) (S v21 (z I (v2 (B S) (K (S (K K) I)) B)) v26 (B z (I (v0 B S (B B K))) v16 (v23 K) B)) S)
z x z (v20 B) S K x (I (B (B v25 v26 v16 B) S) (S K (B (B x) z) (v8 (v30 (x S K)) I)) (S v21 (z I (v2 (B S) (K (S (K K) I)) B)) v26 (B z (I (v0 B S (B B K))) v16 (v23 K) B)) S)
z x z (v20 B) S K x (B (B v25 v26 v16 B) S (S K (B (B x) z) (v8 (v30 (x S K)) I)) (S v21 (z I (v2 (B S) (K (S (K K) I)) B)) v26 (B z (I (v0 B S (B B K))) v16 (v23 K) B)) S)
z x z (v20 B) S K x (B v25 v26 v16 B (S (S K (B (B x) z) (v8 (v30 (x S K)) I))) (S v21 (z I (v2 (B S) (K (S (K K) I)) B)) v26 (B z (I (v0 B S (B B K))) v16 (v23 K) B)) S)
z x z (v20 B) S K x (v25 (v26 v16) B (S (S K (B (B x) z) (v8 (v30 (x S K)) I))) (S v21 (z I (v2 (B S) (K (S (K K) I)) B)) v26 (B z (I (v0 B S (B B K))) v16 (v23 K) B)) S)
z x z (v20 B) S K x (v25 (v26 v16) B (S (K (v8 (v30 (x S K)) I) (B (B x) z (v8 (v30 (x S K)) I)))) (S v21 (z I (v2 (B S) (K (S (K K) I)) B)) v26 (B z (I (v0 B S (B B K))) v16 (v23 K) B)) S)
z x z (v20 B) S K x (v25 (v26 v16) B (S (v8 (v30 (x S K)) I)) (S v21 (z I (v2 (B S) (K (S (K K) I)) B)) v26 (B z (I (v0 B S (B B K))) v16 (v23 K) B)) S)
z x z (v20 B) S K x (v25 (v26 v16) B (S (v8 (v30 (x S K)) I)) (v21 v26 (z I (v2 (B S) (K (S (K K) I)) B) v26) (B z (I (v0 B S (B B K))) v16 (v23 K) B)) S)
z x z (v20 B) S K x (v25 (v26 v16) B (S (v8 (v30 (x S K)) I)) (v21 v26 (z I (v2 (B S) (K (S (K K) I)) B) v26) (z (I (v0 B S (B B K)) v16) (v23 K) B)) S)
z x z (v20 B) S K x (v25 (v26 v16) B (S (v8 (v30 (x S K)) I)) (v21 v26 (z I (v2 (B S) (K (S (K K) I)) B) v26) (z (v0 B S (B B K) v16) (v23 K) B)) S)
S (K (K (x z) z) x) K
S (K (x z) z) K
S (x z) K
x z I v5 (v1 (B z (x I)) v14) K (B I I (K (x (v22 B)) v2 (z (x z) S (v7 (B z (v11 z))) x))) B (S (z S) (B z (B x v0)) (K (I x x) K) x)
x z I v5 (v1 (B z (x I)) v14) K (I (I (K (x (v22 B)) v2 (z (x z) S (v7 (B z (v11 z))) x)))) B (S (z S) (B z (B x v0)) (K (I x x) K) x)
x z I v5 (v1 (B z (x I)) v14) K (I (K (x (v22 B)) v2 (z (x z) S (v7 (B z (v11 z))) x))) B (S (z S) (B z (B x v0)) (K (I x x) K) x)
x z I v5 (v1 (B z (x I)) v14) K (K (x (v22 B)) v2 (z (x z) S (v7 (B z (v11 z))) x)) B (S (z S) (B z (B x v0)) (K (I x x) K) x)
x z I v5 (v1 (B z (x I)) v14) K (x (v22 B) (z (x z) S (v7 (B z (v11 z))) x)) B (S (z S) (B z (B x v0)) (K (I x x) K) x)
x z I v5 (v1 (B z (x I)) v14) K (x (v22 B) (z (x z) S (v7 (B z (v11 z))) x)) B (z S (K (I x x) K) (B z (B x v0) (K (I x x) K)) x)
x z I v5 (v1 (B z (x I)) v14) K (x (v22 B) (z (x z) S (v7 (B z (v11 z))) x)) B (z S (I x x) (B z (B x v0) (K (I x x) K)) x)
x z I v5 (v1 (B z (x I)) v14) K (x (v22 B) (z (x z) S (v7 (B z (v11 z))) x)) B (z S (x x) (B z (B x v0) (K (I x x) K)) x)
x z I v5 (v1 (B z (x I)) v14) K (x (v22 B) (z (x z) S (v7 (B z (v11 z))) x)) B (z S (x x) (z (B x v0 (K (I x x) K))) x)
x z I v5 (v1 (B z (x I)) v14) K (x (v22 B) (z (x z) S (v7 (B z (v11 z))) x)) B (z S (x x) (z (x (v0 (K (I x x) K)))) x)
x z I v5 (v1 (B z (x I)) v14) K (x (v22 B) (z (x z) S (v7 (B z (v11 z))) x)) B (z S (x x) (z (x (v0 (I x x)))) x)
x z I v5 (v1 (B z (x I)) v14) K (x (v22 B) (z (x z) S (v7 (B z (v11 z))) x)) B (z S (x x) (z (x (v0 (x x)))) x)
