B (v23 (S v1))
z x (I (z x v28 v26 B) z (x (x (x (K z) (x (x v27) (z S v7) (v16 v23)))) (v22 K)) (B (x K) B)) (K (K (v22 (x (v13 (v26 I z))))) (v17 K))
z x (z x v28 v26 B z (x (x (x (K z) (x (x v27) (z S v7) (v16 v23)))) (v22 K)) (B (x K) B)) (K (K (v22 (x (v13 (v26 I z))))) (v17 K))
z x (z x v28 v26 B z (x (x (x (K z) (x (x v27) (z S v7) (v16 v23)))) (v22 K)) (B (x K) B)) (K (v22 (x (v13 (v26 I z)))))
I
S (B S) (z (K (I (x S (K z) K) S (K S K (z B) z)) (S x K (K z x K)) (z I (I (I S (v1 (v5 I))) B S)))) (v28 (S (x (I S S z K)) (I K (I z (z (K (z v11 I) (B I) v17)) z)) (v26 x) (v29 v1 (v30 (x x S)))))
B S (v28 (S (x (I S S z K)) (I K (I z (z (K (z v11 I) (B I) v17)) z)) (v26 x) (v29 v1 (v30 (x x S))))) (z (K (I (x S (K z) K) S (K S K (z B) z)) (S x K (K z x K)) (z I (I (I S (v1 (v5 I))) B S))) (v28 (S (x (I S S z K)) (I K (I z (z (K (z v11 I) (B I) v17)) z)) (v26 x) (v29 v1 (v30 (x x S))))))
S (v28 (S (x (I S S z K)) (I K (I z (z (K (z v11 I) (B I) v17)) z)) (v26 x) (v29 v1 (v30 (x x S)))) (z (K (I (x S (K z) K) S (K S K (z B) z)) (S x K (K z x K)) (z I (I (I S (v1 (v5 I))) B S))) (v28 (S (x (I S S z K)) (I K (I z (z (K (z v11 I) (B I) v17)) z)) (v26 x) (v29 v1 (v30 (x x S)))))))
S (v28 (x (I S S z K) (v26 x) (I K (I z (z (K (z v11 I) (B I) v17)) z) (v26 x)) (v29 v1 (v30 (x x S)))) (z (K (I (x S (K z) K) S (K S K (z B) z)) (S x K (K z x K)) (z I (I (I S (v1 (v5 I))) B S))) (v28 (S (x (I S S z K)) (I K (I z (z (K (z v11 I) (B I) v17)) z)) (v26 x) (v29 v1 (v30 (x x S)))))))
S (v28 (x (S S z K) (v26 x) (I K (I z (z (K (z v11 I) (B I) v17)) z) (v26 x)) (v29 v1 (v30 (x x S)))) (z (K (I (x S (K z) K) S (K S K (z B) z)) (S x K (K z x K)) (z I (I (I S (v1 (v5 I))) B S))) (v28 (S (x (I S S z K)) (I K (I z (z (K (z v11 I) (B I) v17)) z)) (v26 x) (v29 v1 (v30 (x x S)))))))
S (v28 (x (S K (z K)) (v26 x) (I K (I z (z (K (z v11 I) (B I) v17)) z) (v26 x)) (v29 v1 (v30 (x x S)))) (z (K (I (x S (K z) K) S (K S K (z B) z)) (S x K (K z x K)) (z I (I (I S (v1 (v5 I))) B S))) (v28 (S (x (I S S z K)) (I K (I z (z (K (z v11 I) (B I) v17)) z)) (v26 x) (v29 v1 (v30 (x x S)))))))
S (v28 (x (S K (z K)) (v26 x) (K (I z (z (K (z v11 I) (B I) v17)) z) (v26 x)) (v29 v1 (v30 (x x S)))) (z (K (I (x S (K z) K) S (K S K (z B) z)) (S x K (K z x K)) (z I (I (I S (v1 (v5 I))) B S))) (v28 (S (x (I S S z K)) (I K (I z (z (K (z v11 I) (B I) v17)) z)) (v26 x) (v29 v1 (v30 (x x S)))))))
S (v28 (x (S K (z K)) (v26 x) (I z (z (K (z v11 I) (B I) v17)) z) (v29 v1 (v30 (x x S)))) (z (K (I (x S (K z) K) S (K S K (z B) z)) (S x K (K z x K)) (z I (I (I S (v1 (v5 I))) B S))) (v28 (S (x (I S S z K)) (I K (I z (z (K (z v11 I) (B I) v17)) z)) (v26 x) (v29 v1 (v30 (x x S)))))))
S (v28 (x (S K (z K)) (v26 x) (z (z (K (z v11 I) (B I) v17)) z) (v29 v1 (v30 (x x S)))) (z (K (I (x S (K z) K) S (K S K (z B) z)) (S x K (K z x K)) (z I (I (I S (v1 (v5 I))) B S))) (v28 (S (x (I S S z K)) (I K (I z (z (K (z v11 I) (B I) v17)) z)) (v26 x) (v29 v1 (v30 (x x S)))))))
S (v28 (x (S K (z K)) (v26 x) (z (z (z v11 I v17)) z) (v29 v1 (v30 (x x S)))) (z (K (I (x S (K z) K) S (K S K (z B) z)) (S x K (K z x K)) (z I (I (I S (v1 (v5 I))) B S))) (v28 (S (x (I S S z K)) (I K (I z (z (K (z v11 I) (B I) v17)) z)) (v26 x) (v29 v1 (v30 (x x S)))))))
S (v28 (x (S K (z K)) (v26 x) (z (z (z v11 I v17)) z) (v29 v1 (v30 (x x S)))) (z (I (x S (K z) K) S (K S K (z B) z) (z I (I (I S (v1 (v5 I))) B S))) (v28 (S (x (I S S z K)) (I K (I z (z (K (z v11 I) (B I) v17)) z)) (v26 x) (v29 v1 (v30 (x x S)))))))
S (v28 (x (S K (z K)) (v26 x) (z (z (z v11 I v17)) z) (v29 v1 (v30 (x x S)))) (z (x S (K z) K S (K S K (z B) z) (z I (I (I S (v1 (v5 I))) B S))) (v28 (S (x (I S S z K)) (I K (I z (z (K (z v11 I) (B I) v17)) z)) (v26 x) (v29 v1 (v30 (x x S)))))))
S (v28 (x (S K (z K)) (v26 x) (z (z (z v11 I v17)) z) (v29 v1 (v30 (x x S)))) (z (x S (K z) K S (S (z B) z) (z I (I (I S (v1 (v5 I))) B S))) (v28 (S (x (I S S z K)) (I K (I z (z (K (z v11 I) (B I) v17)) z)) (v26 x) (v29 v1 (v30 (x x S)))))))
S (v28 (x (S K (z K)) (v26 x) (z (z (z v11 I v17)) z) (v29 v1 (v30 (x x S)))) (z (x S (K z) K S (S (z B) z) (z I (I S (v1 (v5 I)) B S))) (v28 (S (x (I S S z K)) (I K (I z (z (K (z v11 I) (B I) v17)) z)) (v26 x) (v29 v1 (v30 (x x S)))))))
S (v28 (x (S K (z K)) (v26 x) (z (z (z v11 I v17)) z) (v29 v1 (v30 (x x S)))) (z (x S (K z) K S (S (z B) z) (z I (S (v1 (v5 I)) B S))) (v28 (S (x (I S S z K)) (I K (I z (z (K (z v11 I) (B I) v17)) z)) (v26 x) (v29 v1 (v30 (x x S)))))))
S (v28 (x (S K (z K)) (v26 x) (z (z (z v11 I v17)) z) (v29 v1 (v30 (x x S)))) (z (x S (K z) K S (S (z B) z) (z I (v1 (v5 I) S (B S)))) (v28 (S (x (I S S z K)) (I K (I z (z (K (z v11 I) (B I) v17)) z)) (v26 x) (v29 v1 (v30 (x x S)))))))
S (v28 (x (S K (z K)) (v26 x) (z (z (z v11 I v17)) z) (v29 v1 (v30 (x x S)))) (z (x S (K z) K S (S (z B) z) (z I (v1 (v5 I) S (B S)))) (v28 (x (I S S z K) (v26 x) (I K (I z (z (K (z v11 I) (B I) v17)) z) (v26 x)) (v29 v1 (v30 (x x S)))))))
S (v28 (x (S K (z K)) (v26 x) (z (z (z v11 I v17)) z) (v29 v1 (v30 (x x S)))) (z (x S (K z) K S (S (z B) z) (z I (v1 (v5 I) S (B S)))) (v28 (x (S S z K) (v26 x) (I K (I z (z (K (z v11 I) (B I) v17)) z) (v26 x)) (v29 v1 (v30 (x x S)))))))
S (v28 (x (S K (z K)) (v26 x) (z (z (z v11 I v17)) z) (v29 v1 (v30 (x x S)))) (z (x S (K z) K S (S (z B) z) (z I (v1 (v5 I) S (B S)))) (v28 (x (S K (z K)) (v26 x) (I K (I z (z (K (z v11 I) (B I) v17)) z) (v26 x)) (v29 v1 (v30 (x x S)))))))
S (v28 (x (S K (z K)) (v26 x) (z (z (z v11 I v17)) z) (v29 v1 (v30 (x x S)))) (z (x S (K z) K S (S (z B) z) (z I (v1 (v5 I) S (B S)))) (v28 (x (S K (z K)) (v26 x) (K (I z (z (K (z v11 I) (B I) v17)) z) (v26 x)) (v29 v1 (v30 (x x S)))))))
S (v28 (x (S K (z K)) (v26 x) (z (z (z v11 I v17)) z) (v29 v1 (v30 (x x S)))) (z (x S (K z) K S (S (z B) z) (z I (v1 (v5 I) S (B S)))) (v28 (x (S K (z K)) (v26 x) (I z (z (K (z v11 I) (B I) v17)) z) (v29 v1 (v30 (x x S)))))))
S (v28 (x (S K (z K)) (v26 x) (z (z (z v11 I v17)) z) (v29 v1 (v30 (x x S)))) (z (x S (K z) K S (S (z B) z) (z I (v1 (v5 I) S (B S)))) (v28 (x (S K (z K)) (v26 x) (z (z (K (z v11 I) (B I) v17)) z) (v29 v1 (v30 (x x S)))))))
S (v28 (x (S K (z K)) (v26 x) (z (z (z v11 I v17)) z) (v29 v1 (v30 (x x S)))) (z (x S (K z) K S (S (z B) z) (z I (v1 (v5 I) S (B S)))) (v28 (x (S K (z K)) (v26 x) (z (z (z v11 I v17)) z) (v29 v1 (v30 (x x S)))))))
B (K v29 (K x (z x I (K x) (S K) K (B z) z))) (I (S (K (z B))) z (S (I I)) (x (S S) (I z) (B x))) (v6 (v16 (B (x K v16 z) (B K I))) (S x K B B)) (z (B (K K S S) (x (x (x S K) K I)) (v4 (x (S v27)))))
K v29 (K x (z x I (K x) (S K) K (B z) z)) (I (S (K (z B))) z (S (I I)) (x (S S) (I z) (B x)) (v6 (v16 (B (x K v16 z) (B K I))) (S x K B B))) (z (B (K K S S) (x (x (x S K) K I)) (v4 (x (S v27)))))
v29 (I (S (K (z B))) z (S (I I)) (x (S S) (I z) (B x)) (v6 (v16 (B (x K v16 z) (B K I))) (S x K B B))) (z (B (K K S S) (x (x (x S K) K I)) (v4 (x (S v27)))))
v29 (S (K (z B)) z (S (I I)) (x (S S) (I z) (B x)) (v6 (v16 (B (x K v16 z) (B K I))) (S x K B B))) (z (B (K K S S) (x (x (x S K) K I)) (v4 (x (S v27)))))
v29 (K (z B) (S (I I)) (z (S (I I))) (x (S S) (I z) (B x)) (v6 (v16 (B (x K v16 z) (B K I))) (S x K B B))) (z (B (K K S S) (x (x (x S K) K I)) (v4 (x (S v27)))))
v29 (z B (z (S (I I))) (x (S S) (I z) (B x)) (v6 (v16 (B (x K v16 z) (B K I))) (S x K B B))) (z (B (K K S S) (x (x (x S K) K I)) (v4 (x (S v27)))))
v29 (z B (z (S I)) (x (S S) (I z) (B x)) (v6 (v16 (B (x K v16 z) (B K I))) (S x K B B))) (z (B (K K S S) (x (x (x S K) K I)) (v4 (x (S v27)))))
v29 (z B (z (S I)) (x (S S) z (B x)) (v6 (v16 (B (x K v16 z) (B K I))) (S x K B B))) (z (B (K K S S) (x (x (x S K) K I)) (v4 (x (S v27)))))
v29 (z B (z (S I)) (x (S S) z (B x)) (v6 (v16 (B (x K v16 z) (B K I))) (x B (K B) B))) (z (B (K K S S) (x (x (x S K) K I)) (v4 (x (S v27)))))
v29 (z B (z (S I)) (x (S S) z (B x)) (v6 (v16 (B (x K v16 z) (B K I))) (x B (K B) B))) (z (K K S S (x (x (x S K) K I) (v4 (x (S v27))))))
v29 (z B (z (S I)) (x (S S) z (B x)) (v6 (v16 (B (x K v16 z) (B K I))) (x B (K B) B))) (z (K S (x (x (x S K) K I) (v4 (x (S v27))))))
v29 (z B (z (S I)) (x (S S) z (B x)) (v6 (v16 (B (x K v16 z) (B K I))) (x B (K B) B))) (z S)
z (B (B (x (x (K x)) B (B v19 (I S) (x I)))) (S z (S x) (B B)) (I K) B)
z (B (x (x (K x)) B (B v19 (I S) (x I))) (S z (S x) (B B) (I K)) B)
z (x (x (K x)) B (B v19 (I S) (x I)) (S z (S x) (B B) (I K) B))
z (x (x (K x)) B (v19 (I S (x I))) (S z (S x) (B B) (I K) B))
z (x (x (K x)) B (v19 (S (x I))) (S z (S x) (B B) (I K) B))
z (x (x (K x)) B (v19 (S (x I))) (z (B B) (S x (B B)) (I K) B))
z (x (x (K x)) B (v19 (S (x I))) (z (B B) (S x (B B)) K B))
x (K x v20 z (I x) (x (z v23 v18) x) (K I (S K) (I K)) x) B
x (x z (I x) (x (z v23 v18) x) (K I (S K) (I K)) x) B
x (x z x (x (z v23 v18) x) (K I (S K) (I K)) x) B
x (x z x (x (z v23 v18) x) (I (I K)) x) B
x (x z x (x (z v23 v18) x) (I K) x) B
x (x z x (x (z v23 v18) x) K x) B
x (v22 (v27 x) (I S)) (K z) S (K B S) I (z (x z B (z v28) z) (z (B S S (B (K K) S))) (I (S (B (z K)))) (I (z K)) (v26 (K (z B x)) K S (v3 v7) (B z) x (S I z (z v15) K (S B (B z B) v29) (I K)) K)) (z (K (v10 z (z (B S) K)) (S (K x S (S (z B) x (S K))))) S)
x (v22 (v27 x) S) (K z) S (K B S) I (z (x z B (z v28) z) (z (B S S (B (K K) S))) (I (S (B (z K)))) (I (z K)) (v26 (K (z B x)) K S (v3 v7) (B z) x (S I z (z v15) K (S B (B z B) v29) (I K)) K)) (z (K (v10 z (z (B S) K)) (S (K x S (S (z B) x (S K))))) S)
x (v22 (v27 x) S) (K z) S B I (z (x z B (z v28) z) (z (B S S (B (K K) S))) (I (S (B (z K)))) (I (z K)) (v26 (K (z B x)) K S (v3 v7) (B z) x (S I z (z v15) K (S B (B z B) v29) (I K)) K)) (z (K (v10 z (z (B S) K)) (S (K x S (S (z B) x (S K))))) S)
x (v22 (v27 x) S) (K z) S B I (z (x z B (z v28) z) (z (S (S (B (K K) S)))) (I (S (B (z K)))) (I (z K)) (v26 (K (z B x)) K S (v3 v7) (B z) x (S I z (z v15) K (S B (B z B) v29) (I K)) K)) (z (K (v10 z (z (B S) K)) (S (K x S (S (z B) x (S K))))) S)
x (v22 (v27 x) S) (K z) S B I (z (x z B (z v28) z) (z (S (S (B (K K) S)))) (S (B (z K))) (I (z K)) (v26 (K (z B x)) K S (v3 v7) (B z) x (S I z (z v15) K (S B (B z B) v29) (I K)) K)) (z (K (v10 z (z (B S) K)) (S (K x S (S (z B) x (S K))))) S)
x (v22 (v27 x) S) (K z) S B I (z (x z B (z v28) z) (z (S (S (B (K K) S)))) (S (B (z K))) (z K) (v26 (K (z B x)) K S (v3 v7) (B z) x (S I z (z v15) K (S B (B z B) v29) (I K)) K)) (z (K (v10 z (z (B S) K)) (S (K x S (S (z B) x (S K))))) S)
x (v22 (v27 x) S) (K z) S B I (z (x z B (z v28) z) (z (S (S (B (K K) S)))) (S (B (z K))) (z K) (v26 (K (z B x)) K S (v3 v7) (B z) x (I (z v15) (z (z v15)) K (S B (B z B) v29) (I K)) K)) (z (K (v10 z (z (B S) K)) (S (K x S (S (z B) x (S K))))) S)
x (v22 (v27 x) S) (K z) S B I (z (x z B (z v28) z) (z (S (S (B (K K) S)))) (S (B (z K))) (z K) (v26 (K (z B x)) K S (v3 v7) (B z) x (z v15 (z (z v15)) K (S B (B z B) v29) (I K)) K)) (z (K (v10 z (z (B S) K)) (S (K x S (S (z B) x (S K))))) S)
x (v22 (v27 x) S) (K z) S B I (z (x z B (z v28) z) (z (S (S (B (K K) S)))) (S (B (z K))) (z K) (v26 (K (z B x)) K S (v3 v7) (B z) x (z v15 (z (z v15)) K (B v29 (B z B v29)) (I K)) K)) (z (K (v10 z (z (B S) K)) (S (K x S (S (z B) x (S K))))) S)
x (v22 (v27 x) S) (K z) S B I (z (x z B (z v28) z) (z (S (S (B (K K) S)))) (S (B (z K))) (z K) (v26 (K (z B x)) K S (v3 v7) (B z) x (z v15 (z (z v15)) K (B v29 (z (B v29))) (I K)) K)) (z (K (v10 z (z (B S) K)) (S (K x S (S (z B) x (S K))))) S)
x (v22 (v27 x) S) (K z) S B I (z (x z B (z v28) z) (z (S (S (B (K K) S)))) (S (B (z K))) (z K) (v26 (K (z B x)) K S (v3 v7) (B z) x (z v15 (z (z v15)) K (B v29 (z (B v29))) K) K)) (z (K (v10 z (z (B S) K)) (S (K x S (S (z B) x (S K))))) S)
x (v22 (v27 x) S) (K z) S B I (z (x z B (z v28) z) (z (S (S (B (K K) S)))) (S (B (z K))) (z K) (v26 (K (z B x)) K S (v3 v7) (B z) x (z v15 (z (z v15)) K (B v29 (z (B v29))) K) K)) (z (v10 z (z (B S) K)) S)
v19
K S (x (K (I (x B I))) (I (z (v1 v4 z x) K (z z (z (I S) (v17 (K x))))) z z) (v20 (z B z) (I B) (S (S x I S) z) B (K (v27 K S v4 (I (I x)) S) (z (x z) S))) (z (I (S x) x) I (K K I v10 (B B) S) I))
S
