B B K (K B I z)
B (K (K B I z))
B (K (B z))
v13 (B x) (x (z (v15 v2) (x B) (x (x I (v30 z (I (B v18 S v15 B)) (v26 (I K) (z I) K)))))) (x (I (x v5 (I I) (B z)) S (S B (x v5 (z S) x S) S) (x B)) (K (v22 B) B v3 B (x (K v2 (I (S I) B) z) v1)) (I (S (B S I (K (I z (B x (v13 I x (v11 B (v18 (K I))))) I))))))
v13 (B x) (x (z (v15 v2) (x B) (x (x I (v30 z (B v18 S v15 B) (v26 (I K) (z I) K)))))) (x (I (x v5 (I I) (B z)) S (S B (x v5 (z S) x S) S) (x B)) (K (v22 B) B v3 B (x (K v2 (I (S I) B) z) v1)) (I (S (B S I (K (I z (B x (v13 I x (v11 B (v18 (K I))))) I))))))
v13 (B x) (x (z (v15 v2) (x B) (x (x I (v30 z (v18 (S v15) B) (v26 (I K) (z I) K)))))) (x (I (x v5 (I I) (B z)) S (S B (x v5 (z S) x S) S) (x B)) (K (v22 B) B v3 B (x (K v2 (I (S I) B) z) v1)) (I (S (B S I (K (I z (B x (v13 I x (v11 B (v18 (K I))))) I))))))
v13 (B x) (x (z (v15 v2) (x B) (x (x I (v30 z (v18 (S v15) B) (v26 K (z I) K)))))) (x (I (x v5 (I I) (B z)) S (S B (x v5 (z S) x S) S) (x B)) (K (v22 B) B v3 B (x (K v2 (I (S I) B) z) v1)) (I (S (B S I (K (I z (B x (v13 I x (v11 B (v18 (K I))))) I))))))
v13 (B x) (x (z (v15 v2) (x B) (x (x I (v30 z (v18 (S v15) B) (v26 K (z I) K)))))) (x (x v5 (I I) (B z) S (S B (x v5 (z S) x S) S) (x B)) (K (v22 B) B v3 B (x (K v2 (I (S I) B) z) v1)) (I (S (B S I (K (I z (B x (v13 I x (v11 B (v18 (K I))))) I))))))
v13 (B x) (x (z (v15 v2) (x B) (x (x I (v30 z (v18 (S v15) B) (v26 K (z I) K)))))) (x (x v5 I (B z) S (S B (x v5 (z S) x S) S) (x B)) (K (v22 B) B v3 B (x (K v2 (I (S I) B) z) v1)) (I (S (B S I (K (I z (B x (v13 I x (v11 B (v18 (K I))))) I))))))
v13 (B x) (x (z (v15 v2) (x B) (x (x I (v30 z (v18 (S v15) B) (v26 K (z I) K)))))) (x (x v5 I (B z) S (B S (x v5 (z S) x S S)) (x B)) (K (v22 B) B v3 B (x (K v2 (I (S I) B) z) v1)) (I (S (B S I (K (I z (B x (v13 I x (v11 B (v18 (K I))))) I))))))
v13 (B x) (x (z (v15 v2) (x B) (x (x I (v30 z (v18 (S v15) B) (v26 K (z I) K)))))) (x (x v5 I (B z) S (B S (x v5 (z S) x S S)) (x B)) (v22 B v3 B (x (K v2 (I (S I) B) z) v1)) (I (S (B S I (K (I z (B x (v13 I x (v11 B (v18 (K I))))) I))))))
v13 (B x) (x (z (v15 v2) (x B) (x (x I (v30 z (v18 (S v15) B) (v26 K (z I) K)))))) (x (x v5 I (B z) S (B S (x v5 (z S) x S S)) (x B)) (v22 B v3 B (x (v2 z) v1)) (I (S (B S I (K (I z (B x (v13 I x (v11 B (v18 (K I))))) I))))))
v13 (B x) (x (z (v15 v2) (x B) (x (x I (v30 z (v18 (S v15) B) (v26 K (z I) K)))))) (x (x v5 I (B z) S (B S (x v5 (z S) x S S)) (x B)) (v22 B v3 B (x (v2 z) v1)) (S (B S I (K (I z (B x (v13 I x (v11 B (v18 (K I))))) I)))))
v13 (B x) (x (z (v15 v2) (x B) (x (x I (v30 z (v18 (S v15) B) (v26 K (z I) K)))))) (x (x v5 I (B z) S (B S (x v5 (z S) x S S)) (x B)) (v22 B v3 B (x (v2 z) v1)) (S (S (I (K (I z (B x (v13 I x (v11 B (v18 (K I))))) I))))))
v13 (B x) (x (z (v15 v2) (x B) (x (x I (v30 z (v18 (S v15) B) (v26 K (z I) K)))))) (x (x v5 I (B z) S (B S (x v5 (z S) x S S)) (x B)) (v22 B v3 B (x (v2 z) v1)) (S (S (K (I z (B x (v13 I x (v11 B (v18 (K I))))) I)))))
v13 (B x) (x (z (v15 v2) (x B) (x (x I (v30 z (v18 (S v15) B) (v26 K (z I) K)))))) (x (x v5 I (B z) S (B S (x v5 (z S) x S S)) (x B)) (v22 B v3 B (x (v2 z) v1)) (S (S (K (z (B x (v13 I x (v11 B (v18 (K I))))) I)))))
K x S (x (I z K)) (x v30 (z (S (B B (z z) v27) B) (B x (v7 z I))) B (v14 (B z (I (v0 v25 x) K)) (z z) (x (z S S) (x S v8 v25) (B v24))))
x (x (I z K)) (x v30 (z (S (B B (z z) v27) B) (B x (v7 z I))) B (v14 (B z (I (v0 v25 x) K)) (z z) (x (z S S) (x S v8 v25) (B v24))))
x (x (z K)) (x v30 (z (S (B B (z z) v27) B) (B x (v7 z I))) B (v14 (B z (I (v0 v25 x) K)) (z z) (x (z S S) (x S v8 v25) (B v24))))
x (x (z K)) (x v30 (z (S (B (z z v27)) B) (B x (v7 z I))) B (v14 (B z (I (v0 v25 x) K)) (z z) (x (z S S) (x S v8 v25) (B v24))))
x (x (z K)) (x v30 (z (S (B (z z v27)) B) (B x (v7 z I))) B (v14 (B z (v0 v25 x K)) (z z) (x (z S S) (x S v8 v25) (B v24))))
K (B S) v9
B S
z I
I
z z (x (I (z z) v17 K) z) (z (v8 K x)) B (S B S) (I K) I (K (K S (K z) K I) z (B (I B)) (K (x (K (x S)) (z v0) (K x) B (v1 (I B))) I))
z z (x (z z v17 K) z) (z (v8 K x)) B (S B S) (I K) I (K (K S (K z) K I) z (B (I B)) (K (x (K (x S)) (z v0) (K x) B (v1 (I B))) I))
z z (x (z z v17 K) z) (z (v8 K x)) B (S B S) K I (K (K S (K z) K I) z (B (I B)) (K (x (K (x S)) (z v0) (K x) B (v1 (I B))) I))
z z (x (z z v17 K) z) (z (v8 K x)) B (S B S) K I (K S (K z) K I (B (I B)) (K (x (K (x S)) (z v0) (K x) B (v1 (I B))) I))
z z (x (z z v17 K) z) (z (v8 K x)) B (S B S) K I (S K I (B (I B)) (K (x (K (x S)) (z v0) (K x) B (v1 (I B))) I))
z z (x (z z v17 K) z) (z (v8 K x)) B (S B S) K I (K (B (I B)) (I (B (I B))) (K (x (K (x S)) (z v0) (K x) B (v1 (I B))) I))
z z (x (z z v17 K) z) (z (v8 K x)) B (S B S) K I (B (I B) (K (x (K (x S)) (z v0) (K x) B (v1 (I B))) I))
z z (x (z z v17 K) z) (z (v8 K x)) B (S B S) K I (B B (K (x (K (x S)) (z v0) (K x) B (v1 (I B))) I))
z z (x (z z v17 K) z) (z (v8 K x)) B (S B S) K I (B B (x (K (x S)) (z v0) (K x) B (v1 (I B))))
z z (x (z z v17 K) z) (z (v8 K x)) B (S B S) K I (B B (x (K (x S)) (z v0) (K x) B (v1 B)))
I K (K (x S (S K x)) (I (B (v23 z) (K I)) (z v12 K x B (x (I (I I) (K z)) K))))
K (K (x S (S K x)) (I (B (v23 z) (K I)) (z v12 K x B (x (I (I I) (K z)) K))))
K (x S (S K x))
z
B
