I (v15 (v20 (z S I))) v21 x (v22 (v19 S v1)) (B (z I)) (x (x v20 (x (v6 B I x) (v13 K))) (I v26)) (x v16 (K v13 B v6 B) (I v4 x) (z S B) x)
v15 (v20 (z S I)) v21 x (v22 (v19 S v1)) (B (z I)) (x (x v20 (x (v6 B I x) (v13 K))) (I v26)) (x v16 (K v13 B v6 B) (I v4 x) (z S B) x)
v15 (v20 (z S I)) v21 x (v22 (v19 S v1)) (B (z I)) (x (x v20 (x (v6 B I x) (v13 K))) v26) (x v16 (K v13 B v6 B) (I v4 x) (z S B) x)
v15 (v20 (z S I)) v21 x (v22 (v19 S v1)) (B (z I)) (x (x v20 (x (v6 B I x) (v13 K))) v26) (x v16 (v13 v6 B) (I v4 x) (z S B) x)
v15 (v20 (z S I)) v21 x (v22 (v19 S v1)) (B (z I)) (x (x v20 (x (v6 B I x) (v13 K))) v26) (x v16 (v13 v6 B) (v4 x) (z S B) x)
I
K (S S B)
B (z (z (v26 I (z z))) (z (x I) (x z)) K I) v14
S (v14 S)
S x (x (x (B v3 B) x S (B (x S v19)) I K (v29 (K x) (v29 S)))) x
x x (x (x (B v3 B) x S (B (x S v19)) I K (v29 (K x) (v29 S))) x)
S
K (v4 (v23 (v1 (S (v2 (S v18) I)))) (B (B (K I)) (x (B (B (K (S K)))) I) (x (K (I (S K (S (v7 I K B)))) K))))
K (v4 (v23 (v1 (S (v2 (S v18) I)))) (B (K I) (x (B (B (K (S K)))) I (x (K (I (S K (S (v7 I K B)))) K)))))
K (v4 (v23 (v1 (S (v2 (S v18) I)))) (B (K I) (x (B (B (K (S K)))) I (x (I (S K (S (v7 I K B))))))))
K (v4 (v23 (v1 (S (v2 (S v18) I)))) (B (K I) (x (B (B (K (S K)))) I (x (S K (S (v7 I K B)))))))
x (I v10 S (z (K I K)) z x (v23 (B (B I) v8)))
x (v10 S (z (K I K)) z x (v23 (B (B I) v8)))
x (v10 S (z I) z x (v23 (B (B I) v8)))
S (z I (S v23) (S K (z K (B v10 (I (v18 x))))) (K (z (I B)) K))
S (z I (S v23) (S K (z K (B v10 (v18 x)))) (K (z (I B)) K))
S (z I (S v23) (S K (z K (B v10 (v18 x)))) (z (I B)))
S (z I (S v23) (S K (z K (B v10 (v18 x)))) (z B))
