x (I v15)
x v15
B (B (B z (S x)) v28) x (S z z K) I (I v12 (S (S (v14 I (z (S (x (K v18)))) (B (B I) v26 S K v9 v10))) (v10 x)))
B (B z (S x)) v28 (x (S z z K)) I (I v12 (S (S (v14 I (z (S (x (K v18)))) (B (B I) v26 S K v9 v10))) (v10 x)))
B z (S x) (v28 (x (S z z K))) I (I v12 (S (S (v14 I (z (S (x (K v18)))) (B (B I) v26 S K v9 v10))) (v10 x)))
z (S x (v28 (x (S z z K)))) I (I v12 (S (S (v14 I (z (S (x (K v18)))) (B (B I) v26 S K v9 v10))) (v10 x)))
z (S x (v28 (x (z K (z K))))) I (I v12 (S (S (v14 I (z (S (x (K v18)))) (B (B I) v26 S K v9 v10))) (v10 x)))
z (S x (v28 (x (z K (z K))))) I (v12 (S (S (v14 I (z (S (x (K v18)))) (B (B I) v26 S K v9 v10))) (v10 x)))
z (S x (v28 (x (z K (z K))))) I (v12 (S (S (v14 I (z (S (x (K v18)))) (B I (v26 S) K v9 v10))) (v10 x)))
z (S x (v28 (x (z K (z K))))) I (v12 (S (S (v14 I (z (S (x (K v18)))) (I (v26 S K) v9 v10))) (v10 x)))
z (S x (v28 (x (z K (z K))))) I (v12 (S (S (v14 I (z (S (x (K v18)))) (v26 S K v9 v10))) (v10 x)))
I (S (x (B (v15 (S K)))))
S (x (B (v15 (S K))))
K K z v19
K v19
K x (B (S v1) (I v3) z (K (B I))) (K x)
x (K x)
I (x I (I (B K) (B B B (I z (z (S (v19 K) B v9))) (v25 I))) (z I B) x)
x I (I (B K) (B B B (I z (z (S (v19 K) B v9))) (v25 I))) (z I B) x
x I (B K (B B B (I z (z (S (v19 K) B v9))) (v25 I))) (z I B) x
x I (B K (B (B (I z (z (S (v19 K) B v9)))) (v25 I))) (z I B) x
x I (B K (B (B (z (z (S (v19 K) B v9)))) (v25 I))) (z I B) x
x I (B K (B (B (z (z (v19 K v9 (B v9))))) (v25 I))) (z I B) x
S (B x x)
B (B K (I (I (I (v20 S)) B)) (x (z (K x) (I B) (I (I (I (B I (z v13)))) (I x) S)))) v25 (z K (K (z (v2 x (z (K x)) v16) (K I) K)))
B K (I (I (I (v20 S)) B)) (x (z (K x) (I B) (I (I (I (B I (z v13)))) (I x) S))) (v25 (z K (K (z (v2 x (z (K x)) v16) (K I) K))))
K (I (I (I (v20 S)) B) (x (z (K x) (I B) (I (I (I (B I (z v13)))) (I x) S)))) (v25 (z K (K (z (v2 x (z (K x)) v16) (K I) K))))
I (I (I (v20 S)) B) (x (z (K x) (I B) (I (I (I (B I (z v13)))) (I x) S)))
I (I (v20 S)) B (x (z (K x) (I B) (I (I (I (B I (z v13)))) (I x) S)))
I (v20 S) B (x (z (K x) (I B) (I (I (I (B I (z v13)))) (I x) S)))
v20 S B (x (z (K x) (I B) (I (I (I (B I (z v13)))) (I x) S)))
v20 S B (x (z (K x) B (I (I (I (B I (z v13)))) (I x) S)))
v20 S B (x (z (K x) B (I (I (B I (z v13))) (I x) S)))
v20 S B (x (z (K x) B (I (B I (z v13)) (I x) S)))
v20 S B (x (z (K x) B (B I (z v13) (I x) S)))
v20 S B (x (z (K x) B (I (z v13 (I x)) S)))
v20 S B (x (z (K x) B (z v13 (I x) S)))
v20 S B (x (z (K x) B (z v13 x S)))
I (x (I (S (x (z B)) K) K (v24 (v11 S (z (S z x) (v27 z z v14 (z K S))) (v30 S))))) (K (I v12 (I x x v1 (v8 v21) (I K)) (S (K S S))) (S x (B (S x) S (v25 (B (z (B x))) K (B K) S))))
x (I (S (x (z B)) K) K (v24 (v11 S (z (S z x) (v27 z z v14 (z K S))) (v30 S)))) (K (I v12 (I x x v1 (v8 v21) (I K)) (S (K S S))) (S x (B (S x) S (v25 (B (z (B x))) K (B K) S))))
x (S (x (z B)) K K (v24 (v11 S (z (S z x) (v27 z z v14 (z K S))) (v30 S)))) (K (I v12 (I x x v1 (v8 v21) (I K)) (S (K S S))) (S x (B (S x) S (v25 (B (z (B x))) K (B K) S))))
x (x (z B) K (K K) (v24 (v11 S (z (S z x) (v27 z z v14 (z K S))) (v30 S)))) (K (I v12 (I x x v1 (v8 v21) (I K)) (S (K S S))) (S x (B (S x) S (v25 (B (z (B x))) K (B K) S))))
x (x (z B) K (K K) (v24 (v11 S (z (S z x) (v27 z z v14 (z K S))) (v30 S)))) (I v12 (I x x v1 (v8 v21) (I K)) (S (K S S)))
x (x (z B) K (K K) (v24 (v11 S (z (S z x) (v27 z z v14 (z K S))) (v30 S)))) (v12 (I x x v1 (v8 v21) (I K)) (S (K S S)))
x (x (z B) K (K K) (v24 (v11 S (z (S z x) (v27 z z v14 (z K S))) (v30 S)))) (v12 (x x v1 (v8 v21) (I K)) (S (K S S)))
x (x (z B) K (K K) (v24 (v11 S (z (S z x) (v27 z z v14 (z K S))) (v30 S)))) (v12 (x x v1 (v8 v21) K) (S (K S S)))
x (x (z B) K (K K) (v24 (v11 S (z (S z x) (v27 z z v14 (z K S))) (v30 S)))) (v12 (x x v1 (v8 v21) K) (S S))
S (z (K (v10 v23 B S S z))) (S (K x (z (K (K v6 B x)))) (x (I I)))
S (z (K (v10 v23 B S S z))) (S x (x (I I)))
S (z (K (v10 v23 B S S z))) (S x (x I))
