I K (z (S z v2 (v6 x (z (K I))) (v16 B))) K (z (v18 (S (K (v27 (v7 (v25 v7 (I (z I)))) B))) I (v17 (S K v7 I) I))) (x (x B) (I (z (z K) (K (B x)) (S (z x) S) K)))
K (z (S z v2 (v6 x (z (K I))) (v16 B))) K (z (v18 (S (K (v27 (v7 (v25 v7 (I (z I)))) B))) I (v17 (S K v7 I) I))) (x (x B) (I (z (z K) (K (B x)) (S (z x) S) K)))
z (S z v2 (v6 x (z (K I))) (v16 B)) (z (v18 (S (K (v27 (v7 (v25 v7 (I (z I)))) B))) I (v17 (S K v7 I) I))) (x (x B) (I (z (z K) (K (B x)) (S (z x) S) K)))
z (z (v6 x (z (K I))) (v2 (v6 x (z (K I)))) (v16 B)) (z (v18 (S (K (v27 (v7 (v25 v7 (I (z I)))) B))) I (v17 (S K v7 I) I))) (x (x B) (I (z (z K) (K (B x)) (S (z x) S) K)))
z (z (v6 x (z (K I))) (v2 (v6 x (z (K I)))) (v16 B)) (z (v18 (S (K (v27 (v7 (v25 v7 (z I))) B))) I (v17 (S K v7 I) I))) (x (x B) (I (z (z K) (K (B x)) (S (z x) S) K)))
z (z (v6 x (z (K I))) (v2 (v6 x (z (K I)))) (v16 B)) (z (v18 (S (K (v27 (v7 (v25 v7 (z I))) B))) I (v17 (K I (v7 I)) I))) (x (x B) (I (z (z K) (K (B x)) (S (z x) S) K)))
z (z (v6 x (z (K I))) (v2 (v6 x (z (K I)))) (v16 B)) (z (v18 (S (K (v27 (v7 (v25 v7 (z I))) B))) I (v17 I I))) (x (x B) (I (z (z K) (K (B x)) (S (z x) S) K)))
z (z (v6 x (z (K I))) (v2 (v6 x (z (K I)))) (v16 B)) (z (v18 (S (K (v27 (v7 (v25 v7 (z I))) B))) I (v17 I I))) (x (x B) (z (z K) (K (B x)) (S (z x) S) K))
I (K (B x)) (B (z (v9 z I I K)) (x I (z v20 z S I)) v25 (B (I (K S)) v1))
K (B x) (B (z (v9 z I I K)) (x I (z v20 z S I)) v25 (B (I (K S)) v1))
B x
S S (S (S B) (B (S S))) (K K (z S (z x) B) (S v10 (K K) (z (K (x v23) B)) (x S) (B B)) (z (I (x K)) (K (K (I (z B))) v10))) (z x (K (v12 S (I B) v11 z (z I v2 S x)))) (z (B (S (v6 I x (x K (B (S z)))))) (S (S z)) S)
S (K K (z S (z x) B) (S v10 (K K) (z (K (x v23) B)) (x S) (B B)) (z (I (x K)) (K (K (I (z B))) v10))) (S (S B) (B (S S)) (K K (z S (z x) B) (S v10 (K K) (z (K (x v23) B)) (x S) (B B)) (z (I (x K)) (K (K (I (z B))) v10)))) (z x (K (v12 S (I B) v11 z (z I v2 S x)))) (z (B (S (v6 I x (x K (B (S z)))))) (S (S z)) S)
K K (z S (z x) B) (S v10 (K K) (z (K (x v23) B)) (x S) (B B)) (z (I (x K)) (K (K (I (z B))) v10)) (z x (K (v12 S (I B) v11 z (z I v2 S x)))) (S (S B) (B (S S)) (K K (z S (z x) B) (S v10 (K K) (z (K (x v23) B)) (x S) (B B)) (z (I (x K)) (K (K (I (z B))) v10))) (z x (K (v12 S (I B) v11 z (z I v2 S x))))) (z (B (S (v6 I x (x K (B (S z)))))) (S (S z)) S)
K (S v10 (K K) (z (K (x v23) B)) (x S) (B B)) (z (I (x K)) (K (K (I (z B))) v10)) (z x (K (v12 S (I B) v11 z (z I v2 S x)))) (S (S B) (B (S S)) (K K (z S (z x) B) (S v10 (K K) (z (K (x v23) B)) (x S) (B B)) (z (I (x K)) (K (K (I (z B))) v10))) (z x (K (v12 S (I B) v11 z (z I v2 S x))))) (z (B (S (v6 I x (x K (B (S z)))))) (S (S z)) S)
S v10 (K K) (z (K (x v23) B)) (x S) (B B) (z x (K (v12 S (I B) v11 z (z I v2 S x)))) (S (S B) (B (S S)) (K K (z S (z x) B) (S v10 (K K) (z (K (x v23) B)) (x S) (B B)) (z (I (x K)) (K (K (I (z B))) v10))) (z x (K (v12 S (I B) v11 z (z I v2 S x))))) (z (B (S (v6 I x (x K (B (S z)))))) (S (S z)) S)
v10 (z (K (x v23) B)) (K K (z (K (x v23) B))) (x S) (B B) (z x (K (v12 S (I B) v11 z (z I v2 S x)))) (S (S B) (B (S S)) (K K (z S (z x) B) (S v10 (K K) (z (K (x v23) B)) (x S) (B B)) (z (I (x K)) (K (K (I (z B))) v10))) (z x (K (v12 S (I B) v11 z (z I v2 S x))))) (z (B (S (v6 I x (x K (B (S z)))))) (S (S z)) S)
v10 (z (x v23)) (K K (z (K (x v23) B))) (x S) (B B) (z x (K (v12 S (I B) v11 z (z I v2 S x)))) (S (S B) (B (S S)) (K K (z S (z x) B) (S v10 (K K) (z (K (x v23) B)) (x S) (B B)) (z (I (x K)) (K (K (I (z B))) v10))) (z x (K (v12 S (I B) v11 z (z I v2 S x))))) (z (B (S (v6 I x (x K (B (S z)))))) (S (S z)) S)
v10 (z (x v23)) K (x S) (B B) (z x (K (v12 S (I B) v11 z (z I v2 S x)))) (S (S B) (B (S S)) (K K (z S (z x) B) (S v10 (K K) (z (K (x v23) B)) (x S) (B B)) (z (I (x K)) (K (K (I (z B))) v10))) (z x (K (v12 S (I B) v11 z (z I v2 S x))))) (z (B (S (v6 I x (x K (B (S z)))))) (S (S z)) S)
v10 (z (x v23)) K (x S) (B B) (z x (K (v12 S B v11 z (z I v2 S x)))) (S (S B) (B (S S)) (K K (z S (z x) B) (S v10 (K K) (z (K (x v23) B)) (x S) (B B)) (z (I (x K)) (K (K (I (z B))) v10))) (z x (K (v12 S (I B) v11 z (z I v2 S x))))) (z (B (S (v6 I x (x K (B (S z)))))) (S (S z)) S)
v10 (z (x v23)) K (x S) (B B) (z x (K (v12 S B v11 z (z I v2 S x)))) (S B (K K (z S (z x) B) (S v10 (K K) (z (K (x v23) B)) (x S) (B B)) (z (I (x K)) (K (K (I (z B))) v10))) (B (S S) (K K (z S (z x) B) (S v10 (K K) (z (K (x v23) B)) (x S) (B B)) (z (I (x K)) (K (K (I (z B))) v10)))) (z x (K (v12 S (I B) v11 z (z I v2 S x))))) (z (B (S (v6 I x (x K (B (S z)))))) (S (S z)) S)
v10 (z (x v23)) K (x S) (B B) (z x (K (v12 S B v11 z (z I v2 S x)))) (B (B (S S) (K K (z S (z x) B) (S v10 (K K) (z (K (x v23) B)) (x S) (B B)) (z (I (x K)) (K (K (I (z B))) v10)))) (K K (z S (z x) B) (S v10 (K K) (z (K (x v23) B)) (x S) (B B)) (z (I (x K)) (K (K (I (z B))) v10)) (B (S S) (K K (z S (z x) B) (S v10 (K K) (z (K (x v23) B)) (x S) (B B)) (z (I (x K)) (K (K (I (z B))) v10))))) (z x (K (v12 S (I B) v11 z (z I v2 S x))))) (z (B (S (v6 I x (x K (B (S z)))))) (S (S z)) S)
v10 (z (x v23)) K (x S) (B B) (z x (K (v12 S B v11 z (z I v2 S x)))) (B (S S) (K K (z S (z x) B) (S v10 (K K) (z (K (x v23) B)) (x S) (B B)) (z (I (x K)) (K (K (I (z B))) v10))) (K K (z S (z x) B) (S v10 (K K) (z (K (x v23) B)) (x S) (B B)) (z (I (x K)) (K (K (I (z B))) v10)) (B (S S) (K K (z S (z x) B) (S v10 (K K) (z (K (x v23) B)) (x S) (B B)) (z (I (x K)) (K (K (I (z B))) v10)))) (z x (K (v12 S (I B) v11 z (z I v2 S x)))))) (z (B (S (v6 I x (x K (B (S z)))))) (S (S z)) S)
v10 (z (x v23)) K (x S) (B B) (z x (K (v12 S B v11 z (z I v2 S x)))) (S S (K K (z S (z x) B) (S v10 (K K) (z (K (x v23) B)) (x S) (B B)) (z (I (x K)) (K (K (I (z B))) v10)) (K K (z S (z x) B) (S v10 (K K) (z (K (x v23) B)) (x S) (B B)) (z (I (x K)) (K (K (I (z B))) v10)) (B (S S) (K K (z S (z x) B) (S v10 (K K) (z (K (x v23) B)) (x S) (B B)) (z (I (x K)) (K (K (I (z B))) v10)))) (z x (K (v12 S (I B) v11 z (z I v2 S x))))))) (z (B (S (v6 I x (x K (B (S z)))))) (S (S z)) S)
v10 (z (x v23)) K (x S) (B B) (z x (K (v12 S B v11 z (z I v2 S x)))) (S S (K (S v10 (K K) (z (K (x v23) B)) (x S) (B B)) (z (I (x K)) (K (K (I (z B))) v10)) (K K (z S (z x) B) (S v10 (K K) (z (K (x v23) B)) (x S) (B B)) (z (I (x K)) (K (K (I (z B))) v10)) (B (S S) (K K (z S (z x) B) (S v10 (K K) (z (K (x v23) B)) (x S) (B B)) (z (I (x K)) (K (K (I (z B))) v10)))) (z x (K (v12 S (I B) v11 z (z I v2 S x))))))) (z (B (S (v6 I x (x K (B (S z)))))) (S (S z)) S)
v10 (z (x v23)) K (x S) (B B) (z x (K (v12 S B v11 z (z I v2 S x)))) (S S (S v10 (K K) (z (K (x v23) B)) (x S) (B B) (K K (z S (z x) B) (S v10 (K K) (z (K (x v23) B)) (x S) (B B)) (z (I (x K)) (K (K (I (z B))) v10)) (B (S S) (K K (z S (z x) B) (S v10 (K K) (z (K (x v23) B)) (x S) (B B)) (z (I (x K)) (K (K (I (z B))) v10)))) (z x (K (v12 S (I B) v11 z (z I v2 S x))))))) (z (B (S (v6 I x (x K (B (S z)))))) (S (S z)) S)
v10 (z (x v23)) K (x S) (B B) (z x (K (v12 S B v11 z (z I v2 S x)))) (S S (v10 (z (K (x v23) B)) (K K (z (K (x v23) B))) (x S) (B B) (K K (z S (z x) B) (S v10 (K K) (z (K (x v23) B)) (x S) (B B)) (z (I (x K)) (K (K (I (z B))) v10)) (B (S S) (K K (z S (z x) B) (S v10 (K K) (z (K (x v23) B)) (x S) (B B)) (z (I (x K)) (K (K (I (z B))) v10)))) (z x (K (v12 S (I B) v11 z (z I v2 S x))))))) (z (B (S (v6 I x (x K (B (S z)))))) (S (S z)) S)
v10 (z (x v23)) K (x S) (B B) (z x (K (v12 S B v11 z (z I v2 S x)))) (S S (v10 (z (x v23)) (K K (z (K (x v23) B))) (x S) (B B) (K K (z S (z x) B) (S v10 (K K) (z (K (x v23) B)) (x S) (B B)) (z (I (x K)) (K (K (I (z B))) v10)) (B (S S) (K K (z S (z x) B) (S v10 (K K) (z (K (x v23) B)) (x S) (B B)) (z (I (x K)) (K (K (I (z B))) v10)))) (z x (K (v12 S (I B) v11 z (z I v2 S x))))))) (z (B (S (v6 I x (x K (B (S z)))))) (S (S z)) S)
v10 (z (x v23)) K (x S) (B B) (z x (K (v12 S B v11 z (z I v2 S x)))) (S S (v10 (z (x v23)) K (x S) (B B) (K K (z S (z x) B) (S v10 (K K) (z (K (x v23) B)) (x S) (B B)) (z (I (x K)) (K (K (I (z B))) v10)) (B (S S) (K K (z S (z x) B) (S v10 (K K) (z (K (x v23) B)) (x S) (B B)) (z (I (x K)) (K (K (I (z B))) v10)))) (z x (K (v12 S (I B) v11 z (z I v2 S x))))))) (z (B (S (v6 I x (x K (B (S z)))))) (S (S z)) S)
v10 (z (x v23)) K (x S) (B B) (z x (K (v12 S B v11 z (z I v2 S x)))) (S S (v10 (z (x v23)) K (x S) (B B) (K (S v10 (K K) (z (K (x v23) B)) (x S) (B B)) (z (I (x K)) (K (K (I (z B))) v10)) (B (S S) (K K (z S (z x) B) (S v10 (K K) (z (K (x v23) B)) (x S) (B B)) (z (I (x K)) (K (K (I (z B))) v10)))) (z x (K (v12 S (I B) v11 z (z I v2 S x))))))) (z (B (S (v6 I x (x K (B (S z)))))) (S (S z)) S)
v10 (z (x v23)) K (x S) (B B) (z x (K (v12 S B v11 z (z I v2 S x)))) (S S (v10 (z (x v23)) K (x S) (B B) (S v10 (K K) (z (K (x v23) B)) (x S) (B B) (B (S S) (K K (z S (z x) B) (S v10 (K K) (z (K (x v23) B)) (x S) (B B)) (z (I (x K)) (K (K (I (z B))) v10)))) (z x (K (v12 S (I B) v11 z (z I v2 S x))))))) (z (B (S (v6 I x (x K (B (S z)))))) (S (S z)) S)
v10 (z (x v23)) K (x S) (B B) (z x (K (v12 S B v11 z (z I v2 S x)))) (S S (v10 (z (x v23)) K (x S) (B B) (v10 (z (K (x v23) B)) (K K (z (K (x v23) B))) (x S) (B B) (B (S S) (K K (z S (z x) B) (S v10 (K K) (z (K (x v23) B)) (x S) (B B)) (z (I (x K)) (K (K (I (z B))) v10)))) (z x (K (v12 S (I B) v11 z (z I v2 S x))))))) (z (B (S (v6 I x (x K (B (S z)))))) (S (S z)) S)
v10 (z (x v23)) K (x S) (B B) (z x (K (v12 S B v11 z (z I v2 S x)))) (S S (v10 (z (x v23)) K (x S) (B B) (v10 (z (x v23)) (K K (z (K (x v23) B))) (x S) (B B) (B (S S) (K K (z S (z x) B) (S v10 (K K) (z (K (x v23) B)) (x S) (B B)) (z (I (x K)) (K (K (I (z B))) v10)))) (z x (K (v12 S (I B) v11 z (z I v2 S x))))))) (z (B (S (v6 I x (x K (B (S z)))))) (S (S z)) S)
v10 (z (x v23)) K (x S) (B B) (z x (K (v12 S B v11 z (z I v2 S x)))) (S S (v10 (z (x v23)) K (x S) (B B) (v10 (z (x v23)) K (x S) (B B) (B (S S) (K K (z S (z x) B) (S v10 (K K) (z (K (x v23) B)) (x S) (B B)) (z (I (x K)) (K (K (I (z B))) v10)))) (z x (K (v12 S (I B) v11 z (z I v2 S x))))))) (z (B (S (v6 I x (x K (B (S z)))))) (S (S z)) S)
v10 (z (x v23)) K (x S) (B B) (z x (K (v12 S B v11 z (z I v2 S x)))) (S S (v10 (z (x v23)) K (x S) (B B) (v10 (z (x v23)) K (x S) (B B) (B (S S) (K (S v10 (K K) (z (K (x v23) B)) (x S) (B B)) (z (I (x K)) (K (K (I (z B))) v10)))) (z x (K (v12 S (I B) v11 z (z I v2 S x))))))) (z (B (S (v6 I x (x K (B (S z)))))) (S (S z)) S)
v10 (z (x v23)) K (x S) (B B) (z x (K (v12 S B v11 z (z I v2 S x)))) (S S (v10 (z (x v23)) K (x S) (B B) (v10 (z (x v23)) K (x S) (B B) (B (S S) (S v10 (K K) (z (K (x v23) B)) (x S) (B B))) (z x (K (v12 S (I B) v11 z (z I v2 S x))))))) (z (B (S (v6 I x (x K (B (S z)))))) (S (S z)) S)
v10 (z (x v23)) K (x S) (B B) (z x (K (v12 S B v11 z (z I v2 S x)))) (S S (v10 (z (x v23)) K (x S) (B B) (v10 (z (x v23)) K (x S) (B B) (B (S S) (v10 (z (K (x v23) B)) (K K (z (K (x v23) B))) (x S) (B B))) (z x (K (v12 S (I B) v11 z (z I v2 S x))))))) (z (B (S (v6 I x (x K (B (S z)))))) (S (S z)) S)
v10 (z (x v23)) K (x S) (B B) (z x (K (v12 S B v11 z (z I v2 S x)))) (S S (v10 (z (x v23)) K (x S) (B B) (v10 (z (x v23)) K (x S) (B B) (B (S S) (v10 (z (x v23)) (K K (z (K (x v23) B))) (x S) (B B))) (z x (K (v12 S (I B) v11 z (z I v2 S x))))))) (z (B (S (v6 I x (x K (B (S z)))))) (S (S z)) S)
v10 (z (x v23)) K (x S) (B B) (z x (K (v12 S B v11 z (z I v2 S x)))) (S S (v10 (z (x v23)) K (x S) (B B) (v10 (z (x v23)) K (x S) (B B) (B (S S) (v10 (z (x v23)) K (x S) (B B))) (z x (K (v12 S (I B) v11 z (z I v2 S x))))))) (z (B (S (v6 I x (x K (B (S z)))))) (S (S z)) S)
v10 (z (x v23)) K (x S) (B B) (z x (K (v12 S B v11 z (z I v2 S x)))) (S S (v10 (z (x v23)) K (x S) (B B) (v10 (z (x v23)) K (x S) (B B) (B (S S) (v10 (z (x v23)) K (x S) (B B))) (z x (K (v12 S B v11 z (z I v2 S x))))))) (z (B (S (v6 I x (x K (B (S z)))))) (S (S z)) S)
v10 x (v26 v26 z (B S) K (x K (I (K K))) (x (S (x K)) B))
v10 x (v26 v26 z (B S) K (x K (K K)) (x (S (x K)) B))
z (B z B) S
B z I (z z (v6 x))
z (I (z z (v6 x)))
z (z z (v6 x))
B B
S I
I B
B
I (z (B v27 B K S)) (z (S S) I (x (v10 (K S) B (z z)) (x z))) (z z v13 (K x) (B (x S (K (z S))) (B x)) (S (x (K S) I (z I (v1 B))) x S (v5 (I S) I (z z S (I x))))) (v22 (x B (B x (I I) v9 I)) I K (S (K I))) (B z K (v27 (K v6 (K I B (x B) (B K S z)) v5 (S z) (S (v4 (v10 B)) (z S)) (x (K B (K x (S v28 v20)))))) z)
z (B v27 B K S) (z (S S) I (x (v10 (K S) B (z z)) (x z))) (z z v13 (K x) (B (x S (K (z S))) (B x)) (S (x (K S) I (z I (v1 B))) x S (v5 (I S) I (z z S (I x))))) (v22 (x B (B x (I I) v9 I)) I K (S (K I))) (B z K (v27 (K v6 (K I B (x B) (B K S z)) v5 (S z) (S (v4 (v10 B)) (z S)) (x (K B (K x (S v28 v20)))))) z)
z (v27 (B K) S) (z (S S) I (x (v10 (K S) B (z z)) (x z))) (z z v13 (K x) (B (x S (K (z S))) (B x)) (S (x (K S) I (z I (v1 B))) x S (v5 (I S) I (z z S (I x))))) (v22 (x B (B x (I I) v9 I)) I K (S (K I))) (B z K (v27 (K v6 (K I B (x B) (B K S z)) v5 (S z) (S (v4 (v10 B)) (z S)) (x (K B (K x (S v28 v20)))))) z)
z (v27 (B K) S) (z (S S) I (x (v10 (K S) B (z z)) (x z))) (z z v13 (K x) (B (x S (K (z S))) (B x)) (x (K S) I (z I (v1 B)) S (x S) (v5 (I S) I (z z S (I x))))) (v22 (x B (B x (I I) v9 I)) I K (S (K I))) (B z K (v27 (K v6 (K I B (x B) (B K S z)) v5 (S z) (S (v4 (v10 B)) (z S)) (x (K B (K x (S v28 v20)))))) z)
z (v27 (B K) S) (z (S S) I (x (v10 (K S) B (z z)) (x z))) (z z v13 (K x) (B (x S (K (z S))) (B x)) (x (K S) I (z I (v1 B)) S (x S) (v5 S I (z z S (I x))))) (v22 (x B (B x (I I) v9 I)) I K (S (K I))) (B z K (v27 (K v6 (K I B (x B) (B K S z)) v5 (S z) (S (v4 (v10 B)) (z S)) (x (K B (K x (S v28 v20)))))) z)
z (v27 (B K) S) (z (S S) I (x (v10 (K S) B (z z)) (x z))) (z z v13 (K x) (B (x S (K (z S))) (B x)) (x (K S) I (z I (v1 B)) S (x S) (v5 S I (z z S x)))) (v22 (x B (B x (I I) v9 I)) I K (S (K I))) (B z K (v27 (K v6 (K I B (x B) (B K S z)) v5 (S z) (S (v4 (v10 B)) (z S)) (x (K B (K x (S v28 v20)))))) z)
z (v27 (B K) S) (z (S S) I (x (v10 (K S) B (z z)) (x z))) (z z v13 (K x) (B (x S (K (z S))) (B x)) (x (K S) I (z I (v1 B)) S (x S) (v5 S I (z z S x)))) (v22 (x B (x (I I v9) I)) I K (S (K I))) (B z K (v27 (K v6 (K I B (x B) (B K S z)) v5 (S z) (S (v4 (v10 B)) (z S)) (x (K B (K x (S v28 v20)))))) z)
z (v27 (B K) S) (z (S S) I (x (v10 (K S) B (z z)) (x z))) (z z v13 (K x) (B (x S (K (z S))) (B x)) (x (K S) I (z I (v1 B)) S (x S) (v5 S I (z z S x)))) (v22 (x B (x (I v9) I)) I K (S (K I))) (B z K (v27 (K v6 (K I B (x B) (B K S z)) v5 (S z) (S (v4 (v10 B)) (z S)) (x (K B (K x (S v28 v20)))))) z)
z (v27 (B K) S) (z (S S) I (x (v10 (K S) B (z z)) (x z))) (z z v13 (K x) (B (x S (K (z S))) (B x)) (x (K S) I (z I (v1 B)) S (x S) (v5 S I (z z S x)))) (v22 (x B (x v9 I)) I K (S (K I))) (B z K (v27 (K v6 (K I B (x B) (B K S z)) v5 (S z) (S (v4 (v10 B)) (z S)) (x (K B (K x (S v28 v20)))))) z)
z (v27 (B K) S) (z (S S) I (x (v10 (K S) B (z z)) (x z))) (z z v13 (K x) (B (x S (K (z S))) (B x)) (x (K S) I (z I (v1 B)) S (x S) (v5 S I (z z S x)))) (v22 (x B (x v9 I)) I K (S (K I))) (z (K (v27 (K v6 (K I B (x B) (B K S z)) v5 (S z) (S (v4 (v10 B)) (z S)) (x (K B (K x (S v28 v20))))))) z)
z (v27 (B K) S) (z (S S) I (x (v10 (K S) B (z z)) (x z))) (z z v13 (K x) (B (x S (K (z S))) (B x)) (x (K S) I (z I (v1 B)) S (x S) (v5 S I (z z S x)))) (v22 (x B (x v9 I)) I K (S (K I))) (z (K (v27 (v6 v5 (S z) (S (v4 (v10 B)) (z S)) (x (K B (K x (S v28 v20))))))) z)
z (v27 (B K) S) (z (S S) I (x (v10 (K S) B (z z)) (x z))) (z z v13 (K x) (B (x S (K (z S))) (B x)) (x (K S) I (z I (v1 B)) S (x S) (v5 S I (z z S x)))) (v22 (x B (x v9 I)) I K (S (K I))) (z (K (v27 (v6 v5 (S z) (S (v4 (v10 B)) (z S)) (x B)))) z)
