S
S S (x (v14 (z (z (I (I (K (K x (v0 x))))))) K x K B) (x (K (I K) K (I S) (K I)) K))
S S (x (v14 (z (z (I (K (K x (v0 x)))))) K x K B) (x (K (I K) K (I S) (K I)) K))
S S (x (v14 (z (z (K (K x (v0 x))))) K x K B) (x (K (I K) K (I S) (K I)) K))
S S (x (v14 (z (z (K x))) K x K B) (x (K (I K) K (I S) (K I)) K))
S S (x (v14 (z (z (K x))) K x K B) (x (I K (I S) (K I)) K))
S S (x (v14 (z (z (K x))) K x K B) (x (K (I S) (K I)) K))
S S (x (v14 (z (z (K x))) K x K B) (x (I S) K))
S S (x (v14 (z (z (K x))) K x K B) (x S K))
K (B K (z (z K (B z K)) I) (B B (v27 S z))) (x (x (K K (z (B K) I)) (B S K (z (v7 (S v18))))) S) (S (z I (x S)) I) (B K (v22 S) (z (z v23 (K x) (K (z x))) (I (S B))) (v10 z x) (z (v6 (K (v10 (B x)) (K (v23 (B K))) (I (I I) z (B S) S)))))
B K (z (z K (B z K)) I) (B B (v27 S z)) (S (z I (x S)) I) (B K (v22 S) (z (z v23 (K x) (K (z x))) (I (S B))) (v10 z x) (z (v6 (K (v10 (B x)) (K (v23 (B K))) (I (I I) z (B S) S)))))
K (z (z K (B z K)) I (B B (v27 S z))) (S (z I (x S)) I) (B K (v22 S) (z (z v23 (K x) (K (z x))) (I (S B))) (v10 z x) (z (v6 (K (v10 (B x)) (K (v23 (B K))) (I (I I) z (B S) S)))))
z (z K (B z K)) I (B B (v27 S z)) (B K (v22 S) (z (z v23 (K x) (K (z x))) (I (S B))) (v10 z x) (z (v6 (K (v10 (B x)) (K (v23 (B K))) (I (I I) z (B S) S)))))
z (z K (B z K)) I (B B (v27 S z)) (K (v22 S (z (z v23 (K x) (K (z x))) (I (S B)))) (v10 z x) (z (v6 (K (v10 (B x)) (K (v23 (B K))) (I (I I) z (B S) S)))))
z (z K (B z K)) I (B B (v27 S z)) (v22 S (z (z v23 (K x) (K (z x))) (I (S B))) (z (v6 (K (v10 (B x)) (K (v23 (B K))) (I (I I) z (B S) S)))))
z (z K (B z K)) I (B B (v27 S z)) (v22 S (z (z v23 (K x) (K (z x))) (S B)) (z (v6 (K (v10 (B x)) (K (v23 (B K))) (I (I I) z (B S) S)))))
z (z K (B z K)) I (B B (v27 S z)) (v22 S (z (z v23 (K x) (K (z x))) (S B)) (z (v6 (v10 (B x) (I (I I) z (B S) S)))))
z (z K (B z K)) I (B B (v27 S z)) (v22 S (z (z v23 (K x) (K (z x))) (S B)) (z (v6 (v10 (B x) (I I z (B S) S)))))
z (z K (B z K)) I (B B (v27 S z)) (v22 S (z (z v23 (K x) (K (z x))) (S B)) (z (v6 (v10 (B x) (I z (B S) S)))))
z (z K (B z K)) I (B B (v27 S z)) (v22 S (z (z v23 (K x) (K (z x))) (S B)) (z (v6 (v10 (B x) (z (B S) S)))))
v30 (v22 (B (z (I (S (B v5 I) (K I z (z K)))))) (I (I I)))
v30 (v22 (B (z (S (B v5 I) (K I z (z K))))) (I (I I)))
v30 (v22 (B (z (S (B v5 I) (I (z K))))) (I (I I)))
v30 (v22 (B (z (S (B v5 I) (z K)))) (I (I I)))
v30 (v22 (B (z (S (B v5 I) (z K)))) (I I))
v30 (v22 (B (z (S (B v5 I) (z K)))) I)
I
B (z (x (I v17 I) (K v30 (B S) z (v10 z I B) (v15 (v28 I))) B) (v27 (S I (S (S v27) z (x S (I S)) x v7)) K)) (B (x (K (B S) K) (v24 K (z v8) z) I))
B (z (x (v17 I) (K v30 (B S) z (v10 z I B) (v15 (v28 I))) B) (v27 (S I (S (S v27) z (x S (I S)) x v7)) K)) (B (x (K (B S) K) (v24 K (z v8) z) I))
B (z (x (v17 I) (v30 z (v10 z I B) (v15 (v28 I))) B) (v27 (S I (S (S v27) z (x S (I S)) x v7)) K)) (B (x (K (B S) K) (v24 K (z v8) z) I))
B (z (x (v17 I) (v30 z (v10 z I B) (v15 (v28 I))) B) (v27 (S I (S v27 (x S (I S)) (z (x S (I S))) x v7)) K)) (B (x (K (B S) K) (v24 K (z v8) z) I))
B (z (x (v17 I) (v30 z (v10 z I B) (v15 (v28 I))) B) (v27 (S I (v27 (z (x S (I S))) (x S (I S) (z (x S (I S)))) x v7)) K)) (B (x (K (B S) K) (v24 K (z v8) z) I))
B (z (x (v17 I) (v30 z (v10 z I B) (v15 (v28 I))) B) (v27 (S I (v27 (z (x S S)) (x S (I S) (z (x S (I S)))) x v7)) K)) (B (x (K (B S) K) (v24 K (z v8) z) I))
B (z (x (v17 I) (v30 z (v10 z I B) (v15 (v28 I))) B) (v27 (S I (v27 (z (x S S)) (x S S (z (x S (I S)))) x v7)) K)) (B (x (K (B S) K) (v24 K (z v8) z) I))
B (z (x (v17 I) (v30 z (v10 z I B) (v15 (v28 I))) B) (v27 (S I (v27 (z (x S S)) (x S S (z (x S S))) x v7)) K)) (B (x (K (B S) K) (v24 K (z v8) z) I))
B (z (x (v17 I) (v30 z (v10 z I B) (v15 (v28 I))) B) (v27 (S I (v27 (z (x S S)) (x S S (z (x S S))) x v7)) K)) (B (x (B S) (v24 K (z v8) z) I))
z (I v20 (x z (v20 K) B)) (z I (v9 K z S (z v18 v20) I)) S B (x (S (I I (K B) (K B) (I (B z (K S B))) (I S))))
z (v20 (x z (v20 K) B)) (z I (v9 K z S (z v18 v20) I)) S B (x (S (I I (K B) (K B) (I (B z (K S B))) (I S))))
z (v20 (x z (v20 K) B)) (z I (v9 K z S (z v18 v20) I)) S B (x (S (I (K B) (K B) (I (B z (K S B))) (I S))))
z (v20 (x z (v20 K) B)) (z I (v9 K z S (z v18 v20) I)) S B (x (S (K B (K B) (I (B z (K S B))) (I S))))
z (v20 (x z (v20 K) B)) (z I (v9 K z S (z v18 v20) I)) S B (x (S (B (I (B z (K S B))) (I S))))
z (v20 (x z (v20 K) B)) (z I (v9 K z S (z v18 v20) I)) S B (x (S (B (B z (K S B)) (I S))))
z (v20 (x z (v20 K) B)) (z I (v9 K z S (z v18 v20) I)) S B (x (S (B (B z S) (I S))))
z (v20 (x z (v20 K) B)) (z I (v9 K z S (z v18 v20) I)) S B (x (S (B (B z S) S)))
S z I x
z x (I x)
z x x
K
v11
