x z (z (B (x B)) v13) (I v15 z (I (x B) x I x (z B) (K v12 (x x I K z)))) (K (z (v8 (z (z S)))) (x x B) B (x (z (x (B I)) (S z S)) z))
x z (z (B (x B)) v13) (v15 z (I (x B) x I x (z B) (K v12 (x x I K z)))) (K (z (v8 (z (z S)))) (x x B) B (x (z (x (B I)) (S z S)) z))
x z (z (B (x B)) v13) (v15 z (x B x I x (z B) (K v12 (x x I K z)))) (K (z (v8 (z (z S)))) (x x B) B (x (z (x (B I)) (S z S)) z))
x z (z (B (x B)) v13) (v15 z (x B x I x (z B) v12)) (K (z (v8 (z (z S)))) (x x B) B (x (z (x (B I)) (S z S)) z))
x z (z (B (x B)) v13) (v15 z (x B x I x (z B) v12)) (z (v8 (z (z S))) B (x (z (x (B I)) (S z S)) z))
x
S (K (I K (x v8 K) (S x (I (K B x))) x)) (z I (B K)) (S z)
K (I K (x v8 K) (S x (I (K B x))) x) (S z) (z I (B K) (S z))
I K (x v8 K) (S x (I (K B x))) x (z I (B K) (S z))
K (x v8 K) (S x (I (K B x))) x (z I (B K) (S z))
x v8 K x (z I (B K) (S z))
x (B B B (I (I x (v27 (S K (B (K v6)))) I) (B I) x)) (v30 (v27 (z (I v27 K)) S) I)
x (B (B (I (I x (v27 (S K (B (K v6)))) I) (B I) x))) (v30 (v27 (z (I v27 K)) S) I)
x (B (B (I x (v27 (S K (B (K v6)))) I (B I) x))) (v30 (v27 (z (I v27 K)) S) I)
x (B (B (x (v27 (S K (B (K v6)))) I (B I) x))) (v30 (v27 (z (I v27 K)) S) I)
x (B (B (x (v27 (S K (B (K v6)))) I (B I) x))) (v30 (v27 (z (v27 K)) S) I)
x (B (I K) S (B (B S I)) (K x) (S B (K I) z) (x (B v22)) (v10 (v6 (K (x I) B)))) (S (S (K B) B) (S z K (x (z z x (z x S) (x z S))) (S I v4)) (S (v1 (S x v24)) S (x (z (B K (x x) S)) (S (z K)))))
x (I K (S (B (B S I))) (K x) (S B (K I) z) (x (B v22)) (v10 (v6 (K (x I) B)))) (S (S (K B) B) (S z K (x (z z x (z x S) (x z S))) (S I v4)) (S (v1 (S x v24)) S (x (z (B K (x x) S)) (S (z K)))))
x (K (S (B (B S I))) (K x) (S B (K I) z) (x (B v22)) (v10 (v6 (K (x I) B)))) (S (S (K B) B) (S z K (x (z z x (z x S) (x z S))) (S I v4)) (S (v1 (S x v24)) S (x (z (B K (x x) S)) (S (z K)))))
x (S (B (B S I)) (S B (K I) z) (x (B v22)) (v10 (v6 (K (x I) B)))) (S (S (K B) B) (S z K (x (z z x (z x S) (x z S))) (S I v4)) (S (v1 (S x v24)) S (x (z (B K (x x) S)) (S (z K)))))
x (B (B S I) (x (B v22)) (S B (K I) z (x (B v22))) (v10 (v6 (K (x I) B)))) (S (S (K B) B) (S z K (x (z z x (z x S) (x z S))) (S I v4)) (S (v1 (S x v24)) S (x (z (B K (x x) S)) (S (z K)))))
x (B S I (x (B v22) (S B (K I) z (x (B v22)))) (v10 (v6 (K (x I) B)))) (S (S (K B) B) (S z K (x (z z x (z x S) (x z S))) (S I v4)) (S (v1 (S x v24)) S (x (z (B K (x x) S)) (S (z K)))))
x (S (I (x (B v22) (S B (K I) z (x (B v22))))) (v10 (v6 (K (x I) B)))) (S (S (K B) B) (S z K (x (z z x (z x S) (x z S))) (S I v4)) (S (v1 (S x v24)) S (x (z (B K (x x) S)) (S (z K)))))
x (S (x (B v22) (S B (K I) z (x (B v22)))) (v10 (v6 (K (x I) B)))) (S (S (K B) B) (S z K (x (z z x (z x S) (x z S))) (S I v4)) (S (v1 (S x v24)) S (x (z (B K (x x) S)) (S (z K)))))
x (S (x (B v22) (B z (K I z) (x (B v22)))) (v10 (v6 (K (x I) B)))) (S (S (K B) B) (S z K (x (z z x (z x S) (x z S))) (S I v4)) (S (v1 (S x v24)) S (x (z (B K (x x) S)) (S (z K)))))
x (S (x (B v22) (z (K I z (x (B v22))))) (v10 (v6 (K (x I) B)))) (S (S (K B) B) (S z K (x (z z x (z x S) (x z S))) (S I v4)) (S (v1 (S x v24)) S (x (z (B K (x x) S)) (S (z K)))))
x (S (x (B v22) (z (I (x (B v22))))) (v10 (v6 (K (x I) B)))) (S (S (K B) B) (S z K (x (z z x (z x S) (x z S))) (S I v4)) (S (v1 (S x v24)) S (x (z (B K (x x) S)) (S (z K)))))
x (S (x (B v22) (z (x (B v22)))) (v10 (v6 (K (x I) B)))) (S (S (K B) B) (S z K (x (z z x (z x S) (x z S))) (S I v4)) (S (v1 (S x v24)) S (x (z (B K (x x) S)) (S (z K)))))
x (S (x (B v22) (z (x (B v22)))) (v10 (v6 (x I)))) (S (S (K B) B) (S z K (x (z z x (z x S) (x z S))) (S I v4)) (S (v1 (S x v24)) S (x (z (B K (x x) S)) (S (z K)))))
x (S (x (B v22) (z (x (B v22)))) (v10 (v6 (x I)))) (S (K B) B (S (v1 (S x v24)) S (x (z (B K (x x) S)) (S (z K)))) (S z K (x (z z x (z x S) (x z S))) (S I v4) (S (v1 (S x v24)) S (x (z (B K (x x) S)) (S (z K))))))
x (S (x (B v22) (z (x (B v22)))) (v10 (v6 (x I)))) (K B (S (v1 (S x v24)) S (x (z (B K (x x) S)) (S (z K)))) (B (S (v1 (S x v24)) S (x (z (B K (x x) S)) (S (z K))))) (S z K (x (z z x (z x S) (x z S))) (S I v4) (S (v1 (S x v24)) S (x (z (B K (x x) S)) (S (z K))))))
x (S (x (B v22) (z (x (B v22)))) (v10 (v6 (x I)))) (B (B (S (v1 (S x v24)) S (x (z (B K (x x) S)) (S (z K))))) (S z K (x (z z x (z x S) (x z S))) (S I v4) (S (v1 (S x v24)) S (x (z (B K (x x) S)) (S (z K))))))
x (S (x (B v22) (z (x (B v22)))) (v10 (v6 (x I)))) (B (B (v1 (S x v24) (x (z (B K (x x) S)) (S (z K))) (S (x (z (B K (x x) S)) (S (z K)))))) (S z K (x (z z x (z x S) (x z S))) (S I v4) (S (v1 (S x v24)) S (x (z (B K (x x) S)) (S (z K))))))
x (S (x (B v22) (z (x (B v22)))) (v10 (v6 (x I)))) (B (B (v1 (S x v24) (x (z (K (x x S))) (S (z K))) (S (x (z (B K (x x) S)) (S (z K)))))) (S z K (x (z z x (z x S) (x z S))) (S I v4) (S (v1 (S x v24)) S (x (z (B K (x x) S)) (S (z K))))))
x (S (x (B v22) (z (x (B v22)))) (v10 (v6 (x I)))) (B (B (v1 (S x v24) (x (z (K (x x S))) (S (z K))) (S (x (z (K (x x S))) (S (z K)))))) (S z K (x (z z x (z x S) (x z S))) (S I v4) (S (v1 (S x v24)) S (x (z (B K (x x) S)) (S (z K))))))
x (S (x (B v22) (z (x (B v22)))) (v10 (v6 (x I)))) (B (B (v1 (S x v24) (x (z (K (x x S))) (S (z K))) (S (x (z (K (x x S))) (S (z K)))))) (z (x (z z x (z x S) (x z S))) (K (x (z z x (z x S) (x z S)))) (S I v4) (S (v1 (S x v24)) S (x (z (B K (x x) S)) (S (z K))))))
x (S (x (B v22) (z (x (B v22)))) (v10 (v6 (x I)))) (B (B (v1 (S x v24) (x (z (K (x x S))) (S (z K))) (S (x (z (K (x x S))) (S (z K)))))) (z (x (z z x (z x S) (x z S))) (K (x (z z x (z x S) (x z S)))) (S I v4) (v1 (S x v24) (x (z (B K (x x) S)) (S (z K))) (S (x (z (B K (x x) S)) (S (z K)))))))
x (S (x (B v22) (z (x (B v22)))) (v10 (v6 (x I)))) (B (B (v1 (S x v24) (x (z (K (x x S))) (S (z K))) (S (x (z (K (x x S))) (S (z K)))))) (z (x (z z x (z x S) (x z S))) (K (x (z z x (z x S) (x z S)))) (S I v4) (v1 (S x v24) (x (z (K (x x S))) (S (z K))) (S (x (z (B K (x x) S)) (S (z K)))))))
x (S (x (B v22) (z (x (B v22)))) (v10 (v6 (x I)))) (B (B (v1 (S x v24) (x (z (K (x x S))) (S (z K))) (S (x (z (K (x x S))) (S (z K)))))) (z (x (z z x (z x S) (x z S))) (K (x (z z x (z x S) (x z S)))) (S I v4) (v1 (S x v24) (x (z (K (x x S))) (S (z K))) (S (x (z (K (x x S))) (S (z K)))))))
v9
K K (S (x v27) (K I z) (S I S (v18 v18 v27) (B (x z (S (B (z B)))) I))) (z (v20 I) I (z (I (I B v3) (I (I I) v27)) (I (x z) x))) S
K (z (v20 I) I (z (I (I B v3) (I (I I) v27)) (I (x z) x))) S
z (v20 I) I (z (I (I B v3) (I (I I) v27)) (I (x z) x))
z (v20 I) I (z (I B v3 (I (I I) v27)) (I (x z) x))
z (v20 I) I (z (B v3 (I (I I) v27)) (I (x z) x))
z (v20 I) I (z (B v3 (I I v27)) (I (x z) x))
z (v20 I) I (z (B v3 (I v27)) (I (x z) x))
z (v20 I) I (z (B v3 v27) (I (x z) x))
z (v20 I) I (z (B v3 v27) (x z x))
B (I (x S) I) (S x) (x x z (B B (v12 (K (B S)) K x)) (B K (K I))) S v15 (I (x z x (B B B x) (S S v26 (I S x) S) x) x (z z z (I B (v21 S)) (K (B K (z (z I (z (I K)) z))) z B)))
I (x S) I (S x (x x z (B B (v12 (K (B S)) K x)) (B K (K I)))) S v15 (I (x z x (B B B x) (S S v26 (I S x) S) x) x (z z z (I B (v21 S)) (K (B K (z (z I (z (I K)) z))) z B)))
x S I (S x (x x z (B B (v12 (K (B S)) K x)) (B K (K I)))) S v15 (I (x z x (B B B x) (S S v26 (I S x) S) x) x (z z z (I B (v21 S)) (K (B K (z (z I (z (I K)) z))) z B)))
x S I (S x (x x z (B B (v12 (K (B S)) K x)) (B K (K I)))) S v15 (x z x (B B B x) (S S v26 (I S x) S) x x (z z z (I B (v21 S)) (K (B K (z (z I (z (I K)) z))) z B)))
x S I (S x (x x z (B B (v12 (K (B S)) K x)) (B K (K I)))) S v15 (x z x (B (B x)) (S S v26 (I S x) S) x x (z z z (I B (v21 S)) (K (B K (z (z I (z (I K)) z))) z B)))
x S I (S x (x x z (B B (v12 (K (B S)) K x)) (B K (K I)))) S v15 (x z x (B (B x)) (S (I S x) (v26 (I S x)) S) x x (z z z (I B (v21 S)) (K (B K (z (z I (z (I K)) z))) z B)))
x S I (S x (x x z (B B (v12 (K (B S)) K x)) (B K (K I)))) S v15 (x z x (B (B x)) (I S x S (v26 (I S x) S)) x x (z z z (I B (v21 S)) (K (B K (z (z I (z (I K)) z))) z B)))
x S I (S x (x x z (B B (v12 (K (B S)) K x)) (B K (K I)))) S v15 (x z x (B (B x)) (S x S (v26 (I S x) S)) x x (z z z (I B (v21 S)) (K (B K (z (z I (z (I K)) z))) z B)))
x S I (S x (x x z (B B (v12 (K (B S)) K x)) (B K (K I)))) S v15 (x z x (B (B x)) (x (v26 (I S x) S) (S (v26 (I S x) S))) x x (z z z (I B (v21 S)) (K (B K (z (z I (z (I K)) z))) z B)))
x S I (S x (x x z (B B (v12 (K (B S)) K x)) (B K (K I)))) S v15 (x z x (B (B x)) (x (v26 (S x) S) (S (v26 (I S x) S))) x x (z z z (I B (v21 S)) (K (B K (z (z I (z (I K)) z))) z B)))
x S I (S x (x x z (B B (v12 (K (B S)) K x)) (B K (K I)))) S v15 (x z x (B (B x)) (x (v26 (S x) S) (S (v26 (S x) S))) x x (z z z (I B (v21 S)) (K (B K (z (z I (z (I K)) z))) z B)))
x S I (S x (x x z (B B (v12 (K (B S)) K x)) (B K (K I)))) S v15 (x z x (B (B x)) (x (v26 (S x) S) (S (v26 (S x) S))) x x (z z z (B (v21 S)) (K (B K (z (z I (z (I K)) z))) z B)))
x S I (S x (x x z (B B (v12 (K (B S)) K x)) (B K (K I)))) S v15 (x z x (B (B x)) (x (v26 (S x) S) (S (v26 (S x) S))) x x (z z z (B (v21 S)) (B K (z (z I (z (I K)) z)) B)))
x S I (S x (x x z (B B (v12 (K (B S)) K x)) (B K (K I)))) S v15 (x z x (B (B x)) (x (v26 (S x) S) (S (v26 (S x) S))) x x (z z z (B (v21 S)) (K (z (z I (z (I K)) z) B))))
x S I (S x (x x z (B B (v12 (K (B S)) K x)) (B K (K I)))) S v15 (x z x (B (B x)) (x (v26 (S x) S) (S (v26 (S x) S))) x x (z z z (B (v21 S)) (K (z (z I (z K) z) B))))
x (S x B x (K (S I) v29)) (K (S z S (x (z S S) (S (I S))) x) (v14 (S I (B (z v23 z) (B I) B) z))) (v2 z I K)
x (x x (B x) (K (S I) v29)) (K (S z S (x (z S S) (S (I S))) x) (v14 (S I (B (z v23 z) (B I) B) z))) (v2 z I K)
x (x x (B x) (S I)) (K (S z S (x (z S S) (S (I S))) x) (v14 (S I (B (z v23 z) (B I) B) z))) (v2 z I K)
x (x x (B x) (S I)) (S z S (x (z S S) (S (I S))) x) (v2 z I K)
x (x x (B x) (S I)) (z (x (z S S) (S (I S))) (S (x (z S S) (S (I S)))) x) (v2 z I K)
x (x x (B x) (S I)) (z (x (z S S) (S S)) (S (x (z S S) (S (I S)))) x) (v2 z I K)
x (x x (B x) (S I)) (z (x (z S S) (S S)) (S (x (z S S) (S S))) x) (v2 z I K)
z (z K I (v9 (z (B K x) (I S (x (S v14 z) (I B) (K (v15 I) K (I v21)) B))))) (I (I K z (I (I I (v5 (B v11)))) (I (B (B (I z) v24)) (K (z (x (K B z)))) v3)) (x x v2 (v20 B) x))
z (z K I (v9 (z (B K x) (S (x (S v14 z) (I B) (K (v15 I) K (I v21)) B))))) (I (I K z (I (I I (v5 (B v11)))) (I (B (B (I z) v24)) (K (z (x (K B z)))) v3)) (x x v2 (v20 B) x))
z (z K I (v9 (z (B K x) (S (x (S v14 z) B (K (v15 I) K (I v21)) B))))) (I (I K z (I (I I (v5 (B v11)))) (I (B (B (I z) v24)) (K (z (x (K B z)))) v3)) (x x v2 (v20 B) x))
z (z K I (v9 (z (B K x) (S (x (S v14 z) B (v15 I (I v21)) B))))) (I (I K z (I (I I (v5 (B v11)))) (I (B (B (I z) v24)) (K (z (x (K B z)))) v3)) (x x v2 (v20 B) x))
z (z K I (v9 (z (B K x) (S (x (S v14 z) B (v15 I v21) B))))) (I (I K z (I (I I (v5 (B v11)))) (I (B (B (I z) v24)) (K (z (x (K B z)))) v3)) (x x v2 (v20 B) x))
z (z K I (v9 (z (B K x) (S (x (S v14 z) B (v15 I v21) B))))) (I K z (I (I I (v5 (B v11)))) (I (B (B (I z) v24)) (K (z (x (K B z)))) v3) (x x v2 (v20 B) x))
z (z K I (v9 (z (B K x) (S (x (S v14 z) B (v15 I v21) B))))) (K z (I (I I (v5 (B v11)))) (I (B (B (I z) v24)) (K (z (x (K B z)))) v3) (x x v2 (v20 B) x))
z (z K I (v9 (z (B K x) (S (x (S v14 z) B (v15 I v21) B))))) (z (I (B (B (I z) v24)) (K (z (x (K B z)))) v3) (x x v2 (v20 B) x))
z (z K I (v9 (z (B K x) (S (x (S v14 z) B (v15 I v21) B))))) (z (B (B (I z) v24) (K (z (x (K B z)))) v3) (x x v2 (v20 B) x))
z (z K I (v9 (z (B K x) (S (x (S v14 z) B (v15 I v21) B))))) (z (B (I z) v24 (K (z (x (K B z))) v3)) (x x v2 (v20 B) x))
z (z K I (v9 (z (B K x) (S (x (S v14 z) B (v15 I v21) B))))) (z (I z (v24 (K (z (x (K B z))) v3))) (x x v2 (v20 B) x))
z (z K I (v9 (z (B K x) (S (x (S v14 z) B (v15 I v21) B))))) (z (z (v24 (K (z (x (K B z))) v3))) (x x v2 (v20 B) x))
z (z K I (v9 (z (B K x) (S (x (S v14 z) B (v15 I v21) B))))) (z (z (v24 (z (x (K B z))))) (x x v2 (v20 B) x))
z (z K I (v9 (z (B K x) (S (x (S v14 z) B (v15 I v21) B))))) (z (z (v24 (z (x B)))) (x x v2 (v20 B) x))
