S (S x z K) (v14 (v11 S) (z z (z B (z x (S z) (B z B))) (B v17 z (x x (S x S S (x B)))))) z (z z (S (S B x) I K I K)) (K (K S (v0 (K v0) B (z (K (S z)) (z K) (I (z S)))) B (I K)) (K (K (v7 (z B (B (B v18) K)) v4 (I (v11 B) B))) (S K)))
S x z K z (v14 (v11 S) (z z (z B (z x (S z) (B z B))) (B v17 z (x x (S x S S (x B))))) z) (z z (S (S B x) I K I K)) (K (K S (v0 (K v0) B (z (K (S z)) (z K) (I (z S)))) B (I K)) (K (K (v7 (z B (B (B v18) K)) v4 (I (v11 B) B))) (S K)))
x K (z K) z (v14 (v11 S) (z z (z B (z x (S z) (B z B))) (B v17 z (x x (S x S S (x B))))) z) (z z (S (S B x) I K I K)) (K (K S (v0 (K v0) B (z (K (S z)) (z K) (I (z S)))) B (I K)) (K (K (v7 (z B (B (B v18) K)) v4 (I (v11 B) B))) (S K)))
x K (z K) z (v14 (v11 S) (z z (z B (z x (S z) (B z B))) (v17 (z (x x (S x S S (x B)))))) z) (z z (S (S B x) I K I K)) (K (K S (v0 (K v0) B (z (K (S z)) (z K) (I (z S)))) B (I K)) (K (K (v7 (z B (B (B v18) K)) v4 (I (v11 B) B))) (S K)))
x K (z K) z (v14 (v11 S) (z z (z B (z x (S z) (B z B))) (v17 (z (x x (x S (S S) (x B)))))) z) (z z (S (S B x) I K I K)) (K (K S (v0 (K v0) B (z (K (S z)) (z K) (I (z S)))) B (I K)) (K (K (v7 (z B (B (B v18) K)) v4 (I (v11 B) B))) (S K)))
x K (z K) z (v14 (v11 S) (z z (z B (z x (S z) (B z B))) (v17 (z (x x (x S (S S) (x B)))))) z) (z z (S B x K (I K) I K)) (K (K S (v0 (K v0) B (z (K (S z)) (z K) (I (z S)))) B (I K)) (K (K (v7 (z B (B (B v18) K)) v4 (I (v11 B) B))) (S K)))
x K (z K) z (v14 (v11 S) (z z (z B (z x (S z) (B z B))) (v17 (z (x x (x S (S S) (x B)))))) z) (z z (B K (x K) (I K) I K)) (K (K S (v0 (K v0) B (z (K (S z)) (z K) (I (z S)))) B (I K)) (K (K (v7 (z B (B (B v18) K)) v4 (I (v11 B) B))) (S K)))
x K (z K) z (v14 (v11 S) (z z (z B (z x (S z) (B z B))) (v17 (z (x x (x S (S S) (x B)))))) z) (z z (K (x K (I K)) I K)) (K (K S (v0 (K v0) B (z (K (S z)) (z K) (I (z S)))) B (I K)) (K (K (v7 (z B (B (B v18) K)) v4 (I (v11 B) B))) (S K)))
x K (z K) z (v14 (v11 S) (z z (z B (z x (S z) (B z B))) (v17 (z (x x (x S (S S) (x B)))))) z) (z z (x K (I K) K)) (K (K S (v0 (K v0) B (z (K (S z)) (z K) (I (z S)))) B (I K)) (K (K (v7 (z B (B (B v18) K)) v4 (I (v11 B) B))) (S K)))
x K (z K) z (v14 (v11 S) (z z (z B (z x (S z) (B z B))) (v17 (z (x x (x S (S S) (x B)))))) z) (z z (x K K K)) (K (K S (v0 (K v0) B (z (K (S z)) (z K) (I (z S)))) B (I K)) (K (K (v7 (z B (B (B v18) K)) v4 (I (v11 B) B))) (S K)))
x K (z K) z (v14 (v11 S) (z z (z B (z x (S z) (B z B))) (v17 (z (x x (x S (S S) (x B)))))) z) (z z (x K K K)) (K S (v0 (K v0) B (z (K (S z)) (z K) (I (z S)))) B (I K))
x K (z K) z (v14 (v11 S) (z z (z B (z x (S z) (B z B))) (v17 (z (x x (x S (S S) (x B)))))) z) (z z (x K K K)) (S B (I K))
x K (z K) z (v14 (v11 S) (z z (z B (z x (S z) (B z B))) (v17 (z (x x (x S (S S) (x B)))))) z) (z z (x K K K)) (S B K)
z v15 (I v26 v9 v27) (K S)
z v15 (v26 v9 v27) (K S)
K
I (I K x (B (x x z))) (B (x (v4 B (K v18 K (v11 x (I B) K (I z)))) I))
I K x (B (x x z)) (B (x (v4 B (K v18 K (v11 x (I B) K (I z)))) I))
K x (B (x x z)) (B (x (v4 B (K v18 K (v11 x (I B) K (I z)))) I))
x (B (x (v4 B (K v18 K (v11 x (I B) K (I z)))) I))
x (B (x (v4 B (v18 (v11 x (I B) K (I z)))) I))
x (B (x (v4 B (v18 (v11 x B K (I z)))) I))
x (B (x (v4 B (v18 (v11 x B K z))) I))
K (K K) (K K B (I (I (I S)))) (S (B (v22 z) (x I (S (B (K K x))) S (I S S) (I (I (B x (z v28)))) (x (S B B)))))
K K (S (B (v22 z) (x I (S (B (K K x))) S (I S S) (I (I (B x (z v28)))) (x (S B B)))))
K
z K B (v23 (x (I (v15 (x I (z x))))) (z (B K (B z))) x x v12)
z K B (v23 (x (v15 (x I (z x)))) (z (B K (B z))) x x v12)
v14
B z (S (B (I (S (S (I K) (v27 K x))) v7 (S B z))) I K)
B z (B (I (S (S (I K) (v27 K x))) v7 (S B z)) K (I K))
B z (I (S (S (I K) (v27 K x))) v7 (S B z) (K (I K)))
B z (S (S (I K) (v27 K x)) v7 (S B z) (K (I K)))
B z (S (I K) (v27 K x) (S B z) (v7 (S B z)) (K (I K)))
B z (I K (S B z) (v27 K x (S B z)) (v7 (S B z)) (K (I K)))
B z (K (S B z) (v27 K x (S B z)) (v7 (S B z)) (K (I K)))
B z (S B z (v7 (S B z)) (K (I K)))
B z (B (v7 (S B z)) (z (v7 (S B z))) (K (I K)))
B z (v7 (S B z) (z (v7 (S B z)) (K (I K))))
B z (v7 (S B z) (z (v7 (S B z)) (K K)))
z (x (B x S (z (S B)) z))
z (x (x (S (z (S B))) z))
K
