I (v14 (z B B (K v2)) B K) I (v27 (v13 (x B S) I) (B (v7 (S I I) (I x)))) (x (z (K (v27 (I (z S (z (v26 S z) (z v23)))) K S) (v29 I I (v20 (B v23 x) (I x z z v10)) B))))
v14 (z B B (K v2)) B K I (v27 (v13 (x B S) I) (B (v7 (S I I) (I x)))) (x (z (K (v27 (I (z S (z (v26 S z) (z v23)))) K S) (v29 I I (v20 (B v23 x) (I x z z v10)) B))))
v14 (z B B (K v2)) B K I (v27 (v13 (x B S) I) (B (v7 (S I I) x))) (x (z (K (v27 (I (z S (z (v26 S z) (z v23)))) K S) (v29 I I (v20 (B v23 x) (I x z z v10)) B))))
v14 (z B B (K v2)) B K I (v27 (v13 (x B S) I) (B (v7 (S I I) x))) (x (z (v27 (I (z S (z (v26 S z) (z v23)))) K S)))
v14 (z B B (K v2)) B K I (v27 (v13 (x B S) I) (B (v7 (S I I) x))) (x (z (v27 (z S (z (v26 S z) (z v23))) K S)))
z (B (K (I (v5 (B (v14 v26 S)))) (K I) z)) (K (I (z K I)) (B (x z)) (K (I (v9 (S (I S) v20) B))))
z (B (I (v5 (B (v14 v26 S))) z)) (K (I (z K I)) (B (x z)) (K (I (v9 (S (I S) v20) B))))
z (B (v5 (B (v14 v26 S)) z)) (K (I (z K I)) (B (x z)) (K (I (v9 (S (I S) v20) B))))
z (B (v5 (B (v14 v26 S)) z)) (I (z K I) (K (I (v9 (S (I S) v20) B))))
z (B (v5 (B (v14 v26 S)) z)) (z K I (K (I (v9 (S (I S) v20) B))))
z (B (v5 (B (v14 v26 S)) z)) (z K I (K (v9 (S (I S) v20) B)))
z (B (v5 (B (v14 v26 S)) z)) (z K I (K (v9 (S S v20) B)))
I S (K z) (B (z v26 z) (v16 (S I x) (K x)) (x (S (S (K z))) (K z)) (B (z v7 B) (B (S x v0) x))) (K x (K (z v9 (B K)) v3 B (x (x (v20 z I) S v3) (K (I z) K))) (I B (K (B (I B (B K z))))))
S (K z) (B (z v26 z) (v16 (S I x) (K x)) (x (S (S (K z))) (K z)) (B (z v7 B) (B (S x v0) x))) (K x (K (z v9 (B K)) v3 B (x (x (v20 z I) S v3) (K (I z) K))) (I B (K (B (I B (B K z))))))
K z (K x (K (z v9 (B K)) v3 B (x (x (v20 z I) S v3) (K (I z) K))) (I B (K (B (I B (B K z)))))) (B (z v26 z) (v16 (S I x) (K x)) (x (S (S (K z))) (K z)) (B (z v7 B) (B (S x v0) x)) (K x (K (z v9 (B K)) v3 B (x (x (v20 z I) S v3) (K (I z) K))) (I B (K (B (I B (B K z)))))))
z (B (z v26 z) (v16 (S I x) (K x)) (x (S (S (K z))) (K z)) (B (z v7 B) (B (S x v0) x)) (K x (K (z v9 (B K)) v3 B (x (x (v20 z I) S v3) (K (I z) K))) (I B (K (B (I B (B K z)))))))
z (z v26 z (v16 (S I x) (K x) (x (S (S (K z))) (K z))) (B (z v7 B) (B (S x v0) x)) (K x (K (z v9 (B K)) v3 B (x (x (v20 z I) S v3) (K (I z) K))) (I B (K (B (I B (B K z)))))))
z (z v26 z (v16 (S I x) (K x) (x (S (S (K z))) (K z))) (B (z v7 B) (B (S x v0) x)) (x (I B (K (B (I B (B K z)))))))
z (z v26 z (v16 (S I x) (K x) (x (S (S (K z))) (K z))) (B (z v7 B) (B (S x v0) x)) (x (B (K (B (I B (B K z)))))))
z (z v26 z (v16 (S I x) (K x) (x (S (S (K z))) (K z))) (B (z v7 B) (B (S x v0) x)) (x (B (K (B (B (B K z)))))))
B (S (B B) v27) (B K v21 I) (x (S (v22 (S K (S z))) K)) (I (z v7 (K S (z B (B I) (z x) (x (S (S (S I))) S)) (I I (v4 x))))) z
S (B B) v27 (B K v21 I (x (S (v22 (S K (S z))) K))) (I (z v7 (K S (z B (B I) (z x) (x (S (S (S I))) S)) (I I (v4 x))))) z
B B (B K v21 I (x (S (v22 (S K (S z))) K))) (v27 (B K v21 I (x (S (v22 (S K (S z))) K)))) (I (z v7 (K S (z B (B I) (z x) (x (S (S (S I))) S)) (I I (v4 x))))) z
B (B K v21 I (x (S (v22 (S K (S z))) K)) (v27 (B K v21 I (x (S (v22 (S K (S z))) K))))) (I (z v7 (K S (z B (B I) (z x) (x (S (S (S I))) S)) (I I (v4 x))))) z
B K v21 I (x (S (v22 (S K (S z))) K)) (v27 (B K v21 I (x (S (v22 (S K (S z))) K)))) (I (z v7 (K S (z B (B I) (z x) (x (S (S (S I))) S)) (I I (v4 x)))) z)
K (v21 I) (x (S (v22 (S K (S z))) K)) (v27 (B K v21 I (x (S (v22 (S K (S z))) K)))) (I (z v7 (K S (z B (B I) (z x) (x (S (S (S I))) S)) (I I (v4 x)))) z)
v21 I (v27 (B K v21 I (x (S (v22 (S K (S z))) K)))) (I (z v7 (K S (z B (B I) (z x) (x (S (S (S I))) S)) (I I (v4 x)))) z)
v21 I (v27 (K (v21 I) (x (S (v22 (S K (S z))) K)))) (I (z v7 (K S (z B (B I) (z x) (x (S (S (S I))) S)) (I I (v4 x)))) z)
v21 I (v27 (v21 I)) (I (z v7 (K S (z B (B I) (z x) (x (S (S (S I))) S)) (I I (v4 x)))) z)
v21 I (v27 (v21 I)) (z v7 (K S (z B (B I) (z x) (x (S (S (S I))) S)) (I I (v4 x))) z)
v21 I (v27 (v21 I)) (z v7 (S (I I (v4 x))) z)
v21 I (v27 (v21 I)) (z v7 (S (I (v4 x))) z)
v21 I (v27 (v21 I)) (z v7 (S (v4 x)) z)
z (I x (B v18)) x (K (B (v13 (I I)) (v26 z B) B B v4) (B (v25 x)))
z (x (B v18)) x (K (B (v13 (I I)) (v26 z B) B B v4) (B (v25 x)))
z (x (B v18)) x (B (v13 (I I)) (v26 z B) B B v4)
z (x (B v18)) x (v13 (I I) (v26 z B B) B v4)
z (x (B v18)) x (v13 I (v26 z B B) B v4)
I v1 x (K (v16 (x B (K S) I)) (z (x I (z K B K (I (x (z B (z z))))))) (S (z (I x (K S)))) (S (v22 (S v27) z I (z (B z) I)))) (I (S (K (x K (x B I)) x K I (x z (v27 S) (I (B z) v6 (v3 K))))) I)
v1 x (K (v16 (x B (K S) I)) (z (x I (z K B K (I (x (z B (z z))))))) (S (z (I x (K S)))) (S (v22 (S v27) z I (z (B z) I)))) (I (S (K (x K (x B I)) x K I (x z (v27 S) (I (B z) v6 (v3 K))))) I)
v1 x (v16 (x B (K S) I) (S (z (I x (K S)))) (S (v22 (S v27) z I (z (B z) I)))) (I (S (K (x K (x B I)) x K I (x z (v27 S) (I (B z) v6 (v3 K))))) I)
v1 x (v16 (x B (K S) I) (S (z (x (K S)))) (S (v22 (S v27) z I (z (B z) I)))) (I (S (K (x K (x B I)) x K I (x z (v27 S) (I (B z) v6 (v3 K))))) I)
v1 x (v16 (x B (K S) I) (S (z (x (K S)))) (S (v22 (S v27) z I (z (B z) I)))) (S (K (x K (x B I)) x K I (x z (v27 S) (I (B z) v6 (v3 K)))) I)
v1 x (v16 (x B (K S) I) (S (z (x (K S)))) (S (v22 (S v27) z I (z (B z) I)))) (S (x K (x B I) K I (x z (v27 S) (I (B z) v6 (v3 K)))) I)
v1 x (v16 (x B (K S) I) (S (z (x (K S)))) (S (v22 (S v27) z I (z (B z) I)))) (S (x K (x B I) K I (x z (v27 S) (B z v6 (v3 K)))) I)
v1 x (v16 (x B (K S) I) (S (z (x (K S)))) (S (v22 (S v27) z I (z (B z) I)))) (S (x K (x B I) K I (x z (v27 S) (z (v6 (v3 K))))) I)
K (K (K (I x x) z (x (x I v20)))) (S (S K) x B (K x) (K (I v27 (v0 B K (z z) S)) (B (B v7) K (K x) x v3) v13) (I (S I x K (I x)) x))
K (K (I x x) z (x (x I v20)))
K (I x x (x (x I v20)))
K (x x (x (x I v20)))
x
I v3 (x S) (z z) (z (z z (z x (x v11)))) (I z v3) (z S (v12 (K S))) (B (v9 (K (I z (z v14) K)) (K v0) (B S x) (x z z))) B x
v3 (x S) (z z) (z (z z (z x (x v11)))) (I z v3) (z S (v12 (K S))) (B (v9 (K (I z (z v14) K)) (K v0) (B S x) (x z z))) B x
v3 (x S) (z z) (z (z z (z x (x v11)))) (z v3) (z S (v12 (K S))) (B (v9 (K (I z (z v14) K)) (K v0) (B S x) (x z z))) B x
v3 (x S) (z z) (z (z z (z x (x v11)))) (z v3) (z S (v12 (K S))) (B (v9 (K (z (z v14) K)) (K v0) (B S x) (x z z))) B x
z x (x I (I B x (S z)) x S) (v14 (I (S S) S (x (B B))) (z (I (z (K S)) (v1 z)) (z v30)) z) (z (z v15 x (z v8) (v6 I) (B (x I) K x v19) (K (K (K B)))))
z x (x I (B x (S z)) x S) (v14 (I (S S) S (x (B B))) (z (I (z (K S)) (v1 z)) (z v30)) z) (z (z v15 x (z v8) (v6 I) (B (x I) K x v19) (K (K (K B)))))
z x (x I (B x (S z)) x S) (v14 (S S S (x (B B))) (z (I (z (K S)) (v1 z)) (z v30)) z) (z (z v15 x (z v8) (v6 I) (B (x I) K x v19) (K (K (K B)))))
z x (x I (B x (S z)) x S) (v14 (S (x (B B)) (S (x (B B)))) (z (I (z (K S)) (v1 z)) (z v30)) z) (z (z v15 x (z v8) (v6 I) (B (x I) K x v19) (K (K (K B)))))
z x (x I (B x (S z)) x S) (v14 (S (x (B B)) (S (x (B B)))) (z (z (K S) (v1 z)) (z v30)) z) (z (z v15 x (z v8) (v6 I) (B (x I) K x v19) (K (K (K B)))))
z x (x I (B x (S z)) x S) (v14 (S (x (B B)) (S (x (B B)))) (z (z (K S) (v1 z)) (z v30)) z) (z (z v15 x (z v8) (v6 I) (x I (K x) v19) (K (K (K B)))))
