x (x (B (B B S)) v24) (K z B (K (B K) z) (z S I (B K)) (K K)) v1
x (x (B (B B S)) v24) (z (K (B K) z) (z S I (B K)) (K K)) v1
x (x (B (B B S)) v24) (z (B K) (z S I (B K)) (K K)) v1
z (S I) (I I K (x (S z) x)) (S (z z)) v22 (K z (I v1 (K v26)) (v16 (x z)) (S v25) (v16 B (B z)) (K (I z))) (I (K (I v26 K) (v25 I (z B) (v21 x)) v9 v7) (S z v14 x (S (v2 (I v28))) I K (x x (I (S z)) (z v11) (S S) (v25 v19 (B (I x I K) z))))) (x (B (B (S K)) (z (x (S B)))) (K (K (S x I)) (v0 z) (I (B (B (z I)) I I)) (K v5 (v17 B) (v16 (v10 (B x z) S)) (v8 v23 (v23 z) (K S B)))) (K (v15 (v16 v23))))
z (S I) (I K (x (S z) x)) (S (z z)) v22 (K z (I v1 (K v26)) (v16 (x z)) (S v25) (v16 B (B z)) (K (I z))) (I (K (I v26 K) (v25 I (z B) (v21 x)) v9 v7) (S z v14 x (S (v2 (I v28))) I K (x x (I (S z)) (z v11) (S S) (v25 v19 (B (I x I K) z))))) (x (B (B (S K)) (z (x (S B)))) (K (K (S x I)) (v0 z) (I (B (B (z I)) I I)) (K v5 (v17 B) (v16 (v10 (B x z) S)) (v8 v23 (v23 z) (K S B)))) (K (v15 (v16 v23))))
z (S I) (K (x (S z) x)) (S (z z)) v22 (K z (I v1 (K v26)) (v16 (x z)) (S v25) (v16 B (B z)) (K (I z))) (I (K (I v26 K) (v25 I (z B) (v21 x)) v9 v7) (S z v14 x (S (v2 (I v28))) I K (x x (I (S z)) (z v11) (S S) (v25 v19 (B (I x I K) z))))) (x (B (B (S K)) (z (x (S B)))) (K (K (S x I)) (v0 z) (I (B (B (z I)) I I)) (K v5 (v17 B) (v16 (v10 (B x z) S)) (v8 v23 (v23 z) (K S B)))) (K (v15 (v16 v23))))
z (S I) (K (x (S z) x)) (S (z z)) v22 (z (v16 (x z)) (S v25) (v16 B (B z)) (K (I z))) (I (K (I v26 K) (v25 I (z B) (v21 x)) v9 v7) (S z v14 x (S (v2 (I v28))) I K (x x (I (S z)) (z v11) (S S) (v25 v19 (B (I x I K) z))))) (x (B (B (S K)) (z (x (S B)))) (K (K (S x I)) (v0 z) (I (B (B (z I)) I I)) (K v5 (v17 B) (v16 (v10 (B x z) S)) (v8 v23 (v23 z) (K S B)))) (K (v15 (v16 v23))))
z (S I) (K (x (S z) x)) (S (z z)) v22 (z (v16 (x z)) (S v25) (v16 B (B z)) (K z)) (I (K (I v26 K) (v25 I (z B) (v21 x)) v9 v7) (S z v14 x (S (v2 (I v28))) I K (x x (I (S z)) (z v11) (S S) (v25 v19 (B (I x I K) z))))) (x (B (B (S K)) (z (x (S B)))) (K (K (S x I)) (v0 z) (I (B (B (z I)) I I)) (K v5 (v17 B) (v16 (v10 (B x z) S)) (v8 v23 (v23 z) (K S B)))) (K (v15 (v16 v23))))
z (S I) (K (x (S z) x)) (S (z z)) v22 (z (v16 (x z)) (S v25) (v16 B (B z)) (K z)) (K (I v26 K) (v25 I (z B) (v21 x)) v9 v7 (S z v14 x (S (v2 (I v28))) I K (x x (I (S z)) (z v11) (S S) (v25 v19 (B (I x I K) z))))) (x (B (B (S K)) (z (x (S B)))) (K (K (S x I)) (v0 z) (I (B (B (z I)) I I)) (K v5 (v17 B) (v16 (v10 (B x z) S)) (v8 v23 (v23 z) (K S B)))) (K (v15 (v16 v23))))
z (S I) (K (x (S z) x)) (S (z z)) v22 (z (v16 (x z)) (S v25) (v16 B (B z)) (K z)) (I v26 K v9 v7 (S z v14 x (S (v2 (I v28))) I K (x x (I (S z)) (z v11) (S S) (v25 v19 (B (I x I K) z))))) (x (B (B (S K)) (z (x (S B)))) (K (K (S x I)) (v0 z) (I (B (B (z I)) I I)) (K v5 (v17 B) (v16 (v10 (B x z) S)) (v8 v23 (v23 z) (K S B)))) (K (v15 (v16 v23))))
z (S I) (K (x (S z) x)) (S (z z)) v22 (z (v16 (x z)) (S v25) (v16 B (B z)) (K z)) (v26 K v9 v7 (S z v14 x (S (v2 (I v28))) I K (x x (I (S z)) (z v11) (S S) (v25 v19 (B (I x I K) z))))) (x (B (B (S K)) (z (x (S B)))) (K (K (S x I)) (v0 z) (I (B (B (z I)) I I)) (K v5 (v17 B) (v16 (v10 (B x z) S)) (v8 v23 (v23 z) (K S B)))) (K (v15 (v16 v23))))
z (S I) (K (x (S z) x)) (S (z z)) v22 (z (v16 (x z)) (S v25) (v16 B (B z)) (K z)) (v26 K v9 v7 (z x (v14 x) (S (v2 (I v28))) I K (x x (I (S z)) (z v11) (S S) (v25 v19 (B (I x I K) z))))) (x (B (B (S K)) (z (x (S B)))) (K (K (S x I)) (v0 z) (I (B (B (z I)) I I)) (K v5 (v17 B) (v16 (v10 (B x z) S)) (v8 v23 (v23 z) (K S B)))) (K (v15 (v16 v23))))
z (S I) (K (x (S z) x)) (S (z z)) v22 (z (v16 (x z)) (S v25) (v16 B (B z)) (K z)) (v26 K v9 v7 (z x (v14 x) (S (v2 v28)) I K (x x (I (S z)) (z v11) (S S) (v25 v19 (B (I x I K) z))))) (x (B (B (S K)) (z (x (S B)))) (K (K (S x I)) (v0 z) (I (B (B (z I)) I I)) (K v5 (v17 B) (v16 (v10 (B x z) S)) (v8 v23 (v23 z) (K S B)))) (K (v15 (v16 v23))))
z (S I) (K (x (S z) x)) (S (z z)) v22 (z (v16 (x z)) (S v25) (v16 B (B z)) (K z)) (v26 K v9 v7 (z x (v14 x) (S (v2 v28)) I K (x x (S z) (z v11) (S S) (v25 v19 (B (I x I K) z))))) (x (B (B (S K)) (z (x (S B)))) (K (K (S x I)) (v0 z) (I (B (B (z I)) I I)) (K v5 (v17 B) (v16 (v10 (B x z) S)) (v8 v23 (v23 z) (K S B)))) (K (v15 (v16 v23))))
z (S I) (K (x (S z) x)) (S (z z)) v22 (z (v16 (x z)) (S v25) (v16 B (B z)) (K z)) (v26 K v9 v7 (z x (v14 x) (S (v2 v28)) I K (x x (S z) (z v11) (S S) (v25 v19 (B (x I K) z))))) (x (B (B (S K)) (z (x (S B)))) (K (K (S x I)) (v0 z) (I (B (B (z I)) I I)) (K v5 (v17 B) (v16 (v10 (B x z) S)) (v8 v23 (v23 z) (K S B)))) (K (v15 (v16 v23))))
z (S I) (K (x (S z) x)) (S (z z)) v22 (z (v16 (x z)) (S v25) (v16 B (B z)) (K z)) (v26 K v9 v7 (z x (v14 x) (S (v2 v28)) I K (x x (S z) (z v11) (S S) (v25 v19 (B (x I K) z))))) (x (B (B (S K)) (z (x (S B)))) (K (S x I) (I (B (B (z I)) I I)) (K v5 (v17 B) (v16 (v10 (B x z) S)) (v8 v23 (v23 z) (K S B)))) (K (v15 (v16 v23))))
z (S I) (K (x (S z) x)) (S (z z)) v22 (z (v16 (x z)) (S v25) (v16 B (B z)) (K z)) (v26 K v9 v7 (z x (v14 x) (S (v2 v28)) I K (x x (S z) (z v11) (S S) (v25 v19 (B (x I K) z))))) (x (B (B (S K)) (z (x (S B)))) (S x I (K v5 (v17 B) (v16 (v10 (B x z) S)) (v8 v23 (v23 z) (K S B)))) (K (v15 (v16 v23))))
z (S I) (K (x (S z) x)) (S (z z)) v22 (z (v16 (x z)) (S v25) (v16 B (B z)) (K z)) (v26 K v9 v7 (z x (v14 x) (S (v2 v28)) I K (x x (S z) (z v11) (S S) (v25 v19 (B (x I K) z))))) (x (B (B (S K)) (z (x (S B)))) (x (K v5 (v17 B) (v16 (v10 (B x z) S)) (v8 v23 (v23 z) (K S B))) (I (K v5 (v17 B) (v16 (v10 (B x z) S)) (v8 v23 (v23 z) (K S B))))) (K (v15 (v16 v23))))
z (S I) (K (x (S z) x)) (S (z z)) v22 (z (v16 (x z)) (S v25) (v16 B (B z)) (K z)) (v26 K v9 v7 (z x (v14 x) (S (v2 v28)) I K (x x (S z) (z v11) (S S) (v25 v19 (B (x I K) z))))) (x (B (B (S K)) (z (x (S B)))) (x (v5 (v16 (v10 (B x z) S)) (v8 v23 (v23 z) (K S B))) (I (K v5 (v17 B) (v16 (v10 (B x z) S)) (v8 v23 (v23 z) (K S B))))) (K (v15 (v16 v23))))
z (S I) (K (x (S z) x)) (S (z z)) v22 (z (v16 (x z)) (S v25) (v16 B (B z)) (K z)) (v26 K v9 v7 (z x (v14 x) (S (v2 v28)) I K (x x (S z) (z v11) (S S) (v25 v19 (B (x I K) z))))) (x (B (B (S K)) (z (x (S B)))) (x (v5 (v16 (v10 (B x z) S)) (v8 v23 (v23 z) S)) (I (K v5 (v17 B) (v16 (v10 (B x z) S)) (v8 v23 (v23 z) (K S B))))) (K (v15 (v16 v23))))
z (S I) (K (x (S z) x)) (S (z z)) v22 (z (v16 (x z)) (S v25) (v16 B (B z)) (K z)) (v26 K v9 v7 (z x (v14 x) (S (v2 v28)) I K (x x (S z) (z v11) (S S) (v25 v19 (B (x I K) z))))) (x (B (B (S K)) (z (x (S B)))) (x (v5 (v16 (v10 (B x z) S)) (v8 v23 (v23 z) S)) (K v5 (v17 B) (v16 (v10 (B x z) S)) (v8 v23 (v23 z) (K S B)))) (K (v15 (v16 v23))))
z (S I) (K (x (S z) x)) (S (z z)) v22 (z (v16 (x z)) (S v25) (v16 B (B z)) (K z)) (v26 K v9 v7 (z x (v14 x) (S (v2 v28)) I K (x x (S z) (z v11) (S S) (v25 v19 (B (x I K) z))))) (x (B (B (S K)) (z (x (S B)))) (x (v5 (v16 (v10 (B x z) S)) (v8 v23 (v23 z) S)) (v5 (v16 (v10 (B x z) S)) (v8 v23 (v23 z) (K S B)))) (K (v15 (v16 v23))))
z (S I) (K (x (S z) x)) (S (z z)) v22 (z (v16 (x z)) (S v25) (v16 B (B z)) (K z)) (v26 K v9 v7 (z x (v14 x) (S (v2 v28)) I K (x x (S z) (z v11) (S S) (v25 v19 (B (x I K) z))))) (x (B (B (S K)) (z (x (S B)))) (x (v5 (v16 (v10 (B x z) S)) (v8 v23 (v23 z) S)) (v5 (v16 (v10 (B x z) S)) (v8 v23 (v23 z) S))) (K (v15 (v16 v23))))
S
I I
I
K
z K (K K (x (x (v20 (x S z)) (I (K (z z S) S (z K)))))) (x (B (K v22)) B x (z x K (K (K S) K) x) v28 (B (S S x) B K (v12 I z) (z (v7 (I S)))) (I (B z) I))
z K K (x (B (K v22)) B x (z x K (K (K S) K) x) v28 (B (S S x) B K (v12 I z) (z (v7 (I S)))) (I (B z) I))
z K K (x (B (K v22)) B x (z x K (K S) x) v28 (B (S S x) B K (v12 I z) (z (v7 (I S)))) (I (B z) I))
z K K (x (B (K v22)) B x (z x K (K S) x) v28 (S S x (B K) (v12 I z) (z (v7 (I S)))) (I (B z) I))
z K K (x (B (K v22)) B x (z x K (K S) x) v28 (S (B K) (x (B K)) (v12 I z) (z (v7 (I S)))) (I (B z) I))
z K K (x (B (K v22)) B x (z x K (K S) x) v28 (B K (v12 I z) (x (B K) (v12 I z)) (z (v7 (I S)))) (I (B z) I))
z K K (x (B (K v22)) B x (z x K (K S) x) v28 (K (v12 I z (x (B K) (v12 I z))) (z (v7 (I S)))) (I (B z) I))
z K K (x (B (K v22)) B x (z x K (K S) x) v28 (v12 I z (x (B K) (v12 I z))) (I (B z) I))
z K K (x (B (K v22)) B x (z x K (K S) x) v28 (v12 I z (x (B K) (v12 I z))) (B z I))
I B (I I) K (x B) I (S (B B) v19 (v18 (v4 (K (I z))) (x (B B)) (v19 (I S B B)) (S (v0 I))) (S v27 (B (v23 (v7 B))) (v14 (z (K K) (B S))) (I I x (K (x I) v23 (B x (v30 I v2)) I) B)))
B (I I) K (x B) I (S (B B) v19 (v18 (v4 (K (I z))) (x (B B)) (v19 (I S B B)) (S (v0 I))) (S v27 (B (v23 (v7 B))) (v14 (z (K K) (B S))) (I I x (K (x I) v23 (B x (v30 I v2)) I) B)))
I I (K (x B)) I (S (B B) v19 (v18 (v4 (K (I z))) (x (B B)) (v19 (I S B B)) (S (v0 I))) (S v27 (B (v23 (v7 B))) (v14 (z (K K) (B S))) (I I x (K (x I) v23 (B x (v30 I v2)) I) B)))
I (K (x B)) I (S (B B) v19 (v18 (v4 (K (I z))) (x (B B)) (v19 (I S B B)) (S (v0 I))) (S v27 (B (v23 (v7 B))) (v14 (z (K K) (B S))) (I I x (K (x I) v23 (B x (v30 I v2)) I) B)))
K (x B) I (S (B B) v19 (v18 (v4 (K (I z))) (x (B B)) (v19 (I S B B)) (S (v0 I))) (S v27 (B (v23 (v7 B))) (v14 (z (K K) (B S))) (I I x (K (x I) v23 (B x (v30 I v2)) I) B)))
x B (S (B B) v19 (v18 (v4 (K (I z))) (x (B B)) (v19 (I S B B)) (S (v0 I))) (S v27 (B (v23 (v7 B))) (v14 (z (K K) (B S))) (I I x (K (x I) v23 (B x (v30 I v2)) I) B)))
x B (B B (v18 (v4 (K (I z))) (x (B B)) (v19 (I S B B)) (S (v0 I))) (v19 (v18 (v4 (K (I z))) (x (B B)) (v19 (I S B B)) (S (v0 I)))) (S v27 (B (v23 (v7 B))) (v14 (z (K K) (B S))) (I I x (K (x I) v23 (B x (v30 I v2)) I) B)))
x B (B (v18 (v4 (K (I z))) (x (B B)) (v19 (I S B B)) (S (v0 I)) (v19 (v18 (v4 (K (I z))) (x (B B)) (v19 (I S B B)) (S (v0 I))))) (S v27 (B (v23 (v7 B))) (v14 (z (K K) (B S))) (I I x (K (x I) v23 (B x (v30 I v2)) I) B)))
x B (B (v18 (v4 (K z)) (x (B B)) (v19 (I S B B)) (S (v0 I)) (v19 (v18 (v4 (K (I z))) (x (B B)) (v19 (I S B B)) (S (v0 I))))) (S v27 (B (v23 (v7 B))) (v14 (z (K K) (B S))) (I I x (K (x I) v23 (B x (v30 I v2)) I) B)))
x B (B (v18 (v4 (K z)) (x (B B)) (v19 (S B B)) (S (v0 I)) (v19 (v18 (v4 (K (I z))) (x (B B)) (v19 (I S B B)) (S (v0 I))))) (S v27 (B (v23 (v7 B))) (v14 (z (K K) (B S))) (I I x (K (x I) v23 (B x (v30 I v2)) I) B)))
x B (B (v18 (v4 (K z)) (x (B B)) (v19 (S B B)) (S (v0 I)) (v19 (v18 (v4 (K z)) (x (B B)) (v19 (I S B B)) (S (v0 I))))) (S v27 (B (v23 (v7 B))) (v14 (z (K K) (B S))) (I I x (K (x I) v23 (B x (v30 I v2)) I) B)))
x B (B (v18 (v4 (K z)) (x (B B)) (v19 (S B B)) (S (v0 I)) (v19 (v18 (v4 (K z)) (x (B B)) (v19 (S B B)) (S (v0 I))))) (S v27 (B (v23 (v7 B))) (v14 (z (K K) (B S))) (I I x (K (x I) v23 (B x (v30 I v2)) I) B)))
x B (B (v18 (v4 (K z)) (x (B B)) (v19 (S B B)) (S (v0 I)) (v19 (v18 (v4 (K z)) (x (B B)) (v19 (S B B)) (S (v0 I))))) (v27 (v14 (z (K K) (B S))) (B (v23 (v7 B)) (v14 (z (K K) (B S)))) (I I x (K (x I) v23 (B x (v30 I v2)) I) B)))
x B (B (v18 (v4 (K z)) (x (B B)) (v19 (S B B)) (S (v0 I)) (v19 (v18 (v4 (K z)) (x (B B)) (v19 (S B B)) (S (v0 I))))) (v27 (v14 (z (K K) (B S))) (B (v23 (v7 B)) (v14 (z (K K) (B S)))) (I x (K (x I) v23 (B x (v30 I v2)) I) B)))
x B (B (v18 (v4 (K z)) (x (B B)) (v19 (S B B)) (S (v0 I)) (v19 (v18 (v4 (K z)) (x (B B)) (v19 (S B B)) (S (v0 I))))) (v27 (v14 (z (K K) (B S))) (B (v23 (v7 B)) (v14 (z (K K) (B S)))) (x (K (x I) v23 (B x (v30 I v2)) I) B)))
x B (B (v18 (v4 (K z)) (x (B B)) (v19 (S B B)) (S (v0 I)) (v19 (v18 (v4 (K z)) (x (B B)) (v19 (S B B)) (S (v0 I))))) (v27 (v14 (z (K K) (B S))) (B (v23 (v7 B)) (v14 (z (K K) (B S)))) (x (x I (B x (v30 I v2)) I) B)))
z z (S (z I) (S (z (x (K (S x (v4 z))))) v24 (B z z K (I K)) (B (v30 (S (B S)) K (I K) I)))) (B (K z) (I K) (I z) I)
z z (S (z I) (z (x (K (S x (v4 z)))) (B z z K (I K)) (v24 (B z z K (I K))) (B (v30 (S (B S)) K (I K) I)))) (B (K z) (I K) (I z) I)
z z (S (z I) (z (x (K (S x (v4 z)))) (z (z K) (I K)) (v24 (B z z K (I K))) (B (v30 (S (B S)) K (I K) I)))) (B (K z) (I K) (I z) I)
z z (S (z I) (z (x (K (S x (v4 z)))) (z (z K) K) (v24 (B z z K (I K))) (B (v30 (S (B S)) K (I K) I)))) (B (K z) (I K) (I z) I)
z z (S (z I) (z (x (K (S x (v4 z)))) (z (z K) K) (v24 (z (z K) (I K))) (B (v30 (S (B S)) K (I K) I)))) (B (K z) (I K) (I z) I)
z z (S (z I) (z (x (K (S x (v4 z)))) (z (z K) K) (v24 (z (z K) K)) (B (v30 (S (B S)) K (I K) I)))) (B (K z) (I K) (I z) I)
z z (S (z I) (z (x (K (S x (v4 z)))) (z (z K) K) (v24 (z (z K) K)) (B (v30 (S (B S)) K K I)))) (B (K z) (I K) (I z) I)
z z (S (z I) (z (x (K (S x (v4 z)))) (z (z K) K) (v24 (z (z K) K)) (B (v30 (S (B S)) K K I)))) (K z (I K (I z)) I)
z z (S (z I) (z (x (K (S x (v4 z)))) (z (z K) K) (v24 (z (z K) K)) (B (v30 (S (B S)) K K I)))) (z I)
z I
x x
