S (B (B B)) (S v14 S) S K (z v10 (S (S B) (B S (x B)))) z I
B (B B) S (S v14 S S) K (z v10 (S (S B) (B S (x B)))) z I
B B (S (S v14 S S)) K (z v10 (S (S B) (B S (x B)))) z I
B (S (S v14 S S) K) (z v10 (S (S B) (B S (x B)))) z I
S (S v14 S S) K (z v10 (S (S B) (B S (x B))) z) I
S v14 S S (z v10 (S (S B) (B S (x B))) z) (K (z v10 (S (S B) (B S (x B))) z)) I
v14 S (S S) (z v10 (S (S B) (B S (x B))) z) (K (z v10 (S (S B) (B S (x B))) z)) I
z
I
S (B B) (S v29 (z S K) (I z z (S B (v14 B)) (K K (z K) z)) (B (K (B I I) v23) S (z (z (S S)) v9 z (I B) K) (z B x (K v7) B))) (B v23 v1 (v6 I S) (v30 K I) S (z v11))
B B (B v23 v1 (v6 I S) (v30 K I) S (z v11)) (S v29 (z S K) (I z z (S B (v14 B)) (K K (z K) z)) (B (K (B I I) v23) S (z (z (S S)) v9 z (I B) K) (z B x (K v7) B)) (B v23 v1 (v6 I S) (v30 K I) S (z v11)))
B (B v23 v1 (v6 I S) (v30 K I) S (z v11) (S v29 (z S K) (I z z (S B (v14 B)) (K K (z K) z)) (B (K (B I I) v23) S (z (z (S S)) v9 z (I B) K) (z B x (K v7) B)) (B v23 v1 (v6 I S) (v30 K I) S (z v11))))
B (v23 (v1 (v6 I S)) (v30 K I) S (z v11) (S v29 (z S K) (I z z (S B (v14 B)) (K K (z K) z)) (B (K (B I I) v23) S (z (z (S S)) v9 z (I B) K) (z B x (K v7) B)) (B v23 v1 (v6 I S) (v30 K I) S (z v11))))
B (v23 (v1 (v6 I S)) (v30 K I) S (z v11) (v29 (I z z (S B (v14 B)) (K K (z K) z)) (z S K (I z z (S B (v14 B)) (K K (z K) z))) (B (K (B I I) v23) S (z (z (S S)) v9 z (I B) K) (z B x (K v7) B)) (B v23 v1 (v6 I S) (v30 K I) S (z v11))))
B (v23 (v1 (v6 I S)) (v30 K I) S (z v11) (v29 (z z (S B (v14 B)) (K K (z K) z)) (z S K (I z z (S B (v14 B)) (K K (z K) z))) (B (K (B I I) v23) S (z (z (S S)) v9 z (I B) K) (z B x (K v7) B)) (B v23 v1 (v6 I S) (v30 K I) S (z v11))))
B (v23 (v1 (v6 I S)) (v30 K I) S (z v11) (v29 (z z (S B (v14 B)) (K z)) (z S K (I z z (S B (v14 B)) (K K (z K) z))) (B (K (B I I) v23) S (z (z (S S)) v9 z (I B) K) (z B x (K v7) B)) (B v23 v1 (v6 I S) (v30 K I) S (z v11))))
B (v23 (v1 (v6 I S)) (v30 K I) S (z v11) (v29 (z z (S B (v14 B)) (K z)) (z S K (z z (S B (v14 B)) (K K (z K) z))) (B (K (B I I) v23) S (z (z (S S)) v9 z (I B) K) (z B x (K v7) B)) (B v23 v1 (v6 I S) (v30 K I) S (z v11))))
B (v23 (v1 (v6 I S)) (v30 K I) S (z v11) (v29 (z z (S B (v14 B)) (K z)) (z S K (z z (S B (v14 B)) (K z))) (B (K (B I I) v23) S (z (z (S S)) v9 z (I B) K) (z B x (K v7) B)) (B v23 v1 (v6 I S) (v30 K I) S (z v11))))
B (v23 (v1 (v6 I S)) (v30 K I) S (z v11) (v29 (z z (S B (v14 B)) (K z)) (z S K (z z (S B (v14 B)) (K z))) (K (B I I) v23 (S (z (z (S S)) v9 z (I B) K)) (z B x (K v7) B)) (B v23 v1 (v6 I S) (v30 K I) S (z v11))))
B (v23 (v1 (v6 I S)) (v30 K I) S (z v11) (v29 (z z (S B (v14 B)) (K z)) (z S K (z z (S B (v14 B)) (K z))) (B I I (S (z (z (S S)) v9 z (I B) K)) (z B x (K v7) B)) (B v23 v1 (v6 I S) (v30 K I) S (z v11))))
B (v23 (v1 (v6 I S)) (v30 K I) S (z v11) (v29 (z z (S B (v14 B)) (K z)) (z S K (z z (S B (v14 B)) (K z))) (I (I (S (z (z (S S)) v9 z (I B) K))) (z B x (K v7) B)) (B v23 v1 (v6 I S) (v30 K I) S (z v11))))
B (v23 (v1 (v6 I S)) (v30 K I) S (z v11) (v29 (z z (S B (v14 B)) (K z)) (z S K (z z (S B (v14 B)) (K z))) (I (S (z (z (S S)) v9 z (I B) K)) (z B x (K v7) B)) (B v23 v1 (v6 I S) (v30 K I) S (z v11))))
B (v23 (v1 (v6 I S)) (v30 K I) S (z v11) (v29 (z z (S B (v14 B)) (K z)) (z S K (z z (S B (v14 B)) (K z))) (S (z (z (S S)) v9 z (I B) K) (z B x (K v7) B)) (B v23 v1 (v6 I S) (v30 K I) S (z v11))))
B (v23 (v1 (v6 I S)) (v30 K I) S (z v11) (v29 (z z (S B (v14 B)) (K z)) (z S K (z z (S B (v14 B)) (K z))) (S (z (z (S S)) v9 z B K) (z B x (K v7) B)) (B v23 v1 (v6 I S) (v30 K I) S (z v11))))
B (v23 (v1 (v6 I S)) (v30 K I) S (z v11) (v29 (z z (S B (v14 B)) (K z)) (z S K (z z (S B (v14 B)) (K z))) (S (z (z (S S)) v9 z B K) (z B x (K v7) B)) (v23 (v1 (v6 I S)) (v30 K I) S (z v11))))
K x (x K x (x B) K) (B B I) (x (B S v8)) (x v8 z) (I (B (I B (v27 (z B) I z)) (I (S (x K z)) (B (z (B S (S (I K))) (x K))) (z K (x K) I))))
x (B B I) (x (B S v8)) (x v8 z) (I (B (I B (v27 (z B) I z)) (I (S (x K z)) (B (z (B S (S (I K))) (x K))) (z K (x K) I))))
x (B B I) (x (B S v8)) (x v8 z) (B (I B (v27 (z B) I z)) (I (S (x K z)) (B (z (B S (S (I K))) (x K))) (z K (x K) I)))
x (B B I) (x (B S v8)) (x v8 z) (B (B (v27 (z B) I z)) (I (S (x K z)) (B (z (B S (S (I K))) (x K))) (z K (x K) I)))
x (B B I) (x (B S v8)) (x v8 z) (B (B (v27 (z B) I z)) (S (x K z) (B (z (B S (S (I K))) (x K))) (z K (x K) I)))
x (B B I) (x (B S v8)) (x v8 z) (B (B (v27 (z B) I z)) (x K z (z K (x K) I) (B (z (B S (S (I K))) (x K)) (z K (x K) I))))
x (B B I) (x (B S v8)) (x v8 z) (B (B (v27 (z B) I z)) (x K z (z K (x K) I) (B (z (B S (S K)) (x K)) (z K (x K) I))))
x (v28 x (v13 x) I (v14 v28 (K (S (S K) B z) K))) (z I S S) (S (x (K B) x (I v15))) x
x (v28 x (v13 x) I (v14 v28 (S (S K) B z))) (z I S S) (S (x (K B) x (I v15))) x
x (v28 x (v13 x) I (v14 v28 (S K z (B z)))) (z I S S) (S (x (K B) x (I v15))) x
x (v28 x (v13 x) I (v14 v28 (K (B z) (z (B z))))) (z I S S) (S (x (K B) x (I v15))) x
x (v28 x (v13 x) I (v14 v28 (B z))) (z I S S) (S (x (K B) x (I v15))) x
x (v28 x (v13 x) I (v14 v28 (B z))) (z I S S) (S (x (K B) x v15)) x
B S (S (v1 S K (z (B x) (I (K (z I))) S v15) K v14)) x (S I (x (z B) x) (K (B I) (S I I (x (z v13) (I x)))) (B B (v14 z z (I B)) x (K z)) x)
S (S (v1 S K (z (B x) (I (K (z I))) S v15) K v14) x) (S I (x (z B) x) (K (B I) (S I I (x (z v13) (I x)))) (B B (v14 z z (I B)) x (K z)) x)
S (S (v1 S K (z (B x) (K (z I)) S v15) K v14) x) (S I (x (z B) x) (K (B I) (S I I (x (z v13) (I x)))) (B B (v14 z z (I B)) x (K z)) x)
S (S (v1 S K (z (B x) (K (z I)) S v15) K v14) x) (I (K (B I) (S I I (x (z v13) (I x)))) (x (z B) x (K (B I) (S I I (x (z v13) (I x))))) (B B (v14 z z (I B)) x (K z)) x)
S (S (v1 S K (z (B x) (K (z I)) S v15) K v14) x) (K (B I) (S I I (x (z v13) (I x))) (x (z B) x (K (B I) (S I I (x (z v13) (I x))))) (B B (v14 z z (I B)) x (K z)) x)
S (S (v1 S K (z (B x) (K (z I)) S v15) K v14) x) (B I (x (z B) x (K (B I) (S I I (x (z v13) (I x))))) (B B (v14 z z (I B)) x (K z)) x)
S (S (v1 S K (z (B x) (K (z I)) S v15) K v14) x) (I (x (z B) x (K (B I) (S I I (x (z v13) (I x)))) (B B (v14 z z (I B)) x (K z))) x)
S (S (v1 S K (z (B x) (K (z I)) S v15) K v14) x) (x (z B) x (K (B I) (S I I (x (z v13) (I x)))) (B B (v14 z z (I B)) x (K z)) x)
S (S (v1 S K (z (B x) (K (z I)) S v15) K v14) x) (x (z B) x (B I) (B B (v14 z z (I B)) x (K z)) x)
S (S (v1 S K (z (B x) (K (z I)) S v15) K v14) x) (x (z B) x (B I) (B (v14 z z (I B) x) (K z)) x)
S (S (v1 S K (z (B x) (K (z I)) S v15) K v14) x) (x (z B) x (B I) (B (v14 z z B x) (K z)) x)
S v29 I (B S (S (x (v25 (K z))))) (x I (K S (K I) B (v30 (v17 S) (x x) (I (x S) (B (B v3)))))) (S v19 (B v11) v26 (S z (v13 x)) (S I (B (I v11 z (z x) x)))) v24 (S S (B (x (x I v5 (z v3) (z B)))))
v29 (B S (S (x (v25 (K z))))) (I (B S (S (x (v25 (K z)))))) (x I (K S (K I) B (v30 (v17 S) (x x) (I (x S) (B (B v3)))))) (S v19 (B v11) v26 (S z (v13 x)) (S I (B (I v11 z (z x) x)))) v24 (S S (B (x (x I v5 (z v3) (z B)))))
v29 (B S (S (x (v25 (K z))))) (B S (S (x (v25 (K z))))) (x I (K S (K I) B (v30 (v17 S) (x x) (I (x S) (B (B v3)))))) (S v19 (B v11) v26 (S z (v13 x)) (S I (B (I v11 z (z x) x)))) v24 (S S (B (x (x I v5 (z v3) (z B)))))
v29 (B S (S (x (v25 (K z))))) (B S (S (x (v25 (K z))))) (x I (S B (v30 (v17 S) (x x) (I (x S) (B (B v3)))))) (S v19 (B v11) v26 (S z (v13 x)) (S I (B (I v11 z (z x) x)))) v24 (S S (B (x (x I v5 (z v3) (z B)))))
v29 (B S (S (x (v25 (K z))))) (B S (S (x (v25 (K z))))) (x I (S B (v30 (v17 S) (x x) (x S (B (B v3)))))) (S v19 (B v11) v26 (S z (v13 x)) (S I (B (I v11 z (z x) x)))) v24 (S S (B (x (x I v5 (z v3) (z B)))))
v29 (B S (S (x (v25 (K z))))) (B S (S (x (v25 (K z))))) (x I (S B (v30 (v17 S) (x x) (x S (B (B v3)))))) (v19 v26 (B v11 v26) (S z (v13 x)) (S I (B (I v11 z (z x) x)))) v24 (S S (B (x (x I v5 (z v3) (z B)))))
v29 (B S (S (x (v25 (K z))))) (B S (S (x (v25 (K z))))) (x I (S B (v30 (v17 S) (x x) (x S (B (B v3)))))) (v19 v26 (B v11 v26) (S z (v13 x)) (S I (B (v11 z (z x) x)))) v24 (S S (B (x (x I v5 (z v3) (z B)))))
B (z (x (x (B x) (v14 (v18 (z B) x) (z z v11 K v0))) K) (K z (z z (S (B B z) (I (z (v2 K) z (K x B))) (x (x (z (S x) z))))) (x (x (z (v9 (v28 (S K (B I) (x x v3))))) v10) S (S I v27 B))))
B (z (x (x (B x) (v14 (v18 (z B) x) (z z v11 K v0))) K) (z (x (x (z (v9 (v28 (S K (B I) (x x v3))))) v10) S (S I v27 B))))
B (z (x (x (B x) (v14 (v18 (z B) x) (z z v11 K v0))) K) (z (x (x (z (v9 (v28 (K (x x v3) (B I (x x v3)))))) v10) S (S I v27 B))))
B (z (x (x (B x) (v14 (v18 (z B) x) (z z v11 K v0))) K) (z (x (x (z (v9 (v28 (x x v3)))) v10) S (S I v27 B))))
B (z (x (x (B x) (v14 (v18 (z B) x) (z z v11 K v0))) K) (z (x (x (z (v9 (v28 (x x v3)))) v10) S (I B (v27 B)))))
B (z (x (x (B x) (v14 (v18 (z B) x) (z z v11 K v0))) K) (z (x (x (z (v9 (v28 (x x v3)))) v10) S (B (v27 B)))))
v17 B
