I (S (x (S z) x) (x I (K S)))
S (x (S z) x) (x I (K S))
S
I (v14 (I (K B (x v17 I) v19) (v21 (S (S (v11 I) z) (S v17) (v10 v17)) x (B (x z) (S K K)) B) v30))
v14 (I (K B (x v17 I) v19) (v21 (S (S (v11 I) z) (S v17) (v10 v17)) x (B (x z) (S K K)) B) v30)
v14 (K B (x v17 I) v19 (v21 (S (S (v11 I) z) (S v17) (v10 v17)) x (B (x z) (S K K)) B) v30)
v14 (B v19 (v21 (S (S (v11 I) z) (S v17) (v10 v17)) x (B (x z) (S K K)) B) v30)
v14 (v19 (v21 (S (S (v11 I) z) (S v17) (v10 v17)) x (B (x z) (S K K)) B v30))
v14 (v19 (v21 (S (v11 I) z (v10 v17) (S v17 (v10 v17))) x (B (x z) (S K K)) B v30))
v14 (v19 (v21 (v11 I (v10 v17) (z (v10 v17)) (S v17 (v10 v17))) x (B (x z) (S K K)) B v30))
v1 (x z (v7 S)) (v9 (x v29 (v20 K (x (v29 x)) S) K)) S
B (v9 S (S I) (I (I (B (I (S (I (K I) x)) z) v29))) (x K (K (I (S I B (I (S (x v8)))))) (v29 K)))
B (v9 S (S I) (I (B (I (S (I (K I) x)) z) v29)) (x K (K (I (S I B (I (S (x v8)))))) (v29 K)))
B (v9 S (S I) (B (I (S (I (K I) x)) z) v29) (x K (K (I (S I B (I (S (x v8)))))) (v29 K)))
B (v9 S (S I) (B (S (I (K I) x) z) v29) (x K (K (I (S I B (I (S (x v8)))))) (v29 K)))
B (v9 S (S I) (B (S (K I x) z) v29) (x K (K (I (S I B (I (S (x v8)))))) (v29 K)))
B (v9 S (S I) (B (S I z) v29) (x K (K (I (S I B (I (S (x v8)))))) (v29 K)))
B (v9 S (S I) (B (S I z) v29) (x K (K (S I B (I (S (x v8))))) (v29 K)))
B (v9 S (S I) (B (S I z) v29) (x K (K (I (I (S (x v8))) (B (I (S (x v8)))))) (v29 K)))
B (v9 S (S I) (B (S I z) v29) (x K (K (I (S (x v8)) (B (I (S (x v8)))))) (v29 K)))
B (v9 S (S I) (B (S I z) v29) (x K (K (S (x v8) (B (I (S (x v8)))))) (v29 K)))
B (v9 S (S I) (B (S I z) v29) (x K (K (S (x v8) (B (S (x v8))))) (v29 K)))
S
v10 (z z (S (I I) K x) x B (B (K v3))) (v25 B (I K K)) v2 (K v16 (K (I (K (x v5)) (B x) x) (S B v10 v17)))
v10 (z z (I I x (K x)) x B (B (K v3))) (v25 B (I K K)) v2 (K v16 (K (I (K (x v5)) (B x) x) (S B v10 v17)))
v10 (z z (I x (K x)) x B (B (K v3))) (v25 B (I K K)) v2 (K v16 (K (I (K (x v5)) (B x) x) (S B v10 v17)))
v10 (z z (x (K x)) x B (B (K v3))) (v25 B (I K K)) v2 (K v16 (K (I (K (x v5)) (B x) x) (S B v10 v17)))
v10 (z z (x (K x)) x B (B (K v3))) (v25 B (K K)) v2 (K v16 (K (I (K (x v5)) (B x) x) (S B v10 v17)))
v10 (z z (x (K x)) x B (B (K v3))) (v25 B (K K)) v2 v16
B (I (v13 x z v19 v19))
B (v13 x z v19 v19)
K (v25 (v15 (K (v28 x x S) (v24 I S))) (I B (B v15 (K B (S x)) S)))
K (v25 (v15 (v28 x x S)) (I B (B v15 (K B (S x)) S)))
K (v25 (v15 (v28 x x S)) (B (B v15 (K B (S x)) S)))
K (v25 (v15 (v28 x x S)) (B (v15 (K B (S x) S))))
K (v25 (v15 (v28 x x S)) (B (v15 (B S))))
S S
