z K (v2 (K S)) (x (B x))
x (I (x B x (S (K (S (K K)))))) (S K I) (B (v2 I x (I I (B I v29 S) x) (z (I K (I z) (B (z (B (v22 x)))))) B))
x (x B x (S (K (S (K K))))) (S K I) (B (v2 I x (I I (B I v29 S) x) (z (I K (I z) (B (z (B (v22 x)))))) B))
x (x B x (S (K (S (K K))))) (S K I) (B (v2 I x (I (B I v29 S) x) (z (I K (I z) (B (z (B (v22 x)))))) B))
x (x B x (S (K (S (K K))))) (S K I) (B (v2 I x (B I v29 S x) (z (I K (I z) (B (z (B (v22 x)))))) B))
x (x B x (S (K (S (K K))))) (S K I) (B (v2 I x (I (v29 S) x) (z (I K (I z) (B (z (B (v22 x)))))) B))
x (x B x (S (K (S (K K))))) (S K I) (B (v2 I x (v29 S x) (z (I K (I z) (B (z (B (v22 x)))))) B))
x (x B x (S (K (S (K K))))) (S K I) (B (v2 I x (v29 S x) (z (K (I z) (B (z (B (v22 x)))))) B))
x (x B x (S (K (S (K K))))) (S K I) (B (v2 I x (v29 S x) (z (I z)) B))
x (x B x (S (K (S (K K))))) (S K I) (B (v2 I x (v29 S x) (z z) B))
K (v21 K) x (K (I (I S) (I S)) (K (x S) (I v9) (S z) (I (B (v25 (z S)))))) B (v9 z) (S K z (B (K (z K) (v29 I) (z (K I) I v29)) (z I K K (v16 z)) (v4 x I)) (x I z (z (K (v6 I I) v4 (v3 (K v17)) B) z)))
v21 K (K (I (I S) (I S)) (K (x S) (I v9) (S z) (I (B (v25 (z S)))))) B (v9 z) (S K z (B (K (z K) (v29 I) (z (K I) I v29)) (z I K K (v16 z)) (v4 x I)) (x I z (z (K (v6 I I) v4 (v3 (K v17)) B) z)))
v21 K (I (I S) (I S)) B (v9 z) (S K z (B (K (z K) (v29 I) (z (K I) I v29)) (z I K K (v16 z)) (v4 x I)) (x I z (z (K (v6 I I) v4 (v3 (K v17)) B) z)))
v21 K (I S (I S)) B (v9 z) (S K z (B (K (z K) (v29 I) (z (K I) I v29)) (z I K K (v16 z)) (v4 x I)) (x I z (z (K (v6 I I) v4 (v3 (K v17)) B) z)))
v21 K (S (I S)) B (v9 z) (S K z (B (K (z K) (v29 I) (z (K I) I v29)) (z I K K (v16 z)) (v4 x I)) (x I z (z (K (v6 I I) v4 (v3 (K v17)) B) z)))
v21 K (S S) B (v9 z) (S K z (B (K (z K) (v29 I) (z (K I) I v29)) (z I K K (v16 z)) (v4 x I)) (x I z (z (K (v6 I I) v4 (v3 (K v17)) B) z)))
v21 K (S S) B (v9 z) (K (B (K (z K) (v29 I) (z (K I) I v29)) (z I K K (v16 z)) (v4 x I)) (z (B (K (z K) (v29 I) (z (K I) I v29)) (z I K K (v16 z)) (v4 x I))) (x I z (z (K (v6 I I) v4 (v3 (K v17)) B) z)))
v21 K (S S) B (v9 z) (B (K (z K) (v29 I) (z (K I) I v29)) (z I K K (v16 z)) (v4 x I) (x I z (z (K (v6 I I) v4 (v3 (K v17)) B) z)))
v21 K (S S) B (v9 z) (K (z K) (v29 I) (z (K I) I v29) (z I K K (v16 z) (v4 x I)) (x I z (z (K (v6 I I) v4 (v3 (K v17)) B) z)))
v21 K (S S) B (v9 z) (z K (z (K I) I v29) (z I K K (v16 z) (v4 x I)) (x I z (z (K (v6 I I) v4 (v3 (K v17)) B) z)))
v21 K (S S) B (v9 z) (z K (z (K I) I v29) (z I K K (v16 z) (v4 x I)) (x I z (z (v6 I I (v3 (K v17)) B) z)))
z S (x B (v17 (B (I S)) z) (S (I z z B) z I) (K (x v30) B) (S (B I))) (v21 (S (S (x v9 z) (x K z (I I)) z) z))
z S (x B (v17 (B S) z) (S (I z z B) z I) (K (x v30) B) (S (B I))) (v21 (S (S (x v9 z) (x K z (I I)) z) z))
z S (x B (v17 (B S) z) (I z z B I (z I)) (K (x v30) B) (S (B I))) (v21 (S (S (x v9 z) (x K z (I I)) z) z))
z S (x B (v17 (B S) z) (z z B I (z I)) (K (x v30) B) (S (B I))) (v21 (S (S (x v9 z) (x K z (I I)) z) z))
z S (x B (v17 (B S) z) (z z B I (z I)) (x v30) (S (B I))) (v21 (S (S (x v9 z) (x K z (I I)) z) z))
z S (x B (v17 (B S) z) (z z B I (z I)) (x v30) (S (B I))) (v21 (S (x v9 z z (x K z (I I) z)) z))
z S (x B (v17 (B S) z) (z z B I (z I)) (x v30) (S (B I))) (v21 (S (x v9 z z (x K z I z)) z))
K (B (K (x (K I) (z I)) (B z (x (B (I B))))) (K (v9 z (x K (z (v13 x) (x z x)))) (I S I K) B (B z (B K))))
K (B (x (K I) (z I)) (K (v9 z (x K (z (v13 x) (x z x)))) (I S I K) B (B z (B K))))
K (B (x (K I) (z I)) (v9 z (x K (z (v13 x) (x z x))) B (B z (B K))))
B
x v9 v28 z v7 B x z
S (v17 (I S)) x z (I v24 v19 v12 S) v7 I (z I)
v17 (I S) z (x z) (I v24 v19 v12 S) v7 I (z I)
v17 S z (x z) (I v24 v19 v12 S) v7 I (z I)
v17 S z (x z) (v24 v19 v12 S) v7 I (z I)
z v23 (x (S K) (x S z) v4) (K S) (v9 B) (v5 (v11 I S B I) x B B) (S S (S K) (x S (z I (z (v20 K)) (z I S z S) (K (z x)))))
z v23 (x (S K) (x S z) v4) (K S) (v9 B) (v5 (v11 I S B I) x B B) (S (x S (z I (z (v20 K)) (z I S z S) (K (z x)))) (S K (x S (z I (z (v20 K)) (z I S z S) (K (z x))))))
v22 z B (x (S (I v6)) K) (x v0) (z B v15) S x (B I) (z I (B v0 K K) (v24 v9 (I (v11 I z) v22 v19 (B K K (I (K K))) (S (I K)))) z) (K (I (B (v20 K) (B (B (v25 B) I v0 K)))) S)
v22 z B (x (S v6) K) (x v0) (z B v15) S x (B I) (z I (B v0 K K) (v24 v9 (I (v11 I z) v22 v19 (B K K (I (K K))) (S (I K)))) z) (K (I (B (v20 K) (B (B (v25 B) I v0 K)))) S)
v22 z B (x (S v6) K) (x v0) (z B v15) S x (B I) (z I (v0 (K K)) (v24 v9 (I (v11 I z) v22 v19 (B K K (I (K K))) (S (I K)))) z) (K (I (B (v20 K) (B (B (v25 B) I v0 K)))) S)
v22 z B (x (S v6) K) (x v0) (z B v15) S x (B I) (z I (v0 (K K)) (v24 v9 (v11 I z v22 v19 (B K K (I (K K))) (S (I K)))) z) (K (I (B (v20 K) (B (B (v25 B) I v0 K)))) S)
v22 z B (x (S v6) K) (x v0) (z B v15) S x (B I) (z I (v0 (K K)) (v24 v9 (v11 I z v22 v19 (K (K (I (K K)))) (S (I K)))) z) (K (I (B (v20 K) (B (B (v25 B) I v0 K)))) S)
v22 z B (x (S v6) K) (x v0) (z B v15) S x (B I) (z I (v0 (K K)) (v24 v9 (v11 I z v22 v19 (K (K (K K))) (S (I K)))) z) (K (I (B (v20 K) (B (B (v25 B) I v0 K)))) S)
v22 z B (x (S v6) K) (x v0) (z B v15) S x (B I) (z I (v0 (K K)) (v24 v9 (v11 I z v22 v19 (K (K (K K))) (S K))) z) (K (I (B (v20 K) (B (B (v25 B) I v0 K)))) S)
v22 z B (x (S v6) K) (x v0) (z B v15) S x (B I) (z I (v0 (K K)) (v24 v9 (v11 I z v22 v19 (K (K (K K))) (S K))) z) (I (B (v20 K) (B (B (v25 B) I v0 K))))
v22 z B (x (S v6) K) (x v0) (z B v15) S x (B I) (z I (v0 (K K)) (v24 v9 (v11 I z v22 v19 (K (K (K K))) (S K))) z) (B (v20 K) (B (B (v25 B) I v0 K)))
v22 z B (x (S v6) K) (x v0) (z B v15) S x (B I) (z I (v0 (K K)) (v24 v9 (v11 I z v22 v19 (K (K (K K))) (S K))) z) (B (v20 K) (B (v25 B (I v0) K)))
v22 z B (x (S v6) K) (x v0) (z B v15) S x (B I) (z I (v0 (K K)) (v24 v9 (v11 I z v22 v19 (K (K (K K))) (S K))) z) (B (v20 K) (B (v25 B v0 K)))
