I (K (S I v14) (B (I (z B) (z (I (S (K S B))))) (K (I S)) (z (S S))) (I v25 B (B (I x) (x x S I) x x (I (I v23) S)) (S z S v23) v9))
K (S I v14) (B (I (z B) (z (I (S (K S B))))) (K (I S)) (z (S S))) (I v25 B (B (I x) (x x S I) x x (I (I v23) S)) (S z S v23) v9)
S I v14 (I v25 B (B (I x) (x x S I) x x (I (I v23) S)) (S z S v23) v9)
I (I v25 B (B (I x) (x x S I) x x (I (I v23) S)) (S z S v23) v9) (v14 (I v25 B (B (I x) (x x S I) x x (I (I v23) S)) (S z S v23) v9))
I v25 B (B (I x) (x x S I) x x (I (I v23) S)) (S z S v23) v9 (v14 (I v25 B (B (I x) (x x S I) x x (I (I v23) S)) (S z S v23) v9))
v25 B (B (I x) (x x S I) x x (I (I v23) S)) (S z S v23) v9 (v14 (I v25 B (B (I x) (x x S I) x x (I (I v23) S)) (S z S v23) v9))
v25 B (I x (x x S I x) x (I (I v23) S)) (S z S v23) v9 (v14 (I v25 B (B (I x) (x x S I) x x (I (I v23) S)) (S z S v23) v9))
v25 B (x (x x S I x) x (I (I v23) S)) (S z S v23) v9 (v14 (I v25 B (B (I x) (x x S I) x x (I (I v23) S)) (S z S v23) v9))
v25 B (x (x x S I x) x (I v23 S)) (S z S v23) v9 (v14 (I v25 B (B (I x) (x x S I) x x (I (I v23) S)) (S z S v23) v9))
v25 B (x (x x S I x) x (v23 S)) (S z S v23) v9 (v14 (I v25 B (B (I x) (x x S I) x x (I (I v23) S)) (S z S v23) v9))
v25 B (x (x x S I x) x (v23 S)) (z v23 (S v23)) v9 (v14 (I v25 B (B (I x) (x x S I) x x (I (I v23) S)) (S z S v23) v9))
v25 B (x (x x S I x) x (v23 S)) (z v23 (S v23)) v9 (v14 (v25 B (B (I x) (x x S I) x x (I (I v23) S)) (S z S v23) v9))
v25 B (x (x x S I x) x (v23 S)) (z v23 (S v23)) v9 (v14 (v25 B (I x (x x S I x) x (I (I v23) S)) (S z S v23) v9))
v25 B (x (x x S I x) x (v23 S)) (z v23 (S v23)) v9 (v14 (v25 B (x (x x S I x) x (I (I v23) S)) (S z S v23) v9))
v25 B (x (x x S I x) x (v23 S)) (z v23 (S v23)) v9 (v14 (v25 B (x (x x S I x) x (I v23 S)) (S z S v23) v9))
v25 B (x (x x S I x) x (v23 S)) (z v23 (S v23)) v9 (v14 (v25 B (x (x x S I x) x (v23 S)) (S z S v23) v9))
v25 B (x (x x S I x) x (v23 S)) (z v23 (S v23)) v9 (v14 (v25 B (x (x x S I x) x (v23 S)) (z v23 (S v23)) v9))
v18
B x (v17 (v5 (x (x v14 I))) (I z z x) v18) (S S (v24 B) x (K (S x) v25) (S (S (K (z B)) (K S) S (S (x S v24 S (B K (I (I z I)) B x)) (K (I (S K))))) (x (v14 K (K B (B (v8 I) K) S)) x)))
x (v17 (v5 (x (x v14 I))) (I z z x) v18 (S S (v24 B) x (K (S x) v25) (S (S (K (z B)) (K S) S (S (x S v24 S (B K (I (I z I)) B x)) (K (I (S K))))) (x (v14 K (K B (B (v8 I) K) S)) x))))
x (v17 (v5 (x (x v14 I))) (z z x) v18 (S S (v24 B) x (K (S x) v25) (S (S (K (z B)) (K S) S (S (x S v24 S (B K (I (I z I)) B x)) (K (I (S K))))) (x (v14 K (K B (B (v8 I) K) S)) x))))
x (v17 (v5 (x (x v14 I))) (z z x) v18 (S x (v24 B x) (K (S x) v25) (S (S (K (z B)) (K S) S (S (x S v24 S (B K (I (I z I)) B x)) (K (I (S K))))) (x (v14 K (K B (B (v8 I) K) S)) x))))
x (v17 (v5 (x (x v14 I))) (z z x) v18 (x (K (S x) v25) (v24 B x (K (S x) v25)) (S (S (K (z B)) (K S) S (S (x S v24 S (B K (I (I z I)) B x)) (K (I (S K))))) (x (v14 K (K B (B (v8 I) K) S)) x))))
x (v17 (v5 (x (x v14 I))) (z z x) v18 (x (S x) (v24 B x (K (S x) v25)) (S (S (K (z B)) (K S) S (S (x S v24 S (B K (I (I z I)) B x)) (K (I (S K))))) (x (v14 K (K B (B (v8 I) K) S)) x))))
x (v17 (v5 (x (x v14 I))) (z z x) v18 (x (S x) (v24 B x (S x)) (S (S (K (z B)) (K S) S (S (x S v24 S (B K (I (I z I)) B x)) (K (I (S K))))) (x (v14 K (K B (B (v8 I) K) S)) x))))
x (v17 (v5 (x (x v14 I))) (z z x) v18 (x (S x) (v24 B x (S x)) (S (K (z B) S (K S S) (S (x S v24 S (B K (I (I z I)) B x)) (K (I (S K))))) (x (v14 K (K B (B (v8 I) K) S)) x))))
x (v17 (v5 (x (x v14 I))) (z z x) v18 (x (S x) (v24 B x (S x)) (S (z B (K S S) (S (x S v24 S (B K (I (I z I)) B x)) (K (I (S K))))) (x (v14 K (K B (B (v8 I) K) S)) x))))
x (v17 (v5 (x (x v14 I))) (z z x) v18 (x (S x) (v24 B x (S x)) (S (z B S (S (x S v24 S (B K (I (I z I)) B x)) (K (I (S K))))) (x (v14 K (K B (B (v8 I) K) S)) x))))
x (v17 (v5 (x (x v14 I))) (z z x) v18 (x (S x) (v24 B x (S x)) (S (z B S (S (x S v24 S (K (I (I z I) B) x)) (K (I (S K))))) (x (v14 K (K B (B (v8 I) K) S)) x))))
x (v17 (v5 (x (x v14 I))) (z z x) v18 (x (S x) (v24 B x (S x)) (S (z B S (S (x S v24 S (I (I z I) B)) (K (I (S K))))) (x (v14 K (K B (B (v8 I) K) S)) x))))
x (v17 (v5 (x (x v14 I))) (z z x) v18 (x (S x) (v24 B x (S x)) (S (z B S (S (x S v24 S (I z I B)) (K (I (S K))))) (x (v14 K (K B (B (v8 I) K) S)) x))))
x (v17 (v5 (x (x v14 I))) (z z x) v18 (x (S x) (v24 B x (S x)) (S (z B S (S (x S v24 S (z I B)) (K (I (S K))))) (x (v14 K (K B (B (v8 I) K) S)) x))))
x (v17 (v5 (x (x v14 I))) (z z x) v18 (x (S x) (v24 B x (S x)) (S (z B S (S (x S v24 S (z I B)) (K (S K)))) (x (v14 K (K B (B (v8 I) K) S)) x))))
x (v17 (v5 (x (x v14 I))) (z z x) v18 (x (S x) (v24 B x (S x)) (S (z B S (S (x S v24 S (z I B)) (K (S K)))) (x (v14 K (B S)) x))))
B (x (z (K S (K S I S (S K)) z (x v16)) (B (K (K (B B)) I S) I)))
B (x (z (S z (x v16)) (B (K (K (B B)) I S) I)))
B (x (z (S z (x v16)) (B (K (B B) S) I)))
B (x (z (S z (x v16)) (B (B B) I)))
K (K (K (z S)) (K K K)) z
K (K (z S)) (K K K)
K (z S)
K K (x x) (v4 (I x (B (v21 (x v29 (x z B I) x) v16 K) (v14 x))) z)
K (v4 (I x (B (v21 (x v29 (x z B I) x) v16 K) (v14 x))) z)
K (v4 (x (B (v21 (x v29 (x z B I) x) v16 K) (v14 x))) z)
B v23 (K (z (B x K (z S v18))) (I (B B) K))
B v23 (z (B x K (z S v18)))
B v23 (z (x (K (z S v18))))
z (z (K S) I x) x (S S x v13) (I K) x (I I x I) (v8 S x) (K (I (v30 B) (B (K I) (B B)) x v15))
z (z (K S) I x) x (S v13 (x v13)) (I K) x (I I x I) (v8 S x) (K (I (v30 B) (B (K I) (B B)) x v15))
z (z (K S) I x) x (S v13 (x v13)) K x (I I x I) (v8 S x) (K (I (v30 B) (B (K I) (B B)) x v15))
z (z (K S) I x) x (S v13 (x v13)) K x (I x I) (v8 S x) (K (I (v30 B) (B (K I) (B B)) x v15))
z (z (K S) I x) x (S v13 (x v13)) K x (x I) (v8 S x) (K (I (v30 B) (B (K I) (B B)) x v15))
z (z (K S) I x) x (S v13 (x v13)) K x (x I) (v8 S x) (K (v30 B (B (K I) (B B)) x v15))
z (S (z (z (z B) (I (z S)) v3 (z (z x v16) (I z) B) (z (x K)))) v29 (B K)) (z K)
z (z (z (z B) (I (z S)) v3 (z (z x v16) (I z) B) (z (x K))) (B K) (v29 (B K))) (z K)
z (z (z (z B) (z S) v3 (z (z x v16) (I z) B) (z (x K))) (B K) (v29 (B K))) (z K)
z (z (z (z B) (z S) v3 (z (z x v16) z B) (z (x K))) (B K) (v29 (B K))) (z K)
z (K (B K) K) (S (v24 z) (I (I I (x z B) x z))) (v4 v6) I (K (z B) S) (v6 z I)
z (B K) (S (v24 z) (I (I I (x z B) x z))) (v4 v6) I (K (z B) S) (v6 z I)
z (B K) (S (v24 z) (I I (x z B) x z)) (v4 v6) I (K (z B) S) (v6 z I)
z (B K) (S (v24 z) (I (x z B) x z)) (v4 v6) I (K (z B) S) (v6 z I)
z (B K) (S (v24 z) (x z B x z)) (v4 v6) I (K (z B) S) (v6 z I)
z (B K) (S (v24 z) (x z B x z)) (v4 v6) I (z B) (v6 z I)
