v18 (v6 z (S (I (v14 (B (I v22 S (x K)) v25) (K S z I) (S B (B B)) x (B S))))) (B x K (B v10 z (B v0)) (v29 x) (B (v28 (K v11) (x (K S (x (I K))) (S K z S)))))
v18 (v6 z (S (v14 (B (I v22 S (x K)) v25) (K S z I) (S B (B B)) x (B S)))) (B x K (B v10 z (B v0)) (v29 x) (B (v28 (K v11) (x (K S (x (I K))) (S K z S)))))
v18 (v6 z (S (v14 (B (v22 S (x K)) v25) (K S z I) (S B (B B)) x (B S)))) (B x K (B v10 z (B v0)) (v29 x) (B (v28 (K v11) (x (K S (x (I K))) (S K z S)))))
v18 (v6 z (S (v14 (B (v22 S (x K)) v25) (S I) (S B (B B)) x (B S)))) (B x K (B v10 z (B v0)) (v29 x) (B (v28 (K v11) (x (K S (x (I K))) (S K z S)))))
v18 (v6 z (S (v14 (B (v22 S (x K)) v25) (S I) (S B (B B)) x (B S)))) (x (K (B v10 z (B v0))) (v29 x) (B (v28 (K v11) (x (K S (x (I K))) (S K z S)))))
v18 (v6 z (S (v14 (B (v22 S (x K)) v25) (S I) (S B (B B)) x (B S)))) (x (K (v10 (z (B v0)))) (v29 x) (B (v28 (K v11) (x (K S (x (I K))) (S K z S)))))
v18 (v6 z (S (v14 (B (v22 S (x K)) v25) (S I) (S B (B B)) x (B S)))) (x (K (v10 (z (B v0)))) (v29 x) (B (v28 (K v11) (x S (S K z S)))))
v18 (v6 z (S (v14 (B (v22 S (x K)) v25) (S I) (S B (B B)) x (B S)))) (x (K (v10 (z (B v0)))) (v29 x) (B (v28 (K v11) (x S (K S (z S))))))
v18 (v6 z (S (v14 (B (v22 S (x K)) v25) (S I) (S B (B B)) x (B S)))) (x (K (v10 (z (B v0)))) (v29 x) (B (v28 (K v11) (x S S))))
B (z B) (v2 I K (z v8 I)) I
z B (v2 I K (z v8 I) I)
K
S (x K) (v28 K S (z z v12)) (x (v30 B) (z (K v1) (S x K I (I B) v17)) z)
x K (x (v30 B) (z (K v1) (S x K I (I B) v17)) z) (v28 K S (z z v12) (x (v30 B) (z (K v1) (S x K I (I B) v17)) z))
x K (x (v30 B) (z (K v1) (x I (K I) (I B) v17)) z) (v28 K S (z z v12) (x (v30 B) (z (K v1) (S x K I (I B) v17)) z))
x K (x (v30 B) (z (K v1) (x I (K I) B v17)) z) (v28 K S (z z v12) (x (v30 B) (z (K v1) (S x K I (I B) v17)) z))
x K (x (v30 B) (z (K v1) (x I (K I) B v17)) z) (v28 K S (z z v12) (x (v30 B) (z (K v1) (x I (K I) (I B) v17)) z))
x K (x (v30 B) (z (K v1) (x I (K I) B v17)) z) (v28 K S (z z v12) (x (v30 B) (z (K v1) (x I (K I) B v17)) z))
x (K x (K B))
x x
S (S (K (I (v9 (x S))))) (I (v5 x)) (S (B v27))
S (K (I (v9 (x S)))) (S (B v27)) (I (v5 x) (S (B v27)))
K (I (v9 (x S))) (I (v5 x) (S (B v27))) (S (B v27) (I (v5 x) (S (B v27))))
I (v9 (x S)) (S (B v27) (I (v5 x) (S (B v27))))
v9 (x S) (S (B v27) (I (v5 x) (S (B v27))))
v9 (x S) (S (B v27) (v5 x (S (B v27))))
x
B (x K (I x)) (B (z z (I (I (x (B v7))))) (K B) S)
B (x K x) (B (z z (I (I (x (B v7))))) (K B) S)
B (x K x) (z z (I (I (x (B v7)))) (K B S))
B (x K x) (z z (I (x (B v7))) (K B S))
B (x K x) (z z (x (B v7)) (K B S))
B (x K x) (z z (x (B v7)) B)
S (v3 (v28 z (K K) (x (B x))) (x (v13 v29) x K)) (S v16 K I (S (I (v3 x K (I (S I)))) (K (S v13) S (z K) z) B))
S (v3 (v28 z (K K) (x (B x))) (x (v13 v29) x K)) (v16 I (K I) (S (I (v3 x K (I (S I)))) (K (S v13) S (z K) z) B))
S (v3 (v28 z (K K) (x (B x))) (x (v13 v29) x K)) (v16 I (K I) (I (v3 x K (I (S I))) B (K (S v13) S (z K) z B)))
S (v3 (v28 z (K K) (x (B x))) (x (v13 v29) x K)) (v16 I (K I) (v3 x K (I (S I)) B (K (S v13) S (z K) z B)))
S (v3 (v28 z (K K) (x (B x))) (x (v13 v29) x K)) (v16 I (K I) (v3 x K (S I) B (K (S v13) S (z K) z B)))
S (v3 (v28 z (K K) (x (B x))) (x (v13 v29) x K)) (v16 I (K I) (v3 x K (S I) B (S v13 (z K) z B)))
S (v3 (v28 z (K K) (x (B x))) (x (v13 v29) x K)) (v16 I (K I) (v3 x K (S I) B (v13 z (z K z) B)))
B B (x (B S v17))
