K x
K (z K v15 (z z)) (S I (x (z K (v1 z))) (v10 (S z K))) (S K I z (S B (B B) z) (v17 (I (K x x))) (v11 K I))
z K v15 (z z) (S K I z (S B (B B) z) (v17 (I (K x x))) (v11 K I))
z K v15 (z z) (K z (I z) (S B (B B) z) (v17 (I (K x x))) (v11 K I))
z K v15 (z z) (z (S B (B B) z) (v17 (I (K x x))) (v11 K I))
z K v15 (z z) (z (B z (B B z)) (v17 (I (K x x))) (v11 K I))
z K v15 (z z) (z (B z (B B z)) (v17 (K x x)) (v11 K I))
z K v15 (z z) (z (B z (B B z)) (v17 x) (v11 K I))
S (K x (I z (K (K (x I)))) (v8 (B I K)) (S (v30 S)) (I (z x) v19)) (x (v20 (K x)) K (v30 (x (K (B (K I)))) K)) (B (x K)) (B (v28 I (K (K (v16 v10 K) (B (K S))) v15) (x (I (K I I B)) v13) S) (K (K (S (x B (v18 (v9 z)) S) (K B z v2 (B (B x))))) (I S v15 (x (z v19 (S K (S S x)))) (I S) S (v30 K K))))
K x (I z (K (K (x I)))) (v8 (B I K)) (S (v30 S)) (I (z x) v19) (B (x K)) (x (v20 (K x)) K (v30 (x (K (B (K I)))) K) (B (x K))) (B (v28 I (K (K (v16 v10 K) (B (K S))) v15) (x (I (K I I B)) v13) S) (K (K (S (x B (v18 (v9 z)) S) (K B z v2 (B (B x))))) (I S v15 (x (z v19 (S K (S S x)))) (I S) S (v30 K K))))
x (v8 (B I K)) (S (v30 S)) (I (z x) v19) (B (x K)) (x (v20 (K x)) K (v30 (x (K (B (K I)))) K) (B (x K))) (B (v28 I (K (K (v16 v10 K) (B (K S))) v15) (x (I (K I I B)) v13) S) (K (K (S (x B (v18 (v9 z)) S) (K B z v2 (B (B x))))) (I S v15 (x (z v19 (S K (S S x)))) (I S) S (v30 K K))))
x (v8 (B I K)) (S (v30 S)) (z x v19) (B (x K)) (x (v20 (K x)) K (v30 (x (K (B (K I)))) K) (B (x K))) (B (v28 I (K (K (v16 v10 K) (B (K S))) v15) (x (I (K I I B)) v13) S) (K (K (S (x B (v18 (v9 z)) S) (K B z v2 (B (B x))))) (I S v15 (x (z v19 (S K (S S x)))) (I S) S (v30 K K))))
x (v8 (B I K)) (S (v30 S)) (z x v19) (B (x K)) (x (v20 (K x)) K (v30 (x (K (B (K I)))) K) (B (x K))) (B (v28 I (K (v16 v10 K) (B (K S))) (x (I (K I I B)) v13) S) (K (K (S (x B (v18 (v9 z)) S) (K B z v2 (B (B x))))) (I S v15 (x (z v19 (S K (S S x)))) (I S) S (v30 K K))))
x (v8 (B I K)) (S (v30 S)) (z x v19) (B (x K)) (x (v20 (K x)) K (v30 (x (K (B (K I)))) K) (B (x K))) (B (v28 I (v16 v10 K) (x (I (K I I B)) v13) S) (K (K (S (x B (v18 (v9 z)) S) (K B z v2 (B (B x))))) (I S v15 (x (z v19 (S K (S S x)))) (I S) S (v30 K K))))
x (v8 (B I K)) (S (v30 S)) (z x v19) (B (x K)) (x (v20 (K x)) K (v30 (x (K (B (K I)))) K) (B (x K))) (B (v28 I (v16 v10 K) (x (K I I B) v13) S) (K (K (S (x B (v18 (v9 z)) S) (K B z v2 (B (B x))))) (I S v15 (x (z v19 (S K (S S x)))) (I S) S (v30 K K))))
x (v8 (B I K)) (S (v30 S)) (z x v19) (B (x K)) (x (v20 (K x)) K (v30 (x (K (B (K I)))) K) (B (x K))) (B (v28 I (v16 v10 K) (x (I B) v13) S) (K (K (S (x B (v18 (v9 z)) S) (K B z v2 (B (B x))))) (I S v15 (x (z v19 (S K (S S x)))) (I S) S (v30 K K))))
x (v8 (B I K)) (S (v30 S)) (z x v19) (B (x K)) (x (v20 (K x)) K (v30 (x (K (B (K I)))) K) (B (x K))) (B (v28 I (v16 v10 K) (x B v13) S) (K (K (S (x B (v18 (v9 z)) S) (K B z v2 (B (B x))))) (I S v15 (x (z v19 (S K (S S x)))) (I S) S (v30 K K))))
x (v8 (B I K)) (S (v30 S)) (z x v19) (B (x K)) (x (v20 (K x)) K (v30 (x (K (B (K I)))) K) (B (x K))) (B (v28 I (v16 v10 K) (x B v13) S) (K (S (x B (v18 (v9 z)) S) (K B z v2 (B (B x))))))
x (v8 (B I K)) (S (v30 S)) (z x v19) (B (x K)) (x (v20 (K x)) K (v30 (x (K (B (K I)))) K) (B (x K))) (B (v28 I (v16 v10 K) (x B v13) S) (K (S (x B (v18 (v9 z)) S) (B v2 (B (B x))))))
K
v22
z (B (B (v27 (v7 z)) (B K (K I) (z B))) I)
z (B (B (v27 (v7 z)) (K (K I (z B)))) I)
z (B (B (v27 (v7 z)) (K I)) I)
K I z B B (B x x (v14 B (z (z (K (B z)) z) (B K I))) (B (v19 I) (x x (z (I K))) (z z (K (v28 S) (S (I B))) K) S) (x z I (I v10 I v19) K x))
I B B (B x x (v14 B (z (z (K (B z)) z) (B K I))) (B (v19 I) (x x (z (I K))) (z z (K (v28 S) (S (I B))) K) S) (x z I (I v10 I v19) K x))
B B (B x x (v14 B (z (z (K (B z)) z) (B K I))) (B (v19 I) (x x (z (I K))) (z z (K (v28 S) (S (I B))) K) S) (x z I (I v10 I v19) K x))
B B (x (x (v14 B (z (z (K (B z)) z) (B K I)))) (B (v19 I) (x x (z (I K))) (z z (K (v28 S) (S (I B))) K) S) (x z I (I v10 I v19) K x))
B B (x (x (v14 B (z (z (K (B z)) z) (B K I)))) (v19 I (x x (z (I K)) (z z (K (v28 S) (S (I B))) K)) S) (x z I (I v10 I v19) K x))
B B (x (x (v14 B (z (z (K (B z)) z) (B K I)))) (v19 I (x x (z K) (z z (K (v28 S) (S (I B))) K)) S) (x z I (I v10 I v19) K x))
B B (x (x (v14 B (z (z (K (B z)) z) (B K I)))) (v19 I (x x (z K) (z z (v28 S) K)) S) (x z I (I v10 I v19) K x))
B B (x (x (v14 B (z (z (K (B z)) z) (B K I)))) (v19 I (x x (z K) (z z (v28 S) K)) S) (x z I (v10 I v19) K x))
K z (I (S z) (S (I (v27 x) (K (S z) (K x)) x I))) (I (S x S (B (S (v29 x) (B (v26 (I S B) K)) (S S)))) (K (x S K v19) (B z) B S (S (S K)) (S (x (S (B x z) B z (I I z)) (K z (B z z))))))
z (I (S x S (B (S (v29 x) (B (v26 (I S B) K)) (S S)))) (K (x S K v19) (B z) B S (S (S K)) (S (x (S (B x z) B z (I I z)) (K z (B z z))))))
z (S x S (B (S (v29 x) (B (v26 (I S B) K)) (S S))) (K (x S K v19) (B z) B S (S (S K)) (S (x (S (B x z) B z (I I z)) (K z (B z z))))))
z (x (B (S (v29 x) (B (v26 (I S B) K)) (S S))) (S (B (S (v29 x) (B (v26 (I S B) K)) (S S)))) (K (x S K v19) (B z) B S (S (S K)) (S (x (S (B x z) B z (I I z)) (K z (B z z))))))
z (x (B (v29 x (S S) (B (v26 (I S B) K) (S S)))) (S (B (S (v29 x) (B (v26 (I S B) K)) (S S)))) (K (x S K v19) (B z) B S (S (S K)) (S (x (S (B x z) B z (I I z)) (K z (B z z))))))
z (x (B (v29 x (S S) (B (v26 (S B) K) (S S)))) (S (B (S (v29 x) (B (v26 (I S B) K)) (S S)))) (K (x S K v19) (B z) B S (S (S K)) (S (x (S (B x z) B z (I I z)) (K z (B z z))))))
z (x (B (v29 x (S S) (B (v26 (S B) K) (S S)))) (S (B (v29 x (S S) (B (v26 (I S B) K) (S S))))) (K (x S K v19) (B z) B S (S (S K)) (S (x (S (B x z) B z (I I z)) (K z (B z z))))))
z (x (B (v29 x (S S) (B (v26 (S B) K) (S S)))) (S (B (v29 x (S S) (B (v26 (S B) K) (S S))))) (K (x S K v19) (B z) B S (S (S K)) (S (x (S (B x z) B z (I I z)) (K z (B z z))))))
z (x (B (v29 x (S S) (B (v26 (S B) K) (S S)))) (S (B (v29 x (S S) (B (v26 (S B) K) (S S))))) (x S K v19 B S (S (S K)) (S (x (S (B x z) B z (I I z)) (K z (B z z))))))
z (x (B (v29 x (S S) (B (v26 (S B) K) (S S)))) (S (B (v29 x (S S) (B (v26 (S B) K) (S S))))) (x S K v19 B S (S (S K)) (S (x (B x z z (B z) (I I z)) (K z (B z z))))))
z (x (B (v29 x (S S) (B (v26 (S B) K) (S S)))) (S (B (v29 x (S S) (B (v26 (S B) K) (S S))))) (x S K v19 B S (S (S K)) (S (x (x (z z) (B z) (I I z)) (K z (B z z))))))
z (x (B (v29 x (S S) (B (v26 (S B) K) (S S)))) (S (B (v29 x (S S) (B (v26 (S B) K) (S S))))) (x S K v19 B S (S (S K)) (S (x (x (z z) (B z) (I z)) (K z (B z z))))))
z (x (B (v29 x (S S) (B (v26 (S B) K) (S S)))) (S (B (v29 x (S S) (B (v26 (S B) K) (S S))))) (x S K v19 B S (S (S K)) (S (x (x (z z) (B z) z) (K z (B z z))))))
z (x (B (v29 x (S S) (B (v26 (S B) K) (S S)))) (S (B (v29 x (S S) (B (v26 (S B) K) (S S))))) (x S K v19 B S (S (S K)) (S (x (x (z z) (B z) z) z))))
B I K (z (z z) K B (x (S (x I) x) (B B z) S (B B z z)) (x (S K)) z (z (I (I (I (v23 K)) (I (I x))))))
I (K (z (z z) K B (x (S (x I) x) (B B z) S (B B z z)) (x (S K)) z (z (I (I (I (v23 K)) (I (I x)))))))
K (z (z z) K B (x (S (x I) x) (B B z) S (B B z z)) (x (S K)) z (z (I (I (I (v23 K)) (I (I x))))))
K (z (z z) K B (x (S (x I) x) (B B z) S (B (z z))) (x (S K)) z (z (I (I (I (v23 K)) (I (I x))))))
K (z (z z) K B (x (S (x I) x) (B B z) S (B (z z))) (x (S K)) z (z (I (I (v23 K)) (I (I x)))))
K (z (z z) K B (x (S (x I) x) (B B z) S (B (z z))) (x (S K)) z (z (I (v23 K) (I (I x)))))
K (z (z z) K B (x (S (x I) x) (B B z) S (B (z z))) (x (S K)) z (z (v23 K (I (I x)))))
K (z (z z) K B (x (S (x I) x) (B B z) S (B (z z))) (x (S K)) z (z (v23 K (I x))))
K (z (z z) K B (x (S (x I) x) (B B z) S (B (z z))) (x (S K)) z (z (v23 K x)))
K (v17 K (B v27 (K I) (v29 (I I) (B I I)) (K (x v8))) K) (I (x (K (K (z (B S))) S x)) B) I
v17 K (B v27 (K I) (v29 (I I) (B I I)) (K (x v8))) K I
v17 K (v27 (K I (v29 (I I) (B I I))) (K (x v8))) K I
v17 K (v27 I (K (x v8))) K I
