K (S (x v29 S)) (B x) (B S (I S))
S (x v29 S) (B S (I S))
S (x v29 S) (B S S)
I B (K (v1 v26 (v12 x) z) z) z (z S (v18 K (x x (K z)) (K (B I K) (z (x x))) (S (B (z (v29 (z x) (z z)))) (z (v4 (S z (I B K))) (x v5 S (x S)) (K B) (z (v7 (K x) v15) (z S)) (x (B B) (B I)) (K x)))))
B (K (v1 v26 (v12 x) z) z) z (z S (v18 K (x x (K z)) (K (B I K) (z (x x))) (S (B (z (v29 (z x) (z z)))) (z (v4 (S z (I B K))) (x v5 S (x S)) (K B) (z (v7 (K x) v15) (z S)) (x (B B) (B I)) (K x)))))
K (v1 v26 (v12 x) z) z (z (z S (v18 K (x x (K z)) (K (B I K) (z (x x))) (S (B (z (v29 (z x) (z z)))) (z (v4 (S z (I B K))) (x v5 S (x S)) (K B) (z (v7 (K x) v15) (z S)) (x (B B) (B I)) (K x))))))
v1 v26 (v12 x) z (z (z S (v18 K (x x (K z)) (K (B I K) (z (x x))) (S (B (z (v29 (z x) (z z)))) (z (v4 (S z (I B K))) (x v5 S (x S)) (K B) (z (v7 (K x) v15) (z S)) (x (B B) (B I)) (K x))))))
v1 v26 (v12 x) z (z (z S (v18 K (x x (K z)) (B I K) (S (B (z (v29 (z x) (z z)))) (z (v4 (S z (I B K))) (x v5 S (x S)) (K B) (z (v7 (K x) v15) (z S)) (x (B B) (B I)) (K x))))))
v1 v26 (v12 x) z (z (z S (v18 K (x x (K z)) (B I K) (S (B (z (v29 (z x) (z z)))) (z (v4 (S z (B K))) (x v5 S (x S)) (K B) (z (v7 (K x) v15) (z S)) (x (B B) (B I)) (K x))))))
B (z S I)
z x (B (z (B z (v16 (I K) (z S) x) z)) K) (I v20 (x (x (x (z K)) I))) (S (v20 (K B S))) (z (I (K B z B (S B)) (v5 v23) (z S S x K)) (I (S S) (B (x (x (x (K (z z))) (v0 S))) (x B) (B I v20))))
z x (B (z (z (v16 (I K) (z S) x z))) K) (I v20 (x (x (x (z K)) I))) (S (v20 (K B S))) (z (I (K B z B (S B)) (v5 v23) (z S S x K)) (I (S S) (B (x (x (x (K (z z))) (v0 S))) (x B) (B I v20))))
z x (B (z (z (v16 K (z S) x z))) K) (I v20 (x (x (x (z K)) I))) (S (v20 (K B S))) (z (I (K B z B (S B)) (v5 v23) (z S S x K)) (I (S S) (B (x (x (x (K (z z))) (v0 S))) (x B) (B I v20))))
z x (B (z (z (v16 K (z S) x z))) K) (v20 (x (x (x (z K)) I))) (S (v20 (K B S))) (z (I (K B z B (S B)) (v5 v23) (z S S x K)) (I (S S) (B (x (x (x (K (z z))) (v0 S))) (x B) (B I v20))))
z x (B (z (z (v16 K (z S) x z))) K) (v20 (x (x (x (z K)) I))) (S (v20 B)) (z (I (K B z B (S B)) (v5 v23) (z S S x K)) (I (S S) (B (x (x (x (K (z z))) (v0 S))) (x B) (B I v20))))
z x (B (z (z (v16 K (z S) x z))) K) (v20 (x (x (x (z K)) I))) (S (v20 B)) (z (K B z B (S B) (v5 v23) (z S S x K)) (I (S S) (B (x (x (x (K (z z))) (v0 S))) (x B) (B I v20))))
z x (B (z (z (v16 K (z S) x z))) K) (v20 (x (x (x (z K)) I))) (S (v20 B)) (z (B B (S B) (v5 v23) (z S S x K)) (I (S S) (B (x (x (x (K (z z))) (v0 S))) (x B) (B I v20))))
z x (B (z (z (v16 K (z S) x z))) K) (v20 (x (x (x (z K)) I))) (S (v20 B)) (z (B (S B (v5 v23)) (z S S x K)) (I (S S) (B (x (x (x (K (z z))) (v0 S))) (x B) (B I v20))))
z x (B (z (z (v16 K (z S) x z))) K) (v20 (x (x (x (z K)) I))) (S (v20 B)) (z (B (S B (v5 v23)) (z S S x K)) (S S (B (x (x (x (K (z z))) (v0 S))) (x B) (B I v20))))
z x (B (z (z (v16 K (z S) x z))) K) (v20 (x (x (x (z K)) I))) (S (v20 B)) (z (B (S B (v5 v23)) (z S S x K)) (S S (x (x (x (K (z z))) (v0 S)) (x B (B I v20)))))
v15 (v10 (I (K (I z) (v17 (z (z S))) z (B x K S (x x x))) S B))
v15 (v10 (K (I z) (v17 (z (z S))) z (B x K S (x x x)) S B))
v15 (v10 (I z z (B x K S (x x x)) S B))
v15 (v10 (z z (B x K S (x x x)) S B))
v15 (v10 (z z (x (K S) (x x x)) S B))
S (v12 z) (x B) (x (S (S I z) B I I) S (I x (v27 (x (v2 K (B K) (K x) K z))) (S (S (I S) (K z z))) B))
v12 z (x (S (S I z) B I I) S (I x (v27 (x (v2 K (B K) (K x) K z))) (S (S (I S) (K z z))) B)) (x B (x (S (S I z) B I I) S (I x (v27 (x (v2 K (B K) (K x) K z))) (S (S (I S) (K z z))) B)))
v12 z (x (S I z I (B I) I) S (I x (v27 (x (v2 K (B K) (K x) K z))) (S (S (I S) (K z z))) B)) (x B (x (S (S I z) B I I) S (I x (v27 (x (v2 K (B K) (K x) K z))) (S (S (I S) (K z z))) B)))
v12 z (x (I I (z I) (B I) I) S (I x (v27 (x (v2 K (B K) (K x) K z))) (S (S (I S) (K z z))) B)) (x B (x (S (S I z) B I I) S (I x (v27 (x (v2 K (B K) (K x) K z))) (S (S (I S) (K z z))) B)))
v12 z (x (I (z I) (B I) I) S (I x (v27 (x (v2 K (B K) (K x) K z))) (S (S (I S) (K z z))) B)) (x B (x (S (S I z) B I I) S (I x (v27 (x (v2 K (B K) (K x) K z))) (S (S (I S) (K z z))) B)))
v12 z (x (z I (B I) I) S (I x (v27 (x (v2 K (B K) (K x) K z))) (S (S (I S) (K z z))) B)) (x B (x (S (S I z) B I I) S (I x (v27 (x (v2 K (B K) (K x) K z))) (S (S (I S) (K z z))) B)))
v12 z (x (z I (B I) I) S (x (v27 (x (v2 K (B K) (K x) K z))) (S (S (I S) (K z z))) B)) (x B (x (S (S I z) B I I) S (I x (v27 (x (v2 K (B K) (K x) K z))) (S (S (I S) (K z z))) B)))
v12 z (x (z I (B I) I) S (x (v27 (x (v2 K (B K) (K x) K z))) (S (S S (K z z))) B)) (x B (x (S (S I z) B I I) S (I x (v27 (x (v2 K (B K) (K x) K z))) (S (S (I S) (K z z))) B)))
v12 z (x (z I (B I) I) S (x (v27 (x (v2 K (B K) (K x) K z))) (S (S S z)) B)) (x B (x (S (S I z) B I I) S (I x (v27 (x (v2 K (B K) (K x) K z))) (S (S (I S) (K z z))) B)))
v12 z (x (z I (B I) I) S (x (v27 (x (v2 K (B K) (K x) K z))) (S (S S z)) B)) (x B (x (S I z I (B I) I) S (I x (v27 (x (v2 K (B K) (K x) K z))) (S (S (I S) (K z z))) B)))
v12 z (x (z I (B I) I) S (x (v27 (x (v2 K (B K) (K x) K z))) (S (S S z)) B)) (x B (x (I I (z I) (B I) I) S (I x (v27 (x (v2 K (B K) (K x) K z))) (S (S (I S) (K z z))) B)))
v12 z (x (z I (B I) I) S (x (v27 (x (v2 K (B K) (K x) K z))) (S (S S z)) B)) (x B (x (I (z I) (B I) I) S (I x (v27 (x (v2 K (B K) (K x) K z))) (S (S (I S) (K z z))) B)))
v12 z (x (z I (B I) I) S (x (v27 (x (v2 K (B K) (K x) K z))) (S (S S z)) B)) (x B (x (z I (B I) I) S (I x (v27 (x (v2 K (B K) (K x) K z))) (S (S (I S) (K z z))) B)))
v12 z (x (z I (B I) I) S (x (v27 (x (v2 K (B K) (K x) K z))) (S (S S z)) B)) (x B (x (z I (B I) I) S (x (v27 (x (v2 K (B K) (K x) K z))) (S (S (I S) (K z z))) B)))
v12 z (x (z I (B I) I) S (x (v27 (x (v2 K (B K) (K x) K z))) (S (S S z)) B)) (x B (x (z I (B I) I) S (x (v27 (x (v2 K (B K) (K x) K z))) (S (S S (K z z))) B)))
v12 z (x (z I (B I) I) S (x (v27 (x (v2 K (B K) (K x) K z))) (S (S S z)) B)) (x B (x (z I (B I) I) S (x (v27 (x (v2 K (B K) (K x) K z))) (S (S S z)) B)))
x
v15
v28 (I (z (B v22 I) z K) (S (x (I (K (v30 x) I)))) S (S (S (S (S v28) (I v16 (K S))) B)))
v28 (z (B v22 I) z K (S (x (I (K (v30 x) I)))) S (S (S (S (S v28) (I v16 (K S))) B)))
v28 (z (B v22 I) z K (S (x (K (v30 x) I))) S (S (S (S (S v28) (I v16 (K S))) B)))
v28 (z (B v22 I) z K (S (x (v30 x))) S (S (S (S (S v28) (I v16 (K S))) B)))
v28 (z (B v22 I) z K (S (x (v30 x))) S (S (S (S (S v28) (v16 (K S))) B)))
z
