v7 (x (B B) (K v22) (B v1) (B S S x v23 (K (B v17) (v24 x S (I (S z)))) (x x)))
v7 (x (B B) (K v22) (B v1) (S (S x) v23 (K (B v17) (v24 x S (I (S z)))) (x x)))
v7 (x (B B) (K v22) (B v1) (S x (K (B v17) (v24 x S (I (S z)))) (v23 (K (B v17) (v24 x S (I (S z))))) (x x)))
v7 (x (B B) (K v22) (B v1) (x (v23 (K (B v17) (v24 x S (I (S z))))) (K (B v17) (v24 x S (I (S z))) (v23 (K (B v17) (v24 x S (I (S z)))))) (x x)))
v7 (x (B B) (K v22) (B v1) (x (v23 (B v17)) (K (B v17) (v24 x S (I (S z))) (v23 (K (B v17) (v24 x S (I (S z)))))) (x x)))
v7 (x (B B) (K v22) (B v1) (x (v23 (B v17)) (B v17 (v23 (K (B v17) (v24 x S (I (S z)))))) (x x)))
v7 (x (B B) (K v22) (B v1) (x (v23 (B v17)) (B v17 (v23 (B v17))) (x x)))
K v2 B I (z v0) (S v3) (x v5) K z (B K) (S (I v8))
v2 I (z v0) (S v3) (x v5) K z (B K) (S (I v8))
v2 I (z v0) (S v3) (x v5) K z (B K) (S v8)
x (x (S (S (B I)) (B S z (B v9 K))) (v19 K (K B) x I)) (v26 (z z) (v4 I (z x))) (K (x x B) K)
x (x (S (S (B I)) (S (z (B v9 K)))) (v19 K (K B) x I)) (v26 (z z) (v4 I (z x))) (K (x x B) K)
x (x (S (S (B I)) (S (z (B v9 K)))) (v19 K (K B) x I)) (v26 (z z) (v4 I (z x))) (x x B)
z (x x (x S) K v13 (x B x v14 B) v16) (S (v28 v22) (K B I x) (S x) (I (x x (z x) (K K K v29 (S (z x)))) x)) B (v27 S)
z (x x (x S) K v13 (x B x v14 B) v16) (v28 v22 (S x) (K B I x (S x)) (I (x x (z x) (K K K v29 (S (z x)))) x)) B (v27 S)
z (x x (x S) K v13 (x B x v14 B) v16) (v28 v22 (S x) (B x (S x)) (I (x x (z x) (K K K v29 (S (z x)))) x)) B (v27 S)
z (x x (x S) K v13 (x B x v14 B) v16) (v28 v22 (S x) (B x (S x)) (x x (z x) (K K K v29 (S (z x))) x)) B (v27 S)
z (x x (x S) K v13 (x B x v14 B) v16) (v28 v22 (S x) (B x (S x)) (x x (z x) (K v29 (S (z x))) x)) B (v27 S)
z (x x (x S) K v13 (x B x v14 B) v16) (v28 v22 (S x) (B x (S x)) (x x (z x) v29 x)) B (v27 S)
B (K (I (I (x S) (B (K (x x x))))) (S x))
B (I (I (x S) (B (K (x x x)))))
B (I (x S) (B (K (x x x))))
B (x S (B (K (x x x))))
x (B (x (B (z (z I))) (z (I v20))) (B (B v9 (I I) B))) (x (z (z B) (S (I (z I)) K) (S x) (x (S z K)) x) (S (x (B (K x S))) (x z v30) (v13 (z z I) (I z) (B (x B I (x B)) (B z))))) (x (z (v20 v23)))
x (B (x (B (z (z I))) (z v20)) (B (B v9 (I I) B))) (x (z (z B) (S (I (z I)) K) (S x) (x (S z K)) x) (S (x (B (K x S))) (x z v30) (v13 (z z I) (I z) (B (x B I (x B)) (B z))))) (x (z (v20 v23)))
x (B (x (B (z (z I))) (z v20)) (B (v9 (I I B)))) (x (z (z B) (S (I (z I)) K) (S x) (x (S z K)) x) (S (x (B (K x S))) (x z v30) (v13 (z z I) (I z) (B (x B I (x B)) (B z))))) (x (z (v20 v23)))
x (B (x (B (z (z I))) (z v20)) (B (v9 (I B)))) (x (z (z B) (S (I (z I)) K) (S x) (x (S z K)) x) (S (x (B (K x S))) (x z v30) (v13 (z z I) (I z) (B (x B I (x B)) (B z))))) (x (z (v20 v23)))
x (B (x (B (z (z I))) (z v20)) (B (v9 B))) (x (z (z B) (S (I (z I)) K) (S x) (x (S z K)) x) (S (x (B (K x S))) (x z v30) (v13 (z z I) (I z) (B (x B I (x B)) (B z))))) (x (z (v20 v23)))
x (B (x (B (z (z I))) (z v20)) (B (v9 B))) (x (z (z B) (S (z I) K) (S x) (x (S z K)) x) (S (x (B (K x S))) (x z v30) (v13 (z z I) (I z) (B (x B I (x B)) (B z))))) (x (z (v20 v23)))
x (B (x (B (z (z I))) (z v20)) (B (v9 B))) (x (z (z B) (S (z I) K) (S x) (x (S z K)) x) (x (B (K x S)) (v13 (z z I) (I z) (B (x B I (x B)) (B z))) (x z v30 (v13 (z z I) (I z) (B (x B I (x B)) (B z)))))) (x (z (v20 v23)))
x (B (x (B (z (z I))) (z v20)) (B (v9 B))) (x (z (z B) (S (z I) K) (S x) (x (S z K)) x) (x (B x) (v13 (z z I) (I z) (B (x B I (x B)) (B z))) (x z v30 (v13 (z z I) (I z) (B (x B I (x B)) (B z)))))) (x (z (v20 v23)))
x (B (x (B (z (z I))) (z v20)) (B (v9 B))) (x (z (z B) (S (z I) K) (S x) (x (S z K)) x) (x (B x) (v13 (z z I) z (B (x B I (x B)) (B z))) (x z v30 (v13 (z z I) (I z) (B (x B I (x B)) (B z)))))) (x (z (v20 v23)))
x (B (x (B (z (z I))) (z v20)) (B (v9 B))) (x (z (z B) (S (z I) K) (S x) (x (S z K)) x) (x (B x) (v13 (z z I) z (B (x B I (x B)) (B z))) (x z v30 (v13 (z z I) z (B (x B I (x B)) (B z)))))) (x (z (v20 v23)))
v4 z (S (I K) (v17 (K x) x K (x (I (v24 (B B (v7 I))))))) (B z (K (K S)) (x (K (K v23 (x I))) (x (v4 (B v20) B (K S))) (B (I S S v7 (I (B B))) v17) v17))
v4 z (S K (v17 (K x) x K (x (I (v24 (B B (v7 I))))))) (B z (K (K S)) (x (K (K v23 (x I))) (x (v4 (B v20) B (K S))) (B (I S S v7 (I (B B))) v17) v17))
v4 z (S K (v17 (K x) x K (x (v24 (B B (v7 I)))))) (B z (K (K S)) (x (K (K v23 (x I))) (x (v4 (B v20) B (K S))) (B (I S S v7 (I (B B))) v17) v17))
v4 z (S K (v17 (K x) x K (x (v24 (B B (v7 I)))))) (z (K (K S) (x (K (K v23 (x I))) (x (v4 (B v20) B (K S))) (B (I S S v7 (I (B B))) v17) v17)))
v4 z (S K (v17 (K x) x K (x (v24 (B B (v7 I)))))) (z (K S))
z x (K S B z) (I (I (I I (x S)))) (B I (x (S (x B)))) (B (K z) v23 v0) (I (K (z z S K I) z (B I I B x) v25 K v21 B))
z x (S z) (I (I (I I (x S)))) (B I (x (S (x B)))) (B (K z) v23 v0) (I (K (z z S K I) z (B I I B x) v25 K v21 B))
z x (S z) (I (I I (x S))) (B I (x (S (x B)))) (B (K z) v23 v0) (I (K (z z S K I) z (B I I B x) v25 K v21 B))
z x (S z) (I I (x S)) (B I (x (S (x B)))) (B (K z) v23 v0) (I (K (z z S K I) z (B I I B x) v25 K v21 B))
z x (S z) (I (x S)) (B I (x (S (x B)))) (B (K z) v23 v0) (I (K (z z S K I) z (B I I B x) v25 K v21 B))
z x (S z) (x S) (B I (x (S (x B)))) (B (K z) v23 v0) (I (K (z z S K I) z (B I I B x) v25 K v21 B))
z x (S z) (x S) (B I (x (S (x B)))) (K z (v23 v0)) (I (K (z z S K I) z (B I I B x) v25 K v21 B))
z x (S z) (x S) (B I (x (S (x B)))) z (I (K (z z S K I) z (B I I B x) v25 K v21 B))
z x (S z) (x S) (B I (x (S (x B)))) z (K (z z S K I) z (B I I B x) v25 K v21 B)
z x (S z) (x S) (B I (x (S (x B)))) z (z z S K I (B I I B x) v25 K v21 B)
z x (S z) (x S) (B I (x (S (x B)))) z (z z S K I (I (I B) x) v25 K v21 B)
z x (S z) (x S) (B I (x (S (x B)))) z (z z S K I (I B x) v25 K v21 B)
z x (S z) (x S) (B I (x (S (x B)))) z (z z S K I (B x) v25 K v21 B)
z (I (K I K K (S (I I (S z) (x (z K))) (z x B B v19))))
z (K I K K (S (I I (S z) (x (z K))) (z x B B v19)))
z (I K (S (I I (S z) (x (z K))) (z x B B v19)))
z (K (S (I I (S z) (x (z K))) (z x B B v19)))
z (K (S (I (S z) (x (z K))) (z x B B v19)))
z (K (S (S z (x (z K))) (z x B B v19)))
v5 (B S (S x)) (S B v28) v1 I (x (S z (v4 S)) (I (I (S (v9 v25 (B (K (v14 v21) (B I (z z) v7 K)) v3)) (z z)))))
v5 (B S (S x)) (S B v28) v1 I (x (S z (v4 S)) (I (S (v9 v25 (B (K (v14 v21) (B I (z z) v7 K)) v3)) (z z))))
v5 (B S (S x)) (S B v28) v1 I (x (S z (v4 S)) (S (v9 v25 (B (K (v14 v21) (B I (z z) v7 K)) v3)) (z z)))
v5 (B S (S x)) (S B v28) v1 I (x (S z (v4 S)) (S (v9 v25 (B (v14 v21) v3)) (z z)))
