x (K (v20 (B (x K) S (S z) (x (v8 x)) B) x (B I)) (z B I I)) (B (K K K) K)
x (v20 (B (x K) S (S z) (x (v8 x)) B) x (B I)) (B (K K K) K)
x (v20 (x K (S (S z)) (x (v8 x)) B) x (B I)) (B (K K K) K)
x (v20 (x K (S (S z)) (x (v8 x)) B) x (B I)) (B K K)
B S
I (z S B) z (K (I (I v15 x))) (x S K)
z S B z (K (I (I v15 x))) (x S K)
z S B z (K (I v15 x)) (x S K)
z S B z (K (v15 x)) (x S K)
v14 (z K (B x I (S z)) (S S)) (S K (I (v20 B S) I (I (I x S)) K v19) (I x (x K) (x I))) (B K (x z)) (S K (x I K (B z (S (S B) v23 x))) (z B (B S (I (K z)) K) (I x) (z (x K))))
v14 (z K (x (I (S z))) (S S)) (S K (I (v20 B S) I (I (I x S)) K v19) (I x (x K) (x I))) (B K (x z)) (S K (x I K (B z (S (S B) v23 x))) (z B (B S (I (K z)) K) (I x) (z (x K))))
v14 (z K (x (S z)) (S S)) (S K (I (v20 B S) I (I (I x S)) K v19) (I x (x K) (x I))) (B K (x z)) (S K (x I K (B z (S (S B) v23 x))) (z B (B S (I (K z)) K) (I x) (z (x K))))
v14 (z K (x (S z)) (S S)) (K (I x (x K) (x I)) (I (v20 B S) I (I (I x S)) K v19 (I x (x K) (x I)))) (B K (x z)) (S K (x I K (B z (S (S B) v23 x))) (z B (B S (I (K z)) K) (I x) (z (x K))))
v14 (z K (x (S z)) (S S)) (I x (x K) (x I)) (B K (x z)) (S K (x I K (B z (S (S B) v23 x))) (z B (B S (I (K z)) K) (I x) (z (x K))))
v14 (z K (x (S z)) (S S)) (x (x K) (x I)) (B K (x z)) (S K (x I K (B z (S (S B) v23 x))) (z B (B S (I (K z)) K) (I x) (z (x K))))
v14 (z K (x (S z)) (S S)) (x (x K) (x I)) (B K (x z)) (K (z B (B S (I (K z)) K) (I x) (z (x K))) (x I K (B z (S (S B) v23 x)) (z B (B S (I (K z)) K) (I x) (z (x K)))))
v14 (z K (x (S z)) (S S)) (x (x K) (x I)) (B K (x z)) (z B (B S (I (K z)) K) (I x) (z (x K)))
v14 (z K (x (S z)) (S S)) (x (x K) (x I)) (B K (x z)) (z B (S (I (K z) K)) (I x) (z (x K)))
v14 (z K (x (S z)) (S S)) (x (x K) (x I)) (B K (x z)) (z B (S (K z K)) (I x) (z (x K)))
v14 (z K (x (S z)) (S S)) (x (x K) (x I)) (B K (x z)) (z B (S z) (I x) (z (x K)))
v14 (z K (x (S z)) (S S)) (x (x K) (x I)) (B K (x z)) (z B (S z) x (z (x K)))
K I
z z (B (z (v6 (S v25 K) (z z))) (K (x (S I K)) x z I (B B v11)))
z z (B (z (v6 (S v25 K) (z z))) (x (S I K) z I (B B v11)))
B (B (I I) B (I S) (S (v25 B (S S S))) (z (v20 K B) (B B x (I z)) (z K S)) I)
B (I I (B (I S)) (S (v25 B (S S S))) (z (v20 K B) (B B x (I z)) (z K S)) I)
B (I (B (I S)) (S (v25 B (S S S))) (z (v20 K B) (B B x (I z)) (z K S)) I)
B (B (I S) (S (v25 B (S S S))) (z (v20 K B) (B B x (I z)) (z K S)) I)
B (I S (S (v25 B (S S S)) (z (v20 K B) (B B x (I z)) (z K S))) I)
B (S (S (v25 B (S S S)) (z (v20 K B) (B B x (I z)) (z K S))) I)
B (S (S (v25 B (S S S)) (z (v20 K B) (B (x (I z))) (z K S))) I)
B (S (S (v25 B (S S S)) (z (v20 K B) (B (x z)) (z K S))) I)
S (S (B z z)) (v1 S (B (S (K v24) I (v3 (S K) (z v9))) (S (I z) B I)))
S (S (B z z)) (v1 S (B (K v24 (v3 (S K) (z v9)) (I (v3 (S K) (z v9)))) (S (I z) B I)))
S (S (B z z)) (v1 S (B (v24 (I (v3 (S K) (z v9)))) (S (I z) B I)))
S (S (B z z)) (v1 S (B (v24 (v3 (S K) (z v9))) (S (I z) B I)))
S (S (B z z)) (v1 S (B (v24 (v3 (S K) (z v9))) (I z I (B I))))
S (S (B z z)) (v1 S (B (v24 (v3 (S K) (z v9))) (z I (B I))))
I z (z K (K v24 (x x)) (x B)) (S S B (S (B (K (K v0)))) K (S (S x) I) v16 (K B (B v1)) K) (S z (z B) (x x I (v18 (v17 B) I S x z (v18 (z S I (v4 (z z)))) K) (x (x (S (z (K I)) S) S B))) (I (z v21 v12) (z z) (z (I (z (B S)))) I))
z (z K (K v24 (x x)) (x B)) (S S B (S (B (K (K v0)))) K (S (S x) I) v16 (K B (B v1)) K) (S z (z B) (x x I (v18 (v17 B) I S x z (v18 (z S I (v4 (z z)))) K) (x (x (S (z (K I)) S) S B))) (I (z v21 v12) (z z) (z (I (z (B S)))) I))
z (z K v24 (x B)) (S S B (S (B (K (K v0)))) K (S (S x) I) v16 (K B (B v1)) K) (S z (z B) (x x I (v18 (v17 B) I S x z (v18 (z S I (v4 (z z)))) K) (x (x (S (z (K I)) S) S B))) (I (z v21 v12) (z z) (z (I (z (B S)))) I))
z (z K v24 (x B)) (S (S (B (K (K v0)))) (B (S (B (K (K v0))))) K (S (S x) I) v16 (K B (B v1)) K) (S z (z B) (x x I (v18 (v17 B) I S x z (v18 (z S I (v4 (z z)))) K) (x (x (S (z (K I)) S) S B))) (I (z v21 v12) (z z) (z (I (z (B S)))) I))
z (z K v24 (x B)) (S (B (K (K v0))) K (B (S (B (K (K v0)))) K) (S (S x) I) v16 (K B (B v1)) K) (S z (z B) (x x I (v18 (v17 B) I S x z (v18 (z S I (v4 (z z)))) K) (x (x (S (z (K I)) S) S B))) (I (z v21 v12) (z z) (z (I (z (B S)))) I))
z (z K v24 (x B)) (B (K (K v0)) (B (S (B (K (K v0)))) K) (K (B (S (B (K (K v0)))) K)) (S (S x) I) v16 (K B (B v1)) K) (S z (z B) (x x I (v18 (v17 B) I S x z (v18 (z S I (v4 (z z)))) K) (x (x (S (z (K I)) S) S B))) (I (z v21 v12) (z z) (z (I (z (B S)))) I))
z (z K v24 (x B)) (K (K v0) (B (S (B (K (K v0)))) K (K (B (S (B (K (K v0)))) K))) (S (S x) I) v16 (K B (B v1)) K) (S z (z B) (x x I (v18 (v17 B) I S x z (v18 (z S I (v4 (z z)))) K) (x (x (S (z (K I)) S) S B))) (I (z v21 v12) (z z) (z (I (z (B S)))) I))
z (z K v24 (x B)) (K v0 (S (S x) I) v16 (K B (B v1)) K) (S z (z B) (x x I (v18 (v17 B) I S x z (v18 (z S I (v4 (z z)))) K) (x (x (S (z (K I)) S) S B))) (I (z v21 v12) (z z) (z (I (z (B S)))) I))
z (z K v24 (x B)) (v0 v16 (K B (B v1)) K) (S z (z B) (x x I (v18 (v17 B) I S x z (v18 (z S I (v4 (z z)))) K) (x (x (S (z (K I)) S) S B))) (I (z v21 v12) (z z) (z (I (z (B S)))) I))
z (z K v24 (x B)) (v0 v16 B K) (S z (z B) (x x I (v18 (v17 B) I S x z (v18 (z S I (v4 (z z)))) K) (x (x (S (z (K I)) S) S B))) (I (z v21 v12) (z z) (z (I (z (B S)))) I))
z (z K v24 (x B)) (v0 v16 B K) (z (x x I (v18 (v17 B) I S x z (v18 (z S I (v4 (z z)))) K) (x (x (S (z (K I)) S) S B))) (z B (x x I (v18 (v17 B) I S x z (v18 (z S I (v4 (z z)))) K) (x (x (S (z (K I)) S) S B)))) (I (z v21 v12) (z z) (z (I (z (B S)))) I))
z (z K v24 (x B)) (v0 v16 B K) (z (x x I (v18 (v17 B) I S x z (v18 (z S I (v4 (z z)))) K) (x (x (S (z (K I)) S) S B))) (z B (x x I (v18 (v17 B) I S x z (v18 (z S I (v4 (z z)))) K) (x (x (S (z (K I)) S) S B)))) (z v21 v12 (z z) (z (I (z (B S)))) I))
z (z K v24 (x B)) (v0 v16 B K) (z (x x I (v18 (v17 B) I S x z (v18 (z S I (v4 (z z)))) K) (x (x (S (z (K I)) S) S B))) (z B (x x I (v18 (v17 B) I S x z (v18 (z S I (v4 (z z)))) K) (x (x (S (z (K I)) S) S B)))) (z v21 v12 (z z) (z (z (B S))) I))
K z I
z
