z (I I B (v29 (B B B)) K)
z (I B (v29 (B B B)) K)
z (B (v29 (B B B)) K)
v20 (B (z K (K (v7 z) x))) (S B)
v20 (B (z K (v7 z))) (S B)
x
z v6 z (x (v29 v22 (B x) (K v17) (S I)))
v1 (S S (S v27) (S v30 (v13 I (v23 K)) (K K S (S I))) (I (B K (x (x B)) (v24 I B z K B) I))) (v24 (K z) B x B)
v1 (S (S v30 (v13 I (v23 K)) (K K S (S I))) (S v27 (S v30 (v13 I (v23 K)) (K K S (S I)))) (I (B K (x (x B)) (v24 I B z K B) I))) (v24 (K z) B x B)
v1 (S v30 (v13 I (v23 K)) (K K S (S I)) (I (B K (x (x B)) (v24 I B z K B) I)) (S v27 (S v30 (v13 I (v23 K)) (K K S (S I))) (I (B K (x (x B)) (v24 I B z K B) I)))) (v24 (K z) B x B)
v1 (v30 (K K S (S I)) (v13 I (v23 K) (K K S (S I))) (I (B K (x (x B)) (v24 I B z K B) I)) (S v27 (S v30 (v13 I (v23 K)) (K K S (S I))) (I (B K (x (x B)) (v24 I B z K B) I)))) (v24 (K z) B x B)
v1 (v30 (K (S I)) (v13 I (v23 K) (K K S (S I))) (I (B K (x (x B)) (v24 I B z K B) I)) (S v27 (S v30 (v13 I (v23 K)) (K K S (S I))) (I (B K (x (x B)) (v24 I B z K B) I)))) (v24 (K z) B x B)
v1 (v30 (K (S I)) (v13 I (v23 K) (K (S I))) (I (B K (x (x B)) (v24 I B z K B) I)) (S v27 (S v30 (v13 I (v23 K)) (K K S (S I))) (I (B K (x (x B)) (v24 I B z K B) I)))) (v24 (K z) B x B)
v1 (v30 (K (S I)) (v13 I (v23 K) (K (S I))) (B K (x (x B)) (v24 I B z K B) I) (S v27 (S v30 (v13 I (v23 K)) (K K S (S I))) (I (B K (x (x B)) (v24 I B z K B) I)))) (v24 (K z) B x B)
v1 (v30 (K (S I)) (v13 I (v23 K) (K (S I))) (K (x (x B) (v24 I B z K B)) I) (S v27 (S v30 (v13 I (v23 K)) (K K S (S I))) (I (B K (x (x B)) (v24 I B z K B) I)))) (v24 (K z) B x B)
v1 (v30 (K (S I)) (v13 I (v23 K) (K (S I))) (x (x B) (v24 I B z K B)) (S v27 (S v30 (v13 I (v23 K)) (K K S (S I))) (I (B K (x (x B)) (v24 I B z K B) I)))) (v24 (K z) B x B)
v1 (v30 (K (S I)) (v13 I (v23 K) (K (S I))) (x (x B) (v24 I B z K B)) (v27 (I (B K (x (x B)) (v24 I B z K B) I)) (S v30 (v13 I (v23 K)) (K K S (S I)) (I (B K (x (x B)) (v24 I B z K B) I))))) (v24 (K z) B x B)
v1 (v30 (K (S I)) (v13 I (v23 K) (K (S I))) (x (x B) (v24 I B z K B)) (v27 (B K (x (x B)) (v24 I B z K B) I) (S v30 (v13 I (v23 K)) (K K S (S I)) (I (B K (x (x B)) (v24 I B z K B) I))))) (v24 (K z) B x B)
v1 (v30 (K (S I)) (v13 I (v23 K) (K (S I))) (x (x B) (v24 I B z K B)) (v27 (K (x (x B) (v24 I B z K B)) I) (S v30 (v13 I (v23 K)) (K K S (S I)) (I (B K (x (x B)) (v24 I B z K B) I))))) (v24 (K z) B x B)
v1 (v30 (K (S I)) (v13 I (v23 K) (K (S I))) (x (x B) (v24 I B z K B)) (v27 (x (x B) (v24 I B z K B)) (S v30 (v13 I (v23 K)) (K K S (S I)) (I (B K (x (x B)) (v24 I B z K B) I))))) (v24 (K z) B x B)
v1 (v30 (K (S I)) (v13 I (v23 K) (K (S I))) (x (x B) (v24 I B z K B)) (v27 (x (x B) (v24 I B z K B)) (v30 (K K S (S I)) (v13 I (v23 K) (K K S (S I))) (I (B K (x (x B)) (v24 I B z K B) I))))) (v24 (K z) B x B)
v1 (v30 (K (S I)) (v13 I (v23 K) (K (S I))) (x (x B) (v24 I B z K B)) (v27 (x (x B) (v24 I B z K B)) (v30 (K (S I)) (v13 I (v23 K) (K K S (S I))) (I (B K (x (x B)) (v24 I B z K B) I))))) (v24 (K z) B x B)
v1 (v30 (K (S I)) (v13 I (v23 K) (K (S I))) (x (x B) (v24 I B z K B)) (v27 (x (x B) (v24 I B z K B)) (v30 (K (S I)) (v13 I (v23 K) (K (S I))) (I (B K (x (x B)) (v24 I B z K B) I))))) (v24 (K z) B x B)
v1 (v30 (K (S I)) (v13 I (v23 K) (K (S I))) (x (x B) (v24 I B z K B)) (v27 (x (x B) (v24 I B z K B)) (v30 (K (S I)) (v13 I (v23 K) (K (S I))) (B K (x (x B)) (v24 I B z K B) I)))) (v24 (K z) B x B)
v1 (v30 (K (S I)) (v13 I (v23 K) (K (S I))) (x (x B) (v24 I B z K B)) (v27 (x (x B) (v24 I B z K B)) (v30 (K (S I)) (v13 I (v23 K) (K (S I))) (K (x (x B) (v24 I B z K B)) I)))) (v24 (K z) B x B)
v1 (v30 (K (S I)) (v13 I (v23 K) (K (S I))) (x (x B) (v24 I B z K B)) (v27 (x (x B) (v24 I B z K B)) (v30 (K (S I)) (v13 I (v23 K) (K (S I))) (x (x B) (v24 I B z K B))))) (v24 (K z) B x B)
x (x K) (K (S (I (z (I (B S))))) B (x S K (K x I)) (S (x K) I K I)) (z v21 (S (x (I (B (K x)))) S (S (x (z S (S S))) v22 (z v25) (S v9 v30))) (B (v6 (I K) S)) S (v21 K))
x (x K) (S (I (z (I (B S)))) (x S K (K x I)) (S (x K) I K I)) (z v21 (S (x (I (B (K x)))) S (S (x (z S (S S))) v22 (z v25) (S v9 v30))) (B (v6 (I K) S)) S (v21 K))
x (x K) (I (z (I (B S))) (S (x K) I K I) (x S K (K x I) (S (x K) I K I))) (z v21 (S (x (I (B (K x)))) S (S (x (z S (S S))) v22 (z v25) (S v9 v30))) (B (v6 (I K) S)) S (v21 K))
x (x K) (z (I (B S)) (S (x K) I K I) (x S K (K x I) (S (x K) I K I))) (z v21 (S (x (I (B (K x)))) S (S (x (z S (S S))) v22 (z v25) (S v9 v30))) (B (v6 (I K) S)) S (v21 K))
x (x K) (z (B S) (S (x K) I K I) (x S K (K x I) (S (x K) I K I))) (z v21 (S (x (I (B (K x)))) S (S (x (z S (S S))) v22 (z v25) (S v9 v30))) (B (v6 (I K) S)) S (v21 K))
x (x K) (z (B S) (x K K (I K) I) (x S K (K x I) (S (x K) I K I))) (z v21 (S (x (I (B (K x)))) S (S (x (z S (S S))) v22 (z v25) (S v9 v30))) (B (v6 (I K) S)) S (v21 K))
x (x K) (z (B S) (x K K K I) (x S K (K x I) (S (x K) I K I))) (z v21 (S (x (I (B (K x)))) S (S (x (z S (S S))) v22 (z v25) (S v9 v30))) (B (v6 (I K) S)) S (v21 K))
x (x K) (z (B S) (x K K K I) (x S K x (S (x K) I K I))) (z v21 (S (x (I (B (K x)))) S (S (x (z S (S S))) v22 (z v25) (S v9 v30))) (B (v6 (I K) S)) S (v21 K))
x (x K) (z (B S) (x K K K I) (x S K x (x K K (I K) I))) (z v21 (S (x (I (B (K x)))) S (S (x (z S (S S))) v22 (z v25) (S v9 v30))) (B (v6 (I K) S)) S (v21 K))
x (x K) (z (B S) (x K K K I) (x S K x (x K K K I))) (z v21 (S (x (I (B (K x)))) S (S (x (z S (S S))) v22 (z v25) (S v9 v30))) (B (v6 (I K) S)) S (v21 K))
x (x K) (z (B S) (x K K K I) (x S K x (x K K K I))) (z v21 (x (I (B (K x))) (S (x (z S (S S))) v22 (z v25) (S v9 v30)) (S (S (x (z S (S S))) v22 (z v25) (S v9 v30)))) (B (v6 (I K) S)) S (v21 K))
x (x K) (z (B S) (x K K K I) (x S K x (x K K K I))) (z v21 (x (B (K x)) (S (x (z S (S S))) v22 (z v25) (S v9 v30)) (S (S (x (z S (S S))) v22 (z v25) (S v9 v30)))) (B (v6 (I K) S)) S (v21 K))
x (x K) (z (B S) (x K K K I) (x S K x (x K K K I))) (z v21 (x (B (K x)) (x (z S (S S)) (z v25) (v22 (z v25)) (S v9 v30)) (S (S (x (z S (S S))) v22 (z v25) (S v9 v30)))) (B (v6 (I K) S)) S (v21 K))
x (x K) (z (B S) (x K K K I) (x S K x (x K K K I))) (z v21 (x (B (K x)) (x (z S (S S)) (z v25) (v22 (z v25)) (S v9 v30)) (S (x (z S (S S)) (z v25) (v22 (z v25)) (S v9 v30)))) (B (v6 (I K) S)) S (v21 K))
x (x K) (z (B S) (x K K K I) (x S K x (x K K K I))) (z v21 (x (B (K x)) (x (z S (S S)) (z v25) (v22 (z v25)) (S v9 v30)) (S (x (z S (S S)) (z v25) (v22 (z v25)) (S v9 v30)))) (B (v6 K S)) S (v21 K))
z K
S (S (I (S (K (S B) x v13)))) B (S (v27 B K) (B K) z (v26 (B (v8 S))) v5)
S (I (S (K (S B) x v13))) (S (v27 B K) (B K) z (v26 (B (v8 S))) v5) (B (S (v27 B K) (B K) z (v26 (B (v8 S))) v5))
I (S (K (S B) x v13)) (B (S (v27 B K) (B K) z (v26 (B (v8 S))) v5)) (S (v27 B K) (B K) z (v26 (B (v8 S))) v5 (B (S (v27 B K) (B K) z (v26 (B (v8 S))) v5)))
S (K (S B) x v13) (B (S (v27 B K) (B K) z (v26 (B (v8 S))) v5)) (S (v27 B K) (B K) z (v26 (B (v8 S))) v5 (B (S (v27 B K) (B K) z (v26 (B (v8 S))) v5)))
K (S B) x v13 (S (v27 B K) (B K) z (v26 (B (v8 S))) v5 (B (S (v27 B K) (B K) z (v26 (B (v8 S))) v5))) (B (S (v27 B K) (B K) z (v26 (B (v8 S))) v5) (S (v27 B K) (B K) z (v26 (B (v8 S))) v5 (B (S (v27 B K) (B K) z (v26 (B (v8 S))) v5))))
S B v13 (S (v27 B K) (B K) z (v26 (B (v8 S))) v5 (B (S (v27 B K) (B K) z (v26 (B (v8 S))) v5))) (B (S (v27 B K) (B K) z (v26 (B (v8 S))) v5) (S (v27 B K) (B K) z (v26 (B (v8 S))) v5 (B (S (v27 B K) (B K) z (v26 (B (v8 S))) v5))))
B (S (v27 B K) (B K) z (v26 (B (v8 S))) v5 (B (S (v27 B K) (B K) z (v26 (B (v8 S))) v5))) (v13 (S (v27 B K) (B K) z (v26 (B (v8 S))) v5 (B (S (v27 B K) (B K) z (v26 (B (v8 S))) v5)))) (B (S (v27 B K) (B K) z (v26 (B (v8 S))) v5) (S (v27 B K) (B K) z (v26 (B (v8 S))) v5 (B (S (v27 B K) (B K) z (v26 (B (v8 S))) v5))))
S (v27 B K) (B K) z (v26 (B (v8 S))) v5 (B (S (v27 B K) (B K) z (v26 (B (v8 S))) v5)) (v13 (S (v27 B K) (B K) z (v26 (B (v8 S))) v5 (B (S (v27 B K) (B K) z (v26 (B (v8 S))) v5))) (B (S (v27 B K) (B K) z (v26 (B (v8 S))) v5) (S (v27 B K) (B K) z (v26 (B (v8 S))) v5 (B (S (v27 B K) (B K) z (v26 (B (v8 S))) v5)))))
v27 B K z (B K z) (v26 (B (v8 S))) v5 (B (S (v27 B K) (B K) z (v26 (B (v8 S))) v5)) (v13 (S (v27 B K) (B K) z (v26 (B (v8 S))) v5 (B (S (v27 B K) (B K) z (v26 (B (v8 S))) v5))) (B (S (v27 B K) (B K) z (v26 (B (v8 S))) v5) (S (v27 B K) (B K) z (v26 (B (v8 S))) v5 (B (S (v27 B K) (B K) z (v26 (B (v8 S))) v5)))))
v27 B K z (B K z) (v26 (B (v8 S))) v5 (B (v27 B K z (B K z) (v26 (B (v8 S))) v5)) (v13 (S (v27 B K) (B K) z (v26 (B (v8 S))) v5 (B (S (v27 B K) (B K) z (v26 (B (v8 S))) v5))) (B (S (v27 B K) (B K) z (v26 (B (v8 S))) v5) (S (v27 B K) (B K) z (v26 (B (v8 S))) v5 (B (S (v27 B K) (B K) z (v26 (B (v8 S))) v5)))))
v27 B K z (B K z) (v26 (B (v8 S))) v5 (B (v27 B K z (B K z) (v26 (B (v8 S))) v5)) (v13 (v27 B K z (B K z) (v26 (B (v8 S))) v5 (B (S (v27 B K) (B K) z (v26 (B (v8 S))) v5))) (B (S (v27 B K) (B K) z (v26 (B (v8 S))) v5) (S (v27 B K) (B K) z (v26 (B (v8 S))) v5 (B (S (v27 B K) (B K) z (v26 (B (v8 S))) v5)))))
v27 B K z (B K z) (v26 (B (v8 S))) v5 (B (v27 B K z (B K z) (v26 (B (v8 S))) v5)) (v13 (v27 B K z (B K z) (v26 (B (v8 S))) v5 (B (v27 B K z (B K z) (v26 (B (v8 S))) v5))) (B (S (v27 B K) (B K) z (v26 (B (v8 S))) v5) (S (v27 B K) (B K) z (v26 (B (v8 S))) v5 (B (S (v27 B K) (B K) z (v26 (B (v8 S))) v5)))))
v27 B K z (B K z) (v26 (B (v8 S))) v5 (B (v27 B K z (B K z) (v26 (B (v8 S))) v5)) (v13 (v27 B K z (B K z) (v26 (B (v8 S))) v5 (B (v27 B K z (B K z) (v26 (B (v8 S))) v5))) (B (v27 B K z (B K z) (v26 (B (v8 S))) v5) (S (v27 B K) (B K) z (v26 (B (v8 S))) v5 (B (S (v27 B K) (B K) z (v26 (B (v8 S))) v5)))))
v27 B K z (B K z) (v26 (B (v8 S))) v5 (B (v27 B K z (B K z) (v26 (B (v8 S))) v5)) (v13 (v27 B K z (B K z) (v26 (B (v8 S))) v5 (B (v27 B K z (B K z) (v26 (B (v8 S))) v5))) (B (v27 B K z (B K z) (v26 (B (v8 S))) v5) (v27 B K z (B K z) (v26 (B (v8 S))) v5 (B (S (v27 B K) (B K) z (v26 (B (v8 S))) v5)))))
v27 B K z (B K z) (v26 (B (v8 S))) v5 (B (v27 B K z (B K z) (v26 (B (v8 S))) v5)) (v13 (v27 B K z (B K z) (v26 (B (v8 S))) v5 (B (v27 B K z (B K z) (v26 (B (v8 S))) v5))) (B (v27 B K z (B K z) (v26 (B (v8 S))) v5) (v27 B K z (B K z) (v26 (B (v8 S))) v5 (B (v27 B K z (B K z) (v26 (B (v8 S))) v5)))))
z (v19 (x (K (v26 z))))
B (K B) S z
K B (S z)
B
