x
I (x (v6 (x (z x)) (K (z (x S) z)))) (z (I (z S I)) (v5 (v27 z)) (K z v26) I (K (z I) (I B)) (I v29 K I K (v5 (I (x K (z K (v4 v14)) S B) (z I (v26 (z z))) z))))
x (v6 (x (z x)) (K (z (x S) z))) (z (I (z S I)) (v5 (v27 z)) (K z v26) I (K (z I) (I B)) (I v29 K I K (v5 (I (x K (z K (v4 v14)) S B) (z I (v26 (z z))) z))))
x (v6 (x (z x)) (K (z (x S) z))) (z (z S I) (v5 (v27 z)) (K z v26) I (K (z I) (I B)) (I v29 K I K (v5 (I (x K (z K (v4 v14)) S B) (z I (v26 (z z))) z))))
x (v6 (x (z x)) (K (z (x S) z))) (z (z S I) (v5 (v27 z)) z I (K (z I) (I B)) (I v29 K I K (v5 (I (x K (z K (v4 v14)) S B) (z I (v26 (z z))) z))))
x (v6 (x (z x)) (K (z (x S) z))) (z (z S I) (v5 (v27 z)) z I (z I) (I v29 K I K (v5 (I (x K (z K (v4 v14)) S B) (z I (v26 (z z))) z))))
x (v6 (x (z x)) (K (z (x S) z))) (z (z S I) (v5 (v27 z)) z I (z I) (v29 K I K (v5 (I (x K (z K (v4 v14)) S B) (z I (v26 (z z))) z))))
x (v6 (x (z x)) (K (z (x S) z))) (z (z S I) (v5 (v27 z)) z I (z I) (v29 K I K (v5 (x K (z K (v4 v14)) S B (z I (v26 (z z))) z))))
v5 K (v25 B (S v28) (K S) x (v7 x z v5) S S)
z (z x (z K (x K (S S)) (z B z)) (S S))
z (I I (I x S (v3 (z (K B) v24 v26 x) (S z (z (S v16) (z K) (z z))))) S (I (I S v17 I)))
z (I (I x S (v3 (z (K B) v24 v26 x) (S z (z (S v16) (z K) (z z))))) S (I (I S v17 I)))
z (I x S (v3 (z (K B) v24 v26 x) (S z (z (S v16) (z K) (z z)))) S (I (I S v17 I)))
z (x S (v3 (z (K B) v24 v26 x) (S z (z (S v16) (z K) (z z)))) S (I (I S v17 I)))
z (x S (v3 (z (K B) v24 v26 x) (S z (z (S v16) (z K) (z z)))) S (I S v17 I))
z (x S (v3 (z (K B) v24 v26 x) (S z (z (S v16) (z K) (z z)))) S (S v17 I))
B z x S (v1 z x v29 I (x I (S B) (S S)) v5 (B v15))
z (x S) (v1 z x v29 I (x I (S B) (S S)) v5 (B v15))
B (x (B (v22 S (I (S x)) S) B K (B (B I (I z))) S (I K x)) z) (K (x (I v13 (K z)) (K x) S (K (S v21) v5 z v9) (K S (I (I (x v16))))) (K (K v28) K (B (I (S B))) x K (z I) (x I) z))
B (x (v22 S (I (S x)) S (B K) (B (B I (I z))) S (I K x)) z) (K (x (I v13 (K z)) (K x) S (K (S v21) v5 z v9) (K S (I (I (x v16))))) (K (K v28) K (B (I (S B))) x K (z I) (x I) z))
B (x (v22 S (S x) S (B K) (B (B I (I z))) S (I K x)) z) (K (x (I v13 (K z)) (K x) S (K (S v21) v5 z v9) (K S (I (I (x v16))))) (K (K v28) K (B (I (S B))) x K (z I) (x I) z))
B (x (v22 S (S x) S (B K) (B (B I z)) S (I K x)) z) (K (x (I v13 (K z)) (K x) S (K (S v21) v5 z v9) (K S (I (I (x v16))))) (K (K v28) K (B (I (S B))) x K (z I) (x I) z))
B (x (v22 S (S x) S (B K) (B (B I z)) S (K x)) z) (K (x (I v13 (K z)) (K x) S (K (S v21) v5 z v9) (K S (I (I (x v16))))) (K (K v28) K (B (I (S B))) x K (z I) (x I) z))
B (x (v22 S (S x) S (B K) (B (B I z)) S (K x)) z) (x (I v13 (K z)) (K x) S (K (S v21) v5 z v9) (K S (I (I (x v16)))))
B (x (v22 S (S x) S (B K) (B (B I z)) S (K x)) z) (x (v13 (K z)) (K x) S (K (S v21) v5 z v9) (K S (I (I (x v16)))))
B (x (v22 S (S x) S (B K) (B (B I z)) S (K x)) z) (x (v13 (K z)) (K x) S (S v21 z v9) (K S (I (I (x v16)))))
B (x (v22 S (S x) S (B K) (B (B I z)) S (K x)) z) (x (v13 (K z)) (K x) S (v21 v9 (z v9)) (K S (I (I (x v16)))))
B (x (v22 S (S x) S (B K) (B (B I z)) S (K x)) z) (x (v13 (K z)) (K x) S (v21 v9 (z v9)) S)
z (v28 (S I)) (v2 (I (x (B K x)) K) (I x x) (v9 S)) (x I v26)
z (v28 (S I)) (v2 (x (B K x) K) (I x x) (v9 S)) (x I v26)
z (v28 (S I)) (v2 (x (B K x) K) (x x) (v9 S)) (x I v26)
x S (z K)
K (B z) I (I x) v0 K K (x K) B
B z (I x) v0 K K (x K) B
z (I x v0) K K (x K) B
z (x v0) K K (x K) B
