x I I K K
K (B S) I
B S
K
x (v17 (K (K I v23))) I (B I v20 (B (K S (B v1) S (v30 v9))) (B (z K) B)) (v4 I v10 (K (K B) (I (S S)) (I S (B v8) (B I (x (K (v17 v25)))) (z (x (z K)) K (B (v4 S (B S))) B))))
x (v17 (K I)) I (B I v20 (B (K S (B v1) S (v30 v9))) (B (z K) B)) (v4 I v10 (K (K B) (I (S S)) (I S (B v8) (B I (x (K (v17 v25)))) (z (x (z K)) K (B (v4 S (B S))) B))))
x (v17 (K I)) I (I (v20 (B (K S (B v1) S (v30 v9)))) (B (z K) B)) (v4 I v10 (K (K B) (I (S S)) (I S (B v8) (B I (x (K (v17 v25)))) (z (x (z K)) K (B (v4 S (B S))) B))))
x (v17 (K I)) I (v20 (B (K S (B v1) S (v30 v9))) (B (z K) B)) (v4 I v10 (K (K B) (I (S S)) (I S (B v8) (B I (x (K (v17 v25)))) (z (x (z K)) K (B (v4 S (B S))) B))))
x (v17 (K I)) I (v20 (B (S S (v30 v9))) (B (z K) B)) (v4 I v10 (K (K B) (I (S S)) (I S (B v8) (B I (x (K (v17 v25)))) (z (x (z K)) K (B (v4 S (B S))) B))))
x (v17 (K I)) I (v20 (B (S S (v30 v9))) (B (z K) B)) (v4 I v10 (K B (I S (B v8) (B I (x (K (v17 v25)))) (z (x (z K)) K (B (v4 S (B S))) B))))
x (v17 (K I)) I (v20 (B (S S (v30 v9))) (B (z K) B)) (v4 I v10 B)
S (S (z v8)) (x I z (I x) z (B I z I x (x (z (v8 z (z I x) B))))) (B (z (I (v20 B v7) (B (x z) B) (x v6) v15)) B)
S (z v8) (B (z (I (v20 B v7) (B (x z) B) (x v6) v15)) B) (x I z (I x) z (B I z I x (x (z (v8 z (z I x) B)))) (B (z (I (v20 B v7) (B (x z) B) (x v6) v15)) B))
z v8 (x I z (I x) z (B I z I x (x (z (v8 z (z I x) B)))) (B (z (I (v20 B v7) (B (x z) B) (x v6) v15)) B)) (B (z (I (v20 B v7) (B (x z) B) (x v6) v15)) B (x I z (I x) z (B I z I x (x (z (v8 z (z I x) B)))) (B (z (I (v20 B v7) (B (x z) B) (x v6) v15)) B)))
z v8 (x I z x z (B I z I x (x (z (v8 z (z I x) B)))) (B (z (I (v20 B v7) (B (x z) B) (x v6) v15)) B)) (B (z (I (v20 B v7) (B (x z) B) (x v6) v15)) B (x I z (I x) z (B I z I x (x (z (v8 z (z I x) B)))) (B (z (I (v20 B v7) (B (x z) B) (x v6) v15)) B)))
z v8 (x I z x z (I (z I) x (x (z (v8 z (z I x) B)))) (B (z (I (v20 B v7) (B (x z) B) (x v6) v15)) B)) (B (z (I (v20 B v7) (B (x z) B) (x v6) v15)) B (x I z (I x) z (B I z I x (x (z (v8 z (z I x) B)))) (B (z (I (v20 B v7) (B (x z) B) (x v6) v15)) B)))
z v8 (x I z x z (z I x (x (z (v8 z (z I x) B)))) (B (z (I (v20 B v7) (B (x z) B) (x v6) v15)) B)) (B (z (I (v20 B v7) (B (x z) B) (x v6) v15)) B (x I z (I x) z (B I z I x (x (z (v8 z (z I x) B)))) (B (z (I (v20 B v7) (B (x z) B) (x v6) v15)) B)))
z v8 (x I z x z (z I x (x (z (v8 z (z I x) B)))) (B (z (v20 B v7 (B (x z) B) (x v6) v15)) B)) (B (z (I (v20 B v7) (B (x z) B) (x v6) v15)) B (x I z (I x) z (B I z I x (x (z (v8 z (z I x) B)))) (B (z (I (v20 B v7) (B (x z) B) (x v6) v15)) B)))
z v8 (x I z x z (z I x (x (z (v8 z (z I x) B)))) (B (z (v20 B v7 (B (x z) B) (x v6) v15)) B)) (z (I (v20 B v7) (B (x z) B) (x v6) v15) (B (x I z (I x) z (B I z I x (x (z (v8 z (z I x) B)))) (B (z (I (v20 B v7) (B (x z) B) (x v6) v15)) B))))
z v8 (x I z x z (z I x (x (z (v8 z (z I x) B)))) (B (z (v20 B v7 (B (x z) B) (x v6) v15)) B)) (z (v20 B v7 (B (x z) B) (x v6) v15) (B (x I z (I x) z (B I z I x (x (z (v8 z (z I x) B)))) (B (z (I (v20 B v7) (B (x z) B) (x v6) v15)) B))))
z v8 (x I z x z (z I x (x (z (v8 z (z I x) B)))) (B (z (v20 B v7 (B (x z) B) (x v6) v15)) B)) (z (v20 B v7 (B (x z) B) (x v6) v15) (B (x I z x z (B I z I x (x (z (v8 z (z I x) B)))) (B (z (I (v20 B v7) (B (x z) B) (x v6) v15)) B))))
z v8 (x I z x z (z I x (x (z (v8 z (z I x) B)))) (B (z (v20 B v7 (B (x z) B) (x v6) v15)) B)) (z (v20 B v7 (B (x z) B) (x v6) v15) (B (x I z x z (I (z I) x (x (z (v8 z (z I x) B)))) (B (z (I (v20 B v7) (B (x z) B) (x v6) v15)) B))))
z v8 (x I z x z (z I x (x (z (v8 z (z I x) B)))) (B (z (v20 B v7 (B (x z) B) (x v6) v15)) B)) (z (v20 B v7 (B (x z) B) (x v6) v15) (B (x I z x z (z I x (x (z (v8 z (z I x) B)))) (B (z (I (v20 B v7) (B (x z) B) (x v6) v15)) B))))
z v8 (x I z x z (z I x (x (z (v8 z (z I x) B)))) (B (z (v20 B v7 (B (x z) B) (x v6) v15)) B)) (z (v20 B v7 (B (x z) B) (x v6) v15) (B (x I z x z (z I x (x (z (v8 z (z I x) B)))) (B (z (v20 B v7 (B (x z) B) (x v6) v15)) B))))
K B
v13 (I (v24 B (B x I))) v20
v13 (v24 B (B x I)) v20
S (z (B v19))
x (v1 (S I K (I (S x v19))) S) I v9 S K x
x (v1 (I (I (S x v19)) (K (I (S x v19)))) S) I v9 S K x
x (v1 (I (S x v19) (K (I (S x v19)))) S) I v9 S K x
x (v1 (S x v19 (K (I (S x v19)))) S) I v9 S K x
x (v1 (x (K (I (S x v19))) (v19 (K (I (S x v19))))) S) I v9 S K x
x (v1 (x (K (S x v19)) (v19 (K (I (S x v19))))) S) I v9 S K x
x (v1 (x (K (S x v19)) (v19 (K (S x v19)))) S) I v9 S K x
x
