v7 I
B (B (B z x I) v6) K (B (K B (S B z) z v15) B)
B (B z x I) v6 (K (B (K B (S B z) z v15) B))
B z x I (v6 (K (B (K B (S B z) z v15) B)))
z (x I) (v6 (K (B (K B (S B z) z v15) B)))
z (x I) (v6 (K (B (B z v15) B)))
I
S
z (B (I (K K K)) (S B (v27 x) (x v24 B) (B B v12) v27 B))
z (B (K K K) (S B (v27 x) (x v24 B) (B B v12) v27 B))
z (B K (S B (v27 x) (x v24 B) (B B v12) v27 B))
z (B K (B (x v24 B) (v27 x (x v24 B)) (B B v12) v27 B))
z (B K (x v24 B (v27 x (x v24 B) (B B v12)) v27 B))
B (K (K (v26 (I K) B)) K) (S S x) v24 (I I (K (B z z))) (K (x I))
K (K (v26 (I K) B)) K (S S x v24) (I I (K (B z z))) (K (x I))
K (v26 (I K) B) (S S x v24) (I I (K (B z z))) (K (x I))
v26 (I K) B (I I (K (B z z))) (K (x I))
v26 K B (I I (K (B z z))) (K (x I))
v26 K B (I (K (B z z))) (K (x I))
v26 K B (K (B z z)) (K (x I))
S (z (S (K K v27 x x)) z (I (x (v27 (S K x) S z v22))))
S (z (S (K x x)) z (I (x (v27 (S K x) S z v22))))
S (z (S x) z (I (x (v27 (S K x) S z v22))))
S (z (S x) z (x (v27 (S K x) S z v22)))
I (K v0 (S (v27 I v24 S) (B K) S (B S K (I S (x (S I I x))) (K (I v8))))) (S v8 I)
K v0 (S (v27 I v24 S) (B K) S (B S K (I S (x (S I I x))) (K (I v8)))) (S v8 I)
v0 (S v8 I)
x (S (I (I I (K I)) (x (x K))) (x (K v0 (v27 S))))
x (S (I I (K I) (x (x K))) (x (K v0 (v27 S))))
x (S (I (K I) (x (x K))) (x (K v0 (v27 S))))
x (S (K I (x (x K))) (x (K v0 (v27 S))))
x (S I (x (K v0 (v27 S))))
x (S I (x v0))
v23 (S (B (S (v9 z)))) x (v7 (I I) v5 K B (S (v2 v8))) (v21 B K) I B B (K K)
v23 (S (B (S (v9 z)))) x (v7 I v5 K B (S (v2 v8))) (v21 B K) I B B (K K)
