x
K
B (z I z) (S (B (v3 x S K z) v5 B) (B v5 v20) (B (x (K I (x B))) (S x) x v18 (v5 x K (K (I I (I (I (v27 x))))) z)) (I (I z K) (z (S (x B)) S (I (K (x S)) z (x x v7) K (x I))) K))
B (z I z) (B (v3 x S K z) v5 B (B (x (K I (x B))) (S x) x v18 (v5 x K (K (I I (I (I (v27 x))))) z)) (B v5 v20 (B (x (K I (x B))) (S x) x v18 (v5 x K (K (I I (I (I (v27 x))))) z))) (I (I z K) (z (S (x B)) S (I (K (x S)) z (x x v7) K (x I))) K))
B (z I z) (v3 x S K z (v5 B) (B (x (K I (x B))) (S x) x v18 (v5 x K (K (I I (I (I (v27 x))))) z)) (B v5 v20 (B (x (K I (x B))) (S x) x v18 (v5 x K (K (I I (I (I (v27 x))))) z))) (I (I z K) (z (S (x B)) S (I (K (x S)) z (x x v7) K (x I))) K))
B (z I z) (v3 x S K z (v5 B) (x (K I (x B)) (S x x) v18 (v5 x K (K (I I (I (I (v27 x))))) z)) (B v5 v20 (B (x (K I (x B))) (S x) x v18 (v5 x K (K (I I (I (I (v27 x))))) z))) (I (I z K) (z (S (x B)) S (I (K (x S)) z (x x v7) K (x I))) K))
B (z I z) (v3 x S K z (v5 B) (x I (S x x) v18 (v5 x K (K (I I (I (I (v27 x))))) z)) (B v5 v20 (B (x (K I (x B))) (S x) x v18 (v5 x K (K (I I (I (I (v27 x))))) z))) (I (I z K) (z (S (x B)) S (I (K (x S)) z (x x v7) K (x I))) K))
B (z I z) (v3 x S K z (v5 B) (x I (S x x) v18 (v5 x K (K (I (I (I (v27 x))))) z)) (B v5 v20 (B (x (K I (x B))) (S x) x v18 (v5 x K (K (I I (I (I (v27 x))))) z))) (I (I z K) (z (S (x B)) S (I (K (x S)) z (x x v7) K (x I))) K))
B (z I z) (v3 x S K z (v5 B) (x I (S x x) v18 (v5 x K (K (I (I (v27 x)))) z)) (B v5 v20 (B (x (K I (x B))) (S x) x v18 (v5 x K (K (I I (I (I (v27 x))))) z))) (I (I z K) (z (S (x B)) S (I (K (x S)) z (x x v7) K (x I))) K))
B (z I z) (v3 x S K z (v5 B) (x I (S x x) v18 (v5 x K (K (I (v27 x))) z)) (B v5 v20 (B (x (K I (x B))) (S x) x v18 (v5 x K (K (I I (I (I (v27 x))))) z))) (I (I z K) (z (S (x B)) S (I (K (x S)) z (x x v7) K (x I))) K))
B (z I z) (v3 x S K z (v5 B) (x I (S x x) v18 (v5 x K (K (v27 x)) z)) (B v5 v20 (B (x (K I (x B))) (S x) x v18 (v5 x K (K (I I (I (I (v27 x))))) z))) (I (I z K) (z (S (x B)) S (I (K (x S)) z (x x v7) K (x I))) K))
B (z I z) (v3 x S K z (v5 B) (x I (S x x) v18 (v5 x K (K (v27 x)) z)) (v5 (v20 (B (x (K I (x B))) (S x) x v18 (v5 x K (K (I I (I (I (v27 x))))) z)))) (I (I z K) (z (S (x B)) S (I (K (x S)) z (x x v7) K (x I))) K))
B (z I z) (v3 x S K z (v5 B) (x I (S x x) v18 (v5 x K (K (v27 x)) z)) (v5 (v20 (x (K I (x B)) (S x x) v18 (v5 x K (K (I I (I (I (v27 x))))) z)))) (I (I z K) (z (S (x B)) S (I (K (x S)) z (x x v7) K (x I))) K))
B (z I z) (v3 x S K z (v5 B) (x I (S x x) v18 (v5 x K (K (v27 x)) z)) (v5 (v20 (x I (S x x) v18 (v5 x K (K (I I (I (I (v27 x))))) z)))) (I (I z K) (z (S (x B)) S (I (K (x S)) z (x x v7) K (x I))) K))
B (z I z) (v3 x S K z (v5 B) (x I (S x x) v18 (v5 x K (K (v27 x)) z)) (v5 (v20 (x I (S x x) v18 (v5 x K (K (I (I (I (v27 x))))) z)))) (I (I z K) (z (S (x B)) S (I (K (x S)) z (x x v7) K (x I))) K))
B (z I z) (v3 x S K z (v5 B) (x I (S x x) v18 (v5 x K (K (v27 x)) z)) (v5 (v20 (x I (S x x) v18 (v5 x K (K (I (I (v27 x)))) z)))) (I (I z K) (z (S (x B)) S (I (K (x S)) z (x x v7) K (x I))) K))
B (z I z) (v3 x S K z (v5 B) (x I (S x x) v18 (v5 x K (K (v27 x)) z)) (v5 (v20 (x I (S x x) v18 (v5 x K (K (I (v27 x))) z)))) (I (I z K) (z (S (x B)) S (I (K (x S)) z (x x v7) K (x I))) K))
B (z I z) (v3 x S K z (v5 B) (x I (S x x) v18 (v5 x K (K (v27 x)) z)) (v5 (v20 (x I (S x x) v18 (v5 x K (K (v27 x)) z)))) (I (I z K) (z (S (x B)) S (I (K (x S)) z (x x v7) K (x I))) K))
B (z I z) (v3 x S K z (v5 B) (x I (S x x) v18 (v5 x K (K (v27 x)) z)) (v5 (v20 (x I (S x x) v18 (v5 x K (K (v27 x)) z)))) (I z K (z (S (x B)) S (I (K (x S)) z (x x v7) K (x I))) K))
B (z I z) (v3 x S K z (v5 B) (x I (S x x) v18 (v5 x K (K (v27 x)) z)) (v5 (v20 (x I (S x x) v18 (v5 x K (K (v27 x)) z)))) (z K (z (S (x B)) S (I (K (x S)) z (x x v7) K (x I))) K))
B (z I z) (v3 x S K z (v5 B) (x I (S x x) v18 (v5 x K (K (v27 x)) z)) (v5 (v20 (x I (S x x) v18 (v5 x K (K (v27 x)) z)))) (z K (z (S (x B)) S (K (x S) z (x x v7) K (x I))) K))
B (z I z) (v3 x S K z (v5 B) (x I (S x x) v18 (v5 x K (K (v27 x)) z)) (v5 (v20 (x I (S x x) v18 (v5 x K (K (v27 x)) z)))) (z K (z (S (x B)) S (x S (x x v7) K (x I))) K))
S S (I (B v26) K) (S K (x (K v7 (K S)) (B S (I (I K)))) (K v4 v2 (z B (x (S v7 B z S) (S x (x S (v12 v2))))) (K (v2 (x B) S B S (x B S (I (K v29) B))) K) I)) (x B (x (I x) (K B x) v0) x)
S (S K (x (K v7 (K S)) (B S (I (I K)))) (K v4 v2 (z B (x (S v7 B z S) (S x (x S (v12 v2))))) (K (v2 (x B) S B S (x B S (I (K v29) B))) K) I)) (I (B v26) K (S K (x (K v7 (K S)) (B S (I (I K)))) (K v4 v2 (z B (x (S v7 B z S) (S x (x S (v12 v2))))) (K (v2 (x B) S B S (x B S (I (K v29) B))) K) I))) (x B (x (I x) (K B x) v0) x)
S K (x (K v7 (K S)) (B S (I (I K)))) (K v4 v2 (z B (x (S v7 B z S) (S x (x S (v12 v2))))) (K (v2 (x B) S B S (x B S (I (K v29) B))) K) I) (x B (x (I x) (K B x) v0) x) (I (B v26) K (S K (x (K v7 (K S)) (B S (I (I K)))) (K v4 v2 (z B (x (S v7 B z S) (S x (x S (v12 v2))))) (K (v2 (x B) S B S (x B S (I (K v29) B))) K) I)) (x B (x (I x) (K B x) v0) x))
K (K v4 v2 (z B (x (S v7 B z S) (S x (x S (v12 v2))))) (K (v2 (x B) S B S (x B S (I (K v29) B))) K) I) (x (K v7 (K S)) (B S (I (I K))) (K v4 v2 (z B (x (S v7 B z S) (S x (x S (v12 v2))))) (K (v2 (x B) S B S (x B S (I (K v29) B))) K) I)) (x B (x (I x) (K B x) v0) x) (I (B v26) K (S K (x (K v7 (K S)) (B S (I (I K)))) (K v4 v2 (z B (x (S v7 B z S) (S x (x S (v12 v2))))) (K (v2 (x B) S B S (x B S (I (K v29) B))) K) I)) (x B (x (I x) (K B x) v0) x))
K v4 v2 (z B (x (S v7 B z S) (S x (x S (v12 v2))))) (K (v2 (x B) S B S (x B S (I (K v29) B))) K) I (x B (x (I x) (K B x) v0) x) (I (B v26) K (S K (x (K v7 (K S)) (B S (I (I K)))) (K v4 v2 (z B (x (S v7 B z S) (S x (x S (v12 v2))))) (K (v2 (x B) S B S (x B S (I (K v29) B))) K) I)) (x B (x (I x) (K B x) v0) x))
v4 (z B (x (S v7 B z S) (S x (x S (v12 v2))))) (K (v2 (x B) S B S (x B S (I (K v29) B))) K) I (x B (x (I x) (K B x) v0) x) (I (B v26) K (S K (x (K v7 (K S)) (B S (I (I K)))) (K v4 v2 (z B (x (S v7 B z S) (S x (x S (v12 v2))))) (K (v2 (x B) S B S (x B S (I (K v29) B))) K) I)) (x B (x (I x) (K B x) v0) x))
v4 (z B (x (v7 z (B z) S) (S x (x S (v12 v2))))) (K (v2 (x B) S B S (x B S (I (K v29) B))) K) I (x B (x (I x) (K B x) v0) x) (I (B v26) K (S K (x (K v7 (K S)) (B S (I (I K)))) (K v4 v2 (z B (x (S v7 B z S) (S x (x S (v12 v2))))) (K (v2 (x B) S B S (x B S (I (K v29) B))) K) I)) (x B (x (I x) (K B x) v0) x))
v4 (z B (x (v7 z (B z) S) (S x (x S (v12 v2))))) (v2 (x B) S B S (x B S (I (K v29) B))) I (x B (x (I x) (K B x) v0) x) (I (B v26) K (S K (x (K v7 (K S)) (B S (I (I K)))) (K v4 v2 (z B (x (S v7 B z S) (S x (x S (v12 v2))))) (K (v2 (x B) S B S (x B S (I (K v29) B))) K) I)) (x B (x (I x) (K B x) v0) x))
v4 (z B (x (v7 z (B z) S) (S x (x S (v12 v2))))) (v2 (x B) S B S (x B S (K v29 B))) I (x B (x (I x) (K B x) v0) x) (I (B v26) K (S K (x (K v7 (K S)) (B S (I (I K)))) (K v4 v2 (z B (x (S v7 B z S) (S x (x S (v12 v2))))) (K (v2 (x B) S B S (x B S (I (K v29) B))) K) I)) (x B (x (I x) (K B x) v0) x))
v4 (z B (x (v7 z (B z) S) (S x (x S (v12 v2))))) (v2 (x B) S B S (x B S v29)) I (x B (x (I x) (K B x) v0) x) (I (B v26) K (S K (x (K v7 (K S)) (B S (I (I K)))) (K v4 v2 (z B (x (S v7 B z S) (S x (x S (v12 v2))))) (K (v2 (x B) S B S (x B S (I (K v29) B))) K) I)) (x B (x (I x) (K B x) v0) x))
v4 (z B (x (v7 z (B z) S) (S x (x S (v12 v2))))) (v2 (x B) S B S (x B S v29)) I (x B (x x (K B x) v0) x) (I (B v26) K (S K (x (K v7 (K S)) (B S (I (I K)))) (K v4 v2 (z B (x (S v7 B z S) (S x (x S (v12 v2))))) (K (v2 (x B) S B S (x B S (I (K v29) B))) K) I)) (x B (x (I x) (K B x) v0) x))
v4 (z B (x (v7 z (B z) S) (S x (x S (v12 v2))))) (v2 (x B) S B S (x B S v29)) I (x B (x x B v0) x) (I (B v26) K (S K (x (K v7 (K S)) (B S (I (I K)))) (K v4 v2 (z B (x (S v7 B z S) (S x (x S (v12 v2))))) (K (v2 (x B) S B S (x B S (I (K v29) B))) K) I)) (x B (x (I x) (K B x) v0) x))
v4 (z B (x (v7 z (B z) S) (S x (x S (v12 v2))))) (v2 (x B) S B S (x B S v29)) I (x B (x x B v0) x) (B v26 K (S K (x (K v7 (K S)) (B S (I (I K)))) (K v4 v2 (z B (x (S v7 B z S) (S x (x S (v12 v2))))) (K (v2 (x B) S B S (x B S (I (K v29) B))) K) I)) (x B (x (I x) (K B x) v0) x))
v4 (z B (x (v7 z (B z) S) (S x (x S (v12 v2))))) (v2 (x B) S B S (x B S v29)) I (x B (x x B v0) x) (v26 (K (S K (x (K v7 (K S)) (B S (I (I K)))) (K v4 v2 (z B (x (S v7 B z S) (S x (x S (v12 v2))))) (K (v2 (x B) S B S (x B S (I (K v29) B))) K) I))) (x B (x (I x) (K B x) v0) x))
v4 (z B (x (v7 z (B z) S) (S x (x S (v12 v2))))) (v2 (x B) S B S (x B S v29)) I (x B (x x B v0) x) (v26 (K (K (K v4 v2 (z B (x (S v7 B z S) (S x (x S (v12 v2))))) (K (v2 (x B) S B S (x B S (I (K v29) B))) K) I) (x (K v7 (K S)) (B S (I (I K))) (K v4 v2 (z B (x (S v7 B z S) (S x (x S (v12 v2))))) (K (v2 (x B) S B S (x B S (I (K v29) B))) K) I)))) (x B (x (I x) (K B x) v0) x))
v4 (z B (x (v7 z (B z) S) (S x (x S (v12 v2))))) (v2 (x B) S B S (x B S v29)) I (x B (x x B v0) x) (v26 (K (K v4 v2 (z B (x (S v7 B z S) (S x (x S (v12 v2))))) (K (v2 (x B) S B S (x B S (I (K v29) B))) K) I)) (x B (x (I x) (K B x) v0) x))
v4 (z B (x (v7 z (B z) S) (S x (x S (v12 v2))))) (v2 (x B) S B S (x B S v29)) I (x B (x x B v0) x) (v26 (K (v4 (z B (x (S v7 B z S) (S x (x S (v12 v2))))) (K (v2 (x B) S B S (x B S (I (K v29) B))) K) I)) (x B (x (I x) (K B x) v0) x))
v4 (z B (x (v7 z (B z) S) (S x (x S (v12 v2))))) (v2 (x B) S B S (x B S v29)) I (x B (x x B v0) x) (v26 (K (v4 (z B (x (v7 z (B z) S) (S x (x S (v12 v2))))) (K (v2 (x B) S B S (x B S (I (K v29) B))) K) I)) (x B (x (I x) (K B x) v0) x))
v4 (z B (x (v7 z (B z) S) (S x (x S (v12 v2))))) (v2 (x B) S B S (x B S v29)) I (x B (x x B v0) x) (v26 (K (v4 (z B (x (v7 z (B z) S) (S x (x S (v12 v2))))) (v2 (x B) S B S (x B S (I (K v29) B))) I)) (x B (x (I x) (K B x) v0) x))
v4 (z B (x (v7 z (B z) S) (S x (x S (v12 v2))))) (v2 (x B) S B S (x B S v29)) I (x B (x x B v0) x) (v26 (K (v4 (z B (x (v7 z (B z) S) (S x (x S (v12 v2))))) (v2 (x B) S B S (x B S (K v29 B))) I)) (x B (x (I x) (K B x) v0) x))
v4 (z B (x (v7 z (B z) S) (S x (x S (v12 v2))))) (v2 (x B) S B S (x B S v29)) I (x B (x x B v0) x) (v26 (K (v4 (z B (x (v7 z (B z) S) (S x (x S (v12 v2))))) (v2 (x B) S B S (x B S v29)) I)) (x B (x (I x) (K B x) v0) x))
v4 (z B (x (v7 z (B z) S) (S x (x S (v12 v2))))) (v2 (x B) S B S (x B S v29)) I (x B (x x B v0) x) (v26 (K (v4 (z B (x (v7 z (B z) S) (S x (x S (v12 v2))))) (v2 (x B) S B S (x B S v29)) I)) (x B (x x (K B x) v0) x))
v4 (z B (x (v7 z (B z) S) (S x (x S (v12 v2))))) (v2 (x B) S B S (x B S v29)) I (x B (x x B v0) x) (v26 (K (v4 (z B (x (v7 z (B z) S) (S x (x S (v12 v2))))) (v2 (x B) S B S (x B S v29)) I)) (x B (x x B v0) x))
B (I (x z (z S (I v26 I (I K) I) (K (v14 v28) (v18 z))) (S (S K (B S S) z))) (K I z (S K) (z v25) (I (v16 z z)))) (z v21 (x (K (z (I (S S (K I) B)) x))) (z (z (S K) (B I (S (x (x S) v14)) (z I) I) z (S (v7 I (B B (K x z) x)) K))))
B (x z (z S (I v26 I (I K) I) (K (v14 v28) (v18 z))) (S (S K (B S S) z)) (K I z (S K) (z v25) (I (v16 z z)))) (z v21 (x (K (z (I (S S (K I) B)) x))) (z (z (S K) (B I (S (x (x S) v14)) (z I) I) z (S (v7 I (B B (K x z) x)) K))))
B (x z (z S (v26 I (I K) I) (K (v14 v28) (v18 z))) (S (S K (B S S) z)) (K I z (S K) (z v25) (I (v16 z z)))) (z v21 (x (K (z (I (S S (K I) B)) x))) (z (z (S K) (B I (S (x (x S) v14)) (z I) I) z (S (v7 I (B B (K x z) x)) K))))
B (x z (z S (v26 I K I) (K (v14 v28) (v18 z))) (S (S K (B S S) z)) (K I z (S K) (z v25) (I (v16 z z)))) (z v21 (x (K (z (I (S S (K I) B)) x))) (z (z (S K) (B I (S (x (x S) v14)) (z I) I) z (S (v7 I (B B (K x z) x)) K))))
B (x z (z S (v26 I K I) (v14 v28)) (S (S K (B S S) z)) (K I z (S K) (z v25) (I (v16 z z)))) (z v21 (x (K (z (I (S S (K I) B)) x))) (z (z (S K) (B I (S (x (x S) v14)) (z I) I) z (S (v7 I (B B (K x z) x)) K))))
B (x z (z S (v26 I K I) (v14 v28)) (S (K z (B S S z))) (K I z (S K) (z v25) (I (v16 z z)))) (z v21 (x (K (z (I (S S (K I) B)) x))) (z (z (S K) (B I (S (x (x S) v14)) (z I) I) z (S (v7 I (B B (K x z) x)) K))))
B (x z (z S (v26 I K I) (v14 v28)) (S z) (K I z (S K) (z v25) (I (v16 z z)))) (z v21 (x (K (z (I (S S (K I) B)) x))) (z (z (S K) (B I (S (x (x S) v14)) (z I) I) z (S (v7 I (B B (K x z) x)) K))))
B (x z (z S (v26 I K I) (v14 v28)) (S z) (I (S K) (z v25) (I (v16 z z)))) (z v21 (x (K (z (I (S S (K I) B)) x))) (z (z (S K) (B I (S (x (x S) v14)) (z I) I) z (S (v7 I (B B (K x z) x)) K))))
B (x z (z S (v26 I K I) (v14 v28)) (S z) (S K (z v25) (I (v16 z z)))) (z v21 (x (K (z (I (S S (K I) B)) x))) (z (z (S K) (B I (S (x (x S) v14)) (z I) I) z (S (v7 I (B B (K x z) x)) K))))
B (x z (z S (v26 I K I) (v14 v28)) (S z) (K (I (v16 z z)) (z v25 (I (v16 z z))))) (z v21 (x (K (z (I (S S (K I) B)) x))) (z (z (S K) (B I (S (x (x S) v14)) (z I) I) z (S (v7 I (B B (K x z) x)) K))))
B (x z (z S (v26 I K I) (v14 v28)) (S z) (I (v16 z z))) (z v21 (x (K (z (I (S S (K I) B)) x))) (z (z (S K) (B I (S (x (x S) v14)) (z I) I) z (S (v7 I (B B (K x z) x)) K))))
B (x z (z S (v26 I K I) (v14 v28)) (S z) (v16 z z)) (z v21 (x (K (z (I (S S (K I) B)) x))) (z (z (S K) (B I (S (x (x S) v14)) (z I) I) z (S (v7 I (B B (K x z) x)) K))))
B (x z (z S (v26 I K I) (v14 v28)) (S z) (v16 z z)) (z v21 (x (K (z (S S (K I) B) x))) (z (z (S K) (B I (S (x (x S) v14)) (z I) I) z (S (v7 I (B B (K x z) x)) K))))
B (x z (z S (v26 I K I) (v14 v28)) (S z) (v16 z z)) (z v21 (x (K (z (S B (K I B)) x))) (z (z (S K) (B I (S (x (x S) v14)) (z I) I) z (S (v7 I (B B (K x z) x)) K))))
B (x z (z S (v26 I K I) (v14 v28)) (S z) (v16 z z)) (z v21 (x (K (z (S B I) x))) (z (z (S K) (B I (S (x (x S) v14)) (z I) I) z (S (v7 I (B B (K x z) x)) K))))
B (x z (z S (v26 I K I) (v14 v28)) (S z) (v16 z z)) (z v21 (x (K (z (S B I) x))) (z (z (S K) (I (S (x (x S) v14) (z I)) I) z (S (v7 I (B B (K x z) x)) K))))
B (x z (z S (v26 I K I) (v14 v28)) (S z) (v16 z z)) (z v21 (x (K (z (S B I) x))) (z (z (S K) (S (x (x S) v14) (z I) I) z (S (v7 I (B B (K x z) x)) K))))
B (x z (z S (v26 I K I) (v14 v28)) (S z) (v16 z z)) (z v21 (x (K (z (S B I) x))) (z (z (S K) (x (x S) v14 I (z I I)) z (S (v7 I (B B (K x z) x)) K))))
B (x z (z S (v26 I K I) (v14 v28)) (S z) (v16 z z)) (z v21 (x (K (z (S B I) x))) (z (z (S K) (x (x S) v14 I (z I I)) z (S (v7 I (B (K x z x))) K))))
B (x z (z S (v26 I K I) (v14 v28)) (S z) (v16 z z)) (z v21 (x (K (z (S B I) x))) (z (z (S K) (x (x S) v14 I (z I I)) z (S (v7 I (B (x x))) K))))
S I
K (I (x (v0 (I x) x)) S (B I S K))
K (x (v0 (I x) x) S (B I S K))
K (x (v0 x x) S (B I S K))
K (x (v0 x x) S (I (S K)))
K (x (v0 x x) S (S K))
z (z I S z (I z) x x (I (I (x I (x I) (v24 S)))) (B v0 (S (S (K (B x))) (I K) z B (v0 z)) B))
z (z I S z z x x (I (I (x I (x I) (v24 S)))) (B v0 (S (S (K (B x))) (I K) z B (v0 z)) B))
z (z I S z z x x (I (x I (x I) (v24 S))) (B v0 (S (S (K (B x))) (I K) z B (v0 z)) B))
z (z I S z z x x (x I (x I) (v24 S)) (B v0 (S (S (K (B x))) (I K) z B (v0 z)) B))
z (z I S z z x x (x I (x I) (v24 S)) (v0 (S (S (K (B x))) (I K) z B (v0 z) B)))
z (z I S z z x x (x I (x I) (v24 S)) (v0 (S (K (B x)) z (I K z) B (v0 z) B)))
z (z I S z z x x (x I (x I) (v24 S)) (v0 (K (B x) (I K z) (z (I K z)) B (v0 z) B)))
z (z I S z z x x (x I (x I) (v24 S)) (v0 (B x (z (I K z)) B (v0 z) B)))
z (z I S z z x x (x I (x I) (v24 S)) (v0 (x (z (I K z) B) (v0 z) B)))
z (z I S z z x x (x I (x I) (v24 S)) (v0 (x (z (K z) B) (v0 z) B)))
x (K K) (v1 (S B z)) (I x z (z (x x))) (S (x (I I (I (I K) I) x) I (x I))) K
x (K K) (v1 (S B z)) (x z (z (x x))) (S (x (I I (I (I K) I) x) I (x I))) K
x (K K) (v1 (S B z)) (x z (z (x x))) (S (x (I (I (I K) I) x) I (x I))) K
x (K K) (v1 (S B z)) (x z (z (x x))) (S (x (I (I K) I x) I (x I))) K
x (K K) (v1 (S B z)) (x z (z (x x))) (S (x (I K I x) I (x I))) K
x (K K) (v1 (S B z)) (x z (z (x x))) (S (x (K I x) I (x I))) K
x (K K) (v1 (S B z)) (x z (z (x x))) (S (x I I (x I))) K
x (S (x I) (K (v6 (x (S v5 (x (S (x x v11)))))))) v12 (S (v6 v17) K)
