K (v15 (z B (z (S I v26 (S z I S)) x (x (B S (z B) v28 (B B B) (B v13 (K S)))))))
K (v15 (z B (z (I (S z I S) (v26 (S z I S))) x (x (B S (z B) v28 (B B B) (B v13 (K S)))))))
K (v15 (z B (z (S z I S (v26 (S z I S))) x (x (B S (z B) v28 (B B B) (B v13 (K S)))))))
K (v15 (z B (z (z S (I S) (v26 (S z I S))) x (x (B S (z B) v28 (B B B) (B v13 (K S)))))))
K (v15 (z B (z (z S S (v26 (S z I S))) x (x (B S (z B) v28 (B B B) (B v13 (K S)))))))
K (v15 (z B (z (z S S (v26 (z S (I S)))) x (x (B S (z B) v28 (B B B) (B v13 (K S)))))))
K (v15 (z B (z (z S S (v26 (z S S))) x (x (B S (z B) v28 (B B B) (B v13 (K S)))))))
K (v15 (z B (z (z S S (v26 (z S S))) x (x (S (z B v28) (B B B) (B v13 (K S)))))))
K (v15 (z B (z (z S S (v26 (z S S))) x (x (z B v28 (B v13 (K S)) (B B B (B v13 (K S))))))))
K (v15 (z B (z (z S S (v26 (z S S))) x (x (z B v28 (B v13 (K S)) (B (B (B v13 (K S)))))))))
K v7 (I (v0 I)) (K v25 (S (z B (B S) B (K z (S (v20 B (B z) S I K))))) (z B S (I z)))
v7 (K v25 (S (z B (B S) B (K z (S (v20 B (B z) S I K))))) (z B S (I z)))
v7 (v25 (z B S (I z)))
v7 (v25 (z B S z))
S B
B (x x z) (v17 (x (I (v19 (x K)))) S S) x (x (K (v16 (B x K) (v9 (x x)) v30) (S (v10 (z z))))) (v19 z v14)
x x z (v17 (x (I (v19 (x K)))) S S x) (x (K (v16 (B x K) (v9 (x x)) v30) (S (v10 (z z))))) (v19 z v14)
x x z (v17 (x (v19 (x K))) S S x) (x (K (v16 (B x K) (v9 (x x)) v30) (S (v10 (z z))))) (v19 z v14)
x x z (v17 (x (v19 (x K))) S S x) (x (v16 (B x K) (v9 (x x)) v30)) (v19 z v14)
S
z
x v17 (B x (I x) (K (S (K K (I K) K (B I S v21 B)))) I)
x v17 (x (I x (K (S (K K (I K) K (B I S v21 B))))) I)
x v17 (x (x (K (S (K K (I K) K (B I S v21 B))))) I)
x v17 (x (x (K (S (K K (B I S v21 B))))) I)
x v17 (x (x (K (S K))) I)
z (z x v18) (S (x S (B (K B S (z K)) z (K (z (x (x K) (I (I x) v30)) (I v16 x)))))) (K (B B (I v27 (I x)) (x (S I))) (S B) (S (x (z (S (B S) (K v22 K z (S (I I)) v3))))))
z (z x v18) (S (x S (K B S (z K) (z (K (z (x (x K) (I (I x) v30)) (I v16 x))))))) (K (B B (I v27 (I x)) (x (S I))) (S B) (S (x (z (S (B S) (K v22 K z (S (I I)) v3))))))
z (z x v18) (S (x S (B (z K) (z (K (z (x (x K) (I (I x) v30)) (I v16 x))))))) (K (B B (I v27 (I x)) (x (S I))) (S B) (S (x (z (S (B S) (K v22 K z (S (I I)) v3))))))
z (z x v18) (S (x S (B (z K) (z (K (z (x (x K) (I x v30)) (I v16 x))))))) (K (B B (I v27 (I x)) (x (S I))) (S B) (S (x (z (S (B S) (K v22 K z (S (I I)) v3))))))
z (z x v18) (S (x S (B (z K) (z (K (z (x (x K) (x v30)) (I v16 x))))))) (K (B B (I v27 (I x)) (x (S I))) (S B) (S (x (z (S (B S) (K v22 K z (S (I I)) v3))))))
z (z x v18) (S (x S (B (z K) (z (K (z (x (x K) (x v30)) (v16 x))))))) (K (B B (I v27 (I x)) (x (S I))) (S B) (S (x (z (S (B S) (K v22 K z (S (I I)) v3))))))
z (z x v18) (S (x S (B (z K) (z (K (z (x (x K) (x v30)) (v16 x))))))) (B B (I v27 (I x)) (x (S I)) (S (x (z (S (B S) (K v22 K z (S (I I)) v3))))))
z (z x v18) (S (x S (B (z K) (z (K (z (x (x K) (x v30)) (v16 x))))))) (B (I v27 (I x) (x (S I))) (S (x (z (S (B S) (K v22 K z (S (I I)) v3))))))
z (z x v18) (S (x S (B (z K) (z (K (z (x (x K) (x v30)) (v16 x))))))) (B (v27 (I x) (x (S I))) (S (x (z (S (B S) (K v22 K z (S (I I)) v3))))))
z (z x v18) (S (x S (B (z K) (z (K (z (x (x K) (x v30)) (v16 x))))))) (B (v27 x (x (S I))) (S (x (z (S (B S) (K v22 K z (S (I I)) v3))))))
z (z x v18) (S (x S (B (z K) (z (K (z (x (x K) (x v30)) (v16 x))))))) (B (v27 x (x (S I))) (S (x (z (S (B S) (v22 z (S (I I)) v3))))))
z (z x v18) (S (x S (B (z K) (z (K (z (x (x K) (x v30)) (v16 x))))))) (B (v27 x (x (S I))) (S (x (z (S (B S) (v22 z (S I) v3))))))
z v17 x z (z K) (K v16) z B K
z (K v2 (x K S v13)) (S S K (z (v21 I (S B)) x) I (S (S (K v4) (S I)) S B x)) (z S)
z v2 (S S K (z (v21 I (S B)) x) I (S (S (K v4) (S I)) S B x)) (z S)
z v2 (S (z (v21 I (S B)) x) (K (z (v21 I (S B)) x)) I (S (S (K v4) (S I)) S B x)) (z S)
z v2 (z (v21 I (S B)) x I (K (z (v21 I (S B)) x) I) (S (S (K v4) (S I)) S B x)) (z S)
z v2 (z (v21 I (S B)) x I (z (v21 I (S B)) x) (S (S (K v4) (S I)) S B x)) (z S)
z v2 (z (v21 I (S B)) x I (z (v21 I (S B)) x) (S (K v4) (S I) B (S B) x)) (z S)
z v2 (z (v21 I (S B)) x I (z (v21 I (S B)) x) (K v4 B (S I B) (S B) x)) (z S)
z v2 (z (v21 I (S B)) x I (z (v21 I (S B)) x) (v4 (S I B) (S B) x)) (z S)
