v27
x (v1 I B) (S (S (B K (B B) (K (x z) (z (I B) I) (B (S (B v17 B))))) (K (v28 z) B (K (x (S (B K))) (z B x) (B (z I (S x)))))))
x (v1 I B) (S (S (K (B B (K (x z) (z (I B) I) (B (S (B v17 B)))))) (K (v28 z) B (K (x (S (B K))) (z B x) (B (z I (S x)))))))
x (v1 I B) (S (S (K (B B (x z (B (S (B v17 B)))))) (K (v28 z) B (K (x (S (B K))) (z B x) (B (z I (S x)))))))
x (v1 I B) (S (S (K (B B (x z (B (S (B v17 B)))))) (v28 z (K (x (S (B K))) (z B x) (B (z I (S x)))))))
x (v1 I B) (S (S (K (B B (x z (B (S (B v17 B)))))) (v28 z (x (S (B K)) (B (z I (S x)))))))
S (I (z x I) (I S (B (v24 S) I x I K)) I (I (B z B (z (z B (x x))) (B (S (S (z v19 I)))))))
S (z x I (I S (B (v24 S) I x I K)) I (I (B z B (z (z B (x x))) (B (S (S (z v19 I)))))))
S (z x I (S (B (v24 S) I x I K)) I (I (B z B (z (z B (x x))) (B (S (S (z v19 I)))))))
S (z x I (S (v24 S (I x) I K)) I (I (B z B (z (z B (x x))) (B (S (S (z v19 I)))))))
S (z x I (S (v24 S x I K)) I (I (B z B (z (z B (x x))) (B (S (S (z v19 I)))))))
S (z x I (S (v24 S x I K)) I (B z B (z (z B (x x))) (B (S (S (z v19 I))))))
S (z x I (S (v24 S x I K)) I (z (B (z (z B (x x)))) (B (S (S (z v19 I))))))
K (B K) (z v4) (B (z B) I) (I (B (x S (I v22 (B v8 (K v14) (x z)))))) (I (K x) (x I) (v8 I)) (S (z x) (I (S B) v24))
B K (B (z B) I) (I (B (x S (I v22 (B v8 (K v14) (x z)))))) (I (K x) (x I) (v8 I)) (S (z x) (I (S B) v24))
K (B (z B) I (I (B (x S (I v22 (B v8 (K v14) (x z))))))) (I (K x) (x I) (v8 I)) (S (z x) (I (S B) v24))
B (z B) I (I (B (x S (I v22 (B v8 (K v14) (x z)))))) (S (z x) (I (S B) v24))
z B (I (I (B (x S (I v22 (B v8 (K v14) (x z))))))) (S (z x) (I (S B) v24))
z B (I (B (x S (I v22 (B v8 (K v14) (x z)))))) (S (z x) (I (S B) v24))
z B (B (x S (I v22 (B v8 (K v14) (x z))))) (S (z x) (I (S B) v24))
z B (B (x S (v22 (B v8 (K v14) (x z))))) (S (z x) (I (S B) v24))
z B (B (x S (v22 (v8 (K v14 (x z)))))) (S (z x) (I (S B) v24))
z B (B (x S (v22 (v8 v14)))) (S (z x) (I (S B) v24))
z B (B (x S (v22 (v8 v14)))) (S (z x) (S B v24))
K (I (K S B)) (B (K I)) (I B) (S (B (B x)) B) K (v28 K (B z (B I)) K (B z) (B I S) K)
I (K S B) (I B) (S (B (B x)) B) K (v28 K (B z (B I)) K (B z) (B I S) K)
K S B (I B) (S (B (B x)) B) K (v28 K (B z (B I)) K (B z) (B I S) K)
S (I B) (S (B (B x)) B) K (v28 K (B z (B I)) K (B z) (B I S) K)
I B K (S (B (B x)) B K) (v28 K (B z (B I)) K (B z) (B I S) K)
B K (S (B (B x)) B K) (v28 K (B z (B I)) K (B z) (B I S) K)
K (S (B (B x)) B K (v28 K (B z (B I)) K (B z) (B I S) K))
K (B (B x) K (B K) (v28 K (B z (B I)) K (B z) (B I S) K))
K (B x (K (B K)) (v28 K (B z (B I)) K (B z) (B I S) K))
K (x (K (B K) (v28 K (B z (B I)) K (B z) (B I S) K)))
K (x (B K))
S (x (B (K (z S (z z)) (K v8)))) (I (x (I v7 (B z) (S K (K x B)) S z))) (K x) (K (S (K (K (v2 K))) K) S (v21 (I z)) (z I (x v8) (z (B x (v24 S)) v16 v16)) (z K))
x (B (K (z S (z z)) (K v8))) (K x) (I (x (I v7 (B z) (S K (K x B)) S z)) (K x)) (K (S (K (K (v2 K))) K) S (v21 (I z)) (z I (x v8) (z (B x (v24 S)) v16 v16)) (z K))
x (B (z S (z z))) (K x) (I (x (I v7 (B z) (S K (K x B)) S z)) (K x)) (K (S (K (K (v2 K))) K) S (v21 (I z)) (z I (x v8) (z (B x (v24 S)) v16 v16)) (z K))
x (B (z S (z z))) (K x) (x (I v7 (B z) (S K (K x B)) S z) (K x)) (K (S (K (K (v2 K))) K) S (v21 (I z)) (z I (x v8) (z (B x (v24 S)) v16 v16)) (z K))
x (B (z S (z z))) (K x) (x (v7 (B z) (S K (K x B)) S z) (K x)) (K (S (K (K (v2 K))) K) S (v21 (I z)) (z I (x v8) (z (B x (v24 S)) v16 v16)) (z K))
x (B (z S (z z))) (K x) (x (v7 (B z) (S K x) S z) (K x)) (K (S (K (K (v2 K))) K) S (v21 (I z)) (z I (x v8) (z (B x (v24 S)) v16 v16)) (z K))
x (B (z S (z z))) (K x) (x (v7 (B z) (S K x) S z) (K x)) (S (K (K (v2 K))) K (v21 (I z)) (z I (x v8) (z (B x (v24 S)) v16 v16)) (z K))
x (B (z S (z z))) (K x) (x (v7 (B z) (S K x) S z) (K x)) (K (K (v2 K)) (v21 (I z)) (K (v21 (I z))) (z I (x v8) (z (B x (v24 S)) v16 v16)) (z K))
x (B (z S (z z))) (K x) (x (v7 (B z) (S K x) S z) (K x)) (K (v2 K) (K (v21 (I z))) (z I (x v8) (z (B x (v24 S)) v16 v16)) (z K))
x (B (z S (z z))) (K x) (x (v7 (B z) (S K x) S z) (K x)) (v2 K (z I (x v8) (z (B x (v24 S)) v16 v16)) (z K))
v10 (x (x (B x) I B)) (z (v19 K) x B) v29
x (S (B I K) K B) (I (I (S (B (x (S B) x))) I) (v18 (x z (K z) (x (K x)) (v14 (K K))) (v1 v4)) (x x (I (K S v22) (K z (v13 I)) (z (S z (B (x v1) (v30 (K I))) z))))) (z I (B (S I S v5) (z v8 S I) I z) B)
x (B I K B (K B)) (I (I (S (B (x (S B) x))) I) (v18 (x z (K z) (x (K x)) (v14 (K K))) (v1 v4)) (x x (I (K S v22) (K z (v13 I)) (z (S z (B (x v1) (v30 (K I))) z))))) (z I (B (S I S v5) (z v8 S I) I z) B)
x (I (K B) (K B)) (I (I (S (B (x (S B) x))) I) (v18 (x z (K z) (x (K x)) (v14 (K K))) (v1 v4)) (x x (I (K S v22) (K z (v13 I)) (z (S z (B (x v1) (v30 (K I))) z))))) (z I (B (S I S v5) (z v8 S I) I z) B)
x (K B (K B)) (I (I (S (B (x (S B) x))) I) (v18 (x z (K z) (x (K x)) (v14 (K K))) (v1 v4)) (x x (I (K S v22) (K z (v13 I)) (z (S z (B (x v1) (v30 (K I))) z))))) (z I (B (S I S v5) (z v8 S I) I z) B)
x B (I (I (S (B (x (S B) x))) I) (v18 (x z (K z) (x (K x)) (v14 (K K))) (v1 v4)) (x x (I (K S v22) (K z (v13 I)) (z (S z (B (x v1) (v30 (K I))) z))))) (z I (B (S I S v5) (z v8 S I) I z) B)
x B (I (S (B (x (S B) x))) I (v18 (x z (K z) (x (K x)) (v14 (K K))) (v1 v4)) (x x (I (K S v22) (K z (v13 I)) (z (S z (B (x v1) (v30 (K I))) z))))) (z I (B (S I S v5) (z v8 S I) I z) B)
x B (S (B (x (S B) x)) I (v18 (x z (K z) (x (K x)) (v14 (K K))) (v1 v4)) (x x (I (K S v22) (K z (v13 I)) (z (S z (B (x v1) (v30 (K I))) z))))) (z I (B (S I S v5) (z v8 S I) I z) B)
x B (B (x (S B) x) (v18 (x z (K z) (x (K x)) (v14 (K K))) (v1 v4)) (I (v18 (x z (K z) (x (K x)) (v14 (K K))) (v1 v4))) (x x (I (K S v22) (K z (v13 I)) (z (S z (B (x v1) (v30 (K I))) z))))) (z I (B (S I S v5) (z v8 S I) I z) B)
x B (x (S B) x (v18 (x z (K z) (x (K x)) (v14 (K K))) (v1 v4) (I (v18 (x z (K z) (x (K x)) (v14 (K K))) (v1 v4)))) (x x (I (K S v22) (K z (v13 I)) (z (S z (B (x v1) (v30 (K I))) z))))) (z I (B (S I S v5) (z v8 S I) I z) B)
x B (x (S B) x (v18 (x z (K z) (x (K x)) (v14 (K K))) (v1 v4) (v18 (x z (K z) (x (K x)) (v14 (K K))) (v1 v4))) (x x (I (K S v22) (K z (v13 I)) (z (S z (B (x v1) (v30 (K I))) z))))) (z I (B (S I S v5) (z v8 S I) I z) B)
x B (x (S B) x (v18 (x z (K z) (x (K x)) (v14 (K K))) (v1 v4) (v18 (x z (K z) (x (K x)) (v14 (K K))) (v1 v4))) (x x (K S v22 (K z (v13 I)) (z (S z (B (x v1) (v30 (K I))) z))))) (z I (B (S I S v5) (z v8 S I) I z) B)
x B (x (S B) x (v18 (x z (K z) (x (K x)) (v14 (K K))) (v1 v4) (v18 (x z (K z) (x (K x)) (v14 (K K))) (v1 v4))) (x x (S (K z (v13 I)) (z (S z (B (x v1) (v30 (K I))) z))))) (z I (B (S I S v5) (z v8 S I) I z) B)
x B (x (S B) x (v18 (x z (K z) (x (K x)) (v14 (K K))) (v1 v4) (v18 (x z (K z) (x (K x)) (v14 (K K))) (v1 v4))) (x x (S z (z (S z (B (x v1) (v30 (K I))) z))))) (z I (B (S I S v5) (z v8 S I) I z) B)
x B (x (S B) x (v18 (x z (K z) (x (K x)) (v14 (K K))) (v1 v4) (v18 (x z (K z) (x (K x)) (v14 (K K))) (v1 v4))) (x x (S z (z (z z (B (x v1) (v30 (K I)) z)))))) (z I (B (S I S v5) (z v8 S I) I z) B)
x B (x (S B) x (v18 (x z (K z) (x (K x)) (v14 (K K))) (v1 v4) (v18 (x z (K z) (x (K x)) (v14 (K K))) (v1 v4))) (x x (S z (z (z z (x v1 (v30 (K I) z))))))) (z I (B (S I S v5) (z v8 S I) I z) B)
x B (x (S B) x (v18 (x z (K z) (x (K x)) (v14 (K K))) (v1 v4) (v18 (x z (K z) (x (K x)) (v14 (K K))) (v1 v4))) (x x (S z (z (z z (x v1 (v30 (K I) z))))))) (z I (S I S v5 (z v8 S I I) z) B)
x B (x (S B) x (v18 (x z (K z) (x (K x)) (v14 (K K))) (v1 v4) (v18 (x z (K z) (x (K x)) (v14 (K K))) (v1 v4))) (x x (S z (z (z z (x v1 (v30 (K I) z))))))) (z I (I v5 (S v5) (z v8 S I I) z) B)
x B (x (S B) x (v18 (x z (K z) (x (K x)) (v14 (K K))) (v1 v4) (v18 (x z (K z) (x (K x)) (v14 (K K))) (v1 v4))) (x x (S z (z (z z (x v1 (v30 (K I) z))))))) (z I (v5 (S v5) (z v8 S I I) z) B)
S
z x
