K K (I K) S v1 (z B (v13 I K)) (I (K (S v15) I (z I z)) v2) (B (x S (v15 (z z)) (z (z (z (v24 x B) I)))) (B v8 (S B v29)) (x (I (S (K S I) z)) (z B) B)) (S (v16 (K x S) z) (x (z (S K)) (K (K (B S)))) (I (I K z (S (B (z z))) (S K B) B) (z (I K (v1 x))) S (z (I z) I)) (z K z))
K S v1 (z B (v13 I K)) (I (K (S v15) I (z I z)) v2) (B (x S (v15 (z z)) (z (z (z (v24 x B) I)))) (B v8 (S B v29)) (x (I (S (K S I) z)) (z B) B)) (S (v16 (K x S) z) (x (z (S K)) (K (K (B S)))) (I (I K z (S (B (z z))) (S K B) B) (z (I K (v1 x))) S (z (I z) I)) (z K z))
S (z B (v13 I K)) (I (K (S v15) I (z I z)) v2) (B (x S (v15 (z z)) (z (z (z (v24 x B) I)))) (B v8 (S B v29)) (x (I (S (K S I) z)) (z B) B)) (S (v16 (K x S) z) (x (z (S K)) (K (K (B S)))) (I (I K z (S (B (z z))) (S K B) B) (z (I K (v1 x))) S (z (I z) I)) (z K z))
z B (v13 I K) (B (x S (v15 (z z)) (z (z (z (v24 x B) I)))) (B v8 (S B v29)) (x (I (S (K S I) z)) (z B) B)) (I (K (S v15) I (z I z)) v2 (B (x S (v15 (z z)) (z (z (z (v24 x B) I)))) (B v8 (S B v29)) (x (I (S (K S I) z)) (z B) B))) (S (v16 (K x S) z) (x (z (S K)) (K (K (B S)))) (I (I K z (S (B (z z))) (S K B) B) (z (I K (v1 x))) S (z (I z) I)) (z K z))
z B (v13 I K) (x S (v15 (z z)) (z (z (z (v24 x B) I))) (B v8 (S B v29) (x (I (S (K S I) z)) (z B) B))) (I (K (S v15) I (z I z)) v2 (B (x S (v15 (z z)) (z (z (z (v24 x B) I)))) (B v8 (S B v29)) (x (I (S (K S I) z)) (z B) B))) (S (v16 (K x S) z) (x (z (S K)) (K (K (B S)))) (I (I K z (S (B (z z))) (S K B) B) (z (I K (v1 x))) S (z (I z) I)) (z K z))
z B (v13 I K) (x S (v15 (z z)) (z (z (z (v24 x B) I))) (v8 (S B v29 (x (I (S (K S I) z)) (z B) B)))) (I (K (S v15) I (z I z)) v2 (B (x S (v15 (z z)) (z (z (z (v24 x B) I)))) (B v8 (S B v29)) (x (I (S (K S I) z)) (z B) B))) (S (v16 (K x S) z) (x (z (S K)) (K (K (B S)))) (I (I K z (S (B (z z))) (S K B) B) (z (I K (v1 x))) S (z (I z) I)) (z K z))
z B (v13 I K) (x S (v15 (z z)) (z (z (z (v24 x B) I))) (v8 (B (x (I (S (K S I) z)) (z B) B) (v29 (x (I (S (K S I) z)) (z B) B))))) (I (K (S v15) I (z I z)) v2 (B (x S (v15 (z z)) (z (z (z (v24 x B) I)))) (B v8 (S B v29)) (x (I (S (K S I) z)) (z B) B))) (S (v16 (K x S) z) (x (z (S K)) (K (K (B S)))) (I (I K z (S (B (z z))) (S K B) B) (z (I K (v1 x))) S (z (I z) I)) (z K z))
z B (v13 I K) (x S (v15 (z z)) (z (z (z (v24 x B) I))) (v8 (B (x (S (K S I) z) (z B) B) (v29 (x (I (S (K S I) z)) (z B) B))))) (I (K (S v15) I (z I z)) v2 (B (x S (v15 (z z)) (z (z (z (v24 x B) I)))) (B v8 (S B v29)) (x (I (S (K S I) z)) (z B) B))) (S (v16 (K x S) z) (x (z (S K)) (K (K (B S)))) (I (I K z (S (B (z z))) (S K B) B) (z (I K (v1 x))) S (z (I z) I)) (z K z))
z B (v13 I K) (x S (v15 (z z)) (z (z (z (v24 x B) I))) (v8 (B (x (S S z) (z B) B) (v29 (x (I (S (K S I) z)) (z B) B))))) (I (K (S v15) I (z I z)) v2 (B (x S (v15 (z z)) (z (z (z (v24 x B) I)))) (B v8 (S B v29)) (x (I (S (K S I) z)) (z B) B))) (S (v16 (K x S) z) (x (z (S K)) (K (K (B S)))) (I (I K z (S (B (z z))) (S K B) B) (z (I K (v1 x))) S (z (I z) I)) (z K z))
z B (v13 I K) (x S (v15 (z z)) (z (z (z (v24 x B) I))) (v8 (B (x (S S z) (z B) B) (v29 (x (S (K S I) z) (z B) B))))) (I (K (S v15) I (z I z)) v2 (B (x S (v15 (z z)) (z (z (z (v24 x B) I)))) (B v8 (S B v29)) (x (I (S (K S I) z)) (z B) B))) (S (v16 (K x S) z) (x (z (S K)) (K (K (B S)))) (I (I K z (S (B (z z))) (S K B) B) (z (I K (v1 x))) S (z (I z) I)) (z K z))
z B (v13 I K) (x S (v15 (z z)) (z (z (z (v24 x B) I))) (v8 (B (x (S S z) (z B) B) (v29 (x (S S z) (z B) B))))) (I (K (S v15) I (z I z)) v2 (B (x S (v15 (z z)) (z (z (z (v24 x B) I)))) (B v8 (S B v29)) (x (I (S (K S I) z)) (z B) B))) (S (v16 (K x S) z) (x (z (S K)) (K (K (B S)))) (I (I K z (S (B (z z))) (S K B) B) (z (I K (v1 x))) S (z (I z) I)) (z K z))
z B (v13 I K) (x S (v15 (z z)) (z (z (z (v24 x B) I))) (v8 (B (x (S S z) (z B) B) (v29 (x (S S z) (z B) B))))) (K (S v15) I (z I z) v2 (B (x S (v15 (z z)) (z (z (z (v24 x B) I)))) (B v8 (S B v29)) (x (I (S (K S I) z)) (z B) B))) (S (v16 (K x S) z) (x (z (S K)) (K (K (B S)))) (I (I K z (S (B (z z))) (S K B) B) (z (I K (v1 x))) S (z (I z) I)) (z K z))
z B (v13 I K) (x S (v15 (z z)) (z (z (z (v24 x B) I))) (v8 (B (x (S S z) (z B) B) (v29 (x (S S z) (z B) B))))) (S v15 (z I z) v2 (B (x S (v15 (z z)) (z (z (z (v24 x B) I)))) (B v8 (S B v29)) (x (I (S (K S I) z)) (z B) B))) (S (v16 (K x S) z) (x (z (S K)) (K (K (B S)))) (I (I K z (S (B (z z))) (S K B) B) (z (I K (v1 x))) S (z (I z) I)) (z K z))
z B (v13 I K) (x S (v15 (z z)) (z (z (z (v24 x B) I))) (v8 (B (x (S S z) (z B) B) (v29 (x (S S z) (z B) B))))) (v15 v2 (z I z v2) (B (x S (v15 (z z)) (z (z (z (v24 x B) I)))) (B v8 (S B v29)) (x (I (S (K S I) z)) (z B) B))) (S (v16 (K x S) z) (x (z (S K)) (K (K (B S)))) (I (I K z (S (B (z z))) (S K B) B) (z (I K (v1 x))) S (z (I z) I)) (z K z))
z B (v13 I K) (x S (v15 (z z)) (z (z (z (v24 x B) I))) (v8 (B (x (S S z) (z B) B) (v29 (x (S S z) (z B) B))))) (v15 v2 (z I z v2) (x S (v15 (z z)) (z (z (z (v24 x B) I))) (B v8 (S B v29) (x (I (S (K S I) z)) (z B) B)))) (S (v16 (K x S) z) (x (z (S K)) (K (K (B S)))) (I (I K z (S (B (z z))) (S K B) B) (z (I K (v1 x))) S (z (I z) I)) (z K z))
z B (v13 I K) (x S (v15 (z z)) (z (z (z (v24 x B) I))) (v8 (B (x (S S z) (z B) B) (v29 (x (S S z) (z B) B))))) (v15 v2 (z I z v2) (x S (v15 (z z)) (z (z (z (v24 x B) I))) (v8 (S B v29 (x (I (S (K S I) z)) (z B) B))))) (S (v16 (K x S) z) (x (z (S K)) (K (K (B S)))) (I (I K z (S (B (z z))) (S K B) B) (z (I K (v1 x))) S (z (I z) I)) (z K z))
z B (v13 I K) (x S (v15 (z z)) (z (z (z (v24 x B) I))) (v8 (B (x (S S z) (z B) B) (v29 (x (S S z) (z B) B))))) (v15 v2 (z I z v2) (x S (v15 (z z)) (z (z (z (v24 x B) I))) (v8 (B (x (I (S (K S I) z)) (z B) B) (v29 (x (I (S (K S I) z)) (z B) B)))))) (S (v16 (K x S) z) (x (z (S K)) (K (K (B S)))) (I (I K z (S (B (z z))) (S K B) B) (z (I K (v1 x))) S (z (I z) I)) (z K z))
z B (v13 I K) (x S (v15 (z z)) (z (z (z (v24 x B) I))) (v8 (B (x (S S z) (z B) B) (v29 (x (S S z) (z B) B))))) (v15 v2 (z I z v2) (x S (v15 (z z)) (z (z (z (v24 x B) I))) (v8 (B (x (S (K S I) z) (z B) B) (v29 (x (I (S (K S I) z)) (z B) B)))))) (S (v16 (K x S) z) (x (z (S K)) (K (K (B S)))) (I (I K z (S (B (z z))) (S K B) B) (z (I K (v1 x))) S (z (I z) I)) (z K z))
z B (v13 I K) (x S (v15 (z z)) (z (z (z (v24 x B) I))) (v8 (B (x (S S z) (z B) B) (v29 (x (S S z) (z B) B))))) (v15 v2 (z I z v2) (x S (v15 (z z)) (z (z (z (v24 x B) I))) (v8 (B (x (S S z) (z B) B) (v29 (x (I (S (K S I) z)) (z B) B)))))) (S (v16 (K x S) z) (x (z (S K)) (K (K (B S)))) (I (I K z (S (B (z z))) (S K B) B) (z (I K (v1 x))) S (z (I z) I)) (z K z))
z B (v13 I K) (x S (v15 (z z)) (z (z (z (v24 x B) I))) (v8 (B (x (S S z) (z B) B) (v29 (x (S S z) (z B) B))))) (v15 v2 (z I z v2) (x S (v15 (z z)) (z (z (z (v24 x B) I))) (v8 (B (x (S S z) (z B) B) (v29 (x (S (K S I) z) (z B) B)))))) (S (v16 (K x S) z) (x (z (S K)) (K (K (B S)))) (I (I K z (S (B (z z))) (S K B) B) (z (I K (v1 x))) S (z (I z) I)) (z K z))
z B (v13 I K) (x S (v15 (z z)) (z (z (z (v24 x B) I))) (v8 (B (x (S S z) (z B) B) (v29 (x (S S z) (z B) B))))) (v15 v2 (z I z v2) (x S (v15 (z z)) (z (z (z (v24 x B) I))) (v8 (B (x (S S z) (z B) B) (v29 (x (S S z) (z B) B)))))) (S (v16 (K x S) z) (x (z (S K)) (K (K (B S)))) (I (I K z (S (B (z z))) (S K B) B) (z (I K (v1 x))) S (z (I z) I)) (z K z))
z B (v13 I K) (x S (v15 (z z)) (z (z (z (v24 x B) I))) (v8 (B (x (S S z) (z B) B) (v29 (x (S S z) (z B) B))))) (v15 v2 (z I z v2) (x S (v15 (z z)) (z (z (z (v24 x B) I))) (v8 (B (x (S S z) (z B) B) (v29 (x (S S z) (z B) B)))))) (v16 (K x S) z (I (I K z (S (B (z z))) (S K B) B) (z (I K (v1 x))) S (z (I z) I)) (x (z (S K)) (K (K (B S))) (I (I K z (S (B (z z))) (S K B) B) (z (I K (v1 x))) S (z (I z) I))) (z K z))
z B (v13 I K) (x S (v15 (z z)) (z (z (z (v24 x B) I))) (v8 (B (x (S S z) (z B) B) (v29 (x (S S z) (z B) B))))) (v15 v2 (z I z v2) (x S (v15 (z z)) (z (z (z (v24 x B) I))) (v8 (B (x (S S z) (z B) B) (v29 (x (S S z) (z B) B)))))) (v16 x z (I (I K z (S (B (z z))) (S K B) B) (z (I K (v1 x))) S (z (I z) I)) (x (z (S K)) (K (K (B S))) (I (I K z (S (B (z z))) (S K B) B) (z (I K (v1 x))) S (z (I z) I))) (z K z))
z B (v13 I K) (x S (v15 (z z)) (z (z (z (v24 x B) I))) (v8 (B (x (S S z) (z B) B) (v29 (x (S S z) (z B) B))))) (v15 v2 (z I z v2) (x S (v15 (z z)) (z (z (z (v24 x B) I))) (v8 (B (x (S S z) (z B) B) (v29 (x (S S z) (z B) B)))))) (v16 x z (I K z (S (B (z z))) (S K B) B (z (I K (v1 x))) S (z (I z) I)) (x (z (S K)) (K (K (B S))) (I (I K z (S (B (z z))) (S K B) B) (z (I K (v1 x))) S (z (I z) I))) (z K z))
z B (v13 I K) (x S (v15 (z z)) (z (z (z (v24 x B) I))) (v8 (B (x (S S z) (z B) B) (v29 (x (S S z) (z B) B))))) (v15 v2 (z I z v2) (x S (v15 (z z)) (z (z (z (v24 x B) I))) (v8 (B (x (S S z) (z B) B) (v29 (x (S S z) (z B) B)))))) (v16 x z (K z (S (B (z z))) (S K B) B (z (I K (v1 x))) S (z (I z) I)) (x (z (S K)) (K (K (B S))) (I (I K z (S (B (z z))) (S K B) B) (z (I K (v1 x))) S (z (I z) I))) (z K z))
z B (v13 I K) (x S (v15 (z z)) (z (z (z (v24 x B) I))) (v8 (B (x (S S z) (z B) B) (v29 (x (S S z) (z B) B))))) (v15 v2 (z I z v2) (x S (v15 (z z)) (z (z (z (v24 x B) I))) (v8 (B (x (S S z) (z B) B) (v29 (x (S S z) (z B) B)))))) (v16 x z (z (S K B) B (z (I K (v1 x))) S (z (I z) I)) (x (z (S K)) (K (K (B S))) (I (I K z (S (B (z z))) (S K B) B) (z (I K (v1 x))) S (z (I z) I))) (z K z))
z B (v13 I K) (x S (v15 (z z)) (z (z (z (v24 x B) I))) (v8 (B (x (S S z) (z B) B) (v29 (x (S S z) (z B) B))))) (v15 v2 (z I z v2) (x S (v15 (z z)) (z (z (z (v24 x B) I))) (v8 (B (x (S S z) (z B) B) (v29 (x (S S z) (z B) B)))))) (v16 x z (z (S K B) B (z (K (v1 x))) S (z (I z) I)) (x (z (S K)) (K (K (B S))) (I (I K z (S (B (z z))) (S K B) B) (z (I K (v1 x))) S (z (I z) I))) (z K z))
z B (v13 I K) (x S (v15 (z z)) (z (z (z (v24 x B) I))) (v8 (B (x (S S z) (z B) B) (v29 (x (S S z) (z B) B))))) (v15 v2 (z I z v2) (x S (v15 (z z)) (z (z (z (v24 x B) I))) (v8 (B (x (S S z) (z B) B) (v29 (x (S S z) (z B) B)))))) (v16 x z (z (S K B) B (z (K (v1 x))) S (z z I)) (x (z (S K)) (K (K (B S))) (I (I K z (S (B (z z))) (S K B) B) (z (I K (v1 x))) S (z (I z) I))) (z K z))
z B (v13 I K) (x S (v15 (z z)) (z (z (z (v24 x B) I))) (v8 (B (x (S S z) (z B) B) (v29 (x (S S z) (z B) B))))) (v15 v2 (z I z v2) (x S (v15 (z z)) (z (z (z (v24 x B) I))) (v8 (B (x (S S z) (z B) B) (v29 (x (S S z) (z B) B)))))) (v16 x z (z (S K B) B (z (K (v1 x))) S (z z I)) (x (z (S K)) (K (K (B S))) (I K z (S (B (z z))) (S K B) B (z (I K (v1 x))) S (z (I z) I))) (z K z))
z B (v13 I K) (x S (v15 (z z)) (z (z (z (v24 x B) I))) (v8 (B (x (S S z) (z B) B) (v29 (x (S S z) (z B) B))))) (v15 v2 (z I z v2) (x S (v15 (z z)) (z (z (z (v24 x B) I))) (v8 (B (x (S S z) (z B) B) (v29 (x (S S z) (z B) B)))))) (v16 x z (z (S K B) B (z (K (v1 x))) S (z z I)) (x (z (S K)) (K (K (B S))) (K z (S (B (z z))) (S K B) B (z (I K (v1 x))) S (z (I z) I))) (z K z))
I v1 (z (x (x K (z B (B S) x) K))) v19 S
v1 (z (x (x K (z B (B S) x) K))) v19 S
K (B (z (v1 (z (v7 z) (B x v6 K))))) (I (I (K S v10 (S (I (K v28 (S S)))))) (I (K (S I) S) K v27)) z (B (v1 B) (B (v12 (v23 (B I B))) (B (v23 I) S I (K x v10))) (v12 (K (B (I B) x)))) (S v21)
B (z (v1 (z (v7 z) (B x v6 K)))) z (B (v1 B) (B (v12 (v23 (B I B))) (B (v23 I) S I (K x v10))) (v12 (K (B (I B) x)))) (S v21)
z (v1 (z (v7 z) (B x v6 K))) (z (B (v1 B) (B (v12 (v23 (B I B))) (B (v23 I) S I (K x v10))) (v12 (K (B (I B) x))))) (S v21)
z (v1 (z (v7 z) (x (v6 K)))) (z (B (v1 B) (B (v12 (v23 (B I B))) (B (v23 I) S I (K x v10))) (v12 (K (B (I B) x))))) (S v21)
z (v1 (z (v7 z) (x (v6 K)))) (z (v1 B (B (v12 (v23 (B I B))) (B (v23 I) S I (K x v10)) (v12 (K (B (I B) x)))))) (S v21)
z (v1 (z (v7 z) (x (v6 K)))) (z (v1 B (v12 (v23 (B I B)) (B (v23 I) S I (K x v10) (v12 (K (B (I B) x))))))) (S v21)
z (v1 (z (v7 z) (x (v6 K)))) (z (v1 B (v12 (v23 (B I B)) (v23 I (S I) (K x v10) (v12 (K (B (I B) x))))))) (S v21)
z (v1 (z (v7 z) (x (v6 K)))) (z (v1 B (v12 (v23 (B I B)) (v23 I (S I) x (v12 (K (B (I B) x))))))) (S v21)
z (v1 (z (v7 z) (x (v6 K)))) (z (v1 B (v12 (v23 (B I B)) (v23 I (S I) x (v12 (K (B B x))))))) (S v21)
x B K v12 I (v14 v3) (x (v7 (x I) (B I (B I (v10 (I z) (v19 z)) x) v9) (x x B (B S) K))) B
x B K v12 I (v14 v3) (x (v7 (x I) (I (B I (v10 (I z) (v19 z)) x v9)) (x x B (B S) K))) B
x B K v12 I (v14 v3) (x (v7 (x I) (B I (v10 (I z) (v19 z)) x v9) (x x B (B S) K))) B
x B K v12 I (v14 v3) (x (v7 (x I) (I (v10 (I z) (v19 z) x) v9) (x x B (B S) K))) B
x B K v12 I (v14 v3) (x (v7 (x I) (v10 (I z) (v19 z) x v9) (x x B (B S) K))) B
x B K v12 I (v14 v3) (x (v7 (x I) (v10 z (v19 z) x v9) (x x B (B S) K))) B
I (x (v17 (I K))) (S v7 (x (I (v7 x S)) x) (B S (I (v1 S (S S) (v2 (v18 (z K (z I))) K (v24 v15 x)))))) (v10 (B x (I v29) (S B) S) z (x (v25 (x (v4 K x))))) (B B (x (v13 (S z))))
x (v17 (I K)) (S v7 (x (I (v7 x S)) x) (B S (I (v1 S (S S) (v2 (v18 (z K (z I))) K (v24 v15 x)))))) (v10 (B x (I v29) (S B) S) z (x (v25 (x (v4 K x))))) (B B (x (v13 (S z))))
x (v17 K) (S v7 (x (I (v7 x S)) x) (B S (I (v1 S (S S) (v2 (v18 (z K (z I))) K (v24 v15 x)))))) (v10 (B x (I v29) (S B) S) z (x (v25 (x (v4 K x))))) (B B (x (v13 (S z))))
x (v17 K) (v7 (B S (I (v1 S (S S) (v2 (v18 (z K (z I))) K (v24 v15 x))))) (x (I (v7 x S)) x (B S (I (v1 S (S S) (v2 (v18 (z K (z I))) K (v24 v15 x))))))) (v10 (B x (I v29) (S B) S) z (x (v25 (x (v4 K x))))) (B B (x (v13 (S z))))
x (v17 K) (v7 (B S (v1 S (S S) (v2 (v18 (z K (z I))) K (v24 v15 x)))) (x (I (v7 x S)) x (B S (I (v1 S (S S) (v2 (v18 (z K (z I))) K (v24 v15 x))))))) (v10 (B x (I v29) (S B) S) z (x (v25 (x (v4 K x))))) (B B (x (v13 (S z))))
x (v17 K) (v7 (B S (v1 S (S S) (v2 (v18 (z K (z I))) K (v24 v15 x)))) (x (v7 x S) x (B S (I (v1 S (S S) (v2 (v18 (z K (z I))) K (v24 v15 x))))))) (v10 (B x (I v29) (S B) S) z (x (v25 (x (v4 K x))))) (B B (x (v13 (S z))))
x (v17 K) (v7 (B S (v1 S (S S) (v2 (v18 (z K (z I))) K (v24 v15 x)))) (x (v7 x S) x (B S (v1 S (S S) (v2 (v18 (z K (z I))) K (v24 v15 x)))))) (v10 (B x (I v29) (S B) S) z (x (v25 (x (v4 K x))))) (B B (x (v13 (S z))))
x (v17 K) (v7 (B S (v1 S (S S) (v2 (v18 (z K (z I))) K (v24 v15 x)))) (x (v7 x S) x (B S (v1 S (S S) (v2 (v18 (z K (z I))) K (v24 v15 x)))))) (v10 (x (I v29 (S B)) S) z (x (v25 (x (v4 K x))))) (B B (x (v13 (S z))))
x (v17 K) (v7 (B S (v1 S (S S) (v2 (v18 (z K (z I))) K (v24 v15 x)))) (x (v7 x S) x (B S (v1 S (S S) (v2 (v18 (z K (z I))) K (v24 v15 x)))))) (v10 (x (v29 (S B)) S) z (x (v25 (x (v4 K x))))) (B B (x (v13 (S z))))
S
B (B (z (S (S K (x (B K) K)))) (v24 K B (v19 (x v22 (S v25 z)))) (K I) (z K (K v29) x)) (B (S B (B z)))
B (z (S (S K (x (B K) K))) (v24 K B (v19 (x v22 (S v25 z))) (K I)) (z K (K v29) x)) (B (S B (B z)))
B (v21 (x (x (S (x B))) (v2 z S)) (I v12)) (z (v11 (v1 z) v30)) S
v21 (x (x (S (x B))) (v2 z S)) (I v12) (z (v11 (v1 z) v30) S)
v21 (x (x (S (x B))) (v2 z S)) v12 (z (v11 (v1 z) v30) S)
v4 (I K (I B) x (x I (z K))) x (S (v16 (z K) B)) (K (I I K (K v29 (x B) (S B B (v17 x z))) (z (x B) B S)) (S K (K (I S)))) I
v4 (K (I B) x (x I (z K))) x (S (v16 (z K) B)) (K (I I K (K v29 (x B) (S B B (v17 x z))) (z (x B) B S)) (S K (K (I S)))) I
v4 (I B (x I (z K))) x (S (v16 (z K) B)) (K (I I K (K v29 (x B) (S B B (v17 x z))) (z (x B) B S)) (S K (K (I S)))) I
v4 (B (x I (z K))) x (S (v16 (z K) B)) (K (I I K (K v29 (x B) (S B B (v17 x z))) (z (x B) B S)) (S K (K (I S)))) I
v4 (B (x I (z K))) x (S (v16 (z K) B)) (I I K (K v29 (x B) (S B B (v17 x z))) (z (x B) B S)) I
v4 (B (x I (z K))) x (S (v16 (z K) B)) (I K (K v29 (x B) (S B B (v17 x z))) (z (x B) B S)) I
v4 (B (x I (z K))) x (S (v16 (z K) B)) (K (K v29 (x B) (S B B (v17 x z))) (z (x B) B S)) I
v4 (B (x I (z K))) x (S (v16 (z K) B)) (K v29 (x B) (S B B (v17 x z))) I
v4 (B (x I (z K))) x (S (v16 (z K) B)) (v29 (S B B (v17 x z))) I
v4 (B (x I (z K))) x (S (v16 (z K) B)) (v29 (B (v17 x z) (B (v17 x z)))) I
I z
z
