x (v21 (x K I (x K))) v26 (x (K (v28 (I I)) (x v22 K)) (K K (x B z z))) (S v29)
x (v21 (x K I (x K))) v26 (x (v28 (I I)) (K K (x B z z))) (S v29)
x (v21 (x K I (x K))) v26 (x (v28 I) (K K (x B z z))) (S v29)
x (v21 (x K I (x K))) v26 (x (v28 I) K) (S v29)
K (S (I x (x K S (v28 I) x (S (K (S (I I)))))) (B x (S K (K S) K (K (x (B v19) S)) K I)) (I x I))
K (I x (x K S (v28 I) x (S (K (S (I I))))) (I x I) (B x (S K (K S) K (K (x (B v19) S)) K I) (I x I)))
K (x (x K S (v28 I) x (S (K (S (I I))))) (I x I) (B x (S K (K S) K (K (x (B v19) S)) K I) (I x I)))
K (x (x K S (v28 I) x (S (K (S I)))) (I x I) (B x (S K (K S) K (K (x (B v19) S)) K I) (I x I)))
K (x (x K S (v28 I) x (S (K (S I)))) (x I) (B x (S K (K S) K (K (x (B v19) S)) K I) (I x I)))
K (x (x K S (v28 I) x (S (K (S I)))) (x I) (x (S K (K S) K (K (x (B v19) S)) K I (I x I))))
K (x (x K S (v28 I) x (S (K (S I)))) (x I) (x (K K (K S K) (K (x (B v19) S)) K I (I x I))))
K (x (x K S (v28 I) x (S (K (S I)))) (x I) (x (K (K (x (B v19) S)) K I (I x I))))
K (x (x K S (v28 I) x (S (K (S I)))) (x I) (x (K (x (B v19) S) I (I x I))))
K (x (x K S (v28 I) x (S (K (S I)))) (x I) (x (x (B v19) S (I x I))))
K (x (x K S (v28 I) x (S (K (S I)))) (x I) (x (x (B v19) S (x I))))
K z (K z (x z)) (S v7 (z B S))
z (S v7 (z B S))
x (K K B (z (K I)) z) B
x (K (z (K I)) z) B
x (z (K I)) B
x (S (v5 v20)) (K K)
K z
S (K (x (I (I x S)))) z (K (I (K (K z))) (S (x x))) (I (v19 (z S)) (S z) (B I)) (v12 K S)
K (x (I (I x S))) (K (I (K (K z))) (S (x x))) (z (K (I (K (K z))) (S (x x)))) (I (v19 (z S)) (S z) (B I)) (v12 K S)
x (I (I x S)) (z (K (I (K (K z))) (S (x x)))) (I (v19 (z S)) (S z) (B I)) (v12 K S)
x (I x S) (z (K (I (K (K z))) (S (x x)))) (I (v19 (z S)) (S z) (B I)) (v12 K S)
x (x S) (z (K (I (K (K z))) (S (x x)))) (I (v19 (z S)) (S z) (B I)) (v12 K S)
x (x S) (z (I (K (K z)))) (I (v19 (z S)) (S z) (B I)) (v12 K S)
x (x S) (z (K (K z))) (I (v19 (z S)) (S z) (B I)) (v12 K S)
x (x S) (z (K (K z))) (v19 (z S) (S z) (B I)) (v12 K S)
B
I (I (I z B)) K (S I (B x I K)) I (I (I S)) (I (S (I (z v24) (B (v14 I B)))))
I (I z B) K (S I (B x I K)) I (I (I S)) (I (S (I (z v24) (B (v14 I B)))))
I z B K (S I (B x I K)) I (I (I S)) (I (S (I (z v24) (B (v14 I B)))))
z B K (S I (B x I K)) I (I (I S)) (I (S (I (z v24) (B (v14 I B)))))
z B K (S I (x (I K))) I (I (I S)) (I (S (I (z v24) (B (v14 I B)))))
z B K (S I (x K)) I (I (I S)) (I (S (I (z v24) (B (v14 I B)))))
z B K (S I (x K)) I (I S) (I (S (I (z v24) (B (v14 I B)))))
z B K (S I (x K)) I S (I (S (I (z v24) (B (v14 I B)))))
z B K (S I (x K)) I S (S (I (z v24) (B (v14 I B))))
z B K (S I (x K)) I S (S (z v24 (B (v14 I B))))
S (S (v8 I) I (S S)) I (S I (S I) x)
S (v8 I) I (S S) (S I (S I) x) (I (S I (S I) x))
v8 I (S S) (I (S S)) (S I (S I) x) (I (S I (S I) x))
v8 I (S S) (S S) (S I (S I) x) (I (S I (S I) x))
v8 I (S S) (S S) (I x (S I x)) (I (S I (S I) x))
v8 I (S S) (S S) (x (S I x)) (I (S I (S I) x))
v8 I (S S) (S S) (x (S I x)) (S I (S I) x)
v8 I (S S) (S S) (x (S I x)) (I x (S I x))
v8 I (S S) (S S) (x (S I x)) (x (S I x))
