B (v10 (S S x B z) (S I K (v12 (v20 z (K (K (I (I (B B)))) (v2 z)) (I (B (K K)) K (v8 K)))))) (I x S (B (x z B z) (I v13 S) v28 (z B K (x (S B S S S I)) (v25 (z K) z I) (I z))) I)
B (v10 (S B (x B) z) (S I K (v12 (v20 z (K (K (I (I (B B)))) (v2 z)) (I (B (K K)) K (v8 K)))))) (I x S (B (x z B z) (I v13 S) v28 (z B K (x (S B S S S I)) (v25 (z K) z I) (I z))) I)
B (v10 (B z (x B z)) (S I K (v12 (v20 z (K (K (I (I (B B)))) (v2 z)) (I (B (K K)) K (v8 K)))))) (I x S (B (x z B z) (I v13 S) v28 (z B K (x (S B S S S I)) (v25 (z K) z I) (I z))) I)
B (v10 (B z (x B z)) (I (v12 (v20 z (K (K (I (I (B B)))) (v2 z)) (I (B (K K)) K (v8 K)))) (K (v12 (v20 z (K (K (I (I (B B)))) (v2 z)) (I (B (K K)) K (v8 K))))))) (I x S (B (x z B z) (I v13 S) v28 (z B K (x (S B S S S I)) (v25 (z K) z I) (I z))) I)
B (v10 (B z (x B z)) (v12 (v20 z (K (K (I (I (B B)))) (v2 z)) (I (B (K K)) K (v8 K))) (K (v12 (v20 z (K (K (I (I (B B)))) (v2 z)) (I (B (K K)) K (v8 K))))))) (I x S (B (x z B z) (I v13 S) v28 (z B K (x (S B S S S I)) (v25 (z K) z I) (I z))) I)
B (v10 (B z (x B z)) (v12 (v20 z (K (I (I (B B)))) (I (B (K K)) K (v8 K))) (K (v12 (v20 z (K (K (I (I (B B)))) (v2 z)) (I (B (K K)) K (v8 K))))))) (I x S (B (x z B z) (I v13 S) v28 (z B K (x (S B S S S I)) (v25 (z K) z I) (I z))) I)
B (v10 (B z (x B z)) (v12 (v20 z (K (I (B B))) (I (B (K K)) K (v8 K))) (K (v12 (v20 z (K (K (I (I (B B)))) (v2 z)) (I (B (K K)) K (v8 K))))))) (I x S (B (x z B z) (I v13 S) v28 (z B K (x (S B S S S I)) (v25 (z K) z I) (I z))) I)
B (v10 (B z (x B z)) (v12 (v20 z (K (B B)) (I (B (K K)) K (v8 K))) (K (v12 (v20 z (K (K (I (I (B B)))) (v2 z)) (I (B (K K)) K (v8 K))))))) (I x S (B (x z B z) (I v13 S) v28 (z B K (x (S B S S S I)) (v25 (z K) z I) (I z))) I)
B (v10 (B z (x B z)) (v12 (v20 z (K (B B)) (B (K K) K (v8 K))) (K (v12 (v20 z (K (K (I (I (B B)))) (v2 z)) (I (B (K K)) K (v8 K))))))) (I x S (B (x z B z) (I v13 S) v28 (z B K (x (S B S S S I)) (v25 (z K) z I) (I z))) I)
B (v10 (B z (x B z)) (v12 (v20 z (K (B B)) (K K (K (v8 K)))) (K (v12 (v20 z (K (K (I (I (B B)))) (v2 z)) (I (B (K K)) K (v8 K))))))) (I x S (B (x z B z) (I v13 S) v28 (z B K (x (S B S S S I)) (v25 (z K) z I) (I z))) I)
B (v10 (B z (x B z)) (v12 (v20 z (K (B B)) K) (K (v12 (v20 z (K (K (I (I (B B)))) (v2 z)) (I (B (K K)) K (v8 K))))))) (I x S (B (x z B z) (I v13 S) v28 (z B K (x (S B S S S I)) (v25 (z K) z I) (I z))) I)
B (v10 (B z (x B z)) (v12 (v20 z (K (B B)) K) (K (v12 (v20 z (K (I (I (B B)))) (I (B (K K)) K (v8 K))))))) (I x S (B (x z B z) (I v13 S) v28 (z B K (x (S B S S S I)) (v25 (z K) z I) (I z))) I)
B (v10 (B z (x B z)) (v12 (v20 z (K (B B)) K) (K (v12 (v20 z (K (I (B B))) (I (B (K K)) K (v8 K))))))) (I x S (B (x z B z) (I v13 S) v28 (z B K (x (S B S S S I)) (v25 (z K) z I) (I z))) I)
B (v10 (B z (x B z)) (v12 (v20 z (K (B B)) K) (K (v12 (v20 z (K (B B)) (I (B (K K)) K (v8 K))))))) (I x S (B (x z B z) (I v13 S) v28 (z B K (x (S B S S S I)) (v25 (z K) z I) (I z))) I)
B (v10 (B z (x B z)) (v12 (v20 z (K (B B)) K) (K (v12 (v20 z (K (B B)) (B (K K) K (v8 K))))))) (I x S (B (x z B z) (I v13 S) v28 (z B K (x (S B S S S I)) (v25 (z K) z I) (I z))) I)
B (v10 (B z (x B z)) (v12 (v20 z (K (B B)) K) (K (v12 (v20 z (K (B B)) (K K (K (v8 K)))))))) (I x S (B (x z B z) (I v13 S) v28 (z B K (x (S B S S S I)) (v25 (z K) z I) (I z))) I)
B (v10 (B z (x B z)) (v12 (v20 z (K (B B)) K) (K (v12 (v20 z (K (B B)) K))))) (I x S (B (x z B z) (I v13 S) v28 (z B K (x (S B S S S I)) (v25 (z K) z I) (I z))) I)
B (v10 (B z (x B z)) (v12 (v20 z (K (B B)) K) (K (v12 (v20 z (K (B B)) K))))) (x S (B (x z B z) (I v13 S) v28 (z B K (x (S B S S S I)) (v25 (z K) z I) (I z))) I)
B (v10 (B z (x B z)) (v12 (v20 z (K (B B)) K) (K (v12 (v20 z (K (B B)) K))))) (x S (x z B z (I v13 S v28) (z B K (x (S B S S S I)) (v25 (z K) z I) (I z))) I)
B (v10 (B z (x B z)) (v12 (v20 z (K (B B)) K) (K (v12 (v20 z (K (B B)) K))))) (x S (x z B z (v13 S v28) (z B K (x (S B S S S I)) (v25 (z K) z I) (I z))) I)
B (v10 (B z (x B z)) (v12 (v20 z (K (B B)) K) (K (v12 (v20 z (K (B B)) K))))) (x S (x z B z (v13 S v28) (z B K (x (B S (S S) S I)) (v25 (z K) z I) (I z))) I)
B (v10 (B z (x B z)) (v12 (v20 z (K (B B)) K) (K (v12 (v20 z (K (B B)) K))))) (x S (x z B z (v13 S v28) (z B K (x (S (S S S) I)) (v25 (z K) z I) (I z))) I)
B (v10 (B z (x B z)) (v12 (v20 z (K (B B)) K) (K (v12 (v20 z (K (B B)) K))))) (x S (x z B z (v13 S v28) (z B K (x (S (S S S) I)) (v25 (z K) z I) z)) I)
S
I
B
z
v13 K K (z v20) (x (S (I (S (I z)) (z (z (B (S x (S (I z (S B z)))))) I))))
v13 K K (z v20) (x (S (S (I z) (z (z (B (S x (S (I z (S B z)))))) I))))
v13 K K (z v20) (x (S (S z (z (z (B (S x (S (I z (S B z)))))) I))))
v13 K K (z v20) (x (S (S z (z (z (B (S x (S (z (S B z)))))) I))))
v23 (z (B (x (z S) K I I (I I (B (K S v3))) (v16 S) (v9 (B (z I) x)))))
v23 (z (B (x (z S) K I I (I (B (K S v3))) (v16 S) (v9 (B (z I) x)))))
v23 (z (B (x (z S) K I I (B (K S v3)) (v16 S) (v9 (B (z I) x)))))
v23 (z (B (x (z S) K I I (B S) (v16 S) (v9 (B (z I) x)))))
K (z (v18 (z S v12 (z I B) (K (z B B)))) (I K) (S (z K x (K S) (I (x v9)) (K (z (z x)) (S (B (S S)))) (z v15)) (I (B K (v13 (I S (B z) B))) I)))
K (z (v18 (z S v12 (z I B) (K (z B B)))) K (S (z K x (K S) (I (x v9)) (K (z (z x)) (S (B (S S)))) (z v15)) (I (B K (v13 (I S (B z) B))) I)))
K (z (v18 (z S v12 (z I B) (K (z B B)))) K (S (z K x (K S) (x v9) (K (z (z x)) (S (B (S S)))) (z v15)) (I (B K (v13 (I S (B z) B))) I)))
K (z (v18 (z S v12 (z I B) (K (z B B)))) K (S (z K x (K S) (x v9) (z (z x)) (z v15)) (I (B K (v13 (I S (B z) B))) I)))
K (z (v18 (z S v12 (z I B) (K (z B B)))) K (S (z K x (K S) (x v9) (z (z x)) (z v15)) (B K (v13 (I S (B z) B)) I)))
K (z (v18 (z S v12 (z I B) (K (z B B)))) K (S (z K x (K S) (x v9) (z (z x)) (z v15)) (K (v13 (I S (B z) B) I))))
K (z (v18 (z S v12 (z I B) (K (z B B)))) K (S (z K x (K S) (x v9) (z (z x)) (z v15)) (K (v13 (S (B z) B) I))))
I (z (S (I (S v21) v22)) (B (B (S B K) (I (S (B I)))) z (B (I B)))) (x B (S (x (K v15 (I (S z) (z v21)) (v15 (x z)) K)) (B x)))
z (S (I (S v21) v22)) (B (B (S B K) (I (S (B I)))) z (B (I B))) (x B (S (x (K v15 (I (S z) (z v21)) (v15 (x z)) K)) (B x)))
z (S (S v21 v22)) (B (B (S B K) (I (S (B I)))) z (B (I B))) (x B (S (x (K v15 (I (S z) (z v21)) (v15 (x z)) K)) (B x)))
z (S (S v21 v22)) (B (S B K) (I (S (B I))) (z (B (I B)))) (x B (S (x (K v15 (I (S z) (z v21)) (v15 (x z)) K)) (B x)))
z (S (S v21 v22)) (S B K (I (S (B I)) (z (B (I B))))) (x B (S (x (K v15 (I (S z) (z v21)) (v15 (x z)) K)) (B x)))
z (S (S v21 v22)) (B (I (S (B I)) (z (B (I B)))) (K (I (S (B I)) (z (B (I B)))))) (x B (S (x (K v15 (I (S z) (z v21)) (v15 (x z)) K)) (B x)))
z (S (S v21 v22)) (B (S (B I) (z (B (I B)))) (K (I (S (B I)) (z (B (I B)))))) (x B (S (x (K v15 (I (S z) (z v21)) (v15 (x z)) K)) (B x)))
z (S (S v21 v22)) (B (S (B I) (z (B B))) (K (I (S (B I)) (z (B (I B)))))) (x B (S (x (K v15 (I (S z) (z v21)) (v15 (x z)) K)) (B x)))
z (S (S v21 v22)) (B (S (B I) (z (B B))) (K (S (B I) (z (B (I B)))))) (x B (S (x (K v15 (I (S z) (z v21)) (v15 (x z)) K)) (B x)))
z (S (S v21 v22)) (B (S (B I) (z (B B))) (K (S (B I) (z (B B))))) (x B (S (x (K v15 (I (S z) (z v21)) (v15 (x z)) K)) (B x)))
z (S (S v21 v22)) (B (S (B I) (z (B B))) (K (S (B I) (z (B B))))) (x B (S (x (v15 (v15 (x z)) K)) (B x)))
z (I (z (x z)) (I x) (B S (z (B (K I x))) z)) (I (I (S B I)) I) (I K) (z (S x x) (x S (S I)) (v21 (v12 (I (B z)) K S)) B (z (z (K x)) S (I (x B) x z) (S K (x (x B (I S))) v1))) (I K)
z (z (x z) (I x) (B S (z (B (K I x))) z)) (I (I (S B I)) I) (I K) (z (S x x) (x S (S I)) (v21 (v12 (I (B z)) K S)) B (z (z (K x)) S (I (x B) x z) (S K (x (x B (I S))) v1))) (I K)
z (z (x z) x (B S (z (B (K I x))) z)) (I (I (S B I)) I) (I K) (z (S x x) (x S (S I)) (v21 (v12 (I (B z)) K S)) B (z (z (K x)) S (I (x B) x z) (S K (x (x B (I S))) v1))) (I K)
z (z (x z) x (S (z (B (K I x)) z))) (I (I (S B I)) I) (I K) (z (S x x) (x S (S I)) (v21 (v12 (I (B z)) K S)) B (z (z (K x)) S (I (x B) x z) (S K (x (x B (I S))) v1))) (I K)
z (z (x z) x (S (z (B I) z))) (I (I (S B I)) I) (I K) (z (S x x) (x S (S I)) (v21 (v12 (I (B z)) K S)) B (z (z (K x)) S (I (x B) x z) (S K (x (x B (I S))) v1))) (I K)
z (z (x z) x (S (z (B I) z))) (I (S B I) I) (I K) (z (S x x) (x S (S I)) (v21 (v12 (I (B z)) K S)) B (z (z (K x)) S (I (x B) x z) (S K (x (x B (I S))) v1))) (I K)
z (z (x z) x (S (z (B I) z))) (S B I I) (I K) (z (S x x) (x S (S I)) (v21 (v12 (I (B z)) K S)) B (z (z (K x)) S (I (x B) x z) (S K (x (x B (I S))) v1))) (I K)
z (z (x z) x (S (z (B I) z))) (B I (I I)) (I K) (z (S x x) (x S (S I)) (v21 (v12 (I (B z)) K S)) B (z (z (K x)) S (I (x B) x z) (S K (x (x B (I S))) v1))) (I K)
z (z (x z) x (S (z (B I) z))) (B I I) (I K) (z (S x x) (x S (S I)) (v21 (v12 (I (B z)) K S)) B (z (z (K x)) S (I (x B) x z) (S K (x (x B (I S))) v1))) (I K)
z (z (x z) x (S (z (B I) z))) (B I I) K (z (S x x) (x S (S I)) (v21 (v12 (I (B z)) K S)) B (z (z (K x)) S (I (x B) x z) (S K (x (x B (I S))) v1))) (I K)
z (z (x z) x (S (z (B I) z))) (B I I) K (z (S x x) (x S (S I)) (v21 (v12 (B z) K S)) B (z (z (K x)) S (I (x B) x z) (S K (x (x B (I S))) v1))) (I K)
z (z (x z) x (S (z (B I) z))) (B I I) K (z (S x x) (x S (S I)) (v21 (v12 (B z) K S)) B (z (z (K x)) S (x B x z) (S K (x (x B (I S))) v1))) (I K)
z (z (x z) x (S (z (B I) z))) (B I I) K (z (S x x) (x S (S I)) (v21 (v12 (B z) K S)) B (z (z (K x)) S (x B x z) (K v1 (x (x B (I S)) v1)))) (I K)
z (z (x z) x (S (z (B I) z))) (B I I) K (z (S x x) (x S (S I)) (v21 (v12 (B z) K S)) B (z (z (K x)) S (x B x z) v1)) (I K)
z (z (x z) x (S (z (B I) z))) (B I I) K (z (S x x) (x S (S I)) (v21 (v12 (B z) K S)) B (z (z (K x)) S (x B x z) v1)) K
