z x I K (x x S (I (K S (z x)) (x v2 (S (x z) K x) (S (S K z) (x x z))) K) (S (v4 (x z))))
z x I K (x x S (K S (z x) (x v2 (S (x z) K x) (S (S K z) (x x z))) K) (S (v4 (x z))))
z x I K (x x S (S (x v2 (S (x z) K x) (S (S K z) (x x z))) K) (S (v4 (x z))))
z x I K (x x S (S (x v2 (x z x (K x)) (S (S K z) (x x z))) K) (S (v4 (x z))))
B x x
K z (S (v17 I)) (I K (z I (S (x v4)) z (B (x B (B x) (x I z I) (B K))) K) (v9 v17 K B x)) (z z S)
z (I K (z I (S (x v4)) z (B (x B (B x) (x I z I) (B K))) K) (v9 v17 K B x)) (z z S)
z (K (z I (S (x v4)) z (B (x B (B x) (x I z I) (B K))) K) (v9 v17 K B x)) (z z S)
z (z I (S (x v4)) z (B (x B (B x) (x I z I) (B K))) K) (z z S)
B
x (B v16 v8 (z (v27 (x B (K B)) S) (S K (z (S B z)))) z) v18 (S v23 (v22 (z (v5 (v29 S) (x (K (z K) (z x v24) K S)) x))) (S (v8 v23) z (K z I v29 B) (I (z (B (x I z) (B K))) I)))
x (v16 (v8 (z (v27 (x B (K B)) S) (S K (z (S B z))))) z) v18 (S v23 (v22 (z (v5 (v29 S) (x (K (z K) (z x v24) K S)) x))) (S (v8 v23) z (K z I v29 B) (I (z (B (x I z) (B K))) I)))
x (v16 (v8 (z (v27 (x B (K B)) S) (S K (z (S B z))))) z) v18 (v23 (S (v8 v23) z (K z I v29 B) (I (z (B (x I z) (B K))) I)) (v22 (z (v5 (v29 S) (x (K (z K) (z x v24) K S)) x)) (S (v8 v23) z (K z I v29 B) (I (z (B (x I z) (B K))) I))))
x (v16 (v8 (z (v27 (x B (K B)) S) (S K (z (S B z))))) z) v18 (v23 (v8 v23 (K z I v29 B) (z (K z I v29 B)) (I (z (B (x I z) (B K))) I)) (v22 (z (v5 (v29 S) (x (K (z K) (z x v24) K S)) x)) (S (v8 v23) z (K z I v29 B) (I (z (B (x I z) (B K))) I))))
x (v16 (v8 (z (v27 (x B (K B)) S) (S K (z (S B z))))) z) v18 (v23 (v8 v23 (z v29 B) (z (K z I v29 B)) (I (z (B (x I z) (B K))) I)) (v22 (z (v5 (v29 S) (x (K (z K) (z x v24) K S)) x)) (S (v8 v23) z (K z I v29 B) (I (z (B (x I z) (B K))) I))))
x (v16 (v8 (z (v27 (x B (K B)) S) (S K (z (S B z))))) z) v18 (v23 (v8 v23 (z v29 B) (z (z v29 B)) (I (z (B (x I z) (B K))) I)) (v22 (z (v5 (v29 S) (x (K (z K) (z x v24) K S)) x)) (S (v8 v23) z (K z I v29 B) (I (z (B (x I z) (B K))) I))))
x (v16 (v8 (z (v27 (x B (K B)) S) (S K (z (S B z))))) z) v18 (v23 (v8 v23 (z v29 B) (z (z v29 B)) (z (B (x I z) (B K)) I)) (v22 (z (v5 (v29 S) (x (K (z K) (z x v24) K S)) x)) (S (v8 v23) z (K z I v29 B) (I (z (B (x I z) (B K))) I))))
x (v16 (v8 (z (v27 (x B (K B)) S) (S K (z (S B z))))) z) v18 (v23 (v8 v23 (z v29 B) (z (z v29 B)) (z (B (x I z) (B K)) I)) (v22 (z (v5 (v29 S) (x (z K K S)) x)) (S (v8 v23) z (K z I v29 B) (I (z (B (x I z) (B K))) I))))
x (v16 (v8 (z (v27 (x B (K B)) S) (S K (z (S B z))))) z) v18 (v23 (v8 v23 (z v29 B) (z (z v29 B)) (z (B (x I z) (B K)) I)) (v22 (z (v5 (v29 S) (x (z K K S)) x)) (v8 v23 (K z I v29 B) (z (K z I v29 B)) (I (z (B (x I z) (B K))) I))))
x (v16 (v8 (z (v27 (x B (K B)) S) (S K (z (S B z))))) z) v18 (v23 (v8 v23 (z v29 B) (z (z v29 B)) (z (B (x I z) (B K)) I)) (v22 (z (v5 (v29 S) (x (z K K S)) x)) (v8 v23 (z v29 B) (z (K z I v29 B)) (I (z (B (x I z) (B K))) I))))
x (v16 (v8 (z (v27 (x B (K B)) S) (S K (z (S B z))))) z) v18 (v23 (v8 v23 (z v29 B) (z (z v29 B)) (z (B (x I z) (B K)) I)) (v22 (z (v5 (v29 S) (x (z K K S)) x)) (v8 v23 (z v29 B) (z (z v29 B)) (I (z (B (x I z) (B K))) I))))
x (v16 (v8 (z (v27 (x B (K B)) S) (S K (z (S B z))))) z) v18 (v23 (v8 v23 (z v29 B) (z (z v29 B)) (z (B (x I z) (B K)) I)) (v22 (z (v5 (v29 S) (x (z K K S)) x)) (v8 v23 (z v29 B) (z (z v29 B)) (z (B (x I z) (B K)) I))))
I S
S
v9 (I (S (x (I (x v8 K (z S)) (K K (z v11) (x K) K) S) (z (B S)))))
v9 (S (x (I (x v8 K (z S)) (K K (z v11) (x K) K) S) (z (B S))))
v9 (S (x (x v8 K (z S) (K K (z v11) (x K) K) S) (z (B S))))
v9 (S (x (x v8 K (z S) (K (x K) K) S) (z (B S))))
v9 (S (x (x v8 K (z S) (x K) S) (z (B S))))
B
K (I B z K) (x S) (z (B (z x)) x z) (K (z (v27 (I z x K)) (S (I I) v28 (z (B z) (S K (z v24) (S x B) B))) (B (B (I (K z)) x)) (x (v10 K v1 (I x (I I (z x)) (x I) B)))))
I B z K (z (B (z x)) x z) (K (z (v27 (I z x K)) (S (I I) v28 (z (B z) (S K (z v24) (S x B) B))) (B (B (I (K z)) x)) (x (v10 K v1 (I x (I I (z x)) (x I) B)))))
B z K (z (B (z x)) x z) (K (z (v27 (I z x K)) (S (I I) v28 (z (B z) (S K (z v24) (S x B) B))) (B (B (I (K z)) x)) (x (v10 K v1 (I x (I I (z x)) (x I) B)))))
z (K (z (B (z x)) x z)) (K (z (v27 (I z x K)) (S (I I) v28 (z (B z) (S K (z v24) (S x B) B))) (B (B (I (K z)) x)) (x (v10 K v1 (I x (I I (z x)) (x I) B)))))
z (K (z (B (z x)) x z)) (K (z (v27 (z x K)) (S (I I) v28 (z (B z) (S K (z v24) (S x B) B))) (B (B (I (K z)) x)) (x (v10 K v1 (I x (I I (z x)) (x I) B)))))
z (K (z (B (z x)) x z)) (K (z (v27 (z x K)) (I I (z (B z) (S K (z v24) (S x B) B)) (v28 (z (B z) (S K (z v24) (S x B) B)))) (B (B (I (K z)) x)) (x (v10 K v1 (I x (I I (z x)) (x I) B)))))
z (K (z (B (z x)) x z)) (K (z (v27 (z x K)) (I (z (B z) (S K (z v24) (S x B) B)) (v28 (z (B z) (S K (z v24) (S x B) B)))) (B (B (I (K z)) x)) (x (v10 K v1 (I x (I I (z x)) (x I) B)))))
z (K (z (B (z x)) x z)) (K (z (v27 (z x K)) (z (B z) (S K (z v24) (S x B) B) (v28 (z (B z) (S K (z v24) (S x B) B)))) (B (B (I (K z)) x)) (x (v10 K v1 (I x (I I (z x)) (x I) B)))))
z (K (z (B (z x)) x z)) (K (z (v27 (z x K)) (z (B z) (K (S x B) (z v24 (S x B)) B) (v28 (z (B z) (S K (z v24) (S x B) B)))) (B (B (I (K z)) x)) (x (v10 K v1 (I x (I I (z x)) (x I) B)))))
z (K (z (B (z x)) x z)) (K (z (v27 (z x K)) (z (B z) (S x B B) (v28 (z (B z) (S K (z v24) (S x B) B)))) (B (B (I (K z)) x)) (x (v10 K v1 (I x (I I (z x)) (x I) B)))))
z (K (z (B (z x)) x z)) (K (z (v27 (z x K)) (z (B z) (x B (B B)) (v28 (z (B z) (S K (z v24) (S x B) B)))) (B (B (I (K z)) x)) (x (v10 K v1 (I x (I I (z x)) (x I) B)))))
z (K (z (B (z x)) x z)) (K (z (v27 (z x K)) (z (B z) (x B (B B)) (v28 (z (B z) (K (S x B) (z v24 (S x B)) B)))) (B (B (I (K z)) x)) (x (v10 K v1 (I x (I I (z x)) (x I) B)))))
z (K (z (B (z x)) x z)) (K (z (v27 (z x K)) (z (B z) (x B (B B)) (v28 (z (B z) (S x B B)))) (B (B (I (K z)) x)) (x (v10 K v1 (I x (I I (z x)) (x I) B)))))
z (K (z (B (z x)) x z)) (K (z (v27 (z x K)) (z (B z) (x B (B B)) (v28 (z (B z) (x B (B B))))) (B (B (I (K z)) x)) (x (v10 K v1 (I x (I I (z x)) (x I) B)))))
z (K (z (B (z x)) x z)) (K (z (v27 (z x K)) (z (B z) (x B (B B)) (v28 (z (B z) (x B (B B))))) (B (B (K z) x)) (x (v10 K v1 (I x (I I (z x)) (x I) B)))))
z (K (z (B (z x)) x z)) (K (z (v27 (z x K)) (z (B z) (x B (B B)) (v28 (z (B z) (x B (B B))))) (B (B (K z) x)) (x (v10 K v1 (x (I I (z x)) (x I) B)))))
z (K (z (B (z x)) x z)) (K (z (v27 (z x K)) (z (B z) (x B (B B)) (v28 (z (B z) (x B (B B))))) (B (B (K z) x)) (x (v10 K v1 (x (I (z x)) (x I) B)))))
z (K (z (B (z x)) x z)) (K (z (v27 (z x K)) (z (B z) (x B (B B)) (v28 (z (B z) (x B (B B))))) (B (B (K z) x)) (x (v10 K v1 (x (z x) (x I) B)))))
S x I (B (v2 I)) (v25 (x (K z)) (K B) B K (B x x K (S z) x S (v6 I)) (K (I x B x (I (K I) (z S)))))
x (B (v2 I)) (I (B (v2 I))) (v25 (x (K z)) (K B) B K (B x x K (S z) x S (v6 I)) (K (I x B x (I (K I) (z S)))))
x (B (v2 I)) (B (v2 I)) (v25 (x (K z)) (K B) B K (B x x K (S z) x S (v6 I)) (K (I x B x (I (K I) (z S)))))
x (B (v2 I)) (B (v2 I)) (v25 (x (K z)) (K B) B K (x (x K) (S z) x S (v6 I)) (K (I x B x (I (K I) (z S)))))
x (B (v2 I)) (B (v2 I)) (v25 (x (K z)) (K B) B K (x (x K) (S z) x S (v6 I)) (K (x B x (I (K I) (z S)))))
x (B (v2 I)) (B (v2 I)) (v25 (x (K z)) (K B) B K (x (x K) (S z) x S (v6 I)) (K (x B x (K I (z S)))))
x (B (v2 I)) (B (v2 I)) (v25 (x (K z)) (K B) B K (x (x K) (S z) x S (v6 I)) (K (x B x I)))
