B
K (v4 x x) (z B (I S S (S (z K) S B) (x K (z (S z)))) (K K S v4) (z v16 I (I (v27 (x x)) K S S)) v9)
v4 x x
I (I I (I (S (I (S (z x)))))) (K S (I (B x (K x S)) (v0 B))) x K
I I (I (S (I (S (z x))))) (K S (I (B x (K x S)) (v0 B))) x K
I (I (S (I (S (z x))))) (K S (I (B x (K x S)) (v0 B))) x K
I (S (I (S (z x)))) (K S (I (B x (K x S)) (v0 B))) x K
S (I (S (z x))) (K S (I (B x (K x S)) (v0 B))) x K
I (S (z x)) x (K S (I (B x (K x S)) (v0 B)) x) K
S (z x) x (K S (I (B x (K x S)) (v0 B)) x) K
z x (K S (I (B x (K x S)) (v0 B)) x) (x (K S (I (B x (K x S)) (v0 B)) x)) K
z x (S x) (x (K S (I (B x (K x S)) (v0 B)) x)) K
z x (S x) (x (S x)) K
x (z (B (z I) (S x)) (B (v10 B K (B S) I)) (B (S (S K) B (K v7))) (S I (x v13 (B (I v9) (x (B S x) x I) (z z x))) (I x (S (K I)))))
x (z (B (z I) (S x)) (B (v10 B K (B S) I)) (B (S K (K v7) (B (K v7)))) (S I (x v13 (B (I v9) (x (B S x) x I) (z z x))) (I x (S (K I)))))
x (z (B (z I) (S x)) (B (v10 B K (B S) I)) (B (K (B (K v7)) (K v7 (B (K v7))))) (S I (x v13 (B (I v9) (x (B S x) x I) (z z x))) (I x (S (K I)))))
x (z (B (z I) (S x)) (B (v10 B K (B S) I)) (B (B (K v7))) (S I (x v13 (B (I v9) (x (B S x) x I) (z z x))) (I x (S (K I)))))
x (z (B (z I) (S x)) (B (v10 B K (B S) I)) (B (B (K v7))) (I (I x (S (K I))) (x v13 (B (I v9) (x (B S x) x I) (z z x)) (I x (S (K I))))))
x (z (B (z I) (S x)) (B (v10 B K (B S) I)) (B (B (K v7))) (I x (S (K I)) (x v13 (B (I v9) (x (B S x) x I) (z z x)) (I x (S (K I))))))
x (z (B (z I) (S x)) (B (v10 B K (B S) I)) (B (B (K v7))) (x (S (K I)) (x v13 (B (I v9) (x (B S x) x I) (z z x)) (I x (S (K I))))))
x (z (B (z I) (S x)) (B (v10 B K (B S) I)) (B (B (K v7))) (x (S (K I)) (x v13 (I v9 (x (B S x) x I (z z x))) (I x (S (K I))))))
x (z (B (z I) (S x)) (B (v10 B K (B S) I)) (B (B (K v7))) (x (S (K I)) (x v13 (v9 (x (B S x) x I (z z x))) (I x (S (K I))))))
x (z (B (z I) (S x)) (B (v10 B K (B S) I)) (B (B (K v7))) (x (S (K I)) (x v13 (v9 (x (B S x) x I (z z x))) (x (S (K I))))))
v7 (S (S (v11 (z (v12 (x v30)) (S v20) (I I (K z)))) B) (K (I (K K))) (S (z (B (I v28) (v4 v11 (x (S v4))) (S (S K))) (I v15 S))) K)
v7 (S (v11 (z (v12 (x v30)) (S v20) (I I (K z)))) B (S (z (B (I v28) (v4 v11 (x (S v4))) (S (S K))) (I v15 S))) (K (I (K K)) (S (z (B (I v28) (v4 v11 (x (S v4))) (S (S K))) (I v15 S)))) K)
v7 (v11 (z (v12 (x v30)) (S v20) (I I (K z))) (S (z (B (I v28) (v4 v11 (x (S v4))) (S (S K))) (I v15 S))) (B (S (z (B (I v28) (v4 v11 (x (S v4))) (S (S K))) (I v15 S)))) (K (I (K K)) (S (z (B (I v28) (v4 v11 (x (S v4))) (S (S K))) (I v15 S)))) K)
v7 (v11 (z (v12 (x v30)) (S v20) (I (K z))) (S (z (B (I v28) (v4 v11 (x (S v4))) (S (S K))) (I v15 S))) (B (S (z (B (I v28) (v4 v11 (x (S v4))) (S (S K))) (I v15 S)))) (K (I (K K)) (S (z (B (I v28) (v4 v11 (x (S v4))) (S (S K))) (I v15 S)))) K)
v7 (v11 (z (v12 (x v30)) (S v20) (K z)) (S (z (B (I v28) (v4 v11 (x (S v4))) (S (S K))) (I v15 S))) (B (S (z (B (I v28) (v4 v11 (x (S v4))) (S (S K))) (I v15 S)))) (K (I (K K)) (S (z (B (I v28) (v4 v11 (x (S v4))) (S (S K))) (I v15 S)))) K)
v7 (v11 (z (v12 (x v30)) (S v20) (K z)) (S (z (I v28 (v4 v11 (x (S v4)) (S (S K)))) (I v15 S))) (B (S (z (B (I v28) (v4 v11 (x (S v4))) (S (S K))) (I v15 S)))) (K (I (K K)) (S (z (B (I v28) (v4 v11 (x (S v4))) (S (S K))) (I v15 S)))) K)
v7 (v11 (z (v12 (x v30)) (S v20) (K z)) (S (z (v28 (v4 v11 (x (S v4)) (S (S K)))) (I v15 S))) (B (S (z (B (I v28) (v4 v11 (x (S v4))) (S (S K))) (I v15 S)))) (K (I (K K)) (S (z (B (I v28) (v4 v11 (x (S v4))) (S (S K))) (I v15 S)))) K)
v7 (v11 (z (v12 (x v30)) (S v20) (K z)) (S (z (v28 (v4 v11 (x (S v4)) (S (S K)))) (v15 S))) (B (S (z (B (I v28) (v4 v11 (x (S v4))) (S (S K))) (I v15 S)))) (K (I (K K)) (S (z (B (I v28) (v4 v11 (x (S v4))) (S (S K))) (I v15 S)))) K)
v7 (v11 (z (v12 (x v30)) (S v20) (K z)) (S (z (v28 (v4 v11 (x (S v4)) (S (S K)))) (v15 S))) (B (S (z (I v28 (v4 v11 (x (S v4)) (S (S K)))) (I v15 S)))) (K (I (K K)) (S (z (B (I v28) (v4 v11 (x (S v4))) (S (S K))) (I v15 S)))) K)
v7 (v11 (z (v12 (x v30)) (S v20) (K z)) (S (z (v28 (v4 v11 (x (S v4)) (S (S K)))) (v15 S))) (B (S (z (v28 (v4 v11 (x (S v4)) (S (S K)))) (I v15 S)))) (K (I (K K)) (S (z (B (I v28) (v4 v11 (x (S v4))) (S (S K))) (I v15 S)))) K)
v7 (v11 (z (v12 (x v30)) (S v20) (K z)) (S (z (v28 (v4 v11 (x (S v4)) (S (S K)))) (v15 S))) (B (S (z (v28 (v4 v11 (x (S v4)) (S (S K)))) (v15 S)))) (K (I (K K)) (S (z (B (I v28) (v4 v11 (x (S v4))) (S (S K))) (I v15 S)))) K)
v7 (v11 (z (v12 (x v30)) (S v20) (K z)) (S (z (v28 (v4 v11 (x (S v4)) (S (S K)))) (v15 S))) (B (S (z (v28 (v4 v11 (x (S v4)) (S (S K)))) (v15 S)))) (I (K K)) K)
v7 (v11 (z (v12 (x v30)) (S v20) (K z)) (S (z (v28 (v4 v11 (x (S v4)) (S (S K)))) (v15 S))) (B (S (z (v28 (v4 v11 (x (S v4)) (S (S K)))) (v15 S)))) (K K) K)
K (I v25 K v28) (v14 (B v17 S) v9 I) (K (I (I (B (K z)) (B (K I)) B K)) (K S) (v12 I (K I)) (S (z I (I (x (I I)) (x v13)) v30) (z (B I))))
I v25 K v28 (K (I (I (B (K z)) (B (K I)) B K)) (K S) (v12 I (K I)) (S (z I (I (x (I I)) (x v13)) v30) (z (B I))))
v25 K v28 (K (I (I (B (K z)) (B (K I)) B K)) (K S) (v12 I (K I)) (S (z I (I (x (I I)) (x v13)) v30) (z (B I))))
v25 K v28 (I (I (B (K z)) (B (K I)) B K) (v12 I (K I)) (S (z I (I (x (I I)) (x v13)) v30) (z (B I))))
v25 K v28 (I (B (K z)) (B (K I)) B K (v12 I (K I)) (S (z I (I (x (I I)) (x v13)) v30) (z (B I))))
v25 K v28 (B (K z) (B (K I)) B K (v12 I (K I)) (S (z I (I (x (I I)) (x v13)) v30) (z (B I))))
v25 K v28 (K z (B (K I) B) K (v12 I (K I)) (S (z I (I (x (I I)) (x v13)) v30) (z (B I))))
v25 K v28 (z K (v12 I (K I)) (S (z I (I (x (I I)) (x v13)) v30) (z (B I))))
v25 K v28 (z K (v12 I (K I)) (S (z I (x (I I) (x v13)) v30) (z (B I))))
v25 K v28 (z K (v12 I (K I)) (S (z I (x I (x v13)) v30) (z (B I))))
I v22 (B (K B z (x (B (z (B x) (v27 z))) S x)))
v22 (B (K B z (x (B (z (B x) (v27 z))) S x)))
v22 (B (B (x (B (z (B x) (v27 z))) S x)))
z v18 (B S) (K (z (K (x I)) K z v0) z (x (x z K (x I)) B))
z v18 (B S) (z (K (x I)) K z v0 (x (x z K (x I)) B))
K (v11 (S (z (B z (K v30 x))))) v17
v11 (S (z (B z (K v30 x))))
v11 (S (z (B z v30)))
I (v22 (K S K (z I (K (K (K z)) S (K z)) B (B K) I))) (x (B (K (S (S x (B x (I z K) S) (x (v27 K)))))))
v22 (K S K (z I (K (K (K z)) S (K z)) B (B K) I)) (x (B (K (S (S x (B x (I z K) S) (x (v27 K)))))))
v22 (S (z I (K (K (K z)) S (K z)) B (B K) I)) (x (B (K (S (S x (B x (I z K) S) (x (v27 K)))))))
v22 (S (z I (K (K z) (K z)) B (B K) I)) (x (B (K (S (S x (B x (I z K) S) (x (v27 K)))))))
v22 (S (z I (K z) B (B K) I)) (x (B (K (S (S x (B x (I z K) S) (x (v27 K)))))))
v22 (S (z I (K z) B (B K) I)) (x (B (K (S (x (x (v27 K)) (B x (I z K) S (x (v27 K))))))))
v22 (S (z I (K z) B (B K) I)) (x (B (K (S (x (x (v27 K)) (x (I z K S) (x (v27 K))))))))
v22 (S (z I (K z) B (B K) I)) (x (B (K (S (x (x (v27 K)) (x (z K S) (x (v27 K))))))))
