z
K (B (v26 x z I (K (I z)) (x B))) B (x (z (v22 K) (S (B B K) K) B)) (K (K v12 (v2 S S x)) (B (B z S)))
B (v26 x z I (K (I z)) (x B)) (x (z (v22 K) (S (B B K) K) B)) (K (K v12 (v2 S S x)) (B (B z S)))
v26 x z I (K (I z)) (x B) (x (z (v22 K) (S (B B K) K) B) (K (K v12 (v2 S S x)) (B (B z S))))
v26 x z I (K z) (x B) (x (z (v22 K) (S (B B K) K) B) (K (K v12 (v2 S S x)) (B (B z S))))
v26 x z I (K z) (x B) (x (z (v22 K) (S (B B K) K) B) (K v12 (v2 S S x)))
v26 x z I (K z) (x B) (x (z (v22 K) (S (B B K) K) B) v12)
K (K (v2 x (B x))) (z v19) (K K) (K z (x (I (K I B) B) (K (x (B K B)))) v11 (z (x (S I)) (v24 (I x S S) S) K)) (z (S B (x (z S (v30 (z (K K I S) S) (z v25) (z z) z)))))
K (v2 x (B x)) (K K) (K z (x (I (K I B) B) (K (x (B K B)))) v11 (z (x (S I)) (v24 (I x S S) S) K)) (z (S B (x (z S (v30 (z (K K I S) S) (z v25) (z z) z)))))
v2 x (B x) (K z (x (I (K I B) B) (K (x (B K B)))) v11 (z (x (S I)) (v24 (I x S S) S) K)) (z (S B (x (z S (v30 (z (K K I S) S) (z v25) (z z) z)))))
v2 x (B x) (z v11 (z (x (S I)) (v24 (I x S S) S) K)) (z (S B (x (z S (v30 (z (K K I S) S) (z v25) (z z) z)))))
v2 x (B x) (z v11 (z (x (S I)) (v24 (x S S) S) K)) (z (S B (x (z S (v30 (z (K K I S) S) (z v25) (z z) z)))))
v2 x (B x) (z v11 (z (x (S I)) (v24 (x S S) S) K)) (z (S B (x (z S (v30 (z (K S) S) (z v25) (z z) z)))))
z
z z v16
K (I B B (I v4) B) z v6 B (v24 S z z (B (B K (z (K v28))) S K x v11)) (K (I (B S (v6 (S (z (x K)))) x))) (S B (B (B (S B v8 (I z) (K S (B z) B) (K K)) v4) x (I (K (v29 (B (x S) K I) (B I v24 (I I z) z))))))
I B B (I v4) B v6 B (v24 S z z (B (B K (z (K v28))) S K x v11)) (K (I (B S (v6 (S (z (x K)))) x))) (S B (B (B (S B v8 (I z) (K S (B z) B) (K K)) v4) x (I (K (v29 (B (x S) K I) (B I v24 (I I z) z))))))
B B (I v4) B v6 B (v24 S z z (B (B K (z (K v28))) S K x v11)) (K (I (B S (v6 (S (z (x K)))) x))) (S B (B (B (S B v8 (I z) (K S (B z) B) (K K)) v4) x (I (K (v29 (B (x S) K I) (B I v24 (I I z) z))))))
B (I v4 B) v6 B (v24 S z z (B (B K (z (K v28))) S K x v11)) (K (I (B S (v6 (S (z (x K)))) x))) (S B (B (B (S B v8 (I z) (K S (B z) B) (K K)) v4) x (I (K (v29 (B (x S) K I) (B I v24 (I I z) z))))))
I v4 B (v6 B) (v24 S z z (B (B K (z (K v28))) S K x v11)) (K (I (B S (v6 (S (z (x K)))) x))) (S B (B (B (S B v8 (I z) (K S (B z) B) (K K)) v4) x (I (K (v29 (B (x S) K I) (B I v24 (I I z) z))))))
v4 B (v6 B) (v24 S z z (B (B K (z (K v28))) S K x v11)) (K (I (B S (v6 (S (z (x K)))) x))) (S B (B (B (S B v8 (I z) (K S (B z) B) (K K)) v4) x (I (K (v29 (B (x S) K I) (B I v24 (I I z) z))))))
v4 B (v6 B) (v24 S z z (B K (z (K v28)) (S K) x v11)) (K (I (B S (v6 (S (z (x K)))) x))) (S B (B (B (S B v8 (I z) (K S (B z) B) (K K)) v4) x (I (K (v29 (B (x S) K I) (B I v24 (I I z) z))))))
v4 B (v6 B) (v24 S z z (K (z (K v28) (S K)) x v11)) (K (I (B S (v6 (S (z (x K)))) x))) (S B (B (B (S B v8 (I z) (K S (B z) B) (K K)) v4) x (I (K (v29 (B (x S) K I) (B I v24 (I I z) z))))))
v4 B (v6 B) (v24 S z z (z (K v28) (S K) v11)) (K (I (B S (v6 (S (z (x K)))) x))) (S B (B (B (S B v8 (I z) (K S (B z) B) (K K)) v4) x (I (K (v29 (B (x S) K I) (B I v24 (I I z) z))))))
v4 B (v6 B) (v24 S z z (z (K v28) (S K) v11)) (K (B S (v6 (S (z (x K)))) x)) (S B (B (B (S B v8 (I z) (K S (B z) B) (K K)) v4) x (I (K (v29 (B (x S) K I) (B I v24 (I I z) z))))))
v4 B (v6 B) (v24 S z z (z (K v28) (S K) v11)) (K (S (v6 (S (z (x K))) x))) (S B (B (B (S B v8 (I z) (K S (B z) B) (K K)) v4) x (I (K (v29 (B (x S) K I) (B I v24 (I I z) z))))))
v4 B (v6 B) (v24 S z z (z (K v28) (S K) v11)) (K (S (v6 (S (z (x K))) x))) (S B (B (S B v8 (I z) (K S (B z) B) (K K)) v4 (x (I (K (v29 (B (x S) K I) (B I v24 (I I z) z)))))))
v4 B (v6 B) (v24 S z z (z (K v28) (S K) v11)) (K (S (v6 (S (z (x K))) x))) (S B (S B v8 (I z) (K S (B z) B) (K K) (v4 (x (I (K (v29 (B (x S) K I) (B I v24 (I I z) z))))))))
v4 B (v6 B) (v24 S z z (z (K v28) (S K) v11)) (K (S (v6 (S (z (x K))) x))) (S B (B (I z) (v8 (I z)) (K S (B z) B) (K K) (v4 (x (I (K (v29 (B (x S) K I) (B I v24 (I I z) z))))))))
v4 B (v6 B) (v24 S z z (z (K v28) (S K) v11)) (K (S (v6 (S (z (x K))) x))) (S B (I z (v8 (I z) (K S (B z) B)) (K K) (v4 (x (I (K (v29 (B (x S) K I) (B I v24 (I I z) z))))))))
v4 B (v6 B) (v24 S z z (z (K v28) (S K) v11)) (K (S (v6 (S (z (x K))) x))) (S B (z (v8 (I z) (K S (B z) B)) (K K) (v4 (x (I (K (v29 (B (x S) K I) (B I v24 (I I z) z))))))))
v4 B (v6 B) (v24 S z z (z (K v28) (S K) v11)) (K (S (v6 (S (z (x K))) x))) (S B (z (v8 z (K S (B z) B)) (K K) (v4 (x (I (K (v29 (B (x S) K I) (B I v24 (I I z) z))))))))
v4 B (v6 B) (v24 S z z (z (K v28) (S K) v11)) (K (S (v6 (S (z (x K))) x))) (S B (z (v8 z (S B)) (K K) (v4 (x (I (K (v29 (B (x S) K I) (B I v24 (I I z) z))))))))
v4 B (v6 B) (v24 S z z (z (K v28) (S K) v11)) (K (S (v6 (S (z (x K))) x))) (S B (z (v8 z (S B)) (K K) (v4 (x (K (v29 (B (x S) K I) (B I v24 (I I z) z)))))))
v4 B (v6 B) (v24 S z z (z (K v28) (S K) v11)) (K (S (v6 (S (z (x K))) x))) (S B (z (v8 z (S B)) (K K) (v4 (x (K (v29 (x S (K I)) (B I v24 (I I z) z)))))))
v4 B (v6 B) (v24 S z z (z (K v28) (S K) v11)) (K (S (v6 (S (z (x K))) x))) (S B (z (v8 z (S B)) (K K) (v4 (x (K (v29 (x S (K I)) (I (v24 (I I z)) z)))))))
v4 B (v6 B) (v24 S z z (z (K v28) (S K) v11)) (K (S (v6 (S (z (x K))) x))) (S B (z (v8 z (S B)) (K K) (v4 (x (K (v29 (x S (K I)) (v24 (I I z) z)))))))
v4 B (v6 B) (v24 S z z (z (K v28) (S K) v11)) (K (S (v6 (S (z (x K))) x))) (S B (z (v8 z (S B)) (K K) (v4 (x (K (v29 (x S (K I)) (v24 (I z) z)))))))
v4 B (v6 B) (v24 S z z (z (K v28) (S K) v11)) (K (S (v6 (S (z (x K))) x))) (S B (z (v8 z (S B)) (K K) (v4 (x (K (v29 (x S (K I)) (v24 z z)))))))
K
x (x x) (K (S z K (S S (S B v30) I) (x K) (I I (x S S) S B (x I x B))) (K (x (x v21) z (v19 (I (I (I I)) K))) (v0 (S z) B I S) (v17 I (v11 (I B) S (I (I (K S))) z))))
x (x x) (S z K (S S (S B v30) I) (x K) (I I (x S S) S B (x I x B)))
x (x x) (z (S S (S B v30) I) (K (S S (S B v30) I)) (x K) (I I (x S S) S B (x I x B)))
x (x x) (z (S I (S B v30 I)) (K (S S (S B v30) I)) (x K) (I I (x S S) S B (x I x B)))
x (x x) (z (S I (B I (v30 I))) (K (S S (S B v30) I)) (x K) (I I (x S S) S B (x I x B)))
x (x x) (z (S I (B I (v30 I))) (K (S I (S B v30 I))) (x K) (I I (x S S) S B (x I x B)))
x (x x) (z (S I (B I (v30 I))) (K (S I (B I (v30 I)))) (x K) (I I (x S S) S B (x I x B)))
x (x x) (z (S I (B I (v30 I))) (K (S I (B I (v30 I)))) (x K) (I (x S S) S B (x I x B)))
x (x x) (z (S I (B I (v30 I))) (K (S I (B I (v30 I)))) (x K) (x S S S B (x I x B)))
x (K (K (K I)) (K z (x (S (S z S) x) v13))) (B (B (S (I v1)) (K S S (x S (z (z S))) z)) (v2 (K (v29 (S I (I (S (I I v2) (B x) I)) K)))))
x (K (K I)) (B (B (S (I v1)) (K S S (x S (z (z S))) z)) (v2 (K (v29 (S I (I (S (I I v2) (B x) I)) K)))))
x (K (K I)) (B (B (S v1) (K S S (x S (z (z S))) z)) (v2 (K (v29 (S I (I (S (I I v2) (B x) I)) K)))))
x (K (K I)) (B (B (S v1) (S (x S (z (z S))) z)) (v2 (K (v29 (S I (I (S (I I v2) (B x) I)) K)))))
x (K (K I)) (B (B (S v1) (S (x S (z (z S))) z)) (v2 (K (v29 (I K (I (S (I I v2) (B x) I) K))))))
x (K (K I)) (B (B (S v1) (S (x S (z (z S))) z)) (v2 (K (v29 (K (I (S (I I v2) (B x) I) K))))))
x (K (K I)) (B (B (S v1) (S (x S (z (z S))) z)) (v2 (K (v29 (K (S (I I v2) (B x) I K))))))
x (K (K I)) (B (B (S v1) (S (x S (z (z S))) z)) (v2 (K (v29 (K (I I v2 I (B x I) K))))))
x (K (K I)) (B (B (S v1) (S (x S (z (z S))) z)) (v2 (K (v29 (K (I v2 I (B x I) K))))))
x (K (K I)) (B (B (S v1) (S (x S (z (z S))) z)) (v2 (K (v29 (K (v2 I (B x I) K))))))
S
