K (B x)
B (z v21 K) (S z I (v8 (B (x v14)) (v10 S (K (B (I K x)) x S)) I))
B (z v21 K) (z (v8 (B (x v14)) (v10 S (K (B (I K x)) x S)) I) (I (v8 (B (x v14)) (v10 S (K (B (I K x)) x S)) I)))
B (z v21 K) (z (v8 (B (x v14)) (v10 S (B (I K x) S)) I) (I (v8 (B (x v14)) (v10 S (K (B (I K x)) x S)) I)))
B (z v21 K) (z (v8 (B (x v14)) (v10 S (B (K x) S)) I) (I (v8 (B (x v14)) (v10 S (K (B (I K x)) x S)) I)))
B (z v21 K) (z (v8 (B (x v14)) (v10 S (B (K x) S)) I) (v8 (B (x v14)) (v10 S (K (B (I K x)) x S)) I))
B (z v21 K) (z (v8 (B (x v14)) (v10 S (B (K x) S)) I) (v8 (B (x v14)) (v10 S (B (I K x) S)) I))
B (z v21 K) (z (v8 (B (x v14)) (v10 S (B (K x) S)) I) (v8 (B (x v14)) (v10 S (B (K x) S)) I))
I (I (S (x (B B))) (B x)) I
I (S (x (B B))) (B x) I
S (x (B B)) (B x) I
x (B B) I (B x I)
v10 I (S (K (v14 v0))) S v22 (v7 (v11 S)) (x K (x I (I I B) (v16 (B K (S (I v3))) (v18 x x (I K) x))) (B x K) (S K))
v10 I (S (K (v14 v0))) S v22 (v7 (v11 S)) (x K (x I (I B) (v16 (B K (S (I v3))) (v18 x x (I K) x))) (B x K) (S K))
v10 I (S (K (v14 v0))) S v22 (v7 (v11 S)) (x K (x I B (v16 (B K (S (I v3))) (v18 x x (I K) x))) (B x K) (S K))
v10 I (S (K (v14 v0))) S v22 (v7 (v11 S)) (x K (x I B (v16 (B K (S v3)) (v18 x x (I K) x))) (B x K) (S K))
v10 I (S (K (v14 v0))) S v22 (v7 (v11 S)) (x K (x I B (v16 (B K (S v3)) (v18 x x K x))) (B x K) (S K))
B
S (z v23 (I (B (I x z S (z (K z)))) (I (z K) z)))
S (z v23 (B (I x z S (z (K z))) (I (z K) z)))
S (z v23 (B (x z S (z (K z))) (I (z K) z)))
S (z v23 (B (x z S (z (K z))) (z K z)))
S (I x (B I (B (x z v21) (x I)))) B
S (x (B I (B (x z v21) (x I)))) B
S (x (z B (x S B) z (v16 (z B S (z z I))) (x S))) K (v7 x (S B (K K (S z z v16 B (z K))) (x K (z z I)))) v2
x (z B (x S B) z (v16 (z B S (z z I))) (x S)) (v7 x (S B (K K (S z z v16 B (z K))) (x K (z z I)))) (K (v7 x (S B (K K (S z z v16 B (z K))) (x K (z z I))))) v2
x (z B (x S B) z (v16 (z B S (z z I))) (x S)) (v7 x (B (x K (z z I)) (K K (S z z v16 B (z K)) (x K (z z I))))) (K (v7 x (S B (K K (S z z v16 B (z K))) (x K (z z I))))) v2
x (z B (x S B) z (v16 (z B S (z z I))) (x S)) (v7 x (B (x K (z z I)) (K (x K (z z I))))) (K (v7 x (S B (K K (S z z v16 B (z K))) (x K (z z I))))) v2
x (z B (x S B) z (v16 (z B S (z z I))) (x S)) (v7 x (B (x K (z z I)) (K (x K (z z I))))) (K (v7 x (B (x K (z z I)) (K K (S z z v16 B (z K)) (x K (z z I)))))) v2
x (z B (x S B) z (v16 (z B S (z z I))) (x S)) (v7 x (B (x K (z z I)) (K (x K (z z I))))) (K (v7 x (B (x K (z z I)) (K (x K (z z I)))))) v2
S (v17 (z (S z B I) v1 (K (B (z v29 B v20))) B)) (K (S z (I (v2 (z I B) (B (B z (K x))) z)) (z (z K))))
S (v17 (z (z I (B I)) v1 (K (B (z v29 B v20))) B)) (K (S z (I (v2 (z I B) (B (B z (K x))) z)) (z (z K))))
S (v17 (z (z I (B I)) v1 (K (B (z v29 B v20))) B)) (K (z (z (z K)) (I (v2 (z I B) (B (B z (K x))) z) (z (z K)))))
S (v17 (z (z I (B I)) v1 (K (B (z v29 B v20))) B)) (K (z (z (z K)) (v2 (z I B) (B (B z (K x))) z (z (z K)))))
K K (v21 v8 (B x z B) (S (K B (K z I x)))) (S K)
K (S K)
