S B (z (S z v9)) (S S (B (S S) (v5 z) B (z v20 v4 B z) (z v15) B (v5 (v10 (B z)) x (K K)))) z x
B (S S (B (S S) (v5 z) B (z v20 v4 B z) (z v15) B (v5 (v10 (B z)) x (K K)))) (z (S z v9) (S S (B (S S) (v5 z) B (z v20 v4 B z) (z v15) B (v5 (v10 (B z)) x (K K))))) z x
S S (B (S S) (v5 z) B (z v20 v4 B z) (z v15) B (v5 (v10 (B z)) x (K K))) (z (S z v9) (S S (B (S S) (v5 z) B (z v20 v4 B z) (z v15) B (v5 (v10 (B z)) x (K K)))) z) x
S (z (S z v9) (S S (B (S S) (v5 z) B (z v20 v4 B z) (z v15) B (v5 (v10 (B z)) x (K K)))) z) (B (S S) (v5 z) B (z v20 v4 B z) (z v15) B (v5 (v10 (B z)) x (K K)) (z (S z v9) (S S (B (S S) (v5 z) B (z v20 v4 B z) (z v15) B (v5 (v10 (B z)) x (K K)))) z)) x
z (S z v9) (S S (B (S S) (v5 z) B (z v20 v4 B z) (z v15) B (v5 (v10 (B z)) x (K K)))) z x (B (S S) (v5 z) B (z v20 v4 B z) (z v15) B (v5 (v10 (B z)) x (K K)) (z (S z v9) (S S (B (S S) (v5 z) B (z v20 v4 B z) (z v15) B (v5 (v10 (B z)) x (K K)))) z) x)
z (S z v9) (S S (S S (v5 z B) (z v20 v4 B z) (z v15) B (v5 (v10 (B z)) x (K K)))) z x (B (S S) (v5 z) B (z v20 v4 B z) (z v15) B (v5 (v10 (B z)) x (K K)) (z (S z v9) (S S (B (S S) (v5 z) B (z v20 v4 B z) (z v15) B (v5 (v10 (B z)) x (K K)))) z) x)
z (S z v9) (S S (S (z v20 v4 B z) (v5 z B (z v20 v4 B z)) (z v15) B (v5 (v10 (B z)) x (K K)))) z x (B (S S) (v5 z) B (z v20 v4 B z) (z v15) B (v5 (v10 (B z)) x (K K)) (z (S z v9) (S S (B (S S) (v5 z) B (z v20 v4 B z) (z v15) B (v5 (v10 (B z)) x (K K)))) z) x)
z (S z v9) (S S (z v20 v4 B z (z v15) (v5 z B (z v20 v4 B z) (z v15)) B (v5 (v10 (B z)) x (K K)))) z x (B (S S) (v5 z) B (z v20 v4 B z) (z v15) B (v5 (v10 (B z)) x (K K)) (z (S z v9) (S S (B (S S) (v5 z) B (z v20 v4 B z) (z v15) B (v5 (v10 (B z)) x (K K)))) z) x)
z (S z v9) (S S (z v20 v4 B z (z v15) (v5 z B (z v20 v4 B z) (z v15)) B (v5 (v10 (B z)) x (K K)))) z x (S S (v5 z B) (z v20 v4 B z) (z v15) B (v5 (v10 (B z)) x (K K)) (z (S z v9) (S S (B (S S) (v5 z) B (z v20 v4 B z) (z v15) B (v5 (v10 (B z)) x (K K)))) z) x)
z (S z v9) (S S (z v20 v4 B z (z v15) (v5 z B (z v20 v4 B z) (z v15)) B (v5 (v10 (B z)) x (K K)))) z x (S (z v20 v4 B z) (v5 z B (z v20 v4 B z)) (z v15) B (v5 (v10 (B z)) x (K K)) (z (S z v9) (S S (B (S S) (v5 z) B (z v20 v4 B z) (z v15) B (v5 (v10 (B z)) x (K K)))) z) x)
z (S z v9) (S S (z v20 v4 B z (z v15) (v5 z B (z v20 v4 B z) (z v15)) B (v5 (v10 (B z)) x (K K)))) z x (z v20 v4 B z (z v15) (v5 z B (z v20 v4 B z) (z v15)) B (v5 (v10 (B z)) x (K K)) (z (S z v9) (S S (B (S S) (v5 z) B (z v20 v4 B z) (z v15) B (v5 (v10 (B z)) x (K K)))) z) x)
z (S z v9) (S S (z v20 v4 B z (z v15) (v5 z B (z v20 v4 B z) (z v15)) B (v5 (v10 (B z)) x (K K)))) z x (z v20 v4 B z (z v15) (v5 z B (z v20 v4 B z) (z v15)) B (v5 (v10 (B z)) x (K K)) (z (S z v9) (S S (S S (v5 z B) (z v20 v4 B z) (z v15) B (v5 (v10 (B z)) x (K K)))) z) x)
z (S z v9) (S S (z v20 v4 B z (z v15) (v5 z B (z v20 v4 B z) (z v15)) B (v5 (v10 (B z)) x (K K)))) z x (z v20 v4 B z (z v15) (v5 z B (z v20 v4 B z) (z v15)) B (v5 (v10 (B z)) x (K K)) (z (S z v9) (S S (S (z v20 v4 B z) (v5 z B (z v20 v4 B z)) (z v15) B (v5 (v10 (B z)) x (K K)))) z) x)
z (S z v9) (S S (z v20 v4 B z (z v15) (v5 z B (z v20 v4 B z) (z v15)) B (v5 (v10 (B z)) x (K K)))) z x (z v20 v4 B z (z v15) (v5 z B (z v20 v4 B z) (z v15)) B (v5 (v10 (B z)) x (K K)) (z (S z v9) (S S (z v20 v4 B z (z v15) (v5 z B (z v20 v4 B z) (z v15)) B (v5 (v10 (B z)) x (K K)))) z) x)
S B
v25 x (K z (x K (I (v27 S v5))) v23 I v5 (I (S (x (S K)) (K B K) (S (I (z B S K) K) I)))) (v8 (I v9 (K (B K))) (K (z I)) (x (x (v9 B (I S))) (K v30) K (I K K) (v10 (z (x x))) (v0 v0 z) (v29 B (K K S (I S) S K))) z)
v25 x (z v23 I v5 (I (S (x (S K)) (K B K) (S (I (z B S K) K) I)))) (v8 (I v9 (K (B K))) (K (z I)) (x (x (v9 B (I S))) (K v30) K (I K K) (v10 (z (x x))) (v0 v0 z) (v29 B (K K S (I S) S K))) z)
v25 x (z v23 I v5 (S (x (S K)) (K B K) (S (I (z B S K) K) I))) (v8 (I v9 (K (B K))) (K (z I)) (x (x (v9 B (I S))) (K v30) K (I K K) (v10 (z (x x))) (v0 v0 z) (v29 B (K K S (I S) S K))) z)
v25 x (z v23 I v5 (x (S K) (S (I (z B S K) K) I) (K B K (S (I (z B S K) K) I)))) (v8 (I v9 (K (B K))) (K (z I)) (x (x (v9 B (I S))) (K v30) K (I K K) (v10 (z (x x))) (v0 v0 z) (v29 B (K K S (I S) S K))) z)
v25 x (z v23 I v5 (x (S K) (S (z B S K K) I) (K B K (S (I (z B S K) K) I)))) (v8 (I v9 (K (B K))) (K (z I)) (x (x (v9 B (I S))) (K v30) K (I K K) (v10 (z (x x))) (v0 v0 z) (v29 B (K K S (I S) S K))) z)
v25 x (z v23 I v5 (x (S K) (S (z B S K K) I) (B (S (I (z B S K) K) I)))) (v8 (I v9 (K (B K))) (K (z I)) (x (x (v9 B (I S))) (K v30) K (I K K) (v10 (z (x x))) (v0 v0 z) (v29 B (K K S (I S) S K))) z)
v25 x (z v23 I v5 (x (S K) (S (z B S K K) I) (B (S (z B S K K) I)))) (v8 (I v9 (K (B K))) (K (z I)) (x (x (v9 B (I S))) (K v30) K (I K K) (v10 (z (x x))) (v0 v0 z) (v29 B (K K S (I S) S K))) z)
v25 x (z v23 I v5 (x (S K) (S (z B S K K) I) (B (S (z B S K K) I)))) (v8 (v9 (K (B K))) (K (z I)) (x (x (v9 B (I S))) (K v30) K (I K K) (v10 (z (x x))) (v0 v0 z) (v29 B (K K S (I S) S K))) z)
v25 x (z v23 I v5 (x (S K) (S (z B S K K) I) (B (S (z B S K K) I)))) (v8 (v9 (K (B K))) (K (z I)) (x (x (v9 B S)) (K v30) K (I K K) (v10 (z (x x))) (v0 v0 z) (v29 B (K K S (I S) S K))) z)
v25 x (z v23 I v5 (x (S K) (S (z B S K K) I) (B (S (z B S K K) I)))) (v8 (v9 (K (B K))) (K (z I)) (x (x (v9 B S)) (K v30) K (K K) (v10 (z (x x))) (v0 v0 z) (v29 B (K K S (I S) S K))) z)
v25 x (z v23 I v5 (x (S K) (S (z B S K K) I) (B (S (z B S K K) I)))) (v8 (v9 (K (B K))) (K (z I)) (x (x (v9 B S)) (K v30) K (K K) (v10 (z (x x))) (v0 v0 z) (v29 B (K (I S) S K))) z)
v25 x (z v23 I v5 (x (S K) (S (z B S K K) I) (B (S (z B S K K) I)))) (v8 (v9 (K (B K))) (K (z I)) (x (x (v9 B S)) (K v30) K (K K) (v10 (z (x x))) (v0 v0 z) (v29 B (I S K))) z)
v25 x (z v23 I v5 (x (S K) (S (z B S K K) I) (B (S (z B S K K) I)))) (v8 (v9 (K (B K))) (K (z I)) (x (x (v9 B S)) (K v30) K (K K) (v10 (z (x x))) (v0 v0 z) (v29 B (S K))) z)
I (v23 (S (z (x x K) x) (z (K S) I))) (x (x (v24 (K z z)) (z (B (K z))) (v29 (K (S K x)) (B I)))) S
v23 (S (z (x x K) x) (z (K S) I)) (x (x (v24 (K z z)) (z (B (K z))) (v29 (K (S K x)) (B I)))) S
v23 (S (z (x x K) x) (z (K S) I)) (x (x (v24 z) (z (B (K z))) (v29 (K (S K x)) (B I)))) S
x (x S (x (K K) S) x B) (S (S x (S I S (B (z B v11)))) I (v6 B S)) (I v2 (z S) B)
x (x S (x (K K) S) x B) (S x (S I S (B (z B v11))) (v6 B S) (I (v6 B S))) (I v2 (z S) B)
x (x S (x (K K) S) x B) (x (v6 B S) (S I S (B (z B v11)) (v6 B S)) (I (v6 B S))) (I v2 (z S) B)
x (x S (x (K K) S) x B) (x (v6 B S) (I (B (z B v11)) (S (B (z B v11))) (v6 B S)) (I (v6 B S))) (I v2 (z S) B)
x (x S (x (K K) S) x B) (x (v6 B S) (B (z B v11) (S (B (z B v11))) (v6 B S)) (I (v6 B S))) (I v2 (z S) B)
x (x S (x (K K) S) x B) (x (v6 B S) (z B v11 (S (B (z B v11)) (v6 B S))) (I (v6 B S))) (I v2 (z S) B)
x (x S (x (K K) S) x B) (x (v6 B S) (z B v11 (S (B (z B v11)) (v6 B S))) (v6 B S)) (I v2 (z S) B)
x (x S (x (K K) S) x B) (x (v6 B S) (z B v11 (S (B (z B v11)) (v6 B S))) (v6 B S)) (v2 (z S) B)
K
v29 (I (B z K I (z B (z (v7 I))) (S (x (S z)))) (x v23 z I) (z (v11 v15) (x S K) x S z))
v29 (B z K I (z B (z (v7 I))) (S (x (S z))) (x v23 z I) (z (v11 v15) (x S K) x S z))
v29 (z (K I) (z B (z (v7 I))) (S (x (S z))) (x v23 z I) (z (v11 v15) (x S K) x S z))
v26 (v8 x (K (v22 (S v9)) (z z) K (I S (S (S S) I x) B) (z B z (x S)))) (K B)
v26 (v8 x (v22 (S v9) K (I S (S (S S) I x) B) (z B z (x S)))) (K B)
v26 (v8 x (v22 (S v9) K (S (S (S S) I x) B) (z B z (x S)))) (K B)
v26 (v8 x (v22 (S v9) K (S (S S x (I x)) B) (z B z (x S)))) (K B)
v26 (v8 x (v22 (S v9) K (S (S (I x) (x (I x))) B) (z B z (x S)))) (K B)
v26 (v8 x (v22 (S v9) K (S (S x (x (I x))) B) (z B z (x S)))) (K B)
v26 (v8 x (v22 (S v9) K (S (S x (x x)) B) (z B z (x S)))) (K B)
z (x z v25 x)
K (v16 B) (I S v10) (x (I I (x (v12 z) (x S (S v1) x K)) S) z (B I z v13 z (v20 x S))) (K x)
v16 B (x (I I (x (v12 z) (x S (S v1) x K)) S) z (B I z v13 z (v20 x S))) (K x)
v16 B (x (I (x (v12 z) (x S (S v1) x K)) S) z (B I z v13 z (v20 x S))) (K x)
v16 B (x (x (v12 z) (x S (S v1) x K) S) z (B I z v13 z (v20 x S))) (K x)
v16 B (x (x (v12 z) (x S (S v1) x K) S) z (I (z v13) z (v20 x S))) (K x)
v16 B (x (x (v12 z) (x S (S v1) x K) S) z (z v13 z (v20 x S))) (K x)
