z
B
I K (I (x (S (I K) x)) (z K) (z x z z x (z v12 x (B B z) (B I B))) (S (I B B B)) (z (S I) (B (v9 (I (I z))) (x z (z (S v11 (z (v29 x z)))))) v20))
K (I (x (S (I K) x)) (z K) (z x z z x (z v12 x (B B z) (B I B))) (S (I B B B)) (z (S I) (B (v9 (I (I z))) (x z (z (S v11 (z (v29 x z)))))) v20))
K (x (S (I K) x) (z K) (z x z z x (z v12 x (B B z) (B I B))) (S (I B B B)) (z (S I) (B (v9 (I (I z))) (x z (z (S v11 (z (v29 x z)))))) v20))
K (x (S K x) (z K) (z x z z x (z v12 x (B B z) (B I B))) (S (I B B B)) (z (S I) (B (v9 (I (I z))) (x z (z (S v11 (z (v29 x z)))))) v20))
K (x (S K x) (z K) (z x z z x (z v12 x (B B z) (B I B))) (S (B B B)) (z (S I) (B (v9 (I (I z))) (x z (z (S v11 (z (v29 x z)))))) v20))
K (x (S K x) (z K) (z x z z x (z v12 x (B B z) (B I B))) (S (B B B)) (z (S I) (B (v9 (I z)) (x z (z (S v11 (z (v29 x z)))))) v20))
K (x (S K x) (z K) (z x z z x (z v12 x (B B z) (B I B))) (S (B B B)) (z (S I) (B (v9 z) (x z (z (S v11 (z (v29 x z)))))) v20))
S (B (S (S I) (I (v30 B) (K v3 (v25 v2))))) (v2 (v8 I) x z (I v29 x) (I K (I (K S) (B S)) z (v3 I (v14 (v30 B)) x K) (B K)))
S (B (S (S I) (v30 B (K v3 (v25 v2))))) (v2 (v8 I) x z (I v29 x) (I K (I (K S) (B S)) z (v3 I (v14 (v30 B)) x K) (B K)))
S (B (S (S I) (v30 B v3))) (v2 (v8 I) x z (I v29 x) (I K (I (K S) (B S)) z (v3 I (v14 (v30 B)) x K) (B K)))
S (B (S (S I) (v30 B v3))) (v2 (v8 I) x z (v29 x) (I K (I (K S) (B S)) z (v3 I (v14 (v30 B)) x K) (B K)))
S (B (S (S I) (v30 B v3))) (v2 (v8 I) x z (v29 x) (K (I (K S) (B S)) z (v3 I (v14 (v30 B)) x K) (B K)))
S (B (S (S I) (v30 B v3))) (v2 (v8 I) x z (v29 x) (I (K S) (B S) (v3 I (v14 (v30 B)) x K) (B K)))
S (B (S (S I) (v30 B v3))) (v2 (v8 I) x z (v29 x) (K S (B S) (v3 I (v14 (v30 B)) x K) (B K)))
S (B (S (S I) (v30 B v3))) (v2 (v8 I) x z (v29 x) (S (v3 I (v14 (v30 B)) x K) (B K)))
I
S (v6 z) z
I (B I (z x) B) (K (K S) (B I B) B x (S S (x (I K)) (v1 z I)) I) I
B I (z x) B (K (K S) (B I B) B x (S S (x (I K)) (v1 z I)) I) I
I (z x B) (K (K S) (B I B) B x (S S (x (I K)) (v1 z I)) I) I
z x B (K (K S) (B I B) B x (S S (x (I K)) (v1 z I)) I) I
z x B (K S B x (S S (x (I K)) (v1 z I)) I) I
z x B (S x (S S (x (I K)) (v1 z I)) I) I
z x B (x I (S S (x (I K)) (v1 z I) I)) I
z x B (x I (S (v1 z I) (x (I K) (v1 z I)) I)) I
z x B (x I (v1 z I I (x (I K) (v1 z I) I))) I
z x B (x I (v1 z I I (x K (v1 z I) I))) I
I (I (z (v17 (S (v17 B) (z v14)) v0) (x x (I (B (B (z (z (v10 B)))) x) (z x)))) (z (K S) (z (I S))))
I (z (v17 (S (v17 B) (z v14)) v0) (x x (I (B (B (z (z (v10 B)))) x) (z x)))) (z (K S) (z (I S)))
z (v17 (S (v17 B) (z v14)) v0) (x x (I (B (B (z (z (v10 B)))) x) (z x))) (z (K S) (z (I S)))
z (v17 (S (v17 B) (z v14)) v0) (x x (B (B (z (z (v10 B)))) x (z x))) (z (K S) (z (I S)))
z (v17 (S (v17 B) (z v14)) v0) (x x (B (z (z (v10 B))) (x (z x)))) (z (K S) (z (I S)))
z (v17 (S (v17 B) (z v14)) v0) (x x (B (z (z (v10 B))) (x (z x)))) (z (K S) (z S))
S (S I (z I (x (z (B B) S)))) (I (K (z x) (S (x v17 v10) (I x) S))) S (K (x z I) (x (v24 (K z)) x)) (v27 B (z (v25 z (B I (S B)) (x S K (B (B z)))) (I (z S (B z (z (x z)) (S (z S) x)) K)))) (v7 x (v10 (I (x (K I (K z) B))) S) S)
S I (z I (x (z (B B) S))) S (I (K (z x) (S (x v17 v10) (I x) S)) S) (K (x z I) (x (v24 (K z)) x)) (v27 B (z (v25 z (B I (S B)) (x S K (B (B z)))) (I (z S (B z (z (x z)) (S (z S) x)) K)))) (v7 x (v10 (I (x (K I (K z) B))) S) S)
I S (z I (x (z (B B) S)) S) (I (K (z x) (S (x v17 v10) (I x) S)) S) (K (x z I) (x (v24 (K z)) x)) (v27 B (z (v25 z (B I (S B)) (x S K (B (B z)))) (I (z S (B z (z (x z)) (S (z S) x)) K)))) (v7 x (v10 (I (x (K I (K z) B))) S) S)
S (z I (x (z (B B) S)) S) (I (K (z x) (S (x v17 v10) (I x) S)) S) (K (x z I) (x (v24 (K z)) x)) (v27 B (z (v25 z (B I (S B)) (x S K (B (B z)))) (I (z S (B z (z (x z)) (S (z S) x)) K)))) (v7 x (v10 (I (x (K I (K z) B))) S) S)
z I (x (z (B B) S)) S (K (x z I) (x (v24 (K z)) x)) (I (K (z x) (S (x v17 v10) (I x) S)) S (K (x z I) (x (v24 (K z)) x))) (v27 B (z (v25 z (B I (S B)) (x S K (B (B z)))) (I (z S (B z (z (x z)) (S (z S) x)) K)))) (v7 x (v10 (I (x (K I (K z) B))) S) S)
z I (x (z (B B) S)) S (x z I) (I (K (z x) (S (x v17 v10) (I x) S)) S (K (x z I) (x (v24 (K z)) x))) (v27 B (z (v25 z (B I (S B)) (x S K (B (B z)))) (I (z S (B z (z (x z)) (S (z S) x)) K)))) (v7 x (v10 (I (x (K I (K z) B))) S) S)
z I (x (z (B B) S)) S (x z I) (K (z x) (S (x v17 v10) (I x) S) S (K (x z I) (x (v24 (K z)) x))) (v27 B (z (v25 z (B I (S B)) (x S K (B (B z)))) (I (z S (B z (z (x z)) (S (z S) x)) K)))) (v7 x (v10 (I (x (K I (K z) B))) S) S)
z I (x (z (B B) S)) S (x z I) (z x S (K (x z I) (x (v24 (K z)) x))) (v27 B (z (v25 z (B I (S B)) (x S K (B (B z)))) (I (z S (B z (z (x z)) (S (z S) x)) K)))) (v7 x (v10 (I (x (K I (K z) B))) S) S)
z I (x (z (B B) S)) S (x z I) (z x S (x z I)) (v27 B (z (v25 z (B I (S B)) (x S K (B (B z)))) (I (z S (B z (z (x z)) (S (z S) x)) K)))) (v7 x (v10 (I (x (K I (K z) B))) S) S)
z I (x (z (B B) S)) S (x z I) (z x S (x z I)) (v27 B (z (v25 z (B I (S B)) (x S K (B (B z)))) (z S (B z (z (x z)) (S (z S) x)) K))) (v7 x (v10 (I (x (K I (K z) B))) S) S)
z I (x (z (B B) S)) S (x z I) (z x S (x z I)) (v27 B (z (v25 z (B I (S B)) (x S K (B (B z)))) (z S (z (z (x z) (S (z S) x))) K))) (v7 x (v10 (I (x (K I (K z) B))) S) S)
z I (x (z (B B) S)) S (x z I) (z x S (x z I)) (v27 B (z (v25 z (B I (S B)) (x S K (B (B z)))) (z S (z (z (x z) (S (z S) x))) K))) (v7 x (v10 (x (K I (K z) B)) S) S)
z I (x (z (B B) S)) S (x z I) (z x S (x z I)) (v27 B (z (v25 z (B I (S B)) (x S K (B (B z)))) (z S (z (z (x z) (S (z S) x))) K))) (v7 x (v10 (x (I B)) S) S)
z I (x (z (B B) S)) S (x z I) (z x S (x z I)) (v27 B (z (v25 z (B I (S B)) (x S K (B (B z)))) (z S (z (z (x z) (S (z S) x))) K))) (v7 x (v10 (x B) S) S)
v18 (I (K B (x (B (S (K x))))) (x (z z K z)) (K B S)) (I (I (K K B))) z z (I (K (K (z (I I) S)) (v25 (z z (B (v23 S))))) I)
v18 (K B (x (B (S (K x)))) (x (z z K z)) (K B S)) (I (I (K K B))) z z (I (K (K (z (I I) S)) (v25 (z z (B (v23 S))))) I)
v18 (B (x (z z K z)) (K B S)) (I (I (K K B))) z z (I (K (K (z (I I) S)) (v25 (z z (B (v23 S))))) I)
v18 (B (x (z z K z)) B) (I (I (K K B))) z z (I (K (K (z (I I) S)) (v25 (z z (B (v23 S))))) I)
v18 (B (x (z z K z)) B) (I (K K B)) z z (I (K (K (z (I I) S)) (v25 (z z (B (v23 S))))) I)
v18 (B (x (z z K z)) B) (K K B) z z (I (K (K (z (I I) S)) (v25 (z z (B (v23 S))))) I)
v18 (B (x (z z K z)) B) K z z (I (K (K (z (I I) S)) (v25 (z z (B (v23 S))))) I)
v18 (B (x (z z K z)) B) K z z (K (K (z (I I) S)) (v25 (z z (B (v23 S)))) I)
v18 (B (x (z z K z)) B) K z z (K (z (I I) S) I)
v18 (B (x (z z K z)) B) K z z (z (I I) S)
v18 (B (x (z z K z)) B) K z z (z I S)
