z (v9 (S B (B (S I I (B (x (I x))) (I (z I) S v8 (I v4 B I))))) (I (x v16)) (I (I (S I B I x) K))) (v22 I K (I S) z (B S (B z (B I)) B)) (B B (v18 S v5) K x (z (z (I K S (S I (x B) S I v12 I (I B)))) (S v15 (x v9 v11 z) (z z) z)))
z (v9 (S B (B (I (B (x (I x))) (I (B (x (I x)))) (I (z I) S v8 (I v4 B I))))) (I (x v16)) (I (I (S I B I x) K))) (v22 I K (I S) z (B S (B z (B I)) B)) (B B (v18 S v5) K x (z (z (I K S (S I (x B) S I v12 I (I B)))) (S v15 (x v9 v11 z) (z z) z)))
z (v9 (S B (B (B (x (I x)) (I (B (x (I x)))) (I (z I) S v8 (I v4 B I))))) (I (x v16)) (I (I (S I B I x) K))) (v22 I K (I S) z (B S (B z (B I)) B)) (B B (v18 S v5) K x (z (z (I K S (S I (x B) S I v12 I (I B)))) (S v15 (x v9 v11 z) (z z) z)))
z (v9 (S B (B (x (I x) (I (B (x (I x))) (I (z I) S v8 (I v4 B I)))))) (I (x v16)) (I (I (S I B I x) K))) (v22 I K (I S) z (B S (B z (B I)) B)) (B B (v18 S v5) K x (z (z (I K S (S I (x B) S I v12 I (I B)))) (S v15 (x v9 v11 z) (z z) z)))
z (v9 (S B (B (x x (I (B (x (I x))) (I (z I) S v8 (I v4 B I)))))) (I (x v16)) (I (I (S I B I x) K))) (v22 I K (I S) z (B S (B z (B I)) B)) (B B (v18 S v5) K x (z (z (I K S (S I (x B) S I v12 I (I B)))) (S v15 (x v9 v11 z) (z z) z)))
z (v9 (S B (B (x x (B (x (I x)) (I (z I) S v8 (I v4 B I)))))) (I (x v16)) (I (I (S I B I x) K))) (v22 I K (I S) z (B S (B z (B I)) B)) (B B (v18 S v5) K x (z (z (I K S (S I (x B) S I v12 I (I B)))) (S v15 (x v9 v11 z) (z z) z)))
z (v9 (S B (B (x x (B (x x) (I (z I) S v8 (I v4 B I)))))) (I (x v16)) (I (I (S I B I x) K))) (v22 I K (I S) z (B S (B z (B I)) B)) (B B (v18 S v5) K x (z (z (I K S (S I (x B) S I v12 I (I B)))) (S v15 (x v9 v11 z) (z z) z)))
z (v9 (S B (B (x x (B (x x) (z I S v8 (I v4 B I)))))) (I (x v16)) (I (I (S I B I x) K))) (v22 I K (I S) z (B S (B z (B I)) B)) (B B (v18 S v5) K x (z (z (I K S (S I (x B) S I v12 I (I B)))) (S v15 (x v9 v11 z) (z z) z)))
z (v9 (S B (B (x x (B (x x) (z I S v8 (v4 B I)))))) (I (x v16)) (I (I (S I B I x) K))) (v22 I K (I S) z (B S (B z (B I)) B)) (B B (v18 S v5) K x (z (z (I K S (S I (x B) S I v12 I (I B)))) (S v15 (x v9 v11 z) (z z) z)))
z (v9 (S B (B (x x (B (x x) (z I S v8 (v4 B I)))))) (x v16) (I (I (S I B I x) K))) (v22 I K (I S) z (B S (B z (B I)) B)) (B B (v18 S v5) K x (z (z (I K S (S I (x B) S I v12 I (I B)))) (S v15 (x v9 v11 z) (z z) z)))
z (v9 (S B (B (x x (B (x x) (z I S v8 (v4 B I)))))) (x v16) (I (S I B I x) K)) (v22 I K (I S) z (B S (B z (B I)) B)) (B B (v18 S v5) K x (z (z (I K S (S I (x B) S I v12 I (I B)))) (S v15 (x v9 v11 z) (z z) z)))
z (v9 (S B (B (x x (B (x x) (z I S v8 (v4 B I)))))) (x v16) (S I B I x K)) (v22 I K (I S) z (B S (B z (B I)) B)) (B B (v18 S v5) K x (z (z (I K S (S I (x B) S I v12 I (I B)))) (S v15 (x v9 v11 z) (z z) z)))
z (v9 (S B (B (x x (B (x x) (z I S v8 (v4 B I)))))) (x v16) (I I (B I) x K)) (v22 I K (I S) z (B S (B z (B I)) B)) (B B (v18 S v5) K x (z (z (I K S (S I (x B) S I v12 I (I B)))) (S v15 (x v9 v11 z) (z z) z)))
z (v9 (S B (B (x x (B (x x) (z I S v8 (v4 B I)))))) (x v16) (I (B I) x K)) (v22 I K (I S) z (B S (B z (B I)) B)) (B B (v18 S v5) K x (z (z (I K S (S I (x B) S I v12 I (I B)))) (S v15 (x v9 v11 z) (z z) z)))
z (v9 (S B (B (x x (B (x x) (z I S v8 (v4 B I)))))) (x v16) (B I x K)) (v22 I K (I S) z (B S (B z (B I)) B)) (B B (v18 S v5) K x (z (z (I K S (S I (x B) S I v12 I (I B)))) (S v15 (x v9 v11 z) (z z) z)))
z (v9 (S B (B (x x (B (x x) (z I S v8 (v4 B I)))))) (x v16) (I (x K))) (v22 I K (I S) z (B S (B z (B I)) B)) (B B (v18 S v5) K x (z (z (I K S (S I (x B) S I v12 I (I B)))) (S v15 (x v9 v11 z) (z z) z)))
z (v9 (S B (B (x x (B (x x) (z I S v8 (v4 B I)))))) (x v16) (x K)) (v22 I K (I S) z (B S (B z (B I)) B)) (B B (v18 S v5) K x (z (z (I K S (S I (x B) S I v12 I (I B)))) (S v15 (x v9 v11 z) (z z) z)))
z (v9 (S B (B (x x (B (x x) (z I S v8 (v4 B I)))))) (x v16) (x K)) (v22 I K S z (B S (B z (B I)) B)) (B B (v18 S v5) K x (z (z (I K S (S I (x B) S I v12 I (I B)))) (S v15 (x v9 v11 z) (z z) z)))
z (v9 (S B (B (x x (B (x x) (z I S v8 (v4 B I)))))) (x v16) (x K)) (v22 I K S z (S (B z (B I) B))) (B B (v18 S v5) K x (z (z (I K S (S I (x B) S I v12 I (I B)))) (S v15 (x v9 v11 z) (z z) z)))
z (v9 (S B (B (x x (B (x x) (z I S v8 (v4 B I)))))) (x v16) (x K)) (v22 I K S z (S (z (B I B)))) (B B (v18 S v5) K x (z (z (I K S (S I (x B) S I v12 I (I B)))) (S v15 (x v9 v11 z) (z z) z)))
z (v9 (S B (B (x x (B (x x) (z I S v8 (v4 B I)))))) (x v16) (x K)) (v22 I K S z (S (z (B I B)))) (B (v18 S v5 K) x (z (z (I K S (S I (x B) S I v12 I (I B)))) (S v15 (x v9 v11 z) (z z) z)))
z (v9 (S B (B (x x (B (x x) (z I S v8 (v4 B I)))))) (x v16) (x K)) (v22 I K S z (S (z (B I B)))) (v18 S v5 K (x (z (z (I K S (S I (x B) S I v12 I (I B)))) (S v15 (x v9 v11 z) (z z) z))))
z (v9 (S B (B (x x (B (x x) (z I S v8 (v4 B I)))))) (x v16) (x K)) (v22 I K S z (S (z (B I B)))) (v18 S v5 K (x (z (z (K S (S I (x B) S I v12 I (I B)))) (S v15 (x v9 v11 z) (z z) z))))
z (v9 (S B (B (x x (B (x x) (z I S v8 (v4 B I)))))) (x v16) (x K)) (v22 I K S z (S (z (B I B)))) (v18 S v5 K (x (z (z S) (S v15 (x v9 v11 z) (z z) z))))
z (v9 (S B (B (x x (B (x x) (z I S v8 (v4 B I)))))) (x v16) (x K)) (v22 I K S z (S (z (B I B)))) (v18 S v5 K (x (z (z S) (v15 (z z) (x v9 v11 z (z z)) z))))
I I (S (x (S v21) x (z (I (v5 B) I (S x))) (S I B z z (I K)))) K
I (S (x (S v21) x (z (I (v5 B) I (S x))) (S I B z z (I K)))) K
S (x (S v21) x (z (I (v5 B) I (S x))) (S I B z z (I K))) K
S (x (S v21) x (z (v5 B I (S x))) (S I B z z (I K))) K
S (x (S v21) x (z (v5 B I (S x))) (I z (B z) z (I K))) K
S (x (S v21) x (z (v5 B I (S x))) (z (B z) z (I K))) K
S (x (S v21) x (z (v5 B I (S x))) (z (B z) z K)) K
x (B (I (S (I I)) I (I S)) (x v3) (z (x (v12 (I (z (B v7)))) (v9 S)) K)) S (S K)
x (I (S (I I)) I (I S) (x v3 (z (x (v12 (I (z (B v7)))) (v9 S)) K))) S (S K)
x (S (I I) I (I S) (x v3 (z (x (v12 (I (z (B v7)))) (v9 S)) K))) S (S K)
x (I I (I S) (I (I S)) (x v3 (z (x (v12 (I (z (B v7)))) (v9 S)) K))) S (S K)
x (I (I S) (I (I S)) (x v3 (z (x (v12 (I (z (B v7)))) (v9 S)) K))) S (S K)
x (I S (I (I S)) (x v3 (z (x (v12 (I (z (B v7)))) (v9 S)) K))) S (S K)
x (S (I (I S)) (x v3 (z (x (v12 (I (z (B v7)))) (v9 S)) K))) S (S K)
x (S (I S) (x v3 (z (x (v12 (I (z (B v7)))) (v9 S)) K))) S (S K)
x (S S (x v3 (z (x (v12 (I (z (B v7)))) (v9 S)) K))) S (S K)
x (S S (x v3 (z (x (v12 (z (B v7))) (v9 S)) K))) S (S K)
K
v14
S (z (I B)) (I (B (B v2) K) (v0 (B (v3 x)) (K z x) (v23 (K K K z) z (v29 x))) (K (K I)) (z (I (I (K S) z) (K S (B z))) z) x)
S (z B) (I (B (B v2) K) (v0 (B (v3 x)) (K z x) (v23 (K K K z) z (v29 x))) (K (K I)) (z (I (I (K S) z) (K S (B z))) z) x)
S (z B) (B (B v2) K (v0 (B (v3 x)) (K z x) (v23 (K K K z) z (v29 x))) (K (K I)) (z (I (I (K S) z) (K S (B z))) z) x)
S (z B) (B v2 (K (v0 (B (v3 x)) (K z x) (v23 (K K K z) z (v29 x)))) (K (K I)) (z (I (I (K S) z) (K S (B z))) z) x)
S (z B) (v2 (K (v0 (B (v3 x)) (K z x) (v23 (K K K z) z (v29 x))) (K (K I))) (z (I (I (K S) z) (K S (B z))) z) x)
S (z B) (v2 (v0 (B (v3 x)) (K z x) (v23 (K K K z) z (v29 x))) (z (I (I (K S) z) (K S (B z))) z) x)
S (z B) (v2 (v0 (B (v3 x)) z (v23 (K K K z) z (v29 x))) (z (I (I (K S) z) (K S (B z))) z) x)
S (z B) (v2 (v0 (B (v3 x)) z (v23 (K z) z (v29 x))) (z (I (I (K S) z) (K S (B z))) z) x)
S (z B) (v2 (v0 (B (v3 x)) z (v23 (K z) z (v29 x))) (z (I (K S) z (K S (B z))) z) x)
S (z B) (v2 (v0 (B (v3 x)) z (v23 (K z) z (v29 x))) (z (K S z (K S (B z))) z) x)
S (z B) (v2 (v0 (B (v3 x)) z (v23 (K z) z (v29 x))) (z (S (K S (B z))) z) x)
S (z B) (v2 (v0 (B (v3 x)) z (v23 (K z) z (v29 x))) (z (S S) z) x)
S (S (I x (I S) v5) I)
S (S (x (I S) v5) I)
S (S (x S v5) I)
x
z S K (x x (x (K S)) (K (S (K S))) (x z) S (S B) (x v22 I B S I)) (v19 B) (v2 (S (v30 I (v22 (B I) B S B) B B) (K z B (v3 (z z B) v12)) (z B)))
z S K (x x (x (K S)) (K (S (K S))) (x z) S (S B) (x v22 I B S I)) (v19 B) (v2 (v30 I (v22 (B I) B S B) B B (z B) (K z B (v3 (z z B) v12) (z B))))
z S K (x x (x (K S)) (K (S (K S))) (x z) S (S B) (x v22 I B S I)) (v19 B) (v2 (v30 I (v22 (B I) B S B) B B (z B) (z (v3 (z z B) v12) (z B))))
B (B S (B (z S))) (K (x S) x) (v16 x (v9 (K S)) (v1 (S (v23 B (K z) K I))) B)
B S (B (z S)) (K (x S) x (v16 x (v9 (K S)) (v1 (S (v23 B (K z) K I))) B))
S (B (z S) (K (x S) x (v16 x (v9 (K S)) (v1 (S (v23 B (K z) K I))) B)))
S (B (z S) (x S (v16 x (v9 (K S)) (v1 (S (v23 B (K z) K I))) B)))
