x S
K x
z (K B I v27 (S (I (I I) S) (I v17 B) z (K K)) x z)
z (B v27 (S (I (I I) S) (I v17 B) z (K K)) x z)
z (v27 (S (I (I I) S) (I v17 B) z (K K) x) z)
z (v27 (I (I I) S z (I v17 B z) (K K) x) z)
z (v27 (I I S z (I v17 B z) (K K) x) z)
z (v27 (I S z (I v17 B z) (K K) x) z)
z (v27 (S z (I v17 B z) (K K) x) z)
z (v27 (z (K K) (I v17 B z (K K)) x) z)
z (v27 (z (K K) (v17 B z (K K)) x) z)
z (z (B B) (K (S (x I x)) K) I)
z (z (B B) (S (x I x)) I)
v28
z (I (v22 I z (v29 B)) (v14 (z v15)) (v24 I) K) (S x B (x (K (K (v28 x z) I)) v16 (K (I (B (v18 (z v29)) (v27 (B (S I)) (B K I)))))) (z (x (S (S (K S (K (z I))))) v23) v13))
z (v22 I z (v29 B) (v14 (z v15)) (v24 I) K) (S x B (x (K (K (v28 x z) I)) v16 (K (I (B (v18 (z v29)) (v27 (B (S I)) (B K I)))))) (z (x (S (S (K S (K (z I))))) v23) v13))
z (v22 I z (v29 B) (v14 (z v15)) (v24 I) K) (x (x (K (K (v28 x z) I)) v16 (K (I (B (v18 (z v29)) (v27 (B (S I)) (B K I)))))) (B (x (K (K (v28 x z) I)) v16 (K (I (B (v18 (z v29)) (v27 (B (S I)) (B K I))))))) (z (x (S (S (K S (K (z I))))) v23) v13))
z (v22 I z (v29 B) (v14 (z v15)) (v24 I) K) (x (x (K (v28 x z)) v16 (K (I (B (v18 (z v29)) (v27 (B (S I)) (B K I)))))) (B (x (K (K (v28 x z) I)) v16 (K (I (B (v18 (z v29)) (v27 (B (S I)) (B K I))))))) (z (x (S (S (K S (K (z I))))) v23) v13))
z (v22 I z (v29 B) (v14 (z v15)) (v24 I) K) (x (x (K (v28 x z)) v16 (K (B (v18 (z v29)) (v27 (B (S I)) (B K I))))) (B (x (K (K (v28 x z) I)) v16 (K (I (B (v18 (z v29)) (v27 (B (S I)) (B K I))))))) (z (x (S (S (K S (K (z I))))) v23) v13))
z (v22 I z (v29 B) (v14 (z v15)) (v24 I) K) (x (x (K (v28 x z)) v16 (K (B (v18 (z v29)) (v27 (B (S I)) (B K I))))) (B (x (K (v28 x z)) v16 (K (I (B (v18 (z v29)) (v27 (B (S I)) (B K I))))))) (z (x (S (S (K S (K (z I))))) v23) v13))
z (v22 I z (v29 B) (v14 (z v15)) (v24 I) K) (x (x (K (v28 x z)) v16 (K (B (v18 (z v29)) (v27 (B (S I)) (B K I))))) (B (x (K (v28 x z)) v16 (K (B (v18 (z v29)) (v27 (B (S I)) (B K I)))))) (z (x (S (S (K S (K (z I))))) v23) v13))
z (v22 I z (v29 B) (v14 (z v15)) (v24 I) K) (x (x (K (v28 x z)) v16 (K (B (v18 (z v29)) (v27 (B (S I)) (B K I))))) (B (x (K (v28 x z)) v16 (K (B (v18 (z v29)) (v27 (B (S I)) (B K I)))))) (z (x (S (S S)) v23) v13))
z (I (K (v12 B S))) S (K v1 (B (v24 z (x (K (I (S x (B K)))) x))) z)
z (K (v12 B S)) S (K v1 (B (v24 z (x (K (I (S x (B K)))) x))) z)
z (K (v12 B S)) S (v1 z)
K B (S (x K S K) K) (I v12) (v9 S (K (I (I (I (z (K (x S)))))))) (v1 x) (B x K (x z) (I (v3 x (z v26) (S K) x) (B (S S v27)) (z (B x (I K)) (x S v13) (z S)) z)) (K z v0 (z (S (K I))) K)
B (I v12) (v9 S (K (I (I (I (z (K (x S)))))))) (v1 x) (B x K (x z) (I (v3 x (z v26) (S K) x) (B (S S v27)) (z (B x (I K)) (x S v13) (z S)) z)) (K z v0 (z (S (K I))) K)
I v12 (v9 S (K (I (I (I (z (K (x S))))))) (v1 x)) (B x K (x z) (I (v3 x (z v26) (S K) x) (B (S S v27)) (z (B x (I K)) (x S v13) (z S)) z)) (K z v0 (z (S (K I))) K)
v12 (v9 S (K (I (I (I (z (K (x S))))))) (v1 x)) (B x K (x z) (I (v3 x (z v26) (S K) x) (B (S S v27)) (z (B x (I K)) (x S v13) (z S)) z)) (K z v0 (z (S (K I))) K)
v12 (v9 S (K (I (I (z (K (x S)))))) (v1 x)) (B x K (x z) (I (v3 x (z v26) (S K) x) (B (S S v27)) (z (B x (I K)) (x S v13) (z S)) z)) (K z v0 (z (S (K I))) K)
v12 (v9 S (K (I (z (K (x S))))) (v1 x)) (B x K (x z) (I (v3 x (z v26) (S K) x) (B (S S v27)) (z (B x (I K)) (x S v13) (z S)) z)) (K z v0 (z (S (K I))) K)
v12 (v9 S (K (z (K (x S)))) (v1 x)) (B x K (x z) (I (v3 x (z v26) (S K) x) (B (S S v27)) (z (B x (I K)) (x S v13) (z S)) z)) (K z v0 (z (S (K I))) K)
v12 (v9 S (K (z (K (x S)))) (v1 x)) (x (K (x z)) (I (v3 x (z v26) (S K) x) (B (S S v27)) (z (B x (I K)) (x S v13) (z S)) z)) (K z v0 (z (S (K I))) K)
v12 (v9 S (K (z (K (x S)))) (v1 x)) (x (K (x z)) (v3 x (z v26) (S K) x (B (S S v27)) (z (B x (I K)) (x S v13) (z S)) z)) (K z v0 (z (S (K I))) K)
v12 (v9 S (K (z (K (x S)))) (v1 x)) (x (K (x z)) (v3 x (z v26) (S K) x (B (S S v27)) (z (B x K) (x S v13) (z S)) z)) (K z v0 (z (S (K I))) K)
v12 (v9 S (K (z (K (x S)))) (v1 x)) (x (K (x z)) (v3 x (z v26) (S K) x (B (S S v27)) (z (B x K) (x S v13) (z S)) z)) (z (z (S (K I))) K)
K (z (x x)) v24 (x (S B)) (S B) z z (S z) (B K I) (K (z (B (v5 z) S)) (z (v20 (K v16) v5)) B) (S (x (x B (S S (x B) (K S) I K)) (z (z (v6 v24) (z v19 (v26 B (I K) K)) (I v4 K S K) (S (K B))))))
z (x x) (x (S B)) (S B) z z (S z) (B K I) (K (z (B (v5 z) S)) (z (v20 (K v16) v5)) B) (S (x (x B (S S (x B) (K S) I K)) (z (z (v6 v24) (z v19 (v26 B (I K) K)) (I v4 K S K) (S (K B))))))
z (x x) (x (S B)) (S B) z z (S z) (B K I) (z (B (v5 z) S) B) (S (x (x B (S S (x B) (K S) I K)) (z (z (v6 v24) (z v19 (v26 B (I K) K)) (I v4 K S K) (S (K B))))))
z (x x) (x (S B)) (S B) z z (S z) (B K I) (z (B (v5 z) S) B) (S (x (x B (S (K S) (x B (K S)) I K)) (z (z (v6 v24) (z v19 (v26 B (I K) K)) (I v4 K S K) (S (K B))))))
z (x x) (x (S B)) (S B) z z (S z) (B K I) (z (B (v5 z) S) B) (S (x (x B (K S I (x B (K S) I) K)) (z (z (v6 v24) (z v19 (v26 B (I K) K)) (I v4 K S K) (S (K B))))))
z (x x) (x (S B)) (S B) z z (S z) (B K I) (z (B (v5 z) S) B) (S (x (x B (S (x B (K S) I) K)) (z (z (v6 v24) (z v19 (v26 B (I K) K)) (I v4 K S K) (S (K B))))))
z (x x) (x (S B)) (S B) z z (S z) (B K I) (z (B (v5 z) S) B) (S (x (x B (S (x B (K S) I) K)) (z (z (v6 v24) (z v19 (v26 B K K)) (I v4 K S K) (S (K B))))))
z (x x) (x (S B)) (S B) z z (S z) (B K I) (z (B (v5 z) S) B) (S (x (x B (S (x B (K S) I) K)) (z (z (v6 v24) (z v19 (v26 B K K)) (v4 K S K) (S (K B))))))
K (K x S v14 (B I (S x S) K) v21)
K (x v14 (B I (S x S) K) v21)
K (x v14 (I (S x S K)) v21)
K (x v14 (S x S K) v21)
K (x v14 (x K (S K)) v21)
