v18
v12 (I (z K x (S (z B I)) (I S (S B I) (z S) (B I) z) (v14 I)) (x (x (S I z)) (K (v1 I)) S (x (S v9))))
v12 (z K x (S (z B I)) (I S (S B I) (z S) (B I) z) (v14 I) (x (x (S I z)) (K (v1 I)) S (x (S v9))))
v12 (z K x (S (z B I)) (S (S B I) (z S) (B I) z) (v14 I) (x (x (S I z)) (K (v1 I)) S (x (S v9))))
v12 (z K x (S (z B I)) (S B I (B I) (z S (B I)) z) (v14 I) (x (x (S I z)) (K (v1 I)) S (x (S v9))))
v12 (z K x (S (z B I)) (B (B I) (I (B I)) (z S (B I)) z) (v14 I) (x (x (S I z)) (K (v1 I)) S (x (S v9))))
v12 (z K x (S (z B I)) (B I (I (B I) (z S (B I))) z) (v14 I) (x (x (S I z)) (K (v1 I)) S (x (S v9))))
v12 (z K x (S (z B I)) (I (I (B I) (z S (B I)) z)) (v14 I) (x (x (S I z)) (K (v1 I)) S (x (S v9))))
v12 (z K x (S (z B I)) (I (B I) (z S (B I)) z) (v14 I) (x (x (S I z)) (K (v1 I)) S (x (S v9))))
v12 (z K x (S (z B I)) (B I (z S (B I)) z) (v14 I) (x (x (S I z)) (K (v1 I)) S (x (S v9))))
v12 (z K x (S (z B I)) (I (z S (B I) z)) (v14 I) (x (x (S I z)) (K (v1 I)) S (x (S v9))))
v12 (z K x (S (z B I)) (z S (B I) z) (v14 I) (x (x (S I z)) (K (v1 I)) S (x (S v9))))
v30 S (B (I (K (z x S)) v24 (B I) B)) (I v6 (v12 x S) (B (I x) (B x z (I (I I) (z (v6 x)))))) (B (I B) v20 (K B K (z x)) (S z) (S S x (x (v20 (I z I B)))) (K x (I (I S B)) S I (S (I S x (K B (B K (v6 v1) K))) x (S v14))) (x B v20 (K v6 S) (z (S S I) (K (B (z B (K B)) B)) (K S (z x) K) (x K B))))
v30 S (B (K (z x S) v24 (B I) B)) (I v6 (v12 x S) (B (I x) (B x z (I (I I) (z (v6 x)))))) (B (I B) v20 (K B K (z x)) (S z) (S S x (x (v20 (I z I B)))) (K x (I (I S B)) S I (S (I S x (K B (B K (v6 v1) K))) x (S v14))) (x B v20 (K v6 S) (z (S S I) (K (B (z B (K B)) B)) (K S (z x) K) (x K B))))
v30 S (B (z x S (B I) B)) (I v6 (v12 x S) (B (I x) (B x z (I (I I) (z (v6 x)))))) (B (I B) v20 (K B K (z x)) (S z) (S S x (x (v20 (I z I B)))) (K x (I (I S B)) S I (S (I S x (K B (B K (v6 v1) K))) x (S v14))) (x B v20 (K v6 S) (z (S S I) (K (B (z B (K B)) B)) (K S (z x) K) (x K B))))
v30 S (B (z x S (B I) B)) (v6 (v12 x S) (B (I x) (B x z (I (I I) (z (v6 x)))))) (B (I B) v20 (K B K (z x)) (S z) (S S x (x (v20 (I z I B)))) (K x (I (I S B)) S I (S (I S x (K B (B K (v6 v1) K))) x (S v14))) (x B v20 (K v6 S) (z (S S I) (K (B (z B (K B)) B)) (K S (z x) K) (x K B))))
v30 S (B (z x S (B I) B)) (v6 (v12 x S) (B x (B x z (I (I I) (z (v6 x)))))) (B (I B) v20 (K B K (z x)) (S z) (S S x (x (v20 (I z I B)))) (K x (I (I S B)) S I (S (I S x (K B (B K (v6 v1) K))) x (S v14))) (x B v20 (K v6 S) (z (S S I) (K (B (z B (K B)) B)) (K S (z x) K) (x K B))))
v30 S (B (z x S (B I) B)) (v6 (v12 x S) (B x (x (z (I (I I) (z (v6 x))))))) (B (I B) v20 (K B K (z x)) (S z) (S S x (x (v20 (I z I B)))) (K x (I (I S B)) S I (S (I S x (K B (B K (v6 v1) K))) x (S v14))) (x B v20 (K v6 S) (z (S S I) (K (B (z B (K B)) B)) (K S (z x) K) (x K B))))
v30 S (B (z x S (B I) B)) (v6 (v12 x S) (B x (x (z (I I (z (v6 x))))))) (B (I B) v20 (K B K (z x)) (S z) (S S x (x (v20 (I z I B)))) (K x (I (I S B)) S I (S (I S x (K B (B K (v6 v1) K))) x (S v14))) (x B v20 (K v6 S) (z (S S I) (K (B (z B (K B)) B)) (K S (z x) K) (x K B))))
v30 S (B (z x S (B I) B)) (v6 (v12 x S) (B x (x (z (I (z (v6 x))))))) (B (I B) v20 (K B K (z x)) (S z) (S S x (x (v20 (I z I B)))) (K x (I (I S B)) S I (S (I S x (K B (B K (v6 v1) K))) x (S v14))) (x B v20 (K v6 S) (z (S S I) (K (B (z B (K B)) B)) (K S (z x) K) (x K B))))
v30 S (B (z x S (B I) B)) (v6 (v12 x S) (B x (x (z (z (v6 x)))))) (B (I B) v20 (K B K (z x)) (S z) (S S x (x (v20 (I z I B)))) (K x (I (I S B)) S I (S (I S x (K B (B K (v6 v1) K))) x (S v14))) (x B v20 (K v6 S) (z (S S I) (K (B (z B (K B)) B)) (K S (z x) K) (x K B))))
v30 S (B (z x S (B I) B)) (v6 (v12 x S) (B x (x (z (z (v6 x)))))) (I B (v20 (K B K (z x))) (S z) (S S x (x (v20 (I z I B)))) (K x (I (I S B)) S I (S (I S x (K B (B K (v6 v1) K))) x (S v14))) (x B v20 (K v6 S) (z (S S I) (K (B (z B (K B)) B)) (K S (z x) K) (x K B))))
v30 S (B (z x S (B I) B)) (v6 (v12 x S) (B x (x (z (z (v6 x)))))) (B (v20 (K B K (z x))) (S z) (S S x (x (v20 (I z I B)))) (K x (I (I S B)) S I (S (I S x (K B (B K (v6 v1) K))) x (S v14))) (x B v20 (K v6 S) (z (S S I) (K (B (z B (K B)) B)) (K S (z x) K) (x K B))))
v30 S (B (z x S (B I) B)) (v6 (v12 x S) (B x (x (z (z (v6 x)))))) (v20 (K B K (z x)) (S z (S S x (x (v20 (I z I B))))) (K x (I (I S B)) S I (S (I S x (K B (B K (v6 v1) K))) x (S v14))) (x B v20 (K v6 S) (z (S S I) (K (B (z B (K B)) B)) (K S (z x) K) (x K B))))
v30 S (B (z x S (B I) B)) (v6 (v12 x S) (B x (x (z (z (v6 x)))))) (v20 (B (z x)) (S z (S S x (x (v20 (I z I B))))) (K x (I (I S B)) S I (S (I S x (K B (B K (v6 v1) K))) x (S v14))) (x B v20 (K v6 S) (z (S S I) (K (B (z B (K B)) B)) (K S (z x) K) (x K B))))
v30 S (B (z x S (B I) B)) (v6 (v12 x S) (B x (x (z (z (v6 x)))))) (v20 (B (z x)) (S z (S (x (v20 (I z I B))) (x (x (v20 (I z I B)))))) (K x (I (I S B)) S I (S (I S x (K B (B K (v6 v1) K))) x (S v14))) (x B v20 (K v6 S) (z (S S I) (K (B (z B (K B)) B)) (K S (z x) K) (x K B))))
v30 S (B (z x S (B I) B)) (v6 (v12 x S) (B x (x (z (z (v6 x)))))) (v20 (B (z x)) (S z (S (x (v20 (z I B))) (x (x (v20 (I z I B)))))) (K x (I (I S B)) S I (S (I S x (K B (B K (v6 v1) K))) x (S v14))) (x B v20 (K v6 S) (z (S S I) (K (B (z B (K B)) B)) (K S (z x) K) (x K B))))
v30 S (B (z x S (B I) B)) (v6 (v12 x S) (B x (x (z (z (v6 x)))))) (v20 (B (z x)) (S z (S (x (v20 (z I B))) (x (x (v20 (z I B)))))) (K x (I (I S B)) S I (S (I S x (K B (B K (v6 v1) K))) x (S v14))) (x B v20 (K v6 S) (z (S S I) (K (B (z B (K B)) B)) (K S (z x) K) (x K B))))
v30 S (B (z x S (B I) B)) (v6 (v12 x S) (B x (x (z (z (v6 x)))))) (v20 (B (z x)) (S z (S (x (v20 (z I B))) (x (x (v20 (z I B)))))) (x S I (S (I S x (K B (B K (v6 v1) K))) x (S v14))) (x B v20 (K v6 S) (z (S S I) (K (B (z B (K B)) B)) (K S (z x) K) (x K B))))
v30 S (B (z x S (B I) B)) (v6 (v12 x S) (B x (x (z (z (v6 x)))))) (v20 (B (z x)) (S z (S (x (v20 (z I B))) (x (x (v20 (z I B)))))) (x S I (I S x (K B (B K (v6 v1) K)) (S v14) (x (S v14)))) (x B v20 (K v6 S) (z (S S I) (K (B (z B (K B)) B)) (K S (z x) K) (x K B))))
v30 S (B (z x S (B I) B)) (v6 (v12 x S) (B x (x (z (z (v6 x)))))) (v20 (B (z x)) (S z (S (x (v20 (z I B))) (x (x (v20 (z I B)))))) (x S I (S x (K B (B K (v6 v1) K)) (S v14) (x (S v14)))) (x B v20 (K v6 S) (z (S S I) (K (B (z B (K B)) B)) (K S (z x) K) (x K B))))
v30 S (B (z x S (B I) B)) (v6 (v12 x S) (B x (x (z (z (v6 x)))))) (v20 (B (z x)) (S z (S (x (v20 (z I B))) (x (x (v20 (z I B)))))) (x S I (x (S v14) (K B (B K (v6 v1) K) (S v14)) (x (S v14)))) (x B v20 (K v6 S) (z (S S I) (K (B (z B (K B)) B)) (K S (z x) K) (x K B))))
v30 S (B (z x S (B I) B)) (v6 (v12 x S) (B x (x (z (z (v6 x)))))) (v20 (B (z x)) (S z (S (x (v20 (z I B))) (x (x (v20 (z I B)))))) (x S I (x (S v14) (B (S v14)) (x (S v14)))) (x B v20 (K v6 S) (z (S S I) (K (B (z B (K B)) B)) (K S (z x) K) (x K B))))
v30 S (B (z x S (B I) B)) (v6 (v12 x S) (B x (x (z (z (v6 x)))))) (v20 (B (z x)) (S z (S (x (v20 (z I B))) (x (x (v20 (z I B)))))) (x S I (x (S v14) (B (S v14)) (x (S v14)))) (x B v20 v6 (z (S S I) (K (B (z B (K B)) B)) (K S (z x) K) (x K B))))
v30 S (B (z x S (B I) B)) (v6 (v12 x S) (B x (x (z (z (v6 x)))))) (v20 (B (z x)) (S z (S (x (v20 (z I B))) (x (x (v20 (z I B)))))) (x S I (x (S v14) (B (S v14)) (x (S v14)))) (x B v20 v6 (z (S S I) (K (B (z B (K B)) B)) (S K) (x K B))))
K (z B (B S v9) B)
I (z K (x (x I S) S))
z K (x (x I S) S)
S
z (I x (v18 B) I x (S (v2 S (z z)) (z z I (z (I x) B))) v2) B (v5 I I v12 (B x (v1 (v9 v26) v20) I) (x (S (x S)) (B (v7 v23)) (K (I B S)) v17) (K (B (z I B)) S) I) (v10 (z K v3 (x (x (I (z x))))) (z (x I)) S)
z (x (v18 B) I x (S (v2 S (z z)) (z z I (z (I x) B))) v2) B (v5 I I v12 (B x (v1 (v9 v26) v20) I) (x (S (x S)) (B (v7 v23)) (K (I B S)) v17) (K (B (z I B)) S) I) (v10 (z K v3 (x (x (I (z x))))) (z (x I)) S)
z (x (v18 B) I x (S (v2 S (z z)) (z z I (z x B))) v2) B (v5 I I v12 (B x (v1 (v9 v26) v20) I) (x (S (x S)) (B (v7 v23)) (K (I B S)) v17) (K (B (z I B)) S) I) (v10 (z K v3 (x (x (I (z x))))) (z (x I)) S)
z (x (v18 B) I x (S (v2 S (z z)) (z z I (z x B))) v2) B (v5 I I v12 (x (v1 (v9 v26) v20 I)) (x (S (x S)) (B (v7 v23)) (K (I B S)) v17) (K (B (z I B)) S) I) (v10 (z K v3 (x (x (I (z x))))) (z (x I)) S)
z (x (v18 B) I x (S (v2 S (z z)) (z z I (z x B))) v2) B (v5 I I v12 (x (v1 (v9 v26) v20 I)) (x (S (x S)) (B (v7 v23)) (K (B S)) v17) (K (B (z I B)) S) I) (v10 (z K v3 (x (x (I (z x))))) (z (x I)) S)
z (x (v18 B) I x (S (v2 S (z z)) (z z I (z x B))) v2) B (v5 I I v12 (x (v1 (v9 v26) v20 I)) (x (S (x S)) (B (v7 v23)) (K (B S)) v17) (B (z I B)) I) (v10 (z K v3 (x (x (I (z x))))) (z (x I)) S)
z (x (v18 B) I x (S (v2 S (z z)) (z z I (z x B))) v2) B (v5 I I v12 (x (v1 (v9 v26) v20 I)) (x (S (x S)) (B (v7 v23)) (K (B S)) v17) (B (z I B)) I) (v10 (z K v3 (x (x (z x)))) (z (x I)) S)
S S (v22 (v3 I) x z) B (v1 (z z B v18 z (v2 (x I (z (B z K)))))) B (z (x z) (x (I S (S (K S (z S) B))) B) v6 B) (K x (K (K (S (K (K I S)) (K K) B))) v21 z)
S B (v22 (v3 I) x z B) (v1 (z z B v18 z (v2 (x I (z (B z K)))))) B (z (x z) (x (I S (S (K S (z S) B))) B) v6 B) (K x (K (K (S (K (K I S)) (K K) B))) v21 z)
B (v1 (z z B v18 z (v2 (x I (z (B z K)))))) (v22 (v3 I) x z B (v1 (z z B v18 z (v2 (x I (z (B z K))))))) B (z (x z) (x (I S (S (K S (z S) B))) B) v6 B) (K x (K (K (S (K (K I S)) (K K) B))) v21 z)
v1 (z z B v18 z (v2 (x I (z (B z K))))) (v22 (v3 I) x z B (v1 (z z B v18 z (v2 (x I (z (B z K)))))) B) (z (x z) (x (I S (S (K S (z S) B))) B) v6 B) (K x (K (K (S (K (K I S)) (K K) B))) v21 z)
v1 (z z B v18 z (v2 (x I (z (B z K))))) (v22 (v3 I) x z B (v1 (z z B v18 z (v2 (x I (z (B z K)))))) B) (z (x z) (x (S (S (K S (z S) B))) B) v6 B) (K x (K (K (S (K (K I S)) (K K) B))) v21 z)
v1 (z z B v18 z (v2 (x I (z (B z K))))) (v22 (v3 I) x z B (v1 (z z B v18 z (v2 (x I (z (B z K)))))) B) (z (x z) (x (S (S (S B))) B) v6 B) (K x (K (K (S (K (K I S)) (K K) B))) v21 z)
v1 (z z B v18 z (v2 (x I (z (B z K))))) (v22 (v3 I) x z B (v1 (z z B v18 z (v2 (x I (z (B z K)))))) B) (z (x z) (x (S (S (S B))) B) v6 B) (x v21 z)
z (z v25 x v24 S z S (K I) z (v7 (K S (I v8 (K (v28 (S K) B))) K z)))
z (z v25 x v24 S z S (K I) z (v7 (S K z)))
K
