I (x v8 I K (I (B S))) (z (K (S I (S (x (I v9) K (B S) I)))) (K (z (K z B))) (v28 (z B I))) (x (I (B z)) (x (S (x I v19) (I S) x)) (I (B (K S) (z (S S)) z))) (B v10 (K B (z (S (v9 I) x)) (z (z B S) (z v14))))
x v8 I K (I (B S)) (z (K (S I (S (x (I v9) K (B S) I)))) (K (z (K z B))) (v28 (z B I))) (x (I (B z)) (x (S (x I v19) (I S) x)) (I (B (K S) (z (S S)) z))) (B v10 (K B (z (S (v9 I) x)) (z (z B S) (z v14))))
x v8 I K (B S) (z (K (S I (S (x (I v9) K (B S) I)))) (K (z (K z B))) (v28 (z B I))) (x (I (B z)) (x (S (x I v19) (I S) x)) (I (B (K S) (z (S S)) z))) (B v10 (K B (z (S (v9 I) x)) (z (z B S) (z v14))))
x v8 I K (B S) (z (K (S I (S (x v9 K (B S) I)))) (K (z (K z B))) (v28 (z B I))) (x (I (B z)) (x (S (x I v19) (I S) x)) (I (B (K S) (z (S S)) z))) (B v10 (K B (z (S (v9 I) x)) (z (z B S) (z v14))))
x v8 I K (B S) (z (K (S I (S (x v9 K (B S) I)))) (K (z z)) (v28 (z B I))) (x (I (B z)) (x (S (x I v19) (I S) x)) (I (B (K S) (z (S S)) z))) (B v10 (K B (z (S (v9 I) x)) (z (z B S) (z v14))))
x v8 I K (B S) (z (K (S I (S (x v9 K (B S) I)))) (K (z z)) (v28 (z B I))) (x (B z) (x (S (x I v19) (I S) x)) (I (B (K S) (z (S S)) z))) (B v10 (K B (z (S (v9 I) x)) (z (z B S) (z v14))))
x v8 I K (B S) (z (K (S I (S (x v9 K (B S) I)))) (K (z z)) (v28 (z B I))) (x (B z) (x (x I v19 x (I S x))) (I (B (K S) (z (S S)) z))) (B v10 (K B (z (S (v9 I) x)) (z (z B S) (z v14))))
x v8 I K (B S) (z (K (S I (S (x v9 K (B S) I)))) (K (z z)) (v28 (z B I))) (x (B z) (x (x I v19 x (S x))) (I (B (K S) (z (S S)) z))) (B v10 (K B (z (S (v9 I) x)) (z (z B S) (z v14))))
x v8 I K (B S) (z (K (S I (S (x v9 K (B S) I)))) (K (z z)) (v28 (z B I))) (x (B z) (x (x I v19 x (S x))) (B (K S) (z (S S)) z)) (B v10 (K B (z (S (v9 I) x)) (z (z B S) (z v14))))
x v8 I K (B S) (z (K (S I (S (x v9 K (B S) I)))) (K (z z)) (v28 (z B I))) (x (B z) (x (x I v19 x (S x))) (K S (z (S S) z))) (B v10 (K B (z (S (v9 I) x)) (z (z B S) (z v14))))
x v8 I K (B S) (z (K (S I (S (x v9 K (B S) I)))) (K (z z)) (v28 (z B I))) (x (B z) (x (x I v19 x (S x))) S) (B v10 (K B (z (S (v9 I) x)) (z (z B S) (z v14))))
x v8 I K (B S) (z (K (S I (S (x v9 K (B S) I)))) (K (z z)) (v28 (z B I))) (x (B z) (x (x I v19 x (S x))) S) (B v10 (B (z (z B S) (z v14))))
z (z (S (B (I x))) (v29 B (S (B (B (v1 I)) S B B))))
z (z (S (B x)) (v29 B (S (B (B (v1 I)) S B B))))
z (z (S (B x)) (v29 B (S (B (v1 I) (S B) B))))
z (z (S (B x)) (v29 B (S (v1 I (S B B)))))
B
I (z (z (B (B (x S z) S) z) K)) (S v27 (x (B x))) (K (B S (I (x I K (z (I B) I v3)) (z B)) (I z B (z I (B (x x)) (I (x (B (x B K)) (K z (I v26)))) I) S)))
z (z (B (B (x S z) S) z) K) (S v27 (x (B x))) (K (B S (I (x I K (z (I B) I v3)) (z B)) (I z B (z I (B (x x)) (I (x (B (x B K)) (K z (I v26)))) I) S)))
z (z (B (B (x S z) S) z) K) (S v27 (x (B x))) (K (S (I (x I K (z (I B) I v3)) (z B) (I z B (z I (B (x x)) (I (x (B (x B K)) (K z (I v26)))) I) S))))
z (z (B (B (x S z) S) z) K) (S v27 (x (B x))) (K (S (x I K (z (I B) I v3) (z B) (I z B (z I (B (x x)) (I (x (B (x B K)) (K z (I v26)))) I) S))))
z (z (B (B (x S z) S) z) K) (S v27 (x (B x))) (K (S (x I K (z B I v3) (z B) (I z B (z I (B (x x)) (I (x (B (x B K)) (K z (I v26)))) I) S))))
z (z (B (B (x S z) S) z) K) (S v27 (x (B x))) (K (S (x I K (z B I v3) (z B) (z B (z I (B (x x)) (I (x (B (x B K)) (K z (I v26)))) I) S))))
z (z (B (B (x S z) S) z) K) (S v27 (x (B x))) (K (S (x I K (z B I v3) (z B) (z B (z I (B (x x)) (x (B (x B K)) (K z (I v26))) I) S))))
z (z (B (B (x S z) S) z) K) (S v27 (x (B x))) (K (S (x I K (z B I v3) (z B) (z B (z I (B (x x)) (x (B (x B K)) z) I) S))))
v18 I
B (x B (z I (v20 (I I (B z)) (B I K I)))) z z I (K v16 (S (S K I)) (K v13 (S S (K S (K x) (v23 (S x z) I (I (I (v4 x))))))) (K S (I (z x I) (z z x (I B (B (z v16 x B))))) (S (B (K K))) (v12 (v24 (S (K z) (B (z I))) (I (z (z v16 (B (z I)) S)) S)))))
x B (z I (v20 (I I (B z)) (B I K I))) (z z) I (K v16 (S (S K I)) (K v13 (S S (K S (K x) (v23 (S x z) I (I (I (v4 x))))))) (K S (I (z x I) (z z x (I B (B (z v16 x B))))) (S (B (K K))) (v12 (v24 (S (K z) (B (z I))) (I (z (z v16 (B (z I)) S)) S)))))
x B (z I (v20 (I (B z)) (B I K I))) (z z) I (K v16 (S (S K I)) (K v13 (S S (K S (K x) (v23 (S x z) I (I (I (v4 x))))))) (K S (I (z x I) (z z x (I B (B (z v16 x B))))) (S (B (K K))) (v12 (v24 (S (K z) (B (z I))) (I (z (z v16 (B (z I)) S)) S)))))
x B (z I (v20 (B z) (B I K I))) (z z) I (K v16 (S (S K I)) (K v13 (S S (K S (K x) (v23 (S x z) I (I (I (v4 x))))))) (K S (I (z x I) (z z x (I B (B (z v16 x B))))) (S (B (K K))) (v12 (v24 (S (K z) (B (z I))) (I (z (z v16 (B (z I)) S)) S)))))
x B (z I (v20 (B z) (I (K I)))) (z z) I (K v16 (S (S K I)) (K v13 (S S (K S (K x) (v23 (S x z) I (I (I (v4 x))))))) (K S (I (z x I) (z z x (I B (B (z v16 x B))))) (S (B (K K))) (v12 (v24 (S (K z) (B (z I))) (I (z (z v16 (B (z I)) S)) S)))))
x B (z I (v20 (B z) (K I))) (z z) I (K v16 (S (S K I)) (K v13 (S S (K S (K x) (v23 (S x z) I (I (I (v4 x))))))) (K S (I (z x I) (z z x (I B (B (z v16 x B))))) (S (B (K K))) (v12 (v24 (S (K z) (B (z I))) (I (z (z v16 (B (z I)) S)) S)))))
x B (z I (v20 (B z) (K I))) (z z) I (v16 (K v13 (S S (K S (K x) (v23 (S x z) I (I (I (v4 x))))))) (K S (I (z x I) (z z x (I B (B (z v16 x B))))) (S (B (K K))) (v12 (v24 (S (K z) (B (z I))) (I (z (z v16 (B (z I)) S)) S)))))
x B (z I (v20 (B z) (K I))) (z z) I (v16 v13 (K S (I (z x I) (z z x (I B (B (z v16 x B))))) (S (B (K K))) (v12 (v24 (S (K z) (B (z I))) (I (z (z v16 (B (z I)) S)) S)))))
x B (z I (v20 (B z) (K I))) (z z) I (v16 v13 (S (S (B (K K))) (v12 (v24 (S (K z) (B (z I))) (I (z (z v16 (B (z I)) S)) S)))))
x B (z I (v20 (B z) (K I))) (z z) I (v16 v13 (S (S (B (K K))) (v12 (v24 (S (K z) (B (z I))) (z (z v16 (B (z I)) S) S)))))
I v16 I
v16 I
B I (S x I B) (z (z (v19 (x K)) v16) z B (B (K (B (z (x (I v20))))) K B (z v13) x x))
I (S x I B (z (z (v19 (x K)) v16) z B (B (K (B (z (x (I v20))))) K B (z v13) x x)))
S x I B (z (z (v19 (x K)) v16) z B (B (K (B (z (x (I v20))))) K B (z v13) x x))
x B (I B) (z (z (v19 (x K)) v16) z B (B (K (B (z (x (I v20))))) K B (z v13) x x))
x B B (z (z (v19 (x K)) v16) z B (B (K (B (z (x (I v20))))) K B (z v13) x x))
x B B (z (z (v19 (x K)) v16) z B (K (B (z (x (I v20)))) (K B) (z v13) x x))
x B B (z (z (v19 (x K)) v16) z B (B (z (x (I v20))) (z v13) x x))
x B B (z (z (v19 (x K)) v16) z B (z (x (I v20)) (z v13 x) x))
x B B (z (z (v19 (x K)) v16) z B (z (x v20) (z v13 x) x))
x v15 (z (K (B I z)) z (S (z I x)) (I v10 (K I) (I (x z)) (B (z K I))))
x v15 (z (K (B I z)) z (S (z I x)) (v10 (K I) (I (x z)) (B (z K I))))
x v15 (z (K (B I z)) z (S (z I x)) (v10 (K I) (x z) (B (z K I))))
I S
S
