B
K (v18 (x x) (x (z z z K K) B K) K (I K z z (I B)))
K (v18 (x x) (x (z z z K K) B K) K (K z z (I B)))
K (v18 (x x) (x (z z z K K) B K) K (z (I B)))
K (v18 (x x) (x (z z z K K) B K) K (z B))
z (S (B I) (K (z I) (v29 x) (K K))) (K (B B (z v3 z)) (x (B z (v27 v2) I) (v12 v17 (I (I S (S x B) x)))) B (B x) (S (z K) (S (v17 (B z)) v18 x B) K (S (K (v19 v22))) (B S)))
z (S (B I) (z I (K K))) (K (B B (z v3 z)) (x (B z (v27 v2) I) (v12 v17 (I (I S (S x B) x)))) B (B x) (S (z K) (S (v17 (B z)) v18 x B) K (S (K (v19 v22))) (B S)))
z (S (B I) (z I (K K))) (B B (z v3 z) B (B x) (S (z K) (S (v17 (B z)) v18 x B) K (S (K (v19 v22))) (B S)))
z (S (B I) (z I (K K))) (B (z v3 z B) (B x) (S (z K) (S (v17 (B z)) v18 x B) K (S (K (v19 v22))) (B S)))
z (S (B I) (z I (K K))) (z v3 z B (B x (S (z K) (S (v17 (B z)) v18 x B) K (S (K (v19 v22))) (B S))))
z (S (B I) (z I (K K))) (z v3 z B (B x (z K K (S (v17 (B z)) v18 x B K) (S (K (v19 v22))) (B S))))
z (S (B I) (z I (K K))) (z v3 z B (B x (z K K (v17 (B z) x (v18 x) B K) (S (K (v19 v22))) (B S))))
I
B (x (K v8 I (K I)) z (K S (z z)) (S K) v0 (K (v2 z I (v16 (I (I x) (B x))))) (x (S z)))
B (x (v8 (K I)) z (K S (z z)) (S K) v0 (K (v2 z I (v16 (I (I x) (B x))))) (x (S z)))
B (x (v8 (K I)) z S (S K) v0 (K (v2 z I (v16 (I (I x) (B x))))) (x (S z)))
B (x (v8 (K I)) z S (S K) v0 (K (v2 z I (v16 (I x (B x))))) (x (S z)))
B (x (v8 (K I)) z S (S K) v0 (K (v2 z I (v16 (x (B x))))) (x (S z)))
x
v15 S (S S S K (K (x z (B S)) z (K z)) (I z)) (v15 (v27 (S K)) (K v30) (K (S (S v27 (I I)))) (K S (x (B (S (B (v5 v15))))) K v29 (B (B (K (I B (v15 z) S S))))) (K K))
v15 S (S K (S K) (K (x z (B S)) z (K z)) (I z)) (v15 (v27 (S K)) (K v30) (K (S (S v27 (I I)))) (K S (x (B (S (B (v5 v15))))) K v29 (B (B (K (I B (v15 z) S S))))) (K K))
v15 S (K (K (x z (B S)) z (K z)) (S K (K (x z (B S)) z (K z))) (I z)) (v15 (v27 (S K)) (K v30) (K (S (S v27 (I I)))) (K S (x (B (S (B (v5 v15))))) K v29 (B (B (K (I B (v15 z) S S))))) (K K))
v15 S (K (x z (B S)) z (K z) (I z)) (v15 (v27 (S K)) (K v30) (K (S (S v27 (I I)))) (K S (x (B (S (B (v5 v15))))) K v29 (B (B (K (I B (v15 z) S S))))) (K K))
v15 S (x z (B S) (K z) (I z)) (v15 (v27 (S K)) (K v30) (K (S (S v27 (I I)))) (K S (x (B (S (B (v5 v15))))) K v29 (B (B (K (I B (v15 z) S S))))) (K K))
v15 S (x z (B S) (K z) z) (v15 (v27 (S K)) (K v30) (K (S (S v27 (I I)))) (K S (x (B (S (B (v5 v15))))) K v29 (B (B (K (I B (v15 z) S S))))) (K K))
v15 S (x z (B S) (K z) z) (v15 (v27 (S K)) (K v30) (K (S (S v27 I))) (K S (x (B (S (B (v5 v15))))) K v29 (B (B (K (I B (v15 z) S S))))) (K K))
v15 S (x z (B S) (K z) z) (v15 (v27 (S K)) (K v30) (K (S (S v27 I))) (S K v29 (B (B (K (I B (v15 z) S S))))) (K K))
v15 S (x z (B S) (K z) z) (v15 (v27 (S K)) (K v30) (K (S (S v27 I))) (K (B (B (K (I B (v15 z) S S)))) (v29 (B (B (K (I B (v15 z) S S)))))) (K K))
v15 S (x z (B S) (K z) z) (v15 (v27 (S K)) (K v30) (K (S (S v27 I))) (B (B (K (I B (v15 z) S S)))) (K K))
v15 S (x z (B S) (K z) z) (v15 (v27 (S K)) (K v30) (K (S (S v27 I))) (B (B (K (B (v15 z) S S)))) (K K))
v15 S (x z (B S) (K z) z) (v15 (v27 (S K)) (K v30) (K (S (S v27 I))) (B (B (K (v15 z (S S))))) (K K))
v0 z I (S (I x z) z) (z (v4 I) I) x
v0 z I (S (x z) z) (z (v4 I) I) x
K S (x (z B B x))
S
I (S (I I (K (B (z v6)) x))) S I (x (B K (v18 B))) (B v1 I (z v9 z (z (z (B v12) x)) (K (z v11 S) (x v28))) (B (K (B (B (I K)) I)) B))
S (I I (K (B (z v6)) x)) S I (x (B K (v18 B))) (B v1 I (z v9 z (z (z (B v12) x)) (K (z v11 S) (x v28))) (B (K (B (B (I K)) I)) B))
I I (K (B (z v6)) x) I (S I) (x (B K (v18 B))) (B v1 I (z v9 z (z (z (B v12) x)) (K (z v11 S) (x v28))) (B (K (B (B (I K)) I)) B))
I (K (B (z v6)) x) I (S I) (x (B K (v18 B))) (B v1 I (z v9 z (z (z (B v12) x)) (K (z v11 S) (x v28))) (B (K (B (B (I K)) I)) B))
K (B (z v6)) x I (S I) (x (B K (v18 B))) (B v1 I (z v9 z (z (z (B v12) x)) (K (z v11 S) (x v28))) (B (K (B (B (I K)) I)) B))
B (z v6) I (S I) (x (B K (v18 B))) (B v1 I (z v9 z (z (z (B v12) x)) (K (z v11 S) (x v28))) (B (K (B (B (I K)) I)) B))
z v6 (I (S I)) (x (B K (v18 B))) (B v1 I (z v9 z (z (z (B v12) x)) (K (z v11 S) (x v28))) (B (K (B (B (I K)) I)) B))
z v6 (S I) (x (B K (v18 B))) (B v1 I (z v9 z (z (z (B v12) x)) (K (z v11 S) (x v28))) (B (K (B (B (I K)) I)) B))
z v6 (S I) (x (B K (v18 B))) (v1 (I (z v9 z (z (z (B v12) x)) (K (z v11 S) (x v28)))) (B (K (B (B (I K)) I)) B))
z v6 (S I) (x (B K (v18 B))) (v1 (z v9 z (z (z (B v12) x)) (K (z v11 S) (x v28))) (B (K (B (B (I K)) I)) B))
z v6 (S I) (x (B K (v18 B))) (v1 (z v9 z (z (z (B v12) x)) (z v11 S)) (B (K (B (B (I K)) I)) B))
z v6 (S I) (x (B K (v18 B))) (v1 (z v9 z (z (z (B v12) x)) (z v11 S)) (B (K (B (B K) I)) B))
