S B (B S z K K)
S B (S (z K) K)
K z (z S S (K (S (x v26)) (x (K x K))) v20) v22 (B x (K x) (v11 (S v21)) (B (x v25)) K K (I (S S)))
z v22 (B x (K x) (v11 (S v21)) (B (x v25)) K K (I (S S)))
z v22 (x (K x (v11 (S v21))) (B (x v25)) K K (I (S S)))
z v22 (x x (B (x v25)) K K (I (S S)))
z v22 (x x (B (x v25)) K K (S S))
z (I (I S (B (B v12) (x v30)))) (I (x v3 K (B v0 (v25 (v6 x) S) x)) (B K) (I x (x (x B x)) (S (I (z (I v8)) (x z v16 (I x (I B)))))) B)
z (I S (B (B v12) (x v30))) (I (x v3 K (B v0 (v25 (v6 x) S) x)) (B K) (I x (x (x B x)) (S (I (z (I v8)) (x z v16 (I x (I B)))))) B)
z (S (B (B v12) (x v30))) (I (x v3 K (B v0 (v25 (v6 x) S) x)) (B K) (I x (x (x B x)) (S (I (z (I v8)) (x z v16 (I x (I B)))))) B)
z (S (B (B v12) (x v30))) (x v3 K (B v0 (v25 (v6 x) S) x) (B K) (I x (x (x B x)) (S (I (z (I v8)) (x z v16 (I x (I B)))))) B)
z (S (B (B v12) (x v30))) (x v3 K (v0 (v25 (v6 x) S x)) (B K) (I x (x (x B x)) (S (I (z (I v8)) (x z v16 (I x (I B)))))) B)
z (S (B (B v12) (x v30))) (x v3 K (v0 (v25 (v6 x) S x)) (B K) (x (x (x B x)) (S (I (z (I v8)) (x z v16 (I x (I B)))))) B)
z (S (B (B v12) (x v30))) (x v3 K (v0 (v25 (v6 x) S x)) (B K) (x (x (x B x)) (S (z (I v8) (x z v16 (I x (I B)))))) B)
z (S (B (B v12) (x v30))) (x v3 K (v0 (v25 (v6 x) S x)) (B K) (x (x (x B x)) (S (z v8 (x z v16 (I x (I B)))))) B)
z (S (B (B v12) (x v30))) (x v3 K (v0 (v25 (v6 x) S x)) (B K) (x (x (x B x)) (S (z v8 (x z v16 (x (I B)))))) B)
z (S (B (B v12) (x v30))) (x v3 K (v0 (v25 (v6 x) S x)) (B K) (x (x (x B x)) (S (z v8 (x z v16 (x B))))) B)
I
z (v25 (S (B v10)) K) (S (B S)) (v29 (z (v10 v14 v8))) (S (I (z (v28 (S x))) (v24 (z (S (K S) v18)))) (I (K (z K z))) (I (z x z (K (I (K K)) (K (I (z x)))) (I z))) B)
z (v25 (S (B v10)) K) (S (B S)) (v29 (z (v10 v14 v8))) (I (z (v28 (S x))) (v24 (z (S (K S) v18))) (I (z x z (K (I (K K)) (K (I (z x)))) (I z))) (I (K (z K z)) (I (z x z (K (I (K K)) (K (I (z x)))) (I z)))) B)
z (v25 (S (B v10)) K) (S (B S)) (v29 (z (v10 v14 v8))) (z (v28 (S x)) (v24 (z (S (K S) v18))) (I (z x z (K (I (K K)) (K (I (z x)))) (I z))) (I (K (z K z)) (I (z x z (K (I (K K)) (K (I (z x)))) (I z)))) B)
z (v25 (S (B v10)) K) (S (B S)) (v29 (z (v10 v14 v8))) (z (v28 (S x)) (v24 (z (S (K S) v18))) (z x z (K (I (K K)) (K (I (z x)))) (I z)) (I (K (z K z)) (I (z x z (K (I (K K)) (K (I (z x)))) (I z)))) B)
z (v25 (S (B v10)) K) (S (B S)) (v29 (z (v10 v14 v8))) (z (v28 (S x)) (v24 (z (S (K S) v18))) (z x z (I (K K)) (I z)) (I (K (z K z)) (I (z x z (K (I (K K)) (K (I (z x)))) (I z)))) B)
z (v25 (S (B v10)) K) (S (B S)) (v29 (z (v10 v14 v8))) (z (v28 (S x)) (v24 (z (S (K S) v18))) (z x z (K K) (I z)) (I (K (z K z)) (I (z x z (K (I (K K)) (K (I (z x)))) (I z)))) B)
z (v25 (S (B v10)) K) (S (B S)) (v29 (z (v10 v14 v8))) (z (v28 (S x)) (v24 (z (S (K S) v18))) (z x z (K K) z) (I (K (z K z)) (I (z x z (K (I (K K)) (K (I (z x)))) (I z)))) B)
z (v25 (S (B v10)) K) (S (B S)) (v29 (z (v10 v14 v8))) (z (v28 (S x)) (v24 (z (S (K S) v18))) (z x z (K K) z) (K (z K z) (I (z x z (K (I (K K)) (K (I (z x)))) (I z)))) B)
z (v25 (S (B v10)) K) (S (B S)) (v29 (z (v10 v14 v8))) (z (v28 (S x)) (v24 (z (S (K S) v18))) (z x z (K K) z) (z K z) B)
v2 (B (z (v12 (v1 B) B) S) K (S I) (I z (K B)))
v2 (z (v12 (v1 B) B) S (K (S I)) (I z (K B)))
v2 (z (v12 (v1 B) B) S (K (S I)) (z (K B)))
B (x (K K z (B I) (z K))) (v10 z) (v2 I (z (z (K B (K (v16 z))))) (I (x (K z)) S S)) (S (B z x) (B x) (x K (I (I (B (x x (I v11))) (B z)) I (I (I (I (S (x S) x)) B S (B K)) (x S)))))
x (K K z (B I) (z K)) (v10 z (v2 I (z (z (K B (K (v16 z))))) (I (x (K z)) S S))) (S (B z x) (B x) (x K (I (I (B (x x (I v11))) (B z)) I (I (I (I (S (x S) x)) B S (B K)) (x S)))))
x (K (B I) (z K)) (v10 z (v2 I (z (z (K B (K (v16 z))))) (I (x (K z)) S S))) (S (B z x) (B x) (x K (I (I (B (x x (I v11))) (B z)) I (I (I (I (S (x S) x)) B S (B K)) (x S)))))
x (B I) (v10 z (v2 I (z (z (K B (K (v16 z))))) (I (x (K z)) S S))) (S (B z x) (B x) (x K (I (I (B (x x (I v11))) (B z)) I (I (I (I (S (x S) x)) B S (B K)) (x S)))))
x (B I) (v10 z (v2 I (z (z B)) (I (x (K z)) S S))) (S (B z x) (B x) (x K (I (I (B (x x (I v11))) (B z)) I (I (I (I (S (x S) x)) B S (B K)) (x S)))))
x (B I) (v10 z (v2 I (z (z B)) (x (K z) S S))) (S (B z x) (B x) (x K (I (I (B (x x (I v11))) (B z)) I (I (I (I (S (x S) x)) B S (B K)) (x S)))))
x (B I) (v10 z (v2 I (z (z B)) (x (K z) S S))) (B z x (x K (I (I (B (x x (I v11))) (B z)) I (I (I (I (S (x S) x)) B S (B K)) (x S)))) (B x (x K (I (I (B (x x (I v11))) (B z)) I (I (I (I (S (x S) x)) B S (B K)) (x S))))))
x (B I) (v10 z (v2 I (z (z B)) (x (K z) S S))) (z (x (x K (I (I (B (x x (I v11))) (B z)) I (I (I (I (S (x S) x)) B S (B K)) (x S))))) (B x (x K (I (I (B (x x (I v11))) (B z)) I (I (I (I (S (x S) x)) B S (B K)) (x S))))))
x (B I) (v10 z (v2 I (z (z B)) (x (K z) S S))) (z (x (x K (I (B (x x (I v11))) (B z) I (I (I (I (S (x S) x)) B S (B K)) (x S))))) (B x (x K (I (I (B (x x (I v11))) (B z)) I (I (I (I (S (x S) x)) B S (B K)) (x S))))))
x (B I) (v10 z (v2 I (z (z B)) (x (K z) S S))) (z (x (x K (B (x x (I v11)) (B z) I (I (I (I (S (x S) x)) B S (B K)) (x S))))) (B x (x K (I (I (B (x x (I v11))) (B z)) I (I (I (I (S (x S) x)) B S (B K)) (x S))))))
x (B I) (v10 z (v2 I (z (z B)) (x (K z) S S))) (z (x (x K (x x (I v11) (B z I) (I (I (I (S (x S) x)) B S (B K)) (x S))))) (B x (x K (I (I (B (x x (I v11))) (B z)) I (I (I (I (S (x S) x)) B S (B K)) (x S))))))
x (B I) (v10 z (v2 I (z (z B)) (x (K z) S S))) (z (x (x K (x x v11 (B z I) (I (I (I (S (x S) x)) B S (B K)) (x S))))) (B x (x K (I (I (B (x x (I v11))) (B z)) I (I (I (I (S (x S) x)) B S (B K)) (x S))))))
x (B I) (v10 z (v2 I (z (z B)) (x (K z) S S))) (z (x (x K (x x v11 (B z I) (I (I (S (x S) x)) B S (B K) (x S))))) (B x (x K (I (I (B (x x (I v11))) (B z)) I (I (I (I (S (x S) x)) B S (B K)) (x S))))))
x (B I) (v10 z (v2 I (z (z B)) (x (K z) S S))) (z (x (x K (x x v11 (B z I) (I (S (x S) x) B S (B K) (x S))))) (B x (x K (I (I (B (x x (I v11))) (B z)) I (I (I (I (S (x S) x)) B S (B K)) (x S))))))
x (B I) (v10 z (v2 I (z (z B)) (x (K z) S S))) (z (x (x K (x x v11 (B z I) (S (x S) x B S (B K) (x S))))) (B x (x K (I (I (B (x x (I v11))) (B z)) I (I (I (I (S (x S) x)) B S (B K)) (x S))))))
x (B I) (v10 z (v2 I (z (z B)) (x (K z) S S))) (z (x (x K (x x v11 (B z I) (x S B (x B) S (B K) (x S))))) (B x (x K (I (I (B (x x (I v11))) (B z)) I (I (I (I (S (x S) x)) B S (B K)) (x S))))))
x (B I) (v10 z (v2 I (z (z B)) (x (K z) S S))) (z (x (x K (x x v11 (B z I) (x S B (x B) S (B K) (x S))))) (B x (x K (I (B (x x (I v11))) (B z) I (I (I (I (S (x S) x)) B S (B K)) (x S))))))
x (B I) (v10 z (v2 I (z (z B)) (x (K z) S S))) (z (x (x K (x x v11 (B z I) (x S B (x B) S (B K) (x S))))) (B x (x K (B (x x (I v11)) (B z) I (I (I (I (S (x S) x)) B S (B K)) (x S))))))
x (B I) (v10 z (v2 I (z (z B)) (x (K z) S S))) (z (x (x K (x x v11 (B z I) (x S B (x B) S (B K) (x S))))) (B x (x K (x x (I v11) (B z I) (I (I (I (S (x S) x)) B S (B K)) (x S))))))
x (B I) (v10 z (v2 I (z (z B)) (x (K z) S S))) (z (x (x K (x x v11 (B z I) (x S B (x B) S (B K) (x S))))) (B x (x K (x x v11 (B z I) (I (I (I (S (x S) x)) B S (B K)) (x S))))))
x (B I) (v10 z (v2 I (z (z B)) (x (K z) S S))) (z (x (x K (x x v11 (B z I) (x S B (x B) S (B K) (x S))))) (B x (x K (x x v11 (B z I) (I (I (S (x S) x)) B S (B K) (x S))))))
x (B I) (v10 z (v2 I (z (z B)) (x (K z) S S))) (z (x (x K (x x v11 (B z I) (x S B (x B) S (B K) (x S))))) (B x (x K (x x v11 (B z I) (I (S (x S) x) B S (B K) (x S))))))
x (B I) (v10 z (v2 I (z (z B)) (x (K z) S S))) (z (x (x K (x x v11 (B z I) (x S B (x B) S (B K) (x S))))) (B x (x K (x x v11 (B z I) (S (x S) x B S (B K) (x S))))))
x (B I) (v10 z (v2 I (z (z B)) (x (K z) S S))) (z (x (x K (x x v11 (B z I) (x S B (x B) S (B K) (x S))))) (B x (x K (x x v11 (B z I) (x S B (x B) S (B K) (x S))))))
I (S (x (x (S B) (S I v6 S)) (K (K B) (x B S (K S) I (B x I S z x))))) (x (K (B I (I x x (v9 x)))) (z (x B) (v3 x) S z) (v4 (z K B (v1 (I (I x (x v16) (z (B B)))) K)) I S))
S (x (x (S B) (S I v6 S)) (K (K B) (x B S (K S) I (B x I S z x)))) (x (K (B I (I x x (v9 x)))) (z (x B) (v3 x) S z) (v4 (z K B (v1 (I (I x (x v16) (z (B B)))) K)) I S))
S (x (x (S B) (I S (v6 S))) (K (K B) (x B S (K S) I (B x I S z x)))) (x (K (B I (I x x (v9 x)))) (z (x B) (v3 x) S z) (v4 (z K B (v1 (I (I x (x v16) (z (B B)))) K)) I S))
S (x (x (S B) (S (v6 S))) (K (K B) (x B S (K S) I (B x I S z x)))) (x (K (B I (I x x (v9 x)))) (z (x B) (v3 x) S z) (v4 (z K B (v1 (I (I x (x v16) (z (B B)))) K)) I S))
S (x (x (S B) (S (v6 S))) (K B)) (x (K (B I (I x x (v9 x)))) (z (x B) (v3 x) S z) (v4 (z K B (v1 (I (I x (x v16) (z (B B)))) K)) I S))
S (x (x (S B) (S (v6 S))) (K B)) (x (K (B I (x x (v9 x)))) (z (x B) (v3 x) S z) (v4 (z K B (v1 (I (I x (x v16) (z (B B)))) K)) I S))
S (x (x (S B) (S (v6 S))) (K B)) (x (K (B I (x x (v9 x)))) (z (x B) (v3 x) S z) (v4 (z K B (v1 (I x (x v16) (z (B B))) K)) I S))
S (x (x (S B) (S (v6 S))) (K B)) (x (K (B I (x x (v9 x)))) (z (x B) (v3 x) S z) (v4 (z K B (v1 (x (x v16) (z (B B))) K)) I S))
S (B (K K S (z (K v24) K (x x (z v25 (I B))) (x v30))))
S (B (K (z (K v24) K (x x (z v25 (I B))) (x v30))))
S (B (K (z (K v24) K (x x (z v25 B)) (x v30))))
v30 S I (K B) (S (I I))
v30 S I (K B) (S I)
