v19 z (v14 v28 v30 z (z (K B) (S z (I I (I (x (K z) v29))) (S x (z S) x (v2 B (K (x K) K) B))))) (z (S (v4 S (K I) K (x x))) (v14 (v14 B (B (I x) (v24 S) v9) B I) K (S (K B) x) B) (I (I (B (S I))) z) I)
v19 z (v14 v28 v30 z (z (K B) (z (S x (z S) x (v2 B (K (x K) K) B)) (I I (I (x (K z) v29)) (S x (z S) x (v2 B (K (x K) K) B)))))) (z (S (v4 S (K I) K (x x))) (v14 (v14 B (B (I x) (v24 S) v9) B I) K (S (K B) x) B) (I (I (B (S I))) z) I)
v19 z (v14 v28 v30 z (z (K B) (z (x x (z S x) (v2 B (K (x K) K) B)) (I I (I (x (K z) v29)) (S x (z S) x (v2 B (K (x K) K) B)))))) (z (S (v4 S (K I) K (x x))) (v14 (v14 B (B (I x) (v24 S) v9) B I) K (S (K B) x) B) (I (I (B (S I))) z) I)
v19 z (v14 v28 v30 z (z (K B) (z (x x (z S x) (v2 B (x K) B)) (I I (I (x (K z) v29)) (S x (z S) x (v2 B (K (x K) K) B)))))) (z (S (v4 S (K I) K (x x))) (v14 (v14 B (B (I x) (v24 S) v9) B I) K (S (K B) x) B) (I (I (B (S I))) z) I)
v19 z (v14 v28 v30 z (z (K B) (z (x x (z S x) (v2 B (x K) B)) (I (I (x (K z) v29)) (S x (z S) x (v2 B (K (x K) K) B)))))) (z (S (v4 S (K I) K (x x))) (v14 (v14 B (B (I x) (v24 S) v9) B I) K (S (K B) x) B) (I (I (B (S I))) z) I)
v19 z (v14 v28 v30 z (z (K B) (z (x x (z S x) (v2 B (x K) B)) (I (x (K z) v29) (S x (z S) x (v2 B (K (x K) K) B)))))) (z (S (v4 S (K I) K (x x))) (v14 (v14 B (B (I x) (v24 S) v9) B I) K (S (K B) x) B) (I (I (B (S I))) z) I)
v19 z (v14 v28 v30 z (z (K B) (z (x x (z S x) (v2 B (x K) B)) (x (K z) v29 (S x (z S) x (v2 B (K (x K) K) B)))))) (z (S (v4 S (K I) K (x x))) (v14 (v14 B (B (I x) (v24 S) v9) B I) K (S (K B) x) B) (I (I (B (S I))) z) I)
v19 z (v14 v28 v30 z (z (K B) (z (x x (z S x) (v2 B (x K) B)) (x (K z) v29 (x x (z S x) (v2 B (K (x K) K) B)))))) (z (S (v4 S (K I) K (x x))) (v14 (v14 B (B (I x) (v24 S) v9) B I) K (S (K B) x) B) (I (I (B (S I))) z) I)
v19 z (v14 v28 v30 z (z (K B) (z (x x (z S x) (v2 B (x K) B)) (x (K z) v29 (x x (z S x) (v2 B (x K) B)))))) (z (S (v4 S (K I) K (x x))) (v14 (v14 B (B (I x) (v24 S) v9) B I) K (S (K B) x) B) (I (I (B (S I))) z) I)
v19 z (v14 v28 v30 z (z (K B) (z (x x (z S x) (v2 B (x K) B)) (x (K z) v29 (x x (z S x) (v2 B (x K) B)))))) (z (S (v4 S (K I) K (x x))) (v14 (v14 B (I x (v24 S v9)) B I) K (S (K B) x) B) (I (I (B (S I))) z) I)
v19 z (v14 v28 v30 z (z (K B) (z (x x (z S x) (v2 B (x K) B)) (x (K z) v29 (x x (z S x) (v2 B (x K) B)))))) (z (S (v4 S (K I) K (x x))) (v14 (v14 B (x (v24 S v9)) B I) K (S (K B) x) B) (I (I (B (S I))) z) I)
v19 z (v14 v28 v30 z (z (K B) (z (x x (z S x) (v2 B (x K) B)) (x (K z) v29 (x x (z S x) (v2 B (x K) B)))))) (z (S (v4 S (K I) K (x x))) (v14 (v14 B (x (v24 S v9)) B I) K (S (K B) x) B) (I (B (S I)) z) I)
v19 z (v14 v28 v30 z (z (K B) (z (x x (z S x) (v2 B (x K) B)) (x (K z) v29 (x x (z S x) (v2 B (x K) B)))))) (z (S (v4 S (K I) K (x x))) (v14 (v14 B (x (v24 S v9)) B I) K (S (K B) x) B) (B (S I) z) I)
I (x (I z (x I z) B)) (B (x (B K B) B K)) B
x (I z (x I z) B) (B (x (B K B) B K)) B
x (z (x I z) B) (B (x (B K B) B K)) B
v26 (z (S I (B x) x)) (K (I (K x (S S S) S))) z (z (K (I (x S v22))) B) (I (S (x K v17 (x (B I z) (K (z x))) (K K))))
v26 (z (I x (B x x))) (K (I (K x (S S S) S))) z (z (K (I (x S v22))) B) (I (S (x K v17 (x (B I z) (K (z x))) (K K))))
v26 (z (x (B x x))) (K (I (K x (S S S) S))) z (z (K (I (x S v22))) B) (I (S (x K v17 (x (B I z) (K (z x))) (K K))))
v26 (z (x (B x x))) (K (K x (S S S) S)) z (z (K (I (x S v22))) B) (I (S (x K v17 (x (B I z) (K (z x))) (K K))))
v26 (z (x (B x x))) (K (x S)) z (z (K (I (x S v22))) B) (I (S (x K v17 (x (B I z) (K (z x))) (K K))))
v26 (z (x (B x x))) (K (x S)) z (z (K (x S v22)) B) (I (S (x K v17 (x (B I z) (K (z x))) (K K))))
v26 (z (x (B x x))) (K (x S)) z (z (K (x S v22)) B) (S (x K v17 (x (B I z) (K (z x))) (K K)))
z
S v12 K x v17 (I I) z (B (S v11) (K (B (v24 S)) (v1 I (z K)) S (x S) (z (B B B)) (S I (B (v9 z (K (x K))) v8 (I K v6)))) (I v30)) (B (v13 (B v7)) x S I (z (K I) z (B (z v3)) x (x S (x S) (S (z v18 (B B x))))))
v12 x (K x) v17 (I I) z (B (S v11) (K (B (v24 S)) (v1 I (z K)) S (x S) (z (B B B)) (S I (B (v9 z (K (x K))) v8 (I K v6)))) (I v30)) (B (v13 (B v7)) x S I (z (K I) z (B (z v3)) x (x S (x S) (S (z v18 (B B x))))))
v12 x (K x) v17 I z (B (S v11) (K (B (v24 S)) (v1 I (z K)) S (x S) (z (B B B)) (S I (B (v9 z (K (x K))) v8 (I K v6)))) (I v30)) (B (v13 (B v7)) x S I (z (K I) z (B (z v3)) x (x S (x S) (S (z v18 (B B x))))))
v12 x (K x) v17 I z (S v11 (K (B (v24 S)) (v1 I (z K)) S (x S) (z (B B B)) (S I (B (v9 z (K (x K))) v8 (I K v6))) (I v30))) (B (v13 (B v7)) x S I (z (K I) z (B (z v3)) x (x S (x S) (S (z v18 (B B x))))))
v12 x (K x) v17 I z (S v11 (B (v24 S) S (x S) (z (B B B)) (S I (B (v9 z (K (x K))) v8 (I K v6))) (I v30))) (B (v13 (B v7)) x S I (z (K I) z (B (z v3)) x (x S (x S) (S (z v18 (B B x))))))
v12 x (K x) v17 I z (S v11 (v24 S (S (x S)) (z (B B B)) (S I (B (v9 z (K (x K))) v8 (I K v6))) (I v30))) (B (v13 (B v7)) x S I (z (K I) z (B (z v3)) x (x S (x S) (S (z v18 (B B x))))))
v12 x (K x) v17 I z (S v11 (v24 S (S (x S)) (z (B B B)) (S I (v9 z (K (x K)) (v8 (I K v6)))) (I v30))) (B (v13 (B v7)) x S I (z (K I) z (B (z v3)) x (x S (x S) (S (z v18 (B B x))))))
v12 x (K x) v17 I z (S v11 (v24 S (S (x S)) (z (B B B)) (S I (v9 z (K (x K)) (v8 (K v6)))) (I v30))) (B (v13 (B v7)) x S I (z (K I) z (B (z v3)) x (x S (x S) (S (z v18 (B B x))))))
v12 x (K x) v17 I z (S v11 (v24 S (S (x S)) (z (B B B)) (S I (v9 z (K (x K)) (v8 (K v6)))) v30)) (B (v13 (B v7)) x S I (z (K I) z (B (z v3)) x (x S (x S) (S (z v18 (B B x))))))
v12 x (K x) v17 I z (S v11 (v24 S (S (x S)) (z (B B B)) (S I (v9 z (K (x K)) (v8 (K v6)))) v30)) (v13 (B v7) (x S) I (z (K I) z (B (z v3)) x (x S (x S) (S (z v18 (B B x))))))
I (x I (B x) x B x) (I I S I x (S (x I) (x K (z I) B (v28 (B (x I))))) x)
x I (B x) x B x (I I S I x (S (x I) (x K (z I) B (v28 (B (x I))))) x)
x I (B x) x B x (I S I x (S (x I) (x K (z I) B (v28 (B (x I))))) x)
x I (B x) x B x (S I x (S (x I) (x K (z I) B (v28 (B (x I))))) x)
x I (B x) x B x (I (S (x I) (x K (z I) B (v28 (B (x I))))) (x (S (x I) (x K (z I) B (v28 (B (x I)))))) x)
x I (B x) x B x (S (x I) (x K (z I) B (v28 (B (x I)))) (x (S (x I) (x K (z I) B (v28 (B (x I)))))) x)
x I (B x) x B x (x I (x (S (x I) (x K (z I) B (v28 (B (x I)))))) (x K (z I) B (v28 (B (x I))) (x (S (x I) (x K (z I) B (v28 (B (x I))))))) x)
K (K (B x)) v0 (v5 S) (I x) (K (B z (x (S z x x)) K) (z v14 x) x)
K (B x) (v5 S) (I x) (K (B z (x (S z x x)) K) (z v14 x) x)
B x (I x) (K (B z (x (S z x x)) K) (z v14 x) x)
x (I x (K (B z (x (S z x x)) K) (z v14 x) x))
x (x (K (B z (x (S z x x)) K) (z v14 x) x))
x (x (B z (x (S z x x)) K x))
x (x (z (x (S z x x) K) x))
x (x (z (x (z x (x x)) K) x))
I K (B S x)
K (B S x)
K (z (I (I (z (v7 (S B K) S)) x)) I (z B (I (K (x (x z)))) (x (K K))) (B z z) (v3 (I (S (S S) (S (I S x)))))) (B K (I S (S S z v5 (I K) I) K x S S) (z (S (v29 I) (z (S (x v7))) (S (v30 v23) (v29 (z K) I)))))
z (I (I (z (v7 (S B K) S)) x)) I (z B (I (K (x (x z)))) (x (K K))) (B z z) (v3 (I (S (S S) (S (I S x)))))
z (I (z (v7 (S B K) S)) x) I (z B (I (K (x (x z)))) (x (K K))) (B z z) (v3 (I (S (S S) (S (I S x)))))
z (z (v7 (S B K) S) x) I (z B (I (K (x (x z)))) (x (K K))) (B z z) (v3 (I (S (S S) (S (I S x)))))
z (z (v7 (S B K) S) x) I (z B (K (x (x z))) (x (K K))) (B z z) (v3 (I (S (S S) (S (I S x)))))
z (z (v7 (S B K) S) x) I (z B (K (x (x z))) (x (K K))) (B z z) (v3 (S (S S) (S (I S x))))
z (z (v7 (S B K) S) x) I (z B (K (x (x z))) (x (K K))) (B z z) (v3 (S (S S) (S (S x))))
x z K (I z) (K K)
x z K z (K K)
