B (z S z (x (v6 v13 (x (S z)) (I B) B))) (S (I x v29 I x (x B))) (K (x B (S (S S))))
z S z (x (v6 v13 (x (S z)) (I B) B)) (S (I x v29 I x (x B)) (K (x B (S (S S)))))
z S z (x (v6 v13 (x (S z)) B B)) (S (I x v29 I x (x B)) (K (x B (S (S S)))))
z S z (x (v6 v13 (x (S z)) B B)) (S (x v29 I x (x B)) (K (x B (S (S S)))))
x (v8 B) (I S) (S (S (x x K)) (z K) B x) z B (S I x) (K (z S (I I B) (z x (z B (I K)) (B x) v16 K (I B x I K (v14 v13 v19 B) B (v17 (B K) B B))) I))
x (v8 B) S (S (S (x x K)) (z K) B x) z B (S I x) (K (z S (I I B) (z x (z B (I K)) (B x) v16 K (I B x I K (v14 v13 v19 B) B (v17 (B K) B B))) I))
x (v8 B) S (S (x x K) B (z K B) x) z B (S I x) (K (z S (I I B) (z x (z B (I K)) (B x) v16 K (I B x I K (v14 v13 v19 B) B (v17 (B K) B B))) I))
x (v8 B) S (x x K (z K B) (B (z K B)) x) z B (S I x) (K (z S (I I B) (z x (z B (I K)) (B x) v16 K (I B x I K (v14 v13 v19 B) B (v17 (B K) B B))) I))
x (v8 B) S (x x K (z K B) (B (z K B)) x) z B (S I x) (K (z S (I B) (z x (z B (I K)) (B x) v16 K (I B x I K (v14 v13 v19 B) B (v17 (B K) B B))) I))
x (v8 B) S (x x K (z K B) (B (z K B)) x) z B (S I x) (K (z S B (z x (z B (I K)) (B x) v16 K (I B x I K (v14 v13 v19 B) B (v17 (B K) B B))) I))
x (v8 B) S (x x K (z K B) (B (z K B)) x) z B (S I x) (K (z S B (z x (z B K) (B x) v16 K (I B x I K (v14 v13 v19 B) B (v17 (B K) B B))) I))
x (v8 B) S (x x K (z K B) (B (z K B)) x) z B (S I x) (K (z S B (z x (z B K) (B x) v16 K (B x I K (v14 v13 v19 B) B (v17 (B K) B B))) I))
x (v8 B) S (x x K (z K B) (B (z K B)) x) z B (S I x) (K (z S B (z x (z B K) (B x) v16 K (x (I K) (v14 v13 v19 B) B (v17 (B K) B B))) I))
x (v8 B) S (x x K (z K B) (B (z K B)) x) z B (S I x) (K (z S B (z x (z B K) (B x) v16 K (x K (v14 v13 v19 B) B (v17 (B K) B B))) I))
x S
z (S (z (v12 K) v0 v29 (K x) (v15 x (x (x (B B))) (z (I (I v15))))))
z (S (z (v12 K) v0 v29 (K x) (v15 x (x (x (B B))) (z (I v15)))))
z (S (z (v12 K) v0 v29 (K x) (v15 x (x (x (B B))) (z v15))))
v0 (z x)
x (K v9 v12 (S (I (v1 v22 x) (v5 K (I S)) (S S))))
x (v9 (S (I (v1 v22 x) (v5 K (I S)) (S S))))
x (v9 (S (v1 v22 x (v5 K (I S)) (S S))))
x (v9 (S (v1 v22 x (v5 K S) (S S))))
z S (S I (K v15) I) B (x (K (I (B v9))))
z S (I I (K v15 I)) B (x (K (I (B v9))))
z S (I (K v15 I)) B (x (K (I (B v9))))
z S (K v15 I) B (x (K (I (B v9))))
z S v15 B (x (K (I (B v9))))
z S v15 B (x (K (B v9)))
K (S (z S (I v2) I) I (K (I B (S (I K I) v20)))) (x z I) (v30 x (I (S K S)) (z (v10 x (K v17)) (I (I S B x (I z)) (x (B S) S (K (B x)) (B (x (S K)))))) (I (B v18 v25)) (B I (B z) (I (x (S I)) (z x K (z S (z x z (K B)) (v16 x)))) (I (x (S K)))))
S (z S (I v2) I) I (K (I B (S (I K I) v20))) (v30 x (I (S K S)) (z (v10 x (K v17)) (I (I S B x (I z)) (x (B S) S (K (B x)) (B (x (S K)))))) (I (B v18 v25)) (B I (B z) (I (x (S I)) (z x K (z S (z x z (K B)) (v16 x)))) (I (x (S K)))))
z S (I v2) I (K (I B (S (I K I) v20))) (I (K (I B (S (I K I) v20)))) (v30 x (I (S K S)) (z (v10 x (K v17)) (I (I S B x (I z)) (x (B S) S (K (B x)) (B (x (S K)))))) (I (B v18 v25)) (B I (B z) (I (x (S I)) (z x K (z S (z x z (K B)) (v16 x)))) (I (x (S K)))))
z S v2 I (K (I B (S (I K I) v20))) (I (K (I B (S (I K I) v20)))) (v30 x (I (S K S)) (z (v10 x (K v17)) (I (I S B x (I z)) (x (B S) S (K (B x)) (B (x (S K)))))) (I (B v18 v25)) (B I (B z) (I (x (S I)) (z x K (z S (z x z (K B)) (v16 x)))) (I (x (S K)))))
z S v2 I (K (B (S (I K I) v20))) (I (K (I B (S (I K I) v20)))) (v30 x (I (S K S)) (z (v10 x (K v17)) (I (I S B x (I z)) (x (B S) S (K (B x)) (B (x (S K)))))) (I (B v18 v25)) (B I (B z) (I (x (S I)) (z x K (z S (z x z (K B)) (v16 x)))) (I (x (S K)))))
z S v2 I (K (B (S (K I) v20))) (I (K (I B (S (I K I) v20)))) (v30 x (I (S K S)) (z (v10 x (K v17)) (I (I S B x (I z)) (x (B S) S (K (B x)) (B (x (S K)))))) (I (B v18 v25)) (B I (B z) (I (x (S I)) (z x K (z S (z x z (K B)) (v16 x)))) (I (x (S K)))))
z S v2 I (K (B (S (K I) v20))) (K (I B (S (I K I) v20))) (v30 x (I (S K S)) (z (v10 x (K v17)) (I (I S B x (I z)) (x (B S) S (K (B x)) (B (x (S K)))))) (I (B v18 v25)) (B I (B z) (I (x (S I)) (z x K (z S (z x z (K B)) (v16 x)))) (I (x (S K)))))
z S v2 I (K (B (S (K I) v20))) (K (B (S (I K I) v20))) (v30 x (I (S K S)) (z (v10 x (K v17)) (I (I S B x (I z)) (x (B S) S (K (B x)) (B (x (S K)))))) (I (B v18 v25)) (B I (B z) (I (x (S I)) (z x K (z S (z x z (K B)) (v16 x)))) (I (x (S K)))))
z S v2 I (K (B (S (K I) v20))) (K (B (S (K I) v20))) (v30 x (I (S K S)) (z (v10 x (K v17)) (I (I S B x (I z)) (x (B S) S (K (B x)) (B (x (S K)))))) (I (B v18 v25)) (B I (B z) (I (x (S I)) (z x K (z S (z x z (K B)) (v16 x)))) (I (x (S K)))))
z S v2 I (K (B (S (K I) v20))) (K (B (S (K I) v20))) (v30 x (S K S) (z (v10 x (K v17)) (I (I S B x (I z)) (x (B S) S (K (B x)) (B (x (S K)))))) (I (B v18 v25)) (B I (B z) (I (x (S I)) (z x K (z S (z x z (K B)) (v16 x)))) (I (x (S K)))))
z S v2 I (K (B (S (K I) v20))) (K (B (S (K I) v20))) (v30 x (S K S) (z (v10 x (K v17)) (I S B x (I z) (x (B S) S (K (B x)) (B (x (S K)))))) (I (B v18 v25)) (B I (B z) (I (x (S I)) (z x K (z S (z x z (K B)) (v16 x)))) (I (x (S K)))))
z S v2 I (K (B (S (K I) v20))) (K (B (S (K I) v20))) (v30 x (S K S) (z (v10 x (K v17)) (S B x (I z) (x (B S) S (K (B x)) (B (x (S K)))))) (I (B v18 v25)) (B I (B z) (I (x (S I)) (z x K (z S (z x z (K B)) (v16 x)))) (I (x (S K)))))
z S v2 I (K (B (S (K I) v20))) (K (B (S (K I) v20))) (v30 x (S K S) (z (v10 x (K v17)) (B (I z) (x (I z)) (x (B S) S (K (B x)) (B (x (S K)))))) (I (B v18 v25)) (B I (B z) (I (x (S I)) (z x K (z S (z x z (K B)) (v16 x)))) (I (x (S K)))))
z S v2 I (K (B (S (K I) v20))) (K (B (S (K I) v20))) (v30 x (S K S) (z (v10 x (K v17)) (I z (x (I z) (x (B S) S (K (B x)) (B (x (S K))))))) (I (B v18 v25)) (B I (B z) (I (x (S I)) (z x K (z S (z x z (K B)) (v16 x)))) (I (x (S K)))))
z S v2 I (K (B (S (K I) v20))) (K (B (S (K I) v20))) (v30 x (S K S) (z (v10 x (K v17)) (z (x (I z) (x (B S) S (K (B x)) (B (x (S K))))))) (I (B v18 v25)) (B I (B z) (I (x (S I)) (z x K (z S (z x z (K B)) (v16 x)))) (I (x (S K)))))
z S v2 I (K (B (S (K I) v20))) (K (B (S (K I) v20))) (v30 x (S K S) (z (v10 x (K v17)) (z (x z (x (B S) S (K (B x)) (B (x (S K))))))) (I (B v18 v25)) (B I (B z) (I (x (S I)) (z x K (z S (z x z (K B)) (v16 x)))) (I (x (S K)))))
z S v2 I (K (B (S (K I) v20))) (K (B (S (K I) v20))) (v30 x (S K S) (z (v10 x (K v17)) (z (x z (x (B S) S (K (B x)) (B (x (S K))))))) (B v18 v25) (B I (B z) (I (x (S I)) (z x K (z S (z x z (K B)) (v16 x)))) (I (x (S K)))))
z S v2 I (K (B (S (K I) v20))) (K (B (S (K I) v20))) (v30 x (S K S) (z (v10 x (K v17)) (z (x z (x (B S) S (K (B x)) (B (x (S K))))))) (B v18 v25) (I (B z (I (x (S I)) (z x K (z S (z x z (K B)) (v16 x))))) (I (x (S K)))))
z S v2 I (K (B (S (K I) v20))) (K (B (S (K I) v20))) (v30 x (S K S) (z (v10 x (K v17)) (z (x z (x (B S) S (K (B x)) (B (x (S K))))))) (B v18 v25) (B z (I (x (S I)) (z x K (z S (z x z (K B)) (v16 x)))) (I (x (S K)))))
z S v2 I (K (B (S (K I) v20))) (K (B (S (K I) v20))) (v30 x (S K S) (z (v10 x (K v17)) (z (x z (x (B S) S (K (B x)) (B (x (S K))))))) (B v18 v25) (z (I (x (S I)) (z x K (z S (z x z (K B)) (v16 x))) (I (x (S K))))))
z S v2 I (K (B (S (K I) v20))) (K (B (S (K I) v20))) (v30 x (S K S) (z (v10 x (K v17)) (z (x z (x (B S) S (K (B x)) (B (x (S K))))))) (B v18 v25) (z (x (S I) (z x K (z S (z x z (K B)) (v16 x))) (I (x (S K))))))
z S v2 I (K (B (S (K I) v20))) (K (B (S (K I) v20))) (v30 x (S K S) (z (v10 x (K v17)) (z (x z (x (B S) S (K (B x)) (B (x (S K))))))) (B v18 v25) (z (x (S I) (z x K (z S (z x z (K B)) (v16 x))) (x (S K)))))
B (I (B (S x) I (I x) (z I S))) (I (I z (K (I (x (S K I (x x)))) z v21)))
B (B (S x) I (I x) (z I S)) (I (I z (K (I (x (S K I (x x)))) z v21)))
B (S x (I (I x)) (z I S)) (I (I z (K (I (x (S K I (x x)))) z v21)))
B (x (z I S) (I (I x) (z I S))) (I (I z (K (I (x (S K I (x x)))) z v21)))
B (x (z I S) (I x (z I S))) (I (I z (K (I (x (S K I (x x)))) z v21)))
B (x (z I S) (x (z I S))) (I (I z (K (I (x (S K I (x x)))) z v21)))
B (x (z I S) (x (z I S))) (I z (K (I (x (S K I (x x)))) z v21))
B (x (z I S) (x (z I S))) (z (K (I (x (S K I (x x)))) z v21))
B (x (z I S) (x (z I S))) (z (I (x (S K I (x x))) v21))
B (x (z I S) (x (z I S))) (z (x (S K I (x x)) v21))
B (x (z I S) (x (z I S))) (z (x (K (x x) (I (x x))) v21))
B (x (z I S) (x (z I S))) (z (x (x x) v21))
v13 S z
