S
K (K (K x (v16 z K z B)) B) (B (z (B K (K S) (B (B x K) (z S (I I (v17 x))))) (z (B I) x (B S (x S K)) (v20 (z (K (z x)))) (z (B (K I)) B (x v26 (v3 (B x) S)))))) (x v18 (S K S))
K (K x (v16 z K z B)) B (x v18 (S K S))
K x (v16 z K z B) (x v18 (S K S))
x (x v18 (S K S))
B B (x (B (I (K (v27 K) (S v10)))) (S (S (x K) S) I (S B S (v4 B) (B I S B))) B)
B B (x (B (K (v27 K) (S v10))) (S (S (x K) S) I (S B S (v4 B) (B I S B))) B)
B B (x (B (v27 K)) (S (S (x K) S) I (S B S (v4 B) (B I S B))) B)
B B (x (B (v27 K)) (S (x K) S (S B S (v4 B) (B I S B)) (I (S B S (v4 B) (B I S B)))) B)
B B (x (B (v27 K)) (x K (S B S (v4 B) (B I S B)) (S (S B S (v4 B) (B I S B))) (I (S B S (v4 B) (B I S B)))) B)
B B (x (B (v27 K)) (x K (B (v4 B) (S (v4 B)) (B I S B)) (S (S B S (v4 B) (B I S B))) (I (S B S (v4 B) (B I S B)))) B)
B B (x (B (v27 K)) (x K (v4 B (S (v4 B) (B I S B))) (S (S B S (v4 B) (B I S B))) (I (S B S (v4 B) (B I S B)))) B)
B B (x (B (v27 K)) (x K (v4 B (S (v4 B) (I (S B)))) (S (S B S (v4 B) (B I S B))) (I (S B S (v4 B) (B I S B)))) B)
B B (x (B (v27 K)) (x K (v4 B (S (v4 B) (S B))) (S (S B S (v4 B) (B I S B))) (I (S B S (v4 B) (B I S B)))) B)
B B (x (B (v27 K)) (x K (v4 B (S (v4 B) (S B))) (S (B (v4 B) (S (v4 B)) (B I S B))) (I (S B S (v4 B) (B I S B)))) B)
B B (x (B (v27 K)) (x K (v4 B (S (v4 B) (S B))) (S (v4 B (S (v4 B) (B I S B)))) (I (S B S (v4 B) (B I S B)))) B)
B B (x (B (v27 K)) (x K (v4 B (S (v4 B) (S B))) (S (v4 B (S (v4 B) (I (S B))))) (I (S B S (v4 B) (B I S B)))) B)
B B (x (B (v27 K)) (x K (v4 B (S (v4 B) (S B))) (S (v4 B (S (v4 B) (S B)))) (I (S B S (v4 B) (B I S B)))) B)
B B (x (B (v27 K)) (x K (v4 B (S (v4 B) (S B))) (S (v4 B (S (v4 B) (S B)))) (S B S (v4 B) (B I S B))) B)
B B (x (B (v27 K)) (x K (v4 B (S (v4 B) (S B))) (S (v4 B (S (v4 B) (S B)))) (B (v4 B) (S (v4 B)) (B I S B))) B)
B B (x (B (v27 K)) (x K (v4 B (S (v4 B) (S B))) (S (v4 B (S (v4 B) (S B)))) (v4 B (S (v4 B) (B I S B)))) B)
B B (x (B (v27 K)) (x K (v4 B (S (v4 B) (S B))) (S (v4 B (S (v4 B) (S B)))) (v4 B (S (v4 B) (I (S B))))) B)
B B (x (B (v27 K)) (x K (v4 B (S (v4 B) (S B))) (S (v4 B (S (v4 B) (S B)))) (v4 B (S (v4 B) (S B)))) B)
v16 (I (z B (v20 (I (I I)) (I I (x S) z S)) (z I z z v25)) (v22 (z (K S B (I (x z) K)))))
v16 (z B (v20 (I (I I)) (I I (x S) z S)) (z I z z v25) (v22 (z (K S B (I (x z) K)))))
v16 (z B (v20 (I I) (I I (x S) z S)) (z I z z v25) (v22 (z (K S B (I (x z) K)))))
v16 (z B (v20 I (I I (x S) z S)) (z I z z v25) (v22 (z (K S B (I (x z) K)))))
v16 (z B (v20 I (I (x S) z S)) (z I z z v25) (v22 (z (K S B (I (x z) K)))))
v16 (z B (v20 I (x S z S)) (z I z z v25) (v22 (z (K S B (I (x z) K)))))
v16 (z B (v20 I (x S z S)) (z I z z v25) (v22 (z (S (I (x z) K)))))
v16 (z B (v20 I (x S z S)) (z I z z v25) (v22 (z (S (x z K)))))
B (B K) (v12 z I (z (v9 (z (I v21)) v26 x)) (S v0) (S (S (K z) K z) K (x S x) (K v16)) (I (v23 (I (K x S K)) S z (B x))) (z (S z I z)))
B (B K) (v12 z I (z (v9 (z v21) v26 x)) (S v0) (S (S (K z) K z) K (x S x) (K v16)) (I (v23 (I (K x S K)) S z (B x))) (z (S z I z)))
B (B K) (v12 z I (z (v9 (z v21) v26 x)) (S v0) (S (K z) K z (x S x) (K (x S x)) (K v16)) (I (v23 (I (K x S K)) S z (B x))) (z (S z I z)))
B (B K) (v12 z I (z (v9 (z v21) v26 x)) (S v0) (K z z (K z) (x S x) (K (x S x)) (K v16)) (I (v23 (I (K x S K)) S z (B x))) (z (S z I z)))
B (B K) (v12 z I (z (v9 (z v21) v26 x)) (S v0) (z (K z) (x S x) (K (x S x)) (K v16)) (I (v23 (I (K x S K)) S z (B x))) (z (S z I z)))
B (B K) (v12 z I (z (v9 (z v21) v26 x)) (S v0) (z (K z) (x S x) (K (x S x)) (K v16)) (v23 (I (K x S K)) S z (B x)) (z (S z I z)))
B (B K) (v12 z I (z (v9 (z v21) v26 x)) (S v0) (z (K z) (x S x) (K (x S x)) (K v16)) (v23 (K x S K) S z (B x)) (z (S z I z)))
B (B K) (v12 z I (z (v9 (z v21) v26 x)) (S v0) (z (K z) (x S x) (K (x S x)) (K v16)) (v23 (x K) S z (B x)) (z (S z I z)))
B (B K) (v12 z I (z (v9 (z v21) v26 x)) (S v0) (z (K z) (x S x) (K (x S x)) (K v16)) (v23 (x K) S z (B x)) (z (z z (I z))))
B (B K) (v12 z I (z (v9 (z v21) v26 x)) (S v0) (z (K z) (x S x) (K (x S x)) (K v16)) (v23 (x K) S z (B x)) (z (z z z)))
v12 K (I x (v4 (K x x) v20 (B (v28 z) (S S) I (v6 S I)) (K (B S I) v11 (S (z K S)) (B (x S (K I) (S v12 B K)) (z (B z)) (S (B S v11))))))
v12 K (x (v4 (K x x) v20 (B (v28 z) (S S) I (v6 S I)) (K (B S I) v11 (S (z K S)) (B (x S (K I) (S v12 B K)) (z (B z)) (S (B S v11))))))
v12 K (x (v4 x v20 (B (v28 z) (S S) I (v6 S I)) (K (B S I) v11 (S (z K S)) (B (x S (K I) (S v12 B K)) (z (B z)) (S (B S v11))))))
v12 K (x (v4 x v20 (v28 z (S S I) (v6 S I)) (K (B S I) v11 (S (z K S)) (B (x S (K I) (S v12 B K)) (z (B z)) (S (B S v11))))))
v12 K (x (v4 x v20 (v28 z (S S I) (v6 S I)) (B S I (S (z K S)) (B (x S (K I) (S v12 B K)) (z (B z)) (S (B S v11))))))
v12 K (x (v4 x v20 (v28 z (S S I) (v6 S I)) (S (I (S (z K S))) (B (x S (K I) (S v12 B K)) (z (B z)) (S (B S v11))))))
v12 K (x (v4 x v20 (v28 z (S S I) (v6 S I)) (S (S (z K S)) (B (x S (K I) (S v12 B K)) (z (B z)) (S (B S v11))))))
v12 K (x (v4 x v20 (v28 z (S S I) (v6 S I)) (S (S (z K S)) (x S (K I) (S v12 B K) (z (B z) (S (B S v11)))))))
v12 K (x (v4 x v20 (v28 z (S S I) (v6 S I)) (S (S (z K S)) (x S (K I) (v12 K (B K)) (z (B z) (S (B S v11)))))))
B (I (z v25) (I (z I (I (z v19) z))) v25 v12)
B (z v25 (I (z I (I (z v19) z))) v25 v12)
B (z v25 (z I (I (z v19) z)) v25 v12)
B (z v25 (z I (z v19 z)) v25 v12)
z x (x z)
I (v0 S (B (z (I (x v4) x) K))) (v25 x (x (x I))) x I (x B (S S S) (v20 B x) (z K z x)) (v6 I (z (B B I S))) S (v30 I (I z (I (z K v19)) (v9 B) (z (I (B B) (S (K S)))) (I (v18 (z (x x))) (x K (S S)) (I I) (B I (x (z K z) (I (B B) z)) (v18 z) (z S v14 (K (x z)))))) x)
v0 S (B (z (I (x v4) x) K)) (v25 x (x (x I))) x I (x B (S S S) (v20 B x) (z K z x)) (v6 I (z (B B I S))) S (v30 I (I z (I (z K v19)) (v9 B) (z (I (B B) (S (K S)))) (I (v18 (z (x x))) (x K (S S)) (I I) (B I (x (z K z) (I (B B) z)) (v18 z) (z S v14 (K (x z)))))) x)
v0 S (B (z (x v4 x) K)) (v25 x (x (x I))) x I (x B (S S S) (v20 B x) (z K z x)) (v6 I (z (B B I S))) S (v30 I (I z (I (z K v19)) (v9 B) (z (I (B B) (S (K S)))) (I (v18 (z (x x))) (x K (S S)) (I I) (B I (x (z K z) (I (B B) z)) (v18 z) (z S v14 (K (x z)))))) x)
v0 S (B (z (x v4 x) K)) (v25 x (x (x I))) x I (x B (S S S) (v20 B x) (z K z x)) (v6 I (z (B (I S)))) S (v30 I (I z (I (z K v19)) (v9 B) (z (I (B B) (S (K S)))) (I (v18 (z (x x))) (x K (S S)) (I I) (B I (x (z K z) (I (B B) z)) (v18 z) (z S v14 (K (x z)))))) x)
v0 S (B (z (x v4 x) K)) (v25 x (x (x I))) x I (x B (S S S) (v20 B x) (z K z x)) (v6 I (z (B S))) S (v30 I (I z (I (z K v19)) (v9 B) (z (I (B B) (S (K S)))) (I (v18 (z (x x))) (x K (S S)) (I I) (B I (x (z K z) (I (B B) z)) (v18 z) (z S v14 (K (x z)))))) x)
v0 S (B (z (x v4 x) K)) (v25 x (x (x I))) x I (x B (S S S) (v20 B x) (z K z x)) (v6 I (z (B S))) S (v30 I (z (I (z K v19)) (v9 B) (z (I (B B) (S (K S)))) (I (v18 (z (x x))) (x K (S S)) (I I) (B I (x (z K z) (I (B B) z)) (v18 z) (z S v14 (K (x z)))))) x)
v0 S (B (z (x v4 x) K)) (v25 x (x (x I))) x I (x B (S S S) (v20 B x) (z K z x)) (v6 I (z (B S))) S (v30 I (z (z K v19) (v9 B) (z (I (B B) (S (K S)))) (I (v18 (z (x x))) (x K (S S)) (I I) (B I (x (z K z) (I (B B) z)) (v18 z) (z S v14 (K (x z)))))) x)
v0 S (B (z (x v4 x) K)) (v25 x (x (x I))) x I (x B (S S S) (v20 B x) (z K z x)) (v6 I (z (B S))) S (v30 I (z (z K v19) (v9 B) (z (B B (S (K S)))) (I (v18 (z (x x))) (x K (S S)) (I I) (B I (x (z K z) (I (B B) z)) (v18 z) (z S v14 (K (x z)))))) x)
v0 S (B (z (x v4 x) K)) (v25 x (x (x I))) x I (x B (S S S) (v20 B x) (z K z x)) (v6 I (z (B S))) S (v30 I (z (z K v19) (v9 B) (z (B B (S (K S)))) (v18 (z (x x)) (x K (S S)) (I I) (B I (x (z K z) (I (B B) z)) (v18 z) (z S v14 (K (x z)))))) x)
v0 S (B (z (x v4 x) K)) (v25 x (x (x I))) x I (x B (S S S) (v20 B x) (z K z x)) (v6 I (z (B S))) S (v30 I (z (z K v19) (v9 B) (z (B B (S (K S)))) (v18 (z (x x)) (x K (S S)) I (B I (x (z K z) (I (B B) z)) (v18 z) (z S v14 (K (x z)))))) x)
v0 S (B (z (x v4 x) K)) (v25 x (x (x I))) x I (x B (S S S) (v20 B x) (z K z x)) (v6 I (z (B S))) S (v30 I (z (z K v19) (v9 B) (z (B B (S (K S)))) (v18 (z (x x)) (x K (S S)) I (I (x (z K z) (I (B B) z) (v18 z)) (z S v14 (K (x z)))))) x)
v0 S (B (z (x v4 x) K)) (v25 x (x (x I))) x I (x B (S S S) (v20 B x) (z K z x)) (v6 I (z (B S))) S (v30 I (z (z K v19) (v9 B) (z (B B (S (K S)))) (v18 (z (x x)) (x K (S S)) I (x (z K z) (I (B B) z) (v18 z) (z S v14 (K (x z)))))) x)
v0 S (B (z (x v4 x) K)) (v25 x (x (x I))) x I (x B (S S S) (v20 B x) (z K z x)) (v6 I (z (B S))) S (v30 I (z (z K v19) (v9 B) (z (B B (S (K S)))) (v18 (z (x x)) (x K (S S)) I (x (z K z) (B B z) (v18 z) (z S v14 (K (x z)))))) x)
I K (S (z v24 (z (I (z B)) z) (B (v25 (S I))) x (x I))) v5 (B (S x (S (B S I))) (x (S (B (z (B z)) z K) x (B (v16 v15))) (x B z)))
K (S (z v24 (z (I (z B)) z) (B (v25 (S I))) x (x I))) v5 (B (S x (S (B S I))) (x (S (B (z (B z)) z K) x (B (v16 v15))) (x B z)))
S (z v24 (z (I (z B)) z) (B (v25 (S I))) x (x I)) (B (S x (S (B S I))) (x (S (B (z (B z)) z K) x (B (v16 v15))) (x B z)))
S (z v24 (z (z B) z) (B (v25 (S I))) x (x I)) (B (S x (S (B S I))) (x (S (B (z (B z)) z K) x (B (v16 v15))) (x B z)))
S (z v24 (z (z B) z) (B (v25 (S I))) x (x I)) (B (S x (S (B S I))) (x (B (z (B z)) z K (B (v16 v15)) (x (B (v16 v15)))) (x B z)))
S (z v24 (z (z B) z) (B (v25 (S I))) x (x I)) (B (S x (S (B S I))) (x (z (B z) (z K) (B (v16 v15)) (x (B (v16 v15)))) (x B z)))
