x x (z v14 K) B K (x (S (I (I I (K z (I z)) (S (v9 x)))) (v19 (K x) S (z I)) (z (S (x (v25 K) I)) z) I))
x x (z v14 K) B K (x (I (I I (K z (I z)) (S (v9 x))) (z (S (x (v25 K) I)) z) (v19 (K x) S (z I) (z (S (x (v25 K) I)) z)) I))
x x (z v14 K) B K (x (I I (K z (I z)) (S (v9 x)) (z (S (x (v25 K) I)) z) (v19 (K x) S (z I) (z (S (x (v25 K) I)) z)) I))
x x (z v14 K) B K (x (I (K z (I z)) (S (v9 x)) (z (S (x (v25 K) I)) z) (v19 (K x) S (z I) (z (S (x (v25 K) I)) z)) I))
x x (z v14 K) B K (x (K z (I z) (S (v9 x)) (z (S (x (v25 K) I)) z) (v19 (K x) S (z I) (z (S (x (v25 K) I)) z)) I))
x x (z v14 K) B K (x (z (S (v9 x)) (z (S (x (v25 K) I)) z) (v19 (K x) S (z I) (z (S (x (v25 K) I)) z)) I))
I (I (I (x (I (v10 S z)) x (x (I (v2 I)))))) (v3 z)
I (I (x (I (v10 S z)) x (x (I (v2 I))))) (v3 z)
I (x (I (v10 S z)) x (x (I (v2 I)))) (v3 z)
x (I (v10 S z)) x (x (I (v2 I))) (v3 z)
x (v10 S z) x (x (I (v2 I))) (v3 z)
x (v10 S z) x (x (v2 I)) (v3 z)
z B (x v30 I) I (S x v27 v9 K) (K z (z K) (v23 B (K K z)) S (B (S z (z v11 (S K z) (v17 (B S z K (K (v27 K I) (v0 (I v4 (x x) x)))))))) (S (S x)) x)
z B (x v30 I) I (x v9 (v27 v9) K) (K z (z K) (v23 B (K K z)) S (B (S z (z v11 (S K z) (v17 (B S z K (K (v27 K I) (v0 (I v4 (x x) x)))))))) (S (S x)) x)
z B (x v30 I) I (x v9 (v27 v9) K) (z (v23 B (K K z)) S (B (S z (z v11 (S K z) (v17 (B S z K (K (v27 K I) (v0 (I v4 (x x) x)))))))) (S (S x)) x)
z B (x v30 I) I (x v9 (v27 v9) K) (z (v23 B K) S (B (S z (z v11 (S K z) (v17 (B S z K (K (v27 K I) (v0 (I v4 (x x) x)))))))) (S (S x)) x)
z B (x v30 I) I (x v9 (v27 v9) K) (z (v23 B K) S (B (S z (z v11 (S K z) (v17 (S (z K) (K (v27 K I) (v0 (I v4 (x x) x)))))))) (S (S x)) x)
z B (x v30 I) I (x v9 (v27 v9) K) (z (v23 B K) S (B (S z (z v11 (S K z) (v17 (S (z K) (v27 K I)))))) (S (S x)) x)
K S (x (B (z z) z I) (z (S (B v16 B) (z I) (z I))) (S K z) (x K v25)) B
S B
x (I B) K (B (I (v0 K)) z) (I z z) K (S (z (I I I))) (z v0 (B v8 (z x)) (K (v19 x) K))
x B K (B (I (v0 K)) z) (I z z) K (S (z (I I I))) (z v0 (B v8 (z x)) (K (v19 x) K))
x B K (B (v0 K) z) (I z z) K (S (z (I I I))) (z v0 (B v8 (z x)) (K (v19 x) K))
x B K (B (v0 K) z) (z z) K (S (z (I I I))) (z v0 (B v8 (z x)) (K (v19 x) K))
x B K (B (v0 K) z) (z z) K (S (z (I I))) (z v0 (B v8 (z x)) (K (v19 x) K))
x B K (B (v0 K) z) (z z) K (S (z I)) (z v0 (B v8 (z x)) (K (v19 x) K))
x B K (B (v0 K) z) (z z) K (S (z I)) (z v0 (B v8 (z x)) (v19 x))
x (v19 x S v11) K (B (I (v9 (B (I K))) (K K I))) (B (x z B) (x (B B I) (x K I x z)) (z (v6 v3 (v22 K B (z x z z (z I z S K))))) (B (B (z K z v15)))) (I S (x x) (B (I z) K x) S)
x (v19 x S v11) K (B (v9 (B (I K)) (K K I))) (B (x z B) (x (B B I) (x K I x z)) (z (v6 v3 (v22 K B (z x z z (z I z S K))))) (B (B (z K z v15)))) (I S (x x) (B (I z) K x) S)
x (v19 x S v11) K (B (v9 (B K) (K K I))) (B (x z B) (x (B B I) (x K I x z)) (z (v6 v3 (v22 K B (z x z z (z I z S K))))) (B (B (z K z v15)))) (I S (x x) (B (I z) K x) S)
x (v19 x S v11) K (B (v9 (B K) K)) (B (x z B) (x (B B I) (x K I x z)) (z (v6 v3 (v22 K B (z x z z (z I z S K))))) (B (B (z K z v15)))) (I S (x x) (B (I z) K x) S)
x (v19 x S v11) K (B (v9 (B K) K)) (x z B (x (B B I) (x K I x z) (z (v6 v3 (v22 K B (z x z z (z I z S K)))))) (B (B (z K z v15)))) (I S (x x) (B (I z) K x) S)
x (v19 x S v11) K (B (v9 (B K) K)) (x z B (x (B B I) (x K I x z) (z (v6 v3 (v22 K B (z x z z (z I z S K)))))) (B (B (z K z v15)))) (S (x x) (B (I z) K x) S)
x (v19 x S v11) K (B (v9 (B K) K)) (x z B (x (B B I) (x K I x z) (z (v6 v3 (v22 K B (z x z z (z I z S K)))))) (B (B (z K z v15)))) (x x S (B (I z) K x S))
x (v19 x S v11) K (B (v9 (B K) K)) (x z B (x (B B I) (x K I x z) (z (v6 v3 (v22 K B (z x z z (z I z S K)))))) (B (B (z K z v15)))) (x x S (I z (K x) S))
x (v19 x S v11) K (B (v9 (B K) K)) (x z B (x (B B I) (x K I x z) (z (v6 v3 (v22 K B (z x z z (z I z S K)))))) (B (B (z K z v15)))) (x x S (z (K x) S))
x S (z (I v11) (K I) (S v19 K)) (x I (z (S z)))
x S (z v11 (K I) (S v19 K)) (x I (z (S z)))
K (v14 S (K K (x x)) (K (S z x) v4) (v5 v12) K S (S K) x)
K (v14 S K (K (S z x) v4) (v5 v12) K S (S K) x)
K (v14 S K (S z x) (v5 v12) K S (S K) x)
B (v10 x) z I (x (B v3 z) (S (I x)) (B (x (z B z) (K (B I) (B B))) K (z (z B))))
v10 x (z I) (x (B v3 z) (S (I x)) (B (x (z B z) (K (B I) (B B))) K (z (z B))))
v10 x (z I) (x (B v3 z) (S x) (B (x (z B z) (K (B I) (B B))) K (z (z B))))
v10 x (z I) (x (B v3 z) (S x) (x (z B z) (K (B I) (B B)) (K (z (z B)))))
v10 x (z I) (x (B v3 z) (S x) (x (z B z) (B I) (K (z (z B)))))
v27 (x z) x B (x S) (K (S (z x K)) B) B (K (v10 (v23 K) (I (x (S v26)))) (K (B x (x v5) (v20 (z v3) (z (z B (v13 x)))) x (v28 (S B (x B)) B)))) x
v27 (x z) x B (x S) (S (z x K)) B (K (v10 (v23 K) (I (x (S v26)))) (K (B x (x v5) (v20 (z v3) (z (z B (v13 x)))) x (v28 (S B (x B)) B)))) x
v27 (x z) x B (x S) (S (z x K)) B (v10 (v23 K) (I (x (S v26)))) x
v27 (x z) x B (x S) (S (z x K)) B (v10 (v23 K) (x (S v26))) x
