v16 (B z (v1 S) (v9 I (B (x B))) (S K (v3 (I x)))) (S B)
v16 (z (v1 S (v9 I (B (x B)))) (S K (v3 (I x)))) (S B)
v16 (z (v1 S (v9 I (B (x B)))) (S K (v3 x))) (S B)
I (z S)
z S
z z S x (I (S (v7 B (K v2))) v2) (B z z (B I I v23 I (B (S (S B K)))) (K z K v6) x (z (v22 S) B v0 z v18 (I (I (x (I (z v14))))) (K v19) v8))
z z S x (S (v7 B (K v2)) v2) (B z z (B I I v23 I (B (S (S B K)))) (K z K v6) x (z (v22 S) B v0 z v18 (I (I (x (I (z v14))))) (K v19) v8))
z z S x (S (v7 B (K v2)) v2) (z (z (B I I v23 I (B (S (S B K))))) (K z K v6) x (z (v22 S) B v0 z v18 (I (I (x (I (z v14))))) (K v19) v8))
z z S x (S (v7 B (K v2)) v2) (z (z (I (I v23) I (B (S (S B K))))) (K z K v6) x (z (v22 S) B v0 z v18 (I (I (x (I (z v14))))) (K v19) v8))
z z S x (S (v7 B (K v2)) v2) (z (z (I v23 I (B (S (S B K))))) (K z K v6) x (z (v22 S) B v0 z v18 (I (I (x (I (z v14))))) (K v19) v8))
z z S x (S (v7 B (K v2)) v2) (z (z (v23 I (B (S (S B K))))) (K z K v6) x (z (v22 S) B v0 z v18 (I (I (x (I (z v14))))) (K v19) v8))
z z S x (S (v7 B (K v2)) v2) (z (z (v23 I (B (S (S B K))))) (z v6) x (z (v22 S) B v0 z v18 (I (I (x (I (z v14))))) (K v19) v8))
z z S x (S (v7 B (K v2)) v2) (z (z (v23 I (B (S (S B K))))) (z v6) x (z (v22 S) B v0 z v18 (I (x (I (z v14)))) (K v19) v8))
z z S x (S (v7 B (K v2)) v2) (z (z (v23 I (B (S (S B K))))) (z v6) x (z (v22 S) B v0 z v18 (x (I (z v14))) (K v19) v8))
z z S x (S (v7 B (K v2)) v2) (z (z (v23 I (B (S (S B K))))) (z v6) x (z (v22 S) B v0 z v18 (x (z v14)) (K v19) v8))
B v30 (K (K K (S I) (v4 (B (K (z K)) (v12 x) (I S))))) B (x (z z S) (v3 (x (I (z x) (v30 (B x)) (I x I))) (z K (B (v16 (B (B (K I)) (v10 S)))) z))) (v23 B (z (K (I (x I) I) (I v4 z (x I)))) (B z) (x z I) x K)
v30 (K (K K (S I) (v4 (B (K (z K)) (v12 x) (I S)))) B) (x (z z S) (v3 (x (I (z x) (v30 (B x)) (I x I))) (z K (B (v16 (B (B (K I)) (v10 S)))) z))) (v23 B (z (K (I (x I) I) (I v4 z (x I)))) (B z) (x z I) x K)
v30 (K K (S I) (v4 (B (K (z K)) (v12 x) (I S)))) (x (z z S) (v3 (x (I (z x) (v30 (B x)) (I x I))) (z K (B (v16 (B (B (K I)) (v10 S)))) z))) (v23 B (z (K (I (x I) I) (I v4 z (x I)))) (B z) (x z I) x K)
v30 (K (v4 (B (K (z K)) (v12 x) (I S)))) (x (z z S) (v3 (x (I (z x) (v30 (B x)) (I x I))) (z K (B (v16 (B (B (K I)) (v10 S)))) z))) (v23 B (z (K (I (x I) I) (I v4 z (x I)))) (B z) (x z I) x K)
v30 (K (v4 (K (z K) (v12 x (I S))))) (x (z z S) (v3 (x (I (z x) (v30 (B x)) (I x I))) (z K (B (v16 (B (B (K I)) (v10 S)))) z))) (v23 B (z (K (I (x I) I) (I v4 z (x I)))) (B z) (x z I) x K)
v30 (K (v4 (z K))) (x (z z S) (v3 (x (I (z x) (v30 (B x)) (I x I))) (z K (B (v16 (B (B (K I)) (v10 S)))) z))) (v23 B (z (K (I (x I) I) (I v4 z (x I)))) (B z) (x z I) x K)
v30 (K (v4 (z K))) (x (z z S) (v3 (x (z x (v30 (B x)) (I x I))) (z K (B (v16 (B (B (K I)) (v10 S)))) z))) (v23 B (z (K (I (x I) I) (I v4 z (x I)))) (B z) (x z I) x K)
v30 (K (v4 (z K))) (x (z z S) (v3 (x (z x (v30 (B x)) (x I))) (z K (B (v16 (B (B (K I)) (v10 S)))) z))) (v23 B (z (K (I (x I) I) (I v4 z (x I)))) (B z) (x z I) x K)
v30 (K (v4 (z K))) (x (z z S) (v3 (x (z x (v30 (B x)) (x I))) (z K (B (v16 (B (B (K I)) (v10 S)))) z))) (v23 B (z (I (x I) I)) (B z) (x z I) x K)
v30 (K (v4 (z K))) (x (z z S) (v3 (x (z x (v30 (B x)) (x I))) (z K (B (v16 (B (B (K I)) (v10 S)))) z))) (v23 B (z (x I I)) (B z) (x z I) x K)
v1
S
B v22 (K v2 S v28 (I x (I (I v9 (S B)))) (z x (x v6) v14 x) (v5 v12)) (x S (z z) B S) (B (z x (x (z (x (B B)) x (x K S S))) S (K (K (S B I)) K))) (v8 (B K (K (S K (B v3 (x (B K) (K I)) x))) (I I I)) (v2 (z z S (S (I S (B I S))) (S S K B)) (S z)) (K (I B B)) (S (K I K (v13 (K (B S)))) (K S) (K (S (K (B (x (v16 z (z (I x))))))) (I x)) (z x (v14 x)) x))
v22 (K v2 S v28 (I x (I (I v9 (S B)))) (z x (x v6) v14 x) (v5 v12) (x S (z z) B S)) (B (z x (x (z (x (B B)) x (x K S S))) S (K (K (S B I)) K))) (v8 (B K (K (S K (B v3 (x (B K) (K I)) x))) (I I I)) (v2 (z z S (S (I S (B I S))) (S S K B)) (S z)) (K (I B B)) (S (K I K (v13 (K (B S)))) (K S) (K (S (K (B (x (v16 z (z (I x))))))) (I x)) (z x (v14 x)) x))
v22 (v2 v28 (I x (I (I v9 (S B)))) (z x (x v6) v14 x) (v5 v12) (x S (z z) B S)) (B (z x (x (z (x (B B)) x (x K S S))) S (K (K (S B I)) K))) (v8 (B K (K (S K (B v3 (x (B K) (K I)) x))) (I I I)) (v2 (z z S (S (I S (B I S))) (S S K B)) (S z)) (K (I B B)) (S (K I K (v13 (K (B S)))) (K S) (K (S (K (B (x (v16 z (z (I x))))))) (I x)) (z x (v14 x)) x))
v22 (v2 v28 (x (I (I v9 (S B)))) (z x (x v6) v14 x) (v5 v12) (x S (z z) B S)) (B (z x (x (z (x (B B)) x (x K S S))) S (K (K (S B I)) K))) (v8 (B K (K (S K (B v3 (x (B K) (K I)) x))) (I I I)) (v2 (z z S (S (I S (B I S))) (S S K B)) (S z)) (K (I B B)) (S (K I K (v13 (K (B S)))) (K S) (K (S (K (B (x (v16 z (z (I x))))))) (I x)) (z x (v14 x)) x))
v22 (v2 v28 (x (I v9 (S B))) (z x (x v6) v14 x) (v5 v12) (x S (z z) B S)) (B (z x (x (z (x (B B)) x (x K S S))) S (K (K (S B I)) K))) (v8 (B K (K (S K (B v3 (x (B K) (K I)) x))) (I I I)) (v2 (z z S (S (I S (B I S))) (S S K B)) (S z)) (K (I B B)) (S (K I K (v13 (K (B S)))) (K S) (K (S (K (B (x (v16 z (z (I x))))))) (I x)) (z x (v14 x)) x))
v22 (v2 v28 (x (v9 (S B))) (z x (x v6) v14 x) (v5 v12) (x S (z z) B S)) (B (z x (x (z (x (B B)) x (x K S S))) S (K (K (S B I)) K))) (v8 (B K (K (S K (B v3 (x (B K) (K I)) x))) (I I I)) (v2 (z z S (S (I S (B I S))) (S S K B)) (S z)) (K (I B B)) (S (K I K (v13 (K (B S)))) (K S) (K (S (K (B (x (v16 z (z (I x))))))) (I x)) (z x (v14 x)) x))
v22 (v2 v28 (x (v9 (S B))) (z x (x v6) v14 x) (v5 v12) (x S (z z) B S)) (B (z x (x (z (x (B B)) x (x K S S))) S (K (S B I)))) (v8 (B K (K (S K (B v3 (x (B K) (K I)) x))) (I I I)) (v2 (z z S (S (I S (B I S))) (S S K B)) (S z)) (K (I B B)) (S (K I K (v13 (K (B S)))) (K S) (K (S (K (B (x (v16 z (z (I x))))))) (I x)) (z x (v14 x)) x))
v22 (v2 v28 (x (v9 (S B))) (z x (x v6) v14 x) (v5 v12) (x S (z z) B S)) (B (z x (x (z (x (B B)) x (x K S S))) S (K (S B I)))) (v8 (K (K (S K (B v3 (x (B K) (K I)) x)) (I I I))) (v2 (z z S (S (I S (B I S))) (S S K B)) (S z)) (K (I B B)) (S (K I K (v13 (K (B S)))) (K S) (K (S (K (B (x (v16 z (z (I x))))))) (I x)) (z x (v14 x)) x))
v22 (v2 v28 (x (v9 (S B))) (z x (x v6) v14 x) (v5 v12) (x S (z z) B S)) (B (z x (x (z (x (B B)) x (x K S S))) S (K (S B I)))) (v8 (K (S K (B v3 (x (B K) (K I)) x))) (v2 (z z S (S (I S (B I S))) (S S K B)) (S z)) (K (I B B)) (S (K I K (v13 (K (B S)))) (K S) (K (S (K (B (x (v16 z (z (I x))))))) (I x)) (z x (v14 x)) x))
v22 (v2 v28 (x (v9 (S B))) (z x (x v6) v14 x) (v5 v12) (x S (z z) B S)) (B (z x (x (z (x (B B)) x (x K S S))) S (K (S B I)))) (v8 (K (S K (v3 (x (B K) (K I) x)))) (v2 (z z S (S (I S (B I S))) (S S K B)) (S z)) (K (I B B)) (S (K I K (v13 (K (B S)))) (K S) (K (S (K (B (x (v16 z (z (I x))))))) (I x)) (z x (v14 x)) x))
v22 (v2 v28 (x (v9 (S B))) (z x (x v6) v14 x) (v5 v12) (x S (z z) B S)) (B (z x (x (z (x (B B)) x (x K S S))) S (K (S B I)))) (v8 (K (S K (v3 (x (B K) (K I) x)))) (v2 (z z S (S (S (B I S))) (S S K B)) (S z)) (K (I B B)) (S (K I K (v13 (K (B S)))) (K S) (K (S (K (B (x (v16 z (z (I x))))))) (I x)) (z x (v14 x)) x))
v22 (v2 v28 (x (v9 (S B))) (z x (x v6) v14 x) (v5 v12) (x S (z z) B S)) (B (z x (x (z (x (B B)) x (x K S S))) S (K (S B I)))) (v8 (K (S K (v3 (x (B K) (K I) x)))) (v2 (z z S (S (S (B I S))) (S B (K B))) (S z)) (K (I B B)) (S (K I K (v13 (K (B S)))) (K S) (K (S (K (B (x (v16 z (z (I x))))))) (I x)) (z x (v14 x)) x))
v22 (v2 v28 (x (v9 (S B))) (z x (x v6) v14 x) (v5 v12) (x S (z z) B S)) (B (z x (x (z (x (B B)) x (x K S S))) S (K (S B I)))) (v8 (K (S K (v3 (x (B K) (K I) x)))) (v2 (z z S (S (S (B I S))) (S B (K B))) (S z)) (K (B B)) (S (K I K (v13 (K (B S)))) (K S) (K (S (K (B (x (v16 z (z (I x))))))) (I x)) (z x (v14 x)) x))
v22 (v2 v28 (x (v9 (S B))) (z x (x v6) v14 x) (v5 v12) (x S (z z) B S)) (B (z x (x (z (x (B B)) x (x K S S))) S (K (S B I)))) (v8 (K (S K (v3 (x (B K) (K I) x)))) (v2 (z z S (S (S (B I S))) (S B (K B))) (S z)) (K (B B)) (K I K (v13 (K (B S))) (K (S (K (B (x (v16 z (z (I x))))))) (I x)) (K S (K (S (K (B (x (v16 z (z (I x))))))) (I x))) (z x (v14 x)) x))
v22 (v2 v28 (x (v9 (S B))) (z x (x v6) v14 x) (v5 v12) (x S (z z) B S)) (B (z x (x (z (x (B B)) x (x K S S))) S (K (S B I)))) (v8 (K (S K (v3 (x (B K) (K I) x)))) (v2 (z z S (S (S (B I S))) (S B (K B))) (S z)) (K (B B)) (I (v13 (K (B S))) (K (S (K (B (x (v16 z (z (I x))))))) (I x)) (K S (K (S (K (B (x (v16 z (z (I x))))))) (I x))) (z x (v14 x)) x))
v22 (v2 v28 (x (v9 (S B))) (z x (x v6) v14 x) (v5 v12) (x S (z z) B S)) (B (z x (x (z (x (B B)) x (x K S S))) S (K (S B I)))) (v8 (K (S K (v3 (x (B K) (K I) x)))) (v2 (z z S (S (S (B I S))) (S B (K B))) (S z)) (K (B B)) (v13 (K (B S)) (K (S (K (B (x (v16 z (z (I x))))))) (I x)) (K S (K (S (K (B (x (v16 z (z (I x))))))) (I x))) (z x (v14 x)) x))
v22 (v2 v28 (x (v9 (S B))) (z x (x v6) v14 x) (v5 v12) (x S (z z) B S)) (B (z x (x (z (x (B B)) x (x K S S))) S (K (S B I)))) (v8 (K (S K (v3 (x (B K) (K I) x)))) (v2 (z z S (S (S (B I S))) (S B (K B))) (S z)) (K (B B)) (v13 (K (B S)) (S (K (B (x (v16 z (z (I x))))))) (K S (K (S (K (B (x (v16 z (z (I x))))))) (I x))) (z x (v14 x)) x))
v22 (v2 v28 (x (v9 (S B))) (z x (x v6) v14 x) (v5 v12) (x S (z z) B S)) (B (z x (x (z (x (B B)) x (x K S S))) S (K (S B I)))) (v8 (K (S K (v3 (x (B K) (K I) x)))) (v2 (z z S (S (S (B I S))) (S B (K B))) (S z)) (K (B B)) (v13 (K (B S)) (S (K (B (x (v16 z (z x)))))) (K S (K (S (K (B (x (v16 z (z (I x))))))) (I x))) (z x (v14 x)) x))
v22 (v2 v28 (x (v9 (S B))) (z x (x v6) v14 x) (v5 v12) (x S (z z) B S)) (B (z x (x (z (x (B B)) x (x K S S))) S (K (S B I)))) (v8 (K (S K (v3 (x (B K) (K I) x)))) (v2 (z z S (S (S (B I S))) (S B (K B))) (S z)) (K (B B)) (v13 (K (B S)) (S (K (B (x (v16 z (z x)))))) S (z x (v14 x)) x))
B (I (B v27 (B (v9 I (v28 x)))) (B v12 S) (z (z z (B (I B)) (x (K I))) (B (x (B x) K (z z) x K K) (z S K K)) v26 K (I (I z z z))))
B (B v27 (B (v9 I (v28 x))) (B v12 S) (z (z z (B (I B)) (x (K I))) (B (x (B x) K (z z) x K K) (z S K K)) v26 K (I (I z z z))))
B (v27 (B (v9 I (v28 x)) (B v12 S)) (z (z z (B (I B)) (x (K I))) (B (x (B x) K (z z) x K K) (z S K K)) v26 K (I (I z z z))))
B (v27 (B (v9 I (v28 x)) (B v12 S)) (z (z z (B B) (x (K I))) (B (x (B x) K (z z) x K K) (z S K K)) v26 K (I (I z z z))))
B (v27 (B (v9 I (v28 x)) (B v12 S)) (z (z z (B B) (x (K I))) (B (x (B x) K (z z) x K K) (z S K K)) v26 K (I z z z)))
B (v27 (B (v9 I (v28 x)) (B v12 S)) (z (z z (B B) (x (K I))) (B (x (B x) K (z z) x K K) (z S K K)) v26 K (z z z)))
B (K B (K (S (I (S K) (v11 (x S) S) I K))) K) (K (I I I)) (v17 z (x x K (x I z K)) (x v25) (I z (x x (v1 B I I) K) (v24 x (S (z K) K)) (K (x x) S (I K S) (I (B I)))) S)
K B (K (S (I (S K) (v11 (x S) S) I K))) K (K (I I I) (v17 z (x x K (x I z K)) (x v25) (I z (x x (v1 B I I) K) (v24 x (S (z K) K)) (K (x x) S (I K S) (I (B I)))) S))
B K (K (I I I) (v17 z (x x K (x I z K)) (x v25) (I z (x x (v1 B I I) K) (v24 x (S (z K) K)) (K (x x) S (I K S) (I (B I)))) S))
B K (I I I)
B K (I I)
B K I
v13
