I S (x (x (v27 (K S) (z B v11 (S B) S)) x (I (B S x K (S (B I) x))) (x B (x (I v9 (v19 (v26 (K (K x (K K))))))))))
S (x (x (v27 (K S) (z B v11 (S B) S)) x (I (B S x K (S (B I) x))) (x B (x (I v9 (v19 (v26 (K (K x (K K))))))))))
S (x (x (v27 (K S) (z B v11 (S B) S)) x (B S x K (S (B I) x)) (x B (x (I v9 (v19 (v26 (K (K x (K K))))))))))
S (x (x (v27 (K S) (z B v11 (S B) S)) x (S (x K) (S (B I) x)) (x B (x (I v9 (v19 (v26 (K (K x (K K))))))))))
S (x (x (v27 (K S) (z B v11 (S B) S)) x (S (x K) (S (B I) x)) (x B (x (v9 (v19 (v26 (K (K x (K K))))))))))
S (x (x (v27 (K S) (z B v11 (S B) S)) x (S (x K) (S (B I) x)) (x B (x (v9 (v19 (v26 (K x))))))))
z I S
S
K
v18 (x z B) (z (z (v13 x (K x I B)))) z (z (x (B (z (v24 S) S)) I) (v23 (x (I (I (z S) B)) z x) (S B (x K v8))))
v18 (x z B) (z (z (v13 x (x B)))) z (z (x (B (z (v24 S) S)) I) (v23 (x (I (I (z S) B)) z x) (S B (x K v8))))
v18 (x z B) (z (z (v13 x (x B)))) z (z (x (B (z (v24 S) S)) I) (v23 (x (I (z S) B) z x) (S B (x K v8))))
v18 (x z B) (z (z (v13 x (x B)))) z (z (x (B (z (v24 S) S)) I) (v23 (x (z S B) z x) (S B (x K v8))))
v0 (v5 (K S) (S B) (I x) (I v17 (K (K (I z S)) (z (z z) (B v19))) (S (x (S (B (K x))) (z (x v5 z) B z)))))
v0 (v5 (K S) (S B) x (I v17 (K (K (I z S)) (z (z z) (B v19))) (S (x (S (B (K x))) (z (x v5 z) B z)))))
v0 (v5 (K S) (S B) x (v17 (K (K (I z S)) (z (z z) (B v19))) (S (x (S (B (K x))) (z (x v5 z) B z)))))
v0 (v5 (K S) (S B) x (v17 (K (I z S)) (S (x (S (B (K x))) (z (x v5 z) B z)))))
v0 (v5 (K S) (S B) x (v17 (K (z S)) (S (x (S (B (K x))) (z (x v5 z) B z)))))
B S (K (K B (v7 (S (B S) (v6 S v21 B) v13 (v11 (z v22) v30)))) (x (z B) (v25 S)))
B S (K B (v7 (S (B S) (v6 S v21 B) v13 (v11 (z v22) v30))))
B S B
z (K I) (K (I (K v8)) I) (x B)
z (K I) (I (K v8)) (x B)
z (K I) (K v8) (x B)
I v0 K
v0 K
S S (B B) (v7 z) (x (I z)) (I S (v0 S) (S (I S) z B x)) (I (B B) (S x S K S S x) B)
S (v7 z) (B B (v7 z)) (x (I z)) (I S (v0 S) (S (I S) z B x)) (I (B B) (S x S K S S x) B)
v7 z (x (I z)) (B B (v7 z) (x (I z))) (I S (v0 S) (S (I S) z B x)) (I (B B) (S x S K S S x) B)
v7 z (x z) (B B (v7 z) (x (I z))) (I S (v0 S) (S (I S) z B x)) (I (B B) (S x S K S S x) B)
v7 z (x z) (B (v7 z (x (I z)))) (I S (v0 S) (S (I S) z B x)) (I (B B) (S x S K S S x) B)
v7 z (x z) (B (v7 z (x z))) (I S (v0 S) (S (I S) z B x)) (I (B B) (S x S K S S x) B)
v7 z (x z) (B (v7 z (x z))) (S (v0 S) (S (I S) z B x)) (I (B B) (S x S K S S x) B)
v7 z (x z) (B (v7 z (x z))) (S (v0 S) (I S B (z B) x)) (I (B B) (S x S K S S x) B)
v7 z (x z) (B (v7 z (x z))) (S (v0 S) (S B (z B) x)) (I (B B) (S x S K S S x) B)
v7 z (x z) (B (v7 z (x z))) (S (v0 S) (B x (z B x))) (I (B B) (S x S K S S x) B)
v7 z (x z) (B (v7 z (x z))) (S (v0 S) (B x (z B x))) (B B (S x S K S S x) B)
v7 z (x z) (B (v7 z (x z))) (S (v0 S) (B x (z B x))) (B (S x S K S S x B))
v7 z (x z) (B (v7 z (x z))) (S (v0 S) (B x (z B x))) (B (x K (S K) S S x B))
