B (x (v16 S (I K) S (v17 (x (B x v1 K) I) (K B) v1) S) K) (I (K I K) (x (x B (B S)) (v11 v17 (B (S v2 v1) K) (v29 (I x (v1 x)) v10 x (K z) S))) K) (K (z I (K z (K I)) (K z) (z (v5 v29 (v28 z)) (v11 z)) B) (x (z x (K z) (S (x (z K B) I) x)) (x v5) S (x v27 K)) (K K))
x (v16 S (I K) S (v17 (x (B x v1 K) I) (K B) v1) S) K (I (K I K) (x (x B (B S)) (v11 v17 (B (S v2 v1) K) (v29 (I x (v1 x)) v10 x (K z) S))) K (K (z I (K z (K I)) (K z) (z (v5 v29 (v28 z)) (v11 z)) B) (x (z x (K z) (S (x (z K B) I) x)) (x v5) S (x v27 K)) (K K)))
x (v16 S K S (v17 (x (B x v1 K) I) (K B) v1) S) K (I (K I K) (x (x B (B S)) (v11 v17 (B (S v2 v1) K) (v29 (I x (v1 x)) v10 x (K z) S))) K (K (z I (K z (K I)) (K z) (z (v5 v29 (v28 z)) (v11 z)) B) (x (z x (K z) (S (x (z K B) I) x)) (x v5) S (x v27 K)) (K K)))
x (v16 S K S (v17 (x (x (v1 K)) I) (K B) v1) S) K (I (K I K) (x (x B (B S)) (v11 v17 (B (S v2 v1) K) (v29 (I x (v1 x)) v10 x (K z) S))) K (K (z I (K z (K I)) (K z) (z (v5 v29 (v28 z)) (v11 z)) B) (x (z x (K z) (S (x (z K B) I) x)) (x v5) S (x v27 K)) (K K)))
x (v16 S K S (v17 (x (x (v1 K)) I) (K B) v1) S) K (K I K (x (x B (B S)) (v11 v17 (B (S v2 v1) K) (v29 (I x (v1 x)) v10 x (K z) S))) K (K (z I (K z (K I)) (K z) (z (v5 v29 (v28 z)) (v11 z)) B) (x (z x (K z) (S (x (z K B) I) x)) (x v5) S (x v27 K)) (K K)))
x (v16 S K S (v17 (x (x (v1 K)) I) (K B) v1) S) K (I (x (x B (B S)) (v11 v17 (B (S v2 v1) K) (v29 (I x (v1 x)) v10 x (K z) S))) K (K (z I (K z (K I)) (K z) (z (v5 v29 (v28 z)) (v11 z)) B) (x (z x (K z) (S (x (z K B) I) x)) (x v5) S (x v27 K)) (K K)))
x (v16 S K S (v17 (x (x (v1 K)) I) (K B) v1) S) K (x (x B (B S)) (v11 v17 (B (S v2 v1) K) (v29 (I x (v1 x)) v10 x (K z) S)) K (K (z I (K z (K I)) (K z) (z (v5 v29 (v28 z)) (v11 z)) B) (x (z x (K z) (S (x (z K B) I) x)) (x v5) S (x v27 K)) (K K)))
x (v16 S K S (v17 (x (x (v1 K)) I) (K B) v1) S) K (x (x B (B S)) (v11 v17 (B (S v2 v1) K) (v29 (x (v1 x)) v10 x (K z) S)) K (K (z I (K z (K I)) (K z) (z (v5 v29 (v28 z)) (v11 z)) B) (x (z x (K z) (S (x (z K B) I) x)) (x v5) S (x v27 K)) (K K)))
x (v16 S K S (v17 (x (x (v1 K)) I) (K B) v1) S) K (x (x B (B S)) (v11 v17 (B (S v2 v1) K) (v29 (x (v1 x)) v10 x (K z) S)) K (z I (K z (K I)) (K z) (z (v5 v29 (v28 z)) (v11 z)) B (K K)))
x (v16 S K S (v17 (x (x (v1 K)) I) (K B) v1) S) K (x (x B (B S)) (v11 v17 (B (S v2 v1) K) (v29 (x (v1 x)) v10 x (K z) S)) K (z I z (K z) (z (v5 v29 (v28 z)) (v11 z)) B (K K)))
x
z (z I (I (S z) (v9 (B v23 B)))) (B z) (x x (S (I x) (v5 (K S)) (I (v27 K I) x) (I K (B (B (v6 B) v30) K))) (B (K (z S))) (S S I (I v30) (z (z x)) K I S))
z (z I (S z (v9 (B v23 B)))) (B z) (x x (S (I x) (v5 (K S)) (I (v27 K I) x) (I K (B (B (v6 B) v30) K))) (B (K (z S))) (S S I (I v30) (z (z x)) K I S))
z (z I (S z (v9 (B v23 B)))) (B z) (x x (I x (I (v27 K I) x) (v5 (K S) (I (v27 K I) x)) (I K (B (B (v6 B) v30) K))) (B (K (z S))) (S S I (I v30) (z (z x)) K I S))
z (z I (S z (v9 (B v23 B)))) (B z) (x x (x (I (v27 K I) x) (v5 (K S) (I (v27 K I) x)) (I K (B (B (v6 B) v30) K))) (B (K (z S))) (S S I (I v30) (z (z x)) K I S))
z (z I (S z (v9 (B v23 B)))) (B z) (x x (x (v27 K I x) (v5 (K S) (I (v27 K I) x)) (I K (B (B (v6 B) v30) K))) (B (K (z S))) (S S I (I v30) (z (z x)) K I S))
z (z I (S z (v9 (B v23 B)))) (B z) (x x (x (v27 K I x) (v5 (K S) (v27 K I x)) (I K (B (B (v6 B) v30) K))) (B (K (z S))) (S S I (I v30) (z (z x)) K I S))
z (z I (S z (v9 (B v23 B)))) (B z) (x x (x (v27 K I x) (v5 (K S) (v27 K I x)) (K (B (B (v6 B) v30) K))) (B (K (z S))) (S S I (I v30) (z (z x)) K I S))
z (z I (S z (v9 (B v23 B)))) (B z) (x x (x (v27 K I x) (v5 (K S) (v27 K I x)) (K (B (B (v6 B) v30) K))) (B (K (z S))) (S (I v30) (I (I v30)) (z (z x)) K I S))
z (z I (S z (v9 (B v23 B)))) (B z) (x x (x (v27 K I x) (v5 (K S) (v27 K I x)) (K (B (B (v6 B) v30) K))) (B (K (z S))) (I v30 (z (z x)) (I (I v30) (z (z x))) K I S))
z (z I (S z (v9 (B v23 B)))) (B z) (x x (x (v27 K I x) (v5 (K S) (v27 K I x)) (K (B (B (v6 B) v30) K))) (B (K (z S))) (v30 (z (z x)) (I (I v30) (z (z x))) K I S))
z (z I (S z (v9 (B v23 B)))) (B z) (x x (x (v27 K I x) (v5 (K S) (v27 K I x)) (K (B (B (v6 B) v30) K))) (B (K (z S))) (v30 (z (z x)) (I v30 (z (z x))) K I S))
z (z I (S z (v9 (B v23 B)))) (B z) (x x (x (v27 K I x) (v5 (K S) (v27 K I x)) (K (B (B (v6 B) v30) K))) (B (K (z S))) (v30 (z (z x)) (v30 (z (z x))) K I S))
z (I (z (z B)) (v24 x)) (K S z I v10 (x (z (x (v15 (S x I I))) I (v27 I I)) I) (B (x x))) (B I (K (S (S (x x)) (K (B v29 z v27))) v22) (S (K I) S S) (S (K (B (K K)) S v3) (v8 z) (S I (z (S v11)) (S z (S (K x) I) K)) B))
z (z (z B) (v24 x)) (K S z I v10 (x (z (x (v15 (S x I I))) I (v27 I I)) I) (B (x x))) (B I (K (S (S (x x)) (K (B v29 z v27))) v22) (S (K I) S S) (S (K (B (K K)) S v3) (v8 z) (S I (z (S v11)) (S z (S (K x) I) K)) B))
z (z (z B) (v24 x)) (S I v10 (x (z (x (v15 (S x I I))) I (v27 I I)) I) (B (x x))) (B I (K (S (S (x x)) (K (B v29 z v27))) v22) (S (K I) S S) (S (K (B (K K)) S v3) (v8 z) (S I (z (S v11)) (S z (S (K x) I) K)) B))
z (z (z B) (v24 x)) (I (x (z (x (v15 (S x I I))) I (v27 I I)) I) (v10 (x (z (x (v15 (S x I I))) I (v27 I I)) I)) (B (x x))) (B I (K (S (S (x x)) (K (B v29 z v27))) v22) (S (K I) S S) (S (K (B (K K)) S v3) (v8 z) (S I (z (S v11)) (S z (S (K x) I) K)) B))
z (z (z B) (v24 x)) (x (z (x (v15 (S x I I))) I (v27 I I)) I (v10 (x (z (x (v15 (S x I I))) I (v27 I I)) I)) (B (x x))) (B I (K (S (S (x x)) (K (B v29 z v27))) v22) (S (K I) S S) (S (K (B (K K)) S v3) (v8 z) (S I (z (S v11)) (S z (S (K x) I) K)) B))
z (z (z B) (v24 x)) (x (z (x (v15 (x I (I I)))) I (v27 I I)) I (v10 (x (z (x (v15 (S x I I))) I (v27 I I)) I)) (B (x x))) (B I (K (S (S (x x)) (K (B v29 z v27))) v22) (S (K I) S S) (S (K (B (K K)) S v3) (v8 z) (S I (z (S v11)) (S z (S (K x) I) K)) B))
z (z (z B) (v24 x)) (x (z (x (v15 (x I I))) I (v27 I I)) I (v10 (x (z (x (v15 (S x I I))) I (v27 I I)) I)) (B (x x))) (B I (K (S (S (x x)) (K (B v29 z v27))) v22) (S (K I) S S) (S (K (B (K K)) S v3) (v8 z) (S I (z (S v11)) (S z (S (K x) I) K)) B))
z (z (z B) (v24 x)) (x (z (x (v15 (x I I))) I (v27 I I)) I (v10 (x (z (x (v15 (x I (I I)))) I (v27 I I)) I)) (B (x x))) (B I (K (S (S (x x)) (K (B v29 z v27))) v22) (S (K I) S S) (S (K (B (K K)) S v3) (v8 z) (S I (z (S v11)) (S z (S (K x) I) K)) B))
z (z (z B) (v24 x)) (x (z (x (v15 (x I I))) I (v27 I I)) I (v10 (x (z (x (v15 (x I I))) I (v27 I I)) I)) (B (x x))) (B I (K (S (S (x x)) (K (B v29 z v27))) v22) (S (K I) S S) (S (K (B (K K)) S v3) (v8 z) (S I (z (S v11)) (S z (S (K x) I) K)) B))
z (z (z B) (v24 x)) (x (z (x (v15 (x I I))) I (v27 I I)) I (v10 (x (z (x (v15 (x I I))) I (v27 I I)) I)) (B (x x))) (I (K (S (S (x x)) (K (B v29 z v27))) v22 (S (K I) S S)) (S (K (B (K K)) S v3) (v8 z) (S I (z (S v11)) (S z (S (K x) I) K)) B))
z (z (z B) (v24 x)) (x (z (x (v15 (x I I))) I (v27 I I)) I (v10 (x (z (x (v15 (x I I))) I (v27 I I)) I)) (B (x x))) (K (S (S (x x)) (K (B v29 z v27))) v22 (S (K I) S S) (S (K (B (K K)) S v3) (v8 z) (S I (z (S v11)) (S z (S (K x) I) K)) B))
z (z (z B) (v24 x)) (x (z (x (v15 (x I I))) I (v27 I I)) I (v10 (x (z (x (v15 (x I I))) I (v27 I I)) I)) (B (x x))) (S (S (x x)) (K (B v29 z v27)) (S (K I) S S) (S (K (B (K K)) S v3) (v8 z) (S I (z (S v11)) (S z (S (K x) I) K)) B))
z (z (z B) (v24 x)) (x (z (x (v15 (x I I))) I (v27 I I)) I (v10 (x (z (x (v15 (x I I))) I (v27 I I)) I)) (B (x x))) (S (x x) (S (K I) S S) (K (B v29 z v27) (S (K I) S S)) (S (K (B (K K)) S v3) (v8 z) (S I (z (S v11)) (S z (S (K x) I) K)) B))
z (z (z B) (v24 x)) (x (z (x (v15 (x I I))) I (v27 I I)) I (v10 (x (z (x (v15 (x I I))) I (v27 I I)) I)) (B (x x))) (x x (K (B v29 z v27) (S (K I) S S)) (S (K I) S S (K (B v29 z v27) (S (K I) S S))) (S (K (B (K K)) S v3) (v8 z) (S I (z (S v11)) (S z (S (K x) I) K)) B))
z (z (z B) (v24 x)) (x (z (x (v15 (x I I))) I (v27 I I)) I (v10 (x (z (x (v15 (x I I))) I (v27 I I)) I)) (B (x x))) (x x (B v29 z v27) (S (K I) S S (K (B v29 z v27) (S (K I) S S))) (S (K (B (K K)) S v3) (v8 z) (S I (z (S v11)) (S z (S (K x) I) K)) B))
z (z (z B) (v24 x)) (x (z (x (v15 (x I I))) I (v27 I I)) I (v10 (x (z (x (v15 (x I I))) I (v27 I I)) I)) (B (x x))) (x x (v29 (z v27)) (S (K I) S S (K (B v29 z v27) (S (K I) S S))) (S (K (B (K K)) S v3) (v8 z) (S I (z (S v11)) (S z (S (K x) I) K)) B))
z (z (z B) (v24 x)) (x (z (x (v15 (x I I))) I (v27 I I)) I (v10 (x (z (x (v15 (x I I))) I (v27 I I)) I)) (B (x x))) (x x (v29 (z v27)) (K I S (S S) (K (B v29 z v27) (S (K I) S S))) (S (K (B (K K)) S v3) (v8 z) (S I (z (S v11)) (S z (S (K x) I) K)) B))
z (z (z B) (v24 x)) (x (z (x (v15 (x I I))) I (v27 I I)) I (v10 (x (z (x (v15 (x I I))) I (v27 I I)) I)) (B (x x))) (x x (v29 (z v27)) (I (S S) (K (B v29 z v27) (S (K I) S S))) (S (K (B (K K)) S v3) (v8 z) (S I (z (S v11)) (S z (S (K x) I) K)) B))
z (z (z B) (v24 x)) (x (z (x (v15 (x I I))) I (v27 I I)) I (v10 (x (z (x (v15 (x I I))) I (v27 I I)) I)) (B (x x))) (x x (v29 (z v27)) (S S (K (B v29 z v27) (S (K I) S S))) (S (K (B (K K)) S v3) (v8 z) (S I (z (S v11)) (S z (S (K x) I) K)) B))
z (z (z B) (v24 x)) (x (z (x (v15 (x I I))) I (v27 I I)) I (v10 (x (z (x (v15 (x I I))) I (v27 I I)) I)) (B (x x))) (x x (v29 (z v27)) (S S (B v29 z v27)) (S (K (B (K K)) S v3) (v8 z) (S I (z (S v11)) (S z (S (K x) I) K)) B))
z (z (z B) (v24 x)) (x (z (x (v15 (x I I))) I (v27 I I)) I (v10 (x (z (x (v15 (x I I))) I (v27 I I)) I)) (B (x x))) (x x (v29 (z v27)) (S S (v29 (z v27))) (S (K (B (K K)) S v3) (v8 z) (S I (z (S v11)) (S z (S (K x) I) K)) B))
z (z (z B) (v24 x)) (x (z (x (v15 (x I I))) I (v27 I I)) I (v10 (x (z (x (v15 (x I I))) I (v27 I I)) I)) (B (x x))) (x x (v29 (z v27)) (S S (v29 (z v27))) (K (B (K K)) S v3 (S I (z (S v11)) (S z (S (K x) I) K)) (v8 z (S I (z (S v11)) (S z (S (K x) I) K))) B))
z (z (z B) (v24 x)) (x (z (x (v15 (x I I))) I (v27 I I)) I (v10 (x (z (x (v15 (x I I))) I (v27 I I)) I)) (B (x x))) (x x (v29 (z v27)) (S S (v29 (z v27))) (B (K K) v3 (S I (z (S v11)) (S z (S (K x) I) K)) (v8 z (S I (z (S v11)) (S z (S (K x) I) K))) B))
z (z (z B) (v24 x)) (x (z (x (v15 (x I I))) I (v27 I I)) I (v10 (x (z (x (v15 (x I I))) I (v27 I I)) I)) (B (x x))) (x x (v29 (z v27)) (S S (v29 (z v27))) (K K (v3 (S I (z (S v11)) (S z (S (K x) I) K))) (v8 z (S I (z (S v11)) (S z (S (K x) I) K))) B))
z (z (z B) (v24 x)) (x (z (x (v15 (x I I))) I (v27 I I)) I (v10 (x (z (x (v15 (x I I))) I (v27 I I)) I)) (B (x x))) (x x (v29 (z v27)) (S S (v29 (z v27))) (K (v8 z (S I (z (S v11)) (S z (S (K x) I) K))) B))
z (z (z B) (v24 x)) (x (z (x (v15 (x I I))) I (v27 I I)) I (v10 (x (z (x (v15 (x I I))) I (v27 I I)) I)) (B (x x))) (x x (v29 (z v27)) (S S (v29 (z v27))) (v8 z (S I (z (S v11)) (S z (S (K x) I) K))))
z (z (z B) (v24 x)) (x (z (x (v15 (x I I))) I (v27 I I)) I (v10 (x (z (x (v15 (x I I))) I (v27 I I)) I)) (B (x x))) (x x (v29 (z v27)) (S S (v29 (z v27))) (v8 z (I (S z (S (K x) I) K) (z (S v11) (S z (S (K x) I) K)))))
z (z (z B) (v24 x)) (x (z (x (v15 (x I I))) I (v27 I I)) I (v10 (x (z (x (v15 (x I I))) I (v27 I I)) I)) (B (x x))) (x x (v29 (z v27)) (S S (v29 (z v27))) (v8 z (S z (S (K x) I) K (z (S v11) (S z (S (K x) I) K)))))
z (z (z B) (v24 x)) (x (z (x (v15 (x I I))) I (v27 I I)) I (v10 (x (z (x (v15 (x I I))) I (v27 I I)) I)) (B (x x))) (x x (v29 (z v27)) (S S (v29 (z v27))) (v8 z (z K (S (K x) I K) (z (S v11) (S z (S (K x) I) K)))))
z (z (z B) (v24 x)) (x (z (x (v15 (x I I))) I (v27 I I)) I (v10 (x (z (x (v15 (x I I))) I (v27 I I)) I)) (B (x x))) (x x (v29 (z v27)) (S S (v29 (z v27))) (v8 z (z K (K x K (I K)) (z (S v11) (S z (S (K x) I) K)))))
I
B (I (I (I v29 (z (x (I v28)) K) B)) (K (S v21) (x S))) v26
B (I (I v29 (z (x (I v28)) K) B) (K (S v21) (x S))) v26
B (I v29 (z (x (I v28)) K) B (K (S v21) (x S))) v26
B (v29 (z (x (I v28)) K) B (K (S v21) (x S))) v26
B (v29 (z (x v28) K) B (K (S v21) (x S))) v26
B (v29 (z (x v28) K) B (S v21)) v26
x (I (v9 z) (x (K (x (z x)))) (v10 z (I (B K)) z)) I (K (S B (K (B (B (B z))) K)) z x v7 (x B))
x (v9 z (x (K (x (z x)))) (v10 z (I (B K)) z)) I (K (S B (K (B (B (B z))) K)) z x v7 (x B))
x (v9 z (x (K (x (z x)))) (v10 z (B K) z)) I (K (S B (K (B (B (B z))) K)) z x v7 (x B))
x (v9 z (x (K (x (z x)))) (v10 z (B K) z)) I (S B (K (B (B (B z))) K) x v7 (x B))
x (v9 z (x (K (x (z x)))) (v10 z (B K) z)) I (B x (K (B (B (B z))) K x) v7 (x B))
x (v9 z (x (K (x (z x)))) (v10 z (B K) z)) I (x (K (B (B (B z))) K x v7) (x B))
x (v9 z (x (K (x (z x)))) (v10 z (B K) z)) I (x (B (B (B z)) x v7) (x B))
x (v9 z (x (K (x (z x)))) (v10 z (B K) z)) I (x (B (B z) (x v7)) (x B))
S x (B (S K)) x x K (I (v8 z)) (x z x) (I (B (z (z z)) B K S B) B K) S
x x (B (S K) x) x K (I (v8 z)) (x z x) (I (B (z (z z)) B K S B) B K) S
x x (B (S K) x) x K (v8 z) (x z x) (I (B (z (z z)) B K S B) B K) S
x x (B (S K) x) x K (v8 z) (x z x) (B (z (z z)) B K S B B K) S
x x (B (S K) x) x K (v8 z) (x z x) (z (z z) (B K) S B B K) S
S
B K I (S (S (v17 (B z)))) (S z (S v27) z) (z (v11 K (v15 (I (B v11 I (v11 x))))) (z (K I (x S x) (z (S S z))))) v15 (B (x v26 (I (I (v13 (x (K S I v12 (K x))))) (S x I) (z (v11 z) (x v3)))) v21)
K (I (S (S (v17 (B z))))) (S z (S v27) z) (z (v11 K (v15 (I (B v11 I (v11 x))))) (z (K I (x S x) (z (S S z))))) v15 (B (x v26 (I (I (v13 (x (K S I v12 (K x))))) (S x I) (z (v11 z) (x v3)))) v21)
I (S (S (v17 (B z)))) (z (v11 K (v15 (I (B v11 I (v11 x))))) (z (K I (x S x) (z (S S z))))) v15 (B (x v26 (I (I (v13 (x (K S I v12 (K x))))) (S x I) (z (v11 z) (x v3)))) v21)
S (S (v17 (B z))) (z (v11 K (v15 (I (B v11 I (v11 x))))) (z (K I (x S x) (z (S S z))))) v15 (B (x v26 (I (I (v13 (x (K S I v12 (K x))))) (S x I) (z (v11 z) (x v3)))) v21)
S (v17 (B z)) v15 (z (v11 K (v15 (I (B v11 I (v11 x))))) (z (K I (x S x) (z (S S z)))) v15) (B (x v26 (I (I (v13 (x (K S I v12 (K x))))) (S x I) (z (v11 z) (x v3)))) v21)
v17 (B z) (z (v11 K (v15 (I (B v11 I (v11 x))))) (z (K I (x S x) (z (S S z)))) v15) (v15 (z (v11 K (v15 (I (B v11 I (v11 x))))) (z (K I (x S x) (z (S S z)))) v15)) (B (x v26 (I (I (v13 (x (K S I v12 (K x))))) (S x I) (z (v11 z) (x v3)))) v21)
v17 (B z) (z (v11 K (v15 (B v11 I (v11 x)))) (z (K I (x S x) (z (S S z)))) v15) (v15 (z (v11 K (v15 (I (B v11 I (v11 x))))) (z (K I (x S x) (z (S S z)))) v15)) (B (x v26 (I (I (v13 (x (K S I v12 (K x))))) (S x I) (z (v11 z) (x v3)))) v21)
v17 (B z) (z (v11 K (v15 (v11 (I (v11 x))))) (z (K I (x S x) (z (S S z)))) v15) (v15 (z (v11 K (v15 (I (B v11 I (v11 x))))) (z (K I (x S x) (z (S S z)))) v15)) (B (x v26 (I (I (v13 (x (K S I v12 (K x))))) (S x I) (z (v11 z) (x v3)))) v21)
v17 (B z) (z (v11 K (v15 (v11 (v11 x)))) (z (K I (x S x) (z (S S z)))) v15) (v15 (z (v11 K (v15 (I (B v11 I (v11 x))))) (z (K I (x S x) (z (S S z)))) v15)) (B (x v26 (I (I (v13 (x (K S I v12 (K x))))) (S x I) (z (v11 z) (x v3)))) v21)
v17 (B z) (z (v11 K (v15 (v11 (v11 x)))) (z (I (z (S S z)))) v15) (v15 (z (v11 K (v15 (I (B v11 I (v11 x))))) (z (K I (x S x) (z (S S z)))) v15)) (B (x v26 (I (I (v13 (x (K S I v12 (K x))))) (S x I) (z (v11 z) (x v3)))) v21)
v17 (B z) (z (v11 K (v15 (v11 (v11 x)))) (z (z (S S z))) v15) (v15 (z (v11 K (v15 (I (B v11 I (v11 x))))) (z (K I (x S x) (z (S S z)))) v15)) (B (x v26 (I (I (v13 (x (K S I v12 (K x))))) (S x I) (z (v11 z) (x v3)))) v21)
v17 (B z) (z (v11 K (v15 (v11 (v11 x)))) (z (z (S S z))) v15) (v15 (z (v11 K (v15 (B v11 I (v11 x)))) (z (K I (x S x) (z (S S z)))) v15)) (B (x v26 (I (I (v13 (x (K S I v12 (K x))))) (S x I) (z (v11 z) (x v3)))) v21)
v17 (B z) (z (v11 K (v15 (v11 (v11 x)))) (z (z (S S z))) v15) (v15 (z (v11 K (v15 (v11 (I (v11 x))))) (z (K I (x S x) (z (S S z)))) v15)) (B (x v26 (I (I (v13 (x (K S I v12 (K x))))) (S x I) (z (v11 z) (x v3)))) v21)
v17 (B z) (z (v11 K (v15 (v11 (v11 x)))) (z (z (S S z))) v15) (v15 (z (v11 K (v15 (v11 (v11 x)))) (z (K I (x S x) (z (S S z)))) v15)) (B (x v26 (I (I (v13 (x (K S I v12 (K x))))) (S x I) (z (v11 z) (x v3)))) v21)
v17 (B z) (z (v11 K (v15 (v11 (v11 x)))) (z (z (S S z))) v15) (v15 (z (v11 K (v15 (v11 (v11 x)))) (z (I (z (S S z)))) v15)) (B (x v26 (I (I (v13 (x (K S I v12 (K x))))) (S x I) (z (v11 z) (x v3)))) v21)
v17 (B z) (z (v11 K (v15 (v11 (v11 x)))) (z (z (S S z))) v15) (v15 (z (v11 K (v15 (v11 (v11 x)))) (z (z (S S z))) v15)) (B (x v26 (I (I (v13 (x (K S I v12 (K x))))) (S x I) (z (v11 z) (x v3)))) v21)
v17 (B z) (z (v11 K (v15 (v11 (v11 x)))) (z (z (S S z))) v15) (v15 (z (v11 K (v15 (v11 (v11 x)))) (z (z (S S z))) v15)) (B (x v26 (I (v13 (x (K S I v12 (K x)))) (S x I) (z (v11 z) (x v3)))) v21)
v17 (B z) (z (v11 K (v15 (v11 (v11 x)))) (z (z (S S z))) v15) (v15 (z (v11 K (v15 (v11 (v11 x)))) (z (z (S S z))) v15)) (B (x v26 (v13 (x (K S I v12 (K x))) (S x I) (z (v11 z) (x v3)))) v21)
v17 (B z) (z (v11 K (v15 (v11 (v11 x)))) (z (z (S S z))) v15) (v15 (z (v11 K (v15 (v11 (v11 x)))) (z (z (S S z))) v15)) (B (x v26 (v13 (x (S v12 (K x))) (S x I) (z (v11 z) (x v3)))) v21)
