x S (x z K) (v9 (I B) (x (z x (z (x x) z v28) (v28 (z I)))) K) (v29 S)
x S (x z K) (v9 B (x (z x (z (x x) z v28) (v28 (z I)))) K) (v29 S)
x (K v20) (S x (x (S B x (B (v15 (I S)) B B))))
x (K v20) (S x (x (B (B (v15 (I S)) B B) (x (B (v15 (I S)) B B)))))
x (K v20) (S x (x (B (v15 (I S) (B B)) (x (B (v15 (I S)) B B)))))
x (K v20) (S x (x (B (v15 S (B B)) (x (B (v15 (I S)) B B)))))
x (K v20) (S x (x (B (v15 S (B B)) (x (v15 (I S) (B B))))))
x (K v20) (S x (x (B (v15 S (B B)) (x (v15 S (B B))))))
K z
z (K I z (S (I v23 (S v23)) v6 (B K) v13))
z (I (S (I v23 (S v23)) v6 (B K) v13))
z (S (I v23 (S v23)) v6 (B K) v13)
z (I v23 (S v23) (B K) (v6 (B K)) v13)
z (v23 (S v23) (B K) (v6 (B K)) v13)
S x (S (K (z B) (S I S) K)) B
x B (S (K (z B) (S I S) K) B)
x B (S (z B K) B)
v14 (z (K S v23) (I B)) (K z K) x (B K K (I z) (B B S) (x I (x x) (z v1 I)) (S (x S) (I (B z z)) K)) (S (I (B (x (x z K) (S S) (S (v11 (x K)) K S K B) S)))) (I (S x S) (z B) I z)
v14 (z S (I B)) (K z K) x (B K K (I z) (B B S) (x I (x x) (z v1 I)) (S (x S) (I (B z z)) K)) (S (I (B (x (x z K) (S S) (S (v11 (x K)) K S K B) S)))) (I (S x S) (z B) I z)
v14 (z S B) (K z K) x (B K K (I z) (B B S) (x I (x x) (z v1 I)) (S (x S) (I (B z z)) K)) (S (I (B (x (x z K) (S S) (S (v11 (x K)) K S K B) S)))) (I (S x S) (z B) I z)
v14 (z S B) z x (B K K (I z) (B B S) (x I (x x) (z v1 I)) (S (x S) (I (B z z)) K)) (S (I (B (x (x z K) (S S) (S (v11 (x K)) K S K B) S)))) (I (S x S) (z B) I z)
v14 (z S B) z x (K (K (I z)) (B B S) (x I (x x) (z v1 I)) (S (x S) (I (B z z)) K)) (S (I (B (x (x z K) (S S) (S (v11 (x K)) K S K B) S)))) (I (S x S) (z B) I z)
v14 (z S B) z x (K (I z) (x I (x x) (z v1 I)) (S (x S) (I (B z z)) K)) (S (I (B (x (x z K) (S S) (S (v11 (x K)) K S K B) S)))) (I (S x S) (z B) I z)
v14 (z S B) z x (I z (S (x S) (I (B z z)) K)) (S (I (B (x (x z K) (S S) (S (v11 (x K)) K S K B) S)))) (I (S x S) (z B) I z)
v14 (z S B) z x (z (S (x S) (I (B z z)) K)) (S (I (B (x (x z K) (S S) (S (v11 (x K)) K S K B) S)))) (I (S x S) (z B) I z)
v14 (z S B) z x (z (x S K (I (B z z) K))) (S (I (B (x (x z K) (S S) (S (v11 (x K)) K S K B) S)))) (I (S x S) (z B) I z)
v14 (z S B) z x (z (x S K (B z z K))) (S (I (B (x (x z K) (S S) (S (v11 (x K)) K S K B) S)))) (I (S x S) (z B) I z)
v14 (z S B) z x (z (x S K (z (z K)))) (S (I (B (x (x z K) (S S) (S (v11 (x K)) K S K B) S)))) (I (S x S) (z B) I z)
v14 (z S B) z x (z (x S K (z (z K)))) (S (B (x (x z K) (S S) (S (v11 (x K)) K S K B) S))) (I (S x S) (z B) I z)
v14 (z S B) z x (z (x S K (z (z K)))) (S (B (x (x z K) (S S) (v11 (x K) S (K S) K B) S))) (I (S x S) (z B) I z)
v14 (z S B) z x (z (x S K (z (z K)))) (S (B (x (x z K) (S S) (v11 (x K) S (K S) K B) S))) (S x S (z B) I z)
v14 (z S B) z x (z (x S K (z (z K)))) (S (B (x (x z K) (S S) (v11 (x K) S (K S) K B) S))) (x (z B) (S (z B)) I z)
K (I (S I)) x (x (v17 x)) (S v22) I (B K) B (K x (B v6 B v25 K (v5 B (v8 v2 I K) x (B I)))) (K (B (S z (K z z))) (v29 K) x)
I (S I) (x (v17 x)) (S v22) I (B K) B (K x (B v6 B v25 K (v5 B (v8 v2 I K) x (B I)))) (K (B (S z (K z z))) (v29 K) x)
S I (x (v17 x)) (S v22) I (B K) B (K x (B v6 B v25 K (v5 B (v8 v2 I K) x (B I)))) (K (B (S z (K z z))) (v29 K) x)
I (S v22) (x (v17 x) (S v22)) I (B K) B (K x (B v6 B v25 K (v5 B (v8 v2 I K) x (B I)))) (K (B (S z (K z z))) (v29 K) x)
S v22 (x (v17 x) (S v22)) I (B K) B (K x (B v6 B v25 K (v5 B (v8 v2 I K) x (B I)))) (K (B (S z (K z z))) (v29 K) x)
v22 I (x (v17 x) (S v22) I) (B K) B (K x (B v6 B v25 K (v5 B (v8 v2 I K) x (B I)))) (K (B (S z (K z z))) (v29 K) x)
v22 I (x (v17 x) (S v22) I) (B K) B x (K (B (S z (K z z))) (v29 K) x)
v22 I (x (v17 x) (S v22) I) (B K) B x (B (S z (K z z)) x)
v22 I (x (v17 x) (S v22) I) (B K) B x (B (S z z) x)
z
x v29 (S z v30) z (S (z K (I v28 (I v13) B)) (K (I K z v30))) (S (v7 (x z))) (K (S z) (S S (S (S z)))) (S (z (v30 B S) K))
x v29 (S z v30) z (S (z K (v28 (I v13) B)) (K (I K z v30))) (S (v7 (x z))) (K (S z) (S S (S (S z)))) (S (z (v30 B S) K))
x v29 (S z v30) z (S (z K (v28 v13 B)) (K (I K z v30))) (S (v7 (x z))) (K (S z) (S S (S (S z)))) (S (z (v30 B S) K))
x v29 (S z v30) z (S (z K (v28 v13 B)) (K (K z v30))) (S (v7 (x z))) (K (S z) (S S (S (S z)))) (S (z (v30 B S) K))
x v29 (S z v30) z (S (z K (v28 v13 B)) (K z)) (S (v7 (x z))) (K (S z) (S S (S (S z)))) (S (z (v30 B S) K))
x v29 (S z v30) z (S (z K (v28 v13 B)) (K z)) (S (v7 (x z))) (S z) (S (z (v30 B S) K))
x (x z I (S S (x S) K) (x S v24 I))
x (x z I (S K (x S K)) (x S v24 I))
