I z v18
z v18
K
I (K S (B K (I (S (x K)))) B) (S v9 S (z I)) x
K S (B K (I (S (x K)))) B (S v9 S (z I)) x
S B (S v9 S (z I)) x
B x (S v9 S (z I) x)
B x (v9 (z I) (S (z I)) x)
v14 (z (I (x x (I (z I S) S))) (B x))
v14 (z (x x (I (z I S) S)) (B x))
v14 (z (x x (z I S S)) (B x))
z (z (I K) (B (I K v22 v23 (K B) (S (I z) (K K)))) K (v21 (x (B I)) (S (z (z (I (x x) (B (z K)))))))) (B (K (B (K (x B)) (z (B (I B)) (z (x v3))) (K B) (K z (x (z S K (v10 z) B) (B (B I I)) K)))))
z (z K (B (I K v22 v23 (K B) (S (I z) (K K)))) K (v21 (x (B I)) (S (z (z (I (x x) (B (z K)))))))) (B (K (B (K (x B)) (z (B (I B)) (z (x v3))) (K B) (K z (x (z S K (v10 z) B) (B (B I I)) K)))))
z (z K (B (K v22 v23 (K B) (S (I z) (K K)))) K (v21 (x (B I)) (S (z (z (I (x x) (B (z K)))))))) (B (K (B (K (x B)) (z (B (I B)) (z (x v3))) (K B) (K z (x (z S K (v10 z) B) (B (B I I)) K)))))
z (z K (B (v22 (K B) (S (I z) (K K)))) K (v21 (x (B I)) (S (z (z (I (x x) (B (z K)))))))) (B (K (B (K (x B)) (z (B (I B)) (z (x v3))) (K B) (K z (x (z S K (v10 z) B) (B (B I I)) K)))))
z (z K (B (v22 (K B) (S z (K K)))) K (v21 (x (B I)) (S (z (z (I (x x) (B (z K)))))))) (B (K (B (K (x B)) (z (B (I B)) (z (x v3))) (K B) (K z (x (z S K (v10 z) B) (B (B I I)) K)))))
z (z K (B (v22 (K B) (S z (K K)))) K (v21 (x (B I)) (S (z (z (x x (B (z K)))))))) (B (K (B (K (x B)) (z (B (I B)) (z (x v3))) (K B) (K z (x (z S K (v10 z) B) (B (B I I)) K)))))
z (z K (B (v22 (K B) (S z (K K)))) K (v21 (x (B I)) (S (z (z (x x (B (z K)))))))) (B (K (K (x B) (z (B (I B)) (z (x v3)) (K B)) (K z (x (z S K (v10 z) B) (B (B I I)) K)))))
z (z K (B (v22 (K B) (S z (K K)))) K (v21 (x (B I)) (S (z (z (x x (B (z K)))))))) (B (K (x B (K z (x (z S K (v10 z) B) (B (B I I)) K)))))
z (z K (B (v22 (K B) (S z (K K)))) K (v21 (x (B I)) (S (z (z (x x (B (z K)))))))) (B (K (x B z)))
K (K (K v25 S v0 (z x) z (z (x I (z S) v5 B B) (B K) (I (K I B)))))
K (K (v25 v0 (z x) z (z (x I (z S) v5 B B) (B K) (I (K I B)))))
K (K (v25 v0 (z x) z (z (x I (z S) v5 B B) (B K) (K I B))))
K (K (v25 v0 (z x) z (z (x I (z S) v5 B B) (B K) I)))
I x (I (z S x (S z v15 (x (K x))) I)) (x (v28 K) z (x K) (z (K (K (z x (z v13 K))))) I) (B (I (I S (B (v8 S) (S (K K) K B (K (x (v27 I) B))))))) (x (v20 (S x B) S))
x (I (z S x (S z v15 (x (K x))) I)) (x (v28 K) z (x K) (z (K (K (z x (z v13 K))))) I) (B (I (I S (B (v8 S) (S (K K) K B (K (x (v27 I) B))))))) (x (v20 (S x B) S))
x (z S x (S z v15 (x (K x))) I) (x (v28 K) z (x K) (z (K (K (z x (z v13 K))))) I) (B (I (I S (B (v8 S) (S (K K) K B (K (x (v27 I) B))))))) (x (v20 (S x B) S))
x (z S x (z (x (K x)) (v15 (x (K x)))) I) (x (v28 K) z (x K) (z (K (K (z x (z v13 K))))) I) (B (I (I S (B (v8 S) (S (K K) K B (K (x (v27 I) B))))))) (x (v20 (S x B) S))
x (z S x (z (x (K x)) (v15 (x (K x)))) I) (x (v28 K) z (x K) (z (K (K (z x (z v13 K))))) I) (B (I S (B (v8 S) (S (K K) K B (K (x (v27 I) B)))))) (x (v20 (S x B) S))
x (z S x (z (x (K x)) (v15 (x (K x)))) I) (x (v28 K) z (x K) (z (K (K (z x (z v13 K))))) I) (B (S (B (v8 S) (S (K K) K B (K (x (v27 I) B)))))) (x (v20 (S x B) S))
x (z S x (z (x (K x)) (v15 (x (K x)))) I) (x (v28 K) z (x K) (z (K (K (z x (z v13 K))))) I) (B (S (B (v8 S) (K K B (K B) (K (x (v27 I) B)))))) (x (v20 (S x B) S))
x (z S x (z (x (K x)) (v15 (x (K x)))) I) (x (v28 K) z (x K) (z (K (K (z x (z v13 K))))) I) (B (S (B (v8 S) (K (K B) (K (x (v27 I) B)))))) (x (v20 (S x B) S))
x (z S x (z (x (K x)) (v15 (x (K x)))) I) (x (v28 K) z (x K) (z (K (K (z x (z v13 K))))) I) (B (S (B (v8 S) (K B)))) (x (v20 (S x B) S))
B (v9 (I x) B) (I z) (I z) z (v13 (z I B) (K (v25 (K (z B S S) (x B x) I)) S)) (K B)
v9 (I x) B (I z (I z)) z (v13 (z I B) (K (v25 (K (z B S S) (x B x) I)) S)) (K B)
v9 x B (I z (I z)) z (v13 (z I B) (K (v25 (K (z B S S) (x B x) I)) S)) (K B)
v9 x B (z (I z)) z (v13 (z I B) (K (v25 (K (z B S S) (x B x) I)) S)) (K B)
v9 x B (z z) z (v13 (z I B) (K (v25 (K (z B S S) (x B x) I)) S)) (K B)
v9 x B (z z) z (v13 (z I B) (v25 (K (z B S S) (x B x) I))) (K B)
v9 x B (z z) z (v13 (z I B) (v25 (z B S S I))) (K B)
z z z (K (z (x (z (B B (I K)))) (K v23)) (v3 K (z v4 B (I (v25 (B (K z)) z K))) (S (z (S S) (K (B z v16) (S x))) (S (K (x I K) I) x))))
z z z (z (x (z (B B (I K)))) (K v23))
z z z (z (x (z (B B K))) (K v23))
S (K (z z) x (B z S) (B (x (I x) (I x S K)))) (z (B (S v25)) K) (v24 (S K (z S) (I (K (S (x v24))))) (B K (z v5 (v2 K v29) K) (S I (I (B z))) z (B (I (x (B z) B)))) K (I (S x (I (B z (v27 (K (z K))) (K K)) I (v10 K S) (v15 (S (x (z B) (I (I I) (z (S z))))) B S)))))
K (z z) x (B z S) (B (x (I x) (I x S K))) (v24 (S K (z S) (I (K (S (x v24))))) (B K (z v5 (v2 K v29) K) (S I (I (B z))) z (B (I (x (B z) B)))) K (I (S x (I (B z (v27 (K (z K))) (K K)) I (v10 K S) (v15 (S (x (z B) (I (I I) (z (S z))))) B S))))) (z (B (S v25)) K (v24 (S K (z S) (I (K (S (x v24))))) (B K (z v5 (v2 K v29) K) (S I (I (B z))) z (B (I (x (B z) B)))) K (I (S x (I (B z (v27 (K (z K))) (K K)) I (v10 K S) (v15 (S (x (z B) (I (I I) (z (S z))))) B S))))))
z z (B z S) (B (x (I x) (I x S K))) (v24 (S K (z S) (I (K (S (x v24))))) (B K (z v5 (v2 K v29) K) (S I (I (B z))) z (B (I (x (B z) B)))) K (I (S x (I (B z (v27 (K (z K))) (K K)) I (v10 K S) (v15 (S (x (z B) (I (I I) (z (S z))))) B S))))) (z (B (S v25)) K (v24 (S K (z S) (I (K (S (x v24))))) (B K (z v5 (v2 K v29) K) (S I (I (B z))) z (B (I (x (B z) B)))) K (I (S x (I (B z (v27 (K (z K))) (K K)) I (v10 K S) (v15 (S (x (z B) (I (I I) (z (S z))))) B S))))))
z z (B z S) (B (x x (I x S K))) (v24 (S K (z S) (I (K (S (x v24))))) (B K (z v5 (v2 K v29) K) (S I (I (B z))) z (B (I (x (B z) B)))) K (I (S x (I (B z (v27 (K (z K))) (K K)) I (v10 K S) (v15 (S (x (z B) (I (I I) (z (S z))))) B S))))) (z (B (S v25)) K (v24 (S K (z S) (I (K (S (x v24))))) (B K (z v5 (v2 K v29) K) (S I (I (B z))) z (B (I (x (B z) B)))) K (I (S x (I (B z (v27 (K (z K))) (K K)) I (v10 K S) (v15 (S (x (z B) (I (I I) (z (S z))))) B S))))))
z z (B z S) (B (x x (x S K))) (v24 (S K (z S) (I (K (S (x v24))))) (B K (z v5 (v2 K v29) K) (S I (I (B z))) z (B (I (x (B z) B)))) K (I (S x (I (B z (v27 (K (z K))) (K K)) I (v10 K S) (v15 (S (x (z B) (I (I I) (z (S z))))) B S))))) (z (B (S v25)) K (v24 (S K (z S) (I (K (S (x v24))))) (B K (z v5 (v2 K v29) K) (S I (I (B z))) z (B (I (x (B z) B)))) K (I (S x (I (B z (v27 (K (z K))) (K K)) I (v10 K S) (v15 (S (x (z B) (I (I I) (z (S z))))) B S))))))
z z (B z S) (B (x x (x S K))) (v24 (K (I (K (S (x v24)))) (z S (I (K (S (x v24)))))) (B K (z v5 (v2 K v29) K) (S I (I (B z))) z (B (I (x (B z) B)))) K (I (S x (I (B z (v27 (K (z K))) (K K)) I (v10 K S) (v15 (S (x (z B) (I (I I) (z (S z))))) B S))))) (z (B (S v25)) K (v24 (S K (z S) (I (K (S (x v24))))) (B K (z v5 (v2 K v29) K) (S I (I (B z))) z (B (I (x (B z) B)))) K (I (S x (I (B z (v27 (K (z K))) (K K)) I (v10 K S) (v15 (S (x (z B) (I (I I) (z (S z))))) B S))))))
z z (B z S) (B (x x (x S K))) (v24 (I (K (S (x v24)))) (B K (z v5 (v2 K v29) K) (S I (I (B z))) z (B (I (x (B z) B)))) K (I (S x (I (B z (v27 (K (z K))) (K K)) I (v10 K S) (v15 (S (x (z B) (I (I I) (z (S z))))) B S))))) (z (B (S v25)) K (v24 (S K (z S) (I (K (S (x v24))))) (B K (z v5 (v2 K v29) K) (S I (I (B z))) z (B (I (x (B z) B)))) K (I (S x (I (B z (v27 (K (z K))) (K K)) I (v10 K S) (v15 (S (x (z B) (I (I I) (z (S z))))) B S))))))
z z (B z S) (B (x x (x S K))) (v24 (K (S (x v24))) (B K (z v5 (v2 K v29) K) (S I (I (B z))) z (B (I (x (B z) B)))) K (I (S x (I (B z (v27 (K (z K))) (K K)) I (v10 K S) (v15 (S (x (z B) (I (I I) (z (S z))))) B S))))) (z (B (S v25)) K (v24 (S K (z S) (I (K (S (x v24))))) (B K (z v5 (v2 K v29) K) (S I (I (B z))) z (B (I (x (B z) B)))) K (I (S x (I (B z (v27 (K (z K))) (K K)) I (v10 K S) (v15 (S (x (z B) (I (I I) (z (S z))))) B S))))))
z z (B z S) (B (x x (x S K))) (v24 (K (S (x v24))) (K (z v5 (v2 K v29) K (S I (I (B z)))) z (B (I (x (B z) B)))) K (I (S x (I (B z (v27 (K (z K))) (K K)) I (v10 K S) (v15 (S (x (z B) (I (I I) (z (S z))))) B S))))) (z (B (S v25)) K (v24 (S K (z S) (I (K (S (x v24))))) (B K (z v5 (v2 K v29) K) (S I (I (B z))) z (B (I (x (B z) B)))) K (I (S x (I (B z (v27 (K (z K))) (K K)) I (v10 K S) (v15 (S (x (z B) (I (I I) (z (S z))))) B S))))))
z z (B z S) (B (x x (x S K))) (v24 (K (S (x v24))) (z v5 (v2 K v29) K (S I (I (B z))) (B (I (x (B z) B)))) K (I (S x (I (B z (v27 (K (z K))) (K K)) I (v10 K S) (v15 (S (x (z B) (I (I I) (z (S z))))) B S))))) (z (B (S v25)) K (v24 (S K (z S) (I (K (S (x v24))))) (B K (z v5 (v2 K v29) K) (S I (I (B z))) z (B (I (x (B z) B)))) K (I (S x (I (B z (v27 (K (z K))) (K K)) I (v10 K S) (v15 (S (x (z B) (I (I I) (z (S z))))) B S))))))
z z (B z S) (B (x x (x S K))) (v24 (K (S (x v24))) (z v5 (v2 K v29) K (S I (B z)) (B (I (x (B z) B)))) K (I (S x (I (B z (v27 (K (z K))) (K K)) I (v10 K S) (v15 (S (x (z B) (I (I I) (z (S z))))) B S))))) (z (B (S v25)) K (v24 (S K (z S) (I (K (S (x v24))))) (B K (z v5 (v2 K v29) K) (S I (I (B z))) z (B (I (x (B z) B)))) K (I (S x (I (B z (v27 (K (z K))) (K K)) I (v10 K S) (v15 (S (x (z B) (I (I I) (z (S z))))) B S))))))
z z (B z S) (B (x x (x S K))) (v24 (K (S (x v24))) (z v5 (v2 K v29) K (S I (B z)) (B (x (B z) B))) K (I (S x (I (B z (v27 (K (z K))) (K K)) I (v10 K S) (v15 (S (x (z B) (I (I I) (z (S z))))) B S))))) (z (B (S v25)) K (v24 (S K (z S) (I (K (S (x v24))))) (B K (z v5 (v2 K v29) K) (S I (I (B z))) z (B (I (x (B z) B)))) K (I (S x (I (B z (v27 (K (z K))) (K K)) I (v10 K S) (v15 (S (x (z B) (I (I I) (z (S z))))) B S))))))
z z (B z S) (B (x x (x S K))) (v24 (K (S (x v24))) (z v5 (v2 K v29) K (S I (B z)) (B (x (B z) B))) K (S x (I (B z (v27 (K (z K))) (K K)) I (v10 K S) (v15 (S (x (z B) (I (I I) (z (S z))))) B S)))) (z (B (S v25)) K (v24 (S K (z S) (I (K (S (x v24))))) (B K (z v5 (v2 K v29) K) (S I (I (B z))) z (B (I (x (B z) B)))) K (I (S x (I (B z (v27 (K (z K))) (K K)) I (v10 K S) (v15 (S (x (z B) (I (I I) (z (S z))))) B S))))))
z z (B z S) (B (x x (x S K))) (v24 (K (S (x v24))) (z v5 (v2 K v29) K (S I (B z)) (B (x (B z) B))) K (S x (B z (v27 (K (z K))) (K K) I (v10 K S) (v15 (S (x (z B) (I (I I) (z (S z))))) B S)))) (z (B (S v25)) K (v24 (S K (z S) (I (K (S (x v24))))) (B K (z v5 (v2 K v29) K) (S I (I (B z))) z (B (I (x (B z) B)))) K (I (S x (I (B z (v27 (K (z K))) (K K)) I (v10 K S) (v15 (S (x (z B) (I (I I) (z (S z))))) B S))))))
z z (B z S) (B (x x (x S K))) (v24 (K (S (x v24))) (z v5 (v2 K v29) K (S I (B z)) (B (x (B z) B))) K (S x (z (v27 (K (z K)) (K K)) I (v10 K S) (v15 (S (x (z B) (I (I I) (z (S z))))) B S)))) (z (B (S v25)) K (v24 (S K (z S) (I (K (S (x v24))))) (B K (z v5 (v2 K v29) K) (S I (I (B z))) z (B (I (x (B z) B)))) K (I (S x (I (B z (v27 (K (z K))) (K K)) I (v10 K S) (v15 (S (x (z B) (I (I I) (z (S z))))) B S))))))
z z (B z S) (B (x x (x S K))) (v24 (K (S (x v24))) (z v5 (v2 K v29) K (S I (B z)) (B (x (B z) B))) K (S x (z (v27 (K (z K)) (K K)) I (v10 K S) (v15 (S (x (z B) (I I (z (S z))))) B S)))) (z (B (S v25)) K (v24 (S K (z S) (I (K (S (x v24))))) (B K (z v5 (v2 K v29) K) (S I (I (B z))) z (B (I (x (B z) B)))) K (I (S x (I (B z (v27 (K (z K))) (K K)) I (v10 K S) (v15 (S (x (z B) (I (I I) (z (S z))))) B S))))))
z z (B z S) (B (x x (x S K))) (v24 (K (S (x v24))) (z v5 (v2 K v29) K (S I (B z)) (B (x (B z) B))) K (S x (z (v27 (K (z K)) (K K)) I (v10 K S) (v15 (S (x (z B) (I (z (S z))))) B S)))) (z (B (S v25)) K (v24 (S K (z S) (I (K (S (x v24))))) (B K (z v5 (v2 K v29) K) (S I (I (B z))) z (B (I (x (B z) B)))) K (I (S x (I (B z (v27 (K (z K))) (K K)) I (v10 K S) (v15 (S (x (z B) (I (I I) (z (S z))))) B S))))))
z z (B z S) (B (x x (x S K))) (v24 (K (S (x v24))) (z v5 (v2 K v29) K (S I (B z)) (B (x (B z) B))) K (S x (z (v27 (K (z K)) (K K)) I (v10 K S) (v15 (S (x (z B) (z (S z)))) B S)))) (z (B (S v25)) K (v24 (S K (z S) (I (K (S (x v24))))) (B K (z v5 (v2 K v29) K) (S I (I (B z))) z (B (I (x (B z) B)))) K (I (S x (I (B z (v27 (K (z K))) (K K)) I (v10 K S) (v15 (S (x (z B) (I (I I) (z (S z))))) B S))))))
z z (B z S) (B (x x (x S K))) (v24 (K (S (x v24))) (z v5 (v2 K v29) K (S I (B z)) (B (x (B z) B))) K (S x (z (v27 (K (z K)) (K K)) I (v10 K S) (v15 (S (x (z B) (z (S z)))) B S)))) (z (B (S v25)) K (v24 (K (I (K (S (x v24)))) (z S (I (K (S (x v24)))))) (B K (z v5 (v2 K v29) K) (S I (I (B z))) z (B (I (x (B z) B)))) K (I (S x (I (B z (v27 (K (z K))) (K K)) I (v10 K S) (v15 (S (x (z B) (I (I I) (z (S z))))) B S))))))
z z (B z S) (B (x x (x S K))) (v24 (K (S (x v24))) (z v5 (v2 K v29) K (S I (B z)) (B (x (B z) B))) K (S x (z (v27 (K (z K)) (K K)) I (v10 K S) (v15 (S (x (z B) (z (S z)))) B S)))) (z (B (S v25)) K (v24 (I (K (S (x v24)))) (B K (z v5 (v2 K v29) K) (S I (I (B z))) z (B (I (x (B z) B)))) K (I (S x (I (B z (v27 (K (z K))) (K K)) I (v10 K S) (v15 (S (x (z B) (I (I I) (z (S z))))) B S))))))
z z (B z S) (B (x x (x S K))) (v24 (K (S (x v24))) (z v5 (v2 K v29) K (S I (B z)) (B (x (B z) B))) K (S x (z (v27 (K (z K)) (K K)) I (v10 K S) (v15 (S (x (z B) (z (S z)))) B S)))) (z (B (S v25)) K (v24 (K (S (x v24))) (B K (z v5 (v2 K v29) K) (S I (I (B z))) z (B (I (x (B z) B)))) K (I (S x (I (B z (v27 (K (z K))) (K K)) I (v10 K S) (v15 (S (x (z B) (I (I I) (z (S z))))) B S))))))
z z (B z S) (B (x x (x S K))) (v24 (K (S (x v24))) (z v5 (v2 K v29) K (S I (B z)) (B (x (B z) B))) K (S x (z (v27 (K (z K)) (K K)) I (v10 K S) (v15 (S (x (z B) (z (S z)))) B S)))) (z (B (S v25)) K (v24 (K (S (x v24))) (K (z v5 (v2 K v29) K (S I (I (B z)))) z (B (I (x (B z) B)))) K (I (S x (I (B z (v27 (K (z K))) (K K)) I (v10 K S) (v15 (S (x (z B) (I (I I) (z (S z))))) B S))))))
z z (B z S) (B (x x (x S K))) (v24 (K (S (x v24))) (z v5 (v2 K v29) K (S I (B z)) (B (x (B z) B))) K (S x (z (v27 (K (z K)) (K K)) I (v10 K S) (v15 (S (x (z B) (z (S z)))) B S)))) (z (B (S v25)) K (v24 (K (S (x v24))) (z v5 (v2 K v29) K (S I (I (B z))) (B (I (x (B z) B)))) K (I (S x (I (B z (v27 (K (z K))) (K K)) I (v10 K S) (v15 (S (x (z B) (I (I I) (z (S z))))) B S))))))
z z (B z S) (B (x x (x S K))) (v24 (K (S (x v24))) (z v5 (v2 K v29) K (S I (B z)) (B (x (B z) B))) K (S x (z (v27 (K (z K)) (K K)) I (v10 K S) (v15 (S (x (z B) (z (S z)))) B S)))) (z (B (S v25)) K (v24 (K (S (x v24))) (z v5 (v2 K v29) K (S I (B z)) (B (I (x (B z) B)))) K (I (S x (I (B z (v27 (K (z K))) (K K)) I (v10 K S) (v15 (S (x (z B) (I (I I) (z (S z))))) B S))))))
z z (B z S) (B (x x (x S K))) (v24 (K (S (x v24))) (z v5 (v2 K v29) K (S I (B z)) (B (x (B z) B))) K (S x (z (v27 (K (z K)) (K K)) I (v10 K S) (v15 (S (x (z B) (z (S z)))) B S)))) (z (B (S v25)) K (v24 (K (S (x v24))) (z v5 (v2 K v29) K (S I (B z)) (B (x (B z) B))) K (I (S x (I (B z (v27 (K (z K))) (K K)) I (v10 K S) (v15 (S (x (z B) (I (I I) (z (S z))))) B S))))))
z z (B z S) (B (x x (x S K))) (v24 (K (S (x v24))) (z v5 (v2 K v29) K (S I (B z)) (B (x (B z) B))) K (S x (z (v27 (K (z K)) (K K)) I (v10 K S) (v15 (S (x (z B) (z (S z)))) B S)))) (z (B (S v25)) K (v24 (K (S (x v24))) (z v5 (v2 K v29) K (S I (B z)) (B (x (B z) B))) K (S x (I (B z (v27 (K (z K))) (K K)) I (v10 K S) (v15 (S (x (z B) (I (I I) (z (S z))))) B S)))))
z z (B z S) (B (x x (x S K))) (v24 (K (S (x v24))) (z v5 (v2 K v29) K (S I (B z)) (B (x (B z) B))) K (S x (z (v27 (K (z K)) (K K)) I (v10 K S) (v15 (S (x (z B) (z (S z)))) B S)))) (z (B (S v25)) K (v24 (K (S (x v24))) (z v5 (v2 K v29) K (S I (B z)) (B (x (B z) B))) K (S x (B z (v27 (K (z K))) (K K) I (v10 K S) (v15 (S (x (z B) (I (I I) (z (S z))))) B S)))))
z z (B z S) (B (x x (x S K))) (v24 (K (S (x v24))) (z v5 (v2 K v29) K (S I (B z)) (B (x (B z) B))) K (S x (z (v27 (K (z K)) (K K)) I (v10 K S) (v15 (S (x (z B) (z (S z)))) B S)))) (z (B (S v25)) K (v24 (K (S (x v24))) (z v5 (v2 K v29) K (S I (B z)) (B (x (B z) B))) K (S x (z (v27 (K (z K)) (K K)) I (v10 K S) (v15 (S (x (z B) (I (I I) (z (S z))))) B S)))))
z z (B z S) (B (x x (x S K))) (v24 (K (S (x v24))) (z v5 (v2 K v29) K (S I (B z)) (B (x (B z) B))) K (S x (z (v27 (K (z K)) (K K)) I (v10 K S) (v15 (S (x (z B) (z (S z)))) B S)))) (z (B (S v25)) K (v24 (K (S (x v24))) (z v5 (v2 K v29) K (S I (B z)) (B (x (B z) B))) K (S x (z (v27 (K (z K)) (K K)) I (v10 K S) (v15 (S (x (z B) (I I (z (S z))))) B S)))))
z z (B z S) (B (x x (x S K))) (v24 (K (S (x v24))) (z v5 (v2 K v29) K (S I (B z)) (B (x (B z) B))) K (S x (z (v27 (K (z K)) (K K)) I (v10 K S) (v15 (S (x (z B) (z (S z)))) B S)))) (z (B (S v25)) K (v24 (K (S (x v24))) (z v5 (v2 K v29) K (S I (B z)) (B (x (B z) B))) K (S x (z (v27 (K (z K)) (K K)) I (v10 K S) (v15 (S (x (z B) (I (z (S z))))) B S)))))
