v19
z (v9 (x S (K x S v14 (I x (v19 x)))))
z (v9 (x S (x v14 (I x (v19 x)))))
z (v9 (x S (x v14 (x (v19 x)))))
I I K
I K
K
S (S I) K v5 (K x z v15 (B (K S (I v1)))) (K B (v12 v26 (x (z z)) I (S S))) (x (K (z (x S) (z v1) B K (v10 z I))))
S I v5 (K v5) (K x z v15 (B (K S (I v1)))) (K B (v12 v26 (x (z z)) I (S S))) (x (K (z (x S) (z v1) B K (v10 z I))))
I (K v5) (v5 (K v5)) (K x z v15 (B (K S (I v1)))) (K B (v12 v26 (x (z z)) I (S S))) (x (K (z (x S) (z v1) B K (v10 z I))))
K v5 (v5 (K v5)) (K x z v15 (B (K S (I v1)))) (K B (v12 v26 (x (z z)) I (S S))) (x (K (z (x S) (z v1) B K (v10 z I))))
v5 (K x z v15 (B (K S (I v1)))) (K B (v12 v26 (x (z z)) I (S S))) (x (K (z (x S) (z v1) B K (v10 z I))))
v5 (x v15 (B (K S (I v1)))) (K B (v12 v26 (x (z z)) I (S S))) (x (K (z (x S) (z v1) B K (v10 z I))))
v5 (x v15 (B S)) (K B (v12 v26 (x (z z)) I (S S))) (x (K (z (x S) (z v1) B K (v10 z I))))
v5 (x v15 (B S)) B (x (K (z (x S) (z v1) B K (v10 z I))))
S (S S) S
K (v20 S)
v22 (z (K v19 B) B (I (K (I (K K (v27 (v3 (v3 z z)) I))))) (x S (S (B I) B) v22)) (z (z (S (x (z (x (S (z S) (z B B) z)))))) (z (B x) B (I (B B S) (S (B (I z)) v23)) v30))
v22 (z v19 B (I (K (I (K K (v27 (v3 (v3 z z)) I))))) (x S (S (B I) B) v22)) (z (z (S (x (z (x (S (z S) (z B B) z)))))) (z (B x) B (I (B B S) (S (B (I z)) v23)) v30))
v22 (z v19 B (K (I (K K (v27 (v3 (v3 z z)) I)))) (x S (S (B I) B) v22)) (z (z (S (x (z (x (S (z S) (z B B) z)))))) (z (B x) B (I (B B S) (S (B (I z)) v23)) v30))
v22 (z v19 B (K (K K (v27 (v3 (v3 z z)) I))) (x S (S (B I) B) v22)) (z (z (S (x (z (x (S (z S) (z B B) z)))))) (z (B x) B (I (B B S) (S (B (I z)) v23)) v30))
v22 (z v19 B (K K) (x S (S (B I) B) v22)) (z (z (S (x (z (x (S (z S) (z B B) z)))))) (z (B x) B (I (B B S) (S (B (I z)) v23)) v30))
v22 (z v19 B (K K) (x S (S (B I) B) v22)) (z (z (S (x (z (x (z S z (z B B z))))))) (z (B x) B (I (B B S) (S (B (I z)) v23)) v30))
v22 (z v19 B (K K) (x S (S (B I) B) v22)) (z (z (S (x (z (x (z S z (z B B z))))))) (z (B x) B (B B S (S (B (I z)) v23)) v30))
v22 (z v19 B (K K) (x S (S (B I) B) v22)) (z (z (S (x (z (x (z S z (z B B z))))))) (z (B x) B (B (S (S (B (I z)) v23))) v30))
v22 (z v19 B (K K) (x S (S (B I) B) v22)) (z (z (S (x (z (x (z S z (z B B z))))))) (z (B x) B (B (S (S (B z) v23))) v30))
S v23
z (B (S (K z))) (S z) (v21 v12 (v0 K (z z) (z (I K) (v23 (x S)))) I) (I I (I (x (B (v4 (x S x))) (v22 (S x v22))) x) x (B (v0 (I I I) (B (K (v4 x I)))) (S (K (B I (v22 (z K)))) B) (B (z x (S x)) v6)))
z (B (S (K z))) (S z) (v21 v12 (v0 K (z z) (z K (v23 (x S)))) I) (I I (I (x (B (v4 (x S x))) (v22 (S x v22))) x) x (B (v0 (I I I) (B (K (v4 x I)))) (S (K (B I (v22 (z K)))) B) (B (z x (S x)) v6)))
z (B (S (K z))) (S z) (v21 v12 (v0 K (z z) (z K (v23 (x S)))) I) (I (I (x (B (v4 (x S x))) (v22 (S x v22))) x) x (B (v0 (I I I) (B (K (v4 x I)))) (S (K (B I (v22 (z K)))) B) (B (z x (S x)) v6)))
z (B (S (K z))) (S z) (v21 v12 (v0 K (z z) (z K (v23 (x S)))) I) (I (x (B (v4 (x S x))) (v22 (S x v22))) x x (B (v0 (I I I) (B (K (v4 x I)))) (S (K (B I (v22 (z K)))) B) (B (z x (S x)) v6)))
z (B (S (K z))) (S z) (v21 v12 (v0 K (z z) (z K (v23 (x S)))) I) (x (B (v4 (x S x))) (v22 (S x v22)) x x (B (v0 (I I I) (B (K (v4 x I)))) (S (K (B I (v22 (z K)))) B) (B (z x (S x)) v6)))
z (B (S (K z))) (S z) (v21 v12 (v0 K (z z) (z K (v23 (x S)))) I) (x (B (v4 (x S x))) (v22 (S x v22)) x x (v0 (I I I) (B (K (v4 x I))) (S (K (B I (v22 (z K)))) B (B (z x (S x)) v6))))
z (B (S (K z))) (S z) (v21 v12 (v0 K (z z) (z K (v23 (x S)))) I) (x (B (v4 (x S x))) (v22 (S x v22)) x x (v0 (I I) (B (K (v4 x I))) (S (K (B I (v22 (z K)))) B (B (z x (S x)) v6))))
z (B (S (K z))) (S z) (v21 v12 (v0 K (z z) (z K (v23 (x S)))) I) (x (B (v4 (x S x))) (v22 (S x v22)) x x (v0 I (B (K (v4 x I))) (S (K (B I (v22 (z K)))) B (B (z x (S x)) v6))))
z (B (S (K z))) (S z) (v21 v12 (v0 K (z z) (z K (v23 (x S)))) I) (x (B (v4 (x S x))) (v22 (S x v22)) x x (v0 I (B (K (v4 x I))) (K (B I (v22 (z K))) (B (z x (S x)) v6) (B (B (z x (S x)) v6)))))
z (B (S (K z))) (S z) (v21 v12 (v0 K (z z) (z K (v23 (x S)))) I) (x (B (v4 (x S x))) (v22 (S x v22)) x x (v0 I (B (K (v4 x I))) (B I (v22 (z K)) (B (B (z x (S x)) v6)))))
z (B (S (K z))) (S z) (v21 v12 (v0 K (z z) (z K (v23 (x S)))) I) (x (B (v4 (x S x))) (v22 (S x v22)) x x (v0 I (B (K (v4 x I))) (I (v22 (z K) (B (B (z x (S x)) v6))))))
z (B (S (K z))) (S z) (v21 v12 (v0 K (z z) (z K (v23 (x S)))) I) (x (B (v4 (x S x))) (v22 (S x v22)) x x (v0 I (B (K (v4 x I))) (v22 (z K) (B (B (z x (S x)) v6)))))
S (I (x B))
S (x B)
