x S x (x v21)
S K
S (I I (I v16)) x (v18 S) (K (K (S (S v18 I z) (z (z v9)) S) I) (v5 (S (v15 S (K (K (I x))) B))) (I (v24 S) B (I (I (S B)) (S (I S B))) S)) (S v8)
I I (I v16) (v18 S) (x (v18 S)) (K (K (S (S v18 I z) (z (z v9)) S) I) (v5 (S (v15 S (K (K (I x))) B))) (I (v24 S) B (I (I (S B)) (S (I S B))) S)) (S v8)
I (I v16) (v18 S) (x (v18 S)) (K (K (S (S v18 I z) (z (z v9)) S) I) (v5 (S (v15 S (K (K (I x))) B))) (I (v24 S) B (I (I (S B)) (S (I S B))) S)) (S v8)
I v16 (v18 S) (x (v18 S)) (K (K (S (S v18 I z) (z (z v9)) S) I) (v5 (S (v15 S (K (K (I x))) B))) (I (v24 S) B (I (I (S B)) (S (I S B))) S)) (S v8)
v16 (v18 S) (x (v18 S)) (K (K (S (S v18 I z) (z (z v9)) S) I) (v5 (S (v15 S (K (K (I x))) B))) (I (v24 S) B (I (I (S B)) (S (I S B))) S)) (S v8)
v16 (v18 S) (x (v18 S)) (K (S (S v18 I z) (z (z v9)) S) I (I (v24 S) B (I (I (S B)) (S (I S B))) S)) (S v8)
v16 (v18 S) (x (v18 S)) (S (S v18 I z) (z (z v9)) S (I (v24 S) B (I (I (S B)) (S (I S B))) S)) (S v8)
v16 (v18 S) (x (v18 S)) (S v18 I z S (z (z v9) S) (I (v24 S) B (I (I (S B)) (S (I S B))) S)) (S v8)
v16 (v18 S) (x (v18 S)) (v18 z (I z) S (z (z v9) S) (I (v24 S) B (I (I (S B)) (S (I S B))) S)) (S v8)
v16 (v18 S) (x (v18 S)) (v18 z z S (z (z v9) S) (I (v24 S) B (I (I (S B)) (S (I S B))) S)) (S v8)
v16 (v18 S) (x (v18 S)) (v18 z z S (z (z v9) S) (v24 S B (I (I (S B)) (S (I S B))) S)) (S v8)
v16 (v18 S) (x (v18 S)) (v18 z z S (z (z v9) S) (v24 S B (I (S B) (S (I S B))) S)) (S v8)
v16 (v18 S) (x (v18 S)) (v18 z z S (z (z v9) S) (v24 S B (S B (S (I S B))) S)) (S v8)
v16 (v18 S) (x (v18 S)) (v18 z z S (z (z v9) S) (v24 S B (S B (S (S B))) S)) (S v8)
S (x (v20 (K (v15 v4 K)) (I z) v0 (z (S B))) (v9 I (S x x))) K (B v30 (v0 B) (S x) (x K)) (K (z (z v11 (v6 (z S) S) (B S)) (K z (v15 (z (I z)) (x z))) (K v19 (S v5) K) B))
x (v20 (K (v15 v4 K)) (I z) v0 (z (S B))) (v9 I (S x x)) (B v30 (v0 B) (S x) (x K)) (K (B v30 (v0 B) (S x) (x K))) (K (z (z v11 (v6 (z S) S) (B S)) (K z (v15 (z (I z)) (x z))) (K v19 (S v5) K) B))
x (v20 (K (v15 v4 K)) z v0 (z (S B))) (v9 I (S x x)) (B v30 (v0 B) (S x) (x K)) (K (B v30 (v0 B) (S x) (x K))) (K (z (z v11 (v6 (z S) S) (B S)) (K z (v15 (z (I z)) (x z))) (K v19 (S v5) K) B))
x (v20 (K (v15 v4 K)) z v0 (z (S B))) (v9 I (S x x)) (v30 (v0 B (S x)) (x K)) (K (B v30 (v0 B) (S x) (x K))) (K (z (z v11 (v6 (z S) S) (B S)) (K z (v15 (z (I z)) (x z))) (K v19 (S v5) K) B))
x (v20 (K (v15 v4 K)) z v0 (z (S B))) (v9 I (S x x)) (v30 (v0 B (S x)) (x K)) (K (v30 (v0 B (S x)) (x K))) (K (z (z v11 (v6 (z S) S) (B S)) (K z (v15 (z (I z)) (x z))) (K v19 (S v5) K) B))
x (v20 (K (v15 v4 K)) z v0 (z (S B))) (v9 I (S x x)) (v30 (v0 B (S x)) (x K)) (K (v30 (v0 B (S x)) (x K))) (K (z (z v11 (v6 (z S) S) (B S)) z (K v19 (S v5) K) B))
x (v20 (K (v15 v4 K)) z v0 (z (S B))) (v9 I (S x x)) (v30 (v0 B (S x)) (x K)) (K (v30 (v0 B (S x)) (x K))) (K (z (z v11 (v6 (z S) S) (B S)) z (v19 K) B))
K
I
B (z (I x) x) K (v13 (v4 S) (I S) I) z (v7 K B) S
z (I x) x (K (v13 (v4 S) (I S) I)) z (v7 K B) S
z x x (K (v13 (v4 S) (I S) I)) z (v7 K B) S
z x x (K (v13 (v4 S) S I)) z (v7 K B) S
K (v0 x) (K (S v24) I (v27 x v3))
v0 x
I (z K) I z (z x v6 I I) (S (S x (v25 I)) (x (x (I I (B I) z z)) (S (z K (z S) z) S B (z (S K z) K B)))) B
z K I z (z x v6 I I) (S (S x (v25 I)) (x (x (I I (B I) z z)) (S (z K (z S) z) S B (z (S K z) K B)))) B
z K I z (z x v6 I I) (S (S x (v25 I)) (x (x (I (B I) z z)) (S (z K (z S) z) S B (z (S K z) K B)))) B
z K I z (z x v6 I I) (S (S x (v25 I)) (x (x (B I z z)) (S (z K (z S) z) S B (z (S K z) K B)))) B
z K I z (z x v6 I I) (S (S x (v25 I)) (x (x (I (z z))) (S (z K (z S) z) S B (z (S K z) K B)))) B
z K I z (z x v6 I I) (S (S x (v25 I)) (x (x (z z)) (S (z K (z S) z) S B (z (S K z) K B)))) B
z K I z (z x v6 I I) (S (S x (v25 I)) (x (x (z z)) (z K (z S) z B (S B) (z (S K z) K B)))) B
K I (I (K B)) (x (K z (I (x v15 I) S (S (I B)) (S (B S) z) (K K z) x))) (S (I x (B (I K) (z (I (K x) v29)) x (S K (x I (K K))))) (K (B (S K) (x I) (K (I (B (I S)))) (K (I K)) I)))
I (x (K z (I (x v15 I) S (S (I B)) (S (B S) z) (K K z) x))) (S (I x (B (I K) (z (I (K x) v29)) x (S K (x I (K K))))) (K (B (S K) (x I) (K (I (B (I S)))) (K (I K)) I)))
x (K z (I (x v15 I) S (S (I B)) (S (B S) z) (K K z) x)) (S (I x (B (I K) (z (I (K x) v29)) x (S K (x I (K K))))) (K (B (S K) (x I) (K (I (B (I S)))) (K (I K)) I)))
x z (S (I x (B (I K) (z (I (K x) v29)) x (S K (x I (K K))))) (K (B (S K) (x I) (K (I (B (I S)))) (K (I K)) I)))
x z (S (x (B (I K) (z (I (K x) v29)) x (S K (x I (K K))))) (K (B (S K) (x I) (K (I (B (I S)))) (K (I K)) I)))
x z (S (x (I K (z (I (K x) v29) x) (S K (x I (K K))))) (K (B (S K) (x I) (K (I (B (I S)))) (K (I K)) I)))
x z (S (x (K (z (I (K x) v29) x) (S K (x I (K K))))) (K (B (S K) (x I) (K (I (B (I S)))) (K (I K)) I)))
x z (S (x (z (I (K x) v29) x)) (K (B (S K) (x I) (K (I (B (I S)))) (K (I K)) I)))
x z (S (x (z (K x v29) x)) (K (B (S K) (x I) (K (I (B (I S)))) (K (I K)) I)))
x z (S (x (z x x)) (K (B (S K) (x I) (K (I (B (I S)))) (K (I K)) I)))
x z (S (x (z x x)) (K (S K (x I (K (I (B (I S))))) (K (I K)) I)))
x z (S (x (z x x)) (K (K (K (I K)) (x I (K (I (B (I S)))) (K (I K))) I)))
x z (S (x (z x x)) (K (K (I K) I)))
x z (S (x (z x x)) (K (I K)))
x z (S (x (z x x)) (K K))
