B (I K v5 (B v3 (I S (x x) S)) (v12 B x (I B))) (B (S B) (B (x z) (B (I B) z)))
B (K v5 (B v3 (I S (x x) S)) (v12 B x (I B))) (B (S B) (B (x z) (B (I B) z)))
B (v5 (v12 B x (I B))) (B (S B) (B (x z) (B (I B) z)))
B (v5 (v12 B x B)) (B (S B) (B (x z) (B (I B) z)))
B (v5 (v12 B x B)) (B (S B) (B (x z) (B B z)))
S (B v2)
z (z x (K x v22) (z v7 (x z B (I (I B))) (x K) K (x z K K) S))
z (z x x (z v7 (x z B (I (I B))) (x K) K (x z K K) S))
z (z x x (z v7 (x z B (I B)) (x K) K (x z K K) S))
z (z x x (z v7 (x z B B) (x K) K (x z K K) S))
S v9 (v29 (I (K I) (S (x I K) v12 (I I))) S (v10 (B (B v13 (z I (S v9))) (I (S I) v15 (I I))) I) (I (v5 K) (B x v23) (I (K z)))) (z (z x (S x) v19 v13) v9 (B (K z x) B x x) (K (S z)))
v9 (z (z x (S x) v19 v13) v9 (B (K z x) B x x) (K (S z))) (v29 (I (K I) (S (x I K) v12 (I I))) S (v10 (B (B v13 (z I (S v9))) (I (S I) v15 (I I))) I) (I (v5 K) (B x v23) (I (K z))) (z (z x (S x) v19 v13) v9 (B (K z x) B x x) (K (S z))))
v9 (z (z x (S x) v19 v13) v9 (K z x (B x) x) (K (S z))) (v29 (I (K I) (S (x I K) v12 (I I))) S (v10 (B (B v13 (z I (S v9))) (I (S I) v15 (I I))) I) (I (v5 K) (B x v23) (I (K z))) (z (z x (S x) v19 v13) v9 (B (K z x) B x x) (K (S z))))
v9 (z (z x (S x) v19 v13) v9 (z (B x) x) (K (S z))) (v29 (I (K I) (S (x I K) v12 (I I))) S (v10 (B (B v13 (z I (S v9))) (I (S I) v15 (I I))) I) (I (v5 K) (B x v23) (I (K z))) (z (z x (S x) v19 v13) v9 (B (K z x) B x x) (K (S z))))
v9 (z (z x (S x) v19 v13) v9 (z (B x) x) (K (S z))) (v29 (K I (S (x I K) v12 (I I))) S (v10 (B (B v13 (z I (S v9))) (I (S I) v15 (I I))) I) (I (v5 K) (B x v23) (I (K z))) (z (z x (S x) v19 v13) v9 (B (K z x) B x x) (K (S z))))
v9 (z (z x (S x) v19 v13) v9 (z (B x) x) (K (S z))) (v29 I S (v10 (B (B v13 (z I (S v9))) (I (S I) v15 (I I))) I) (I (v5 K) (B x v23) (I (K z))) (z (z x (S x) v19 v13) v9 (B (K z x) B x x) (K (S z))))
v9 (z (z x (S x) v19 v13) v9 (z (B x) x) (K (S z))) (v29 I S (v10 (B (B v13 (z I (S v9))) (S I v15 (I I))) I) (I (v5 K) (B x v23) (I (K z))) (z (z x (S x) v19 v13) v9 (B (K z x) B x x) (K (S z))))
v9 (z (z x (S x) v19 v13) v9 (z (B x) x) (K (S z))) (v29 I S (v10 (B (B v13 (z I (S v9))) (I (I I) (v15 (I I)))) I) (I (v5 K) (B x v23) (I (K z))) (z (z x (S x) v19 v13) v9 (B (K z x) B x x) (K (S z))))
v9 (z (z x (S x) v19 v13) v9 (z (B x) x) (K (S z))) (v29 I S (v10 (B (B v13 (z I (S v9))) (I I (v15 (I I)))) I) (I (v5 K) (B x v23) (I (K z))) (z (z x (S x) v19 v13) v9 (B (K z x) B x x) (K (S z))))
v9 (z (z x (S x) v19 v13) v9 (z (B x) x) (K (S z))) (v29 I S (v10 (B (B v13 (z I (S v9))) (I (v15 (I I)))) I) (I (v5 K) (B x v23) (I (K z))) (z (z x (S x) v19 v13) v9 (B (K z x) B x x) (K (S z))))
v9 (z (z x (S x) v19 v13) v9 (z (B x) x) (K (S z))) (v29 I S (v10 (B (B v13 (z I (S v9))) (v15 (I I))) I) (I (v5 K) (B x v23) (I (K z))) (z (z x (S x) v19 v13) v9 (B (K z x) B x x) (K (S z))))
v9 (z (z x (S x) v19 v13) v9 (z (B x) x) (K (S z))) (v29 I S (v10 (B (B v13 (z I (S v9))) (v15 I)) I) (I (v5 K) (B x v23) (I (K z))) (z (z x (S x) v19 v13) v9 (B (K z x) B x x) (K (S z))))
v9 (z (z x (S x) v19 v13) v9 (z (B x) x) (K (S z))) (v29 I S (v10 (B (B v13 (z I (S v9))) (v15 I)) I) (v5 K (B x v23) (I (K z))) (z (z x (S x) v19 v13) v9 (B (K z x) B x x) (K (S z))))
v9 (z (z x (S x) v19 v13) v9 (z (B x) x) (K (S z))) (v29 I S (v10 (B (B v13 (z I (S v9))) (v15 I)) I) (v5 K (B x v23) (K z)) (z (z x (S x) v19 v13) v9 (B (K z x) B x x) (K (S z))))
v9 (z (z x (S x) v19 v13) v9 (z (B x) x) (K (S z))) (v29 I S (v10 (B (B v13 (z I (S v9))) (v15 I)) I) (v5 K (B x v23) (K z)) (z (z x (S x) v19 v13) v9 (K z x (B x) x) (K (S z))))
v9 (z (z x (S x) v19 v13) v9 (z (B x) x) (K (S z))) (v29 I S (v10 (B (B v13 (z I (S v9))) (v15 I)) I) (v5 K (B x v23) (K z)) (z (z x (S x) v19 v13) v9 (z (B x) x) (K (S z))))
S (v0 K (v3 B (K z))) (I (S v20 (x x) I) S (x B) (I (x v18)) S) K
v0 K (v3 B (K z)) K (I (S v20 (x x) I) S (x B) (I (x v18)) S K)
v0 K (v3 B (K z)) K (S v20 (x x) I S (x B) (I (x v18)) S K)
v0 K (v3 B (K z)) K (v20 I (x x I) S (x B) (I (x v18)) S K)
v0 K (v3 B (K z)) K (v20 I (x x I) S (x B) (x v18) S K)
z S (v11 (S I) (I (x (S S (z z) v10 B))) B z)
z S (v11 (S I) (x (S S (z z) v10 B)) B z)
z S (v11 (S I) (x (S v10 (z z v10) B)) B z)
z S (v11 (S I) (x (v10 B (z z v10 B))) B z)
x
K (S (S (I S) (S z)) (S B (B z (v22 (S (v2 (I I) x)))) (x (z S (K v20) v26) (v12 (I (K (v13 v29)) (I K) (v3 x B z))) z)) z)
K (S (I S) (S z) z (S B (B z (v22 (S (v2 (I I) x)))) (x (z S (K v20) v26) (v12 (I (K (v13 v29)) (I K) (v3 x B z))) z) z))
K (I S z (S z z) (S B (B z (v22 (S (v2 (I I) x)))) (x (z S (K v20) v26) (v12 (I (K (v13 v29)) (I K) (v3 x B z))) z) z))
K (S z (S z z) (S B (B z (v22 (S (v2 (I I) x)))) (x (z S (K v20) v26) (v12 (I (K (v13 v29)) (I K) (v3 x B z))) z) z))
K (z (S B (B z (v22 (S (v2 (I I) x)))) (x (z S (K v20) v26) (v12 (I (K (v13 v29)) (I K) (v3 x B z))) z) z) (S z z (S B (B z (v22 (S (v2 (I I) x)))) (x (z S (K v20) v26) (v12 (I (K (v13 v29)) (I K) (v3 x B z))) z) z)))
K (z (B (x (z S (K v20) v26) (v12 (I (K (v13 v29)) (I K) (v3 x B z))) z) (B z (v22 (S (v2 (I I) x))) (x (z S (K v20) v26) (v12 (I (K (v13 v29)) (I K) (v3 x B z))) z)) z) (S z z (S B (B z (v22 (S (v2 (I I) x)))) (x (z S (K v20) v26) (v12 (I (K (v13 v29)) (I K) (v3 x B z))) z) z)))
K (z (x (z S (K v20) v26) (v12 (I (K (v13 v29)) (I K) (v3 x B z))) z (B z (v22 (S (v2 (I I) x))) (x (z S (K v20) v26) (v12 (I (K (v13 v29)) (I K) (v3 x B z))) z) z)) (S z z (S B (B z (v22 (S (v2 (I I) x)))) (x (z S (K v20) v26) (v12 (I (K (v13 v29)) (I K) (v3 x B z))) z) z)))
K (z (x (z S (K v20) v26) (v12 (K (v13 v29) (I K) (v3 x B z))) z (B z (v22 (S (v2 (I I) x))) (x (z S (K v20) v26) (v12 (I (K (v13 v29)) (I K) (v3 x B z))) z) z)) (S z z (S B (B z (v22 (S (v2 (I I) x)))) (x (z S (K v20) v26) (v12 (I (K (v13 v29)) (I K) (v3 x B z))) z) z)))
K (z (x (z S (K v20) v26) (v12 (v13 v29 (v3 x B z))) z (B z (v22 (S (v2 (I I) x))) (x (z S (K v20) v26) (v12 (I (K (v13 v29)) (I K) (v3 x B z))) z) z)) (S z z (S B (B z (v22 (S (v2 (I I) x)))) (x (z S (K v20) v26) (v12 (I (K (v13 v29)) (I K) (v3 x B z))) z) z)))
K (z (x (z S (K v20) v26) (v12 (v13 v29 (v3 x B z))) z (z (v22 (S (v2 (I I) x)) (x (z S (K v20) v26) (v12 (I (K (v13 v29)) (I K) (v3 x B z))) z)) z)) (S z z (S B (B z (v22 (S (v2 (I I) x)))) (x (z S (K v20) v26) (v12 (I (K (v13 v29)) (I K) (v3 x B z))) z) z)))
K (z (x (z S (K v20) v26) (v12 (v13 v29 (v3 x B z))) z (z (v22 (S (v2 I x)) (x (z S (K v20) v26) (v12 (I (K (v13 v29)) (I K) (v3 x B z))) z)) z)) (S z z (S B (B z (v22 (S (v2 (I I) x)))) (x (z S (K v20) v26) (v12 (I (K (v13 v29)) (I K) (v3 x B z))) z) z)))
K (z (x (z S (K v20) v26) (v12 (v13 v29 (v3 x B z))) z (z (v22 (S (v2 I x)) (x (z S (K v20) v26) (v12 (K (v13 v29) (I K) (v3 x B z))) z)) z)) (S z z (S B (B z (v22 (S (v2 (I I) x)))) (x (z S (K v20) v26) (v12 (I (K (v13 v29)) (I K) (v3 x B z))) z) z)))
K (z (x (z S (K v20) v26) (v12 (v13 v29 (v3 x B z))) z (z (v22 (S (v2 I x)) (x (z S (K v20) v26) (v12 (v13 v29 (v3 x B z))) z)) z)) (S z z (S B (B z (v22 (S (v2 (I I) x)))) (x (z S (K v20) v26) (v12 (I (K (v13 v29)) (I K) (v3 x B z))) z) z)))
K (z (x (z S (K v20) v26) (v12 (v13 v29 (v3 x B z))) z (z (v22 (S (v2 I x)) (x (z S (K v20) v26) (v12 (v13 v29 (v3 x B z))) z)) z)) (z (S B (B z (v22 (S (v2 (I I) x)))) (x (z S (K v20) v26) (v12 (I (K (v13 v29)) (I K) (v3 x B z))) z) z) (z (S B (B z (v22 (S (v2 (I I) x)))) (x (z S (K v20) v26) (v12 (I (K (v13 v29)) (I K) (v3 x B z))) z) z))))
K (z (x (z S (K v20) v26) (v12 (v13 v29 (v3 x B z))) z (z (v22 (S (v2 I x)) (x (z S (K v20) v26) (v12 (v13 v29 (v3 x B z))) z)) z)) (z (B (x (z S (K v20) v26) (v12 (I (K (v13 v29)) (I K) (v3 x B z))) z) (B z (v22 (S (v2 (I I) x))) (x (z S (K v20) v26) (v12 (I (K (v13 v29)) (I K) (v3 x B z))) z)) z) (z (S B (B z (v22 (S (v2 (I I) x)))) (x (z S (K v20) v26) (v12 (I (K (v13 v29)) (I K) (v3 x B z))) z) z))))
K (z (x (z S (K v20) v26) (v12 (v13 v29 (v3 x B z))) z (z (v22 (S (v2 I x)) (x (z S (K v20) v26) (v12 (v13 v29 (v3 x B z))) z)) z)) (z (x (z S (K v20) v26) (v12 (I (K (v13 v29)) (I K) (v3 x B z))) z (B z (v22 (S (v2 (I I) x))) (x (z S (K v20) v26) (v12 (I (K (v13 v29)) (I K) (v3 x B z))) z) z)) (z (S B (B z (v22 (S (v2 (I I) x)))) (x (z S (K v20) v26) (v12 (I (K (v13 v29)) (I K) (v3 x B z))) z) z))))
K (z (x (z S (K v20) v26) (v12 (v13 v29 (v3 x B z))) z (z (v22 (S (v2 I x)) (x (z S (K v20) v26) (v12 (v13 v29 (v3 x B z))) z)) z)) (z (x (z S (K v20) v26) (v12 (K (v13 v29) (I K) (v3 x B z))) z (B z (v22 (S (v2 (I I) x))) (x (z S (K v20) v26) (v12 (I (K (v13 v29)) (I K) (v3 x B z))) z) z)) (z (S B (B z (v22 (S (v2 (I I) x)))) (x (z S (K v20) v26) (v12 (I (K (v13 v29)) (I K) (v3 x B z))) z) z))))
K (z (x (z S (K v20) v26) (v12 (v13 v29 (v3 x B z))) z (z (v22 (S (v2 I x)) (x (z S (K v20) v26) (v12 (v13 v29 (v3 x B z))) z)) z)) (z (x (z S (K v20) v26) (v12 (v13 v29 (v3 x B z))) z (B z (v22 (S (v2 (I I) x))) (x (z S (K v20) v26) (v12 (I (K (v13 v29)) (I K) (v3 x B z))) z) z)) (z (S B (B z (v22 (S (v2 (I I) x)))) (x (z S (K v20) v26) (v12 (I (K (v13 v29)) (I K) (v3 x B z))) z) z))))
K (z (x (z S (K v20) v26) (v12 (v13 v29 (v3 x B z))) z (z (v22 (S (v2 I x)) (x (z S (K v20) v26) (v12 (v13 v29 (v3 x B z))) z)) z)) (z (x (z S (K v20) v26) (v12 (v13 v29 (v3 x B z))) z (z (v22 (S (v2 (I I) x)) (x (z S (K v20) v26) (v12 (I (K (v13 v29)) (I K) (v3 x B z))) z)) z)) (z (S B (B z (v22 (S (v2 (I I) x)))) (x (z S (K v20) v26) (v12 (I (K (v13 v29)) (I K) (v3 x B z))) z) z))))
K (z (x (z S (K v20) v26) (v12 (v13 v29 (v3 x B z))) z (z (v22 (S (v2 I x)) (x (z S (K v20) v26) (v12 (v13 v29 (v3 x B z))) z)) z)) (z (x (z S (K v20) v26) (v12 (v13 v29 (v3 x B z))) z (z (v22 (S (v2 I x)) (x (z S (K v20) v26) (v12 (I (K (v13 v29)) (I K) (v3 x B z))) z)) z)) (z (S B (B z (v22 (S (v2 (I I) x)))) (x (z S (K v20) v26) (v12 (I (K (v13 v29)) (I K) (v3 x B z))) z) z))))
K (z (x (z S (K v20) v26) (v12 (v13 v29 (v3 x B z))) z (z (v22 (S (v2 I x)) (x (z S (K v20) v26) (v12 (v13 v29 (v3 x B z))) z)) z)) (z (x (z S (K v20) v26) (v12 (v13 v29 (v3 x B z))) z (z (v22 (S (v2 I x)) (x (z S (K v20) v26) (v12 (K (v13 v29) (I K) (v3 x B z))) z)) z)) (z (S B (B z (v22 (S (v2 (I I) x)))) (x (z S (K v20) v26) (v12 (I (K (v13 v29)) (I K) (v3 x B z))) z) z))))
K (z (x (z S (K v20) v26) (v12 (v13 v29 (v3 x B z))) z (z (v22 (S (v2 I x)) (x (z S (K v20) v26) (v12 (v13 v29 (v3 x B z))) z)) z)) (z (x (z S (K v20) v26) (v12 (v13 v29 (v3 x B z))) z (z (v22 (S (v2 I x)) (x (z S (K v20) v26) (v12 (v13 v29 (v3 x B z))) z)) z)) (z (S B (B z (v22 (S (v2 (I I) x)))) (x (z S (K v20) v26) (v12 (I (K (v13 v29)) (I K) (v3 x B z))) z) z))))
K (z (x (z S (K v20) v26) (v12 (v13 v29 (v3 x B z))) z (z (v22 (S (v2 I x)) (x (z S (K v20) v26) (v12 (v13 v29 (v3 x B z))) z)) z)) (z (x (z S (K v20) v26) (v12 (v13 v29 (v3 x B z))) z (z (v22 (S (v2 I x)) (x (z S (K v20) v26) (v12 (v13 v29 (v3 x B z))) z)) z)) (z (B (x (z S (K v20) v26) (v12 (I (K (v13 v29)) (I K) (v3 x B z))) z) (B z (v22 (S (v2 (I I) x))) (x (z S (K v20) v26) (v12 (I (K (v13 v29)) (I K) (v3 x B z))) z)) z))))
K (z (x (z S (K v20) v26) (v12 (v13 v29 (v3 x B z))) z (z (v22 (S (v2 I x)) (x (z S (K v20) v26) (v12 (v13 v29 (v3 x B z))) z)) z)) (z (x (z S (K v20) v26) (v12 (v13 v29 (v3 x B z))) z (z (v22 (S (v2 I x)) (x (z S (K v20) v26) (v12 (v13 v29 (v3 x B z))) z)) z)) (z (x (z S (K v20) v26) (v12 (I (K (v13 v29)) (I K) (v3 x B z))) z (B z (v22 (S (v2 (I I) x))) (x (z S (K v20) v26) (v12 (I (K (v13 v29)) (I K) (v3 x B z))) z) z)))))
K (z (x (z S (K v20) v26) (v12 (v13 v29 (v3 x B z))) z (z (v22 (S (v2 I x)) (x (z S (K v20) v26) (v12 (v13 v29 (v3 x B z))) z)) z)) (z (x (z S (K v20) v26) (v12 (v13 v29 (v3 x B z))) z (z (v22 (S (v2 I x)) (x (z S (K v20) v26) (v12 (v13 v29 (v3 x B z))) z)) z)) (z (x (z S (K v20) v26) (v12 (K (v13 v29) (I K) (v3 x B z))) z (B z (v22 (S (v2 (I I) x))) (x (z S (K v20) v26) (v12 (I (K (v13 v29)) (I K) (v3 x B z))) z) z)))))
K (z (x (z S (K v20) v26) (v12 (v13 v29 (v3 x B z))) z (z (v22 (S (v2 I x)) (x (z S (K v20) v26) (v12 (v13 v29 (v3 x B z))) z)) z)) (z (x (z S (K v20) v26) (v12 (v13 v29 (v3 x B z))) z (z (v22 (S (v2 I x)) (x (z S (K v20) v26) (v12 (v13 v29 (v3 x B z))) z)) z)) (z (x (z S (K v20) v26) (v12 (v13 v29 (v3 x B z))) z (B z (v22 (S (v2 (I I) x))) (x (z S (K v20) v26) (v12 (I (K (v13 v29)) (I K) (v3 x B z))) z) z)))))
K (z (x (z S (K v20) v26) (v12 (v13 v29 (v3 x B z))) z (z (v22 (S (v2 I x)) (x (z S (K v20) v26) (v12 (v13 v29 (v3 x B z))) z)) z)) (z (x (z S (K v20) v26) (v12 (v13 v29 (v3 x B z))) z (z (v22 (S (v2 I x)) (x (z S (K v20) v26) (v12 (v13 v29 (v3 x B z))) z)) z)) (z (x (z S (K v20) v26) (v12 (v13 v29 (v3 x B z))) z (z (v22 (S (v2 (I I) x)) (x (z S (K v20) v26) (v12 (I (K (v13 v29)) (I K) (v3 x B z))) z)) z)))))
K (z (x (z S (K v20) v26) (v12 (v13 v29 (v3 x B z))) z (z (v22 (S (v2 I x)) (x (z S (K v20) v26) (v12 (v13 v29 (v3 x B z))) z)) z)) (z (x (z S (K v20) v26) (v12 (v13 v29 (v3 x B z))) z (z (v22 (S (v2 I x)) (x (z S (K v20) v26) (v12 (v13 v29 (v3 x B z))) z)) z)) (z (x (z S (K v20) v26) (v12 (v13 v29 (v3 x B z))) z (z (v22 (S (v2 I x)) (x (z S (K v20) v26) (v12 (I (K (v13 v29)) (I K) (v3 x B z))) z)) z)))))
K (z (x (z S (K v20) v26) (v12 (v13 v29 (v3 x B z))) z (z (v22 (S (v2 I x)) (x (z S (K v20) v26) (v12 (v13 v29 (v3 x B z))) z)) z)) (z (x (z S (K v20) v26) (v12 (v13 v29 (v3 x B z))) z (z (v22 (S (v2 I x)) (x (z S (K v20) v26) (v12 (v13 v29 (v3 x B z))) z)) z)) (z (x (z S (K v20) v26) (v12 (v13 v29 (v3 x B z))) z (z (v22 (S (v2 I x)) (x (z S (K v20) v26) (v12 (K (v13 v29) (I K) (v3 x B z))) z)) z)))))
K (z (x (z S (K v20) v26) (v12 (v13 v29 (v3 x B z))) z (z (v22 (S (v2 I x)) (x (z S (K v20) v26) (v12 (v13 v29 (v3 x B z))) z)) z)) (z (x (z S (K v20) v26) (v12 (v13 v29 (v3 x B z))) z (z (v22 (S (v2 I x)) (x (z S (K v20) v26) (v12 (v13 v29 (v3 x B z))) z)) z)) (z (x (z S (K v20) v26) (v12 (v13 v29 (v3 x B z))) z (z (v22 (S (v2 I x)) (x (z S (K v20) v26) (v12 (v13 v29 (v3 x B z))) z)) z)))))
S (v9 (x (K x x)) I S (B B)) (x (v4 S)) I (z (K z (v11 v21 B) (S S) (v3 (B K I))) I)
v9 (x (K x x)) I S (B B) I (x (v4 S) I) (z (K z (v11 v21 B) (S S) (v3 (B K I))) I)
v9 (x x) I S (B B) I (x (v4 S) I) (z (K z (v11 v21 B) (S S) (v3 (B K I))) I)
v9 (x x) I S (B B) I (x (v4 S) I) (z (z (S S) (v3 (B K I))) I)
K (v8 (K I)) (K (x (v15 (I (z S (x (x (v10 (I (B v30 B)))))))))) (x S v20) (x (K (x (I (K B)) z) B (K v10 (S K))))
v8 (K I) (x S v20) (x (K (x (I (K B)) z) B (K v10 (S K))))
v8 (K I) (x S v20) (x (x (I (K B)) z (K v10 (S K))))
v8 (K I) (x S v20) (x (x (K B) z (K v10 (S K))))
v8 (K I) (x S v20) (x (x (K B) z v10))
