z v8 x (K (B S K (K (v23 S) B) B (z S (z (v7 z) (B z x (B (v24 (I K))) S))) v26) (v30 (B K) (I K)) (S S (K (z (B S)) (I B) (v8 v17)) v12 K x))
z v8 x (B S K (K (v23 S) B) B (z S (z (v7 z) (B z x (B (v24 (I K))) S))) v26 (S S (K (z (B S)) (I B) (v8 v17)) v12 K x))
z v8 x (S (K (K (v23 S) B)) B (z S (z (v7 z) (B z x (B (v24 (I K))) S))) v26 (S S (K (z (B S)) (I B) (v8 v17)) v12 K x))
z v8 x (K (K (v23 S) B) (z S (z (v7 z) (B z x (B (v24 (I K))) S))) (B (z S (z (v7 z) (B z x (B (v24 (I K))) S)))) v26 (S S (K (z (B S)) (I B) (v8 v17)) v12 K x))
z v8 x (K (v23 S) B (B (z S (z (v7 z) (B z x (B (v24 (I K))) S)))) v26 (S S (K (z (B S)) (I B) (v8 v17)) v12 K x))
z v8 x (v23 S (B (z S (z (v7 z) (B z x (B (v24 (I K))) S)))) v26 (S S (K (z (B S)) (I B) (v8 v17)) v12 K x))
z v8 x (v23 S (B (z S (z (v7 z) (z (x (B (v24 (I K)))) S)))) v26 (S S (K (z (B S)) (I B) (v8 v17)) v12 K x))
z v8 x (v23 S (B (z S (z (v7 z) (z (x (B (v24 K))) S)))) v26 (S S (K (z (B S)) (I B) (v8 v17)) v12 K x))
z v8 x (v23 S (B (z S (z (v7 z) (z (x (B (v24 K))) S)))) v26 (S v12 (K (z (B S)) (I B) (v8 v17) v12) K x))
z v8 x (v23 S (B (z S (z (v7 z) (z (x (B (v24 K))) S)))) v26 (v12 K (K (z (B S)) (I B) (v8 v17) v12 K) x))
z v8 x (v23 S (B (z S (z (v7 z) (z (x (B (v24 K))) S)))) v26 (v12 K (z (B S) (v8 v17) v12 K) x))
x (I (x v1 z (K x) I) (K (B v24) (z S B) z (x I z) (B B (B v3)))) (x (v19 v29 K (K (B K (I z (B x S))) (S (K S (z K))) x) S (K (I I (v13 (z S) (K S) I z)))))
x (x v1 z (K x) I (K (B v24) (z S B) z (x I z) (B B (B v3)))) (x (v19 v29 K (K (B K (I z (B x S))) (S (K S (z K))) x) S (K (I I (v13 (z S) (K S) I z)))))
x (x v1 z (K x) I (B v24 z (x I z) (B B (B v3)))) (x (v19 v29 K (K (B K (I z (B x S))) (S (K S (z K))) x) S (K (I I (v13 (z S) (K S) I z)))))
x (x v1 z (K x) I (v24 (z (x I z)) (B B (B v3)))) (x (v19 v29 K (K (B K (I z (B x S))) (S (K S (z K))) x) S (K (I I (v13 (z S) (K S) I z)))))
x (x v1 z (K x) I (v24 (z (x I z)) (B B (B v3)))) (x (v19 v29 K (B K (I z (B x S)) x) S (K (I I (v13 (z S) (K S) I z)))))
x (x v1 z (K x) I (v24 (z (x I z)) (B B (B v3)))) (x (v19 v29 K (K (I z (B x S) x)) S (K (I I (v13 (z S) (K S) I z)))))
x (x v1 z (K x) I (v24 (z (x I z)) (B B (B v3)))) (x (v19 v29 K (K (z (B x S) x)) S (K (I I (v13 (z S) (K S) I z)))))
x (x v1 z (K x) I (v24 (z (x I z)) (B B (B v3)))) (x (v19 v29 K (K (z (B x S) x)) S (K (I (v13 (z S) (K S) I z)))))
x (x v1 z (K x) I (v24 (z (x I z)) (B B (B v3)))) (x (v19 v29 K (K (z (B x S) x)) S (K (v13 (z S) (K S) I z))))
K (I B (I S (I (z (x v15))))) (I K B I) (K (K (B B I (S B)))) (z (I B (I z) (v22 (x K B))) I (B z) (S I) (z (z (B (v25 (v24 K)) x x z)) (z K x x)) (x K) (B (S (I z)) (I x)) K)
I B (I S (I (z (x v15)))) (K (K (B B I (S B)))) (z (I B (I z) (v22 (x K B))) I (B z) (S I) (z (z (B (v25 (v24 K)) x x z)) (z K x x)) (x K) (B (S (I z)) (I x)) K)
B (I S (I (z (x v15)))) (K (K (B B I (S B)))) (z (I B (I z) (v22 (x K B))) I (B z) (S I) (z (z (B (v25 (v24 K)) x x z)) (z K x x)) (x K) (B (S (I z)) (I x)) K)
I S (I (z (x v15))) (K (K (B B I (S B))) (z (I B (I z) (v22 (x K B))) I (B z) (S I) (z (z (B (v25 (v24 K)) x x z)) (z K x x)) (x K) (B (S (I z)) (I x)) K))
S (I (z (x v15))) (K (K (B B I (S B))) (z (I B (I z) (v22 (x K B))) I (B z) (S I) (z (z (B (v25 (v24 K)) x x z)) (z K x x)) (x K) (B (S (I z)) (I x)) K))
S (z (x v15)) (K (K (B B I (S B))) (z (I B (I z) (v22 (x K B))) I (B z) (S I) (z (z (B (v25 (v24 K)) x x z)) (z K x x)) (x K) (B (S (I z)) (I x)) K))
S (z (x v15)) (K (B B I (S B)))
S (z (x v15)) (K (B (I (S B))))
S (z (x v15)) (K (B (S B)))
v17 B (K I (S v2)) z B v7 (B (K B) z (K (z B) (S S z (x (I B))) (I S (z (z z (x (B x)) x z)))) (B K S v27 (x v11 I (v18 z)))) (K (x (I x) (I S (z (S v21) S) B) S))
v17 B I z B v7 (B (K B) z (K (z B) (S S z (x (I B))) (I S (z (z z (x (B x)) x z)))) (B K S v27 (x v11 I (v18 z)))) (K (x (I x) (I S (z (S v21) S) B) S))
v17 B I z B v7 (K B (z (K (z B) (S S z (x (I B))) (I S (z (z z (x (B x)) x z))))) (B K S v27 (x v11 I (v18 z)))) (K (x (I x) (I S (z (S v21) S) B) S))
v17 B I z B v7 (B (B K S v27 (x v11 I (v18 z)))) (K (x (I x) (I S (z (S v21) S) B) S))
v17 B I z B v7 (B (K (S v27) (x v11 I (v18 z)))) (K (x (I x) (I S (z (S v21) S) B) S))
v17 B I z B v7 (B (S v27)) (K (x (I x) (I S (z (S v21) S) B) S))
v17 B I z B v7 (B (S v27)) (K (x x (I S (z (S v21) S) B) S))
v17 B I z B v7 (B (S v27)) (K (x x (S (z (S v21) S) B) S))
v13 (I (I (I I)) S (v21 v0 S (I (S B)) (I (B (B B z) K (x (S (B K) x) (K x (x x)) (v26 (v25 v21))) z))) (B K (x (K (x (x (S (B K) (v24 z) z)) K)))))
v13 (I (I I) S (v21 v0 S (I (S B)) (I (B (B B z) K (x (S (B K) x) (K x (x x)) (v26 (v25 v21))) z))) (B K (x (K (x (x (S (B K) (v24 z) z)) K)))))
v13 (I I S (v21 v0 S (I (S B)) (I (B (B B z) K (x (S (B K) x) (K x (x x)) (v26 (v25 v21))) z))) (B K (x (K (x (x (S (B K) (v24 z) z)) K)))))
v13 (I S (v21 v0 S (I (S B)) (I (B (B B z) K (x (S (B K) x) (K x (x x)) (v26 (v25 v21))) z))) (B K (x (K (x (x (S (B K) (v24 z) z)) K)))))
v13 (S (v21 v0 S (I (S B)) (I (B (B B z) K (x (S (B K) x) (K x (x x)) (v26 (v25 v21))) z))) (B K (x (K (x (x (S (B K) (v24 z) z)) K)))))
v13 (S (v21 v0 S (S B) (I (B (B B z) K (x (S (B K) x) (K x (x x)) (v26 (v25 v21))) z))) (B K (x (K (x (x (S (B K) (v24 z) z)) K)))))
v13 (S (v21 v0 S (S B) (B (B B z) K (x (S (B K) x) (K x (x x)) (v26 (v25 v21))) z)) (B K (x (K (x (x (S (B K) (v24 z) z)) K)))))
v13 (S (v21 v0 S (S B) (B B z (K (x (S (B K) x) (K x (x x)) (v26 (v25 v21)))) z)) (B K (x (K (x (x (S (B K) (v24 z) z)) K)))))
v13 (S (v21 v0 S (S B) (B (z (K (x (S (B K) x) (K x (x x)) (v26 (v25 v21))))) z)) (B K (x (K (x (x (S (B K) (v24 z) z)) K)))))
v13 (S (v21 v0 S (S B) (B (z (K (x (S (B K) x) x (v26 (v25 v21))))) z)) (B K (x (K (x (x (S (B K) (v24 z) z)) K)))))
v13 (S (v21 v0 S (S B) (B (z (K (x (S (B K) x) x (v26 (v25 v21))))) z)) (B K (x (K (x (x (B K z (v24 z z))) K)))))
v13 (S (v21 v0 S (S B) (B (z (K (x (S (B K) x) x (v26 (v25 v21))))) z)) (B K (x (K (x (x (K (z (v24 z z)))) K)))))
I
x (v8 I S (v8 (I (K I K) x) (I I) (z v12 (B (x x)) S) v22) I) (v21 (B (K v6)) x (S v26) x)
x (v8 I S (v8 (K I K x) (I I) (z v12 (B (x x)) S) v22) I) (v21 (B (K v6)) x (S v26) x)
x (v8 I S (v8 (I x) (I I) (z v12 (B (x x)) S) v22) I) (v21 (B (K v6)) x (S v26) x)
x (v8 I S (v8 x (I I) (z v12 (B (x x)) S) v22) I) (v21 (B (K v6)) x (S v26) x)
x (v8 I S (v8 x I (z v12 (B (x x)) S) v22) I) (v21 (B (K v6)) x (S v26) x)
z (x z v3 (B x) (v18 v6 (x I) B (v23 (z x)) I)) K
v5 (I K x (v26 (S I) x) (S x)) (I (I x) (B (x (I (K B)) z)) v19 (x v20 x))
v5 (K x (v26 (S I) x) (S x)) (I (I x) (B (x (I (K B)) z)) v19 (x v20 x))
v5 (x (S x)) (I (I x) (B (x (I (K B)) z)) v19 (x v20 x))
v5 (x (S x)) (I x (B (x (I (K B)) z)) v19 (x v20 x))
v5 (x (S x)) (x (B (x (I (K B)) z)) v19 (x v20 x))
v5 (x (S x)) (x (B (x (K B) z)) v19 (x v20 x))
I (B (v5 x x)) (K (K K) (v14 K K z) (z (S (B x B)))) S (x (v1 (K (z (v8 I B)) (I v10) (x K (I v18 (v12 (I x)) x I)) (I (x K)) (I (S B B) z))) (z z S z))
B (v5 x x) (K (K K) (v14 K K z) (z (S (B x B)))) S (x (v1 (K (z (v8 I B)) (I v10) (x K (I v18 (v12 (I x)) x I)) (I (x K)) (I (S B B) z))) (z z S z))
v5 x x (K (K K) (v14 K K z) (z (S (B x B))) S) (x (v1 (K (z (v8 I B)) (I v10) (x K (I v18 (v12 (I x)) x I)) (I (x K)) (I (S B B) z))) (z z S z))
v5 x x (K K (z (S (B x B))) S) (x (v1 (K (z (v8 I B)) (I v10) (x K (I v18 (v12 (I x)) x I)) (I (x K)) (I (S B B) z))) (z z S z))
v5 x x (K S) (x (v1 (K (z (v8 I B)) (I v10) (x K (I v18 (v12 (I x)) x I)) (I (x K)) (I (S B B) z))) (z z S z))
v5 x x (K S) (x (v1 (z (v8 I B) (x K (I v18 (v12 (I x)) x I)) (I (x K)) (I (S B B) z))) (z z S z))
v5 x x (K S) (x (v1 (z (v8 I B) (x K (v18 (v12 (I x)) x I)) (I (x K)) (I (S B B) z))) (z z S z))
v5 x x (K S) (x (v1 (z (v8 I B) (x K (v18 (v12 x) x I)) (I (x K)) (I (S B B) z))) (z z S z))
v5 x x (K S) (x (v1 (z (v8 I B) (x K (v18 (v12 x) x I)) (x K) (I (S B B) z))) (z z S z))
v5 x x (K S) (x (v1 (z (v8 I B) (x K (v18 (v12 x) x I)) (x K) (S B B z))) (z z S z))
v5 x x (K S) (x (v1 (z (v8 I B) (x K (v18 (v12 x) x I)) (x K) (B z (B z)))) (z z S z))
