v15 (B (S B v25 I K I) (z (v25 K x)))
v15 (B (B I (v25 I) K I) (z (v25 K x)))
v15 (B (I (v25 I K) I) (z (v25 K x)))
v15 (B (v25 I K I) (z (v25 K x)))
K
I (v3 S) (K I x)
v3 S (K I x)
v3 S I
z (z (z K (I (S S) v8))) (I v17 (v15 (K S B (v4 (K v14)) S K (B (z v16 K)) (z I)) K) (B (v6 B)) K)
z (z (z K (S S v8))) (I v17 (v15 (K S B (v4 (K v14)) S K (B (z v16 K)) (z I)) K) (B (v6 B)) K)
z (z (z K (S S v8))) (v17 (v15 (K S B (v4 (K v14)) S K (B (z v16 K)) (z I)) K) (B (v6 B)) K)
z (z (z K (S S v8))) (v17 (v15 (S (v4 (K v14)) S K (B (z v16 K)) (z I)) K) (B (v6 B)) K)
z (z (z K (S S v8))) (v17 (v15 (v4 (K v14) K (S K) (B (z v16 K)) (z I)) K) (B (v6 B)) K)
S
K S (K (z x x (z S) B B K (S B z)) (B x (S v5 x (S x (S B) v27 (v10 (B K B) x)))))
S
B (z x (B B) K (x K (z z I)) I) x S (B (K z) (K v16)) (z (x B) x) x
z x (B B) K (x K (z z I)) I (x S) (B (K z) (K v16)) (z (x B) x) x
S (x (S B))
B (S (B (B I K) K) (S (S K K x) x (K (v1 x S))) K (S (S K)) (v6 (S B))) (I S (x x x (v18 (I K)) K (v4 (z S v14 I (K (I v30 S))) z (I B z))))
B (B (B I K) K K (S (S K K x) x (K (v1 x S)) K) (S (S K)) (v6 (S B))) (I S (x x x (v18 (I K)) K (v4 (z S v14 I (K (I v30 S))) z (I B z))))
B (B I K (K K) (S (S K K x) x (K (v1 x S)) K) (S (S K)) (v6 (S B))) (I S (x x x (v18 (I K)) K (v4 (z S v14 I (K (I v30 S))) z (I B z))))
B (I (K (K K)) (S (S K K x) x (K (v1 x S)) K) (S (S K)) (v6 (S B))) (I S (x x x (v18 (I K)) K (v4 (z S v14 I (K (I v30 S))) z (I B z))))
B (K (K K) (S (S K K x) x (K (v1 x S)) K) (S (S K)) (v6 (S B))) (I S (x x x (v18 (I K)) K (v4 (z S v14 I (K (I v30 S))) z (I B z))))
B (K K (S (S K)) (v6 (S B))) (I S (x x x (v18 (I K)) K (v4 (z S v14 I (K (I v30 S))) z (I B z))))
B (K (v6 (S B))) (I S (x x x (v18 (I K)) K (v4 (z S v14 I (K (I v30 S))) z (I B z))))
B (K (v6 (S B))) (S (x x x (v18 (I K)) K (v4 (z S v14 I (K (I v30 S))) z (I B z))))
B (K (v6 (S B))) (S (x x x (v18 K) K (v4 (z S v14 I (K (I v30 S))) z (I B z))))
B (K (v6 (S B))) (S (x x x (v18 K) K (v4 (z S v14 I (K (v30 S))) z (I B z))))
B (K (v6 (S B))) (S (x x x (v18 K) K (v4 (z S v14 I (K (v30 S))) z (B z))))
S S (K (x B (B (z (S B)) K) S) (K S) z (v20 K (v3 v20 (S v29)) (x (K S))) z) (z (B S) (v15 (S I) (I I v3 x) (z (K (v3 (v5 (z (x S K))) (B S) (z S)))) x) (x (v0 (I (v22 I K x)) B S) (I z (x x) (S K K)) x))
S (z (B S) (v15 (S I) (I I v3 x) (z (K (v3 (v5 (z (x S K))) (B S) (z S)))) x) (x (v0 (I (v22 I K x)) B S) (I z (x x) (S K K)) x)) (K (x B (B (z (S B)) K) S) (K S) z (v20 K (v3 v20 (S v29)) (x (K S))) z (z (B S) (v15 (S I) (I I v3 x) (z (K (v3 (v5 (z (x S K))) (B S) (z S)))) x) (x (v0 (I (v22 I K x)) B S) (I z (x x) (S K K)) x)))
S (z (B S) (v15 (S I) (I v3 x) (z (K (v3 (v5 (z (x S K))) (B S) (z S)))) x) (x (v0 (I (v22 I K x)) B S) (I z (x x) (S K K)) x)) (K (x B (B (z (S B)) K) S) (K S) z (v20 K (v3 v20 (S v29)) (x (K S))) z (z (B S) (v15 (S I) (I I v3 x) (z (K (v3 (v5 (z (x S K))) (B S) (z S)))) x) (x (v0 (I (v22 I K x)) B S) (I z (x x) (S K K)) x)))
S (z (B S) (v15 (S I) (v3 x) (z (K (v3 (v5 (z (x S K))) (B S) (z S)))) x) (x (v0 (I (v22 I K x)) B S) (I z (x x) (S K K)) x)) (K (x B (B (z (S B)) K) S) (K S) z (v20 K (v3 v20 (S v29)) (x (K S))) z (z (B S) (v15 (S I) (I I v3 x) (z (K (v3 (v5 (z (x S K))) (B S) (z S)))) x) (x (v0 (I (v22 I K x)) B S) (I z (x x) (S K K)) x)))
S (z (B S) (v15 (S I) (v3 x) (z (K (v3 (v5 (z (x S K))) (B S) (z S)))) x) (x (v0 (v22 I K x) B S) (I z (x x) (S K K)) x)) (K (x B (B (z (S B)) K) S) (K S) z (v20 K (v3 v20 (S v29)) (x (K S))) z (z (B S) (v15 (S I) (I I v3 x) (z (K (v3 (v5 (z (x S K))) (B S) (z S)))) x) (x (v0 (I (v22 I K x)) B S) (I z (x x) (S K K)) x)))
S (z (B S) (v15 (S I) (v3 x) (z (K (v3 (v5 (z (x S K))) (B S) (z S)))) x) (x (v0 (v22 I K x) B S) (z (x x) (S K K)) x)) (K (x B (B (z (S B)) K) S) (K S) z (v20 K (v3 v20 (S v29)) (x (K S))) z (z (B S) (v15 (S I) (I I v3 x) (z (K (v3 (v5 (z (x S K))) (B S) (z S)))) x) (x (v0 (I (v22 I K x)) B S) (I z (x x) (S K K)) x)))
S (z (B S) (v15 (S I) (v3 x) (z (K (v3 (v5 (z (x S K))) (B S) (z S)))) x) (x (v0 (v22 I K x) B S) (z (x x) (S K K)) x)) (x B (B (z (S B)) K) S z (v20 K (v3 v20 (S v29)) (x (K S))) z (z (B S) (v15 (S I) (I I v3 x) (z (K (v3 (v5 (z (x S K))) (B S) (z S)))) x) (x (v0 (I (v22 I K x)) B S) (I z (x x) (S K K)) x)))
S (z (B S) (v15 (S I) (v3 x) (z (K (v3 (v5 (z (x S K))) (B S) (z S)))) x) (x (v0 (v22 I K x) B S) (z (x x) (S K K)) x)) (x B (B (z (S B)) K) S z (v20 K (v3 v20 (S v29)) (x (K S))) z (z (B S) (v15 (S I) (I v3 x) (z (K (v3 (v5 (z (x S K))) (B S) (z S)))) x) (x (v0 (I (v22 I K x)) B S) (I z (x x) (S K K)) x)))
S (z (B S) (v15 (S I) (v3 x) (z (K (v3 (v5 (z (x S K))) (B S) (z S)))) x) (x (v0 (v22 I K x) B S) (z (x x) (S K K)) x)) (x B (B (z (S B)) K) S z (v20 K (v3 v20 (S v29)) (x (K S))) z (z (B S) (v15 (S I) (v3 x) (z (K (v3 (v5 (z (x S K))) (B S) (z S)))) x) (x (v0 (I (v22 I K x)) B S) (I z (x x) (S K K)) x)))
S (z (B S) (v15 (S I) (v3 x) (z (K (v3 (v5 (z (x S K))) (B S) (z S)))) x) (x (v0 (v22 I K x) B S) (z (x x) (S K K)) x)) (x B (B (z (S B)) K) S z (v20 K (v3 v20 (S v29)) (x (K S))) z (z (B S) (v15 (S I) (v3 x) (z (K (v3 (v5 (z (x S K))) (B S) (z S)))) x) (x (v0 (v22 I K x) B S) (I z (x x) (S K K)) x)))
S (z (B S) (v15 (S I) (v3 x) (z (K (v3 (v5 (z (x S K))) (B S) (z S)))) x) (x (v0 (v22 I K x) B S) (z (x x) (S K K)) x)) (x B (B (z (S B)) K) S z (v20 K (v3 v20 (S v29)) (x (K S))) z (z (B S) (v15 (S I) (v3 x) (z (K (v3 (v5 (z (x S K))) (B S) (z S)))) x) (x (v0 (v22 I K x) B S) (z (x x) (S K K)) x)))
