z
S (K x (x S)) (v19 (z (S S z) (B x) (K v21 v9)) (v2 I (v17 B) (B (S x z x) K (v1 S I)))) (B (K z K) x v11 (z (B (B x)))) (K B) (S (x z) (K (x (B v12))) (x (B (B v17 (K v0 v13) (K v13)) z I) S) (z v23)) (v13 z (v24 (z (K K x)) v27 z (S K) (v22 (K I) (K v19 (v18 B) (B B)) B I)))
K x (x S) (B (K z K) x v11 (z (B (B x)))) (v19 (z (S S z) (B x) (K v21 v9)) (v2 I (v17 B) (B (S x z x) K (v1 S I))) (B (K z K) x v11 (z (B (B x))))) (K B) (S (x z) (K (x (B v12))) (x (B (B v17 (K v0 v13) (K v13)) z I) S) (z v23)) (v13 z (v24 (z (K K x)) v27 z (S K) (v22 (K I) (K v19 (v18 B) (B B)) B I)))
x (B (K z K) x v11 (z (B (B x)))) (v19 (z (S S z) (B x) (K v21 v9)) (v2 I (v17 B) (B (S x z x) K (v1 S I))) (B (K z K) x v11 (z (B (B x))))) (K B) (S (x z) (K (x (B v12))) (x (B (B v17 (K v0 v13) (K v13)) z I) S) (z v23)) (v13 z (v24 (z (K K x)) v27 z (S K) (v22 (K I) (K v19 (v18 B) (B B)) B I)))
x (K z K (x v11) (z (B (B x)))) (v19 (z (S S z) (B x) (K v21 v9)) (v2 I (v17 B) (B (S x z x) K (v1 S I))) (B (K z K) x v11 (z (B (B x))))) (K B) (S (x z) (K (x (B v12))) (x (B (B v17 (K v0 v13) (K v13)) z I) S) (z v23)) (v13 z (v24 (z (K K x)) v27 z (S K) (v22 (K I) (K v19 (v18 B) (B B)) B I)))
x (z (x v11) (z (B (B x)))) (v19 (z (S S z) (B x) (K v21 v9)) (v2 I (v17 B) (B (S x z x) K (v1 S I))) (B (K z K) x v11 (z (B (B x))))) (K B) (S (x z) (K (x (B v12))) (x (B (B v17 (K v0 v13) (K v13)) z I) S) (z v23)) (v13 z (v24 (z (K K x)) v27 z (S K) (v22 (K I) (K v19 (v18 B) (B B)) B I)))
x (z (x v11) (z (B (B x)))) (v19 (z (S S z) (B x) v21) (v2 I (v17 B) (B (S x z x) K (v1 S I))) (B (K z K) x v11 (z (B (B x))))) (K B) (S (x z) (K (x (B v12))) (x (B (B v17 (K v0 v13) (K v13)) z I) S) (z v23)) (v13 z (v24 (z (K K x)) v27 z (S K) (v22 (K I) (K v19 (v18 B) (B B)) B I)))
x (z (x v11) (z (B (B x)))) (v19 (z (S S z) (B x) v21) (v2 I (v17 B) (S x z x (K (v1 S I)))) (B (K z K) x v11 (z (B (B x))))) (K B) (S (x z) (K (x (B v12))) (x (B (B v17 (K v0 v13) (K v13)) z I) S) (z v23)) (v13 z (v24 (z (K K x)) v27 z (S K) (v22 (K I) (K v19 (v18 B) (B B)) B I)))
x (z (x v11) (z (B (B x)))) (v19 (z (S S z) (B x) v21) (v2 I (v17 B) (x x (z x) (K (v1 S I)))) (B (K z K) x v11 (z (B (B x))))) (K B) (S (x z) (K (x (B v12))) (x (B (B v17 (K v0 v13) (K v13)) z I) S) (z v23)) (v13 z (v24 (z (K K x)) v27 z (S K) (v22 (K I) (K v19 (v18 B) (B B)) B I)))
x (z (x v11) (z (B (B x)))) (v19 (z (S S z) (B x) v21) (v2 I (v17 B) (x x (z x) (K (v1 S I)))) (K z K (x v11) (z (B (B x))))) (K B) (S (x z) (K (x (B v12))) (x (B (B v17 (K v0 v13) (K v13)) z I) S) (z v23)) (v13 z (v24 (z (K K x)) v27 z (S K) (v22 (K I) (K v19 (v18 B) (B B)) B I)))
x (z (x v11) (z (B (B x)))) (v19 (z (S S z) (B x) v21) (v2 I (v17 B) (x x (z x) (K (v1 S I)))) (z (x v11) (z (B (B x))))) (K B) (S (x z) (K (x (B v12))) (x (B (B v17 (K v0 v13) (K v13)) z I) S) (z v23)) (v13 z (v24 (z (K K x)) v27 z (S K) (v22 (K I) (K v19 (v18 B) (B B)) B I)))
x (z (x v11) (z (B (B x)))) (v19 (z (S S z) (B x) v21) (v2 I (v17 B) (x x (z x) (K (v1 S I)))) (z (x v11) (z (B (B x))))) (K B) (x z (x (B (B v17 (K v0 v13) (K v13)) z I) S) (K (x (B v12)) (x (B (B v17 (K v0 v13) (K v13)) z I) S)) (z v23)) (v13 z (v24 (z (K K x)) v27 z (S K) (v22 (K I) (K v19 (v18 B) (B B)) B I)))
x (z (x v11) (z (B (B x)))) (v19 (z (S S z) (B x) v21) (v2 I (v17 B) (x x (z x) (K (v1 S I)))) (z (x v11) (z (B (B x))))) (K B) (x z (x (B v17 (K v0 v13) (K v13) (z I)) S) (K (x (B v12)) (x (B (B v17 (K v0 v13) (K v13)) z I) S)) (z v23)) (v13 z (v24 (z (K K x)) v27 z (S K) (v22 (K I) (K v19 (v18 B) (B B)) B I)))
x (z (x v11) (z (B (B x)))) (v19 (z (S S z) (B x) v21) (v2 I (v17 B) (x x (z x) (K (v1 S I)))) (z (x v11) (z (B (B x))))) (K B) (x z (x (v17 (K v0 v13 (K v13)) (z I)) S) (K (x (B v12)) (x (B (B v17 (K v0 v13) (K v13)) z I) S)) (z v23)) (v13 z (v24 (z (K K x)) v27 z (S K) (v22 (K I) (K v19 (v18 B) (B B)) B I)))
x (z (x v11) (z (B (B x)))) (v19 (z (S S z) (B x) v21) (v2 I (v17 B) (x x (z x) (K (v1 S I)))) (z (x v11) (z (B (B x))))) (K B) (x z (x (v17 (v0 (K v13)) (z I)) S) (K (x (B v12)) (x (B (B v17 (K v0 v13) (K v13)) z I) S)) (z v23)) (v13 z (v24 (z (K K x)) v27 z (S K) (v22 (K I) (K v19 (v18 B) (B B)) B I)))
x (z (x v11) (z (B (B x)))) (v19 (z (S S z) (B x) v21) (v2 I (v17 B) (x x (z x) (K (v1 S I)))) (z (x v11) (z (B (B x))))) (K B) (x z (x (v17 (v0 (K v13)) (z I)) S) (x (B v12)) (z v23)) (v13 z (v24 (z (K K x)) v27 z (S K) (v22 (K I) (K v19 (v18 B) (B B)) B I)))
x (z (x v11) (z (B (B x)))) (v19 (z (S S z) (B x) v21) (v2 I (v17 B) (x x (z x) (K (v1 S I)))) (z (x v11) (z (B (B x))))) (K B) (x z (x (v17 (v0 (K v13)) (z I)) S) (x (B v12)) (z v23)) (v13 z (v24 (z K) v27 z (S K) (v22 (K I) (K v19 (v18 B) (B B)) B I)))
x (z (x v11) (z (B (B x)))) (v19 (z (S S z) (B x) v21) (v2 I (v17 B) (x x (z x) (K (v1 S I)))) (z (x v11) (z (B (B x))))) (K B) (x z (x (v17 (v0 (K v13)) (z I)) S) (x (B v12)) (z v23)) (v13 z (v24 (z K) v27 z (S K) (v22 (K I) (v19 (B B)) B I)))
I (v27 B B)
v27 B B
K (z (z (S I) K (z S x (I z) S) S) (I (S (S (z K))) z))
K (z (z (S I) K (z S x z S) S) (I (S (S (z K))) z))
K (z (z (S I) K (z S x z S) S) (S (S (z K)) z))
K K (I (x I)) (S (I (z (B (x x)))) (v27 K (B z (S (v19 I K) (B (x x))))))
K (S (I (z (B (x x)))) (v27 K (B z (S (v19 I K) (B (x x))))))
K (S (z (B (x x))) (v27 K (B z (S (v19 I K) (B (x x))))))
K S (B (K (z I) S (S x) (B (v23 v29 (S z))) (x x S z) z) (S I z S) (z S S (z (v10 (v0 B z B I)) S (K (v6 (x z) (K v26)) (x K I (B (x (K I)) (S S K) (x (x z))))) (I (v15 x) (x (K I (z (K I)))))) (I S)))
S
z (S (B (S (v16 K I))) S (z I K) (B K)) x S (K (x (x (I x z x K x) (I (v11 (S K B) K)) z)) (z (z (v3 B)) K I (K z (K (z I) z) (v4 v20 I)) (K (x S) K B) (v14 x (z K z)) S))
z (B (S (v16 K I)) (z I K) (S (z I K)) (B K)) x S (K (x (x (I x z x K x) (I (v11 (S K B) K)) z)) (z (z (v3 B)) K I (K z (K (z I) z) (v4 v20 I)) (K (x S) K B) (v14 x (z K z)) S))
z (S (v16 K I) (z I K (S (z I K))) (B K)) x S (K (x (x (I x z x K x) (I (v11 (S K B) K)) z)) (z (z (v3 B)) K I (K z (K (z I) z) (v4 v20 I)) (K (x S) K B) (v14 x (z K z)) S))
z (v16 K I (B K) (z I K (S (z I K)) (B K))) x S (K (x (x (I x z x K x) (I (v11 (S K B) K)) z)) (z (z (v3 B)) K I (K z (K (z I) z) (v4 v20 I)) (K (x S) K B) (v14 x (z K z)) S))
z (v16 K I (B K) (z I K (S (z I K)) (B K))) x S (x (x (I x z x K x) (I (v11 (S K B) K)) z))
z (v16 K I (B K) (z I K (S (z I K)) (B K))) x S (x (x (x z x K x) (I (v11 (S K B) K)) z))
z (v16 K I (B K) (z I K (S (z I K)) (B K))) x S (x (x (x z x K x) (v11 (S K B) K) z))
B (z (B B) (S (B (S (B S) (x (x K) z B))))) (K I (I (B v27) (I B (x (B x I)) (S (B z (I (v20 I) I)) z) (v16 v9))) x)
B (z (B B) (S (B (S (B S) (x (x K) z B))))) (I x)
B (z (B B) (S (B (S (B S) (x (x K) z B))))) x
z (I (B x x (v19 (z v22)) K) (v14 (v13 (I (z (x I) z) S) B)) B)
z (B x x (v19 (z v22)) K (v14 (v13 (I (z (x I) z) S) B)) B)
z (x (x (v19 (z v22))) K (v14 (v13 (I (z (x I) z) S) B)) B)
z (x (x (v19 (z v22))) K (v14 (v13 (z (x I) z S) B)) B)
S I (S B v10 (z I (v4 (S (I (x (B x)))))))
S I (B (z I (v4 (S (I (x (B x)))))) (v10 (z I (v4 (S (I (x (B x))))))))
S I (B (z I (v4 (S (x (B x))))) (v10 (z I (v4 (S (I (x (B x))))))))
S I (B (z I (v4 (S (x (B x))))) (v10 (z I (v4 (S (x (B x)))))))
