K (B (z v10 S) (B (x (v0 B)) B)) z (I B) (S (v23 (I I)) (v30 (S I) (S (B I))) (B B (v6 (K (v18 x) S) (x (x B) I))) z) (K (S I I) (z (K (B (v15 K K (I v21 z) I) x) z) (S (S I))))
B (z v10 S) (B (x (v0 B)) B) (I B) (S (v23 (I I)) (v30 (S I) (S (B I))) (B B (v6 (K (v18 x) S) (x (x B) I))) z) (K (S I I) (z (K (B (v15 K K (I v21 z) I) x) z) (S (S I))))
z v10 S (B (x (v0 B)) B (I B)) (S (v23 (I I)) (v30 (S I) (S (B I))) (B B (v6 (K (v18 x) S) (x (x B) I))) z) (K (S I I) (z (K (B (v15 K K (I v21 z) I) x) z) (S (S I))))
z v10 S (x (v0 B) (B (I B))) (S (v23 (I I)) (v30 (S I) (S (B I))) (B B (v6 (K (v18 x) S) (x (x B) I))) z) (K (S I I) (z (K (B (v15 K K (I v21 z) I) x) z) (S (S I))))
z v10 S (x (v0 B) (B B)) (S (v23 (I I)) (v30 (S I) (S (B I))) (B B (v6 (K (v18 x) S) (x (x B) I))) z) (K (S I I) (z (K (B (v15 K K (I v21 z) I) x) z) (S (S I))))
z v10 S (x (v0 B) (B B)) (v23 (I I) (B B (v6 (K (v18 x) S) (x (x B) I))) (v30 (S I) (S (B I)) (B B (v6 (K (v18 x) S) (x (x B) I)))) z) (K (S I I) (z (K (B (v15 K K (I v21 z) I) x) z) (S (S I))))
z v10 S (x (v0 B) (B B)) (v23 I (B B (v6 (K (v18 x) S) (x (x B) I))) (v30 (S I) (S (B I)) (B B (v6 (K (v18 x) S) (x (x B) I)))) z) (K (S I I) (z (K (B (v15 K K (I v21 z) I) x) z) (S (S I))))
z v10 S (x (v0 B) (B B)) (v23 I (B B (v6 (v18 x) (x (x B) I))) (v30 (S I) (S (B I)) (B B (v6 (K (v18 x) S) (x (x B) I)))) z) (K (S I I) (z (K (B (v15 K K (I v21 z) I) x) z) (S (S I))))
z v10 S (x (v0 B) (B B)) (v23 I (B B (v6 (v18 x) (x (x B) I))) (v30 (S I) (S (B I)) (B B (v6 (v18 x) (x (x B) I)))) z) (K (S I I) (z (K (B (v15 K K (I v21 z) I) x) z) (S (S I))))
z v10 S (x (v0 B) (B B)) (v23 I (B B (v6 (v18 x) (x (x B) I))) (v30 (S I) (S (B I)) (B B (v6 (v18 x) (x (x B) I)))) z) (S I I)
K (v21 x v18) (K x (v2 (K I) S) (v13 S S (x z v3 (K (z S v8 (z I K) S (K (I K)) B)))))
v21 x v18
K (K (v29 K x) (x K (z x (K I B I)) (K B) (S (v9 (x (z B z) (I v15)))) I))
K (v29 K x)
K (v8 K x (S K (z S) K (K x) K K v4 (K (x K I x) (z x))) (K (x (B x I) B) (z (v18 B) (K z)) (K S I (x (x v21))) (v15 S (x B) (B (z (S (z (z v20) I v12) z))) K)))
K (v8 K x (K K (z S K) (K x) K K v4 (K (x K I x) (z x))) (K (x (B x I) B) (z (v18 B) (K z)) (K S I (x (x v21))) (v15 S (x B) (B (z (S (z (z v20) I v12) z))) K)))
K (v8 K x (K (K x) K K v4 (K (x K I x) (z x))) (K (x (B x I) B) (z (v18 B) (K z)) (K S I (x (x v21))) (v15 S (x B) (B (z (S (z (z v20) I v12) z))) K)))
K (v8 K x (K x K v4 (K (x K I x) (z x))) (K (x (B x I) B) (z (v18 B) (K z)) (K S I (x (x v21))) (v15 S (x B) (B (z (S (z (z v20) I v12) z))) K)))
K (v8 K x (x v4 (K (x K I x) (z x))) (K (x (B x I) B) (z (v18 B) (K z)) (K S I (x (x v21))) (v15 S (x B) (B (z (S (z (z v20) I v12) z))) K)))
K (v8 K x (x v4 (x K I x)) (K (x (B x I) B) (z (v18 B) (K z)) (K S I (x (x v21))) (v15 S (x B) (B (z (S (z (z v20) I v12) z))) K)))
K (v8 K x (x v4 (x K I x)) (x (B x I) B (K S I (x (x v21))) (v15 S (x B) (B (z (S (z (z v20) I v12) z))) K)))
K (v8 K x (x v4 (x K I x)) (x (B x I) B (S (x (x v21))) (v15 S (x B) (B (z (S (z (z v20) I v12) z))) K)))
z (z z (S (K (z S) I z B (z (I (K (v2 B) B)) (S (I B x x)) (x I B) x))))
z (z z (S (z S z B (z (I (K (v2 B) B)) (S (I B x x)) (x I B) x))))
z (z z (S (z S z B (z (K (v2 B) B) (S (I B x x)) (x I B) x))))
z (z z (S (z S z B (z (v2 B) (S (I B x x)) (x I B) x))))
z (z z (S (z S z B (z (v2 B) (S (B x x)) (x I B) x))))
K v11
I S
S
I
S
S v7 K
