z
S (B S) (K (I z) (x K B (K (x (z (B I))) I)) (z (v27 (K z) S v26) S) x v20 v19)
S (B S) (I z (z (v27 (K z) S v26) S) x v20 v19)
S (B S) (z (z (v27 (K z) S v26) S) x v20 v19)
x (K (x B) v23 (S (z B) x)) (I B S (B I B K S (K (K S x) I S v19) (v25 (B (v6 (x K)) B) (B K) (B K)) S) (S (S (v24 x))) (S (K v27) (v5 (K S)) (I (S (v14 z))) K z))
x (x B (S (z B) x)) (I B S (B I B K S (K (K S x) I S v19) (v25 (B (v6 (x K)) B) (B K) (B K)) S) (S (S (v24 x))) (S (K v27) (v5 (K S)) (I (S (v14 z))) K z))
x (x B (S (z B) x)) (B S (B I B K S (K (K S x) I S v19) (v25 (B (v6 (x K)) B) (B K) (B K)) S) (S (S (v24 x))) (S (K v27) (v5 (K S)) (I (S (v14 z))) K z))
x (x B (S (z B) x)) (S (B I B K S (K (K S x) I S v19) (v25 (B (v6 (x K)) B) (B K) (B K)) S (S (S (v24 x)))) (S (K v27) (v5 (K S)) (I (S (v14 z))) K z))
x (x B (S (z B) x)) (S (I (B K) S (K (K S x) I S v19) (v25 (B (v6 (x K)) B) (B K) (B K)) S (S (S (v24 x)))) (S (K v27) (v5 (K S)) (I (S (v14 z))) K z))
x (x B (S (z B) x)) (S (B K S (K (K S x) I S v19) (v25 (B (v6 (x K)) B) (B K) (B K)) S (S (S (v24 x)))) (S (K v27) (v5 (K S)) (I (S (v14 z))) K z))
x (x B (S (z B) x)) (S (K (S (K (K S x) I S v19)) (v25 (B (v6 (x K)) B) (B K) (B K)) S (S (S (v24 x)))) (S (K v27) (v5 (K S)) (I (S (v14 z))) K z))
x (x B (S (z B) x)) (S (S (K (K S x) I S v19) S (S (S (v24 x)))) (S (K v27) (v5 (K S)) (I (S (v14 z))) K z))
x (x B (S (z B) x)) (S (K (K S x) I S v19 (S (S (v24 x))) (S (S (S (v24 x))))) (S (K v27) (v5 (K S)) (I (S (v14 z))) K z))
x (x B (S (z B) x)) (S (K S x S v19 (S (S (v24 x))) (S (S (S (v24 x))))) (S (K v27) (v5 (K S)) (I (S (v14 z))) K z))
x (x B (S (z B) x)) (S (S S v19 (S (S (v24 x))) (S (S (S (v24 x))))) (S (K v27) (v5 (K S)) (I (S (v14 z))) K z))
x (x B (S (z B) x)) (S (S (S (S (v24 x))) (v19 (S (S (v24 x)))) (S (S (S (v24 x))))) (S (K v27) (v5 (K S)) (I (S (v14 z))) K z))
x (x B (S (z B) x)) (S (S (S (v24 x)) (S (S (S (v24 x)))) (v19 (S (S (v24 x))) (S (S (S (v24 x)))))) (S (K v27) (v5 (K S)) (I (S (v14 z))) K z))
x (x B (S (z B) x)) (S (S (v24 x) (v19 (S (S (v24 x))) (S (S (S (v24 x))))) (S (S (S (v24 x))) (v19 (S (S (v24 x))) (S (S (S (v24 x))))))) (S (K v27) (v5 (K S)) (I (S (v14 z))) K z))
x (x B (S (z B) x)) (S (v24 x (S (S (S (v24 x))) (v19 (S (S (v24 x))) (S (S (S (v24 x)))))) (v19 (S (S (v24 x))) (S (S (S (v24 x)))) (S (S (S (v24 x))) (v19 (S (S (v24 x))) (S (S (S (v24 x)))))))) (S (K v27) (v5 (K S)) (I (S (v14 z))) K z))
x (x B (S (z B) x)) (S (v24 x (S (S (S (v24 x))) (v19 (S (S (v24 x))) (S (S (S (v24 x)))))) (v19 (S (S (v24 x))) (S (S (S (v24 x)))) (S (S (S (v24 x))) (v19 (S (S (v24 x))) (S (S (S (v24 x)))))))) (K v27 (I (S (v14 z))) (v5 (K S) (I (S (v14 z)))) K z))
x (x B (S (z B) x)) (S (v24 x (S (S (S (v24 x))) (v19 (S (S (v24 x))) (S (S (S (v24 x)))))) (v19 (S (S (v24 x))) (S (S (S (v24 x)))) (S (S (S (v24 x))) (v19 (S (S (v24 x))) (S (S (S (v24 x)))))))) (v27 (v5 (K S) (I (S (v14 z)))) K z))
x (x B (S (z B) x)) (S (v24 x (S (S (S (v24 x))) (v19 (S (S (v24 x))) (S (S (S (v24 x)))))) (v19 (S (S (v24 x))) (S (S (S (v24 x)))) (S (S (S (v24 x))) (v19 (S (S (v24 x))) (S (S (S (v24 x)))))))) (v27 (v5 (K S) (S (v14 z))) K z))
x B
v19 B (S (x I (z B (x v5) S K)) (I S (x (x I)) z)) z (B (x (S S) B) (v11 B v21) (K S (B v19) v7 (x (v23 B v0) S) (K x (S (B K))) S (I (K x I (z K v27) (I (B x) B (x (K (B S (K K (K S)))) (K (v26 (K S v17)) I)) B))) (K (z (B v21 z) (v25 I (K K S S))) (B (B (S I))))))
v19 B (S (x I (z B (x v5) S K)) (S (x (x I)) z)) z (B (x (S S) B) (v11 B v21) (K S (B v19) v7 (x (v23 B v0) S) (K x (S (B K))) S (I (K x I (z K v27) (I (B x) B (x (K (B S (K K (K S)))) (K (v26 (K S v17)) I)) B))) (K (z (B v21 z) (v25 I (K K S S))) (B (B (S I))))))
v19 B (S (x I (z B (x v5) S K)) (S (x (x I)) z)) z (x (S S) B (v11 B v21 (K S (B v19) v7 (x (v23 B v0) S) (K x (S (B K))) S (I (K x I (z K v27) (I (B x) B (x (K (B S (K K (K S)))) (K (v26 (K S v17)) I)) B))) (K (z (B v21 z) (v25 I (K K S S))) (B (B (S I)))))))
v19 B (S (x I (z B (x v5) S K)) (S (x (x I)) z)) z (x (S S) B (v11 B v21 (S v7 (x (v23 B v0) S) (K x (S (B K))) S (I (K x I (z K v27) (I (B x) B (x (K (B S (K K (K S)))) (K (v26 (K S v17)) I)) B))) (K (z (B v21 z) (v25 I (K K S S))) (B (B (S I)))))))
v19 B (S (x I (z B (x v5) S K)) (S (x (x I)) z)) z (x (S S) B (v11 B v21 (v7 (K x (S (B K))) (x (v23 B v0) S (K x (S (B K)))) S (I (K x I (z K v27) (I (B x) B (x (K (B S (K K (K S)))) (K (v26 (K S v17)) I)) B))) (K (z (B v21 z) (v25 I (K K S S))) (B (B (S I)))))))
v19 B (S (x I (z B (x v5) S K)) (S (x (x I)) z)) z (x (S S) B (v11 B v21 (v7 x (x (v23 B v0) S (K x (S (B K)))) S (I (K x I (z K v27) (I (B x) B (x (K (B S (K K (K S)))) (K (v26 (K S v17)) I)) B))) (K (z (B v21 z) (v25 I (K K S S))) (B (B (S I)))))))
v19 B (S (x I (z B (x v5) S K)) (S (x (x I)) z)) z (x (S S) B (v11 B v21 (v7 x (x (v23 B v0) S x) S (I (K x I (z K v27) (I (B x) B (x (K (B S (K K (K S)))) (K (v26 (K S v17)) I)) B))) (K (z (B v21 z) (v25 I (K K S S))) (B (B (S I)))))))
v19 B (S (x I (z B (x v5) S K)) (S (x (x I)) z)) z (x (S S) B (v11 B v21 (v7 x (x (v23 B v0) S x) S (K x I (z K v27) (I (B x) B (x (K (B S (K K (K S)))) (K (v26 (K S v17)) I)) B)) (K (z (B v21 z) (v25 I (K K S S))) (B (B (S I)))))))
v19 B (S (x I (z B (x v5) S K)) (S (x (x I)) z)) z (x (S S) B (v11 B v21 (v7 x (x (v23 B v0) S x) S (x (z K v27) (I (B x) B (x (K (B S (K K (K S)))) (K (v26 (K S v17)) I)) B)) (K (z (B v21 z) (v25 I (K K S S))) (B (B (S I)))))))
v19 B (S (x I (z B (x v5) S K)) (S (x (x I)) z)) z (x (S S) B (v11 B v21 (v7 x (x (v23 B v0) S x) S (x (z K v27) (B x B (x (K (B S (K K (K S)))) (K (v26 (K S v17)) I)) B)) (K (z (B v21 z) (v25 I (K K S S))) (B (B (S I)))))))
v19 B (S (x I (z B (x v5) S K)) (S (x (x I)) z)) z (x (S S) B (v11 B v21 (v7 x (x (v23 B v0) S x) S (x (z K v27) (x (B (x (K (B S (K K (K S)))) (K (v26 (K S v17)) I))) B)) (K (z (B v21 z) (v25 I (K K S S))) (B (B (S I)))))))
v19 B (S (x I (z B (x v5) S K)) (S (x (x I)) z)) z (x (S S) B (v11 B v21 (v7 x (x (v23 B v0) S x) S (x (z K v27) (x (B (x (K (B S K)) (K (v26 (K S v17)) I))) B)) (K (z (B v21 z) (v25 I (K K S S))) (B (B (S I)))))))
v19 B (S (x I (z B (x v5) S K)) (S (x (x I)) z)) z (x (S S) B (v11 B v21 (v7 x (x (v23 B v0) S x) S (x (z K v27) (x (B (x (K (B S K)) (v26 (K S v17)))) B)) (K (z (B v21 z) (v25 I (K K S S))) (B (B (S I)))))))
v19 B (S (x I (z B (x v5) S K)) (S (x (x I)) z)) z (x (S S) B (v11 B v21 (v7 x (x (v23 B v0) S x) S (x (z K v27) (x (B (x (K (B S K)) (v26 S))) B)) (K (z (B v21 z) (v25 I (K K S S))) (B (B (S I)))))))
v19 B (S (x I (z B (x v5) S K)) (S (x (x I)) z)) z (x (S S) B (v11 B v21 (v7 x (x (v23 B v0) S x) S (x (z K v27) (x (B (x (K (B S K)) (v26 S))) B)) (z (B v21 z) (v25 I (K K S S))))))
v19 B (S (x I (z B (x v5) S K)) (S (x (x I)) z)) z (x (S S) B (v11 B v21 (v7 x (x (v23 B v0) S x) S (x (z K v27) (x (B (x (K (B S K)) (v26 S))) B)) (z (B v21 z) (v25 I (K S))))))
K (I (I I)) (S (B v2 (v9 K))) (B v10 (x v25 S z (I I) (x (K x) (I x z I) (B z K) (B S))) (v26 (B v20 I) (v21 (S (x S))) (S I I) B) (z x) (z x I))
I (I I) (B v10 (x v25 S z (I I) (x (K x) (I x z I) (B z K) (B S))) (v26 (B v20 I) (v21 (S (x S))) (S I I) B) (z x) (z x I))
I I (B v10 (x v25 S z (I I) (x (K x) (I x z I) (B z K) (B S))) (v26 (B v20 I) (v21 (S (x S))) (S I I) B) (z x) (z x I))
I (B v10 (x v25 S z (I I) (x (K x) (I x z I) (B z K) (B S))) (v26 (B v20 I) (v21 (S (x S))) (S I I) B) (z x) (z x I))
B v10 (x v25 S z (I I) (x (K x) (I x z I) (B z K) (B S))) (v26 (B v20 I) (v21 (S (x S))) (S I I) B) (z x) (z x I)
v10 (x v25 S z (I I) (x (K x) (I x z I) (B z K) (B S)) (v26 (B v20 I) (v21 (S (x S))) (S I I) B)) (z x) (z x I)
v10 (x v25 S z I (x (K x) (I x z I) (B z K) (B S)) (v26 (B v20 I) (v21 (S (x S))) (S I I) B)) (z x) (z x I)
v10 (x v25 S z I (x (K x) (x z I) (B z K) (B S)) (v26 (B v20 I) (v21 (S (x S))) (S I I) B)) (z x) (z x I)
S
x (B z) (v15 (S (B K (x (I K z (I (K v2)))) (z (v15 B K) x)) (x B (S (K v5 x (v30 (K S) (B K)) x) x))) (v29 (v12 x S (K (I v30 (B (v19 v15)))) (z K))))
x (B z) (v15 (S (K (x (I K z (I (K v2))) (z (v15 B K) x))) (x B (S (K v5 x (v30 (K S) (B K)) x) x))) (v29 (v12 x S (K (I v30 (B (v19 v15)))) (z K))))
x (B z) (v15 (S (K (x (K z (I (K v2))) (z (v15 B K) x))) (x B (S (K v5 x (v30 (K S) (B K)) x) x))) (v29 (v12 x S (K (I v30 (B (v19 v15)))) (z K))))
x (B z) (v15 (S (K (x z (z (v15 B K) x))) (x B (S (K v5 x (v30 (K S) (B K)) x) x))) (v29 (v12 x S (K (I v30 (B (v19 v15)))) (z K))))
x (B z) (v15 (S (K (x z (z (v15 B K) x))) (x B (S (v5 (v30 (K S) (B K)) x) x))) (v29 (v12 x S (K (I v30 (B (v19 v15)))) (z K))))
x (B z) (v15 (S (K (x z (z (v15 B K) x))) (x B (S (v5 (v30 (K S) (B K)) x) x))) (v29 (v12 x S (K (v30 (B (v19 v15)))) (z K))))
B B x B z
B (x B) z
z (S (x B) z S I v10) (z (B (S z K) (z z z v24)) S) (B (z B z) B (z S))
z (x B S (z S) I v10) (z (B (S z K) (z z z v24)) S) (B (z B z) B (z S))
z (x B S (z S) I v10) (z (B (S z K) (z z z v24)) S) (z B z (B (z S)))
