v2 (K v10) (K (z K)) (z x z) (z K) (x I) (v9 x I K B) (x S (K S))
I
v18 (I I (S (I S K x K) (S S x) I) B) (K K I z (x (x (K (x x)) (B I) z B)))
v18 (I (S (I S K x K) (S S x) I) B) (K K I z (x (x (K (x x)) (B I) z B)))
v18 (S (I S K x K) (S S x) I B) (K K I z (x (x (K (x x)) (B I) z B)))
v18 (I S K x K I (S S x I) B) (K K I z (x (x (K (x x)) (B I) z B)))
v18 (S K x K I (S S x I) B) (K K I z (x (x (K (x x)) (B I) z B)))
v18 (K K (x K) I (S S x I) B) (K K I z (x (x (K (x x)) (B I) z B)))
v18 (K I (S S x I) B) (K K I z (x (x (K (x x)) (B I) z B)))
v18 (I B) (K K I z (x (x (K (x x)) (B I) z B)))
v18 B (K K I z (x (x (K (x x)) (B I) z B)))
v18 B (K z (x (x (K (x x)) (B I) z B)))
v18 B z
S (S B)
S (K (I B) (B (K (I B) (v13 (z I)))) v19) (K (z x (K (I v23 S) x (x x) (B S))))
S (I B v19) (K (z x (K (I v23 S) x (x x) (B S))))
S (B v19) (K (z x (K (I v23 S) x (x x) (B S))))
S (B v19) (K (z x (I v23 S (x x) (B S))))
S (B v19) (K (z x (v23 S (x x) (B S))))
v3 (K (x I (K (I (B I) (K I) (K x)) (x x (B S z z (v26 B))))) (B z (v25 (v1 (z v7) (S K) S) (v16 (x z x))) B)) B (B z (x x x (B x) x (B I)) (v7 x (I x) z))
v3 (x I (K (I (B I) (K I) (K x)) (x x (B S z z (v26 B))))) B (B z (x x x (B x) x (B I)) (v7 x (I x) z))
v3 (x I (I (B I) (K I) (K x))) B (B z (x x x (B x) x (B I)) (v7 x (I x) z))
v3 (x I (B I (K I) (K x))) B (B z (x x x (B x) x (B I)) (v7 x (I x) z))
v3 (x I (I (K I (K x)))) B (B z (x x x (B x) x (B I)) (v7 x (I x) z))
v3 (x I (K I (K x))) B (B z (x x x (B x) x (B I)) (v7 x (I x) z))
v3 (x I I) B (B z (x x x (B x) x (B I)) (v7 x (I x) z))
v3 (x I I) B (z (x x x (B x) x (B I) (v7 x (I x) z)))
v3 (x I I) B (z (x x x (B x) x (B I) (v7 x x z)))
B (K v23 (I (z (B B) K (K x (B (v9 B v21) S (S (K (v5 S)))) (S v15)))) x) I
B (v23 x) I
z (v8 B) (B (x K) (v24 (I v22)) (S I)) x (B (v23 (x x K))) (K I) (x z) (v9 (K (v1 I v20 v10 K (K z (v15 z)))) (x (v25 (z (B S) (B z)) (S x) (v24 x (I (I (v11 x)) x) (K S v8) (B v7)) (v9 (K (S K) x x) z) (z z v9 (S (K z)))) z))
z (v8 B) (x K (v24 (I v22) (S I))) x (B (v23 (x x K))) (K I) (x z) (v9 (K (v1 I v20 v10 K (K z (v15 z)))) (x (v25 (z (B S) (B z)) (S x) (v24 x (I (I (v11 x)) x) (K S v8) (B v7)) (v9 (K (S K) x x) z) (z z v9 (S (K z)))) z))
z (v8 B) (x K (v24 v22 (S I))) x (B (v23 (x x K))) (K I) (x z) (v9 (K (v1 I v20 v10 K (K z (v15 z)))) (x (v25 (z (B S) (B z)) (S x) (v24 x (I (I (v11 x)) x) (K S v8) (B v7)) (v9 (K (S K) x x) z) (z z v9 (S (K z)))) z))
z (v8 B) (x K (v24 v22 (S I))) x (B (v23 (x x K))) (K I) (x z) (v9 (K (v1 I v20 v10 K z)) (x (v25 (z (B S) (B z)) (S x) (v24 x (I (I (v11 x)) x) (K S v8) (B v7)) (v9 (K (S K) x x) z) (z z v9 (S (K z)))) z))
z (v8 B) (x K (v24 v22 (S I))) x (B (v23 (x x K))) (K I) (x z) (v9 (K (v1 I v20 v10 K z)) (x (v25 (z (B S) (B z)) (S x) (v24 x (I (v11 x) x) (K S v8) (B v7)) (v9 (K (S K) x x) z) (z z v9 (S (K z)))) z))
z (v8 B) (x K (v24 v22 (S I))) x (B (v23 (x x K))) (K I) (x z) (v9 (K (v1 I v20 v10 K z)) (x (v25 (z (B S) (B z)) (S x) (v24 x (v11 x x) (K S v8) (B v7)) (v9 (K (S K) x x) z) (z z v9 (S (K z)))) z))
z (v8 B) (x K (v24 v22 (S I))) x (B (v23 (x x K))) (K I) (x z) (v9 (K (v1 I v20 v10 K z)) (x (v25 (z (B S) (B z)) (S x) (v24 x (v11 x x) S (B v7)) (v9 (K (S K) x x) z) (z z v9 (S (K z)))) z))
z (v8 B) (x K (v24 v22 (S I))) x (B (v23 (x x K))) (K I) (x z) (v9 (K (v1 I v20 v10 K z)) (x (v25 (z (B S) (B z)) (S x) (v24 x (v11 x x) S (B v7)) (v9 (S K x) z) (z z v9 (S (K z)))) z))
B
B
