I (v24 S)
v24 S
v16 (S (K K) (B (v17 v26)) K (v16 x (B (I x))) x)
v16 (K K K (B (v17 v26) K) (v16 x (B (I x))) x)
v16 (K (B (v17 v26) K) (v16 x (B (I x))) x)
v16 (B (v17 v26) K x)
v16 (v17 v26 (K x))
B S (S S (v7 I I S) (S (K (z (x (B B) I (x (I B)))))) (S (S I) B (B (v28 (B B) (I (x x) x (v11 v21)) z (S B))) B)) (I (I (B S z (z v13 v9) K (z (I x)) x v11) B))
S (S S (v7 I I S) (S (K (z (x (B B) I (x (I B)))))) (S (S I) B (B (v28 (B B) (I (x x) x (v11 v21)) z (S B))) B) (I (I (B S z (z v13 v9) K (z (I x)) x v11) B)))
S (S (S (K (z (x (B B) I (x (I B)))))) (v7 I I S (S (K (z (x (B B) I (x (I B))))))) (S (S I) B (B (v28 (B B) (I (x x) x (v11 v21)) z (S B))) B) (I (I (B S z (z v13 v9) K (z (I x)) x v11) B)))
S (S (K (z (x (B B) I (x (I B))))) (S (S I) B (B (v28 (B B) (I (x x) x (v11 v21)) z (S B))) B) (v7 I I S (S (K (z (x (B B) I (x (I B)))))) (S (S I) B (B (v28 (B B) (I (x x) x (v11 v21)) z (S B))) B)) (I (I (B S z (z v13 v9) K (z (I x)) x v11) B)))
S (K (z (x (B B) I (x (I B)))) (v7 I I S (S (K (z (x (B B) I (x (I B)))))) (S (S I) B (B (v28 (B B) (I (x x) x (v11 v21)) z (S B))) B)) (S (S I) B (B (v28 (B B) (I (x x) x (v11 v21)) z (S B))) B (v7 I I S (S (K (z (x (B B) I (x (I B)))))) (S (S I) B (B (v28 (B B) (I (x x) x (v11 v21)) z (S B))) B))) (I (I (B S z (z v13 v9) K (z (I x)) x v11) B)))
S (z (x (B B) I (x (I B))) (S (S I) B (B (v28 (B B) (I (x x) x (v11 v21)) z (S B))) B (v7 I I S (S (K (z (x (B B) I (x (I B)))))) (S (S I) B (B (v28 (B B) (I (x x) x (v11 v21)) z (S B))) B))) (I (I (B S z (z v13 v9) K (z (I x)) x v11) B)))
S (z (x (B B) I (x B)) (S (S I) B (B (v28 (B B) (I (x x) x (v11 v21)) z (S B))) B (v7 I I S (S (K (z (x (B B) I (x (I B)))))) (S (S I) B (B (v28 (B B) (I (x x) x (v11 v21)) z (S B))) B))) (I (I (B S z (z v13 v9) K (z (I x)) x v11) B)))
S (z (x (B B) I (x B)) (S I (B (v28 (B B) (I (x x) x (v11 v21)) z (S B))) (B (B (v28 (B B) (I (x x) x (v11 v21)) z (S B)))) B (v7 I I S (S (K (z (x (B B) I (x (I B)))))) (S (S I) B (B (v28 (B B) (I (x x) x (v11 v21)) z (S B))) B))) (I (I (B S z (z v13 v9) K (z (I x)) x v11) B)))
S (z (x (B B) I (x B)) (I (B (B (v28 (B B) (I (x x) x (v11 v21)) z (S B)))) (B (v28 (B B) (I (x x) x (v11 v21)) z (S B)) (B (B (v28 (B B) (I (x x) x (v11 v21)) z (S B))))) B (v7 I I S (S (K (z (x (B B) I (x (I B)))))) (S (S I) B (B (v28 (B B) (I (x x) x (v11 v21)) z (S B))) B))) (I (I (B S z (z v13 v9) K (z (I x)) x v11) B)))
S (z (x (B B) I (x B)) (B (B (v28 (B B) (I (x x) x (v11 v21)) z (S B))) (B (v28 (B B) (I (x x) x (v11 v21)) z (S B)) (B (B (v28 (B B) (I (x x) x (v11 v21)) z (S B))))) B (v7 I I S (S (K (z (x (B B) I (x (I B)))))) (S (S I) B (B (v28 (B B) (I (x x) x (v11 v21)) z (S B))) B))) (I (I (B S z (z v13 v9) K (z (I x)) x v11) B)))
S (z (x (B B) I (x B)) (B (v28 (B B) (I (x x) x (v11 v21)) z (S B)) (B (v28 (B B) (I (x x) x (v11 v21)) z (S B)) (B (B (v28 (B B) (I (x x) x (v11 v21)) z (S B)))) B) (v7 I I S (S (K (z (x (B B) I (x (I B)))))) (S (S I) B (B (v28 (B B) (I (x x) x (v11 v21)) z (S B))) B))) (I (I (B S z (z v13 v9) K (z (I x)) x v11) B)))
S (z (x (B B) I (x B)) (v28 (B B) (I (x x) x (v11 v21)) z (S B) (B (v28 (B B) (I (x x) x (v11 v21)) z (S B)) (B (B (v28 (B B) (I (x x) x (v11 v21)) z (S B)))) B (v7 I I S (S (K (z (x (B B) I (x (I B)))))) (S (S I) B (B (v28 (B B) (I (x x) x (v11 v21)) z (S B))) B)))) (I (I (B S z (z v13 v9) K (z (I x)) x v11) B)))
S (z (x (B B) I (x B)) (v28 (B B) (x x x (v11 v21)) z (S B) (B (v28 (B B) (I (x x) x (v11 v21)) z (S B)) (B (B (v28 (B B) (I (x x) x (v11 v21)) z (S B)))) B (v7 I I S (S (K (z (x (B B) I (x (I B)))))) (S (S I) B (B (v28 (B B) (I (x x) x (v11 v21)) z (S B))) B)))) (I (I (B S z (z v13 v9) K (z (I x)) x v11) B)))
S (z (x (B B) I (x B)) (v28 (B B) (x x x (v11 v21)) z (S B) (v28 (B B) (I (x x) x (v11 v21)) z (S B) (B (B (v28 (B B) (I (x x) x (v11 v21)) z (S B))) B) (v7 I I S (S (K (z (x (B B) I (x (I B)))))) (S (S I) B (B (v28 (B B) (I (x x) x (v11 v21)) z (S B))) B)))) (I (I (B S z (z v13 v9) K (z (I x)) x v11) B)))
S (z (x (B B) I (x B)) (v28 (B B) (x x x (v11 v21)) z (S B) (v28 (B B) (x x x (v11 v21)) z (S B) (B (B (v28 (B B) (I (x x) x (v11 v21)) z (S B))) B) (v7 I I S (S (K (z (x (B B) I (x (I B)))))) (S (S I) B (B (v28 (B B) (I (x x) x (v11 v21)) z (S B))) B)))) (I (I (B S z (z v13 v9) K (z (I x)) x v11) B)))
S (z (x (B B) I (x B)) (v28 (B B) (x x x (v11 v21)) z (S B) (v28 (B B) (x x x (v11 v21)) z (S B) (B (B (v28 (B B) (x x x (v11 v21)) z (S B))) B) (v7 I I S (S (K (z (x (B B) I (x (I B)))))) (S (S I) B (B (v28 (B B) (I (x x) x (v11 v21)) z (S B))) B)))) (I (I (B S z (z v13 v9) K (z (I x)) x v11) B)))
S (z (x (B B) I (x B)) (v28 (B B) (x x x (v11 v21)) z (S B) (v28 (B B) (x x x (v11 v21)) z (S B) (B (B (v28 (B B) (x x x (v11 v21)) z (S B))) B) (v7 I I S (S (K (z (x (B B) I (x B))))) (S (S I) B (B (v28 (B B) (I (x x) x (v11 v21)) z (S B))) B)))) (I (I (B S z (z v13 v9) K (z (I x)) x v11) B)))
S (z (x (B B) I (x B)) (v28 (B B) (x x x (v11 v21)) z (S B) (v28 (B B) (x x x (v11 v21)) z (S B) (B (B (v28 (B B) (x x x (v11 v21)) z (S B))) B) (v7 I I S (S (K (z (x (B B) I (x B))))) (S I (B (v28 (B B) (I (x x) x (v11 v21)) z (S B))) (B (B (v28 (B B) (I (x x) x (v11 v21)) z (S B)))) B)))) (I (I (B S z (z v13 v9) K (z (I x)) x v11) B)))
S (z (x (B B) I (x B)) (v28 (B B) (x x x (v11 v21)) z (S B) (v28 (B B) (x x x (v11 v21)) z (S B) (B (B (v28 (B B) (x x x (v11 v21)) z (S B))) B) (v7 I I S (S (K (z (x (B B) I (x B))))) (I (B (B (v28 (B B) (I (x x) x (v11 v21)) z (S B)))) (B (v28 (B B) (I (x x) x (v11 v21)) z (S B)) (B (B (v28 (B B) (I (x x) x (v11 v21)) z (S B))))) B)))) (I (I (B S z (z v13 v9) K (z (I x)) x v11) B)))
S (z (x (B B) I (x B)) (v28 (B B) (x x x (v11 v21)) z (S B) (v28 (B B) (x x x (v11 v21)) z (S B) (B (B (v28 (B B) (x x x (v11 v21)) z (S B))) B) (v7 I I S (S (K (z (x (B B) I (x B))))) (B (B (v28 (B B) (I (x x) x (v11 v21)) z (S B))) (B (v28 (B B) (I (x x) x (v11 v21)) z (S B)) (B (B (v28 (B B) (I (x x) x (v11 v21)) z (S B))))) B)))) (I (I (B S z (z v13 v9) K (z (I x)) x v11) B)))
S (z (x (B B) I (x B)) (v28 (B B) (x x x (v11 v21)) z (S B) (v28 (B B) (x x x (v11 v21)) z (S B) (B (B (v28 (B B) (x x x (v11 v21)) z (S B))) B) (v7 I I S (S (K (z (x (B B) I (x B))))) (B (v28 (B B) (I (x x) x (v11 v21)) z (S B)) (B (v28 (B B) (I (x x) x (v11 v21)) z (S B)) (B (B (v28 (B B) (I (x x) x (v11 v21)) z (S B)))) B))))) (I (I (B S z (z v13 v9) K (z (I x)) x v11) B)))
S (z (x (B B) I (x B)) (v28 (B B) (x x x (v11 v21)) z (S B) (v28 (B B) (x x x (v11 v21)) z (S B) (B (B (v28 (B B) (x x x (v11 v21)) z (S B))) B) (v7 I I S (S (K (z (x (B B) I (x B))))) (B (v28 (B B) (x x x (v11 v21)) z (S B)) (B (v28 (B B) (I (x x) x (v11 v21)) z (S B)) (B (B (v28 (B B) (I (x x) x (v11 v21)) z (S B)))) B))))) (I (I (B S z (z v13 v9) K (z (I x)) x v11) B)))
S (z (x (B B) I (x B)) (v28 (B B) (x x x (v11 v21)) z (S B) (v28 (B B) (x x x (v11 v21)) z (S B) (B (B (v28 (B B) (x x x (v11 v21)) z (S B))) B) (v7 I I S (S (K (z (x (B B) I (x B))))) (B (v28 (B B) (x x x (v11 v21)) z (S B)) (v28 (B B) (I (x x) x (v11 v21)) z (S B) (B (B (v28 (B B) (I (x x) x (v11 v21)) z (S B))) B)))))) (I (I (B S z (z v13 v9) K (z (I x)) x v11) B)))
S (z (x (B B) I (x B)) (v28 (B B) (x x x (v11 v21)) z (S B) (v28 (B B) (x x x (v11 v21)) z (S B) (B (B (v28 (B B) (x x x (v11 v21)) z (S B))) B) (v7 I I S (S (K (z (x (B B) I (x B))))) (B (v28 (B B) (x x x (v11 v21)) z (S B)) (v28 (B B) (x x x (v11 v21)) z (S B) (B (B (v28 (B B) (I (x x) x (v11 v21)) z (S B))) B)))))) (I (I (B S z (z v13 v9) K (z (I x)) x v11) B)))
S (z (x (B B) I (x B)) (v28 (B B) (x x x (v11 v21)) z (S B) (v28 (B B) (x x x (v11 v21)) z (S B) (B (B (v28 (B B) (x x x (v11 v21)) z (S B))) B) (v7 I I S (S (K (z (x (B B) I (x B))))) (B (v28 (B B) (x x x (v11 v21)) z (S B)) (v28 (B B) (x x x (v11 v21)) z (S B) (B (B (v28 (B B) (x x x (v11 v21)) z (S B))) B)))))) (I (I (B S z (z v13 v9) K (z (I x)) x v11) B)))
S (z (x (B B) I (x B)) (v28 (B B) (x x x (v11 v21)) z (S B) (v28 (B B) (x x x (v11 v21)) z (S B) (B (B (v28 (B B) (x x x (v11 v21)) z (S B))) B) (v7 I I S (S (K (z (x (B B) I (x B))))) (B (v28 (B B) (x x x (v11 v21)) z (S B)) (v28 (B B) (x x x (v11 v21)) z (S B) (B (B (v28 (B B) (x x x (v11 v21)) z (S B))) B)))))) (I (B S z (z v13 v9) K (z (I x)) x v11) B))
S (z (x (B B) I (x B)) (v28 (B B) (x x x (v11 v21)) z (S B) (v28 (B B) (x x x (v11 v21)) z (S B) (B (B (v28 (B B) (x x x (v11 v21)) z (S B))) B) (v7 I I S (S (K (z (x (B B) I (x B))))) (B (v28 (B B) (x x x (v11 v21)) z (S B)) (v28 (B B) (x x x (v11 v21)) z (S B) (B (B (v28 (B B) (x x x (v11 v21)) z (S B))) B)))))) (B S z (z v13 v9) K (z (I x)) x v11 B))
S (z (x (B B) I (x B)) (v28 (B B) (x x x (v11 v21)) z (S B) (v28 (B B) (x x x (v11 v21)) z (S B) (B (B (v28 (B B) (x x x (v11 v21)) z (S B))) B) (v7 I I S (S (K (z (x (B B) I (x B))))) (B (v28 (B B) (x x x (v11 v21)) z (S B)) (v28 (B B) (x x x (v11 v21)) z (S B) (B (B (v28 (B B) (x x x (v11 v21)) z (S B))) B)))))) (S (z (z v13 v9)) K (z (I x)) x v11 B))
S (z (x (B B) I (x B)) (v28 (B B) (x x x (v11 v21)) z (S B) (v28 (B B) (x x x (v11 v21)) z (S B) (B (B (v28 (B B) (x x x (v11 v21)) z (S B))) B) (v7 I I S (S (K (z (x (B B) I (x B))))) (B (v28 (B B) (x x x (v11 v21)) z (S B)) (v28 (B B) (x x x (v11 v21)) z (S B) (B (B (v28 (B B) (x x x (v11 v21)) z (S B))) B)))))) (z (z v13 v9) (z (I x)) (K (z (I x))) x v11 B))
S (z (x (B B) I (x B)) (v28 (B B) (x x x (v11 v21)) z (S B) (v28 (B B) (x x x (v11 v21)) z (S B) (B (B (v28 (B B) (x x x (v11 v21)) z (S B))) B) (v7 I I S (S (K (z (x (B B) I (x B))))) (B (v28 (B B) (x x x (v11 v21)) z (S B)) (v28 (B B) (x x x (v11 v21)) z (S B) (B (B (v28 (B B) (x x x (v11 v21)) z (S B))) B)))))) (z (z v13 v9) (z x) (K (z (I x))) x v11 B))
K
z
B (S (B (K I x B) (S B) S) (I I I K (v18 (x B))) (x K B (S K) (v20 B)) x) S K (B K)
S (B (K I x B) (S B) S) (I I I K (v18 (x B))) (x K B (S K) (v20 B)) x (S K) (B K)
B (K I x B) (S B) S (x K B (S K) (v20 B)) (I I I K (v18 (x B)) (x K B (S K) (v20 B))) x (S K) (B K)
K I x B (S B S) (x K B (S K) (v20 B)) (I I I K (v18 (x B)) (x K B (S K) (v20 B))) x (S K) (B K)
I B (S B S) (x K B (S K) (v20 B)) (I I I K (v18 (x B)) (x K B (S K) (v20 B))) x (S K) (B K)
B (S B S) (x K B (S K) (v20 B)) (I I I K (v18 (x B)) (x K B (S K) (v20 B))) x (S K) (B K)
S B S (x K B (S K) (v20 B) (I I I K (v18 (x B)) (x K B (S K) (v20 B)))) x (S K) (B K)
B (x K B (S K) (v20 B) (I I I K (v18 (x B)) (x K B (S K) (v20 B)))) (S (x K B (S K) (v20 B) (I I I K (v18 (x B)) (x K B (S K) (v20 B))))) x (S K) (B K)
x K B (S K) (v20 B) (I I I K (v18 (x B)) (x K B (S K) (v20 B))) (S (x K B (S K) (v20 B) (I I I K (v18 (x B)) (x K B (S K) (v20 B)))) x) (S K) (B K)
x K B (S K) (v20 B) (I I K (v18 (x B)) (x K B (S K) (v20 B))) (S (x K B (S K) (v20 B) (I I I K (v18 (x B)) (x K B (S K) (v20 B)))) x) (S K) (B K)
x K B (S K) (v20 B) (I K (v18 (x B)) (x K B (S K) (v20 B))) (S (x K B (S K) (v20 B) (I I I K (v18 (x B)) (x K B (S K) (v20 B)))) x) (S K) (B K)
x K B (S K) (v20 B) (K (v18 (x B)) (x K B (S K) (v20 B))) (S (x K B (S K) (v20 B) (I I I K (v18 (x B)) (x K B (S K) (v20 B)))) x) (S K) (B K)
x K B (S K) (v20 B) (v18 (x B)) (S (x K B (S K) (v20 B) (I I I K (v18 (x B)) (x K B (S K) (v20 B)))) x) (S K) (B K)
x K B (S K) (v20 B) (v18 (x B)) (S (x K B (S K) (v20 B) (I I K (v18 (x B)) (x K B (S K) (v20 B)))) x) (S K) (B K)
x K B (S K) (v20 B) (v18 (x B)) (S (x K B (S K) (v20 B) (I K (v18 (x B)) (x K B (S K) (v20 B)))) x) (S K) (B K)
x K B (S K) (v20 B) (v18 (x B)) (S (x K B (S K) (v20 B) (K (v18 (x B)) (x K B (S K) (v20 B)))) x) (S K) (B K)
x K B (S K) (v20 B) (v18 (x B)) (S (x K B (S K) (v20 B) (v18 (x B))) x) (S K) (B K)
K K (K (v11 (B I K)) v17 (S S (z x (x v16 (x S I S) (I (I B B)) z)) (S x B)) S (K (x (B (S B) (v17 (z K (I z))))))) (S I (z B x S I (B (v1 v9) v8) S (x x)) B)
K (S I (z B x S I (B (v1 v9) v8) S (x x)) B)
K (I B (z B x S I (B (v1 v9) v8) S (x x) B))
K (B (z B x S I (B (v1 v9) v8) S (x x) B))
I (K v8) (K (I (x (S x)) x) x (I (B z) (z x (v3 S) I (K K)))) (B (z S v6) (B (x (x S)) (x x) S) K (I S I (z (v10 I) (S (z (S B) I))) (B B S (z (v24 (S (v13 z v22) S)))) (z v6) (v23 x (S (z B) K (S (B (z x))) I x) (S B))) (x (B (x (S (S B)))) (z (v9 (S v27 (x S K) x) (S I) K) S (K B) I x (S (B I (I v29)) (I (S B x))))))
K v8 (K (I (x (S x)) x) x (I (B z) (z x (v3 S) I (K K)))) (B (z S v6) (B (x (x S)) (x x) S) K (I S I (z (v10 I) (S (z (S B) I))) (B B S (z (v24 (S (v13 z v22) S)))) (z v6) (v23 x (S (z B) K (S (B (z x))) I x) (S B))) (x (B (x (S (S B)))) (z (v9 (S v27 (x S K) x) (S I) K) S (K B) I x (S (B I (I v29)) (I (S B x))))))
v8 (B (z S v6) (B (x (x S)) (x x) S) K (I S I (z (v10 I) (S (z (S B) I))) (B B S (z (v24 (S (v13 z v22) S)))) (z v6) (v23 x (S (z B) K (S (B (z x))) I x) (S B))) (x (B (x (S (S B)))) (z (v9 (S v27 (x S K) x) (S I) K) S (K B) I x (S (B I (I v29)) (I (S B x))))))
v8 (z S v6 (B (x (x S)) (x x) S K) (I S I (z (v10 I) (S (z (S B) I))) (B B S (z (v24 (S (v13 z v22) S)))) (z v6) (v23 x (S (z B) K (S (B (z x))) I x) (S B))) (x (B (x (S (S B)))) (z (v9 (S v27 (x S K) x) (S I) K) S (K B) I x (S (B I (I v29)) (I (S B x))))))
v8 (z S v6 (x (x S) (x x S) K) (I S I (z (v10 I) (S (z (S B) I))) (B B S (z (v24 (S (v13 z v22) S)))) (z v6) (v23 x (S (z B) K (S (B (z x))) I x) (S B))) (x (B (x (S (S B)))) (z (v9 (S v27 (x S K) x) (S I) K) S (K B) I x (S (B I (I v29)) (I (S B x))))))
v8 (z S v6 (x (x S) (x x S) K) (S I (z (v10 I) (S (z (S B) I))) (B B S (z (v24 (S (v13 z v22) S)))) (z v6) (v23 x (S (z B) K (S (B (z x))) I x) (S B))) (x (B (x (S (S B)))) (z (v9 (S v27 (x S K) x) (S I) K) S (K B) I x (S (B I (I v29)) (I (S B x))))))
v8 (z S v6 (x (x S) (x x S) K) (I (B B S (z (v24 (S (v13 z v22) S)))) (z (v10 I) (S (z (S B) I)) (B B S (z (v24 (S (v13 z v22) S))))) (z v6) (v23 x (S (z B) K (S (B (z x))) I x) (S B))) (x (B (x (S (S B)))) (z (v9 (S v27 (x S K) x) (S I) K) S (K B) I x (S (B I (I v29)) (I (S B x))))))
v8 (z S v6 (x (x S) (x x S) K) (B B S (z (v24 (S (v13 z v22) S))) (z (v10 I) (S (z (S B) I)) (B B S (z (v24 (S (v13 z v22) S))))) (z v6) (v23 x (S (z B) K (S (B (z x))) I x) (S B))) (x (B (x (S (S B)))) (z (v9 (S v27 (x S K) x) (S I) K) S (K B) I x (S (B I (I v29)) (I (S B x))))))
v8 (z S v6 (x (x S) (x x S) K) (B (S (z (v24 (S (v13 z v22) S)))) (z (v10 I) (S (z (S B) I)) (B B S (z (v24 (S (v13 z v22) S))))) (z v6) (v23 x (S (z B) K (S (B (z x))) I x) (S B))) (x (B (x (S (S B)))) (z (v9 (S v27 (x S K) x) (S I) K) S (K B) I x (S (B I (I v29)) (I (S B x))))))
v8 (z S v6 (x (x S) (x x S) K) (S (z (v24 (S (v13 z v22) S))) (z (v10 I) (S (z (S B) I)) (B B S (z (v24 (S (v13 z v22) S)))) (z v6)) (v23 x (S (z B) K (S (B (z x))) I x) (S B))) (x (B (x (S (S B)))) (z (v9 (S v27 (x S K) x) (S I) K) S (K B) I x (S (B I (I v29)) (I (S B x))))))
v8 (z S v6 (x (x S) (x x S) K) (z (v24 (S (v13 z v22) S)) (v23 x (S (z B) K (S (B (z x))) I x) (S B)) (z (v10 I) (S (z (S B) I)) (B B S (z (v24 (S (v13 z v22) S)))) (z v6) (v23 x (S (z B) K (S (B (z x))) I x) (S B)))) (x (B (x (S (S B)))) (z (v9 (S v27 (x S K) x) (S I) K) S (K B) I x (S (B I (I v29)) (I (S B x))))))
v8 (z S v6 (x (x S) (x x S) K) (z (v24 (S (v13 z v22) S)) (v23 x (z B (S (B (z x))) (K (S (B (z x)))) I x) (S B)) (z (v10 I) (S (z (S B) I)) (B B S (z (v24 (S (v13 z v22) S)))) (z v6) (v23 x (S (z B) K (S (B (z x))) I x) (S B)))) (x (B (x (S (S B)))) (z (v9 (S v27 (x S K) x) (S I) K) S (K B) I x (S (B I (I v29)) (I (S B x))))))
v8 (z S v6 (x (x S) (x x S) K) (z (v24 (S (v13 z v22) S)) (v23 x (z B (S (B (z x))) (K (S (B (z x)))) I x) (S B)) (z (v10 I) (S (z (S B) I)) (B (S (z (v24 (S (v13 z v22) S))))) (z v6) (v23 x (S (z B) K (S (B (z x))) I x) (S B)))) (x (B (x (S (S B)))) (z (v9 (S v27 (x S K) x) (S I) K) S (K B) I x (S (B I (I v29)) (I (S B x))))))
v8 (z S v6 (x (x S) (x x S) K) (z (v24 (S (v13 z v22) S)) (v23 x (z B (S (B (z x))) (K (S (B (z x)))) I x) (S B)) (z (v10 I) (S (z (S B) I)) (B (S (z (v24 (S (v13 z v22) S))))) (z v6) (v23 x (z B (S (B (z x))) (K (S (B (z x)))) I x) (S B)))) (x (B (x (S (S B)))) (z (v9 (S v27 (x S K) x) (S I) K) S (K B) I x (S (B I (I v29)) (I (S B x))))))
v8 (z S v6 (x (x S) (x x S) K) (z (v24 (S (v13 z v22) S)) (v23 x (z B (S (B (z x))) (K (S (B (z x)))) I x) (S B)) (z (v10 I) (S (z (S B) I)) (B (S (z (v24 (S (v13 z v22) S))))) (z v6) (v23 x (z B (S (B (z x))) (K (S (B (z x)))) I x) (S B)))) (x (B (x (S (S B)))) (z (v9 (v27 x (x S K x)) (S I) K) S (K B) I x (S (B I (I v29)) (I (S B x))))))
v8 (z S v6 (x (x S) (x x S) K) (z (v24 (S (v13 z v22) S)) (v23 x (z B (S (B (z x))) (K (S (B (z x)))) I x) (S B)) (z (v10 I) (S (z (S B) I)) (B (S (z (v24 (S (v13 z v22) S))))) (z v6) (v23 x (z B (S (B (z x))) (K (S (B (z x)))) I x) (S B)))) (x (B (x (S (S B)))) (z (v9 (v27 x (x S K x)) (S I) K) S (K B) I x (S (B I v29) (I (S B x))))))
v8 (z S v6 (x (x S) (x x S) K) (z (v24 (S (v13 z v22) S)) (v23 x (z B (S (B (z x))) (K (S (B (z x)))) I x) (S B)) (z (v10 I) (S (z (S B) I)) (B (S (z (v24 (S (v13 z v22) S))))) (z v6) (v23 x (z B (S (B (z x))) (K (S (B (z x)))) I x) (S B)))) (x (B (x (S (S B)))) (z (v9 (v27 x (x S K x)) (S I) K) S (K B) I x (S (B I v29) (S B x)))))
S x I K (B v21 (B (B (I I (z (S S)) (I I I))))) (z (K z (v22 z)) (I (v10 (v23 v25 B) z) z) z B) S
x K (I K) (B v21 (B (B (I I (z (S S)) (I I I))))) (z (K z (v22 z)) (I (v10 (v23 v25 B) z) z) z B) S
x K K (B v21 (B (B (I I (z (S S)) (I I I))))) (z (K z (v22 z)) (I (v10 (v23 v25 B) z) z) z B) S
x K K (B v21 (B (B (I (z (S S)) (I I I))))) (z (K z (v22 z)) (I (v10 (v23 v25 B) z) z) z B) S
x K K (B v21 (B (B (z (S S) (I I I))))) (z (K z (v22 z)) (I (v10 (v23 v25 B) z) z) z B) S
x K K (B v21 (B (B (z (S S) (I I))))) (z (K z (v22 z)) (I (v10 (v23 v25 B) z) z) z B) S
x K K (B v21 (B (B (z (S S) I)))) (z (K z (v22 z)) (I (v10 (v23 v25 B) z) z) z B) S
x K K (B v21 (B (B (z (S S) I)))) (z z (I (v10 (v23 v25 B) z) z) z B) S
x K K (B v21 (B (B (z (S S) I)))) (z z (v10 (v23 v25 B) z z) z B) S
v25 (B B (x x) B I) (K B) (z (v30 (K K z S (z I)))) v11
v25 (B (x x B) I) (K B) (z (v30 (K K z S (z I)))) v11
v25 (B (x x B) I) (K B) (z (v30 (K S (z I)))) v11
v25 (B (x x B) I) (K B) (z (v30 S)) v11
