K (B (B (v22 (K K) z)) z (v10 B (v17 B) (B (K z)) (B v6)) (v26 B (z B)) (B B (B (z B)) S (z (K (x (z (v28 B) v19 I)) x) (x z (K (I (z z v8) (B K (K B))) (I I S))))))
K (B (v22 (K K) z) (z (v10 B (v17 B) (B (K z)) (B v6))) (v26 B (z B)) (B B (B (z B)) S (z (K (x (z (v28 B) v19 I)) x) (x z (K (I (z z v8) (B K (K B))) (I I S))))))
K (v22 (K K) z (z (v10 B (v17 B) (B (K z)) (B v6)) (v26 B (z B))) (B B (B (z B)) S (z (K (x (z (v28 B) v19 I)) x) (x z (K (I (z z v8) (B K (K B))) (I I S))))))
K (v22 (K K) z (z (v10 B (v17 B) (B (K z)) (B v6)) (v26 B (z B))) (B (B (z B) S) (z (K (x (z (v28 B) v19 I)) x) (x z (K (I (z z v8) (B K (K B))) (I I S))))))
K (v22 (K K) z (z (v10 B (v17 B) (B (K z)) (B v6)) (v26 B (z B))) (B (B (z B) S) (z (x (z (v28 B) v19 I)) (x z (K (I (z z v8) (B K (K B))) (I I S))))))
K (v22 (K K) z (z (v10 B (v17 B) (B (K z)) (B v6)) (v26 B (z B))) (B (B (z B) S) (z (x (z (v28 B) v19 I)) (x z (I (z z v8) (B K (K B)))))))
K (v22 (K K) z (z (v10 B (v17 B) (B (K z)) (B v6)) (v26 B (z B))) (B (B (z B) S) (z (x (z (v28 B) v19 I)) (x z (z z v8 (B K (K B)))))))
S (x z S (I K (I (I (B z v19) z))) (z S) (v6 (S K S K (v8 z) (K I) (z I) B) (v1 S) (S (x x))) (K K (S (K v2 I)))) (z (z I z x (I (I S))))
S (x z S (K (I (I (B z v19) z))) (z S) (v6 (S K S K (v8 z) (K I) (z I) B) (v1 S) (S (x x))) (K K (S (K v2 I)))) (z (z I z x (I (I S))))
S (x z S (K (I (B z v19) z)) (z S) (v6 (S K S K (v8 z) (K I) (z I) B) (v1 S) (S (x x))) (K K (S (K v2 I)))) (z (z I z x (I (I S))))
S (x z S (K (B z v19 z)) (z S) (v6 (S K S K (v8 z) (K I) (z I) B) (v1 S) (S (x x))) (K K (S (K v2 I)))) (z (z I z x (I (I S))))
S (x z S (K (z (v19 z))) (z S) (v6 (S K S K (v8 z) (K I) (z I) B) (v1 S) (S (x x))) (K K (S (K v2 I)))) (z (z I z x (I (I S))))
S (x z S (K (z (v19 z))) (z S) (v6 (K K (S K) (v8 z) (K I) (z I) B) (v1 S) (S (x x))) (K K (S (K v2 I)))) (z (z I z x (I (I S))))
S (x z S (K (z (v19 z))) (z S) (v6 (K (v8 z) (K I) (z I) B) (v1 S) (S (x x))) (K K (S (K v2 I)))) (z (z I z x (I (I S))))
S (x z S (K (z (v19 z))) (z S) (v6 (v8 z (z I) B) (v1 S) (S (x x))) (K K (S (K v2 I)))) (z (z I z x (I (I S))))
S (x z S (K (z (v19 z))) (z S) (v6 (v8 z (z I) B) (v1 S) (S (x x))) K) (z (z I z x (I (I S))))
S (x z S (K (z (v19 z))) (z S) (v6 (v8 z (z I) B) (v1 S) (S (x x))) K) (z (z I z x (I S)))
S (x z S (K (z (v19 z))) (z S) (v6 (v8 z (z I) B) (v1 S) (S (x x))) K) (z (z I z x S))
S (v28 I v30 B (S B) I (B (I x) (B (K (v26 (S v5) (B I) S)))) B)
S (v28 I v30 B (S B) I (B x (B (K (v26 (S v5) (B I) S)))) B)
x (z (K (x (B (I B (I S)))))) I (v27 (S x) z (z x)) (x (K (I v0) (K (S S)) x) z) (S I (I (v5 K (z v3) (I v27) x)) z (K (I (v29 S z (v14 (v10 S I)) v5)) (B (S I (z z)) S (I (B S) (v0 z (B v29) x) K))))
x (z (K (x (B (B (I S)))))) I (v27 (S x) z (z x)) (x (K (I v0) (K (S S)) x) z) (S I (I (v5 K (z v3) (I v27) x)) z (K (I (v29 S z (v14 (v10 S I)) v5)) (B (S I (z z)) S (I (B S) (v0 z (B v29) x) K))))
x (z (K (x (B (B S))))) I (v27 (S x) z (z x)) (x (K (I v0) (K (S S)) x) z) (S I (I (v5 K (z v3) (I v27) x)) z (K (I (v29 S z (v14 (v10 S I)) v5)) (B (S I (z z)) S (I (B S) (v0 z (B v29) x) K))))
x (z (K (x (B (B S))))) I (v27 (S x) z (z x)) (x (I v0 x) z) (S I (I (v5 K (z v3) (I v27) x)) z (K (I (v29 S z (v14 (v10 S I)) v5)) (B (S I (z z)) S (I (B S) (v0 z (B v29) x) K))))
x (z (K (x (B (B S))))) I (v27 (S x) z (z x)) (x (v0 x) z) (S I (I (v5 K (z v3) (I v27) x)) z (K (I (v29 S z (v14 (v10 S I)) v5)) (B (S I (z z)) S (I (B S) (v0 z (B v29) x) K))))
x (z (K (x (B (B S))))) I (v27 (S x) z (z x)) (x (v0 x) z) (I z (I (v5 K (z v3) (I v27) x) z) (K (I (v29 S z (v14 (v10 S I)) v5)) (B (S I (z z)) S (I (B S) (v0 z (B v29) x) K))))
x (z (K (x (B (B S))))) I (v27 (S x) z (z x)) (x (v0 x) z) (z (I (v5 K (z v3) (I v27) x) z) (K (I (v29 S z (v14 (v10 S I)) v5)) (B (S I (z z)) S (I (B S) (v0 z (B v29) x) K))))
x (z (K (x (B (B S))))) I (v27 (S x) z (z x)) (x (v0 x) z) (z (v5 K (z v3) (I v27) x z) (K (I (v29 S z (v14 (v10 S I)) v5)) (B (S I (z z)) S (I (B S) (v0 z (B v29) x) K))))
x (z (K (x (B (B S))))) I (v27 (S x) z (z x)) (x (v0 x) z) (z (v5 K (z v3) v27 x z) (K (I (v29 S z (v14 (v10 S I)) v5)) (B (S I (z z)) S (I (B S) (v0 z (B v29) x) K))))
x (z (K (x (B (B S))))) I (v27 (S x) z (z x)) (x (v0 x) z) (z (v5 K (z v3) v27 x z) (I (v29 S z (v14 (v10 S I)) v5)))
x (z (K (x (B (B S))))) I (v27 (S x) z (z x)) (x (v0 x) z) (z (v5 K (z v3) v27 x z) (v29 S z (v14 (v10 S I)) v5))
B (I (v27 (B K))) (v23 B x) B B
I (v27 (B K)) (v23 B x B) B
v27 (B K) (v23 B x B) B
I (v1 v21) (v27 v29 v17 (z (K S) (v8 (z (S B)) (K B) S)) x) (I B)
v1 v21 (v27 v29 v17 (z (K S) (v8 (z (S B)) (K B) S)) x) (I B)
v1 v21 (v27 v29 v17 (z (K S) (v8 (z (S B)) (K B) S)) x) B
x (K (I x) S (z (x (S (K x))) (v2 (v26 z B)) S z) (v8 (z (z B))) (B (v7 B)) (x x (x (v16 (S (I (x x)) (S z)) v29)) K))
x (I x (z (x (S (K x))) (v2 (v26 z B)) S z) (v8 (z (z B))) (B (v7 B)) (x x (x (v16 (S (I (x x)) (S z)) v29)) K))
x (x (z (x (S (K x))) (v2 (v26 z B)) S z) (v8 (z (z B))) (B (v7 B)) (x x (x (v16 (S (I (x x)) (S z)) v29)) K))
x (x (z (x (S (K x))) (v2 (v26 z B)) S z) (v8 (z (z B))) (B (v7 B)) (x x (x (v16 (S (x x) (S z)) v29)) K))
v6
z (I (S K (z z x (v5 K S)) (x (v13 (z (K K)) (S (S S K)))))) v12 (K z x) K (v8 B)
z (S K (z z x (v5 K S)) (x (v13 (z (K K)) (S (S S K))))) v12 (K z x) K (v8 B)
z (K (x (v13 (z (K K)) (S (S S K)))) (z z x (v5 K S) (x (v13 (z (K K)) (S (S S K)))))) v12 (K z x) K (v8 B)
z (x (v13 (z (K K)) (S (S S K)))) v12 (K z x) K (v8 B)
z (x (v13 (z (K K)) (S (S S K)))) v12 z K (v8 B)
S
