S v16 (K K) (x K K (K (x B (S K)) K K K) (x v14) K) (K (S x (v10 (K z) x)) S) (S I (K (S S I) (I S (S K)) (v17 (I (I (S I))) I (K z z)))) (I (I (v11 x)) (v13 B))
v16 (x K K (K (x B (S K)) K K K) (x v14) K) (K K (x K K (K (x B (S K)) K K K) (x v14) K)) (K (S x (v10 (K z) x)) S) (S I (K (S S I) (I S (S K)) (v17 (I (I (S I))) I (K z z)))) (I (I (v11 x)) (v13 B))
v16 (x K K (x B (S K) K K) (x v14) K) (K K (x K K (K (x B (S K)) K K K) (x v14) K)) (K (S x (v10 (K z) x)) S) (S I (K (S S I) (I S (S K)) (v17 (I (I (S I))) I (K z z)))) (I (I (v11 x)) (v13 B))
v16 (x K K (x B (S K) K K) (x v14) K) K (K (S x (v10 (K z) x)) S) (S I (K (S S I) (I S (S K)) (v17 (I (I (S I))) I (K z z)))) (I (I (v11 x)) (v13 B))
v16 (x K K (x B (S K) K K) (x v14) K) K (S x (v10 (K z) x)) (S I (K (S S I) (I S (S K)) (v17 (I (I (S I))) I (K z z)))) (I (I (v11 x)) (v13 B))
v16 (x K K (x B (S K) K K) (x v14) K) K (S x (v10 (K z) x)) (S I (S S I (v17 (I (I (S I))) I (K z z)))) (I (I (v11 x)) (v13 B))
v16 (x K K (x B (S K) K K) (x v14) K) K (S x (v10 (K z) x)) (S I (S (v17 (I (I (S I))) I (K z z)) (I (v17 (I (I (S I))) I (K z z))))) (I (I (v11 x)) (v13 B))
v16 (x K K (x B (S K) K K) (x v14) K) K (S x (v10 (K z) x)) (S I (S (v17 (I (S I)) I (K z z)) (I (v17 (I (I (S I))) I (K z z))))) (I (I (v11 x)) (v13 B))
v16 (x K K (x B (S K) K K) (x v14) K) K (S x (v10 (K z) x)) (S I (S (v17 (S I) I (K z z)) (I (v17 (I (I (S I))) I (K z z))))) (I (I (v11 x)) (v13 B))
v16 (x K K (x B (S K) K K) (x v14) K) K (S x (v10 (K z) x)) (S I (S (v17 (S I) I z) (I (v17 (I (I (S I))) I (K z z))))) (I (I (v11 x)) (v13 B))
v16 (x K K (x B (S K) K K) (x v14) K) K (S x (v10 (K z) x)) (S I (S (v17 (S I) I z) (v17 (I (I (S I))) I (K z z)))) (I (I (v11 x)) (v13 B))
v16 (x K K (x B (S K) K K) (x v14) K) K (S x (v10 (K z) x)) (S I (S (v17 (S I) I z) (v17 (I (S I)) I (K z z)))) (I (I (v11 x)) (v13 B))
v16 (x K K (x B (S K) K K) (x v14) K) K (S x (v10 (K z) x)) (S I (S (v17 (S I) I z) (v17 (S I) I (K z z)))) (I (I (v11 x)) (v13 B))
v16 (x K K (x B (S K) K K) (x v14) K) K (S x (v10 (K z) x)) (S I (S (v17 (S I) I z) (v17 (S I) I z))) (I (I (v11 x)) (v13 B))
v16 (x K K (x B (S K) K K) (x v14) K) K (S x (v10 (K z) x)) (S I (S (v17 (S I) I z) (v17 (S I) I z))) (I (v11 x) (v13 B))
v16 (x K K (x B (S K) K K) (x v14) K) K (S x (v10 (K z) x)) (S I (S (v17 (S I) I z) (v17 (S I) I z))) (v11 x (v13 B))
I (z (K z (z x I) S (v6 S (B (x S) B B) I I (B B I v13)) z) z (I B (z S)))
z (K z (z x I) S (v6 S (B (x S) B B) I I (B B I v13)) z) z (I B (z S))
z (z S (v6 S (B (x S) B B) I I (B B I v13)) z) z (I B (z S))
z (z S (v6 S (x S (B B)) I I (B B I v13)) z) z (I B (z S))
z (z S (v6 S (x S (B B)) I I (B (I v13))) z) z (I B (z S))
z (z S (v6 S (x S (B B)) I I (B v13)) z) z (I B (z S))
z (z S (v6 S (x S (B B)) I I (B v13)) z) z (B (z S))
z
K x (S (v22 (K (v18 S B (I z (z x)))))) K (v1 B v4 (x z x)) v22 (x B)
x K (v1 B v4 (x z x)) v22 (x B)
I z (z (z x) I (v16 K v27 (S z v3 (B (I (I I) v5) I))))
z (z (z x) I (v16 K v27 (S z v3 (B (I (I I) v5) I))))
z (z (z x) I (v16 K v27 (z (B (I (I I) v5) I) (v3 (B (I (I I) v5) I)))))
z (z (z x) I (v16 K v27 (z (B (I I v5) I) (v3 (B (I (I I) v5) I)))))
z (z (z x) I (v16 K v27 (z (B (I v5) I) (v3 (B (I (I I) v5) I)))))
z (z (z x) I (v16 K v27 (z (B v5 I) (v3 (B (I (I I) v5) I)))))
z (z (z x) I (v16 K v27 (z (B v5 I) (v3 (B (I I v5) I)))))
z (z (z x) I (v16 K v27 (z (B v5 I) (v3 (B (I v5) I)))))
z (z (z x) I (v16 K v27 (z (B v5 I) (v3 (B v5 I)))))
z (I (I K v28 (v6 S (v15 B)) (S K))) x (z (S z) B)
z (I K v28 (v6 S (v15 B)) (S K)) x (z (S z) B)
z (K v28 (v6 S (v15 B)) (S K)) x (z (S z) B)
z (v28 (S K)) x (z (S z) B)
x (z v6 x (K (S (S x S))) (x v18 (x x (B v25) (v25 (S (I B x) S) (S K v3))) K (K x) (I (z (S x z) S S (K (K S z)) z) (z S S))))
x (z v6 x (K (S (S x S))) (x v18 (x x (B v25) (v25 (S (B x) S) (S K v3))) K (K x) (I (z (S x z) S S (K (K S z)) z) (z S S))))
x (z v6 x (K (S (S x S))) (x v18 (x x (B v25) (v25 (S (B x) S) (S K v3))) K (K x) (z (S x z) S S (K (K S z)) z (z S S))))
x (z v6 x (K (S (S x S))) (x v18 (x x (B v25) (v25 (S (B x) S) (S K v3))) K (K x) (z (S x z) S S (K S) z (z S S))))
K B (x (K (B K B))) (B z) z z (z I) (z v5 (z (B z (I x B (v5 S K) x) S (B (S (z (B I S K)))) (x K)))) (B (S (S (v29 (I B))) (B v22 (x x)) v2 I))
B (B z) z z (z I) (z v5 (z (B z (I x B (v5 S K) x) S (B (S (z (B I S K)))) (x K)))) (B (S (S (v29 (I B))) (B v22 (x x)) v2 I))
B z (z z) (z I) (z v5 (z (B z (I x B (v5 S K) x) S (B (S (z (B I S K)))) (x K)))) (B (S (S (v29 (I B))) (B v22 (x x)) v2 I))
z (z z (z I)) (z v5 (z (B z (I x B (v5 S K) x) S (B (S (z (B I S K)))) (x K)))) (B (S (S (v29 (I B))) (B v22 (x x)) v2 I))
z (z z (z I)) (z v5 (z (z (I x B (v5 S K) x S) (B (S (z (B I S K)))) (x K)))) (B (S (S (v29 (I B))) (B v22 (x x)) v2 I))
z (z z (z I)) (z v5 (z (z (x B (v5 S K) x S) (B (S (z (B I S K)))) (x K)))) (B (S (S (v29 (I B))) (B v22 (x x)) v2 I))
z (z z (z I)) (z v5 (z (z (x B (v5 S K) x S) (B (S (z (I (S K))))) (x K)))) (B (S (S (v29 (I B))) (B v22 (x x)) v2 I))
z (z z (z I)) (z v5 (z (z (x B (v5 S K) x S) (B (S (z (S K)))) (x K)))) (B (S (S (v29 (I B))) (B v22 (x x)) v2 I))
z (z z (z I)) (z v5 (z (z (x B (v5 S K) x S) (B (S (z (S K)))) (x K)))) (B (S (v29 (I B)) v2 (B v22 (x x) v2) I))
z (z z (z I)) (z v5 (z (z (x B (v5 S K) x S) (B (S (z (S K)))) (x K)))) (B (v29 (I B) (B v22 (x x) v2) (v2 (B v22 (x x) v2)) I))
z (z z (z I)) (z v5 (z (z (x B (v5 S K) x S) (B (S (z (S K)))) (x K)))) (B (v29 B (B v22 (x x) v2) (v2 (B v22 (x x) v2)) I))
z (z z (z I)) (z v5 (z (z (x B (v5 S K) x S) (B (S (z (S K)))) (x K)))) (B (v29 B (v22 (x x v2)) (v2 (B v22 (x x) v2)) I))
z (z z (z I)) (z v5 (z (z (x B (v5 S K) x S) (B (S (z (S K)))) (x K)))) (B (v29 B (v22 (x x v2)) (v2 (v22 (x x v2))) I))
B (x (x (K v14 z)) (z I z (K x (x I (I (B x))) v6) z)) (z (z (I z)))
B (x (x v14) (z I z (K x (x I (I (B x))) v6) z)) (z (z (I z)))
B (x (x v14) (z I z (x v6) z)) (z (z (I z)))
B (x (x v14) (z I z (x v6) z)) (z (z z))
K (B (z (x (v13 (x K (x (I z))) x (S (S z) B B)) S)) (v30 x (x (K (K z)))) S)
K (z (x (v13 (x K (x (I z))) x (S (S z) B B)) S) (v30 x (x (K (K z))) S))
K (z (x (v13 (x K (x z)) x (S (S z) B B)) S) (v30 x (x (K (K z))) S))
K (z (x (v13 (x K (x z)) x (S z B (B B))) S) (v30 x (x (K (K z))) S))
K (z (x (v13 (x K (x z)) x (z (B B) (B (B B)))) S) (v30 x (x (K (K z))) S))
