K (x I)
z (x I) x (S B (S (S B (B I)) (x B) (x (B S (x B (K v30))))) B) (I S (S (I x z z (S (x z)) K)) x x (B (S (v6 (I (K v29)) (S (S (K (I K)) (v16 (I (I (K z)))))) x)) (I (S (B x) v3)))) B
z (x I) x (B B (S (S B (B I)) (x B) (x (B S (x B (K v30)))) B)) (I S (S (I x z z (S (x z)) K)) x x (B (S (v6 (I (K v29)) (S (S (K (I K)) (v16 (I (I (K z)))))) x)) (I (S (B x) v3)))) B
z (x I) x (B B (S B (B I) (x (B S (x B (K v30)))) (x B (x (B S (x B (K v30))))) B)) (I S (S (I x z z (S (x z)) K)) x x (B (S (v6 (I (K v29)) (S (S (K (I K)) (v16 (I (I (K z)))))) x)) (I (S (B x) v3)))) B
z (x I) x (B B (B (x (B S (x B (K v30)))) (B I (x (B S (x B (K v30))))) (x B (x (B S (x B (K v30))))) B)) (I S (S (I x z z (S (x z)) K)) x x (B (S (v6 (I (K v29)) (S (S (K (I K)) (v16 (I (I (K z)))))) x)) (I (S (B x) v3)))) B
z (x I) x (B B (x (B S (x B (K v30))) (B I (x (B S (x B (K v30)))) (x B (x (B S (x B (K v30)))))) B)) (I S (S (I x z z (S (x z)) K)) x x (B (S (v6 (I (K v29)) (S (S (K (I K)) (v16 (I (I (K z)))))) x)) (I (S (B x) v3)))) B
z (x I) x (B B (x (B S (x B (K v30))) (I (x (B S (x B (K v30))) (x B (x (B S (x B (K v30))))))) B)) (I S (S (I x z z (S (x z)) K)) x x (B (S (v6 (I (K v29)) (S (S (K (I K)) (v16 (I (I (K z)))))) x)) (I (S (B x) v3)))) B
z (x I) x (B B (x (B S (x B (K v30))) (x (B S (x B (K v30))) (x B (x (B S (x B (K v30)))))) B)) (I S (S (I x z z (S (x z)) K)) x x (B (S (v6 (I (K v29)) (S (S (K (I K)) (v16 (I (I (K z)))))) x)) (I (S (B x) v3)))) B
z (x I) x (B B (x (B S (x B (K v30))) (x (B S (x B (K v30))) (x B (x (B S (x B (K v30)))))) B)) (S (S (I x z z (S (x z)) K)) x x (B (S (v6 (I (K v29)) (S (S (K (I K)) (v16 (I (I (K z)))))) x)) (I (S (B x) v3)))) B
z (x I) x (B B (x (B S (x B (K v30))) (x (B S (x B (K v30))) (x B (x (B S (x B (K v30)))))) B)) (S (I x z z (S (x z)) K) x (x x) (B (S (v6 (I (K v29)) (S (S (K (I K)) (v16 (I (I (K z)))))) x)) (I (S (B x) v3)))) B
z (x I) x (B B (x (B S (x B (K v30))) (x (B S (x B (K v30))) (x B (x (B S (x B (K v30)))))) B)) (I x z z (S (x z)) K (x x) (x (x x)) (B (S (v6 (I (K v29)) (S (S (K (I K)) (v16 (I (I (K z)))))) x)) (I (S (B x) v3)))) B
z (x I) x (B B (x (B S (x B (K v30))) (x (B S (x B (K v30))) (x B (x (B S (x B (K v30)))))) B)) (x z z (S (x z)) K (x x) (x (x x)) (B (S (v6 (I (K v29)) (S (S (K (I K)) (v16 (I (I (K z)))))) x)) (I (S (B x) v3)))) B
z (x I) x (B B (x (B S (x B (K v30))) (x (B S (x B (K v30))) (x B (x (B S (x B (K v30)))))) B)) (x z z (S (x z)) K (x x) (x (x x)) (B (S (v6 (K v29) (S (S (K (I K)) (v16 (I (I (K z)))))) x)) (I (S (B x) v3)))) B
z (x I) x (B B (x (B S (x B (K v30))) (x (B S (x B (K v30))) (x B (x (B S (x B (K v30)))))) B)) (x z z (S (x z)) K (x x) (x (x x)) (B (S (v6 (K v29) (S (S (K K) (v16 (I (I (K z)))))) x)) (I (S (B x) v3)))) B
z (x I) x (B B (x (B S (x B (K v30))) (x (B S (x B (K v30))) (x B (x (B S (x B (K v30)))))) B)) (x z z (S (x z)) K (x x) (x (x x)) (B (S (v6 (K v29) (S (S (K K) (v16 (I (K z))))) x)) (I (S (B x) v3)))) B
z (x I) x (B B (x (B S (x B (K v30))) (x (B S (x B (K v30))) (x B (x (B S (x B (K v30)))))) B)) (x z z (S (x z)) K (x x) (x (x x)) (B (S (v6 (K v29) (S (S (K K) (v16 (K z)))) x)) (I (S (B x) v3)))) B
z (x I) x (B B (x (B S (x B (K v30))) (x (B S (x B (K v30))) (x B (x (B S (x B (K v30)))))) B)) (x z z (S (x z)) K (x x) (x (x x)) (B (S (v6 (K v29) (S (S (K K) (v16 (K z)))) x)) (S (B x) v3))) B
B v16 z K
v16 (z K)
I (x I (v19 (z v7 (K (I x (z I)))))) (z K x) (B x z) (S B B) (K (I I K v22 (I x) (v17 (B (S x)) (x v9) (I (I v18 I)))) (I S (I z) (x v3) (I S) (K (x (x K) (B (v29 B))) z (x v13) B K) K x))
x I (v19 (z v7 (K (I x (z I))))) (z K x) (B x z) (S B B) (K (I I K v22 (I x) (v17 (B (S x)) (x v9) (I (I v18 I)))) (I S (I z) (x v3) (I S) (K (x (x K) (B (v29 B))) z (x v13) B K) K x))
x I (v19 (z v7 (K (x (z I))))) (z K x) (B x z) (S B B) (K (I I K v22 (I x) (v17 (B (S x)) (x v9) (I (I v18 I)))) (I S (I z) (x v3) (I S) (K (x (x K) (B (v29 B))) z (x v13) B K) K x))
x I (v19 (z v7 (K (x (z I))))) (z K x) (B x z) (S B B) (I I K v22 (I x) (v17 (B (S x)) (x v9) (I (I v18 I))))
x I (v19 (z v7 (K (x (z I))))) (z K x) (B x z) (S B B) (I K v22 (I x) (v17 (B (S x)) (x v9) (I (I v18 I))))
x I (v19 (z v7 (K (x (z I))))) (z K x) (B x z) (S B B) (K v22 (I x) (v17 (B (S x)) (x v9) (I (I v18 I))))
x I (v19 (z v7 (K (x (z I))))) (z K x) (B x z) (S B B) (v22 (v17 (B (S x)) (x v9) (I (I v18 I))))
x I (v19 (z v7 (K (x (z I))))) (z K x) (B x z) (S B B) (v22 (v17 (B (S x)) (x v9) (I v18 I)))
x I (v19 (z v7 (K (x (z I))))) (z K x) (B x z) (S B B) (v22 (v17 (B (S x)) (x v9) (v18 I)))
x (x (I K) v27) x z K (S (z x (z v25)) (x (x (K B v26) (x (S S))) I (I (B B))))
x (x K v27) x z K (S (z x (z v25)) (x (x (K B v26) (x (S S))) I (I (B B))))
x (x K v27) x z K (S (z x (z v25)) (x (x B (x (S S))) I (I (B B))))
x (x K v27) x z K (S (z x (z v25)) (x (x B (x (S S))) I (B B)))
I (z v28) (B (S (x v13 B)) (x x)) v26 I (z (z (z B) K)) (I (v28 (I K (v16 S)) x I) v3) (I K x x) (z K B S)
z v28 (B (S (x v13 B)) (x x)) v26 I (z (z (z B) K)) (I (v28 (I K (v16 S)) x I) v3) (I K x x) (z K B S)
z v28 (B (S (x v13 B)) (x x)) v26 I (z (z (z B) K)) (v28 (I K (v16 S)) x I v3) (I K x x) (z K B S)
z v28 (B (S (x v13 B)) (x x)) v26 I (z (z (z B) K)) (v28 (K (v16 S)) x I v3) (I K x x) (z K B S)
z v28 (B (S (x v13 B)) (x x)) v26 I (z (z (z B) K)) (v28 (K (v16 S)) x I v3) (K x x) (z K B S)
z v28 (B (S (x v13 B)) (x x)) v26 I (z (z (z B) K)) (v28 (K (v16 S)) x I v3) x (z K B S)
S (I v14 (S (v7 (x z (x S)) I (S B z B) B) (z (B (I (B (S K)))))) I S)
S (v14 (S (v7 (x z (x S)) I (S B z B) B) (z (B (I (B (S K)))))) I S)
S (v14 (S (v7 (x z (x S)) I (B B (z B)) B) (z (B (I (B (S K)))))) I S)
S (v14 (S (v7 (x z (x S)) I (B B (z B)) B) (z (B (B (S K))))) I S)
I (I (B x (v1 (B (z z) (v5 v5)))) (B S) (B v2)) (z v21) (S (v16 (x B (z S)) S)) (x (K S) (x (K (S (S v18)) (v30 (z S))) (S S)) (B K))
I (B x (v1 (B (z z) (v5 v5)))) (B S) (B v2) (z v21) (S (v16 (x B (z S)) S)) (x (K S) (x (K (S (S v18)) (v30 (z S))) (S S)) (B K))
B x (v1 (B (z z) (v5 v5))) (B S) (B v2) (z v21) (S (v16 (x B (z S)) S)) (x (K S) (x (K (S (S v18)) (v30 (z S))) (S S)) (B K))
x (v1 (B (z z) (v5 v5)) (B S)) (B v2) (z v21) (S (v16 (x B (z S)) S)) (x (K S) (x (K (S (S v18)) (v30 (z S))) (S S)) (B K))
x (v1 (B (z z) (v5 v5)) (B S)) (B v2) (z v21) (S (v16 (x B (z S)) S)) (x (K S) (x (S (S v18)) (S S)) (B K))
z B v29 (v6 (v29 z) B S I) (z K x (v22 I I) B B (S (B (v20 (I v18) B z (S x)))) B S (B (z x) (z (z (B K))) (K S K) (z (S (S B x) z) (v12 S B) B (B (B (x K))))))
z B v29 (v6 (v29 z) B S I) (z K x (v22 I I) B B (S (B (v20 v18 B z (S x)))) B S (B (z x) (z (z (B K))) (K S K) (z (S (S B x) z) (v12 S B) B (B (B (x K))))))
z B v29 (v6 (v29 z) B S I) (z K x (v22 I I) B B (S (B (v20 v18 B z (S x)))) B S (z x (z (z (B K)) (K S K)) (z (S (S B x) z) (v12 S B) B (B (B (x K))))))
z B v29 (v6 (v29 z) B S I) (z K x (v22 I I) B B (S (B (v20 v18 B z (S x)))) B S (z x (z (z (B K)) S) (z (S (S B x) z) (v12 S B) B (B (B (x K))))))
x (I z (K B (v24 K K))) (B (x (z K v18) v17) z (I x (K B (S v5 (S x K))) B) z (S (z (x (S v9) (B K)) (z x)) z))
x (z (K B (v24 K K))) (B (x (z K v18) v17) z (I x (K B (S v5 (S x K))) B) z (S (z (x (S v9) (B K)) (z x)) z))
x (z B) (B (x (z K v18) v17) z (I x (K B (S v5 (S x K))) B) z (S (z (x (S v9) (B K)) (z x)) z))
x (z B) (x (z K v18) v17 (z (I x (K B (S v5 (S x K))) B)) z (S (z (x (S v9) (B K)) (z x)) z))
x (z B) (x (z K v18) v17 (z (x (K B (S v5 (S x K))) B)) z (S (z (x (S v9) (B K)) (z x)) z))
x (z B) (x (z K v18) v17 (z (x B B)) z (S (z (x (S v9) (B K)) (z x)) z))
