I v8 (v11 I) B (I (B (S B z)) S) (B (I (z S)))
v8 (v11 I) B (I (B (S B z)) S) (B (I (z S)))
v8 (v11 I) B (B (S B z) S) (B (I (z S)))
v8 (v11 I) B (B (S B z) S) (B (z S))
I B S (B (x I v20) (v24 x) (S I (I K) I x (v21 (B (x (I (K B I) v20 (I S I S v24)))))) (z (I v16 v30) S B (K (z (x (z (z S v3)) B B)) v16 (B (S (v7 x z) (S (S I))) (z (I z x (v2 (K z S I K)) z))))))
B S (B (x I v20) (v24 x) (S I (I K) I x (v21 (B (x (I (K B I) v20 (I S I S v24)))))) (z (I v16 v30) S B (K (z (x (z (z S v3)) B B)) v16 (B (S (v7 x z) (S (S I))) (z (I z x (v2 (K z S I K)) z))))))
B S (x I v20 (v24 x (S I (I K) I x (v21 (B (x (I (K B I) v20 (I S I S v24))))))) (z (I v16 v30) S B (K (z (x (z (z S v3)) B B)) v16 (B (S (v7 x z) (S (S I))) (z (I z x (v2 (K z S I K)) z))))))
B S (x I v20 (v24 x (I I (I K I) x (v21 (B (x (I (K B I) v20 (I S I S v24))))))) (z (I v16 v30) S B (K (z (x (z (z S v3)) B B)) v16 (B (S (v7 x z) (S (S I))) (z (I z x (v2 (K z S I K)) z))))))
B S (x I v20 (v24 x (I (I K I) x (v21 (B (x (I (K B I) v20 (I S I S v24))))))) (z (I v16 v30) S B (K (z (x (z (z S v3)) B B)) v16 (B (S (v7 x z) (S (S I))) (z (I z x (v2 (K z S I K)) z))))))
B S (x I v20 (v24 x (I K I x (v21 (B (x (I (K B I) v20 (I S I S v24))))))) (z (I v16 v30) S B (K (z (x (z (z S v3)) B B)) v16 (B (S (v7 x z) (S (S I))) (z (I z x (v2 (K z S I K)) z))))))
B S (x I v20 (v24 x (K I x (v21 (B (x (I (K B I) v20 (I S I S v24))))))) (z (I v16 v30) S B (K (z (x (z (z S v3)) B B)) v16 (B (S (v7 x z) (S (S I))) (z (I z x (v2 (K z S I K)) z))))))
B S (x I v20 (v24 x (I (v21 (B (x (I (K B I) v20 (I S I S v24))))))) (z (I v16 v30) S B (K (z (x (z (z S v3)) B B)) v16 (B (S (v7 x z) (S (S I))) (z (I z x (v2 (K z S I K)) z))))))
B S (x I v20 (v24 x (v21 (B (x (I (K B I) v20 (I S I S v24)))))) (z (I v16 v30) S B (K (z (x (z (z S v3)) B B)) v16 (B (S (v7 x z) (S (S I))) (z (I z x (v2 (K z S I K)) z))))))
B S (x I v20 (v24 x (v21 (B (x (K B I v20 (I S I S v24)))))) (z (I v16 v30) S B (K (z (x (z (z S v3)) B B)) v16 (B (S (v7 x z) (S (S I))) (z (I z x (v2 (K z S I K)) z))))))
B S (x I v20 (v24 x (v21 (B (x (B v20 (I S I S v24)))))) (z (I v16 v30) S B (K (z (x (z (z S v3)) B B)) v16 (B (S (v7 x z) (S (S I))) (z (I z x (v2 (K z S I K)) z))))))
B S (x I v20 (v24 x (v21 (B (x (B v20 (S I S v24)))))) (z (I v16 v30) S B (K (z (x (z (z S v3)) B B)) v16 (B (S (v7 x z) (S (S I))) (z (I z x (v2 (K z S I K)) z))))))
B S (x I v20 (v24 x (v21 (B (x (B v20 (I v24 (S v24))))))) (z (I v16 v30) S B (K (z (x (z (z S v3)) B B)) v16 (B (S (v7 x z) (S (S I))) (z (I z x (v2 (K z S I K)) z))))))
B S (x I v20 (v24 x (v21 (B (x (B v20 (v24 (S v24))))))) (z (I v16 v30) S B (K (z (x (z (z S v3)) B B)) v16 (B (S (v7 x z) (S (S I))) (z (I z x (v2 (K z S I K)) z))))))
B S (x I v20 (v24 x (v21 (B (x (B v20 (v24 (S v24))))))) (z (v16 v30) S B (K (z (x (z (z S v3)) B B)) v16 (B (S (v7 x z) (S (S I))) (z (I z x (v2 (K z S I K)) z))))))
B S (x I v20 (v24 x (v21 (B (x (B v20 (v24 (S v24))))))) (z (v16 v30) S B (z (x (z (z S v3)) B B) (B (S (v7 x z) (S (S I))) (z (I z x (v2 (K z S I K)) z))))))
B S (x I v20 (v24 x (v21 (B (x (B v20 (v24 (S v24))))))) (z (v16 v30) S B (z (x (z (z S v3)) B B) (B (S (v7 x z) (S (S I))) (z (z x (v2 (K z S I K)) z))))))
B S (x I v20 (v24 x (v21 (B (x (B v20 (v24 (S v24))))))) (z (v16 v30) S B (z (x (z (z S v3)) B B) (B (S (v7 x z) (S (S I))) (z (z x (v2 (z I K)) z))))))
z
B I I (B (I (K (I B (S I))) I) (I I)) I
I (I (B (I (K (I B (S I))) I) (I I))) I
I (B (I (K (I B (S I))) I) (I I)) I
B (I (K (I B (S I))) I) (I I) I
I (K (I B (S I))) I (I I I)
K (I B (S I)) I (I I I)
I B (S I) (I I I)
B (S I) (I I I)
B (S I) (I I)
B (S I) I
B
S (K (v7 (B S I) K))
v2 K (K I (x (x (S B) z)) x (B (I (B v5) (x (v21 v25)) S (x (K (B S)) S)) x (I K) (B (I K))))
v2 K (I x (B (I (B v5) (x (v21 v25)) S (x (K (B S)) S)) x (I K) (B (I K))))
v2 K (x (B (I (B v5) (x (v21 v25)) S (x (K (B S)) S)) x (I K) (B (I K))))
v2 K (x (I (B v5) (x (v21 v25)) S (x (K (B S)) S) (x (I K)) (B (I K))))
v2 K (x (B v5 (x (v21 v25)) S (x (K (B S)) S) (x (I K)) (B (I K))))
v2 K (x (v5 (x (v21 v25) S) (x (K (B S)) S) (x (I K)) (B (I K))))
v2 K (x (v5 (x (v21 v25) S) (x (K (B S)) S) (x K) (B (I K))))
v2 K (x (v5 (x (v21 v25) S) (x (K (B S)) S) (x K) (B K)))
v21 (x (z v27 (B (K B v26) B z v6 I)))
v21 (x (z v27 (K B v26 (B z) v6 I)))
v21 (x (z v27 (B (B z) v6 I)))
v21 (x (z v27 (B z (v6 I))))
v20 (z z (I (x S B (S z (B (z K B))) (x (B z))))) (x (S (B (I K) (S (S S)) v10 (B (v13 (S B) (x (z K)) S v3)))) (S B I S (v11 v21) (I S (x v9 x B) (z I (x (S (B B) (z (K v3))))))))
v20 (z z (x S B (S z (B (z K B))) (x (B z)))) (x (S (B (I K) (S (S S)) v10 (B (v13 (S B) (x (z K)) S v3)))) (S B I S (v11 v21) (I S (x v9 x B) (z I (x (S (B B) (z (K v3))))))))
v20 (z z (x S B (S z (B (z K B))) (x (B z)))) (x (S (I K (S (S S) v10) (B (v13 (S B) (x (z K)) S v3)))) (S B I S (v11 v21) (I S (x v9 x B) (z I (x (S (B B) (z (K v3))))))))
v20 (z z (x S B (S z (B (z K B))) (x (B z)))) (x (S (K (S (S S) v10) (B (v13 (S B) (x (z K)) S v3)))) (S B I S (v11 v21) (I S (x v9 x B) (z I (x (S (B B) (z (K v3))))))))
v20 (z z (x S B (S z (B (z K B))) (x (B z)))) (x (S (S (S S) v10)) (S B I S (v11 v21) (I S (x v9 x B) (z I (x (S (B B) (z (K v3))))))))
v20 (z z (x S B (S z (B (z K B))) (x (B z)))) (x (S (S (S S) v10)) (B S (I S) (v11 v21) (I S (x v9 x B) (z I (x (S (B B) (z (K v3))))))))
v20 (z z (x S B (S z (B (z K B))) (x (B z)))) (x (S (S (S S) v10)) (S (I S (v11 v21)) (I S (x v9 x B) (z I (x (S (B B) (z (K v3))))))))
v20 (z z (x S B (S z (B (z K B))) (x (B z)))) (x (S (S (S S) v10)) (S (S (v11 v21)) (I S (x v9 x B) (z I (x (S (B B) (z (K v3))))))))
v20 (z z (x S B (S z (B (z K B))) (x (B z)))) (x (S (S (S S) v10)) (S (S (v11 v21)) (S (x v9 x B) (z I (x (S (B B) (z (K v3))))))))
S v9
