I (K (K B)) S z S (S (I (S B) I) B) (z x S) (v23 z K) (v1 K (x (I (v23 z) x B) (I x) (B (x (S v5)) (v17 (v30 (x (K (z v16) K))) (v4 S (I (B z) B))) (I (B K x))))) (K (B K))
K (K B) S z S (S (I (S B) I) B) (z x S) (v23 z K) (v1 K (x (I (v23 z) x B) (I x) (B (x (S v5)) (v17 (v30 (x (K (z v16) K))) (v4 S (I (B z) B))) (I (B K x))))) (K (B K))
K B z S (S (I (S B) I) B) (z x S) (v23 z K) (v1 K (x (I (v23 z) x B) (I x) (B (x (S v5)) (v17 (v30 (x (K (z v16) K))) (v4 S (I (B z) B))) (I (B K x))))) (K (B K))
B S (S (I (S B) I) B) (z x S) (v23 z K) (v1 K (x (I (v23 z) x B) (I x) (B (x (S v5)) (v17 (v30 (x (K (z v16) K))) (v4 S (I (B z) B))) (I (B K x))))) (K (B K))
S (S (I (S B) I) B (z x S)) (v23 z K) (v1 K (x (I (v23 z) x B) (I x) (B (x (S v5)) (v17 (v30 (x (K (z v16) K))) (v4 S (I (B z) B))) (I (B K x))))) (K (B K))
S (I (S B) I) B (z x S) (v1 K (x (I (v23 z) x B) (I x) (B (x (S v5)) (v17 (v30 (x (K (z v16) K))) (v4 S (I (B z) B))) (I (B K x))))) (v23 z K (v1 K (x (I (v23 z) x B) (I x) (B (x (S v5)) (v17 (v30 (x (K (z v16) K))) (v4 S (I (B z) B))) (I (B K x)))))) (K (B K))
I (S B) I (z x S) (B (z x S)) (v1 K (x (I (v23 z) x B) (I x) (B (x (S v5)) (v17 (v30 (x (K (z v16) K))) (v4 S (I (B z) B))) (I (B K x))))) (v23 z K (v1 K (x (I (v23 z) x B) (I x) (B (x (S v5)) (v17 (v30 (x (K (z v16) K))) (v4 S (I (B z) B))) (I (B K x)))))) (K (B K))
S B I (z x S) (B (z x S)) (v1 K (x (I (v23 z) x B) (I x) (B (x (S v5)) (v17 (v30 (x (K (z v16) K))) (v4 S (I (B z) B))) (I (B K x))))) (v23 z K (v1 K (x (I (v23 z) x B) (I x) (B (x (S v5)) (v17 (v30 (x (K (z v16) K))) (v4 S (I (B z) B))) (I (B K x)))))) (K (B K))
B (z x S) (I (z x S)) (B (z x S)) (v1 K (x (I (v23 z) x B) (I x) (B (x (S v5)) (v17 (v30 (x (K (z v16) K))) (v4 S (I (B z) B))) (I (B K x))))) (v23 z K (v1 K (x (I (v23 z) x B) (I x) (B (x (S v5)) (v17 (v30 (x (K (z v16) K))) (v4 S (I (B z) B))) (I (B K x)))))) (K (B K))
z x S (I (z x S) (B (z x S))) (v1 K (x (I (v23 z) x B) (I x) (B (x (S v5)) (v17 (v30 (x (K (z v16) K))) (v4 S (I (B z) B))) (I (B K x))))) (v23 z K (v1 K (x (I (v23 z) x B) (I x) (B (x (S v5)) (v17 (v30 (x (K (z v16) K))) (v4 S (I (B z) B))) (I (B K x)))))) (K (B K))
z x S (z x S (B (z x S))) (v1 K (x (I (v23 z) x B) (I x) (B (x (S v5)) (v17 (v30 (x (K (z v16) K))) (v4 S (I (B z) B))) (I (B K x))))) (v23 z K (v1 K (x (I (v23 z) x B) (I x) (B (x (S v5)) (v17 (v30 (x (K (z v16) K))) (v4 S (I (B z) B))) (I (B K x)))))) (K (B K))
z x S (z x S (B (z x S))) (v1 K (x (v23 z x B) (I x) (B (x (S v5)) (v17 (v30 (x (K (z v16) K))) (v4 S (I (B z) B))) (I (B K x))))) (v23 z K (v1 K (x (I (v23 z) x B) (I x) (B (x (S v5)) (v17 (v30 (x (K (z v16) K))) (v4 S (I (B z) B))) (I (B K x)))))) (K (B K))
z x S (z x S (B (z x S))) (v1 K (x (v23 z x B) x (B (x (S v5)) (v17 (v30 (x (K (z v16) K))) (v4 S (I (B z) B))) (I (B K x))))) (v23 z K (v1 K (x (I (v23 z) x B) (I x) (B (x (S v5)) (v17 (v30 (x (K (z v16) K))) (v4 S (I (B z) B))) (I (B K x)))))) (K (B K))
z x S (z x S (B (z x S))) (v1 K (x (v23 z x B) x (x (S v5) (v17 (v30 (x (K (z v16) K))) (v4 S (I (B z) B)) (I (B K x)))))) (v23 z K (v1 K (x (I (v23 z) x B) (I x) (B (x (S v5)) (v17 (v30 (x (K (z v16) K))) (v4 S (I (B z) B))) (I (B K x)))))) (K (B K))
z x S (z x S (B (z x S))) (v1 K (x (v23 z x B) x (x (S v5) (v17 (v30 (x (z v16))) (v4 S (I (B z) B)) (I (B K x)))))) (v23 z K (v1 K (x (I (v23 z) x B) (I x) (B (x (S v5)) (v17 (v30 (x (K (z v16) K))) (v4 S (I (B z) B))) (I (B K x)))))) (K (B K))
z x S (z x S (B (z x S))) (v1 K (x (v23 z x B) x (x (S v5) (v17 (v30 (x (z v16))) (v4 S (B z B)) (I (B K x)))))) (v23 z K (v1 K (x (I (v23 z) x B) (I x) (B (x (S v5)) (v17 (v30 (x (K (z v16) K))) (v4 S (I (B z) B))) (I (B K x)))))) (K (B K))
z x S (z x S (B (z x S))) (v1 K (x (v23 z x B) x (x (S v5) (v17 (v30 (x (z v16))) (v4 S (B z B)) (B K x))))) (v23 z K (v1 K (x (I (v23 z) x B) (I x) (B (x (S v5)) (v17 (v30 (x (K (z v16) K))) (v4 S (I (B z) B))) (I (B K x)))))) (K (B K))
z x S (z x S (B (z x S))) (v1 K (x (v23 z x B) x (x (S v5) (v17 (v30 (x (z v16))) (v4 S (B z B)) (B K x))))) (v23 z K (v1 K (x (v23 z x B) (I x) (B (x (S v5)) (v17 (v30 (x (K (z v16) K))) (v4 S (I (B z) B))) (I (B K x)))))) (K (B K))
z x S (z x S (B (z x S))) (v1 K (x (v23 z x B) x (x (S v5) (v17 (v30 (x (z v16))) (v4 S (B z B)) (B K x))))) (v23 z K (v1 K (x (v23 z x B) x (B (x (S v5)) (v17 (v30 (x (K (z v16) K))) (v4 S (I (B z) B))) (I (B K x)))))) (K (B K))
z x S (z x S (B (z x S))) (v1 K (x (v23 z x B) x (x (S v5) (v17 (v30 (x (z v16))) (v4 S (B z B)) (B K x))))) (v23 z K (v1 K (x (v23 z x B) x (x (S v5) (v17 (v30 (x (K (z v16) K))) (v4 S (I (B z) B)) (I (B K x))))))) (K (B K))
z x S (z x S (B (z x S))) (v1 K (x (v23 z x B) x (x (S v5) (v17 (v30 (x (z v16))) (v4 S (B z B)) (B K x))))) (v23 z K (v1 K (x (v23 z x B) x (x (S v5) (v17 (v30 (x (z v16))) (v4 S (I (B z) B)) (I (B K x))))))) (K (B K))
z x S (z x S (B (z x S))) (v1 K (x (v23 z x B) x (x (S v5) (v17 (v30 (x (z v16))) (v4 S (B z B)) (B K x))))) (v23 z K (v1 K (x (v23 z x B) x (x (S v5) (v17 (v30 (x (z v16))) (v4 S (B z B)) (I (B K x))))))) (K (B K))
z x S (z x S (B (z x S))) (v1 K (x (v23 z x B) x (x (S v5) (v17 (v30 (x (z v16))) (v4 S (B z B)) (B K x))))) (v23 z K (v1 K (x (v23 z x B) x (x (S v5) (v17 (v30 (x (z v16))) (v4 S (B z B)) (B K x)))))) (K (B K))
I (B (z (v21 (I v0) K)) z (x I B)) (S (K S)) (x B (B B) K) K (I z (I (z K) (z K (z (I z) (z (S B))) (B v15)) (B (S B K I)))) (x v20 K (I (v20 I)) (x (S (I v13 z I (v26 (v5 (v7 K)) (S (B (S I) x))))) (S (B (z x)))))
B (z (v21 (I v0) K)) z (x I B) (S (K S)) (x B (B B) K) K (I z (I (z K) (z K (z (I z) (z (S B))) (B v15)) (B (S B K I)))) (x v20 K (I (v20 I)) (x (S (I v13 z I (v26 (v5 (v7 K)) (S (B (S I) x))))) (S (B (z x)))))
z (v21 (I v0) K) (z (x I B)) (S (K S)) (x B (B B) K) K (I z (I (z K) (z K (z (I z) (z (S B))) (B v15)) (B (S B K I)))) (x v20 K (I (v20 I)) (x (S (I v13 z I (v26 (v5 (v7 K)) (S (B (S I) x))))) (S (B (z x)))))
z (v21 v0 K) (z (x I B)) (S (K S)) (x B (B B) K) K (I z (I (z K) (z K (z (I z) (z (S B))) (B v15)) (B (S B K I)))) (x v20 K (I (v20 I)) (x (S (I v13 z I (v26 (v5 (v7 K)) (S (B (S I) x))))) (S (B (z x)))))
z (v21 v0 K) (z (x I B)) (S (K S)) (x B (B B) K) K (z (I (z K) (z K (z (I z) (z (S B))) (B v15)) (B (S B K I)))) (x v20 K (I (v20 I)) (x (S (I v13 z I (v26 (v5 (v7 K)) (S (B (S I) x))))) (S (B (z x)))))
z (v21 v0 K) (z (x I B)) (S (K S)) (x B (B B) K) K (z (z K (z K (z (I z) (z (S B))) (B v15)) (B (S B K I)))) (x v20 K (I (v20 I)) (x (S (I v13 z I (v26 (v5 (v7 K)) (S (B (S I) x))))) (S (B (z x)))))
z (v21 v0 K) (z (x I B)) (S (K S)) (x B (B B) K) K (z (z K (z K (z z (z (S B))) (B v15)) (B (S B K I)))) (x v20 K (I (v20 I)) (x (S (I v13 z I (v26 (v5 (v7 K)) (S (B (S I) x))))) (S (B (z x)))))
z (v21 v0 K) (z (x I B)) (S (K S)) (x B (B B) K) K (z (z K (z K (z z (z (S B))) (B v15)) (B (B I (K I))))) (x v20 K (I (v20 I)) (x (S (I v13 z I (v26 (v5 (v7 K)) (S (B (S I) x))))) (S (B (z x)))))
z (v21 v0 K) (z (x I B)) (S (K S)) (x B (B B) K) K (z (z K (z K (z z (z (S B))) (B v15)) (B (B I (K I))))) (x v20 K (v20 I) (x (S (I v13 z I (v26 (v5 (v7 K)) (S (B (S I) x))))) (S (B (z x)))))
z (v21 v0 K) (z (x I B)) (S (K S)) (x B (B B) K) K (z (z K (z K (z z (z (S B))) (B v15)) (B (B I (K I))))) (x v20 K (v20 I) (x (S (v13 z I (v26 (v5 (v7 K)) (S (B (S I) x))))) (S (B (z x)))))
z K (z (x (z B)) (z S)) (S (x x v8) I (B I (S x (K v2) (z z K)))) (K (S (I (S S I (v15 v29 x) (x z))))) (K I (v30 B z))
z K (z (x (z B)) (z S)) (x x v8 (B I (S x (K v2) (z z K))) (I (B I (S x (K v2) (z z K))))) (K (S (I (S S I (v15 v29 x) (x z))))) (K I (v30 B z))
z K (z (x (z B)) (z S)) (x x v8 (B I (x (z z K) (K v2 (z z K)))) (I (B I (S x (K v2) (z z K))))) (K (S (I (S S I (v15 v29 x) (x z))))) (K I (v30 B z))
z K (z (x (z B)) (z S)) (x x v8 (B I (x (z z K) v2)) (I (B I (S x (K v2) (z z K))))) (K (S (I (S S I (v15 v29 x) (x z))))) (K I (v30 B z))
z K (z (x (z B)) (z S)) (x x v8 (B I (x (z z K) v2)) (B I (S x (K v2) (z z K)))) (K (S (I (S S I (v15 v29 x) (x z))))) (K I (v30 B z))
z K (z (x (z B)) (z S)) (x x v8 (B I (x (z z K) v2)) (B I (x (z z K) (K v2 (z z K))))) (K (S (I (S S I (v15 v29 x) (x z))))) (K I (v30 B z))
z K (z (x (z B)) (z S)) (x x v8 (B I (x (z z K) v2)) (B I (x (z z K) v2))) (K (S (I (S S I (v15 v29 x) (x z))))) (K I (v30 B z))
z K (z (x (z B)) (z S)) (x x v8 (B I (x (z z K) v2)) (B I (x (z z K) v2))) (K (S (S S I (v15 v29 x) (x z)))) (K I (v30 B z))
z K (z (x (z B)) (z S)) (x x v8 (B I (x (z z K) v2)) (B I (x (z z K) v2))) (K (S (S (v15 v29 x) (I (v15 v29 x)) (x z)))) (K I (v30 B z))
z K (z (x (z B)) (z S)) (x x v8 (B I (x (z z K) v2)) (B I (x (z z K) v2))) (K (S (v15 v29 x (x z) (I (v15 v29 x) (x z))))) (K I (v30 B z))
z K (z (x (z B)) (z S)) (x x v8 (B I (x (z z K) v2)) (B I (x (z z K) v2))) (K (S (v15 v29 x (x z) (v15 v29 x (x z))))) (K I (v30 B z))
z K (z (x (z B)) (z S)) (x x v8 (B I (x (z z K) v2)) (B I (x (z z K) v2))) (K (S (v15 v29 x (x z) (v15 v29 x (x z))))) I
B (v27 (v24 I)) x (S (B S) (v7 (z x)) I v2 (S (B v24)) (v25 I)) (z z) z (B (v30 (K x (K x K (v4 (x I) B B))) S (B (I (B v6) (v15 v20 B) I) (z v12 S) I (B (x (B (I v3))) (z S)))))
v27 (v24 I) (x (S (B S) (v7 (z x)) I v2 (S (B v24)) (v25 I))) (z z) z (B (v30 (K x (K x K (v4 (x I) B B))) S (B (I (B v6) (v15 v20 B) I) (z v12 S) I (B (x (B (I v3))) (z S)))))
v27 (v24 I) (x (B S I (v7 (z x) I) v2 (S (B v24)) (v25 I))) (z z) z (B (v30 (K x (K x K (v4 (x I) B B))) S (B (I (B v6) (v15 v20 B) I) (z v12 S) I (B (x (B (I v3))) (z S)))))
v27 (v24 I) (x (S (I (v7 (z x) I)) v2 (S (B v24)) (v25 I))) (z z) z (B (v30 (K x (K x K (v4 (x I) B B))) S (B (I (B v6) (v15 v20 B) I) (z v12 S) I (B (x (B (I v3))) (z S)))))
v27 (v24 I) (x (I (v7 (z x) I) (S (B v24)) (v2 (S (B v24))) (v25 I))) (z z) z (B (v30 (K x (K x K (v4 (x I) B B))) S (B (I (B v6) (v15 v20 B) I) (z v12 S) I (B (x (B (I v3))) (z S)))))
v27 (v24 I) (x (v7 (z x) I (S (B v24)) (v2 (S (B v24))) (v25 I))) (z z) z (B (v30 (K x (K x K (v4 (x I) B B))) S (B (I (B v6) (v15 v20 B) I) (z v12 S) I (B (x (B (I v3))) (z S)))))
v27 (v24 I) (x (v7 (z x) I (S (B v24)) (v2 (S (B v24))) (v25 I))) (z z) z (B (v30 x S (B (I (B v6) (v15 v20 B) I) (z v12 S) I (B (x (B (I v3))) (z S)))))
v27 (v24 I) (x (v7 (z x) I (S (B v24)) (v2 (S (B v24))) (v25 I))) (z z) z (B (v30 x S (I (B v6) (v15 v20 B) I (z v12 S I) (B (x (B (I v3))) (z S)))))
v27 (v24 I) (x (v7 (z x) I (S (B v24)) (v2 (S (B v24))) (v25 I))) (z z) z (B (v30 x S (B v6 (v15 v20 B) I (z v12 S I) (B (x (B (I v3))) (z S)))))
v27 (v24 I) (x (v7 (z x) I (S (B v24)) (v2 (S (B v24))) (v25 I))) (z z) z (B (v30 x S (v6 (v15 v20 B I) (z v12 S I) (B (x (B (I v3))) (z S)))))
v27 (v24 I) (x (v7 (z x) I (S (B v24)) (v2 (S (B v24))) (v25 I))) (z z) z (B (v30 x S (v6 (v15 v20 B I) (z v12 S I) (B (x (B v3)) (z S)))))
x (I v8 x I I) (B (v27 x (K z (S v1)) S) (I (z (B x (v23 I (B v6) z))) B))
x (v8 x I I) (B (v27 x (K z (S v1)) S) (I (z (B x (v23 I (B v6) z))) B))
x (v8 x I I) (B (v27 x z S) (I (z (B x (v23 I (B v6) z))) B))
x (v8 x I I) (B (v27 x z S) (z (B x (v23 I (B v6) z)) B))
B z I (z x (S B) I x B S)
z (I (z x (S B) I x B S))
z (z x (S B) I x B S)
I (v26 z) z
v26 z z
K (I (z (K (v11 (B z S v30)) I)) x K (z (B (K K) (S x))))
K (z (K (v11 (B z S v30)) I) x K (z (B (K K) (S x))))
K (z (v11 (B z S v30)) x K (z (B (K K) (S x))))
K (z (v11 (z (S v30))) x K (z (B (K K) (S x))))
S (v25 v15 K) (I v29 B (B I)) z
v25 v15 K z (I v29 B (B I) z)
v25 v15 K z (v29 B (B I) z)
S
