x (S S) (x K z K) (B S (x v11) (x v16) z) (z S (S I) (x (S (B z) B B (z x (S S)) K)) (B (v19 S (B z)) (v18 v17) K (K (z (I K)) v17)) (x (I v20)))
x (S S) (x K z K) (S (x v11 (x v16)) z) (z S (S I) (x (S (B z) B B (z x (S S)) K)) (B (v19 S (B z)) (v18 v17) K (K (z (I K)) v17)) (x (I v20)))
x (S S) (x K z K) (S (x v11 (x v16)) z) (z S (S I) (x (B z B (B B) (z x (S S)) K)) (B (v19 S (B z)) (v18 v17) K (K (z (I K)) v17)) (x (I v20)))
x (S S) (x K z K) (S (x v11 (x v16)) z) (z S (S I) (x (z (B (B B)) (z x (S S)) K)) (B (v19 S (B z)) (v18 v17) K (K (z (I K)) v17)) (x (I v20)))
x (S S) (x K z K) (S (x v11 (x v16)) z) (z S (S I) (x (z (B (B B)) (z x (S S)) K)) (v19 S (B z) (v18 v17 K) (K (z (I K)) v17)) (x (I v20)))
x (S S) (x K z K) (S (x v11 (x v16)) z) (z S (S I) (x (z (B (B B)) (z x (S S)) K)) (v19 S (B z) (v18 v17 K) (z (I K))) (x (I v20)))
x (S S) (x K z K) (S (x v11 (x v16)) z) (z S (S I) (x (z (B (B B)) (z x (S S)) K)) (v19 S (B z) (v18 v17 K) (z K)) (x (I v20)))
x (S S) (x K z K) (S (x v11 (x v16)) z) (z S (S I) (x (z (B (B B)) (z x (S S)) K)) (v19 S (B z) (v18 v17 K) (z K)) (x v20))
v21 v4 (K (v21 v9) B (I (B S) K (v15 x)))
v21 v4 (v21 v9 (I (B S) K (v15 x)))
v21 v4 (v21 v9 (B S K (v15 x)))
v21 v4 (v21 v9 (S (K (v15 x))))
z (z B (z K) (B (B v22) K B)) (B (x (K (B (S K)) K))) (K (I z S) (z z v20) (K z K) (z (v17 K) I (v12 (z (x (K B B x))))) (K (I K) S (x (z K)) v24 x x (v1 K) (S (S (I (B x)) I) (v30 (v21 (x (z I (z z))))) v13)) (K (S x) S (K x) v23))
z (z B (z K) (B v22 (K B))) (B (x (K (B (S K)) K))) (K (I z S) (z z v20) (K z K) (z (v17 K) I (v12 (z (x (K B B x))))) (K (I K) S (x (z K)) v24 x x (v1 K) (S (S (I (B x)) I) (v30 (v21 (x (z I (z z))))) v13)) (K (S x) S (K x) v23))
z (z B (z K) (B v22 (K B))) (B (x (B (S K)))) (K (I z S) (z z v20) (K z K) (z (v17 K) I (v12 (z (x (K B B x))))) (K (I K) S (x (z K)) v24 x x (v1 K) (S (S (I (B x)) I) (v30 (v21 (x (z I (z z))))) v13)) (K (S x) S (K x) v23))
z (z B (z K) (B v22 (K B))) (B (x (B (S K)))) (I z S (K z K) (z (v17 K) I (v12 (z (x (K B B x))))) (K (I K) S (x (z K)) v24 x x (v1 K) (S (S (I (B x)) I) (v30 (v21 (x (z I (z z))))) v13)) (K (S x) S (K x) v23))
z (z B (z K) (B v22 (K B))) (B (x (B (S K)))) (z S (K z K) (z (v17 K) I (v12 (z (x (K B B x))))) (K (I K) S (x (z K)) v24 x x (v1 K) (S (S (I (B x)) I) (v30 (v21 (x (z I (z z))))) v13)) (K (S x) S (K x) v23))
z (z B (z K) (B v22 (K B))) (B (x (B (S K)))) (z S z (z (v17 K) I (v12 (z (x (K B B x))))) (K (I K) S (x (z K)) v24 x x (v1 K) (S (S (I (B x)) I) (v30 (v21 (x (z I (z z))))) v13)) (K (S x) S (K x) v23))
z (z B (z K) (B v22 (K B))) (B (x (B (S K)))) (z S z (z (v17 K) I (v12 (z (x (B x))))) (K (I K) S (x (z K)) v24 x x (v1 K) (S (S (I (B x)) I) (v30 (v21 (x (z I (z z))))) v13)) (K (S x) S (K x) v23))
z (z B (z K) (B v22 (K B))) (B (x (B (S K)))) (z S z (z (v17 K) I (v12 (z (x (B x))))) (I K (x (z K)) v24 x x (v1 K) (S (S (I (B x)) I) (v30 (v21 (x (z I (z z))))) v13)) (K (S x) S (K x) v23))
z (z B (z K) (B v22 (K B))) (B (x (B (S K)))) (z S z (z (v17 K) I (v12 (z (x (B x))))) (K (x (z K)) v24 x x (v1 K) (S (S (I (B x)) I) (v30 (v21 (x (z I (z z))))) v13)) (K (S x) S (K x) v23))
z (z B (z K) (B v22 (K B))) (B (x (B (S K)))) (z S z (z (v17 K) I (v12 (z (x (B x))))) (x (z K) x x (v1 K) (S (S (I (B x)) I) (v30 (v21 (x (z I (z z))))) v13)) (K (S x) S (K x) v23))
z (z B (z K) (B v22 (K B))) (B (x (B (S K)))) (z S z (z (v17 K) I (v12 (z (x (B x))))) (x (z K) x x (v1 K) (S (I (B x)) I v13 (v30 (v21 (x (z I (z z)))) v13))) (K (S x) S (K x) v23))
z (z B (z K) (B v22 (K B))) (B (x (B (S K)))) (z S z (z (v17 K) I (v12 (z (x (B x))))) (x (z K) x x (v1 K) (I (B x) v13 (I v13) (v30 (v21 (x (z I (z z)))) v13))) (K (S x) S (K x) v23))
z (z B (z K) (B v22 (K B))) (B (x (B (S K)))) (z S z (z (v17 K) I (v12 (z (x (B x))))) (x (z K) x x (v1 K) (B x v13 (I v13) (v30 (v21 (x (z I (z z)))) v13))) (K (S x) S (K x) v23))
z (z B (z K) (B v22 (K B))) (B (x (B (S K)))) (z S z (z (v17 K) I (v12 (z (x (B x))))) (x (z K) x x (v1 K) (x (v13 (I v13)) (v30 (v21 (x (z I (z z)))) v13))) (K (S x) S (K x) v23))
z (z B (z K) (B v22 (K B))) (B (x (B (S K)))) (z S z (z (v17 K) I (v12 (z (x (B x))))) (x (z K) x x (v1 K) (x (v13 v13) (v30 (v21 (x (z I (z z)))) v13))) (K (S x) S (K x) v23))
z (z B (z K) (B v22 (K B))) (B (x (B (S K)))) (z S z (z (v17 K) I (v12 (z (x (B x))))) (x (z K) x x (v1 K) (x (v13 v13) (v30 (v21 (x (z I (z z)))) v13))) (S x (K x) v23))
z (z B (z K) (B v22 (K B))) (B (x (B (S K)))) (z S z (z (v17 K) I (v12 (z (x (B x))))) (x (z K) x x (v1 K) (x (v13 v13) (v30 (v21 (x (z I (z z)))) v13))) (x v23 (K x v23)))
z (z B (z K) (B v22 (K B))) (B (x (B (S K)))) (z S z (z (v17 K) I (v12 (z (x (B x))))) (x (z K) x x (v1 K) (x (v13 v13) (v30 (v21 (x (z I (z z)))) v13))) (x v23 x))
v13
B (I S (S (z (x (x K)) (x (z z))))) (S K)
B (S (S (z (x (x K)) (x (z z))))) (S K)
K (B (I K) (S B (S B) x I (B (v29 (K (S S)) (I (S x) x (v28 z I)) (B (x S))) (I z I (z S I (K z I z z))) (S (I (K z S (K B)) z)))) (I (S (I I) (I z K))))
K (I K (S B (S B) x I (B (v29 (K (S S)) (I (S x) x (v28 z I)) (B (x S))) (I z I (z S I (K z I z z))) (S (I (K z S (K B)) z))) (I (S (I I) (I z K)))))
K (K (S B (S B) x I (B (v29 (K (S S)) (I (S x) x (v28 z I)) (B (x S))) (I z I (z S I (K z I z z))) (S (I (K z S (K B)) z))) (I (S (I I) (I z K)))))
K (K (B x (S B x) I (B (v29 (K (S S)) (I (S x) x (v28 z I)) (B (x S))) (I z I (z S I (K z I z z))) (S (I (K z S (K B)) z))) (I (S (I I) (I z K)))))
K (K (x (S B x I) (B (v29 (K (S S)) (I (S x) x (v28 z I)) (B (x S))) (I z I (z S I (K z I z z))) (S (I (K z S (K B)) z))) (I (S (I I) (I z K)))))
K (K (x (B I (x I)) (B (v29 (K (S S)) (I (S x) x (v28 z I)) (B (x S))) (I z I (z S I (K z I z z))) (S (I (K z S (K B)) z))) (I (S (I I) (I z K)))))
K (K (x (B I (x I)) (v29 (K (S S)) (I (S x) x (v28 z I)) (B (x S)) (I z I (z S I (K z I z z)) (S (I (K z S (K B)) z)))) (I (S (I I) (I z K)))))
K (K (x (B I (x I)) (v29 (K (S S)) (S x x (v28 z I)) (B (x S)) (I z I (z S I (K z I z z)) (S (I (K z S (K B)) z)))) (I (S (I I) (I z K)))))
K (K (x (B I (x I)) (v29 (K (S S)) (x (v28 z I) (x (v28 z I))) (B (x S)) (I z I (z S I (K z I z z)) (S (I (K z S (K B)) z)))) (I (S (I I) (I z K)))))
K (K (x (B I (x I)) (v29 (K (S S)) (x (v28 z I) (x (v28 z I))) (B (x S)) (z I (z S I (K z I z z)) (S (I (K z S (K B)) z)))) (I (S (I I) (I z K)))))
K (K (x (B I (x I)) (v29 (K (S S)) (x (v28 z I) (x (v28 z I))) (B (x S)) (z I (z S I (z z z)) (S (I (K z S (K B)) z)))) (I (S (I I) (I z K)))))
K (K (x (B I (x I)) (v29 (K (S S)) (x (v28 z I) (x (v28 z I))) (B (x S)) (z I (z S I (z z z)) (S (K z S (K B) z)))) (I (S (I I) (I z K)))))
K (K (x (B I (x I)) (v29 (K (S S)) (x (v28 z I) (x (v28 z I))) (B (x S)) (z I (z S I (z z z)) (S (z (K B) z)))) (I (S (I I) (I z K)))))
K (K (x (B I (x I)) (v29 (K (S S)) (x (v28 z I) (x (v28 z I))) (B (x S)) (z I (z S I (z z z)) (S (z (K B) z)))) (S (I I) (I z K))))
K (K (x (B I (x I)) (v29 (K (S S)) (x (v28 z I) (x (v28 z I))) (B (x S)) (z I (z S I (z z z)) (S (z (K B) z)))) (S I (I z K))))
K (K (x (B I (x I)) (v29 (K (S S)) (x (v28 z I) (x (v28 z I))) (B (x S)) (z I (z S I (z z z)) (S (z (K B) z)))) (S I (z K))))
v6
S
I (B z (B (B (K B x) (z I)) (K (K S S (B z))) (B v9 (S z (v1 x (K (B (x S K)) z))) (B K))))
B z (B (B (K B x) (z I)) (K (K S S (B z))) (B v9 (S z (v1 x (K (B (x S K)) z))) (B K)))
B z (B (K B x) (z I) (K (K S S (B z)) (B v9 (S z (v1 x (K (B (x S K)) z))) (B K))))
B z (K B x (z I (K (K S S (B z)) (B v9 (S z (v1 x (K (B (x S K)) z))) (B K)))))
B z (B (z I (K (K S S (B z)) (B v9 (S z (v1 x (K (B (x S K)) z))) (B K)))))
B z (B (z I (K S S (B z))))
B z (B (z I (S (B z))))
S (z S B K x) (S (I (I K) (x (I B K))) z) (K z S) (x (z x S)) (z (K (B K) (v7 K)) v16)
z S B K x (K z S) (S (I (I K) (x (I B K))) z (K z S)) (x (z x S)) (z (K (B K) (v7 K)) v16)
z S B K x z (S (I (I K) (x (I B K))) z (K z S)) (x (z x S)) (z (K (B K) (v7 K)) v16)
z S B K x z (I (I K) (x (I B K)) (K z S) (z (K z S))) (x (z x S)) (z (K (B K) (v7 K)) v16)
z S B K x z (I K (x (I B K)) (K z S) (z (K z S))) (x (z x S)) (z (K (B K) (v7 K)) v16)
z S B K x z (K (x (I B K)) (K z S) (z (K z S))) (x (z x S)) (z (K (B K) (v7 K)) v16)
z S B K x z (x (I B K) (z (K z S))) (x (z x S)) (z (K (B K) (v7 K)) v16)
z S B K x z (x (B K) (z (K z S))) (x (z x S)) (z (K (B K) (v7 K)) v16)
z S B K x z (x (B K) (z z)) (x (z x S)) (z (K (B K) (v7 K)) v16)
z S B K x z (x (B K) (z z)) (x (z x S)) (z (B K) v16)
