S (S v11 (S S))
z
x (S I (x I (I x (z z S (x (K I) K) z))) (B (I S (S (z S) K) (v3 (I (S z))) z)))
x (I (B (I S (S (z S) K) (v3 (I (S z))) z)) (x I (I x (z z S (x (K I) K) z)) (B (I S (S (z S) K) (v3 (I (S z))) z))))
x (B (I S (S (z S) K) (v3 (I (S z))) z) (x I (I x (z z S (x (K I) K) z)) (B (I S (S (z S) K) (v3 (I (S z))) z))))
x (B (S (S (z S) K) (v3 (I (S z))) z) (x I (I x (z z S (x (K I) K) z)) (B (I S (S (z S) K) (v3 (I (S z))) z))))
x (B (S (z S) K z (v3 (I (S z)) z)) (x I (I x (z z S (x (K I) K) z)) (B (I S (S (z S) K) (v3 (I (S z))) z))))
x (B (z S z (K z) (v3 (I (S z)) z)) (x I (I x (z z S (x (K I) K) z)) (B (I S (S (z S) K) (v3 (I (S z))) z))))
x (B (z S z (K z) (v3 (S z) z)) (x I (I x (z z S (x (K I) K) z)) (B (I S (S (z S) K) (v3 (I (S z))) z))))
x (B (z S z (K z) (v3 (S z) z)) (x I (x (z z S (x (K I) K) z)) (B (I S (S (z S) K) (v3 (I (S z))) z))))
x (B (z S z (K z) (v3 (S z) z)) (x I (x (z z S (x (K I) K) z)) (B (S (S (z S) K) (v3 (I (S z))) z))))
x (B (z S z (K z) (v3 (S z) z)) (x I (x (z z S (x (K I) K) z)) (B (S (z S) K z (v3 (I (S z)) z)))))
x (B (z S z (K z) (v3 (S z) z)) (x I (x (z z S (x (K I) K) z)) (B (z S z (K z) (v3 (I (S z)) z)))))
x (B (z S z (K z) (v3 (S z) z)) (x I (x (z z S (x (K I) K) z)) (B (z S z (K z) (v3 (S z) z)))))
x (z (v26 (v10 (v10 K (x K))) (x z))) K K x (I x) (x (x (B (K S x)) (I K) (B (v25 (z (v2 (S (z v0) (v25 v19))))))))
x (z (v26 (v10 (v10 K (x K))) (x z))) K K x x (x (x (B (K S x)) (I K) (B (v25 (z (v2 (S (z v0) (v25 v19))))))))
x (z (v26 (v10 (v10 K (x K))) (x z))) K K x x (x (x (B S) (I K) (B (v25 (z (v2 (S (z v0) (v25 v19))))))))
x (z (v26 (v10 (v10 K (x K))) (x z))) K K x x (x (x (B S) K (B (v25 (z (v2 (S (z v0) (v25 v19))))))))
v1 K
S z (I (K (K x x)) (I z) (S (I (K I (S I) K x)) (B (v8 B (z I (S I)) K)) (v1 (I (I B v15))))) (x (S (B v14) v9 x B) (v6 (K I K) (v12 I z (B (x z) B))) I (v20 (I (v11 B)) S (x K x)) (I (I z K) x z))
z (x (S (B v14) v9 x B) (v6 (K I K) (v12 I z (B (x z) B))) I (v20 (I (v11 B)) S (x K x)) (I (I z K) x z)) (I (K (K x x)) (I z) (S (I (K I (S I) K x)) (B (v8 B (z I (S I)) K)) (v1 (I (I B v15)))) (x (S (B v14) v9 x B) (v6 (K I K) (v12 I z (B (x z) B))) I (v20 (I (v11 B)) S (x K x)) (I (I z K) x z)))
z (x (B v14 x (v9 x) B) (v6 (K I K) (v12 I z (B (x z) B))) I (v20 (I (v11 B)) S (x K x)) (I (I z K) x z)) (I (K (K x x)) (I z) (S (I (K I (S I) K x)) (B (v8 B (z I (S I)) K)) (v1 (I (I B v15)))) (x (S (B v14) v9 x B) (v6 (K I K) (v12 I z (B (x z) B))) I (v20 (I (v11 B)) S (x K x)) (I (I z K) x z)))
z (x (v14 (x (v9 x)) B) (v6 (K I K) (v12 I z (B (x z) B))) I (v20 (I (v11 B)) S (x K x)) (I (I z K) x z)) (I (K (K x x)) (I z) (S (I (K I (S I) K x)) (B (v8 B (z I (S I)) K)) (v1 (I (I B v15)))) (x (S (B v14) v9 x B) (v6 (K I K) (v12 I z (B (x z) B))) I (v20 (I (v11 B)) S (x K x)) (I (I z K) x z)))
z (x (v14 (x (v9 x)) B) (v6 I (v12 I z (B (x z) B))) I (v20 (I (v11 B)) S (x K x)) (I (I z K) x z)) (I (K (K x x)) (I z) (S (I (K I (S I) K x)) (B (v8 B (z I (S I)) K)) (v1 (I (I B v15)))) (x (S (B v14) v9 x B) (v6 (K I K) (v12 I z (B (x z) B))) I (v20 (I (v11 B)) S (x K x)) (I (I z K) x z)))
z (x (v14 (x (v9 x)) B) (v6 I (v12 I z (B (x z) B))) I (v20 (v11 B) S (x K x)) (I (I z K) x z)) (I (K (K x x)) (I z) (S (I (K I (S I) K x)) (B (v8 B (z I (S I)) K)) (v1 (I (I B v15)))) (x (S (B v14) v9 x B) (v6 (K I K) (v12 I z (B (x z) B))) I (v20 (I (v11 B)) S (x K x)) (I (I z K) x z)))
z (x (v14 (x (v9 x)) B) (v6 I (v12 I z (B (x z) B))) I (v20 (v11 B) S (x K x)) (I z K x z)) (I (K (K x x)) (I z) (S (I (K I (S I) K x)) (B (v8 B (z I (S I)) K)) (v1 (I (I B v15)))) (x (S (B v14) v9 x B) (v6 (K I K) (v12 I z (B (x z) B))) I (v20 (I (v11 B)) S (x K x)) (I (I z K) x z)))
z (x (v14 (x (v9 x)) B) (v6 I (v12 I z (B (x z) B))) I (v20 (v11 B) S (x K x)) (z K x z)) (I (K (K x x)) (I z) (S (I (K I (S I) K x)) (B (v8 B (z I (S I)) K)) (v1 (I (I B v15)))) (x (S (B v14) v9 x B) (v6 (K I K) (v12 I z (B (x z) B))) I (v20 (I (v11 B)) S (x K x)) (I (I z K) x z)))
z (x (v14 (x (v9 x)) B) (v6 I (v12 I z (B (x z) B))) I (v20 (v11 B) S (x K x)) (z K x z)) (K (K x x) (I z) (S (I (K I (S I) K x)) (B (v8 B (z I (S I)) K)) (v1 (I (I B v15)))) (x (S (B v14) v9 x B) (v6 (K I K) (v12 I z (B (x z) B))) I (v20 (I (v11 B)) S (x K x)) (I (I z K) x z)))
z (x (v14 (x (v9 x)) B) (v6 I (v12 I z (B (x z) B))) I (v20 (v11 B) S (x K x)) (z K x z)) (K x x (S (I (K I (S I) K x)) (B (v8 B (z I (S I)) K)) (v1 (I (I B v15)))) (x (S (B v14) v9 x B) (v6 (K I K) (v12 I z (B (x z) B))) I (v20 (I (v11 B)) S (x K x)) (I (I z K) x z)))
z (x (v14 (x (v9 x)) B) (v6 I (v12 I z (B (x z) B))) I (v20 (v11 B) S (x K x)) (z K x z)) (x (S (I (K I (S I) K x)) (B (v8 B (z I (S I)) K)) (v1 (I (I B v15)))) (x (S (B v14) v9 x B) (v6 (K I K) (v12 I z (B (x z) B))) I (v20 (I (v11 B)) S (x K x)) (I (I z K) x z)))
z (x (v14 (x (v9 x)) B) (v6 I (v12 I z (B (x z) B))) I (v20 (v11 B) S (x K x)) (z K x z)) (x (I (K I (S I) K x) (v1 (I (I B v15))) (B (v8 B (z I (S I)) K) (v1 (I (I B v15))))) (x (S (B v14) v9 x B) (v6 (K I K) (v12 I z (B (x z) B))) I (v20 (I (v11 B)) S (x K x)) (I (I z K) x z)))
z (x (v14 (x (v9 x)) B) (v6 I (v12 I z (B (x z) B))) I (v20 (v11 B) S (x K x)) (z K x z)) (x (K I (S I) K x (v1 (I (I B v15))) (B (v8 B (z I (S I)) K) (v1 (I (I B v15))))) (x (S (B v14) v9 x B) (v6 (K I K) (v12 I z (B (x z) B))) I (v20 (I (v11 B)) S (x K x)) (I (I z K) x z)))
z (x (v14 (x (v9 x)) B) (v6 I (v12 I z (B (x z) B))) I (v20 (v11 B) S (x K x)) (z K x z)) (x (I K x (v1 (I (I B v15))) (B (v8 B (z I (S I)) K) (v1 (I (I B v15))))) (x (S (B v14) v9 x B) (v6 (K I K) (v12 I z (B (x z) B))) I (v20 (I (v11 B)) S (x K x)) (I (I z K) x z)))
z (x (v14 (x (v9 x)) B) (v6 I (v12 I z (B (x z) B))) I (v20 (v11 B) S (x K x)) (z K x z)) (x (K x (v1 (I (I B v15))) (B (v8 B (z I (S I)) K) (v1 (I (I B v15))))) (x (S (B v14) v9 x B) (v6 (K I K) (v12 I z (B (x z) B))) I (v20 (I (v11 B)) S (x K x)) (I (I z K) x z)))
z (x (v14 (x (v9 x)) B) (v6 I (v12 I z (B (x z) B))) I (v20 (v11 B) S (x K x)) (z K x z)) (x (x (B (v8 B (z I (S I)) K) (v1 (I (I B v15))))) (x (S (B v14) v9 x B) (v6 (K I K) (v12 I z (B (x z) B))) I (v20 (I (v11 B)) S (x K x)) (I (I z K) x z)))
z (x (v14 (x (v9 x)) B) (v6 I (v12 I z (B (x z) B))) I (v20 (v11 B) S (x K x)) (z K x z)) (x (x (B (v8 B (z I (S I)) K) (v1 (I B v15)))) (x (S (B v14) v9 x B) (v6 (K I K) (v12 I z (B (x z) B))) I (v20 (I (v11 B)) S (x K x)) (I (I z K) x z)))
z (x (v14 (x (v9 x)) B) (v6 I (v12 I z (B (x z) B))) I (v20 (v11 B) S (x K x)) (z K x z)) (x (x (B (v8 B (z I (S I)) K) (v1 (B v15)))) (x (S (B v14) v9 x B) (v6 (K I K) (v12 I z (B (x z) B))) I (v20 (I (v11 B)) S (x K x)) (I (I z K) x z)))
z (x (v14 (x (v9 x)) B) (v6 I (v12 I z (B (x z) B))) I (v20 (v11 B) S (x K x)) (z K x z)) (x (x (B (v8 B (z I (S I)) K) (v1 (B v15)))) (x (B v14 x (v9 x) B) (v6 (K I K) (v12 I z (B (x z) B))) I (v20 (I (v11 B)) S (x K x)) (I (I z K) x z)))
z (x (v14 (x (v9 x)) B) (v6 I (v12 I z (B (x z) B))) I (v20 (v11 B) S (x K x)) (z K x z)) (x (x (B (v8 B (z I (S I)) K) (v1 (B v15)))) (x (v14 (x (v9 x)) B) (v6 (K I K) (v12 I z (B (x z) B))) I (v20 (I (v11 B)) S (x K x)) (I (I z K) x z)))
z (x (v14 (x (v9 x)) B) (v6 I (v12 I z (B (x z) B))) I (v20 (v11 B) S (x K x)) (z K x z)) (x (x (B (v8 B (z I (S I)) K) (v1 (B v15)))) (x (v14 (x (v9 x)) B) (v6 I (v12 I z (B (x z) B))) I (v20 (I (v11 B)) S (x K x)) (I (I z K) x z)))
z (x (v14 (x (v9 x)) B) (v6 I (v12 I z (B (x z) B))) I (v20 (v11 B) S (x K x)) (z K x z)) (x (x (B (v8 B (z I (S I)) K) (v1 (B v15)))) (x (v14 (x (v9 x)) B) (v6 I (v12 I z (B (x z) B))) I (v20 (v11 B) S (x K x)) (I (I z K) x z)))
z (x (v14 (x (v9 x)) B) (v6 I (v12 I z (B (x z) B))) I (v20 (v11 B) S (x K x)) (z K x z)) (x (x (B (v8 B (z I (S I)) K) (v1 (B v15)))) (x (v14 (x (v9 x)) B) (v6 I (v12 I z (B (x z) B))) I (v20 (v11 B) S (x K x)) (I z K x z)))
z (x (v14 (x (v9 x)) B) (v6 I (v12 I z (B (x z) B))) I (v20 (v11 B) S (x K x)) (z K x z)) (x (x (B (v8 B (z I (S I)) K) (v1 (B v15)))) (x (v14 (x (v9 x)) B) (v6 I (v12 I z (B (x z) B))) I (v20 (v11 B) S (x K x)) (z K x z)))
v24 K B (x S (B S (K z (z z B v22)) I) x (K v9))
v24 K B (x S (S (K z (z z B v22) I)) x (K v9))
v24 K B (x S (S (z I)) x (K v9))
S (B z (z (x K) (z S)) (B (B x S S v28 x S) (v18 (B K (z z (v3 K))) B I I))) (z (K v7 (x (I (x I) (B (v18 x)))) K B (S (K (z S (v15 (S (I (K z) S)))) (K z z K (z I (I x)))))) (v29 (z v6) (x S S K (z S I) z)))
S (z (z (x K) (z S) (B (B x S S v28 x S) (v18 (B K (z z (v3 K))) B I I)))) (z (K v7 (x (I (x I) (B (v18 x)))) K B (S (K (z S (v15 (S (I (K z) S)))) (K z z K (z I (I x)))))) (v29 (z v6) (x S S K (z S I) z)))
S (z (z (x K) (z S) (B (x (S S) v28 x S) (v18 (B K (z z (v3 K))) B I I)))) (z (K v7 (x (I (x I) (B (v18 x)))) K B (S (K (z S (v15 (S (I (K z) S)))) (K z z K (z I (I x)))))) (v29 (z v6) (x S S K (z S I) z)))
S (z (z (x K) (z S) (B (x (S S) v28 x S) (v18 (B K (z z (v3 K))) B I I)))) (z (v7 K B (S (K (z S (v15 (S (I (K z) S)))) (K z z K (z I (I x)))))) (v29 (z v6) (x S S K (z S I) z)))
S (z (z (x K) (z S) (B (x (S S) v28 x S) (v18 (B K (z z (v3 K))) B I I)))) (z (v7 K B (S (z S (v15 (S (I (K z) S)))))) (v29 (z v6) (x S S K (z S I) z)))
S (z (z (x K) (z S) (B (x (S S) v28 x S) (v18 (B K (z z (v3 K))) B I I)))) (z (v7 K B (S (z S (v15 (S (K z S)))))) (v29 (z v6) (x S S K (z S I) z)))
S (z (z (x K) (z S) (B (x (S S) v28 x S) (v18 (B K (z z (v3 K))) B I I)))) (z (v7 K B (S (z S (v15 (S z))))) (v29 (z v6) (x S S K (z S I) z)))
S
z (S (S (z (K K)) (K K)) I (S K I)) (z (z x z))
z (S (z (K K)) (K K) (S K I) (I (S K I))) (z (z x z))
z (z (K K) (S K I) (K K (S K I)) (I (S K I))) (z (z x z))
z (z (K K) (S K I) K (I (S K I))) (z (z x z))
z (z (K K) (S K I) K (S K I)) (z (z x z))
