z (S (x (S (S x)))) (v23 (S v15)) (I (z (v22 v20 K)) (z (B (S (S S B)) z (I (S (z S (x (B I)))))))) (I (z v17) (I (x x)) (S S)) (v8 (v2 (x I) (x (v20 (x v28) (x K (K (S (z (B S)))))) (S B))) (S (I B))) (I (x (x I K B) (v2 v6) (K v16 (x z I) (x z)) (z (x I) (v21 B) (K B))) S (z (x x)) (x (z v24) (I (x S) B) z I K))
z (S (x (S (S x)))) (v23 (S v15)) (z (v22 v20 K) (z (B (S (S S B)) z (I (S (z S (x (B I)))))))) (I (z v17) (I (x x)) (S S)) (v8 (v2 (x I) (x (v20 (x v28) (x K (K (S (z (B S)))))) (S B))) (S (I B))) (I (x (x I K B) (v2 v6) (K v16 (x z I) (x z)) (z (x I) (v21 B) (K B))) S (z (x x)) (x (z v24) (I (x S) B) z I K))
z (S (x (S (S x)))) (v23 (S v15)) (z (v22 v20 K) (z (S (S S B) (z (I (S (z S (x (B I))))))))) (I (z v17) (I (x x)) (S S)) (v8 (v2 (x I) (x (v20 (x v28) (x K (K (S (z (B S)))))) (S B))) (S (I B))) (I (x (x I K B) (v2 v6) (K v16 (x z I) (x z)) (z (x I) (v21 B) (K B))) S (z (x x)) (x (z v24) (I (x S) B) z I K))
z (S (x (S (S x)))) (v23 (S v15)) (z (v22 v20 K) (z (S (S S B) (z (S (z S (x (B I)))))))) (I (z v17) (I (x x)) (S S)) (v8 (v2 (x I) (x (v20 (x v28) (x K (K (S (z (B S)))))) (S B))) (S (I B))) (I (x (x I K B) (v2 v6) (K v16 (x z I) (x z)) (z (x I) (v21 B) (K B))) S (z (x x)) (x (z v24) (I (x S) B) z I K))
z (S (x (S (S x)))) (v23 (S v15)) (z (v22 v20 K) (z (S (S S B) (z (S (z S (x (B I)))))))) (z v17 (I (x x)) (S S)) (v8 (v2 (x I) (x (v20 (x v28) (x K (K (S (z (B S)))))) (S B))) (S (I B))) (I (x (x I K B) (v2 v6) (K v16 (x z I) (x z)) (z (x I) (v21 B) (K B))) S (z (x x)) (x (z v24) (I (x S) B) z I K))
z (S (x (S (S x)))) (v23 (S v15)) (z (v22 v20 K) (z (S (S S B) (z (S (z S (x (B I)))))))) (z v17 (x x) (S S)) (v8 (v2 (x I) (x (v20 (x v28) (x K (K (S (z (B S)))))) (S B))) (S (I B))) (I (x (x I K B) (v2 v6) (K v16 (x z I) (x z)) (z (x I) (v21 B) (K B))) S (z (x x)) (x (z v24) (I (x S) B) z I K))
z (S (x (S (S x)))) (v23 (S v15)) (z (v22 v20 K) (z (S (S S B) (z (S (z S (x (B I)))))))) (z v17 (x x) (S S)) (v8 (v2 (x I) (x (v20 (x v28) (x K (K (S (z (B S)))))) (S B))) (S B)) (I (x (x I K B) (v2 v6) (K v16 (x z I) (x z)) (z (x I) (v21 B) (K B))) S (z (x x)) (x (z v24) (I (x S) B) z I K))
z (S (x (S (S x)))) (v23 (S v15)) (z (v22 v20 K) (z (S (S S B) (z (S (z S (x (B I)))))))) (z v17 (x x) (S S)) (v8 (v2 (x I) (x (v20 (x v28) (x K (K (S (z (B S)))))) (S B))) (S B)) (x (x I K B) (v2 v6) (K v16 (x z I) (x z)) (z (x I) (v21 B) (K B)) S (z (x x)) (x (z v24) (I (x S) B) z I K))
z (S (x (S (S x)))) (v23 (S v15)) (z (v22 v20 K) (z (S (S S B) (z (S (z S (x (B I)))))))) (z v17 (x x) (S S)) (v8 (v2 (x I) (x (v20 (x v28) (x K (K (S (z (B S)))))) (S B))) (S B)) (x (x I K B) (v2 v6) (v16 (x z)) (z (x I) (v21 B) (K B)) S (z (x x)) (x (z v24) (I (x S) B) z I K))
z (S (x (S (S x)))) (v23 (S v15)) (z (v22 v20 K) (z (S (S S B) (z (S (z S (x (B I)))))))) (z v17 (x x) (S S)) (v8 (v2 (x I) (x (v20 (x v28) (x K (K (S (z (B S)))))) (S B))) (S B)) (x (x I K B) (v2 v6) (v16 (x z)) (z (x I) (v21 B) (K B)) S (z (x x)) (x (z v24) (x S B) z I K))
K x B (v15 (v24 I I) (z z (z (K (K v22))) (B v20)) I (v30 I)) (x (v4 (x (S v8 B x (B (K (K x) x)) K))))
x (v15 (v24 I I) (z z (z (K (K v22))) (B v20)) I (v30 I)) (x (v4 (x (S v8 B x (B (K (K x) x)) K))))
x (v15 (v24 I I) (z z (z (K (K v22))) (B v20)) I (v30 I)) (x (v4 (x (v8 x (B x) (B (K (K x) x)) K))))
x (v15 (v24 I I) (z z (z (K (K v22))) (B v20)) I (v30 I)) (x (v4 (x (v8 x (B x) (B (K x)) K))))
x (K (v16 z (K (I z (z x)) (z I)))) v3 z (v3 (x (S (x z B (B (z v7)) I) (S z S) (z B) x (x z I I))))
x (K (v16 z (I z (z x)))) v3 z (v3 (x (S (x z B (B (z v7)) I) (S z S) (z B) x (x z I I))))
x (K (v16 z (z (z x)))) v3 z (v3 (x (S (x z B (B (z v7)) I) (S z S) (z B) x (x z I I))))
x (K (v16 z (z (z x)))) v3 z (v3 (x (x z B (B (z v7)) I (z B) (S z S (z B)) x (x z I I))))
x (K (v16 z (z (z x)))) v3 z (v3 (x (x z B (B (z v7)) I (z B) (z (z B) (S (z B))) x (x z I I))))
v13
I (x z v9 (v13 I z)) (I (B z) z v8 v9 (v29 I)) (v0 B I (v19 B) (K (K B) (x (x S I v1 v21 v1 x)) x x) (z (z (K S)) (x (I v25))))
x z v9 (v13 I z) (I (B z) z v8 v9 (v29 I)) (v0 B I (v19 B) (K (K B) (x (x S I v1 v21 v1 x)) x x) (z (z (K S)) (x (I v25))))
x z v9 (v13 I z) (B z z v8 v9 (v29 I)) (v0 B I (v19 B) (K (K B) (x (x S I v1 v21 v1 x)) x x) (z (z (K S)) (x (I v25))))
x z v9 (v13 I z) (z (z v8) v9 (v29 I)) (v0 B I (v19 B) (K (K B) (x (x S I v1 v21 v1 x)) x x) (z (z (K S)) (x (I v25))))
x z v9 (v13 I z) (z (z v8) v9 (v29 I)) (v0 B I (v19 B) (K B x x) (z (z (K S)) (x (I v25))))
x z v9 (v13 I z) (z (z v8) v9 (v29 I)) (v0 B I (v19 B) (B x) (z (z (K S)) (x (I v25))))
x z v9 (v13 I z) (z (z v8) v9 (v29 I)) (v0 B I (v19 B) (B x) (z (z (K S)) (x v25)))
S x (I B B x) (B (v24 x) z)
x (B (v24 x) z) (I B B x (B (v24 x) z))
x (B (v24 x) z) (B B x (B (v24 x) z))
x (B (v24 x) z) (B (x (B (v24 x) z)))
K (v5 (B x B)) (S (x B))
v5 (B x B)
B (v14 I (x I (z (z B) (I I S) I (z K))) (I (B (x v6 (I B)) (B S) (S (z S) v3)) (I (S (I v19 z S)))))
B (v14 I (x I (z (z B) (I S) I (z K))) (I (B (x v6 (I B)) (B S) (S (z S) v3)) (I (S (I v19 z S)))))
B (v14 I (x I (z (z B) S I (z K))) (I (B (x v6 (I B)) (B S) (S (z S) v3)) (I (S (I v19 z S)))))
B (v14 I (x I (z (z B) S I (z K))) (B (x v6 (I B)) (B S) (S (z S) v3) (I (S (I v19 z S)))))
B (v14 I (x I (z (z B) S I (z K))) (x v6 (I B) (B S (S (z S) v3)) (I (S (I v19 z S)))))
B (v14 I (x I (z (z B) S I (z K))) (x v6 B (B S (S (z S) v3)) (I (S (I v19 z S)))))
B (v14 I (x I (z (z B) S I (z K))) (x v6 B (B S (S (z S) v3)) (S (I v19 z S))))
B (v14 I (x I (z (z B) S I (z K))) (x v6 B (B S (S (z S) v3)) (S (v19 z S))))
v18 x (B (v10 B v13 (B I (K v20 (x B))) (z x (B (S K I)) B)) (I I))
v18 x (B (v10 B v13 (B I v20) (z x (B (S K I)) B)) (I I))
v18 x (B (v10 B v13 (B I v20) (z x (B (S K I)) B)) I)
B (z B (v22 I) (z (I z (z (S I)) K (S x))) (B (K (K (x S) x)) (K x z)))
B (z B (v22 I) (z (z (z (S I)) K (S x))) (B (K (K (x S) x)) (K x z)))
B (z B (v22 I) (z (z (z (S I)) K (S x))) (B (K (x S)) (K x z)))
B (z B (v22 I) (z (z (z (S I)) K (S x))) (B (K (x S)) x))
