K K (I v25 (I S))
K
I (S (K v19) (I (B v19) (v23 v26 (I z))) (S (B K)))
S (K v19) (I (B v19) (v23 v26 (I z))) (S (B K))
K v19 (S (B K)) (I (B v19) (v23 v26 (I z)) (S (B K)))
v19 (I (B v19) (v23 v26 (I z)) (S (B K)))
v19 (B v19 (v23 v26 (I z)) (S (B K)))
v19 (v19 (v23 v26 (I z) (S (B K))))
v19 (v19 (v23 v26 z (S (B K))))
B (x (S v10) S) (K (I (v19 (z S I (z (I z)))) (x (K I) I (K (z B) (I x)))) (I v28 S (z S (x (I v20)) (S x (x B S (K (B S))) (S (B K)))) x)) (x v2 K (K S) v17 (S (z (B (K I)) B (v2 B (K K S)) (K (I B K))) (x (S (K v2) z) z (B (B (K (x (B B))))) x)))
x (S v10) S (K (I (v19 (z S I (z (I z)))) (x (K I) I (K (z B) (I x)))) (I v28 S (z S (x (I v20)) (S x (x B S (K (B S))) (S (B K)))) x) (x v2 K (K S) v17 (S (z (B (K I)) B (v2 B (K K S)) (K (I B K))) (x (S (K v2) z) z (B (B (K (x (B B))))) x))))
x (S v10) S (I (v19 (z S I (z (I z)))) (x (K I) I (K (z B) (I x))) (x v2 K (K S) v17 (S (z (B (K I)) B (v2 B (K K S)) (K (I B K))) (x (S (K v2) z) z (B (B (K (x (B B))))) x))))
x (S v10) S (v19 (z S I (z (I z))) (x (K I) I (K (z B) (I x))) (x v2 K (K S) v17 (S (z (B (K I)) B (v2 B (K K S)) (K (I B K))) (x (S (K v2) z) z (B (B (K (x (B B))))) x))))
x (S v10) S (v19 (z S I (z z)) (x (K I) I (K (z B) (I x))) (x v2 K (K S) v17 (S (z (B (K I)) B (v2 B (K K S)) (K (I B K))) (x (S (K v2) z) z (B (B (K (x (B B))))) x))))
x (S v10) S (v19 (z S I (z z)) (x (K I) I (z B)) (x v2 K (K S) v17 (S (z (B (K I)) B (v2 B (K K S)) (K (I B K))) (x (S (K v2) z) z (B (B (K (x (B B))))) x))))
x (S v10) S (v19 (z S I (z z)) (x (K I) I (z B)) (x v2 K (K S) v17 (S (z (B (K I)) B (v2 B K) (K (I B K))) (x (S (K v2) z) z (B (B (K (x (B B))))) x))))
x (S v10) S (v19 (z S I (z z)) (x (K I) I (z B)) (x v2 K (K S) v17 (S (z (B (K I)) B (v2 B K) (K (B K))) (x (S (K v2) z) z (B (B (K (x (B B))))) x))))
v0 B (K (K x)) (K I) (B v6) (z S x) (I (K (x z B) x) (z (K K B)) (z I (I x) (z v26 (x x) x (z (K v18))))) (z S) (v27 z)
v0 B (K (K x)) (K I) (B v6) (z S x) (K (x z B) x (z (K K B)) (z I (I x) (z v26 (x x) x (z (K v18))))) (z S) (v27 z)
v0 B (K (K x)) (K I) (B v6) (z S x) (x z B (z (K K B)) (z I (I x) (z v26 (x x) x (z (K v18))))) (z S) (v27 z)
v0 B (K (K x)) (K I) (B v6) (z S x) (x z B (z K) (z I (I x) (z v26 (x x) x (z (K v18))))) (z S) (v27 z)
v0 B (K (K x)) (K I) (B v6) (z S x) (x z B (z K) (z I x (z v26 (x x) x (z (K v18))))) (z S) (v27 z)
x (x S v11) (I S)
x (x S v11) S
B (B S K) I B (B K (v22 v30) B (z (K B))) (x (S (K K S (B (z (S S))))) (B v9 (S v10 (x z (S K K))) (S (K (x v6 B)) (I (K z (x v10)))))) z (I (z (B I (B B (B (z x K) (K (x S))))) (z S (z (z (S (z x v15)))))))
B S K (I B) (B K (v22 v30) B (z (K B))) (x (S (K K S (B (z (S S))))) (B v9 (S v10 (x z (S K K))) (S (K (x v6 B)) (I (K z (x v10)))))) z (I (z (B I (B B (B (z x K) (K (x S))))) (z S (z (z (S (z x v15)))))))
S (K (I B)) (B K (v22 v30) B (z (K B))) (x (S (K K S (B (z (S S))))) (B v9 (S v10 (x z (S K K))) (S (K (x v6 B)) (I (K z (x v10)))))) z (I (z (B I (B B (B (z x K) (K (x S))))) (z S (z (z (S (z x v15)))))))
K (I B) (x (S (K K S (B (z (S S))))) (B v9 (S v10 (x z (S K K))) (S (K (x v6 B)) (I (K z (x v10)))))) (B K (v22 v30) B (z (K B)) (x (S (K K S (B (z (S S))))) (B v9 (S v10 (x z (S K K))) (S (K (x v6 B)) (I (K z (x v10))))))) z (I (z (B I (B B (B (z x K) (K (x S))))) (z S (z (z (S (z x v15)))))))
I B (B K (v22 v30) B (z (K B)) (x (S (K K S (B (z (S S))))) (B v9 (S v10 (x z (S K K))) (S (K (x v6 B)) (I (K z (x v10))))))) z (I (z (B I (B B (B (z x K) (K (x S))))) (z S (z (z (S (z x v15)))))))
B (B K (v22 v30) B (z (K B)) (x (S (K K S (B (z (S S))))) (B v9 (S v10 (x z (S K K))) (S (K (x v6 B)) (I (K z (x v10))))))) z (I (z (B I (B B (B (z x K) (K (x S))))) (z S (z (z (S (z x v15)))))))
B K (v22 v30) B (z (K B)) (x (S (K K S (B (z (S S))))) (B v9 (S v10 (x z (S K K))) (S (K (x v6 B)) (I (K z (x v10)))))) (z (I (z (B I (B B (B (z x K) (K (x S))))) (z S (z (z (S (z x v15))))))))
K (v22 v30 B) (z (K B)) (x (S (K K S (B (z (S S))))) (B v9 (S v10 (x z (S K K))) (S (K (x v6 B)) (I (K z (x v10)))))) (z (I (z (B I (B B (B (z x K) (K (x S))))) (z S (z (z (S (z x v15))))))))
v22 v30 B (x (S (K K S (B (z (S S))))) (B v9 (S v10 (x z (S K K))) (S (K (x v6 B)) (I (K z (x v10)))))) (z (I (z (B I (B B (B (z x K) (K (x S))))) (z S (z (z (S (z x v15))))))))
v22 v30 B (x (S (K (B (z (S S))))) (B v9 (S v10 (x z (S K K))) (S (K (x v6 B)) (I (K z (x v10)))))) (z (I (z (B I (B B (B (z x K) (K (x S))))) (z S (z (z (S (z x v15))))))))
v22 v30 B (x (S (K (B (z (S S))))) (v9 (S v10 (x z (S K K)) (S (K (x v6 B)) (I (K z (x v10))))))) (z (I (z (B I (B B (B (z x K) (K (x S))))) (z S (z (z (S (z x v15))))))))
v22 v30 B (x (S (K (B (z (S S))))) (v9 (v10 (S (K (x v6 B)) (I (K z (x v10)))) (x z (S K K) (S (K (x v6 B)) (I (K z (x v10)))))))) (z (I (z (B I (B B (B (z x K) (K (x S))))) (z S (z (z (S (z x v15))))))))
v22 v30 B (x (S (K (B (z (S S))))) (v9 (v10 (S (K (x v6 B)) (K z (x v10))) (x z (S K K) (S (K (x v6 B)) (I (K z (x v10)))))))) (z (I (z (B I (B B (B (z x K) (K (x S))))) (z S (z (z (S (z x v15))))))))
v22 v30 B (x (S (K (B (z (S S))))) (v9 (v10 (S (K (x v6 B)) z) (x z (S K K) (S (K (x v6 B)) (I (K z (x v10)))))))) (z (I (z (B I (B B (B (z x K) (K (x S))))) (z S (z (z (S (z x v15))))))))
v22 v30 B (x (S (K (B (z (S S))))) (v9 (v10 (S (K (x v6 B)) z) (x z (S K K) (S (K (x v6 B)) (K z (x v10))))))) (z (I (z (B I (B B (B (z x K) (K (x S))))) (z S (z (z (S (z x v15))))))))
v22 v30 B (x (S (K (B (z (S S))))) (v9 (v10 (S (K (x v6 B)) z) (x z (S K K) (S (K (x v6 B)) z))))) (z (I (z (B I (B B (B (z x K) (K (x S))))) (z S (z (z (S (z x v15))))))))
v22 v30 B (x (S (K (B (z (S S))))) (v9 (v10 (S (K (x v6 B)) z) (x z (S K K) (S (K (x v6 B)) z))))) (z (z (B I (B B (B (z x K) (K (x S))))) (z S (z (z (S (z x v15)))))))
x (I K v2 B (B (v8 S v5)) z (z (I (B v13)) (z B I) (x B) B)) (S (S (K z (S v4 v0 B S) z) (x S (I I)) I) K)
x (K v2 B (B (v8 S v5)) z (z (I (B v13)) (z B I) (x B) B)) (S (S (K z (S v4 v0 B S) z) (x S (I I)) I) K)
x (v2 (B (v8 S v5)) z (z (I (B v13)) (z B I) (x B) B)) (S (S (K z (S v4 v0 B S) z) (x S (I I)) I) K)
x (v2 (B (v8 S v5)) z (z (B v13) (z B I) (x B) B)) (S (S (K z (S v4 v0 B S) z) (x S (I I)) I) K)
x (v2 (B (v8 S v5)) z (z (B v13) (z B I) (x B) B)) (S (K z (S v4 v0 B S) z I (x S (I I) I)) K)
x (v2 (B (v8 S v5)) z (z (B v13) (z B I) (x B) B)) (S (z z I (x S (I I) I)) K)
x (v2 (B (v8 S v5)) z (z (B v13) (z B I) (x B) B)) (S (z z I (x S I I)) K)
v9
v30 B (B z) (I B (K (x x) (x (x (S (v19 (I (K x)))) x v12)) (v9 (v14 K) I)) (x x (B S)) (B (v1 (B (B z))) (v3 K) x)) (S x (z I (K (B I v12 (K B)) z (z (S K)) (v4 (B I (v11 I))) (z S S)) (B (S I S z (I S) z))))
v30 B (B z) (B (K (x x) (x (x (S (v19 (I (K x)))) x v12)) (v9 (v14 K) I)) (x x (B S)) (B (v1 (B (B z))) (v3 K) x)) (S x (z I (K (B I v12 (K B)) z (z (S K)) (v4 (B I (v11 I))) (z S S)) (B (S I S z (I S) z))))
v30 B (B z) (K (x x) (x (x (S (v19 (I (K x)))) x v12)) (v9 (v14 K) I) (x x (B S) (B (v1 (B (B z))) (v3 K) x))) (S x (z I (K (B I v12 (K B)) z (z (S K)) (v4 (B I (v11 I))) (z S S)) (B (S I S z (I S) z))))
v30 B (B z) (x x (v9 (v14 K) I) (x x (B S) (B (v1 (B (B z))) (v3 K) x))) (S x (z I (K (B I v12 (K B)) z (z (S K)) (v4 (B I (v11 I))) (z S S)) (B (S I S z (I S) z))))
v30 B (B z) (x x (v9 (v14 K) I) (x x (B S) (v1 (B (B z)) (v3 K x)))) (S x (z I (K (B I v12 (K B)) z (z (S K)) (v4 (B I (v11 I))) (z S S)) (B (S I S z (I S) z))))
v30 B (B z) (x x (v9 (v14 K) I) (x x (B S) (v1 (B (B z)) (v3 K x)))) (S x (z I (B I v12 (K B) (z (S K)) (v4 (B I (v11 I))) (z S S)) (B (S I S z (I S) z))))
v30 B (B z) (x x (v9 (v14 K) I) (x x (B S) (v1 (B (B z)) (v3 K x)))) (S x (z I (I (v12 (K B)) (z (S K)) (v4 (B I (v11 I))) (z S S)) (B (S I S z (I S) z))))
v30 B (B z) (x x (v9 (v14 K) I) (x x (B S) (v1 (B (B z)) (v3 K x)))) (S x (z I (v12 (K B) (z (S K)) (v4 (B I (v11 I))) (z S S)) (B (S I S z (I S) z))))
v30 B (B z) (x x (v9 (v14 K) I) (x x (B S) (v1 (B (B z)) (v3 K x)))) (S x (z I (v12 (K B) (z (S K)) (v4 (B I (v11 I))) (z S S)) (B (I z (S z) (I S) z))))
v30 B (B z) (x x (v9 (v14 K) I) (x x (B S) (v1 (B (B z)) (v3 K x)))) (S x (z I (v12 (K B) (z (S K)) (v4 (B I (v11 I))) (z S S)) (B (z (S z) (I S) z))))
v30 B (B z) (x x (v9 (v14 K) I) (x x (B S) (v1 (B (B z)) (v3 K x)))) (S x (z I (v12 (K B) (z (S K)) (v4 (B I (v11 I))) (z S S)) (B (z (S z) S z))))
z (I (v18 K (v19 B (x z))))
z (v18 K (v19 B (x z)))
