S (z z) (S (I z))
S (z z) (S z)
B (x I (B (B K) (z z) (I (v27 x)) (x (K v28 x (K (x S)))) z (S v29 K (S K (S I v23 v26) v5 v25))))
B (x I (B K (z z (I (v27 x))) (x (K v28 x (K (x S)))) z (S v29 K (S K (S I v23 v26) v5 v25))))
B (x I (K (z z (I (v27 x)) (x (K v28 x (K (x S))))) z (S v29 K (S K (S I v23 v26) v5 v25))))
B (x I (z z (I (v27 x)) (x (K v28 x (K (x S)))) (S v29 K (S K (S I v23 v26) v5 v25))))
B (x I (z z (v27 x) (x (K v28 x (K (x S)))) (S v29 K (S K (S I v23 v26) v5 v25))))
B (x I (z z (v27 x) (x (v28 (K (x S)))) (S v29 K (S K (S I v23 v26) v5 v25))))
B (x I (z z (v27 x) (x (v28 (K (x S)))) (v29 (S K (S I v23 v26) v5 v25) (K (S K (S I v23 v26) v5 v25)))))
B (x I (z z (v27 x) (x (v28 (K (x S)))) (v29 (K v5 (S I v23 v26 v5) v25) (K (S K (S I v23 v26) v5 v25)))))
B (x I (z z (v27 x) (x (v28 (K (x S)))) (v29 (v5 v25) (K (S K (S I v23 v26) v5 v25)))))
B (x I (z z (v27 x) (x (v28 (K (x S)))) (v29 (v5 v25) (K (K v5 (S I v23 v26 v5) v25)))))
B (x I (z z (v27 x) (x (v28 (K (x S)))) (v29 (v5 v25) (K (v5 v25)))))
v3 (S I) (x (z v17 v16 B) (z z (B (x x))) I) (K (B I) (B (z (I B)))) x (K (v24 z)) (z (x z)) (x (B z) (x S) z (z (B (K K) (x (v23 B)) x)) (B I))
v3 (S I) (x (z v17 v16 B) (z z (B (x x))) I) (B I) x (K (v24 z)) (z (x z)) (x (B z) (x S) z (z (B (K K) (x (v23 B)) x)) (B I))
v3 (S I) (x (z v17 v16 B) (z z (B (x x))) I) (B I) x (K (v24 z)) (z (x z)) (x (B z) (x S) z (z (K K (x (v23 B) x))) (B I))
v3 (S I) (x (z v17 v16 B) (z z (B (x x))) I) (B I) x (K (v24 z)) (z (x z)) (x (B z) (x S) z (z K) (B I))
K x (x (I (x (I (z (z S)))) x))
x
K S I (S (K (x v25 (x (v12 K K v7)) K))) (I (K (I z S I)) I) (I B x) (z (z B (B (v28 (v23 B I))) v26 z) z (v10 (v23 S K x)))
S (S (K (x v25 (x (v12 K K v7)) K))) (I (K (I z S I)) I) (I B x) (z (z B (B (v28 (v23 B I))) v26 z) z (v10 (v23 S K x)))
S (K (x v25 (x (v12 K K v7)) K)) (I B x) (I (K (I z S I)) I (I B x)) (z (z B (B (v28 (v23 B I))) v26 z) z (v10 (v23 S K x)))
K (x v25 (x (v12 K K v7)) K) (I (K (I z S I)) I (I B x)) (I B x (I (K (I z S I)) I (I B x))) (z (z B (B (v28 (v23 B I))) v26 z) z (v10 (v23 S K x)))
x v25 (x (v12 K K v7)) K (I B x (I (K (I z S I)) I (I B x))) (z (z B (B (v28 (v23 B I))) v26 z) z (v10 (v23 S K x)))
x v25 (x (v12 K K v7)) K (B x (I (K (I z S I)) I (I B x))) (z (z B (B (v28 (v23 B I))) v26 z) z (v10 (v23 S K x)))
x v25 (x (v12 K K v7)) K (B x (K (I z S I) I (I B x))) (z (z B (B (v28 (v23 B I))) v26 z) z (v10 (v23 S K x)))
x v25 (x (v12 K K v7)) K (B x (I z S I (I B x))) (z (z B (B (v28 (v23 B I))) v26 z) z (v10 (v23 S K x)))
x v25 (x (v12 K K v7)) K (B x (z S I (I B x))) (z (z B (B (v28 (v23 B I))) v26 z) z (v10 (v23 S K x)))
x v25 (x (v12 K K v7)) K (B x (z S I (B x))) (z (z B (B (v28 (v23 B I))) v26 z) z (v10 (v23 S K x)))
S x
B (x (v20 (I S x (x K))) (S (I I)) (K S (x (K B))) (v1 B (K (S B (z (I K S B)) (x K K) x x) (I x (z B I)))) (I B v20 z (z B) (S B z x (I I K))) (S (B S) (B B (S (I K) B (I I)) (z I) (x x) v20) v9))
B (x (v20 (S x (x K))) (S (I I)) (K S (x (K B))) (v1 B (K (S B (z (I K S B)) (x K K) x x) (I x (z B I)))) (I B v20 z (z B) (S B z x (I I K))) (S (B S) (B B (S (I K) B (I I)) (z I) (x x) v20) v9))
B (x (v20 (S x (x K))) (S I) (K S (x (K B))) (v1 B (K (S B (z (I K S B)) (x K K) x x) (I x (z B I)))) (I B v20 z (z B) (S B z x (I I K))) (S (B S) (B B (S (I K) B (I I)) (z I) (x x) v20) v9))
B (x (v20 (S x (x K))) (S I) S (v1 B (K (S B (z (I K S B)) (x K K) x x) (I x (z B I)))) (I B v20 z (z B) (S B z x (I I K))) (S (B S) (B B (S (I K) B (I I)) (z I) (x x) v20) v9))
B (x (v20 (S x (x K))) (S I) S (v1 B (S B (z (I K S B)) (x K K) x x)) (I B v20 z (z B) (S B z x (I I K))) (S (B S) (B B (S (I K) B (I I)) (z I) (x x) v20) v9))
B (x (v20 (S x (x K))) (S I) S (v1 B (B (x K K) (z (I K S B) (x K K)) x x)) (I B v20 z (z B) (S B z x (I I K))) (S (B S) (B B (S (I K) B (I I)) (z I) (x x) v20) v9))
B (x (v20 (S x (x K))) (S I) S (v1 B (x K K (z (I K S B) (x K K) x) x)) (I B v20 z (z B) (S B z x (I I K))) (S (B S) (B B (S (I K) B (I I)) (z I) (x x) v20) v9))
B (x (v20 (S x (x K))) (S I) S (v1 B (x K K (z (K S B) (x K K) x) x)) (I B v20 z (z B) (S B z x (I I K))) (S (B S) (B B (S (I K) B (I I)) (z I) (x x) v20) v9))
B (x (v20 (S x (x K))) (S I) S (v1 B (x K K (z S (x K K) x) x)) (I B v20 z (z B) (S B z x (I I K))) (S (B S) (B B (S (I K) B (I I)) (z I) (x x) v20) v9))
B (x (v20 (S x (x K))) (S I) S (v1 B (x K K (z S (x K K) x) x)) (B v20 z (z B) (S B z x (I I K))) (S (B S) (B B (S (I K) B (I I)) (z I) (x x) v20) v9))
B (x (v20 (S x (x K))) (S I) S (v1 B (x K K (z S (x K K) x) x)) (v20 (z (z B)) (S B z x (I I K))) (S (B S) (B B (S (I K) B (I I)) (z I) (x x) v20) v9))
B (x (v20 (S x (x K))) (S I) S (v1 B (x K K (z S (x K K) x) x)) (v20 (z (z B)) (B x (z x) (I I K))) (S (B S) (B B (S (I K) B (I I)) (z I) (x x) v20) v9))
B (x (v20 (S x (x K))) (S I) S (v1 B (x K K (z S (x K K) x) x)) (v20 (z (z B)) (x (z x (I I K)))) (S (B S) (B B (S (I K) B (I I)) (z I) (x x) v20) v9))
B (x (v20 (S x (x K))) (S I) S (v1 B (x K K (z S (x K K) x) x)) (v20 (z (z B)) (x (z x (I K)))) (S (B S) (B B (S (I K) B (I I)) (z I) (x x) v20) v9))
B (x (v20 (S x (x K))) (S I) S (v1 B (x K K (z S (x K K) x) x)) (v20 (z (z B)) (x (z x K))) (S (B S) (B B (S (I K) B (I I)) (z I) (x x) v20) v9))
B (x (v20 (S x (x K))) (S I) S (v1 B (x K K (z S (x K K) x) x)) (v20 (z (z B)) (x (z x K))) (B S v9 (B B (S (I K) B (I I)) (z I) (x x) v20 v9)))
B (x (v20 (S x (x K))) (S I) S (v1 B (x K K (z S (x K K) x) x)) (v20 (z (z B)) (x (z x K))) (S (v9 (B B (S (I K) B (I I)) (z I) (x x) v20 v9))))
B (x (v20 (S x (x K))) (S I) S (v1 B (x K K (z S (x K K) x) x)) (v20 (z (z B)) (x (z x K))) (S (v9 (B (S (I K) B (I I) (z I)) (x x) v20 v9))))
B (x (v20 (S x (x K))) (S I) S (v1 B (x K K (z S (x K K) x) x)) (v20 (z (z B)) (x (z x K))) (S (v9 (S (I K) B (I I) (z I) (x x v20) v9))))
B (x (v20 (S x (x K))) (S I) S (v1 B (x K K (z S (x K K) x) x)) (v20 (z (z B)) (x (z x K))) (S (v9 (I K (I I) (B (I I)) (z I) (x x v20) v9))))
B (x (v20 (S x (x K))) (S I) S (v1 B (x K K (z S (x K K) x) x)) (v20 (z (z B)) (x (z x K))) (S (v9 (K (I I) (B (I I)) (z I) (x x v20) v9))))
B (x (v20 (S x (x K))) (S I) S (v1 B (x K K (z S (x K K) x) x)) (v20 (z (z B)) (x (z x K))) (S (v9 (I I (z I) (x x v20) v9))))
B (x (v20 (S x (x K))) (S I) S (v1 B (x K K (z S (x K K) x) x)) (v20 (z (z B)) (x (z x K))) (S (v9 (I (z I) (x x v20) v9))))
B (x (v20 (S x (x K))) (S I) S (v1 B (x K K (z S (x K K) x) x)) (v20 (z (z B)) (x (z x K))) (S (v9 (z I (x x v20) v9))))
B (K (v9 (K K I) B K)) (K (v27 K S (K B) z) (S (z S))) I
K (v9 (K K I) B K) (K (v27 K S (K B) z) (S (z S)) I)
v9 (K K I) B K
v9 K B K
S (B z) z (S (v10 (v1 B) (S z) x x I (v11 (x (z I)) (S z)) (S (x (z S) v17)))) (B K z (B (v2 z x v24 x S))) (K x z (S I) (x v21 v16 z) (S (z (x (S (I B z (S (I (I B))))) (v13 S (K B I (v16 (x S)) (K z)))))) S x)
B z (S (v10 (v1 B) (S z) x x I (v11 (x (z I)) (S z)) (S (x (z S) v17)))) (z (S (v10 (v1 B) (S z) x x I (v11 (x (z I)) (S z)) (S (x (z S) v17))))) (B K z (B (v2 z x v24 x S))) (K x z (S I) (x v21 v16 z) (S (z (x (S (I B z (S (I (I B))))) (v13 S (K B I (v16 (x S)) (K z)))))) S x)
z (S (v10 (v1 B) (S z) x x I (v11 (x (z I)) (S z)) (S (x (z S) v17))) (z (S (v10 (v1 B) (S z) x x I (v11 (x (z I)) (S z)) (S (x (z S) v17)))))) (B K z (B (v2 z x v24 x S))) (K x z (S I) (x v21 v16 z) (S (z (x (S (I B z (S (I (I B))))) (v13 S (K B I (v16 (x S)) (K z)))))) S x)
z (S (v10 (v1 B) (S z) x x I (v11 (x (z I)) (S z)) (S (x (z S) v17))) (z (S (v10 (v1 B) (S z) x x I (v11 (x (z I)) (S z)) (S (x (z S) v17)))))) (K (z (B (v2 z x v24 x S)))) (K x z (S I) (x v21 v16 z) (S (z (x (S (I B z (S (I (I B))))) (v13 S (K B I (v16 (x S)) (K z)))))) S x)
z (S (v10 (v1 B) (S z) x x I (v11 (x (z I)) (S z)) (S (x (z S) v17))) (z (S (v10 (v1 B) (S z) x x I (v11 (x (z I)) (S z)) (S (x (z S) v17)))))) (K (z (B (v2 z x v24 x S)))) (x (S I) (x v21 v16 z) (S (z (x (S (I B z (S (I (I B))))) (v13 S (K B I (v16 (x S)) (K z)))))) S x)
z (S (v10 (v1 B) (S z) x x I (v11 (x (z I)) (S z)) (S (x (z S) v17))) (z (S (v10 (v1 B) (S z) x x I (v11 (x (z I)) (S z)) (S (x (z S) v17)))))) (K (z (B (v2 z x v24 x S)))) (x (S I) (x v21 v16 z) (S (z (x (S (B z (S (I (I B))))) (v13 S (K B I (v16 (x S)) (K z)))))) S x)
z (S (v10 (v1 B) (S z) x x I (v11 (x (z I)) (S z)) (S (x (z S) v17))) (z (S (v10 (v1 B) (S z) x x I (v11 (x (z I)) (S z)) (S (x (z S) v17)))))) (K (z (B (v2 z x v24 x S)))) (x (S I) (x v21 v16 z) (S (z (x (S (B z (S (I B)))) (v13 S (K B I (v16 (x S)) (K z)))))) S x)
z (S (v10 (v1 B) (S z) x x I (v11 (x (z I)) (S z)) (S (x (z S) v17))) (z (S (v10 (v1 B) (S z) x x I (v11 (x (z I)) (S z)) (S (x (z S) v17)))))) (K (z (B (v2 z x v24 x S)))) (x (S I) (x v21 v16 z) (S (z (x (S (B z (S B))) (v13 S (K B I (v16 (x S)) (K z)))))) S x)
z (S (v10 (v1 B) (S z) x x I (v11 (x (z I)) (S z)) (S (x (z S) v17))) (z (S (v10 (v1 B) (S z) x x I (v11 (x (z I)) (S z)) (S (x (z S) v17)))))) (K (z (B (v2 z x v24 x S)))) (x (S I) (x v21 v16 z) (S (z (x (S (B z (S B))) (v13 S (B (v16 (x S)) (K z)))))) S x)
v7
