v13
I
v29 (v8 (B z (K (z B I) (x v30 (x x)) S (K (K (B v22))) (K B K B) B v24))) B B (S (x z) (z v10 (z (B I)) B) (v28 x I K S S S (z z x I)) (S B))
v29 (v8 (B z (z B I S (K (K (B v22))) (K B K B) B v24))) B B (S (x z) (z v10 (z (B I)) B) (v28 x I K S S S (z z x I)) (S B))
v29 (v8 (B z (z B I S (K (K (B v22))) (B B) B v24))) B B (S (x z) (z v10 (z (B I)) B) (v28 x I K S S S (z z x I)) (S B))
v29 (v8 (B z (z B I S (K (K (B v22))) (B B) B v24))) B B (x z (v28 x I K S S S (z z x I)) (z v10 (z (B I)) B (v28 x I K S S S (z z x I))) (S B))
B (v0 v23 B (K (I (I B (I (I (v10 x))))))) (K (B v9 (x (I x) I) I) B) (B (z I (v1 (S x B z (v28 K)))) (S (z S K v27 (z (B S) S))) (B (v22 K (z z x)) (S B)) (B B (I z (v13 z) z I (I (x z))) I) (x S))
v0 v23 B (K (I (I B (I (I (v10 x)))))) (K (B v9 (x (I x) I) I) B (B (z I (v1 (S x B z (v28 K)))) (S (z S K v27 (z (B S) S))) (B (v22 K (z z x)) (S B)) (B B (I z (v13 z) z I (I (x z))) I) (x S)))
v0 v23 B (K (I B (I (I (v10 x))))) (K (B v9 (x (I x) I) I) B (B (z I (v1 (S x B z (v28 K)))) (S (z S K v27 (z (B S) S))) (B (v22 K (z z x)) (S B)) (B B (I z (v13 z) z I (I (x z))) I) (x S)))
v0 v23 B (K (B (I (I (v10 x))))) (K (B v9 (x (I x) I) I) B (B (z I (v1 (S x B z (v28 K)))) (S (z S K v27 (z (B S) S))) (B (v22 K (z z x)) (S B)) (B B (I z (v13 z) z I (I (x z))) I) (x S)))
v0 v23 B (K (B (I (v10 x)))) (K (B v9 (x (I x) I) I) B (B (z I (v1 (S x B z (v28 K)))) (S (z S K v27 (z (B S) S))) (B (v22 K (z z x)) (S B)) (B B (I z (v13 z) z I (I (x z))) I) (x S)))
v0 v23 B (K (B (v10 x))) (K (B v9 (x (I x) I) I) B (B (z I (v1 (S x B z (v28 K)))) (S (z S K v27 (z (B S) S))) (B (v22 K (z z x)) (S B)) (B B (I z (v13 z) z I (I (x z))) I) (x S)))
v0 v23 B (K (B (v10 x))) (B v9 (x (I x) I) I (B (z I (v1 (S x B z (v28 K)))) (S (z S K v27 (z (B S) S))) (B (v22 K (z z x)) (S B)) (B B (I z (v13 z) z I (I (x z))) I) (x S)))
v0 v23 B (K (B (v10 x))) (v9 (x (I x) I I) (B (z I (v1 (S x B z (v28 K)))) (S (z S K v27 (z (B S) S))) (B (v22 K (z z x)) (S B)) (B B (I z (v13 z) z I (I (x z))) I) (x S)))
v0 v23 B (K (B (v10 x))) (v9 (x x I I) (B (z I (v1 (S x B z (v28 K)))) (S (z S K v27 (z (B S) S))) (B (v22 K (z z x)) (S B)) (B B (I z (v13 z) z I (I (x z))) I) (x S)))
v0 v23 B (K (B (v10 x))) (v9 (x x I I) (z I (v1 (S x B z (v28 K))) (S (z S K v27 (z (B S) S)) (B (v22 K (z z x)) (S B))) (B B (I z (v13 z) z I (I (x z))) I) (x S)))
v0 v23 B (K (B (v10 x))) (v9 (x x I I) (z I (v1 (x z (B z) (v28 K))) (S (z S K v27 (z (B S) S)) (B (v22 K (z z x)) (S B))) (B B (I z (v13 z) z I (I (x z))) I) (x S)))
v0 v23 B (K (B (v10 x))) (v9 (x x I I) (z I (v1 (x z (B z) (v28 K))) (S (z S K v27 (z (B S) S)) (B (v22 K (z z x)) (S B))) (B (I z (v13 z) z I (I (x z)) I)) (x S)))
v0 v23 B (K (B (v10 x))) (v9 (x x I I) (z I (v1 (x z (B z) (v28 K))) (S (z S K v27 (z (B S) S)) (B (v22 K (z z x)) (S B))) (B (z (v13 z) z I (I (x z)) I)) (x S)))
v0 v23 B (K (B (v10 x))) (v9 (x x I I) (z I (v1 (x z (B z) (v28 K))) (S (z S K v27 (z (B S) S)) (B (v22 K (z z x)) (S B))) (B (z (v13 z) z I (x z) I)) (x S)))
z (v28 (S K (v4 (I x x) (I z)))) (S (B (x (S I K)) B) (I (S v4) z (z (S I)) (S x))) (I (z (x B) (B (z K) x (v11 v3)))) v21
z (v28 (S K (v4 (x x) (I z)))) (S (B (x (S I K)) B) (I (S v4) z (z (S I)) (S x))) (I (z (x B) (B (z K) x (v11 v3)))) v21
z (v28 (S K (v4 (x x) z))) (S (B (x (S I K)) B) (I (S v4) z (z (S I)) (S x))) (I (z (x B) (B (z K) x (v11 v3)))) v21
z (v28 (S K (v4 (x x) z))) (S (B (x (S I K)) B) (S v4 z (z (S I)) (S x))) (I (z (x B) (B (z K) x (v11 v3)))) v21
z (v28 (S K (v4 (x x) z))) (S (B (x (S I K)) B) (v4 (z (S I)) (z (z (S I))) (S x))) (I (z (x B) (B (z K) x (v11 v3)))) v21
z (v28 (S K (v4 (x x) z))) (S (B (x (S I K)) B) (v4 (z (S I)) (z (z (S I))) (S x))) (z (x B) (B (z K) x (v11 v3))) v21
z (v28 (S K (v4 (x x) z))) (S (B (x (S I K)) B) (v4 (z (S I)) (z (z (S I))) (S x))) (z (x B) (z K (x (v11 v3)))) v21
z (z (z B) I) z S z (x (S B (v6 z) B B) B (B (x z) (z S) B v25 v25 z)) (v25 (v24 v25 z B z) (K (S K (z (I z) (x I) B))) (K B (K (I (S x) S) (S v9 (x x)))))
z (z (z B) I) z S z (x (B B (v6 z B) B) B (B (x z) (z S) B v25 v25 z)) (v25 (v24 v25 z B z) (K (S K (z (I z) (x I) B))) (K B (K (I (S x) S) (S v9 (x x)))))
z (z (z B) I) z S z (x (B (v6 z B B)) B (B (x z) (z S) B v25 v25 z)) (v25 (v24 v25 z B z) (K (S K (z (I z) (x I) B))) (K B (K (I (S x) S) (S v9 (x x)))))
z (z (z B) I) z S z (x (B (v6 z B B)) B (x z (z S B) v25 v25 z)) (v25 (v24 v25 z B z) (K (S K (z (I z) (x I) B))) (K B (K (I (S x) S) (S v9 (x x)))))
z (z (z B) I) z S z (x (B (v6 z B B)) B (x z (z S B) v25 v25 z)) (v25 (v24 v25 z B z) (K (S K (z z (x I) B))) (K B (K (I (S x) S) (S v9 (x x)))))
z (z (z B) I) z S z (x (B (v6 z B B)) B (x z (z S B) v25 v25 z)) (v25 (v24 v25 z B z) (K (S K (z z (x I) B))) B)
x (S (S (B v19) v30 z)) (x v26 I (x (v29 B)) v13 S S) (x (z (z I x) x (S (B z K) v28 I) (z x z)) (v17 S v14) (S v22)) (x z (v18 (z I)) v4 S v11 B)
x (S (B v19 z (v30 z))) (x v26 I (x (v29 B)) v13 S S) (x (z (z I x) x (S (B z K) v28 I) (z x z)) (v17 S v14) (S v22)) (x z (v18 (z I)) v4 S v11 B)
x (S (v19 (z (v30 z)))) (x v26 I (x (v29 B)) v13 S S) (x (z (z I x) x (S (B z K) v28 I) (z x z)) (v17 S v14) (S v22)) (x z (v18 (z I)) v4 S v11 B)
x (S (v19 (z (v30 z)))) (x v26 I (x (v29 B)) v13 S S) (x (z (z I x) x (B z K I (v28 I)) (z x z)) (v17 S v14) (S v22)) (x z (v18 (z I)) v4 S v11 B)
x (S (v19 (z (v30 z)))) (x v26 I (x (v29 B)) v13 S S) (x (z (z I x) x (z (K I) (v28 I)) (z x z)) (v17 S v14) (S v22)) (x z (v18 (z I)) v4 S v11 B)
K K x (v26 K z)
K (v26 K z)
I (z (x (v7 (S (x x x) I (x (z x) x B) (K (x v18)) (I K (z (v21 S) I) (x (v30 (K K) S)))))))
z (x (v7 (S (x x x) I (x (z x) x B) (K (x v18)) (I K (z (v21 S) I) (x (v30 (K K) S))))))
z (x (v7 (x x x (x (z x) x B) (I (x (z x) x B)) (K (x v18)) (I K (z (v21 S) I) (x (v30 (K K) S))))))
z (x (v7 (x x x (x (z x) x B) (x (z x) x B) (K (x v18)) (I K (z (v21 S) I) (x (v30 (K K) S))))))
z (x (v7 (x x x (x (z x) x B) (x (z x) x B) (K (x v18)) (K (z (v21 S) I) (x (v30 (K K) S))))))
z (x (v7 (x x x (x (z x) x B) (x (z x) x B) (K (x v18)) (z (v21 S) I))))
v19
