S x (B (K (B (B (z (z I z S)))) (B (z K) (K z z) (K I x (B x v29)))))
S x (B (B (B (z (z I z S)))))
B
z z K (I (B z z))
z z K (B z z)
I (B z (z (v22 (B K)))) (x x)
B z (z (v22 (B K))) (x x)
z (z (v22 (B K)) (x x))
x v30 v30 K (K (z (B z B) z z (S K) (S x)) K (K z)) (x (B B B)) K
x v30 v30 K (z (B z B) z z (S K) (S x) (K z)) (x (B B B)) K
B S z (B K (v9 v22) z) (S z K (z x)) (K (x K)) (K (x z)) (v28 z B) (z S (K z z)) v30 (I z (v19 (x B (z (I S))) (z (z K)) (S v8 B)))
S (z (B K (v9 v22) z)) (S z K (z x)) (K (x K)) (K (x z)) (v28 z B) (z S (K z z)) v30 (I z (v19 (x B (z (I S))) (z (z K)) (S v8 B)))
z (B K (v9 v22) z) (K (x K)) (S z K (z x) (K (x K))) (K (x z)) (v28 z B) (z S (K z z)) v30 (I z (v19 (x B (z (I S))) (z (z K)) (S v8 B)))
z (K (v9 v22 z)) (K (x K)) (S z K (z x) (K (x K))) (K (x z)) (v28 z B) (z S (K z z)) v30 (I z (v19 (x B (z (I S))) (z (z K)) (S v8 B)))
z (K (v9 v22 z)) (K (x K)) (z (z x) (K (z x)) (K (x K))) (K (x z)) (v28 z B) (z S (K z z)) v30 (I z (v19 (x B (z (I S))) (z (z K)) (S v8 B)))
z (K (v9 v22 z)) (K (x K)) (z (z x) (K (z x)) (K (x K))) (K (x z)) (v28 z B) (z S z) v30 (I z (v19 (x B (z (I S))) (z (z K)) (S v8 B)))
z (K (v9 v22 z)) (K (x K)) (z (z x) (K (z x)) (K (x K))) (K (x z)) (v28 z B) (z S z) v30 (z (v19 (x B (z (I S))) (z (z K)) (S v8 B)))
z (K (v9 v22 z)) (K (x K)) (z (z x) (K (z x)) (K (x K))) (K (x z)) (v28 z B) (z S z) v30 (z (v19 (x B (z S)) (z (z K)) (S v8 B)))
z (I (B (z (v5 (x x) z)) K (v6 (x (I B) S) (K I) I))) (K (v24 S (x v11) B (z (v17 (x I) K (K (z x))))) (z I) (I (I (B K z v15)))) (x (z (I S)) (K x S (x (v10 x (S (v13 K x K) B B (K (S (v9 x) S (z S))))) z)))
z (B (z (v5 (x x) z)) K (v6 (x (I B) S) (K I) I)) (K (v24 S (x v11) B (z (v17 (x I) K (K (z x))))) (z I) (I (I (B K z v15)))) (x (z (I S)) (K x S (x (v10 x (S (v13 K x K) B B (K (S (v9 x) S (z S))))) z)))
z (z (v5 (x x) z) (K (v6 (x (I B) S) (K I) I))) (K (v24 S (x v11) B (z (v17 (x I) K (K (z x))))) (z I) (I (I (B K z v15)))) (x (z (I S)) (K x S (x (v10 x (S (v13 K x K) B B (K (S (v9 x) S (z S))))) z)))
z (z (v5 (x x) z) (K (v6 (x B S) (K I) I))) (K (v24 S (x v11) B (z (v17 (x I) K (K (z x))))) (z I) (I (I (B K z v15)))) (x (z (I S)) (K x S (x (v10 x (S (v13 K x K) B B (K (S (v9 x) S (z S))))) z)))
z (z (v5 (x x) z) (K (v6 (x B S) (K I) I))) (v24 S (x v11) B (z (v17 (x I) K (K (z x)))) (I (I (B K z v15)))) (x (z (I S)) (K x S (x (v10 x (S (v13 K x K) B B (K (S (v9 x) S (z S))))) z)))
z (z (v5 (x x) z) (K (v6 (x B S) (K I) I))) (v24 S (x v11) B (z (v17 (x I) K (K (z x)))) (I (B K z v15))) (x (z (I S)) (K x S (x (v10 x (S (v13 K x K) B B (K (S (v9 x) S (z S))))) z)))
z (z (v5 (x x) z) (K (v6 (x B S) (K I) I))) (v24 S (x v11) B (z (v17 (x I) K (K (z x)))) (B K z v15)) (x (z (I S)) (K x S (x (v10 x (S (v13 K x K) B B (K (S (v9 x) S (z S))))) z)))
z (z (v5 (x x) z) (K (v6 (x B S) (K I) I))) (v24 S (x v11) B (z (v17 (x I) K (K (z x)))) (K (z v15))) (x (z (I S)) (K x S (x (v10 x (S (v13 K x K) B B (K (S (v9 x) S (z S))))) z)))
z (z (v5 (x x) z) (K (v6 (x B S) (K I) I))) (v24 S (x v11) B (z (v17 (x I) K (K (z x)))) (K (z v15))) (x (z S) (K x S (x (v10 x (S (v13 K x K) B B (K (S (v9 x) S (z S))))) z)))
z (z (v5 (x x) z) (K (v6 (x B S) (K I) I))) (v24 S (x v11) B (z (v17 (x I) K (K (z x)))) (K (z v15))) (x (z S) (x (x (v10 x (S (v13 K x K) B B (K (S (v9 x) S (z S))))) z)))
z (z (v5 (x x) z) (K (v6 (x B S) (K I) I))) (v24 S (x v11) B (z (v17 (x I) K (K (z x)))) (K (z v15))) (x (z S) (x (x (v10 x (v13 K x K B (B B) (K (S (v9 x) S (z S))))) z)))
z (z (v5 (x x) z) (K (v6 (x B S) (K I) I))) (v24 S (x v11) B (z (v17 (x I) K (K (z x)))) (K (z v15))) (x (z S) (x (x (v10 x (v13 K x K B (B B) (K (v9 x (z S) (S (z S)))))) z)))
z (K (I (x B (B S)))) (x (S I z v9) (I B)) (K (K v30 B S (B I (K (K I))) (S (B z (K (v23 I)) S x)))) (S (I I)) (B S)
z (K (x B (B S))) (x (S I z v9) (I B)) (K (K v30 B S (B I (K (K I))) (S (B z (K (v23 I)) S x)))) (S (I I)) (B S)
z (K (x B (B S))) (x (I v9 (z v9)) (I B)) (K (K v30 B S (B I (K (K I))) (S (B z (K (v23 I)) S x)))) (S (I I)) (B S)
z (K (x B (B S))) (x (v9 (z v9)) (I B)) (K (K v30 B S (B I (K (K I))) (S (B z (K (v23 I)) S x)))) (S (I I)) (B S)
z (K (x B (B S))) (x (v9 (z v9)) B) (K (K v30 B S (B I (K (K I))) (S (B z (K (v23 I)) S x)))) (S (I I)) (B S)
z (K (x B (B S))) (x (v9 (z v9)) B) (K (v30 S (B I (K (K I))) (S (B z (K (v23 I)) S x)))) (S (I I)) (B S)
z (K (x B (B S))) (x (v9 (z v9)) B) (K (v30 S (B I (K (K I))) (S (z (K (v23 I) S) x)))) (S (I I)) (B S)
z (K (x B (B S))) (x (v9 (z v9)) B) (K (v30 S (B I (K (K I))) (S (z (v23 I) x)))) (S (I I)) (B S)
z (K (x B (B S))) (x (v9 (z v9)) B) (K (v30 S (B I (K (K I))) (S (z (v23 I) x)))) (S I) (B S)
B K (v27 K S B) (z K S) (v24 (v20 (x B) (z (x (K S)))) (z (S S) (K x) (z v1)) B (x K (I (S (B v7 B)))) I K) (B (S I v23) (v16 (z (x z) (K I)))) x (v5 B (v29 (z (x (K (I z))) (B S (K B))) (K z z K) (z (x v7)) (S K (z (z z)))) (S (v6 I (x v3 S B) I K)))
K (v27 K S B (z K S)) (v24 (v20 (x B) (z (x (K S)))) (z (S S) (K x) (z v1)) B (x K (I (S (B v7 B)))) I K) (B (S I v23) (v16 (z (x z) (K I)))) x (v5 B (v29 (z (x (K (I z))) (B S (K B))) (K z z K) (z (x v7)) (S K (z (z z)))) (S (v6 I (x v3 S B) I K)))
v27 K S B (z K S) (B (S I v23) (v16 (z (x z) (K I)))) x (v5 B (v29 (z (x (K (I z))) (B S (K B))) (K z z K) (z (x v7)) (S K (z (z z)))) (S (v6 I (x v3 S B) I K)))
v27 K S B (z K S) (B (S I v23) (v16 (z (x z) (K I)))) x (v5 B (v29 (z (x (K z)) (B S (K B))) (K z z K) (z (x v7)) (S K (z (z z)))) (S (v6 I (x v3 S B) I K)))
v27 K S B (z K S) (B (S I v23) (v16 (z (x z) (K I)))) x (v5 B (v29 (z (x (K z)) (B S (K B))) (z K) (z (x v7)) (S K (z (z z)))) (S (v6 I (x v3 S B) I K)))
z B
