x (z (B (S z))) (S x) (z (I x) (v17 z (B (K B S (K S (v27 I))))) (S v28))
x (z (B (S z))) (S x) (z x (v17 z (B (K B S (K S (v27 I))))) (S v28))
x (z (B (S z))) (S x) (z x (v17 z (B (B (K S (v27 I))))) (S v28))
x (z (B (S z))) (S x) (z x (v17 z (B (B S))) (S v28))
x (S (I K) I) (B (z (S S)) B (I K K) (x (I x)) S) (z (z x)) (S B)
x (S K I) (B (z (S S)) B (I K K) (x (I x)) S) (z (z x)) (S B)
x (S K I) (z (S S) (B (I K K)) (x (I x)) S) (z (z x)) (S B)
x (S K I) (z (S S) (B (K K)) (x (I x)) S) (z (z x)) (S B)
x (S K I) (z (S S) (B (K K)) (x x) S) (z (z x)) (S B)
I
S K K (I I) (S (I I)) (S (z B (B z v14)) (v21 (v10 (K (S (S v21 B)) B x)) v23 x (K (v1 (z (v5 (I (v3 S v18 v9))))))))
K (I I) (K (I I)) (S (I I)) (S (z B (B z v14)) (v21 (v10 (K (S (S v21 B)) B x)) v23 x (K (v1 (z (v5 (I (v3 S v18 v9))))))))
I I (S (I I)) (S (z B (B z v14)) (v21 (v10 (K (S (S v21 B)) B x)) v23 x (K (v1 (z (v5 (I (v3 S v18 v9))))))))
I (S (I I)) (S (z B (B z v14)) (v21 (v10 (K (S (S v21 B)) B x)) v23 x (K (v1 (z (v5 (I (v3 S v18 v9))))))))
S (I I) (S (z B (B z v14)) (v21 (v10 (K (S (S v21 B)) B x)) v23 x (K (v1 (z (v5 (I (v3 S v18 v9))))))))
S I (S (z B (B z v14)) (v21 (v10 (K (S (S v21 B)) B x)) v23 x (K (v1 (z (v5 (I (v3 S v18 v9))))))))
S I (S (z B (B z v14)) (v21 (v10 (S (S v21 B) x)) v23 x (K (v1 (z (v5 (I (v3 S v18 v9))))))))
S I (S (z B (B z v14)) (v21 (v10 (S (S v21 B) x)) v23 x (K (v1 (z (v5 (v3 S v18 v9)))))))
K
v12 (I (I v19 K z S)) (K B S I (I x)) (v27 (S B (K (I S S))) (S B v29 z) (S (K (x z) v8 (x B) K (B I))))
v12 (I v19 K z S) (K B S I (I x)) (v27 (S B (K (I S S))) (S B v29 z) (S (K (x z) v8 (x B) K (B I))))
v12 (v19 K z S) (K B S I (I x)) (v27 (S B (K (I S S))) (S B v29 z) (S (K (x z) v8 (x B) K (B I))))
v12 (v19 K z S) (B I (I x)) (v27 (S B (K (I S S))) (S B v29 z) (S (K (x z) v8 (x B) K (B I))))
v12 (v19 K z S) (B I x) (v27 (S B (K (I S S))) (S B v29 z) (S (K (x z) v8 (x B) K (B I))))
v12 (v19 K z S) (B I x) (v27 (S B (K (S S))) (S B v29 z) (S (K (x z) v8 (x B) K (B I))))
v12 (v19 K z S) (B I x) (v27 (S B (K (S S))) (B z (v29 z)) (S (K (x z) v8 (x B) K (B I))))
v12 (v19 K z S) (B I x) (v27 (S B (K (S S))) (B z (v29 z)) (S (x z (x B) K (B I))))
x (K (x v8) (x v30) z (S (K x)) z S (x B K x (z (S S I S (B (I v14 (z B)))))) (v1 (K v8 (z (S S B) B)) (x K (x (z x x x) (z I z)) (B (I x z) B)) (B v10 I v16 (K (I x K)) (K B (z z I v15 S) (S z (v20 z))) x)))
x (x v8 z (S (K x)) z S (x B K x (z (S S I S (B (I v14 (z B)))))) (v1 (K v8 (z (S S B) B)) (x K (x (z x x x) (z I z)) (B (I x z) B)) (B v10 I v16 (K (I x K)) (K B (z z I v15 S) (S z (v20 z))) x)))
x (x v8 z (S (K x)) z S (x B K x (z (S S (I S) (B (I v14 (z B)))))) (v1 (K v8 (z (S S B) B)) (x K (x (z x x x) (z I z)) (B (I x z) B)) (B v10 I v16 (K (I x K)) (K B (z z I v15 S) (S z (v20 z))) x)))
x (x v8 z (S (K x)) z S (x B K x (z (S (B (I v14 (z B))) (I S (B (I v14 (z B))))))) (v1 (K v8 (z (S S B) B)) (x K (x (z x x x) (z I z)) (B (I x z) B)) (B v10 I v16 (K (I x K)) (K B (z z I v15 S) (S z (v20 z))) x)))
x (x v8 z (S (K x)) z S (x B K x (z (S (B (v14 (z B))) (I S (B (I v14 (z B))))))) (v1 (K v8 (z (S S B) B)) (x K (x (z x x x) (z I z)) (B (I x z) B)) (B v10 I v16 (K (I x K)) (K B (z z I v15 S) (S z (v20 z))) x)))
x (x v8 z (S (K x)) z S (x B K x (z (S (B (v14 (z B))) (S (B (I v14 (z B))))))) (v1 (K v8 (z (S S B) B)) (x K (x (z x x x) (z I z)) (B (I x z) B)) (B v10 I v16 (K (I x K)) (K B (z z I v15 S) (S z (v20 z))) x)))
x (x v8 z (S (K x)) z S (x B K x (z (S (B (v14 (z B))) (S (B (v14 (z B))))))) (v1 (K v8 (z (S S B) B)) (x K (x (z x x x) (z I z)) (B (I x z) B)) (B v10 I v16 (K (I x K)) (K B (z z I v15 S) (S z (v20 z))) x)))
x (x v8 z (S (K x)) z S (x B K x (z (S (B (v14 (z B))) (S (B (v14 (z B))))))) (v1 v8 (x K (x (z x x x) (z I z)) (B (I x z) B)) (B v10 I v16 (K (I x K)) (K B (z z I v15 S) (S z (v20 z))) x)))
x (x v8 z (S (K x)) z S (x B K x (z (S (B (v14 (z B))) (S (B (v14 (z B))))))) (v1 v8 (x K (x (z x x x) (z I z)) (B (x z) B)) (B v10 I v16 (K (I x K)) (K B (z z I v15 S) (S z (v20 z))) x)))
x (x v8 z (S (K x)) z S (x B K x (z (S (B (v14 (z B))) (S (B (v14 (z B))))))) (v1 v8 (x K (x (z x x x) (z I z)) (B (x z) B)) (v10 (I v16) (K (I x K)) (K B (z z I v15 S) (S z (v20 z))) x)))
x (x v8 z (S (K x)) z S (x B K x (z (S (B (v14 (z B))) (S (B (v14 (z B))))))) (v1 v8 (x K (x (z x x x) (z I z)) (B (x z) B)) (v10 v16 (K (I x K)) (K B (z z I v15 S) (S z (v20 z))) x)))
x (x v8 z (S (K x)) z S (x B K x (z (S (B (v14 (z B))) (S (B (v14 (z B))))))) (v1 v8 (x K (x (z x x x) (z I z)) (B (x z) B)) (v10 v16 (K (x K)) (K B (z z I v15 S) (S z (v20 z))) x)))
x (x v8 z (S (K x)) z S (x B K x (z (S (B (v14 (z B))) (S (B (v14 (z B))))))) (v1 v8 (x K (x (z x x x) (z I z)) (B (x z) B)) (v10 v16 (K (x K)) (B (S z (v20 z))) x)))
z K v28 (x (z (z (x (v27 S))) (I (I x)) z (B (v6 (I B) (v13 v14)))) (v11 x) (I (I (B K) (B I)))) (x (v17 (I (I z B)) (I v1 S x))) (S (S (B K I)))
z K v28 (x (z (z (x (v27 S))) (I x) z (B (v6 (I B) (v13 v14)))) (v11 x) (I (I (B K) (B I)))) (x (v17 (I (I z B)) (I v1 S x))) (S (S (B K I)))
z K v28 (x (z (z (x (v27 S))) x z (B (v6 (I B) (v13 v14)))) (v11 x) (I (I (B K) (B I)))) (x (v17 (I (I z B)) (I v1 S x))) (S (S (B K I)))
z K v28 (x (z (z (x (v27 S))) x z (B (v6 B (v13 v14)))) (v11 x) (I (I (B K) (B I)))) (x (v17 (I (I z B)) (I v1 S x))) (S (S (B K I)))
z K v28 (x (z (z (x (v27 S))) x z (B (v6 B (v13 v14)))) (v11 x) (I (B K) (B I))) (x (v17 (I (I z B)) (I v1 S x))) (S (S (B K I)))
z K v28 (x (z (z (x (v27 S))) x z (B (v6 B (v13 v14)))) (v11 x) (B K (B I))) (x (v17 (I (I z B)) (I v1 S x))) (S (S (B K I)))
z K v28 (x (z (z (x (v27 S))) x z (B (v6 B (v13 v14)))) (v11 x) (B K (B I))) (x (v17 (I z B) (I v1 S x))) (S (S (B K I)))
z K v28 (x (z (z (x (v27 S))) x z (B (v6 B (v13 v14)))) (v11 x) (B K (B I))) (x (v17 (z B) (I v1 S x))) (S (S (B K I)))
z K v28 (x (z (z (x (v27 S))) x z (B (v6 B (v13 v14)))) (v11 x) (B K (B I))) (x (v17 (z B) (v1 S x))) (S (S (B K I)))
x S (x (B S)) (I (z B S) (x B)) (S v29 S) (S S B) v8 z
x S (x (B S)) (z B S (x B)) (S v29 S) (S S B) v8 z
S (z I x x S (z (v18 I z)) (x (z x I) x) B) (K (z (S v18 z (S S)) (I S) (S (K x) (I (K I)) (B S)))) (B (S I B I) (x (B (I K) S (I v2) I))) (x (B (I (I v8) z) v17 (v14 S)))
z I x x S (z (v18 I z)) (x (z x I) x) B (B (S I B I) (x (B (I K) S (I v2) I))) (K (z (S v18 z (S S)) (I S) (S (K x) (I (K I)) (B S))) (B (S I B I) (x (B (I K) S (I v2) I)))) (x (B (I (I v8) z) v17 (v14 S)))
z I x x S (z (v18 I z)) (x (z x I) x) B (B (I I (B I)) (x (B (I K) S (I v2) I))) (K (z (S v18 z (S S)) (I S) (S (K x) (I (K I)) (B S))) (B (S I B I) (x (B (I K) S (I v2) I)))) (x (B (I (I v8) z) v17 (v14 S)))
z I x x S (z (v18 I z)) (x (z x I) x) B (B (I (B I)) (x (B (I K) S (I v2) I))) (K (z (S v18 z (S S)) (I S) (S (K x) (I (K I)) (B S))) (B (S I B I) (x (B (I K) S (I v2) I)))) (x (B (I (I v8) z) v17 (v14 S)))
z I x x S (z (v18 I z)) (x (z x I) x) B (B (B I) (x (B (I K) S (I v2) I))) (K (z (S v18 z (S S)) (I S) (S (K x) (I (K I)) (B S))) (B (S I B I) (x (B (I K) S (I v2) I)))) (x (B (I (I v8) z) v17 (v14 S)))
z I x x S (z (v18 I z)) (x (z x I) x) B (B (B I) (x (I K (S (I v2)) I))) (K (z (S v18 z (S S)) (I S) (S (K x) (I (K I)) (B S))) (B (S I B I) (x (B (I K) S (I v2) I)))) (x (B (I (I v8) z) v17 (v14 S)))
z I x x S (z (v18 I z)) (x (z x I) x) B (B (B I) (x (K (S (I v2)) I))) (K (z (S v18 z (S S)) (I S) (S (K x) (I (K I)) (B S))) (B (S I B I) (x (B (I K) S (I v2) I)))) (x (B (I (I v8) z) v17 (v14 S)))
z I x x S (z (v18 I z)) (x (z x I) x) B (B (B I) (x (S (I v2)))) (K (z (S v18 z (S S)) (I S) (S (K x) (I (K I)) (B S))) (B (S I B I) (x (B (I K) S (I v2) I)))) (x (B (I (I v8) z) v17 (v14 S)))
z I x x S (z (v18 I z)) (x (z x I) x) B (B (B I) (x (S v2))) (K (z (S v18 z (S S)) (I S) (S (K x) (I (K I)) (B S))) (B (S I B I) (x (B (I K) S (I v2) I)))) (x (B (I (I v8) z) v17 (v14 S)))
z I x x S (z (v18 I z)) (x (z x I) x) B (B (B I) (x (S v2))) (z (S v18 z (S S)) (I S) (S (K x) (I (K I)) (B S))) (x (B (I (I v8) z) v17 (v14 S)))
z I x x S (z (v18 I z)) (x (z x I) x) B (B (B I) (x (S v2))) (z (v18 (S S) (z (S S))) (I S) (S (K x) (I (K I)) (B S))) (x (B (I (I v8) z) v17 (v14 S)))
z I x x S (z (v18 I z)) (x (z x I) x) B (B (B I) (x (S v2))) (z (v18 (S S) (z (S S))) S (S (K x) (I (K I)) (B S))) (x (B (I (I v8) z) v17 (v14 S)))
z I x x S (z (v18 I z)) (x (z x I) x) B (B (B I) (x (S v2))) (z (v18 (S S) (z (S S))) S (K x (B S) (I (K I) (B S)))) (x (B (I (I v8) z) v17 (v14 S)))
z I x x S (z (v18 I z)) (x (z x I) x) B (B (B I) (x (S v2))) (z (v18 (S S) (z (S S))) S (x (I (K I) (B S)))) (x (B (I (I v8) z) v17 (v14 S)))
z I x x S (z (v18 I z)) (x (z x I) x) B (B (B I) (x (S v2))) (z (v18 (S S) (z (S S))) S (x (K I (B S)))) (x (B (I (I v8) z) v17 (v14 S)))
z I x x S (z (v18 I z)) (x (z x I) x) B (B (B I) (x (S v2))) (z (v18 (S S) (z (S S))) S (x I)) (x (B (I (I v8) z) v17 (v14 S)))
z I x x S (z (v18 I z)) (x (z x I) x) B (B (B I) (x (S v2))) (z (v18 (S S) (z (S S))) S (x I)) (x (I (I v8) z (v17 (v14 S))))
z I x x S (z (v18 I z)) (x (z x I) x) B (B (B I) (x (S v2))) (z (v18 (S S) (z (S S))) S (x I)) (x (I v8 z (v17 (v14 S))))
z I x x S (z (v18 I z)) (x (z x I) x) B (B (B I) (x (S v2))) (z (v18 (S S) (z (S S))) S (x I)) (x (v8 z (v17 (v14 S))))
