z (B (B K x (B (B v14)) (z K B x) (I (v6 S) (I K I) B (v27 v3)))) S (B I (S I (z (z v5 x I (z I))) (z (K (z I) z)))) (K (z (I I) (B (v11 (I B (K B) x))) (x (I v11 (K x)) x)))
z (B (K (x (B (B v14))) (z K B x) (I (v6 S) (I K I) B (v27 v3)))) S (B I (S I (z (z v5 x I (z I))) (z (K (z I) z)))) (K (z (I I) (B (v11 (I B (K B) x))) (x (I v11 (K x)) x)))
z (B (x (B (B v14)) (I (v6 S) (I K I) B (v27 v3)))) S (B I (S I (z (z v5 x I (z I))) (z (K (z I) z)))) (K (z (I I) (B (v11 (I B (K B) x))) (x (I v11 (K x)) x)))
z (B (x (B (B v14)) (v6 S (I K I) B (v27 v3)))) S (B I (S I (z (z v5 x I (z I))) (z (K (z I) z)))) (K (z (I I) (B (v11 (I B (K B) x))) (x (I v11 (K x)) x)))
z (B (x (B (B v14)) (v6 S (K I) B (v27 v3)))) S (B I (S I (z (z v5 x I (z I))) (z (K (z I) z)))) (K (z (I I) (B (v11 (I B (K B) x))) (x (I v11 (K x)) x)))
z (B (x (B (B v14)) (v6 S (K I) B (v27 v3)))) S (B I (I (z (K (z I) z)) (z (z v5 x I (z I)) (z (K (z I) z))))) (K (z (I I) (B (v11 (I B (K B) x))) (x (I v11 (K x)) x)))
z (B (x (B (B v14)) (v6 S (K I) B (v27 v3)))) S (B I (z (K (z I) z) (z (z v5 x I (z I)) (z (K (z I) z))))) (K (z (I I) (B (v11 (I B (K B) x))) (x (I v11 (K x)) x)))
z (B (x (B (B v14)) (v6 S (K I) B (v27 v3)))) S (B I (z (z I) (z (z v5 x I (z I)) (z (K (z I) z))))) (K (z (I I) (B (v11 (I B (K B) x))) (x (I v11 (K x)) x)))
z (B (x (B (B v14)) (v6 S (K I) B (v27 v3)))) S (B I (z (z I) (z (z v5 x I (z I)) (z (z I))))) (K (z (I I) (B (v11 (I B (K B) x))) (x (I v11 (K x)) x)))
z (B (x (B (B v14)) (v6 S (K I) B (v27 v3)))) S (B I (z (z I) (z (z v5 x I (z I)) (z (z I))))) (K (z I (B (v11 (I B (K B) x))) (x (I v11 (K x)) x)))
z (B (x (B (B v14)) (v6 S (K I) B (v27 v3)))) S (B I (z (z I) (z (z v5 x I (z I)) (z (z I))))) (K (z I (B (v11 (B (K B) x))) (x (I v11 (K x)) x)))
z (B (x (B (B v14)) (v6 S (K I) B (v27 v3)))) S (B I (z (z I) (z (z v5 x I (z I)) (z (z I))))) (K (z I (B (v11 (B (K B) x))) (x (v11 (K x)) x)))
I (x (B (v17 I (v21 z (K z) B) z))) (K (I (I B x) z (x S)) (x (B (z (K B v11) x))) x) (B (z (I x x (B (K (S z) S))) I K) (I S (K (S (B (I K) B z v26 (K z))))) z)
x (B (v17 I (v21 z (K z) B) z)) (K (I (I B x) z (x S)) (x (B (z (K B v11) x))) x) (B (z (I x x (B (K (S z) S))) I K) (I S (K (S (B (I K) B z v26 (K z))))) z)
x (B (v17 I (v21 z (K z) B) z)) (I (I B x) z (x S) x) (B (z (I x x (B (K (S z) S))) I K) (I S (K (S (B (I K) B z v26 (K z))))) z)
x (B (v17 I (v21 z (K z) B) z)) (I B x z (x S) x) (B (z (I x x (B (K (S z) S))) I K) (I S (K (S (B (I K) B z v26 (K z))))) z)
x (B (v17 I (v21 z (K z) B) z)) (B x z (x S) x) (B (z (I x x (B (K (S z) S))) I K) (I S (K (S (B (I K) B z v26 (K z))))) z)
x (B (v17 I (v21 z (K z) B) z)) (x (z (x S)) x) (B (z (I x x (B (K (S z) S))) I K) (I S (K (S (B (I K) B z v26 (K z))))) z)
x (B (v17 I (v21 z (K z) B) z)) (x (z (x S)) x) (z (I x x (B (K (S z) S))) I K (I S (K (S (B (I K) B z v26 (K z)))) z))
x (B (v17 I (v21 z (K z) B) z)) (x (z (x S)) x) (z (x x (B (K (S z) S))) I K (I S (K (S (B (I K) B z v26 (K z)))) z))
x (B (v17 I (v21 z (K z) B) z)) (x (z (x S)) x) (z (x x (B (S z))) I K (I S (K (S (B (I K) B z v26 (K z)))) z))
x (B (v17 I (v21 z (K z) B) z)) (x (z (x S)) x) (z (x x (B (S z))) I K (S (K (S (B (I K) B z v26 (K z)))) z))
x (B (v17 I (v21 z (K z) B) z)) (x (z (x S)) x) (z (x x (B (S z))) I K (S (K (S (I K (B z) v26 (K z)))) z))
x (B (v17 I (v21 z (K z) B) z)) (x (z (x S)) x) (z (x x (B (S z))) I K (S (K (S (K (B z) v26 (K z)))) z))
x (B (v17 I (v21 z (K z) B) z)) (x (z (x S)) x) (z (x x (B (S z))) I K (S (K (S (B z (K z)))) z))
I (K v11 (K (x (S v27 K))) B B (z S) B) (K B)
K v11 (K (x (S v27 K))) B B (z S) B (K B)
v11 B B (z S) B (K B)
K (K S I (z (I K (x (B v7 z) S) (K (I K) (K v5))) S))
K (S (z (I K (x (B v7 z) S) (K (I K) (K v5))) S))
K (S (z (K (x (B v7 z) S) (K (I K) (K v5))) S))
K (S (z (x (B v7 z) S) S))
K (S S) (I (K x (I (z x K)) (I (z z)) (z x (I x) (K I))) S) I
S S I
z K (K (x (I I v17) (v4 z)) (K (v0 x) (z (I x (x (B x)) (B (I (v8 (B z)) K) v1)) S) (z (v16 I)))) (z (I (z I) I I x) (B I) (v13 v9))
z K (x (I I v17) (v4 z)) (z (I (z I) I I x) (B I) (v13 v9))
z K (x (I v17) (v4 z)) (z (I (z I) I I x) (B I) (v13 v9))
z K (x v17 (v4 z)) (z (I (z I) I I x) (B I) (v13 v9))
z K (x v17 (v4 z)) (z (z I I I x) (B I) (v13 v9))
K v3 (v4 (x (B B z)))
v3
K
B z K (I (z (z K) x))
z (K (I (z (z K) x)))
z (K (z (z K) x))
I (K z) S v24 (I (S z (S S) B) I (S K (S z))) (K B z) v27 (v4 S)
K z S v24 (I (S z (S S) B) I (S K (S z))) (K B z) v27 (v4 S)
z v24 (I (S z (S S) B) I (S K (S z))) (K B z) v27 (v4 S)
z v24 (S z (S S) B I (S K (S z))) (K B z) v27 (v4 S)
z v24 (z B (S S B) I (S K (S z))) (K B z) v27 (v4 S)
z v24 (z B (S S B) I (S K (S z))) B v27 (v4 S)
