z (S (I (I z))) S (S (v10 I S x) v14) B K (x I x)
z (S (I z)) S (S (v10 I S x) v14) B K (x I x)
z (S z) S (S (v10 I S x) v14) B K (x I x)
B
I
v9 S v24 K v5 (I z (x v17 K)) (x I (z I)) (v0 K (B (x (B (x I) K)))) (z I) v26 (S (I (I (S v4) (I B)))) (I (K (v26 B) B (z K) (I (x S x v4 x (z S)) (B z)) (z (S B))) S)
v9 S v24 K v5 (z (x v17 K)) (x I (z I)) (v0 K (B (x (B (x I) K)))) (z I) v26 (S (I (I (S v4) (I B)))) (I (K (v26 B) B (z K) (I (x S x v4 x (z S)) (B z)) (z (S B))) S)
v9 S v24 K v5 (z (x v17 K)) (x I (z I)) (v0 K (B (x (B (x I) K)))) (z I) v26 (S (I (S v4) (I B))) (I (K (v26 B) B (z K) (I (x S x v4 x (z S)) (B z)) (z (S B))) S)
v9 S v24 K v5 (z (x v17 K)) (x I (z I)) (v0 K (B (x (B (x I) K)))) (z I) v26 (S (S v4 (I B))) (I (K (v26 B) B (z K) (I (x S x v4 x (z S)) (B z)) (z (S B))) S)
v9 S v24 K v5 (z (x v17 K)) (x I (z I)) (v0 K (B (x (B (x I) K)))) (z I) v26 (S (S v4 B)) (I (K (v26 B) B (z K) (I (x S x v4 x (z S)) (B z)) (z (S B))) S)
v9 S v24 K v5 (z (x v17 K)) (x I (z I)) (v0 K (B (x (B (x I) K)))) (z I) v26 (S (S v4 B)) (K (v26 B) B (z K) (I (x S x v4 x (z S)) (B z)) (z (S B)) S)
v9 S v24 K v5 (z (x v17 K)) (x I (z I)) (v0 K (B (x (B (x I) K)))) (z I) v26 (S (S v4 B)) (v26 B (z K) (I (x S x v4 x (z S)) (B z)) (z (S B)) S)
v9 S v24 K v5 (z (x v17 K)) (x I (z I)) (v0 K (B (x (B (x I) K)))) (z I) v26 (S (S v4 B)) (v26 B (z K) (x S x v4 x (z S) (B z)) (z (S B)) S)
S (B (S x (z z S K))) v4
S (K x) (K z) (B (I (I K (v10 (z K))) K)) (I (x S K S (K S (I (z I)) I)) v4) (B (z K K) (I I (S v19 x)) (v7 K (K B)))
K x (B (I (I K (v10 (z K))) K)) (K z (B (I (I K (v10 (z K))) K))) (I (x S K S (K S (I (z I)) I)) v4) (B (z K K) (I I (S v19 x)) (v7 K (K B)))
x (K z (B (I (I K (v10 (z K))) K))) (I (x S K S (K S (I (z I)) I)) v4) (B (z K K) (I I (S v19 x)) (v7 K (K B)))
x z (I (x S K S (K S (I (z I)) I)) v4) (B (z K K) (I I (S v19 x)) (v7 K (K B)))
x z (x S K S (K S (I (z I)) I) v4) (B (z K K) (I I (S v19 x)) (v7 K (K B)))
x z (x S K S (S I) v4) (B (z K K) (I I (S v19 x)) (v7 K (K B)))
x z (x S K S (S I) v4) (z K K (I I (S v19 x) (v7 K (K B))))
x z (x S K S (S I) v4) (z K K (I (S v19 x) (v7 K (K B))))
x z (x S K S (S I) v4) (z K K (S v19 x (v7 K (K B))))
x z (x S K S (S I) v4) (z K K (v19 (v7 K (K B)) (x (v7 K (K B)))))
B (B (K K)) (x (I (S x) v22) B (v8 (z B (x (B (B (S v27)))) S) (z I (v0 (K (K K) B z x S (z I)))) K)) K
B (K K) (x (I (S x) v22) B (v8 (z B (x (B (B (S v27)))) S) (z I (v0 (K (K K) B z x S (z I)))) K) K)
B (K K) (x (S x v22) B (v8 (z B (x (B (B (S v27)))) S) (z I (v0 (K (K K) B z x S (z I)))) K) K)
B (K K) (x (S x v22) B (v8 (z B (x (B (B (S v27)))) S) (z I (v0 (K K z x S (z I)))) K) K)
B (K K) (x (S x v22) B (v8 (z B (x (B (B (S v27)))) S) (z I (v0 (K x S (z I)))) K) K)
B (K K) (x (S x v22) B (v8 (z B (x (B (B (S v27)))) S) (z I (v0 (x (z I)))) K) K)
I (x (S K x) x I (I x (I B S S))) S x (B z)
x (S K x) x I (I x (I B S S)) S x (B z)
x (S K x) x I (x (I B S S)) S x (B z)
x (S K x) x I (x (B S S)) S x (B z)
K (K S) v11
K S
K K (B K) B B (x (I (K I)) (K (v14 v12) z)) S z (z I)
K B B (x (I (K I)) (K (v14 v12) z)) S z (z I)
B (x (I (K I)) (K (v14 v12) z)) S z (z I)
x (I (K I)) (K (v14 v12) z) (S z) (z I)
x (K I) (K (v14 v12) z) (S z) (z I)
x (K I) (v14 v12) (S z) (z I)
