I (K (v13 x (I S) (B K))) S (S S) (B (z (z K S) S))
K (v13 x (I S) (B K)) S (S S) (B (z (z K S) S))
v13 x (I S) (B K) (S S) (B (z (z K S) S))
v13 x S (B K) (S S) (B (z (z K S) S))
x v12 (B I z) v23
z (z (S x))
z (x (z v2 (z K (v29 B)) x) I)
x (I S B (v28 S) v12 (I (B (K x z) B)) z (K (S (v14 K x)))) (S v13 (x K (S (I (z z)))) (z z (z (v28 v1)) (K (x x I x I (I B))) K) (z (I v16 (x (x v0) B)) (B v17 I)))
x (S B (v28 S) v12 (I (B (K x z) B)) z (K (S (v14 K x)))) (S v13 (x K (S (I (z z)))) (z z (z (v28 v1)) (K (x x I x I (I B))) K) (z (I v16 (x (x v0) B)) (B v17 I)))
x (B v12 (v28 S v12) (I (B (K x z) B)) z (K (S (v14 K x)))) (S v13 (x K (S (I (z z)))) (z z (z (v28 v1)) (K (x x I x I (I B))) K) (z (I v16 (x (x v0) B)) (B v17 I)))
x (v12 (v28 S v12 (I (B (K x z) B))) z (K (S (v14 K x)))) (S v13 (x K (S (I (z z)))) (z z (z (v28 v1)) (K (x x I x I (I B))) K) (z (I v16 (x (x v0) B)) (B v17 I)))
x (v12 (v28 S v12 (B (K x z) B)) z (K (S (v14 K x)))) (S v13 (x K (S (I (z z)))) (z z (z (v28 v1)) (K (x x I x I (I B))) K) (z (I v16 (x (x v0) B)) (B v17 I)))
x (v12 (v28 S v12 (B x B)) z (K (S (v14 K x)))) (S v13 (x K (S (I (z z)))) (z z (z (v28 v1)) (K (x x I x I (I B))) K) (z (I v16 (x (x v0) B)) (B v17 I)))
x (v12 (v28 S v12 (B x B)) z (K (S (v14 K x)))) (v13 (z z (z (v28 v1)) (K (x x I x I (I B))) K) (x K (S (I (z z))) (z z (z (v28 v1)) (K (x x I x I (I B))) K)) (z (I v16 (x (x v0) B)) (B v17 I)))
x (v12 (v28 S v12 (B x B)) z (K (S (v14 K x)))) (v13 (z z (z (v28 v1)) (K (x x I x I B)) K) (x K (S (I (z z))) (z z (z (v28 v1)) (K (x x I x I (I B))) K)) (z (I v16 (x (x v0) B)) (B v17 I)))
x (v12 (v28 S v12 (B x B)) z (K (S (v14 K x)))) (v13 (z z (z (v28 v1)) (K (x x I x I B)) K) (x K (S (z z)) (z z (z (v28 v1)) (K (x x I x I (I B))) K)) (z (I v16 (x (x v0) B)) (B v17 I)))
x (v12 (v28 S v12 (B x B)) z (K (S (v14 K x)))) (v13 (z z (z (v28 v1)) (K (x x I x I B)) K) (x K (S (z z)) (z z (z (v28 v1)) (K (x x I x I B)) K)) (z (I v16 (x (x v0) B)) (B v17 I)))
x (v12 (v28 S v12 (B x B)) z (K (S (v14 K x)))) (v13 (z z (z (v28 v1)) (K (x x I x I B)) K) (x K (S (z z)) (z z (z (v28 v1)) (K (x x I x I B)) K)) (z (v16 (x (x v0) B)) (B v17 I)))
B
S
v16 (I x) (K (I (z (S I (v6 I (z K)) S B)) (B K) S) (B (x (S (I v9) x (B v25 (B (v29 (I B v9))))) (x I))))
v16 x (K (I (z (S I (v6 I (z K)) S B)) (B K) S) (B (x (S (I v9) x (B v25 (B (v29 (I B v9))))) (x I))))
v16 x (I (z (S I (v6 I (z K)) S B)) (B K) S)
v16 x (z (S I (v6 I (z K)) S B) (B K) S)
v16 x (z (I S (v6 I (z K) S) B) (B K) S)
v16 x (z (S (v6 I (z K) S) B) (B K) S)
z v8 z (K (K K x (K B (S K))) (x (v6 (z I)) (v7 S v2) (I x) z (S S B v14) (v9 (K K) (K v22 (S z))) z) z)
z v8 z (K K x (K B (S K)) z)
z v8 z (K (K B (S K)) z)
z v8 z (K B (S K))
z v8 z B
K (K (z z) (I I) (K (x (K (K z))))) (S I (z S x (x I)) (I v1)) B (z S z x (S K z S (B B) (B (I I) (x x (I B (K v22 v27)) K))) K) (S I v26 (v25 I S (K z (B v12))) (I (S (x K)) (S (x x)) B (z x))) (v6 (B (I v27 z) (S x I) K) z)
K (z z) (I I) (K (x (K (K z)))) B (z S z x (S K z S (B B) (B (I I) (x x (I B (K v22 v27)) K))) K) (S I v26 (v25 I S (K z (B v12))) (I (S (x K)) (S (x x)) B (z x))) (v6 (B (I v27 z) (S x I) K) z)
z z (K (x (K (K z)))) B (z S z x (S K z S (B B) (B (I I) (x x (I B (K v22 v27)) K))) K) (S I v26 (v25 I S (K z (B v12))) (I (S (x K)) (S (x x)) B (z x))) (v6 (B (I v27 z) (S x I) K) z)
z z (K (x (K (K z)))) B (z S z x (K S (z S) (B B) (B (I I) (x x (I B (K v22 v27)) K))) K) (S I v26 (v25 I S (K z (B v12))) (I (S (x K)) (S (x x)) B (z x))) (v6 (B (I v27 z) (S x I) K) z)
z z (K (x (K (K z)))) B (z S z x (S (B B) (B (I I) (x x (I B (K v22 v27)) K))) K) (S I v26 (v25 I S (K z (B v12))) (I (S (x K)) (S (x x)) B (z x))) (v6 (B (I v27 z) (S x I) K) z)
z z (K (x (K (K z)))) B (z S z x (S (B B) (B I (x x (I B (K v22 v27)) K))) K) (S I v26 (v25 I S (K z (B v12))) (I (S (x K)) (S (x x)) B (z x))) (v6 (B (I v27 z) (S x I) K) z)
z z (K (x (K (K z)))) B (z S z x (S (B B) (B I (x x (B (K v22 v27)) K))) K) (S I v26 (v25 I S (K z (B v12))) (I (S (x K)) (S (x x)) B (z x))) (v6 (B (I v27 z) (S x I) K) z)
z z (K (x (K (K z)))) B (z S z x (S (B B) (B I (x x (B v22) K))) K) (S I v26 (v25 I S (K z (B v12))) (I (S (x K)) (S (x x)) B (z x))) (v6 (B (I v27 z) (S x I) K) z)
z z (K (x (K (K z)))) B (z S z x (S (B B) (B I (x x (B v22) K))) K) (I (v25 I S (K z (B v12))) (v26 (v25 I S (K z (B v12)))) (I (S (x K)) (S (x x)) B (z x))) (v6 (B (I v27 z) (S x I) K) z)
z z (K (x (K (K z)))) B (z S z x (S (B B) (B I (x x (B v22) K))) K) (v25 I S (K z (B v12)) (v26 (v25 I S (K z (B v12)))) (I (S (x K)) (S (x x)) B (z x))) (v6 (B (I v27 z) (S x I) K) z)
z z (K (x (K (K z)))) B (z S z x (S (B B) (B I (x x (B v22) K))) K) (v25 I S z (v26 (v25 I S (K z (B v12)))) (I (S (x K)) (S (x x)) B (z x))) (v6 (B (I v27 z) (S x I) K) z)
z z (K (x (K (K z)))) B (z S z x (S (B B) (B I (x x (B v22) K))) K) (v25 I S z (v26 (v25 I S z)) (I (S (x K)) (S (x x)) B (z x))) (v6 (B (I v27 z) (S x I) K) z)
z z (K (x (K (K z)))) B (z S z x (S (B B) (B I (x x (B v22) K))) K) (v25 I S z (v26 (v25 I S z)) (S (x K) (S (x x)) B (z x))) (v6 (B (I v27 z) (S x I) K) z)
z z (K (x (K (K z)))) B (z S z x (S (B B) (B I (x x (B v22) K))) K) (v25 I S z (v26 (v25 I S z)) (x K B (S (x x) B) (z x))) (v6 (B (I v27 z) (S x I) K) z)
z z (K (x (K (K z)))) B (z S z x (S (B B) (B I (x x (B v22) K))) K) (v25 I S z (v26 (v25 I S z)) (x K B (S (x x) B) (z x))) (v6 (I v27 z (S x I K)) z)
z z (K (x (K (K z)))) B (z S z x (S (B B) (B I (x x (B v22) K))) K) (v25 I S z (v26 (v25 I S z)) (x K B (S (x x) B) (z x))) (v6 (v27 z (S x I K)) z)
z z (K (x (K (K z)))) B (z S z x (S (B B) (B I (x x (B v22) K))) K) (v25 I S z (v26 (v25 I S z)) (x K B (S (x x) B) (z x))) (v6 (v27 z (x K (I K))) z)
z z (K (x (K (K z)))) B (z S z x (S (B B) (B I (x x (B v22) K))) K) (v25 I S z (v26 (v25 I S z)) (x K B (S (x x) B) (z x))) (v6 (v27 z (x K K)) z)
