z
B
K (S (B I)) (v14 (S (z B) K) (z (K (z z) x)) I)
S (B I)
I (x S (I (z I)) (B z (K (S (x K v9 x))))) (z B) (v14 z) (x (K (K (S (x B)))) (z S) (K S))
x S (I (z I)) (B z (K (S (x K v9 x)))) (z B) (v14 z) (x (K (K (S (x B)))) (z S) (K S))
x S (z I) (B z (K (S (x K v9 x)))) (z B) (v14 z) (x (K (K (S (x B)))) (z S) (K S))
x
v7 z K (v30 K) (z (B K) z (v1 (S (z v4 (x z) v15 S (S K) S)) z))
B
I (S (I (K I)) x (K v6) (x v28 (B K x (S S)))) (I S) (x S)
S (I (K I)) x (K v6) (x v28 (B K x (S S))) (I S) (x S)
I (K I) (K v6) (x (K v6)) (x v28 (B K x (S S))) (I S) (x S)
K I (K v6) (x (K v6)) (x v28 (B K x (S S))) (I S) (x S)
I (x (K v6)) (x v28 (B K x (S S))) (I S) (x S)
x (K v6) (x v28 (B K x (S S))) (I S) (x S)
x (K v6) (x v28 (K (x (S S)))) (I S) (x S)
x (K v6) (x v28 (K (x (S S)))) S (x S)
I x (K K) (z (S x) K) (K I) K (K (K (v11 I) K (v23 x) (v8 z v25))) (v28 (I (x z)) B (I (B B B (K z B) v8) B (I I I) (S K (x (I B (x (I (K I))))) x) (K (I (K K (x v16)) K z (S (K (I x) v2 z (v13 (z x) (I (K z)))))) (S z))))
x (K K) (z (S x) K) (K I) K (K (K (v11 I) K (v23 x) (v8 z v25))) (v28 (I (x z)) B (I (B B B (K z B) v8) B (I I I) (S K (x (I B (x (I (K I))))) x) (K (I (K K (x v16)) K z (S (K (I x) v2 z (v13 (z x) (I (K z)))))) (S z))))
x (K K) (z (S x) K) (K I) K (K (v11 I (v23 x) (v8 z v25))) (v28 (I (x z)) B (I (B B B (K z B) v8) B (I I I) (S K (x (I B (x (I (K I))))) x) (K (I (K K (x v16)) K z (S (K (I x) v2 z (v13 (z x) (I (K z)))))) (S z))))
x (K K) (z (S x) K) (K I) K (K (v11 I (v23 x) (v8 z v25))) (v28 (x z) B (I (B B B (K z B) v8) B (I I I) (S K (x (I B (x (I (K I))))) x) (K (I (K K (x v16)) K z (S (K (I x) v2 z (v13 (z x) (I (K z)))))) (S z))))
x (K K) (z (S x) K) (K I) K (K (v11 I (v23 x) (v8 z v25))) (v28 (x z) B (B B B (K z B) v8 B (I I I) (S K (x (I B (x (I (K I))))) x) (K (I (K K (x v16)) K z (S (K (I x) v2 z (v13 (z x) (I (K z)))))) (S z))))
x (K K) (z (S x) K) (K I) K (K (v11 I (v23 x) (v8 z v25))) (v28 (x z) B (B (B (K z B)) v8 B (I I I) (S K (x (I B (x (I (K I))))) x) (K (I (K K (x v16)) K z (S (K (I x) v2 z (v13 (z x) (I (K z)))))) (S z))))
x (K K) (z (S x) K) (K I) K (K (v11 I (v23 x) (v8 z v25))) (v28 (x z) B (B (K z B) (v8 B) (I I I) (S K (x (I B (x (I (K I))))) x) (K (I (K K (x v16)) K z (S (K (I x) v2 z (v13 (z x) (I (K z)))))) (S z))))
x (K K) (z (S x) K) (K I) K (K (v11 I (v23 x) (v8 z v25))) (v28 (x z) B (K z B (v8 B (I I I)) (S K (x (I B (x (I (K I))))) x) (K (I (K K (x v16)) K z (S (K (I x) v2 z (v13 (z x) (I (K z)))))) (S z))))
x (K K) (z (S x) K) (K I) K (K (v11 I (v23 x) (v8 z v25))) (v28 (x z) B (z (v8 B (I I I)) (S K (x (I B (x (I (K I))))) x) (K (I (K K (x v16)) K z (S (K (I x) v2 z (v13 (z x) (I (K z)))))) (S z))))
x (K K) (z (S x) K) (K I) K (K (v11 I (v23 x) (v8 z v25))) (v28 (x z) B (z (v8 B (I I)) (S K (x (I B (x (I (K I))))) x) (K (I (K K (x v16)) K z (S (K (I x) v2 z (v13 (z x) (I (K z)))))) (S z))))
x (K K) (z (S x) K) (K I) K (K (v11 I (v23 x) (v8 z v25))) (v28 (x z) B (z (v8 B I) (S K (x (I B (x (I (K I))))) x) (K (I (K K (x v16)) K z (S (K (I x) v2 z (v13 (z x) (I (K z)))))) (S z))))
x (K K) (z (S x) K) (K I) K (K (v11 I (v23 x) (v8 z v25))) (v28 (x z) B (z (v8 B I) (K x (x (I B (x (I (K I)))) x)) (K (I (K K (x v16)) K z (S (K (I x) v2 z (v13 (z x) (I (K z)))))) (S z))))
x (K K) (z (S x) K) (K I) K (K (v11 I (v23 x) (v8 z v25))) (v28 (x z) B (z (v8 B I) x (K (I (K K (x v16)) K z (S (K (I x) v2 z (v13 (z x) (I (K z)))))) (S z))))
x (K K) (z (S x) K) (K I) K (K (v11 I (v23 x) (v8 z v25))) (v28 (x z) B (z (v8 B I) x (I (K K (x v16)) K z (S (K (I x) v2 z (v13 (z x) (I (K z))))))))
x (K K) (z (S x) K) (K I) K (K (v11 I (v23 x) (v8 z v25))) (v28 (x z) B (z (v8 B I) x (K K (x v16) K z (S (K (I x) v2 z (v13 (z x) (I (K z))))))))
x (K K) (z (S x) K) (K I) K (K (v11 I (v23 x) (v8 z v25))) (v28 (x z) B (z (v8 B I) x (K K z (S (K (I x) v2 z (v13 (z x) (I (K z))))))))
x (K K) (z (S x) K) (K I) K (K (v11 I (v23 x) (v8 z v25))) (v28 (x z) B (z (v8 B I) x (K (S (K (I x) v2 z (v13 (z x) (I (K z))))))))
x (K K) (z (S x) K) (K I) K (K (v11 I (v23 x) (v8 z v25))) (v28 (x z) B (z (v8 B I) x (K (S (I x z (v13 (z x) (I (K z))))))))
x (K K) (z (S x) K) (K I) K (K (v11 I (v23 x) (v8 z v25))) (v28 (x z) B (z (v8 B I) x (K (S (x z (v13 (z x) (I (K z))))))))
x (K K) (z (S x) K) (K I) K (K (v11 I (v23 x) (v8 z v25))) (v28 (x z) B (z (v8 B I) x (K (S (x z (v13 (z x) (K z)))))))
B B (x (x (S K v26 S) B) S v14) x (B (x (B (x x))) I x (K (z B) (K v7)) K (K (x (S K)) (K I (I z v16 (K B)))) (v19 (B K))) (v14 (B (z z)) I (B B))
B (x (x (S K v26 S) B) S v14 x) (B (x (B (x x))) I x (K (z B) (K v7)) K (K (x (S K)) (K I (I z v16 (K B)))) (v19 (B K))) (v14 (B (z z)) I (B B))
x (x (S K v26 S) B) S v14 x (B (x (B (x x))) I x (K (z B) (K v7)) K (K (x (S K)) (K I (I z v16 (K B)))) (v19 (B K)) (v14 (B (z z)) I (B B)))
x (x (K S (v26 S)) B) S v14 x (B (x (B (x x))) I x (K (z B) (K v7)) K (K (x (S K)) (K I (I z v16 (K B)))) (v19 (B K)) (v14 (B (z z)) I (B B)))
x (x S B) S v14 x (B (x (B (x x))) I x (K (z B) (K v7)) K (K (x (S K)) (K I (I z v16 (K B)))) (v19 (B K)) (v14 (B (z z)) I (B B)))
x (x S B) S v14 x (x (B (x x)) (I x) (K (z B) (K v7)) K (K (x (S K)) (K I (I z v16 (K B)))) (v19 (B K)) (v14 (B (z z)) I (B B)))
x (x S B) S v14 x (x (B (x x)) x (K (z B) (K v7)) K (K (x (S K)) (K I (I z v16 (K B)))) (v19 (B K)) (v14 (B (z z)) I (B B)))
x (x S B) S v14 x (x (B (x x)) x (z B) K (K (x (S K)) (K I (I z v16 (K B)))) (v19 (B K)) (v14 (B (z z)) I (B B)))
x (x S B) S v14 x (x (B (x x)) x (z B) K (x (S K)) (v19 (B K)) (v14 (B (z z)) I (B B)))
