x (z (I (x K)) x (K (K (I x))) x z K) (z v17 x (K z) (K K I (K I S (B (B (K K B)) x (K K) (v26 v24 S))) (x (K (z (I v0 I))))))
x (z (x K) x (K (K (I x))) x z K) (z v17 x (K z) (K K I (K I S (B (B (K K B)) x (K K) (v26 v24 S))) (x (K (z (I v0 I))))))
x (z (x K) x (K (K x)) x z K) (z v17 x (K z) (K K I (K I S (B (B (K K B)) x (K K) (v26 v24 S))) (x (K (z (I v0 I))))))
x (z (x K) x (K (K x)) x z K) (z v17 x (K z) (K (K I S (B (B (K K B)) x (K K) (v26 v24 S))) (x (K (z (I v0 I))))))
x (z (x K) x (K (K x)) x z K) (z v17 x (K z) (K I S (B (B (K K B)) x (K K) (v26 v24 S))))
x (z (x K) x (K (K x)) x z K) (z v17 x (K z) (I (B (B (K K B)) x (K K) (v26 v24 S))))
x (z (x K) x (K (K x)) x z K) (z v17 x (K z) (B (B (K K B)) x (K K) (v26 v24 S)))
x (z (x K) x (K (K x)) x z K) (z v17 x (K z) (B (K K B) (x (K K)) (v26 v24 S)))
x (z (x K) x (K (K x)) x z K) (z v17 x (K z) (K K B (x (K K) (v26 v24 S))))
x (z (x K) x (K (K x)) x z K) (z v17 x (K z) (K (x (K K) (v26 v24 S))))
K (B B) (K (v27 (B x x (K (B I I)))) (x x S (x S)))
B B
x B (I (S (x K)) B (K x) S) S (z (v23 (I x z)) (K (K (x v9) (x v14))) v9)
x B (S (x K) B (K x) S) S (z (v23 (I x z)) (K (K (x v9) (x v14))) v9)
x B (x K (K x) (B (K x)) S) S (z (v23 (I x z)) (K (K (x v9) (x v14))) v9)
x B (x K (K x) (B (K x)) S) S (z (v23 (x z)) (K (K (x v9) (x v14))) v9)
x B (x K (K x) (B (K x)) S) S (z (v23 (x z)) (K (x v9)) v9)
z (x (v2 (z x) z v4)) (S (S I B) I I) (I (v26 S (z x))) (z (K S S B) x)
z (x (v2 (z x) z v4)) (S I B I (I I)) (I (v26 S (z x))) (z (K S S B) x)
z (x (v2 (z x) z v4)) (I I (B I) (I I)) (I (v26 S (z x))) (z (K S S B) x)
z (x (v2 (z x) z v4)) (I (B I) (I I)) (I (v26 S (z x))) (z (K S S B) x)
z (x (v2 (z x) z v4)) (B I (I I)) (I (v26 S (z x))) (z (K S S B) x)
z (x (v2 (z x) z v4)) (B I I) (I (v26 S (z x))) (z (K S S B) x)
z (x (v2 (z x) z v4)) (B I I) (v26 S (z x)) (z (K S S B) x)
z (x (v2 (z x) z v4)) (B I I) (v26 S (z x)) (z (S B) x)
K
B v4
K
K S (v30 (z I (x (v2 (x (K S)) S) I S)) z z) v21 (z z S (S (S (K S) I (z (I x) z (I z)))) (I I) (B (x (z (S K)) K) I) x (z (I (z (v16 B) K B) (S x) S)))
S v21 (z z S (S (S (K S) I (z (I x) z (I z)))) (I I) (B (x (z (S K)) K) I) x (z (I (z (v16 B) K B) (S x) S)))
S v21 (z z S (S (K S (z (I x) z (I z)) (I (z (I x) z (I z))))) (I I) (B (x (z (S K)) K) I) x (z (I (z (v16 B) K B) (S x) S)))
S v21 (z z S (S (S (I (z (I x) z (I z))))) (I I) (B (x (z (S K)) K) I) x (z (I (z (v16 B) K B) (S x) S)))
S v21 (z z S (S (S (z (I x) z (I z)))) (I I) (B (x (z (S K)) K) I) x (z (I (z (v16 B) K B) (S x) S)))
S v21 (z z S (S (S (z x z (I z)))) (I I) (B (x (z (S K)) K) I) x (z (I (z (v16 B) K B) (S x) S)))
S v21 (z z S (S (S (z x z z))) (I I) (B (x (z (S K)) K) I) x (z (I (z (v16 B) K B) (S x) S)))
S v21 (z z S (S (S (z x z z))) I (B (x (z (S K)) K) I) x (z (I (z (v16 B) K B) (S x) S)))
S v21 (z z S (S (S (z x z z))) I (B (x (z (S K)) K) I) x (z (z (v16 B) K B (S x) S)))
z K (B (v22 K) (I (v18 S)) K) x (B x)
z K (v22 K (I (v18 S) K)) x (B x)
z K (v22 K (v18 S K)) x (B x)
I (B (B (S z) (K z (z (v25 z)) S B S (S (v3 z) (I (x z (I B))) B (K S I))) (x (x S K) (v17 v18) v0 (B B z) (z (K (K B x) K x z) z))))
B (B (S z) (K z (z (v25 z)) S B S (S (v3 z) (I (x z (I B))) B (K S I))) (x (x S K) (v17 v18) v0 (B B z) (z (K (K B x) K x z) z)))
B (S z (K z (z (v25 z)) S B S (S (v3 z) (I (x z (I B))) B (K S I)) (x (x S K) (v17 v18) v0 (B B z) (z (K (K B x) K x z) z))))
B (S z (z S B S (S (v3 z) (I (x z (I B))) B (K S I)) (x (x S K) (v17 v18) v0 (B B z) (z (K (K B x) K x z) z))))
B (S z (z S B S (v3 z B (I (x z (I B)) B) (K S I)) (x (x S K) (v17 v18) v0 (B B z) (z (K (K B x) K x z) z))))
B (S z (z S B S (v3 z B (x z (I B) B) (K S I)) (x (x S K) (v17 v18) v0 (B B z) (z (K (K B x) K x z) z))))
B (S z (z S B S (v3 z B (x z B B) (K S I)) (x (x S K) (v17 v18) v0 (B B z) (z (K (K B x) K x z) z))))
B (S z (z S B S (v3 z B (x z B B) S) (x (x S K) (v17 v18) v0 (B B z) (z (K (K B x) K x z) z))))
B (S z (z S B S (v3 z B (x z B B) S) (x (x S K) (v17 v18) v0 (B B z) (z (K B x x z) z))))
B (S z (z S B S (v3 z B (x z B B) S) (x (x S K) (v17 v18) v0 (B B z) (z (B x z) z))))
