x (K (K (x v1) S (x (B (v10 B) (K S) (x (K I B))) z)) (v24 (I B) I S (K z))) (x (K (z (x B)) (I x (K S) (S K (v28 B (x x S))) S) B v5))
x (K (x v1) S (x (B (v10 B) (K S) (x (K I B))) z)) (x (K (z (x B)) (I x (K S) (S K (v28 B (x x S))) S) B v5))
x (x v1 (x (B (v10 B) (K S) (x (K I B))) z)) (x (K (z (x B)) (I x (K S) (S K (v28 B (x x S))) S) B v5))
x (x v1 (x (v10 B (K S (x (K I B)))) z)) (x (K (z (x B)) (I x (K S) (S K (v28 B (x x S))) S) B v5))
x (x v1 (x (v10 B S) z)) (x (K (z (x B)) (I x (K S) (S K (v28 B (x x S))) S) B v5))
x (x v1 (x (v10 B S) z)) (x (z (x B) B v5))
S (x B (v29 (v11 x)))
v5 z B (S (B (K B) x (v5 (S (S S x) (I S) v25))) (x K (S I) K B K) (S (S (v23 z (z K)) S z) (I (I (x I) (S (v1 x))) (x v18)) K (I (S B))))
v5 z B (B (K B) x (v5 (S (S S x) (I S) v25)) (S (S (v23 z (z K)) S z) (I (I (x I) (S (v1 x))) (x v18)) K (I (S B))) (x K (S I) K B K (S (S (v23 z (z K)) S z) (I (I (x I) (S (v1 x))) (x v18)) K (I (S B)))))
v5 z B (K B (x (v5 (S (S S x) (I S) v25))) (S (S (v23 z (z K)) S z) (I (I (x I) (S (v1 x))) (x v18)) K (I (S B))) (x K (S I) K B K (S (S (v23 z (z K)) S z) (I (I (x I) (S (v1 x))) (x v18)) K (I (S B)))))
v5 z B (B (S (S (v23 z (z K)) S z) (I (I (x I) (S (v1 x))) (x v18)) K (I (S B))) (x K (S I) K B K (S (S (v23 z (z K)) S z) (I (I (x I) (S (v1 x))) (x v18)) K (I (S B)))))
v5 z B (B (S (v23 z (z K)) S z K (I (I (x I) (S (v1 x))) (x v18) K) (I (S B))) (x K (S I) K B K (S (S (v23 z (z K)) S z) (I (I (x I) (S (v1 x))) (x v18)) K (I (S B)))))
v5 z B (B (v23 z (z K) z (S z) K (I (I (x I) (S (v1 x))) (x v18) K) (I (S B))) (x K (S I) K B K (S (S (v23 z (z K)) S z) (I (I (x I) (S (v1 x))) (x v18)) K (I (S B)))))
v5 z B (B (v23 z (z K) z (S z) K (I (x I) (S (v1 x)) (x v18) K) (I (S B))) (x K (S I) K B K (S (S (v23 z (z K)) S z) (I (I (x I) (S (v1 x))) (x v18)) K (I (S B)))))
v5 z B (B (v23 z (z K) z (S z) K (x I (S (v1 x)) (x v18) K) (I (S B))) (x K (S I) K B K (S (S (v23 z (z K)) S z) (I (I (x I) (S (v1 x))) (x v18)) K (I (S B)))))
v5 z B (B (v23 z (z K) z (S z) K (x I (S (v1 x)) (x v18) K) (S B)) (x K (S I) K B K (S (S (v23 z (z K)) S z) (I (I (x I) (S (v1 x))) (x v18)) K (I (S B)))))
v5 z B (B (v23 z (z K) z (S z) K (x I (S (v1 x)) (x v18) K) (S B)) (x K (S I) K B K (S (v23 z (z K)) S z K (I (I (x I) (S (v1 x))) (x v18) K) (I (S B)))))
v5 z B (B (v23 z (z K) z (S z) K (x I (S (v1 x)) (x v18) K) (S B)) (x K (S I) K B K (v23 z (z K) z (S z) K (I (I (x I) (S (v1 x))) (x v18) K) (I (S B)))))
v5 z B (B (v23 z (z K) z (S z) K (x I (S (v1 x)) (x v18) K) (S B)) (x K (S I) K B K (v23 z (z K) z (S z) K (I (x I) (S (v1 x)) (x v18) K) (I (S B)))))
v5 z B (B (v23 z (z K) z (S z) K (x I (S (v1 x)) (x v18) K) (S B)) (x K (S I) K B K (v23 z (z K) z (S z) K (x I (S (v1 x)) (x v18) K) (I (S B)))))
v5 z B (B (v23 z (z K) z (S z) K (x I (S (v1 x)) (x v18) K) (S B)) (x K (S I) K B K (v23 z (z K) z (S z) K (x I (S (v1 x)) (x v18) K) (S B))))
K (z x) x (I (z (I z (v8 (I (x K (I (z v17) x B) (B (v14 S))) I))) (I I)) K)
z x (I (z (I z (v8 (I (x K (I (z v17) x B) (B (v14 S))) I))) (I I)) K)
z x (z (I z (v8 (I (x K (I (z v17) x B) (B (v14 S))) I))) (I I) K)
z x (z (z (v8 (I (x K (I (z v17) x B) (B (v14 S))) I))) (I I) K)
z x (z (z (v8 (x K (I (z v17) x B) (B (v14 S)) I))) (I I) K)
z x (z (z (v8 (x K (z v17 x B) (B (v14 S)) I))) (I I) K)
z x (z (z (v8 (x K (z v17 x B) (B (v14 S)) I))) I K)
x
x (v30 z (v0 (K z)) (z S) I v15 K S I (B K)) (B (K I) B z) (v12 (z (v30 (I S)) (v11 (I (B I I I)) (I v28 z x (K S)))) (z v13 (z v1 K (B v25) v14 S)) (x x))
x (v30 z (v0 (K z)) (z S) I v15 K S I (B K)) (K I (B z)) (v12 (z (v30 (I S)) (v11 (I (B I I I)) (I v28 z x (K S)))) (z v13 (z v1 K (B v25) v14 S)) (x x))
x (v30 z (v0 (K z)) (z S) I v15 K S I (B K)) I (v12 (z (v30 (I S)) (v11 (I (B I I I)) (I v28 z x (K S)))) (z v13 (z v1 K (B v25) v14 S)) (x x))
x (v30 z (v0 (K z)) (z S) I v15 K S I (B K)) I (v12 (z (v30 S) (v11 (I (B I I I)) (I v28 z x (K S)))) (z v13 (z v1 K (B v25) v14 S)) (x x))
x (v30 z (v0 (K z)) (z S) I v15 K S I (B K)) I (v12 (z (v30 S) (v11 (B I I I) (I v28 z x (K S)))) (z v13 (z v1 K (B v25) v14 S)) (x x))
x (v30 z (v0 (K z)) (z S) I v15 K S I (B K)) I (v12 (z (v30 S) (v11 (I (I I)) (I v28 z x (K S)))) (z v13 (z v1 K (B v25) v14 S)) (x x))
x (v30 z (v0 (K z)) (z S) I v15 K S I (B K)) I (v12 (z (v30 S) (v11 (I I) (I v28 z x (K S)))) (z v13 (z v1 K (B v25) v14 S)) (x x))
x (v30 z (v0 (K z)) (z S) I v15 K S I (B K)) I (v12 (z (v30 S) (v11 I (I v28 z x (K S)))) (z v13 (z v1 K (B v25) v14 S)) (x x))
x (v30 z (v0 (K z)) (z S) I v15 K S I (B K)) I (v12 (z (v30 S) (v11 I (v28 z x (K S)))) (z v13 (z v1 K (B v25) v14 S)) (x x))
S (v16 (K (z I)) x S) v27 (S v7 B (B B) (S (B x (K I K S (S K (x (S B)) S) x))) (v27 (z x S (S v9 B (z z)) z I (B z (I K))) (B B)))
v16 (K (z I)) x S (S v7 B (B B) (S (B x (K I K S (S K (x (S B)) S) x))) (v27 (z x S (S v9 B (z z)) z I (B z (I K))) (B B))) (v27 (S v7 B (B B) (S (B x (K I K S (S K (x (S B)) S) x))) (v27 (z x S (S v9 B (z z)) z I (B z (I K))) (B B))))
v16 (K (z I)) x S (v7 (B B) (B (B B)) (S (B x (K I K S (S K (x (S B)) S) x))) (v27 (z x S (S v9 B (z z)) z I (B z (I K))) (B B))) (v27 (S v7 B (B B) (S (B x (K I K S (S K (x (S B)) S) x))) (v27 (z x S (S v9 B (z z)) z I (B z (I K))) (B B))))
v16 (K (z I)) x S (v7 (B B) (B (B B)) (S (B x (I S (S K (x (S B)) S) x))) (v27 (z x S (S v9 B (z z)) z I (B z (I K))) (B B))) (v27 (S v7 B (B B) (S (B x (K I K S (S K (x (S B)) S) x))) (v27 (z x S (S v9 B (z z)) z I (B z (I K))) (B B))))
v16 (K (z I)) x S (v7 (B B) (B (B B)) (S (B x (S (S K (x (S B)) S) x))) (v27 (z x S (S v9 B (z z)) z I (B z (I K))) (B B))) (v27 (S v7 B (B B) (S (B x (K I K S (S K (x (S B)) S) x))) (v27 (z x S (S v9 B (z z)) z I (B z (I K))) (B B))))
v16 (K (z I)) x S (v7 (B B) (B (B B)) (S (B x (S (K S (x (S B) S)) x))) (v27 (z x S (S v9 B (z z)) z I (B z (I K))) (B B))) (v27 (S v7 B (B B) (S (B x (K I K S (S K (x (S B)) S) x))) (v27 (z x S (S v9 B (z z)) z I (B z (I K))) (B B))))
v16 (K (z I)) x S (v7 (B B) (B (B B)) (S (B x (S S x))) (v27 (z x S (S v9 B (z z)) z I (B z (I K))) (B B))) (v27 (S v7 B (B B) (S (B x (K I K S (S K (x (S B)) S) x))) (v27 (z x S (S v9 B (z z)) z I (B z (I K))) (B B))))
v16 (K (z I)) x S (v7 (B B) (B (B B)) (S (B x (S S x))) (v27 (z x S (v9 (z z) (B (z z))) z I (B z (I K))) (B B))) (v27 (S v7 B (B B) (S (B x (K I K S (S K (x (S B)) S) x))) (v27 (z x S (S v9 B (z z)) z I (B z (I K))) (B B))))
v16 (K (z I)) x S (v7 (B B) (B (B B)) (S (B x (S S x))) (v27 (z x S (v9 (z z) (B (z z))) z I (B z K)) (B B))) (v27 (S v7 B (B B) (S (B x (K I K S (S K (x (S B)) S) x))) (v27 (z x S (S v9 B (z z)) z I (B z (I K))) (B B))))
v16 (K (z I)) x S (v7 (B B) (B (B B)) (S (B x (S S x))) (v27 (z x S (v9 (z z) (B (z z))) z I (B z K)) (B B))) (v27 (v7 (B B) (B (B B)) (S (B x (K I K S (S K (x (S B)) S) x))) (v27 (z x S (S v9 B (z z)) z I (B z (I K))) (B B))))
v16 (K (z I)) x S (v7 (B B) (B (B B)) (S (B x (S S x))) (v27 (z x S (v9 (z z) (B (z z))) z I (B z K)) (B B))) (v27 (v7 (B B) (B (B B)) (S (B x (I S (S K (x (S B)) S) x))) (v27 (z x S (S v9 B (z z)) z I (B z (I K))) (B B))))
v16 (K (z I)) x S (v7 (B B) (B (B B)) (S (B x (S S x))) (v27 (z x S (v9 (z z) (B (z z))) z I (B z K)) (B B))) (v27 (v7 (B B) (B (B B)) (S (B x (S (S K (x (S B)) S) x))) (v27 (z x S (S v9 B (z z)) z I (B z (I K))) (B B))))
v16 (K (z I)) x S (v7 (B B) (B (B B)) (S (B x (S S x))) (v27 (z x S (v9 (z z) (B (z z))) z I (B z K)) (B B))) (v27 (v7 (B B) (B (B B)) (S (B x (S (K S (x (S B) S)) x))) (v27 (z x S (S v9 B (z z)) z I (B z (I K))) (B B))))
v16 (K (z I)) x S (v7 (B B) (B (B B)) (S (B x (S S x))) (v27 (z x S (v9 (z z) (B (z z))) z I (B z K)) (B B))) (v27 (v7 (B B) (B (B B)) (S (B x (S S x))) (v27 (z x S (S v9 B (z z)) z I (B z (I K))) (B B))))
v16 (K (z I)) x S (v7 (B B) (B (B B)) (S (B x (S S x))) (v27 (z x S (v9 (z z) (B (z z))) z I (B z K)) (B B))) (v27 (v7 (B B) (B (B B)) (S (B x (S S x))) (v27 (z x S (v9 (z z) (B (z z))) z I (B z (I K))) (B B))))
v16 (K (z I)) x S (v7 (B B) (B (B B)) (S (B x (S S x))) (v27 (z x S (v9 (z z) (B (z z))) z I (B z K)) (B B))) (v27 (v7 (B B) (B (B B)) (S (B x (S S x))) (v27 (z x S (v9 (z z) (B (z z))) z I (B z K)) (B B))))
I B (K (S (S (I B (S v30) z))) S (v22 (S K)) (v0 B (B v8) (B B (K x z) (K K) x (x (K x K) x K (z x (v24 B)) (z v17 (I (K v2 I S) v17 (v27 v16)))))))
B (K (S (S (I B (S v30) z))) S (v22 (S K)) (v0 B (B v8) (B B (K x z) (K K) x (x (K x K) x K (z x (v24 B)) (z v17 (I (K v2 I S) v17 (v27 v16)))))))
B (S (S (I B (S v30) z)) (v22 (S K)) (v0 B (B v8) (B B (K x z) (K K) x (x (K x K) x K (z x (v24 B)) (z v17 (I (K v2 I S) v17 (v27 v16)))))))
B (S (I B (S v30) z) (v0 B (B v8) (B B (K x z) (K K) x (x (K x K) x K (z x (v24 B)) (z v17 (I (K v2 I S) v17 (v27 v16)))))) (v22 (S K) (v0 B (B v8) (B B (K x z) (K K) x (x (K x K) x K (z x (v24 B)) (z v17 (I (K v2 I S) v17 (v27 v16))))))))
B (I B (S v30) z (v22 (S K) (v0 B (B v8) (B B (K x z) (K K) x (x (K x K) x K (z x (v24 B)) (z v17 (I (K v2 I S) v17 (v27 v16))))))) (v0 B (B v8) (B B (K x z) (K K) x (x (K x K) x K (z x (v24 B)) (z v17 (I (K v2 I S) v17 (v27 v16))))) (v22 (S K) (v0 B (B v8) (B B (K x z) (K K) x (x (K x K) x K (z x (v24 B)) (z v17 (I (K v2 I S) v17 (v27 v16)))))))))
B (B (S v30) z (v22 (S K) (v0 B (B v8) (B B (K x z) (K K) x (x (K x K) x K (z x (v24 B)) (z v17 (I (K v2 I S) v17 (v27 v16))))))) (v0 B (B v8) (B B (K x z) (K K) x (x (K x K) x K (z x (v24 B)) (z v17 (I (K v2 I S) v17 (v27 v16))))) (v22 (S K) (v0 B (B v8) (B B (K x z) (K K) x (x (K x K) x K (z x (v24 B)) (z v17 (I (K v2 I S) v17 (v27 v16)))))))))
B (S v30 (z (v22 (S K) (v0 B (B v8) (B B (K x z) (K K) x (x (K x K) x K (z x (v24 B)) (z v17 (I (K v2 I S) v17 (v27 v16)))))))) (v0 B (B v8) (B B (K x z) (K K) x (x (K x K) x K (z x (v24 B)) (z v17 (I (K v2 I S) v17 (v27 v16))))) (v22 (S K) (v0 B (B v8) (B B (K x z) (K K) x (x (K x K) x K (z x (v24 B)) (z v17 (I (K v2 I S) v17 (v27 v16)))))))))
B (v30 (v0 B (B v8) (B B (K x z) (K K) x (x (K x K) x K (z x (v24 B)) (z v17 (I (K v2 I S) v17 (v27 v16))))) (v22 (S K) (v0 B (B v8) (B B (K x z) (K K) x (x (K x K) x K (z x (v24 B)) (z v17 (I (K v2 I S) v17 (v27 v16)))))))) (z (v22 (S K) (v0 B (B v8) (B B (K x z) (K K) x (x (K x K) x K (z x (v24 B)) (z v17 (I (K v2 I S) v17 (v27 v16))))))) (v0 B (B v8) (B B (K x z) (K K) x (x (K x K) x K (z x (v24 B)) (z v17 (I (K v2 I S) v17 (v27 v16))))) (v22 (S K) (v0 B (B v8) (B B (K x z) (K K) x (x (K x K) x K (z x (v24 B)) (z v17 (I (K v2 I S) v17 (v27 v16))))))))))
B (v30 (v0 B (B v8) (B (K x z (K K)) x (x (K x K) x K (z x (v24 B)) (z v17 (I (K v2 I S) v17 (v27 v16))))) (v22 (S K) (v0 B (B v8) (B B (K x z) (K K) x (x (K x K) x K (z x (v24 B)) (z v17 (I (K v2 I S) v17 (v27 v16)))))))) (z (v22 (S K) (v0 B (B v8) (B B (K x z) (K K) x (x (K x K) x K (z x (v24 B)) (z v17 (I (K v2 I S) v17 (v27 v16))))))) (v0 B (B v8) (B B (K x z) (K K) x (x (K x K) x K (z x (v24 B)) (z v17 (I (K v2 I S) v17 (v27 v16))))) (v22 (S K) (v0 B (B v8) (B B (K x z) (K K) x (x (K x K) x K (z x (v24 B)) (z v17 (I (K v2 I S) v17 (v27 v16))))))))))
B (v30 (v0 B (B v8) (K x z (K K) (x (x (K x K) x K (z x (v24 B)) (z v17 (I (K v2 I S) v17 (v27 v16)))))) (v22 (S K) (v0 B (B v8) (B B (K x z) (K K) x (x (K x K) x K (z x (v24 B)) (z v17 (I (K v2 I S) v17 (v27 v16)))))))) (z (v22 (S K) (v0 B (B v8) (B B (K x z) (K K) x (x (K x K) x K (z x (v24 B)) (z v17 (I (K v2 I S) v17 (v27 v16))))))) (v0 B (B v8) (B B (K x z) (K K) x (x (K x K) x K (z x (v24 B)) (z v17 (I (K v2 I S) v17 (v27 v16))))) (v22 (S K) (v0 B (B v8) (B B (K x z) (K K) x (x (K x K) x K (z x (v24 B)) (z v17 (I (K v2 I S) v17 (v27 v16))))))))))
B (v30 (v0 B (B v8) (x (K K) (x (x (K x K) x K (z x (v24 B)) (z v17 (I (K v2 I S) v17 (v27 v16)))))) (v22 (S K) (v0 B (B v8) (B B (K x z) (K K) x (x (K x K) x K (z x (v24 B)) (z v17 (I (K v2 I S) v17 (v27 v16)))))))) (z (v22 (S K) (v0 B (B v8) (B B (K x z) (K K) x (x (K x K) x K (z x (v24 B)) (z v17 (I (K v2 I S) v17 (v27 v16))))))) (v0 B (B v8) (B B (K x z) (K K) x (x (K x K) x K (z x (v24 B)) (z v17 (I (K v2 I S) v17 (v27 v16))))) (v22 (S K) (v0 B (B v8) (B B (K x z) (K K) x (x (K x K) x K (z x (v24 B)) (z v17 (I (K v2 I S) v17 (v27 v16))))))))))
B (v30 (v0 B (B v8) (x (K K) (x (x x x K (z x (v24 B)) (z v17 (I (K v2 I S) v17 (v27 v16)))))) (v22 (S K) (v0 B (B v8) (B B (K x z) (K K) x (x (K x K) x K (z x (v24 B)) (z v17 (I (K v2 I S) v17 (v27 v16)))))))) (z (v22 (S K) (v0 B (B v8) (B B (K x z) (K K) x (x (K x K) x K (z x (v24 B)) (z v17 (I (K v2 I S) v17 (v27 v16))))))) (v0 B (B v8) (B B (K x z) (K K) x (x (K x K) x K (z x (v24 B)) (z v17 (I (K v2 I S) v17 (v27 v16))))) (v22 (S K) (v0 B (B v8) (B B (K x z) (K K) x (x (K x K) x K (z x (v24 B)) (z v17 (I (K v2 I S) v17 (v27 v16))))))))))
B (v30 (v0 B (B v8) (x (K K) (x (x x x K (z x (v24 B)) (z v17 (K v2 I S v17 (v27 v16)))))) (v22 (S K) (v0 B (B v8) (B B (K x z) (K K) x (x (K x K) x K (z x (v24 B)) (z v17 (I (K v2 I S) v17 (v27 v16)))))))) (z (v22 (S K) (v0 B (B v8) (B B (K x z) (K K) x (x (K x K) x K (z x (v24 B)) (z v17 (I (K v2 I S) v17 (v27 v16))))))) (v0 B (B v8) (B B (K x z) (K K) x (x (K x K) x K (z x (v24 B)) (z v17 (I (K v2 I S) v17 (v27 v16))))) (v22 (S K) (v0 B (B v8) (B B (K x z) (K K) x (x (K x K) x K (z x (v24 B)) (z v17 (I (K v2 I S) v17 (v27 v16))))))))))
B (v30 (v0 B (B v8) (x (K K) (x (x x x K (z x (v24 B)) (z v17 (v2 S v17 (v27 v16)))))) (v22 (S K) (v0 B (B v8) (B B (K x z) (K K) x (x (K x K) x K (z x (v24 B)) (z v17 (I (K v2 I S) v17 (v27 v16)))))))) (z (v22 (S K) (v0 B (B v8) (B B (K x z) (K K) x (x (K x K) x K (z x (v24 B)) (z v17 (I (K v2 I S) v17 (v27 v16))))))) (v0 B (B v8) (B B (K x z) (K K) x (x (K x K) x K (z x (v24 B)) (z v17 (I (K v2 I S) v17 (v27 v16))))) (v22 (S K) (v0 B (B v8) (B B (K x z) (K K) x (x (K x K) x K (z x (v24 B)) (z v17 (I (K v2 I S) v17 (v27 v16))))))))))
B (v30 (v0 B (B v8) (x (K K) (x (x x x K (z x (v24 B)) (z v17 (v2 S v17 (v27 v16)))))) (v22 (S K) (v0 B (B v8) (B (K x z (K K)) x (x (K x K) x K (z x (v24 B)) (z v17 (I (K v2 I S) v17 (v27 v16)))))))) (z (v22 (S K) (v0 B (B v8) (B B (K x z) (K K) x (x (K x K) x K (z x (v24 B)) (z v17 (I (K v2 I S) v17 (v27 v16))))))) (v0 B (B v8) (B B (K x z) (K K) x (x (K x K) x K (z x (v24 B)) (z v17 (I (K v2 I S) v17 (v27 v16))))) (v22 (S K) (v0 B (B v8) (B B (K x z) (K K) x (x (K x K) x K (z x (v24 B)) (z v17 (I (K v2 I S) v17 (v27 v16))))))))))
B (v30 (v0 B (B v8) (x (K K) (x (x x x K (z x (v24 B)) (z v17 (v2 S v17 (v27 v16)))))) (v22 (S K) (v0 B (B v8) (K x z (K K) (x (x (K x K) x K (z x (v24 B)) (z v17 (I (K v2 I S) v17 (v27 v16))))))))) (z (v22 (S K) (v0 B (B v8) (B B (K x z) (K K) x (x (K x K) x K (z x (v24 B)) (z v17 (I (K v2 I S) v17 (v27 v16))))))) (v0 B (B v8) (B B (K x z) (K K) x (x (K x K) x K (z x (v24 B)) (z v17 (I (K v2 I S) v17 (v27 v16))))) (v22 (S K) (v0 B (B v8) (B B (K x z) (K K) x (x (K x K) x K (z x (v24 B)) (z v17 (I (K v2 I S) v17 (v27 v16))))))))))
B (v30 (v0 B (B v8) (x (K K) (x (x x x K (z x (v24 B)) (z v17 (v2 S v17 (v27 v16)))))) (v22 (S K) (v0 B (B v8) (x (K K) (x (x (K x K) x K (z x (v24 B)) (z v17 (I (K v2 I S) v17 (v27 v16))))))))) (z (v22 (S K) (v0 B (B v8) (B B (K x z) (K K) x (x (K x K) x K (z x (v24 B)) (z v17 (I (K v2 I S) v17 (v27 v16))))))) (v0 B (B v8) (B B (K x z) (K K) x (x (K x K) x K (z x (v24 B)) (z v17 (I (K v2 I S) v17 (v27 v16))))) (v22 (S K) (v0 B (B v8) (B B (K x z) (K K) x (x (K x K) x K (z x (v24 B)) (z v17 (I (K v2 I S) v17 (v27 v16))))))))))
B (v30 (v0 B (B v8) (x (K K) (x (x x x K (z x (v24 B)) (z v17 (v2 S v17 (v27 v16)))))) (v22 (S K) (v0 B (B v8) (x (K K) (x (x x x K (z x (v24 B)) (z v17 (I (K v2 I S) v17 (v27 v16))))))))) (z (v22 (S K) (v0 B (B v8) (B B (K x z) (K K) x (x (K x K) x K (z x (v24 B)) (z v17 (I (K v2 I S) v17 (v27 v16))))))) (v0 B (B v8) (B B (K x z) (K K) x (x (K x K) x K (z x (v24 B)) (z v17 (I (K v2 I S) v17 (v27 v16))))) (v22 (S K) (v0 B (B v8) (B B (K x z) (K K) x (x (K x K) x K (z x (v24 B)) (z v17 (I (K v2 I S) v17 (v27 v16))))))))))
B (v30 (v0 B (B v8) (x (K K) (x (x x x K (z x (v24 B)) (z v17 (v2 S v17 (v27 v16)))))) (v22 (S K) (v0 B (B v8) (x (K K) (x (x x x K (z x (v24 B)) (z v17 (K v2 I S v17 (v27 v16))))))))) (z (v22 (S K) (v0 B (B v8) (B B (K x z) (K K) x (x (K x K) x K (z x (v24 B)) (z v17 (I (K v2 I S) v17 (v27 v16))))))) (v0 B (B v8) (B B (K x z) (K K) x (x (K x K) x K (z x (v24 B)) (z v17 (I (K v2 I S) v17 (v27 v16))))) (v22 (S K) (v0 B (B v8) (B B (K x z) (K K) x (x (K x K) x K (z x (v24 B)) (z v17 (I (K v2 I S) v17 (v27 v16))))))))))
B (v30 (v0 B (B v8) (x (K K) (x (x x x K (z x (v24 B)) (z v17 (v2 S v17 (v27 v16)))))) (v22 (S K) (v0 B (B v8) (x (K K) (x (x x x K (z x (v24 B)) (z v17 (v2 S v17 (v27 v16))))))))) (z (v22 (S K) (v0 B (B v8) (B B (K x z) (K K) x (x (K x K) x K (z x (v24 B)) (z v17 (I (K v2 I S) v17 (v27 v16))))))) (v0 B (B v8) (B B (K x z) (K K) x (x (K x K) x K (z x (v24 B)) (z v17 (I (K v2 I S) v17 (v27 v16))))) (v22 (S K) (v0 B (B v8) (B B (K x z) (K K) x (x (K x K) x K (z x (v24 B)) (z v17 (I (K v2 I S) v17 (v27 v16))))))))))
B (v30 (v0 B (B v8) (x (K K) (x (x x x K (z x (v24 B)) (z v17 (v2 S v17 (v27 v16)))))) (v22 (S K) (v0 B (B v8) (x (K K) (x (x x x K (z x (v24 B)) (z v17 (v2 S v17 (v27 v16))))))))) (z (v22 (S K) (v0 B (B v8) (B (K x z (K K)) x (x (K x K) x K (z x (v24 B)) (z v17 (I (K v2 I S) v17 (v27 v16))))))) (v0 B (B v8) (B B (K x z) (K K) x (x (K x K) x K (z x (v24 B)) (z v17 (I (K v2 I S) v17 (v27 v16))))) (v22 (S K) (v0 B (B v8) (B B (K x z) (K K) x (x (K x K) x K (z x (v24 B)) (z v17 (I (K v2 I S) v17 (v27 v16))))))))))
B (v30 (v0 B (B v8) (x (K K) (x (x x x K (z x (v24 B)) (z v17 (v2 S v17 (v27 v16)))))) (v22 (S K) (v0 B (B v8) (x (K K) (x (x x x K (z x (v24 B)) (z v17 (v2 S v17 (v27 v16))))))))) (z (v22 (S K) (v0 B (B v8) (K x z (K K) (x (x (K x K) x K (z x (v24 B)) (z v17 (I (K v2 I S) v17 (v27 v16)))))))) (v0 B (B v8) (B B (K x z) (K K) x (x (K x K) x K (z x (v24 B)) (z v17 (I (K v2 I S) v17 (v27 v16))))) (v22 (S K) (v0 B (B v8) (B B (K x z) (K K) x (x (K x K) x K (z x (v24 B)) (z v17 (I (K v2 I S) v17 (v27 v16))))))))))
B (v30 (v0 B (B v8) (x (K K) (x (x x x K (z x (v24 B)) (z v17 (v2 S v17 (v27 v16)))))) (v22 (S K) (v0 B (B v8) (x (K K) (x (x x x K (z x (v24 B)) (z v17 (v2 S v17 (v27 v16))))))))) (z (v22 (S K) (v0 B (B v8) (x (K K) (x (x (K x K) x K (z x (v24 B)) (z v17 (I (K v2 I S) v17 (v27 v16)))))))) (v0 B (B v8) (B B (K x z) (K K) x (x (K x K) x K (z x (v24 B)) (z v17 (I (K v2 I S) v17 (v27 v16))))) (v22 (S K) (v0 B (B v8) (B B (K x z) (K K) x (x (K x K) x K (z x (v24 B)) (z v17 (I (K v2 I S) v17 (v27 v16))))))))))
B (v30 (v0 B (B v8) (x (K K) (x (x x x K (z x (v24 B)) (z v17 (v2 S v17 (v27 v16)))))) (v22 (S K) (v0 B (B v8) (x (K K) (x (x x x K (z x (v24 B)) (z v17 (v2 S v17 (v27 v16))))))))) (z (v22 (S K) (v0 B (B v8) (x (K K) (x (x x x K (z x (v24 B)) (z v17 (I (K v2 I S) v17 (v27 v16)))))))) (v0 B (B v8) (B B (K x z) (K K) x (x (K x K) x K (z x (v24 B)) (z v17 (I (K v2 I S) v17 (v27 v16))))) (v22 (S K) (v0 B (B v8) (B B (K x z) (K K) x (x (K x K) x K (z x (v24 B)) (z v17 (I (K v2 I S) v17 (v27 v16))))))))))
B (v30 (v0 B (B v8) (x (K K) (x (x x x K (z x (v24 B)) (z v17 (v2 S v17 (v27 v16)))))) (v22 (S K) (v0 B (B v8) (x (K K) (x (x x x K (z x (v24 B)) (z v17 (v2 S v17 (v27 v16))))))))) (z (v22 (S K) (v0 B (B v8) (x (K K) (x (x x x K (z x (v24 B)) (z v17 (K v2 I S v17 (v27 v16)))))))) (v0 B (B v8) (B B (K x z) (K K) x (x (K x K) x K (z x (v24 B)) (z v17 (I (K v2 I S) v17 (v27 v16))))) (v22 (S K) (v0 B (B v8) (B B (K x z) (K K) x (x (K x K) x K (z x (v24 B)) (z v17 (I (K v2 I S) v17 (v27 v16))))))))))
B (v30 (v0 B (B v8) (x (K K) (x (x x x K (z x (v24 B)) (z v17 (v2 S v17 (v27 v16)))))) (v22 (S K) (v0 B (B v8) (x (K K) (x (x x x K (z x (v24 B)) (z v17 (v2 S v17 (v27 v16))))))))) (z (v22 (S K) (v0 B (B v8) (x (K K) (x (x x x K (z x (v24 B)) (z v17 (v2 S v17 (v27 v16)))))))) (v0 B (B v8) (B B (K x z) (K K) x (x (K x K) x K (z x (v24 B)) (z v17 (I (K v2 I S) v17 (v27 v16))))) (v22 (S K) (v0 B (B v8) (B B (K x z) (K K) x (x (K x K) x K (z x (v24 B)) (z v17 (I (K v2 I S) v17 (v27 v16))))))))))
B (v30 (v0 B (B v8) (x (K K) (x (x x x K (z x (v24 B)) (z v17 (v2 S v17 (v27 v16)))))) (v22 (S K) (v0 B (B v8) (x (K K) (x (x x x K (z x (v24 B)) (z v17 (v2 S v17 (v27 v16))))))))) (z (v22 (S K) (v0 B (B v8) (x (K K) (x (x x x K (z x (v24 B)) (z v17 (v2 S v17 (v27 v16)))))))) (v0 B (B v8) (B (K x z (K K)) x (x (K x K) x K (z x (v24 B)) (z v17 (I (K v2 I S) v17 (v27 v16))))) (v22 (S K) (v0 B (B v8) (B B (K x z) (K K) x (x (K x K) x K (z x (v24 B)) (z v17 (I (K v2 I S) v17 (v27 v16))))))))))
B (v30 (v0 B (B v8) (x (K K) (x (x x x K (z x (v24 B)) (z v17 (v2 S v17 (v27 v16)))))) (v22 (S K) (v0 B (B v8) (x (K K) (x (x x x K (z x (v24 B)) (z v17 (v2 S v17 (v27 v16))))))))) (z (v22 (S K) (v0 B (B v8) (x (K K) (x (x x x K (z x (v24 B)) (z v17 (v2 S v17 (v27 v16)))))))) (v0 B (B v8) (K x z (K K) (x (x (K x K) x K (z x (v24 B)) (z v17 (I (K v2 I S) v17 (v27 v16)))))) (v22 (S K) (v0 B (B v8) (B B (K x z) (K K) x (x (K x K) x K (z x (v24 B)) (z v17 (I (K v2 I S) v17 (v27 v16))))))))))
B (v30 (v0 B (B v8) (x (K K) (x (x x x K (z x (v24 B)) (z v17 (v2 S v17 (v27 v16)))))) (v22 (S K) (v0 B (B v8) (x (K K) (x (x x x K (z x (v24 B)) (z v17 (v2 S v17 (v27 v16))))))))) (z (v22 (S K) (v0 B (B v8) (x (K K) (x (x x x K (z x (v24 B)) (z v17 (v2 S v17 (v27 v16)))))))) (v0 B (B v8) (x (K K) (x (x (K x K) x K (z x (v24 B)) (z v17 (I (K v2 I S) v17 (v27 v16)))))) (v22 (S K) (v0 B (B v8) (B B (K x z) (K K) x (x (K x K) x K (z x (v24 B)) (z v17 (I (K v2 I S) v17 (v27 v16))))))))))
B (v30 (v0 B (B v8) (x (K K) (x (x x x K (z x (v24 B)) (z v17 (v2 S v17 (v27 v16)))))) (v22 (S K) (v0 B (B v8) (x (K K) (x (x x x K (z x (v24 B)) (z v17 (v2 S v17 (v27 v16))))))))) (z (v22 (S K) (v0 B (B v8) (x (K K) (x (x x x K (z x (v24 B)) (z v17 (v2 S v17 (v27 v16)))))))) (v0 B (B v8) (x (K K) (x (x x x K (z x (v24 B)) (z v17 (I (K v2 I S) v17 (v27 v16)))))) (v22 (S K) (v0 B (B v8) (B B (K x z) (K K) x (x (K x K) x K (z x (v24 B)) (z v17 (I (K v2 I S) v17 (v27 v16))))))))))
I z
z
I (v20 (v22 (S v11) I)) (K (z (v21 v21 x B B x K)) x) (B (z (z v11)) K) (x (I (K z B (z K I z)))) v11 K
v20 (v22 (S v11) I) (K (z (v21 v21 x B B x K)) x) (B (z (z v11)) K) (x (I (K z B (z K I z)))) v11 K
v20 (v22 (S v11) I) (z (v21 v21 x B B x K)) (B (z (z v11)) K) (x (I (K z B (z K I z)))) v11 K
v20 (v22 (S v11) I) (z (v21 v21 x B B x K)) (B (z (z v11)) K) (x (K z B (z K I z))) v11 K
v20 (v22 (S v11) I) (z (v21 v21 x B B x K)) (B (z (z v11)) K) (x (z (z K I z))) v11 K
