I x (z K S K v10 z) z (S (S (I (v0 (v30 z)) S)) (z B v19) (v23 (x S B I) (z (I (S S (x S))))) (x (K (z B (z (S (B v14))) B) (x v25 (S I (K B) I)) v4)) (v0 z S I (K z (z (v27 (S S)) (K K B) (z z z)) (v0 x z I))))
x (z K S K v10 z) z (S (S (I (v0 (v30 z)) S)) (z B v19) (v23 (x S B I) (z (I (S S (x S))))) (x (K (z B (z (S (B v14))) B) (x v25 (S I (K B) I)) v4)) (v0 z S I (K z (z (v27 (S S)) (K K B) (z z z)) (v0 x z I))))
x (z K S K v10 z) z (S (I (v0 (v30 z)) S) (v23 (x S B I) (z (I (S S (x S))))) (z B v19 (v23 (x S B I) (z (I (S S (x S)))))) (x (K (z B (z (S (B v14))) B) (x v25 (S I (K B) I)) v4)) (v0 z S I (K z (z (v27 (S S)) (K K B) (z z z)) (v0 x z I))))
x (z K S K v10 z) z (I (v0 (v30 z)) S (z B v19 (v23 (x S B I) (z (I (S S (x S)))))) (v23 (x S B I) (z (I (S S (x S)))) (z B v19 (v23 (x S B I) (z (I (S S (x S))))))) (x (K (z B (z (S (B v14))) B) (x v25 (S I (K B) I)) v4)) (v0 z S I (K z (z (v27 (S S)) (K K B) (z z z)) (v0 x z I))))
x (z K S K v10 z) z (v0 (v30 z) S (z B v19 (v23 (x S B I) (z (I (S S (x S)))))) (v23 (x S B I) (z (I (S S (x S)))) (z B v19 (v23 (x S B I) (z (I (S S (x S))))))) (x (K (z B (z (S (B v14))) B) (x v25 (S I (K B) I)) v4)) (v0 z S I (K z (z (v27 (S S)) (K K B) (z z z)) (v0 x z I))))
x (z K S K v10 z) z (v0 (v30 z) S (z B v19 (v23 (x S B I) (z (S S (x S))))) (v23 (x S B I) (z (I (S S (x S)))) (z B v19 (v23 (x S B I) (z (I (S S (x S))))))) (x (K (z B (z (S (B v14))) B) (x v25 (S I (K B) I)) v4)) (v0 z S I (K z (z (v27 (S S)) (K K B) (z z z)) (v0 x z I))))
x (z K S K v10 z) z (v0 (v30 z) S (z B v19 (v23 (x S B I) (z (S S (x S))))) (v23 (x S B I) (z (S S (x S))) (z B v19 (v23 (x S B I) (z (I (S S (x S))))))) (x (K (z B (z (S (B v14))) B) (x v25 (S I (K B) I)) v4)) (v0 z S I (K z (z (v27 (S S)) (K K B) (z z z)) (v0 x z I))))
x (z K S K v10 z) z (v0 (v30 z) S (z B v19 (v23 (x S B I) (z (S S (x S))))) (v23 (x S B I) (z (S S (x S))) (z B v19 (v23 (x S B I) (z (S S (x S)))))) (x (K (z B (z (S (B v14))) B) (x v25 (S I (K B) I)) v4)) (v0 z S I (K z (z (v27 (S S)) (K K B) (z z z)) (v0 x z I))))
x (z K S K v10 z) z (v0 (v30 z) S (z B v19 (v23 (x S B I) (z (S S (x S))))) (v23 (x S B I) (z (S S (x S))) (z B v19 (v23 (x S B I) (z (S S (x S)))))) (x (z B (z (S (B v14))) B v4)) (v0 z S I (K z (z (v27 (S S)) (K K B) (z z z)) (v0 x z I))))
x (z K S K v10 z) z (v0 (v30 z) S (z B v19 (v23 (x S B I) (z (S S (x S))))) (v23 (x S B I) (z (S S (x S))) (z B v19 (v23 (x S B I) (z (S S (x S)))))) (x (z B (z (S (B v14))) B v4)) (v0 z S I (z (v0 x z I))))
B (I (v13 K x) K)
B (v13 K x K)
z
v1 v27 (v2 (I (z (z K)) K) (B x B (x (v0 I x) (K (z S)) (S v17 x))) (B I))
v1 v27 (v2 (z (z K) K) (B x B (x (v0 I x) (K (z S)) (S v17 x))) (B I))
v1 v27 (v2 (z (z K) K) (x (B (x (v0 I x) (K (z S)) (S v17 x)))) (B I))
B (v11 (z S (x I K (B x)) I S) x (z S z (B B (B (z (B x K)) x) (I z v11) x) z (z (x (B S x B)))))
B (v11 (z S (x I K (B x)) I S) x (z S z (B (B (z (B x K)) x (I z v11)) x) z (z (x (B S x B)))))
B (v11 (z S (x I K (B x)) I S) x (z S z (B (z (B x K) (x (I z v11))) x) z (z (x (B S x B)))))
B (v11 (z S (x I K (B x)) I S) x (z S z (B (z (B x K) (x (z v11))) x) z (z (x (B S x B)))))
B (v11 (z S (x I K (B x)) I S) x (z S z (B (z (B x K) (x (z v11))) x) z (z (x (S (x B))))))
I (B (B x) B (S (I v5) (v27 (S (I (z I) (v25 (S z))))) (z B)) (x S)) (v3 (x (v30 S)) (x (B z)) (z (x K)) (z (K (z (z z) (v20 B (S K) (B (x I))))) I)) (S K)
B (B x) B (S (I v5) (v27 (S (I (z I) (v25 (S z))))) (z B)) (x S) (v3 (x (v30 S)) (x (B z)) (z (x K)) (z (K (z (z z) (v20 B (S K) (B (x I))))) I)) (S K)
B x (B (S (I v5) (v27 (S (I (z I) (v25 (S z))))) (z B))) (x S) (v3 (x (v30 S)) (x (B z)) (z (x K)) (z (K (z (z z) (v20 B (S K) (B (x I))))) I)) (S K)
x (B (S (I v5) (v27 (S (I (z I) (v25 (S z))))) (z B)) (x S)) (v3 (x (v30 S)) (x (B z)) (z (x K)) (z (K (z (z z) (v20 B (S K) (B (x I))))) I)) (S K)
x (B (I v5 (z B) (v27 (S (I (z I) (v25 (S z)))) (z B))) (x S)) (v3 (x (v30 S)) (x (B z)) (z (x K)) (z (K (z (z z) (v20 B (S K) (B (x I))))) I)) (S K)
x (B (v5 (z B) (v27 (S (I (z I) (v25 (S z)))) (z B))) (x S)) (v3 (x (v30 S)) (x (B z)) (z (x K)) (z (K (z (z z) (v20 B (S K) (B (x I))))) I)) (S K)
x (B (v5 (z B) (v27 (S (z I (v25 (S z)))) (z B))) (x S)) (v3 (x (v30 S)) (x (B z)) (z (x K)) (z (K (z (z z) (v20 B (S K) (B (x I))))) I)) (S K)
z S (B (K (I I)) (K (z (K S))) v6 (I z (I (K x)) x S) (I x S (z B) v6) B)
z S (K (I I) (K (z (K S)) v6) (I z (I (K x)) x S) (I x S (z B) v6) B)
z S (I I (I z (I (K x)) x S) (I x S (z B) v6) B)
z S (I (I z (I (K x)) x S) (I x S (z B) v6) B)
z S (I z (I (K x)) x S (I x S (z B) v6) B)
z S (z (I (K x)) x S (I x S (z B) v6) B)
z S (z (K x) x S (I x S (z B) v6) B)
z S (z (K x) x S (x S (z B) v6) B)
I (S v4) z v14
S v4 z v14
v4 v14 (z v14)
S I (v3 B S (z K (z z (S (I B))) v30)) (K (x (S K B) K (K z z K))) (v22 (I S (v28 (z z (B (x K) z B))) v4 z) (I I z z) B) (v16 (x (x (I z I S)) (x (B (K x v16)))) (v6 I))
I (K (x (S K B) K (K z z K))) (v3 B S (z K (z z (S (I B))) v30) (K (x (S K B) K (K z z K)))) (v22 (I S (v28 (z z (B (x K) z B))) v4 z) (I I z z) B) (v16 (x (x (I z I S)) (x (B (K x v16)))) (v6 I))
K (x (S K B) K (K z z K)) (v3 B S (z K (z z (S (I B))) v30) (K (x (S K B) K (K z z K)))) (v22 (I S (v28 (z z (B (x K) z B))) v4 z) (I I z z) B) (v16 (x (x (I z I S)) (x (B (K x v16)))) (v6 I))
x (S K B) K (K z z K) (v22 (I S (v28 (z z (B (x K) z B))) v4 z) (I I z z) B) (v16 (x (x (I z I S)) (x (B (K x v16)))) (v6 I))
x (S K B) K (z K) (v22 (I S (v28 (z z (B (x K) z B))) v4 z) (I I z z) B) (v16 (x (x (I z I S)) (x (B (K x v16)))) (v6 I))
x (S K B) K (z K) (v22 (S (v28 (z z (B (x K) z B))) v4 z) (I I z z) B) (v16 (x (x (I z I S)) (x (B (K x v16)))) (v6 I))
x (S K B) K (z K) (v22 (v28 (z z (B (x K) z B)) z (v4 z)) (I I z z) B) (v16 (x (x (I z I S)) (x (B (K x v16)))) (v6 I))
x (S K B) K (z K) (v22 (v28 (z z (x K (z B))) z (v4 z)) (I I z z) B) (v16 (x (x (I z I S)) (x (B (K x v16)))) (v6 I))
x (S K B) K (z K) (v22 (v28 (z z (x K (z B))) z (v4 z)) (I z z) B) (v16 (x (x (I z I S)) (x (B (K x v16)))) (v6 I))
x (S K B) K (z K) (v22 (v28 (z z (x K (z B))) z (v4 z)) (z z) B) (v16 (x (x (I z I S)) (x (B (K x v16)))) (v6 I))
x (S K B) K (z K) (v22 (v28 (z z (x K (z B))) z (v4 z)) (z z) B) (v16 (x (x (z I S)) (x (B (K x v16)))) (v6 I))
x (S K B) K (z K) (v22 (v28 (z z (x K (z B))) z (v4 z)) (z z) B) (v16 (x (x (z I S)) (x (B x))) (v6 I))
z (v4 (v1 x z) (K S) I (v2 (I S) (B B v22 (x z z (K (I S)) v27 B)) (v0 (B (v23 I)) x S))) (x (z (v30 z) v17) (B x S) x K) (v16 v12 (I B (S (x (z x z))) (S I K)) B (B K x))
z (v4 (v1 x z) (K S) I (v2 S (B B v22 (x z z (K (I S)) v27 B)) (v0 (B (v23 I)) x S))) (x (z (v30 z) v17) (B x S) x K) (v16 v12 (I B (S (x (z x z))) (S I K)) B (B K x))
z (v4 (v1 x z) (K S) I (v2 S (B (v22 (x z z (K (I S)) v27 B))) (v0 (B (v23 I)) x S))) (x (z (v30 z) v17) (B x S) x K) (v16 v12 (I B (S (x (z x z))) (S I K)) B (B K x))
z (v4 (v1 x z) (K S) I (v2 S (B (v22 (x z z (K S) v27 B))) (v0 (B (v23 I)) x S))) (x (z (v30 z) v17) (B x S) x K) (v16 v12 (I B (S (x (z x z))) (S I K)) B (B K x))
z (v4 (v1 x z) (K S) I (v2 S (B (v22 (x z z (K S) v27 B))) (v0 (B (v23 I)) x S))) (x (z (v30 z) v17) (B x S) x K) (v16 v12 (B (S (x (z x z))) (S I K)) B (B K x))
