K (K K B x) (z v13 B x) (I (I B I x) (v24 K x) (x v6 z (v25 (x v4) (I (x (I B) I x x)) B (v15 v12 S x (K (x v17 (S v30)) v23)))) I)
K K B x (I (I B I x) (v24 K x) (x v6 z (v25 (x v4) (I (x (I B) I x x)) B (v15 v12 S x (K (x v17 (S v30)) v23)))) I)
K x (I (I B I x) (v24 K x) (x v6 z (v25 (x v4) (I (x (I B) I x x)) B (v15 v12 S x (K (x v17 (S v30)) v23)))) I)
x
v9 K
B S S
S (v23 x (I S) x) K (S S I) (I (B (S (x S) I)) (v2 (K (x (z (S (K (B I))) z) v27) (B (B B x)) S)) (I (I (K K (x S K I) B) x)))
v23 x (I S) x (S S I) (K (S S I)) (I (B (S (x S) I)) (v2 (K (x (z (S (K (B I))) z) v27) (B (B B x)) S)) (I (I (K K (x S K I) B) x)))
v23 x S x (S S I) (K (S S I)) (I (B (S (x S) I)) (v2 (K (x (z (S (K (B I))) z) v27) (B (B B x)) S)) (I (I (K K (x S K I) B) x)))
v23 x S x (S S I) (K (S S I)) (B (S (x S) I) (v2 (K (x (z (S (K (B I))) z) v27) (B (B B x)) S)) (I (I (K K (x S K I) B) x)))
v23 x S x (S S I) (K (S S I)) (S (x S) I (v2 (K (x (z (S (K (B I))) z) v27) (B (B B x)) S) (I (I (K K (x S K I) B) x))))
v23 x S x (S S I) (K (S S I)) (x S (v2 (K (x (z (S (K (B I))) z) v27) (B (B B x)) S) (I (I (K K (x S K I) B) x))) (I (v2 (K (x (z (S (K (B I))) z) v27) (B (B B x)) S) (I (I (K K (x S K I) B) x)))))
v23 x S x (S S I) (K (S S I)) (x S (v2 (x (z (S (K (B I))) z) v27 S) (I (I (K K (x S K I) B) x))) (I (v2 (K (x (z (S (K (B I))) z) v27) (B (B B x)) S) (I (I (K K (x S K I) B) x)))))
v23 x S x (S S I) (K (S S I)) (x S (v2 (x (z (S (K (B I))) z) v27 S) (I (K K (x S K I) B) x)) (I (v2 (K (x (z (S (K (B I))) z) v27) (B (B B x)) S) (I (I (K K (x S K I) B) x)))))
v23 x S x (S S I) (K (S S I)) (x S (v2 (x (z (S (K (B I))) z) v27 S) (K K (x S K I) B x)) (I (v2 (K (x (z (S (K (B I))) z) v27) (B (B B x)) S) (I (I (K K (x S K I) B) x)))))
v23 x S x (S S I) (K (S S I)) (x S (v2 (x (z (S (K (B I))) z) v27 S) (K B x)) (I (v2 (K (x (z (S (K (B I))) z) v27) (B (B B x)) S) (I (I (K K (x S K I) B) x)))))
v23 x S x (S S I) (K (S S I)) (x S (v2 (x (z (S (K (B I))) z) v27 S) B) (I (v2 (K (x (z (S (K (B I))) z) v27) (B (B B x)) S) (I (I (K K (x S K I) B) x)))))
v23 x S x (S S I) (K (S S I)) (x S (v2 (x (z (S (K (B I))) z) v27 S) B) (v2 (K (x (z (S (K (B I))) z) v27) (B (B B x)) S) (I (I (K K (x S K I) B) x))))
v23 x S x (S S I) (K (S S I)) (x S (v2 (x (z (S (K (B I))) z) v27 S) B) (v2 (x (z (S (K (B I))) z) v27 S) (I (I (K K (x S K I) B) x))))
v23 x S x (S S I) (K (S S I)) (x S (v2 (x (z (S (K (B I))) z) v27 S) B) (v2 (x (z (S (K (B I))) z) v27 S) (I (K K (x S K I) B) x)))
v23 x S x (S S I) (K (S S I)) (x S (v2 (x (z (S (K (B I))) z) v27 S) B) (v2 (x (z (S (K (B I))) z) v27 S) (K K (x S K I) B x)))
v23 x S x (S S I) (K (S S I)) (x S (v2 (x (z (S (K (B I))) z) v27 S) B) (v2 (x (z (S (K (B I))) z) v27 S) (K B x)))
v23 x S x (S S I) (K (S S I)) (x S (v2 (x (z (S (K (B I))) z) v27 S) B) (v2 (x (z (S (K (B I))) z) v27 S) B))
z z v24 x (I (v21 S)) S K (K (z I z) I z (I (v4 (I K) K)) B) (S (S v9 z (z z z)))
z z v24 x (v21 S) S K (K (z I z) I z (I (v4 (I K) K)) B) (S (S v9 z (z z z)))
z z v24 x (v21 S) S K (z I z z (I (v4 (I K) K)) B) (S (S v9 z (z z z)))
z z v24 x (v21 S) S K (z I z z (v4 (I K) K) B) (S (S v9 z (z z z)))
z z v24 x (v21 S) S K (z I z z (v4 K K) B) (S (S v9 z (z z z)))
z z v24 x (v21 S) S K (z I z z (v4 K K) B) (S (v9 (z z z) (z (z z z))))
B K (z B (B (K S S) (B (I (z S) (I (S I))) B) K x (z B (K B))) (S z))
B K (z B (K S S (B (I (z S) (I (S I))) B K) x (z B (K B))) (S z))
B K (z B (S (B (I (z S) (I (S I))) B K) x (z B (K B))) (S z))
B K (z B (B (I (z S) (I (S I))) B K (z B (K B)) (x (z B (K B)))) (S z))
B K (z B (I (z S) (I (S I)) (B K) (z B (K B)) (x (z B (K B)))) (S z))
B K (z B (z S (I (S I)) (B K) (z B (K B)) (x (z B (K B)))) (S z))
B K (z B (z S (S I) (B K) (z B (K B)) (x (z B (K B)))) (S z))
B
S v7 x
z (S (S (I (S (v15 (x x (I I))))) (v10 x z S I z) (x (z (B v4)) v13)))
z (S (I (S (v15 (x x (I I)))) (x (z (B v4)) v13) (v10 x z S I z (x (z (B v4)) v13))))
z (S (S (v15 (x x (I I))) (x (z (B v4)) v13) (v10 x z S I z (x (z (B v4)) v13))))
z (S (v15 (x x (I I)) (v10 x z S I z (x (z (B v4)) v13)) (x (z (B v4)) v13 (v10 x z S I z (x (z (B v4)) v13)))))
z (S (v15 (x x I) (v10 x z S I z (x (z (B v4)) v13)) (x (z (B v4)) v13 (v10 x z S I z (x (z (B v4)) v13)))))
S (B (I (S x) K) (I x B) I) (z (I z (I (S z z (z (B K) (x z z)) S (z S)))))
S (I (S x) K (I x B I)) (z (I z (I (S z z (z (B K) (x z z)) S (z S)))))
S (S x K (I x B I)) (z (I z (I (S z z (z (B K) (x z z)) S (z S)))))
S (x (I x B I) (K (I x B I))) (z (I z (I (S z z (z (B K) (x z z)) S (z S)))))
S (x (x B I) (K (I x B I))) (z (I z (I (S z z (z (B K) (x z z)) S (z S)))))
S (x (x B I) (K (x B I))) (z (I z (I (S z z (z (B K) (x z z)) S (z S)))))
S (x (x B I) (K (x B I))) (z (z (I (S z z (z (B K) (x z z)) S (z S)))))
S (x (x B I) (K (x B I))) (z (z (S z z (z (B K) (x z z)) S (z S))))
S (x (x B I) (K (x B I))) (z (z (z (z (B K) (x z z)) (z (z (B K) (x z z))) S (z S))))
