K (z K) (S B K z (B v17 v4) (z B x) B) (K K K (B B (K z (x z z)) (v21 K) (v16 v9 (K (K S z (I (S (x I))) (x z (x v6))))) x)) B
z K (K K K (B B (K z (x z z)) (v21 K) (v16 v9 (K (K S z (I (S (x I))) (x z (x v6))))) x)) B
z K (K (B B (K z (x z z)) (v21 K) (v16 v9 (K (K S z (I (S (x I))) (x z (x v6))))) x)) B
z K (K (B (K z (x z z) (v21 K)) (v16 v9 (K (K S z (I (S (x I))) (x z (x v6))))) x)) B
z K (K (K z (x z z) (v21 K) (v16 v9 (K (K S z (I (S (x I))) (x z (x v6)))) x))) B
z K (K (z (v21 K) (v16 v9 (K (K S z (I (S (x I))) (x z (x v6)))) x))) B
z K (K (z (v21 K) (v16 v9 (K (S (I (S (x I))) (x z (x v6)))) x))) B
z K (K (z (v21 K) (v16 v9 (K (S (S (x I)) (x z (x v6)))) x))) B
B B (K (I (v16 (x (x (z z)) S) (x (K z))) (K x) (z z) (B B) (K (z (z (x (x v8 S)) z (v20 z))) z (B (S x I)) (S (S (I x)) S))))
B B (K (v16 (x (x (z z)) S) (x (K z)) (K x) (z z) (B B) (K (z (z (x (x v8 S)) z (v20 z))) z (B (S x I)) (S (S (I x)) S))))
B B (K (v16 (x (x (z z)) S) (x (K z)) (K x) (z z) (B B) (z (z (x (x v8 S)) z (v20 z)) (B (S x I)) (S (S (I x)) S))))
B B (K (v16 (x (x (z z)) S) (x (K z)) (K x) (z z) (B B) (z (z (x (x v8 S)) z (v20 z)) (B (S x I)) (S (S x) S))))
I (v2 (v9 (I B (z v5 z)) (I (S z)) z (z K (v30 x) v17) x S (I (K K z (K (S z) (I (v19 x v13))) B (S x z S)))))
v2 (v9 (I B (z v5 z)) (I (S z)) z (z K (v30 x) v17) x S (I (K K z (K (S z) (I (v19 x v13))) B (S x z S))))
v2 (v9 (B (z v5 z)) (I (S z)) z (z K (v30 x) v17) x S (I (K K z (K (S z) (I (v19 x v13))) B (S x z S))))
v2 (v9 (B (z v5 z)) (S z) z (z K (v30 x) v17) x S (I (K K z (K (S z) (I (v19 x v13))) B (S x z S))))
v2 (v9 (B (z v5 z)) (S z) z (z K (v30 x) v17) x S (K K z (K (S z) (I (v19 x v13))) B (S x z S)))
v2 (v9 (B (z v5 z)) (S z) z (z K (v30 x) v17) x S (K (K (S z) (I (v19 x v13))) B (S x z S)))
v2 (v9 (B (z v5 z)) (S z) z (z K (v30 x) v17) x S (K (S z) (I (v19 x v13)) (S x z S)))
v2 (v9 (B (z v5 z)) (S z) z (z K (v30 x) v17) x S (S z (S x z S)))
v2 (v9 (B (z v5 z)) (S z) z (z K (v30 x) v17) x S (S z (x S (z S))))
v6
K B
K (S S v4)
v20 S z S K (S K (z S (x S))) (K v14 (x I)) (B (v30 B) S) I (v30 (z (x (I (v26 K)))) (B I (x x S) (v6 S))) B (v30 K (z K x) K K (S (K (v21 (x K x)) v15) v29 (I (I (K x) (S I (x (K (x (B (S x)) x))))) x K)))
v20 S z S K (S K (z S (x S))) v14 (B (v30 B) S) I (v30 (z (x (I (v26 K)))) (B I (x x S) (v6 S))) B (v30 K (z K x) K K (S (K (v21 (x K x)) v15) v29 (I (I (K x) (S I (x (K (x (B (S x)) x))))) x K)))
v20 S z S K (S K (z S (x S))) v14 (B (v30 B) S) I (v30 (z (x (v26 K))) (B I (x x S) (v6 S))) B (v30 K (z K x) K K (S (K (v21 (x K x)) v15) v29 (I (I (K x) (S I (x (K (x (B (S x)) x))))) x K)))
v20 S z S K (S K (z S (x S))) v14 (B (v30 B) S) I (v30 (z (x (v26 K))) (I (x x S (v6 S)))) B (v30 K (z K x) K K (S (K (v21 (x K x)) v15) v29 (I (I (K x) (S I (x (K (x (B (S x)) x))))) x K)))
v20 S z S K (S K (z S (x S))) v14 (B (v30 B) S) I (v30 (z (x (v26 K))) (x x S (v6 S))) B (v30 K (z K x) K K (S (K (v21 (x K x)) v15) v29 (I (I (K x) (S I (x (K (x (B (S x)) x))))) x K)))
v20 S z S K (S K (z S (x S))) v14 (B (v30 B) S) I (v30 (z (x (v26 K))) (x x S (v6 S))) B (v30 K (z K x) K K (K (v21 (x K x)) v15 (I (I (K x) (S I (x (K (x (B (S x)) x))))) x K) (v29 (I (I (K x) (S I (x (K (x (B (S x)) x))))) x K))))
v20 S z S K (S K (z S (x S))) v14 (B (v30 B) S) I (v30 (z (x (v26 K))) (x x S (v6 S))) B (v30 K (z K x) K K (v21 (x K x) (I (I (K x) (S I (x (K (x (B (S x)) x))))) x K) (v29 (I (I (K x) (S I (x (K (x (B (S x)) x))))) x K))))
v20 S z S K (S K (z S (x S))) v14 (B (v30 B) S) I (v30 (z (x (v26 K))) (x x S (v6 S))) B (v30 K (z K x) K K (v21 (x K x) (I (K x) (S I (x (K (x (B (S x)) x)))) x K) (v29 (I (I (K x) (S I (x (K (x (B (S x)) x))))) x K))))
v20 S z S K (S K (z S (x S))) v14 (B (v30 B) S) I (v30 (z (x (v26 K))) (x x S (v6 S))) B (v30 K (z K x) K K (v21 (x K x) (K x (S I (x (K (x (B (S x)) x)))) x K) (v29 (I (I (K x) (S I (x (K (x (B (S x)) x))))) x K))))
v20 S z S K (S K (z S (x S))) v14 (B (v30 B) S) I (v30 (z (x (v26 K))) (x x S (v6 S))) B (v30 K (z K x) K K (v21 (x K x) (x x K) (v29 (I (I (K x) (S I (x (K (x (B (S x)) x))))) x K))))
v20 S z S K (S K (z S (x S))) v14 (B (v30 B) S) I (v30 (z (x (v26 K))) (x x S (v6 S))) B (v30 K (z K x) K K (v21 (x K x) (x x K) (v29 (I (K x) (S I (x (K (x (B (S x)) x)))) x K))))
v20 S z S K (S K (z S (x S))) v14 (B (v30 B) S) I (v30 (z (x (v26 K))) (x x S (v6 S))) B (v30 K (z K x) K K (v21 (x K x) (x x K) (v29 (K x (S I (x (K (x (B (S x)) x)))) x K))))
v20 S z S K (S K (z S (x S))) v14 (B (v30 B) S) I (v30 (z (x (v26 K))) (x x S (v6 S))) B (v30 K (z K x) K K (v21 (x K x) (x x K) (v29 (x x K))))
S (S (I K (S B) I) (x (v19 v0)) v3 (v26 (B (B I)))) (B S (x (z (K I (I I z) S)) v7) (B z (B I) B)) (K z (I (x B) x (x x) (I I)) (I B (I (B x z I)) (z (x I)))) (S x v30 (z (S (v22 (B (z K)) (S (I (x B))) v3))))
S (I K (S B) I) (x (v19 v0)) v3 (v26 (B (B I))) (K z (I (x B) x (x x) (I I)) (I B (I (B x z I)) (z (x I)))) (B S (x (z (K I (I I z) S)) v7) (B z (B I) B) (K z (I (x B) x (x x) (I I)) (I B (I (B x z I)) (z (x I))))) (S x v30 (z (S (v22 (B (z K)) (S (I (x B))) v3))))
I K (S B) I v3 (x (v19 v0) v3) (v26 (B (B I))) (K z (I (x B) x (x x) (I I)) (I B (I (B x z I)) (z (x I)))) (B S (x (z (K I (I I z) S)) v7) (B z (B I) B) (K z (I (x B) x (x x) (I I)) (I B (I (B x z I)) (z (x I))))) (S x v30 (z (S (v22 (B (z K)) (S (I (x B))) v3))))
K (S B) I v3 (x (v19 v0) v3) (v26 (B (B I))) (K z (I (x B) x (x x) (I I)) (I B (I (B x z I)) (z (x I)))) (B S (x (z (K I (I I z) S)) v7) (B z (B I) B) (K z (I (x B) x (x x) (I I)) (I B (I (B x z I)) (z (x I))))) (S x v30 (z (S (v22 (B (z K)) (S (I (x B))) v3))))
S B v3 (x (v19 v0) v3) (v26 (B (B I))) (K z (I (x B) x (x x) (I I)) (I B (I (B x z I)) (z (x I)))) (B S (x (z (K I (I I z) S)) v7) (B z (B I) B) (K z (I (x B) x (x x) (I I)) (I B (I (B x z I)) (z (x I))))) (S x v30 (z (S (v22 (B (z K)) (S (I (x B))) v3))))
B (x (v19 v0) v3) (v3 (x (v19 v0) v3)) (v26 (B (B I))) (K z (I (x B) x (x x) (I I)) (I B (I (B x z I)) (z (x I)))) (B S (x (z (K I (I I z) S)) v7) (B z (B I) B) (K z (I (x B) x (x x) (I I)) (I B (I (B x z I)) (z (x I))))) (S x v30 (z (S (v22 (B (z K)) (S (I (x B))) v3))))
x (v19 v0) v3 (v3 (x (v19 v0) v3) (v26 (B (B I)))) (K z (I (x B) x (x x) (I I)) (I B (I (B x z I)) (z (x I)))) (B S (x (z (K I (I I z) S)) v7) (B z (B I) B) (K z (I (x B) x (x x) (I I)) (I B (I (B x z I)) (z (x I))))) (S x v30 (z (S (v22 (B (z K)) (S (I (x B))) v3))))
x (v19 v0) v3 (v3 (x (v19 v0) v3) (v26 (B (B I)))) (z (I B (I (B x z I)) (z (x I)))) (B S (x (z (K I (I I z) S)) v7) (B z (B I) B) (K z (I (x B) x (x x) (I I)) (I B (I (B x z I)) (z (x I))))) (S x v30 (z (S (v22 (B (z K)) (S (I (x B))) v3))))
x (v19 v0) v3 (v3 (x (v19 v0) v3) (v26 (B (B I)))) (z (B (I (B x z I)) (z (x I)))) (B S (x (z (K I (I I z) S)) v7) (B z (B I) B) (K z (I (x B) x (x x) (I I)) (I B (I (B x z I)) (z (x I))))) (S x v30 (z (S (v22 (B (z K)) (S (I (x B))) v3))))
x (v19 v0) v3 (v3 (x (v19 v0) v3) (v26 (B (B I)))) (z (B (B x z I) (z (x I)))) (B S (x (z (K I (I I z) S)) v7) (B z (B I) B) (K z (I (x B) x (x x) (I I)) (I B (I (B x z I)) (z (x I))))) (S x v30 (z (S (v22 (B (z K)) (S (I (x B))) v3))))
x (v19 v0) v3 (v3 (x (v19 v0) v3) (v26 (B (B I)))) (z (B (x (z I)) (z (x I)))) (B S (x (z (K I (I I z) S)) v7) (B z (B I) B) (K z (I (x B) x (x x) (I I)) (I B (I (B x z I)) (z (x I))))) (S x v30 (z (S (v22 (B (z K)) (S (I (x B))) v3))))
x (v19 v0) v3 (v3 (x (v19 v0) v3) (v26 (B (B I)))) (z (B (x (z I)) (z (x I)))) (S (x (z (K I (I I z) S)) v7 (B z (B I) B)) (K z (I (x B) x (x x) (I I)) (I B (I (B x z I)) (z (x I))))) (S x v30 (z (S (v22 (B (z K)) (S (I (x B))) v3))))
x (v19 v0) v3 (v3 (x (v19 v0) v3) (v26 (B (B I)))) (z (B (x (z I)) (z (x I)))) (S (x (z (I S)) v7 (B z (B I) B)) (K z (I (x B) x (x x) (I I)) (I B (I (B x z I)) (z (x I))))) (S x v30 (z (S (v22 (B (z K)) (S (I (x B))) v3))))
x (v19 v0) v3 (v3 (x (v19 v0) v3) (v26 (B (B I)))) (z (B (x (z I)) (z (x I)))) (S (x (z S) v7 (B z (B I) B)) (K z (I (x B) x (x x) (I I)) (I B (I (B x z I)) (z (x I))))) (S x v30 (z (S (v22 (B (z K)) (S (I (x B))) v3))))
x (v19 v0) v3 (v3 (x (v19 v0) v3) (v26 (B (B I)))) (z (B (x (z I)) (z (x I)))) (S (x (z S) v7 (z (B I B))) (K z (I (x B) x (x x) (I I)) (I B (I (B x z I)) (z (x I))))) (S x v30 (z (S (v22 (B (z K)) (S (I (x B))) v3))))
x (v19 v0) v3 (v3 (x (v19 v0) v3) (v26 (B (B I)))) (z (B (x (z I)) (z (x I)))) (S (x (z S) v7 (z (B I B))) (z (I B (I (B x z I)) (z (x I))))) (S x v30 (z (S (v22 (B (z K)) (S (I (x B))) v3))))
x (v19 v0) v3 (v3 (x (v19 v0) v3) (v26 (B (B I)))) (z (B (x (z I)) (z (x I)))) (S (x (z S) v7 (z (B I B))) (z (B (I (B x z I)) (z (x I))))) (S x v30 (z (S (v22 (B (z K)) (S (I (x B))) v3))))
x (v19 v0) v3 (v3 (x (v19 v0) v3) (v26 (B (B I)))) (z (B (x (z I)) (z (x I)))) (S (x (z S) v7 (z (B I B))) (z (B (B x z I) (z (x I))))) (S x v30 (z (S (v22 (B (z K)) (S (I (x B))) v3))))
x (v19 v0) v3 (v3 (x (v19 v0) v3) (v26 (B (B I)))) (z (B (x (z I)) (z (x I)))) (S (x (z S) v7 (z (B I B))) (z (B (x (z I)) (z (x I))))) (S x v30 (z (S (v22 (B (z K)) (S (I (x B))) v3))))
x (v19 v0) v3 (v3 (x (v19 v0) v3) (v26 (B (B I)))) (z (B (x (z I)) (z (x I)))) (S (x (z S) v7 (z (B I B))) (z (B (x (z I)) (z (x I))))) (x (z (S (v22 (B (z K)) (S (I (x B))) v3))) (v30 (z (S (v22 (B (z K)) (S (I (x B))) v3)))))
x (v19 v0) v3 (v3 (x (v19 v0) v3) (v26 (B (B I)))) (z (B (x (z I)) (z (x I)))) (S (x (z S) v7 (z (B I B))) (z (B (x (z I)) (z (x I))))) (x (z (S (v22 (B (z K)) (S (x B)) v3))) (v30 (z (S (v22 (B (z K)) (S (I (x B))) v3)))))
x (v19 v0) v3 (v3 (x (v19 v0) v3) (v26 (B (B I)))) (z (B (x (z I)) (z (x I)))) (S (x (z S) v7 (z (B I B))) (z (B (x (z I)) (z (x I))))) (x (z (S (v22 (B (z K)) (S (x B)) v3))) (v30 (z (S (v22 (B (z K)) (S (x B)) v3)))))
I (x v27) (z (K (x v8 B)) (S I) (v18 (I I I B v4 (x z x z z x) K))) (z (x S) (x (z B)) (z z (v10 (I (I K B z)) S) (K (K (K x)))) B) (S (x I (x z (B (K (S v15) x))) S) v15 v18 (x v25 (K v25)) x (S B (x (S z K (I x (B z (x K v27)))) (B v18 S S)) B))
x v27 (z (K (x v8 B)) (S I) (v18 (I I I B v4 (x z x z z x) K))) (z (x S) (x (z B)) (z z (v10 (I (I K B z)) S) (K (K (K x)))) B) (S (x I (x z (B (K (S v15) x))) S) v15 v18 (x v25 (K v25)) x (S B (x (S z K (I x (B z (x K v27)))) (B v18 S S)) B))
x v27 (z (K (x v8 B)) (S I) (v18 (I I B v4 (x z x z z x) K))) (z (x S) (x (z B)) (z z (v10 (I (I K B z)) S) (K (K (K x)))) B) (S (x I (x z (B (K (S v15) x))) S) v15 v18 (x v25 (K v25)) x (S B (x (S z K (I x (B z (x K v27)))) (B v18 S S)) B))
x v27 (z (K (x v8 B)) (S I) (v18 (I B v4 (x z x z z x) K))) (z (x S) (x (z B)) (z z (v10 (I (I K B z)) S) (K (K (K x)))) B) (S (x I (x z (B (K (S v15) x))) S) v15 v18 (x v25 (K v25)) x (S B (x (S z K (I x (B z (x K v27)))) (B v18 S S)) B))
x v27 (z (K (x v8 B)) (S I) (v18 (B v4 (x z x z z x) K))) (z (x S) (x (z B)) (z z (v10 (I (I K B z)) S) (K (K (K x)))) B) (S (x I (x z (B (K (S v15) x))) S) v15 v18 (x v25 (K v25)) x (S B (x (S z K (I x (B z (x K v27)))) (B v18 S S)) B))
x v27 (z (K (x v8 B)) (S I) (v18 (v4 (x z x z z x K)))) (z (x S) (x (z B)) (z z (v10 (I (I K B z)) S) (K (K (K x)))) B) (S (x I (x z (B (K (S v15) x))) S) v15 v18 (x v25 (K v25)) x (S B (x (S z K (I x (B z (x K v27)))) (B v18 S S)) B))
x v27 (z (K (x v8 B)) (S I) (v18 (v4 (x z x z z x K)))) (z (x S) (x (z B)) (z z (v10 (I K B z) S) (K (K (K x)))) B) (S (x I (x z (B (K (S v15) x))) S) v15 v18 (x v25 (K v25)) x (S B (x (S z K (I x (B z (x K v27)))) (B v18 S S)) B))
x v27 (z (K (x v8 B)) (S I) (v18 (v4 (x z x z z x K)))) (z (x S) (x (z B)) (z z (v10 (K B z) S) (K (K (K x)))) B) (S (x I (x z (B (K (S v15) x))) S) v15 v18 (x v25 (K v25)) x (S B (x (S z K (I x (B z (x K v27)))) (B v18 S S)) B))
x v27 (z (K (x v8 B)) (S I) (v18 (v4 (x z x z z x K)))) (z (x S) (x (z B)) (z z (v10 B S) (K (K (K x)))) B) (S (x I (x z (B (K (S v15) x))) S) v15 v18 (x v25 (K v25)) x (S B (x (S z K (I x (B z (x K v27)))) (B v18 S S)) B))
x v27 (z (K (x v8 B)) (S I) (v18 (v4 (x z x z z x K)))) (z (x S) (x (z B)) (z z (v10 B S) (K (K (K x)))) B) (x I (x z (B (K (S v15) x))) S v18 (v15 v18) (x v25 (K v25)) x (S B (x (S z K (I x (B z (x K v27)))) (B v18 S S)) B))
x v27 (z (K (x v8 B)) (S I) (v18 (v4 (x z x z z x K)))) (z (x S) (x (z B)) (z z (v10 B S) (K (K (K x)))) B) (x I (x z (B (S v15))) S v18 (v15 v18) (x v25 (K v25)) x (S B (x (S z K (I x (B z (x K v27)))) (B v18 S S)) B))
x v27 (z (K (x v8 B)) (S I) (v18 (v4 (x z x z z x K)))) (z (x S) (x (z B)) (z z (v10 B S) (K (K (K x)))) B) (x I (x z (B (S v15))) S v18 (v15 v18) (x v25 (K v25)) x (B B (x (S z K (I x (B z (x K v27)))) (B v18 S S) B)))
x v27 (z (K (x v8 B)) (S I) (v18 (v4 (x z x z z x K)))) (z (x S) (x (z B)) (z z (v10 B S) (K (K (K x)))) B) (x I (x z (B (S v15))) S v18 (v15 v18) (x v25 (K v25)) x (B B (x (z (I x (B z (x K v27))) (K (I x (B z (x K v27))))) (B v18 S S) B)))
x v27 (z (K (x v8 B)) (S I) (v18 (v4 (x z x z z x K)))) (z (x S) (x (z B)) (z z (v10 B S) (K (K (K x)))) B) (x I (x z (B (S v15))) S v18 (v15 v18) (x v25 (K v25)) x (B B (x (z (x (B z (x K v27))) (K (I x (B z (x K v27))))) (B v18 S S) B)))
x v27 (z (K (x v8 B)) (S I) (v18 (v4 (x z x z z x K)))) (z (x S) (x (z B)) (z z (v10 B S) (K (K (K x)))) B) (x I (x z (B (S v15))) S v18 (v15 v18) (x v25 (K v25)) x (B B (x (z (x (B z (x K v27))) (K (x (B z (x K v27))))) (B v18 S S) B)))
x v27 (z (K (x v8 B)) (S I) (v18 (v4 (x z x z z x K)))) (z (x S) (x (z B)) (z z (v10 B S) (K (K (K x)))) B) (x I (x z (B (S v15))) S v18 (v15 v18) (x v25 (K v25)) x (B B (x (z (x (B z (x K v27))) (K (x (B z (x K v27))))) (v18 (S S)) B)))
B (S (S (S v28)) (S x B)) z
