z (S v30) S (z (I B (B x v26)))
z (S v30) S (z (B (B x v26)))
I (K (B z (K (B (S I) I K) I B))) (S K (z (B (K v11 B))) (S (B (I z (B z) (K K)) S) K) z)
K (B z (K (B (S I) I K) I B)) (S K (z (B (K v11 B))) (S (B (I z (B z) (K K)) S) K) z)
B z (K (B (S I) I K) I B)
B z (B (S I) I K B)
B z (S I (I K) B)
B z (I B (I K B))
B z (B (I K B))
B z (B (K B))
x x
S (x S (I S S) (B (v20 x)) z I) (B I (I (x (z B B) x) (B (v26 I)) (z B (x z) B)) (B (v12 (x (x K z B) K B)) (K (I z) (v28 (I x)))))
S (x S (S S) (B (v20 x)) z I) (B I (I (x (z B B) x) (B (v26 I)) (z B (x z) B)) (B (v12 (x (x K z B) K B)) (K (I z) (v28 (I x)))))
S (x S (S S) (B (v20 x)) z I) (I (I (x (z B B) x) (B (v26 I)) (z B (x z) B) (B (v12 (x (x K z B) K B)) (K (I z) (v28 (I x))))))
S (x S (S S) (B (v20 x)) z I) (I (x (z B B) x) (B (v26 I)) (z B (x z) B) (B (v12 (x (x K z B) K B)) (K (I z) (v28 (I x)))))
S (x S (S S) (B (v20 x)) z I) (x (z B B) x (B (v26 I)) (z B (x z) B) (B (v12 (x (x K z B) K B)) (K (I z) (v28 (I x)))))
S (x S (S S) (B (v20 x)) z I) (x (z B B) x (B (v26 I)) (z B (x z) B) (B (v12 (x (x K z B) K B)) (I z)))
S (x S (S S) (B (v20 x)) z I) (x (z B B) x (B (v26 I)) (z B (x z) B) (B (v12 (x (x K z B) K B)) z))
B (x (K (S v20)) (z I (v2 I) v10) (S (x (K K) (S (B v9 S) z (x z v6))))) (z x (x (v17 I)) B (x (K z (S x)) K (K z (x K) (B v17) (I I S))) (x (v6 S (S (I x v24)) (z z)) (B (x (B (K (v19 v4 z))))) x K))
B (x (K (S v20)) (z I (v2 I) v10) (S (x (K K) (B v9 S (x z v6) (z (x z v6)))))) (z x (x (v17 I)) B (x (K z (S x)) K (K z (x K) (B v17) (I I S))) (x (v6 S (S (I x v24)) (z z)) (B (x (B (K (v19 v4 z))))) x K))
B (x (K (S v20)) (z I (v2 I) v10) (S (x (K K) (v9 (S (x z v6)) (z (x z v6)))))) (z x (x (v17 I)) B (x (K z (S x)) K (K z (x K) (B v17) (I I S))) (x (v6 S (S (I x v24)) (z z)) (B (x (B (K (v19 v4 z))))) x K))
B (x (K (S v20)) (z I (v2 I) v10) (S (x (K K) (v9 (S (x z v6)) (z (x z v6)))))) (z x (x (v17 I)) B (x z K (K z (x K) (B v17) (I I S))) (x (v6 S (S (I x v24)) (z z)) (B (x (B (K (v19 v4 z))))) x K))
B (x (K (S v20)) (z I (v2 I) v10) (S (x (K K) (v9 (S (x z v6)) (z (x z v6)))))) (z x (x (v17 I)) B (x z K (z (B v17) (I I S))) (x (v6 S (S (I x v24)) (z z)) (B (x (B (K (v19 v4 z))))) x K))
B (x (K (S v20)) (z I (v2 I) v10) (S (x (K K) (v9 (S (x z v6)) (z (x z v6)))))) (z x (x (v17 I)) B (x z K (z (B v17) (I S))) (x (v6 S (S (I x v24)) (z z)) (B (x (B (K (v19 v4 z))))) x K))
B (x (K (S v20)) (z I (v2 I) v10) (S (x (K K) (v9 (S (x z v6)) (z (x z v6)))))) (z x (x (v17 I)) B (x z K (z (B v17) S)) (x (v6 S (S (I x v24)) (z z)) (B (x (B (K (v19 v4 z))))) x K))
B (x (K (S v20)) (z I (v2 I) v10) (S (x (K K) (v9 (S (x z v6)) (z (x z v6)))))) (z x (x (v17 I)) B (x z K (z (B v17) S)) (x (v6 S (S (x v24)) (z z)) (B (x (B (K (v19 v4 z))))) x K))
x K (S (v30 I z) z v22 (I K (x I)) (z z) (B v27 v24 (I (K S) v17))) (K (x S (v5 (z v2)) K (B S x)) x (x I x K z (z (K (K B) S) (S v14)) (S S))) (x v29 (K (z I v28 S v21 (S v18 K z v22 (S S K)))) x) (v18 (S (v8 S (S (v25 K K) I) z v24)) x (z (B v22 (K B (B z)) z I)) (x (S (B z)) (z (B B) (x B))) (v28 (B (x B) (S I)) v26 (K z (K (x z K (z v17)) (K K) (K K (x x z) (x z))))))
x K (v30 I z v22 (z v22) (I K (x I)) (z z) (B v27 v24 (I (K S) v17))) (K (x S (v5 (z v2)) K (B S x)) x (x I x K z (z (K (K B) S) (S v14)) (S S))) (x v29 (K (z I v28 S v21 (S v18 K z v22 (S S K)))) x) (v18 (S (v8 S (S (v25 K K) I) z v24)) x (z (B v22 (K B (B z)) z I)) (x (S (B z)) (z (B B) (x B))) (v28 (B (x B) (S I)) v26 (K z (K (x z K (z v17)) (K K) (K K (x x z) (x z))))))
x K (v30 I z v22 (z v22) (K (x I)) (z z) (B v27 v24 (I (K S) v17))) (K (x S (v5 (z v2)) K (B S x)) x (x I x K z (z (K (K B) S) (S v14)) (S S))) (x v29 (K (z I v28 S v21 (S v18 K z v22 (S S K)))) x) (v18 (S (v8 S (S (v25 K K) I) z v24)) x (z (B v22 (K B (B z)) z I)) (x (S (B z)) (z (B B) (x B))) (v28 (B (x B) (S I)) v26 (K z (K (x z K (z v17)) (K K) (K K (x x z) (x z))))))
x K (v30 I z v22 (z v22) (K (x I)) (z z) (v27 (v24 (I (K S) v17)))) (K (x S (v5 (z v2)) K (B S x)) x (x I x K z (z (K (K B) S) (S v14)) (S S))) (x v29 (K (z I v28 S v21 (S v18 K z v22 (S S K)))) x) (v18 (S (v8 S (S (v25 K K) I) z v24)) x (z (B v22 (K B (B z)) z I)) (x (S (B z)) (z (B B) (x B))) (v28 (B (x B) (S I)) v26 (K z (K (x z K (z v17)) (K K) (K K (x x z) (x z))))))
x K (v30 I z v22 (z v22) (K (x I)) (z z) (v27 (v24 (K S v17)))) (K (x S (v5 (z v2)) K (B S x)) x (x I x K z (z (K (K B) S) (S v14)) (S S))) (x v29 (K (z I v28 S v21 (S v18 K z v22 (S S K)))) x) (v18 (S (v8 S (S (v25 K K) I) z v24)) x (z (B v22 (K B (B z)) z I)) (x (S (B z)) (z (B B) (x B))) (v28 (B (x B) (S I)) v26 (K z (K (x z K (z v17)) (K K) (K K (x x z) (x z))))))
x K (v30 I z v22 (z v22) (K (x I)) (z z) (v27 (v24 S))) (K (x S (v5 (z v2)) K (B S x)) x (x I x K z (z (K (K B) S) (S v14)) (S S))) (x v29 (K (z I v28 S v21 (S v18 K z v22 (S S K)))) x) (v18 (S (v8 S (S (v25 K K) I) z v24)) x (z (B v22 (K B (B z)) z I)) (x (S (B z)) (z (B B) (x B))) (v28 (B (x B) (S I)) v26 (K z (K (x z K (z v17)) (K K) (K K (x x z) (x z))))))
x K (v30 I z v22 (z v22) (K (x I)) (z z) (v27 (v24 S))) (x S (v5 (z v2)) K (B S x) (x I x K z (z (K (K B) S) (S v14)) (S S))) (x v29 (K (z I v28 S v21 (S v18 K z v22 (S S K)))) x) (v18 (S (v8 S (S (v25 K K) I) z v24)) x (z (B v22 (K B (B z)) z I)) (x (S (B z)) (z (B B) (x B))) (v28 (B (x B) (S I)) v26 (K z (K (x z K (z v17)) (K K) (K K (x x z) (x z))))))
x K (v30 I z v22 (z v22) (K (x I)) (z z) (v27 (v24 S))) (x S (v5 (z v2)) K (B S x) (x I x K z (z (K B) (S v14)) (S S))) (x v29 (K (z I v28 S v21 (S v18 K z v22 (S S K)))) x) (v18 (S (v8 S (S (v25 K K) I) z v24)) x (z (B v22 (K B (B z)) z I)) (x (S (B z)) (z (B B) (x B))) (v28 (B (x B) (S I)) v26 (K z (K (x z K (z v17)) (K K) (K K (x x z) (x z))))))
x K (v30 I z v22 (z v22) (K (x I)) (z z) (v27 (v24 S))) (x S (v5 (z v2)) K (B S x) (x I x K z (z (K B) (S v14)) (S S))) (x v29 (K (z I v28 S v21 (v18 z (K z) v22 (S S K)))) x) (v18 (S (v8 S (S (v25 K K) I) z v24)) x (z (B v22 (K B (B z)) z I)) (x (S (B z)) (z (B B) (x B))) (v28 (B (x B) (S I)) v26 (K z (K (x z K (z v17)) (K K) (K K (x x z) (x z))))))
x K (v30 I z v22 (z v22) (K (x I)) (z z) (v27 (v24 S))) (x S (v5 (z v2)) K (B S x) (x I x K z (z (K B) (S v14)) (S S))) (x v29 (K (z I v28 S v21 (v18 z (K z) v22 (S S K)))) x) (v18 (S (v8 S (S (v25 K K) I) z v24)) x (z (v22 (K B (B z) z) I)) (x (S (B z)) (z (B B) (x B))) (v28 (B (x B) (S I)) v26 (K z (K (x z K (z v17)) (K K) (K K (x x z) (x z))))))
x K (v30 I z v22 (z v22) (K (x I)) (z z) (v27 (v24 S))) (x S (v5 (z v2)) K (B S x) (x I x K z (z (K B) (S v14)) (S S))) (x v29 (K (z I v28 S v21 (v18 z (K z) v22 (S S K)))) x) (v18 (S (v8 S (S (v25 K K) I) z v24)) x (z (v22 (B z) I)) (x (S (B z)) (z (B B) (x B))) (v28 (B (x B) (S I)) v26 (K z (K (x z K (z v17)) (K K) (K K (x x z) (x z))))))
x K (v30 I z v22 (z v22) (K (x I)) (z z) (v27 (v24 S))) (x S (v5 (z v2)) K (B S x) (x I x K z (z (K B) (S v14)) (S S))) (x v29 (K (z I v28 S v21 (v18 z (K z) v22 (S S K)))) x) (v18 (S (v8 S (S (v25 K K) I) z v24)) x (z (v22 (B z) I)) (x (S (B z)) (z (B B) (x B))) (v28 (B (x B) (S I)) v26 z))
I (v1 S v12 (x (v2 (I (K (S B))) (S (B (S (v2 I S))) x))) z x)
v1 S v12 (x (v2 (I (K (S B))) (S (B (S (v2 I S))) x))) z x
v1 S v12 (x (v2 (K (S B)) (S (B (S (v2 I S))) x))) z x
x
K (B B (v1 x x) (I x I) (z (B (B I)) (x (K (K I) (z (K I) I K)) S)) (K S)) (B (I (S K z (v22 (B (B K S x S)))))) (K (K x (z K) z (K (I x) I) (K S (v19 I I))) (x (B (z (z K)))) (v23 (K S) (I (K (z B) K) (I S S B)) (B z v22)))
B B (v1 x x) (I x I) (z (B (B I)) (x (K (K I) (z (K I) I K)) S)) (K S) (K (K x (z K) z (K (I x) I) (K S (v19 I I))) (x (B (z (z K)))) (v23 (K S) (I (K (z B) K) (I S S B)) (B z v22)))
B (v1 x x (I x I)) (z (B (B I)) (x (K (K I) (z (K I) I K)) S)) (K S) (K (K x (z K) z (K (I x) I) (K S (v19 I I))) (x (B (z (z K)))) (v23 (K S) (I (K (z B) K) (I S S B)) (B z v22)))
v1 x x (I x I) (z (B (B I)) (x (K (K I) (z (K I) I K)) S) (K S)) (K (K x (z K) z (K (I x) I) (K S (v19 I I))) (x (B (z (z K)))) (v23 (K S) (I (K (z B) K) (I S S B)) (B z v22)))
v1 x x (x I) (z (B (B I)) (x (K (K I) (z (K I) I K)) S) (K S)) (K (K x (z K) z (K (I x) I) (K S (v19 I I))) (x (B (z (z K)))) (v23 (K S) (I (K (z B) K) (I S S B)) (B z v22)))
v1 x x (x I) (z (B (B I)) (x (K I) S) (K S)) (K (K x (z K) z (K (I x) I) (K S (v19 I I))) (x (B (z (z K)))) (v23 (K S) (I (K (z B) K) (I S S B)) (B z v22)))
v1 x x (x I) (z (B (B I)) (x (K I) S) (K S)) (K x (z K) z (K (I x) I) (K S (v19 I I)) (v23 (K S) (I (K (z B) K) (I S S B)) (B z v22)))
v1 x x (x I) (z (B (B I)) (x (K I) S) (K S)) (x z (K (I x) I) (K S (v19 I I)) (v23 (K S) (I (K (z B) K) (I S S B)) (B z v22)))
v1 x x (x I) (z (B (B I)) (x (K I) S) (K S)) (x z (I x) (K S (v19 I I)) (v23 (K S) (I (K (z B) K) (I S S B)) (B z v22)))
v1 x x (x I) (z (B (B I)) (x (K I) S) (K S)) (x z x (K S (v19 I I)) (v23 (K S) (I (K (z B) K) (I S S B)) (B z v22)))
v1 x x (x I) (z (B (B I)) (x (K I) S) (K S)) (x z x S (v23 (K S) (I (K (z B) K) (I S S B)) (B z v22)))
v1 x x (x I) (z (B (B I)) (x (K I) S) (K S)) (x z x S (v23 (K S) (K (z B) K (I S S B)) (B z v22)))
v1 x x (x I) (z (B (B I)) (x (K I) S) (K S)) (x z x S (v23 (K S) (z B (I S S B)) (B z v22)))
v1 x x (x I) (z (B (B I)) (x (K I) S) (K S)) (x z x S (v23 (K S) (z B (S S B)) (B z v22)))
S v17 (z (S x)) (I I) (I (I (K (x (B x)) B (B (K (K I)) (S v5 (x K v23)))) (K I S) (S B) x))
v17 (I I) (z (S x) (I I)) (I (I (K (x (B x)) B (B (K (K I)) (S v5 (x K v23)))) (K I S) (S B) x))
v17 I (z (S x) (I I)) (I (I (K (x (B x)) B (B (K (K I)) (S v5 (x K v23)))) (K I S) (S B) x))
v17 I (z (S x) I) (I (I (K (x (B x)) B (B (K (K I)) (S v5 (x K v23)))) (K I S) (S B) x))
v17 I (z (S x) I) (I (K (x (B x)) B (B (K (K I)) (S v5 (x K v23)))) (K I S) (S B) x)
v17 I (z (S x) I) (K (x (B x)) B (B (K (K I)) (S v5 (x K v23))) (K I S) (S B) x)
v17 I (z (S x) I) (x (B x) (B (K (K I)) (S v5 (x K v23))) (K I S) (S B) x)
v17 I (z (S x) I) (x (B x) (B (K (K I)) (S v5 (x K v23))) I (S B) x)
