I (K (B (x (x B x)) S) x S (x (I (S B) z)) B x (B (x K) B))
K (B (x (x B x)) S) x S (x (I (S B) z)) B x (B (x K) B)
B (x (x B x)) S S (x (I (S B) z)) B x (B (x K) B)
x (x B x) (S S) (x (I (S B) z)) B x (B (x K) B)
x (x B x) (S S) (x (S B z)) B x (B (x K) B)
v14 (x (v17 (x x)) (z (z (z (B v27 (B B) (S x))) S (S B (v1 S (K I) K)) (I (S B) S (K (v7 K (S S) v20)) x))))
v14 (x (v17 (x x)) (z (z (z (v27 (B B (S x)))) S (S B (v1 S (K I) K)) (I (S B) S (K (v7 K (S S) v20)) x))))
v14 (x (v17 (x x)) (z (z (z (v27 (B B (S x)))) S (S B (v1 S (K I) K)) (S B S (K (v7 K (S S) v20)) x))))
v14 (x (v17 (x x)) (z (z (z (v27 (B B (S x)))) S (S B (v1 S (K I) K)) (B (K (v7 K (S S) v20)) (S (K (v7 K (S S) v20))) x))))
v14 (x (v17 (x x)) (z (z (z (v27 (B B (S x)))) S (S B (v1 S (K I) K)) (K (v7 K (S S) v20) (S (K (v7 K (S S) v20)) x)))))
v14 (x (v17 (x x)) (z (z (z (v27 (B B (S x)))) S (S B (v1 S (K I) K)) (v7 K (S S) v20))))
v29 (x (B (z K v26) z B v21)) (S K z (x S) (z K (K (x S K B)) (z B)))
v29 (x (z K v26 (z B) v21)) (S K z (x S) (z K (K (x S K B)) (z B)))
v29 (x (z K v26 (z B) v21)) (K (x S) (z (x S)) (z K (K (x S K B)) (z B)))
v29 (x (z K v26 (z B) v21)) (x S (z K (K (x S K B)) (z B)))
S (S B (v4 (I (z (I B) (z (z v20)) I)) B) B)
S (B B (v4 (I (z (I B) (z (z v20)) I)) B B))
S (B B (v4 (z (I B) (z (z v20)) I) B B))
S (B B (v4 (z B (z (z v20)) I) B B))
v24 S (v5 (v0 z)) (B I) (z K)
v21 (B v29 (K z) K) z (I (z S) (I (B (z K) (I z))) x) (K (z z) v23 z) (S (B (I (I (z K x) (S K)) (S (x K) (I B I))) (x (z (v6 v19) I (I (S v20 (K (S S)))))) (z (B (K K (K (I B) (B B)) v10)) I) (v2 (z (S B K)) (B B) (x (v14 x (K B))))))
v21 (v29 (K z K)) z (I (z S) (I (B (z K) (I z))) x) (K (z z) v23 z) (S (B (I (I (z K x) (S K)) (S (x K) (I B I))) (x (z (v6 v19) I (I (S v20 (K (S S)))))) (z (B (K K (K (I B) (B B)) v10)) I) (v2 (z (S B K)) (B B) (x (v14 x (K B))))))
v21 (v29 z) z (I (z S) (I (B (z K) (I z))) x) (K (z z) v23 z) (S (B (I (I (z K x) (S K)) (S (x K) (I B I))) (x (z (v6 v19) I (I (S v20 (K (S S)))))) (z (B (K K (K (I B) (B B)) v10)) I) (v2 (z (S B K)) (B B) (x (v14 x (K B))))))
v21 (v29 z) z (z S (I (B (z K) (I z))) x) (K (z z) v23 z) (S (B (I (I (z K x) (S K)) (S (x K) (I B I))) (x (z (v6 v19) I (I (S v20 (K (S S)))))) (z (B (K K (K (I B) (B B)) v10)) I) (v2 (z (S B K)) (B B) (x (v14 x (K B))))))
v21 (v29 z) z (z S (B (z K) (I z)) x) (K (z z) v23 z) (S (B (I (I (z K x) (S K)) (S (x K) (I B I))) (x (z (v6 v19) I (I (S v20 (K (S S)))))) (z (B (K K (K (I B) (B B)) v10)) I) (v2 (z (S B K)) (B B) (x (v14 x (K B))))))
v21 (v29 z) z (z S (B (z K) z) x) (K (z z) v23 z) (S (B (I (I (z K x) (S K)) (S (x K) (I B I))) (x (z (v6 v19) I (I (S v20 (K (S S)))))) (z (B (K K (K (I B) (B B)) v10)) I) (v2 (z (S B K)) (B B) (x (v14 x (K B))))))
v21 (v29 z) z (z S (B (z K) z) x) (z z z) (S (B (I (I (z K x) (S K)) (S (x K) (I B I))) (x (z (v6 v19) I (I (S v20 (K (S S)))))) (z (B (K K (K (I B) (B B)) v10)) I) (v2 (z (S B K)) (B B) (x (v14 x (K B))))))
v21 (v29 z) z (z S (B (z K) z) x) (z z z) (S (I (I (z K x) (S K)) (S (x K) (I B I)) (x (z (v6 v19) I (I (S v20 (K (S S))))) (z (B (K K (K (I B) (B B)) v10)) I)) (v2 (z (S B K)) (B B) (x (v14 x (K B))))))
v21 (v29 z) z (z S (B (z K) z) x) (z z z) (S (I (z K x) (S K) (S (x K) (I B I)) (x (z (v6 v19) I (I (S v20 (K (S S))))) (z (B (K K (K (I B) (B B)) v10)) I)) (v2 (z (S B K)) (B B) (x (v14 x (K B))))))
v21 (v29 z) z (z S (B (z K) z) x) (z z z) (S (z K x (S K) (S (x K) (I B I)) (x (z (v6 v19) I (I (S v20 (K (S S))))) (z (B (K K (K (I B) (B B)) v10)) I)) (v2 (z (S B K)) (B B) (x (v14 x (K B))))))
v21 (v29 z) z (z S (B (z K) z) x) (z z z) (S (z K x (S K) (S (x K) (B I)) (x (z (v6 v19) I (I (S v20 (K (S S))))) (z (B (K K (K (I B) (B B)) v10)) I)) (v2 (z (S B K)) (B B) (x (v14 x (K B))))))
v21 (v29 z) z (z S (B (z K) z) x) (z z z) (S (z K x (S K) (S (x K) (B I)) (x (z (v6 v19) I (S v20 (K (S S)))) (z (B (K K (K (I B) (B B)) v10)) I)) (v2 (z (S B K)) (B B) (x (v14 x (K B))))))
v21 (v29 z) z (z S (B (z K) z) x) (z z z) (S (z K x (S K) (S (x K) (B I)) (x (z (v6 v19) I (S v20 (K (S S)))) (z (B (K v10)) I)) (v2 (z (S B K)) (B B) (x (v14 x (K B))))))
B x (z K v17 S) (I x) (S (B (B I) (z K) (v11 z) (v14 (S (S B)) x K x))) (x (I S) (K B) (z K (S S v7))) B B K
x (z K v17 S (I x)) (S (B (B I) (z K) (v11 z) (v14 (S (S B)) x K x))) (x (I S) (K B) (z K (S S v7))) B B K
x (z K v17 S x) (S (B (B I) (z K) (v11 z) (v14 (S (S B)) x K x))) (x (I S) (K B) (z K (S S v7))) B B K
x (z K v17 S x) (S (B I (z K (v11 z)) (v14 (S (S B)) x K x))) (x (I S) (K B) (z K (S S v7))) B B K
x (z K v17 S x) (S (I (z K (v11 z) (v14 (S (S B)) x K x)))) (x (I S) (K B) (z K (S S v7))) B B K
x (z K v17 S x) (S (z K (v11 z) (v14 (S (S B)) x K x))) (x (I S) (K B) (z K (S S v7))) B B K
x (z K v17 S x) (S (z K (v11 z) (v14 (S (S B)) x K x))) (x S (K B) (z K (S S v7))) B B K
S K (v24 z) v27 (I v14 (z (v30 (S I))) (x (K (I (S x B))) S (S (z S) I) (K v19 (z (S I (B x) (I S)) S (S S (B S) (I (z S S)))))) I (B x z (K (K I))))
K v27 (v24 z v27) (I v14 (z (v30 (S I))) (x (K (I (S x B))) S (S (z S) I) (K v19 (z (S I (B x) (I S)) S (S S (B S) (I (z S S)))))) I (B x z (K (K I))))
v27 (I v14 (z (v30 (S I))) (x (K (I (S x B))) S (S (z S) I) (K v19 (z (S I (B x) (I S)) S (S S (B S) (I (z S S)))))) I (B x z (K (K I))))
v27 (v14 (z (v30 (S I))) (x (K (I (S x B))) S (S (z S) I) (K v19 (z (S I (B x) (I S)) S (S S (B S) (I (z S S)))))) I (B x z (K (K I))))
v27 (v14 (z (v30 (S I))) (x (K (S x B)) S (S (z S) I) (K v19 (z (S I (B x) (I S)) S (S S (B S) (I (z S S)))))) I (B x z (K (K I))))
v27 (v14 (z (v30 (S I))) (x (K (S x B)) S (S (z S) I) v19) I (B x z (K (K I))))
v27 (v14 (z (v30 (S I))) (x (K (S x B)) S (S (z S) I) v19) I (x (z (K (K I)))))
I x (z (B (I (S S) z I (K (K (x (B (K z) (S (I B v5)) (v17 I)))))) B))
x (z (B (I (S S) z I (K (K (x (B (K z) (S (I B v5)) (v17 I)))))) B))
x (z (B (S S z I (K (K (x (B (K z) (S (I B v5)) (v17 I)))))) B))
x (z (B (S I (z I) (K (K (x (B (K z) (S (I B v5)) (v17 I)))))) B))
x (z (B (I (K (K (x (B (K z) (S (I B v5)) (v17 I))))) (z I (K (K (x (B (K z) (S (I B v5)) (v17 I))))))) B))
x (z (B (K (K (x (B (K z) (S (I B v5)) (v17 I)))) (z I (K (K (x (B (K z) (S (I B v5)) (v17 I))))))) B))
x (z (B (K (x (B (K z) (S (I B v5)) (v17 I)))) B))
x (z (B (K (x (K z (S (I B v5) (v17 I))))) B))
x (z (B (K (x z)) B))
K (x (B z (z K)) K K) (x (x I I) (z (v17 (S S) (z S) x)))
x (B z (z K)) K K
