v26 K (B I K) B (B (K (z (K (B K) S))) (I (I B)))
v26 K (B I K) B (B (K (z (B K))) (I (I B)))
v26 K (B I K) B (B (K (z (B K))) (I B))
v26 K (B I K) B (B (K (z (B K))) B)
x
x v1 x (S (S (B (v5 (K S)) (K (K (z (B z))) I) K) v10) (I (K (B z v8 v12)))) (x (S (v25 B v23 x v13)) (S (B v17 (x (B (z (x v28)) I))) (v23 (I v15) S)) (v26 (K K))) (x (K K) S S (v5 v12))
x v1 x (S (S (v5 (K S) (K (K (z (B z))) I K)) v10) (I (K (B z v8 v12)))) (x (S (v25 B v23 x v13)) (S (B v17 (x (B (z (x v28)) I))) (v23 (I v15) S)) (v26 (K K))) (x (K K) S S (v5 v12))
x v1 x (S (S (v5 (K S) (K (z (B z)) K)) v10) (I (K (B z v8 v12)))) (x (S (v25 B v23 x v13)) (S (B v17 (x (B (z (x v28)) I))) (v23 (I v15) S)) (v26 (K K))) (x (K K) S S (v5 v12))
x v1 x (S (S (v5 (K S) (z (B z))) v10) (I (K (B z v8 v12)))) (x (S (v25 B v23 x v13)) (S (B v17 (x (B (z (x v28)) I))) (v23 (I v15) S)) (v26 (K K))) (x (K K) S S (v5 v12))
x v1 x (S (S (v5 (K S) (z (B z))) v10) (K (B z v8 v12))) (x (S (v25 B v23 x v13)) (S (B v17 (x (B (z (x v28)) I))) (v23 (I v15) S)) (v26 (K K))) (x (K K) S S (v5 v12))
x v1 x (S (S (v5 (K S) (z (B z))) v10) (K (z (v8 v12)))) (x (S (v25 B v23 x v13)) (S (B v17 (x (B (z (x v28)) I))) (v23 (I v15) S)) (v26 (K K))) (x (K K) S S (v5 v12))
x v1 x (S (S (v5 (K S) (z (B z))) v10) (K (z (v8 v12)))) (x (S (v25 B v23 x v13)) (S (B v17 (x (B (z (x v28)) I))) (v23 v15 S)) (v26 (K K))) (x (K K) S S (v5 v12))
B (S (S B I B I))
B (S (B B (I B) I))
B (S (B (I B I)))
B (S (B (B I)))
x z
z (B K (z (I x v8 (x v17) I (B x)) (S (x x) B))) (z (S (B z) I) B)
z (B K (z (x v8 (x v17) I (B x)) (S (x x) B))) (z (S (B z) I) B)
x (K I (S (S v13 S)) (z (K I) (I (B S) B I))) I
x (I (z (K I) (I (B S) B I))) I
x (z (K I) (I (B S) B I)) I
x (z (K I) (B S B I)) I
x (z (K I) (S (B I))) I
v6 (K (K S)) (v8 (B (I x) S) (z B z B (S v25 S)) (x (S (v16 (I K S) v1) K (I (x S I) (B S))) (z (v27 x B B) z)) (z v12) I (I (S B (K (v9 K))) K (I (B (z (x (I z) (x v2) (K I I)) I)) (K K))))
v6 (K (K S)) (v8 (B x S) (z B z B (S v25 S)) (x (S (v16 (I K S) v1) K (I (x S I) (B S))) (z (v27 x B B) z)) (z v12) I (I (S B (K (v9 K))) K (I (B (z (x (I z) (x v2) (K I I)) I)) (K K))))
v6 (K (K S)) (v8 (B x S) (z B z B (S v25 S)) (x (v16 (I K S) v1 (I (x S I) (B S)) (K (I (x S I) (B S)))) (z (v27 x B B) z)) (z v12) I (I (S B (K (v9 K))) K (I (B (z (x (I z) (x v2) (K I I)) I)) (K K))))
v6 (K (K S)) (v8 (B x S) (z B z B (S v25 S)) (x (v16 (K S) v1 (I (x S I) (B S)) (K (I (x S I) (B S)))) (z (v27 x B B) z)) (z v12) I (I (S B (K (v9 K))) K (I (B (z (x (I z) (x v2) (K I I)) I)) (K K))))
v6 (K (K S)) (v8 (B x S) (z B z B (S v25 S)) (x (v16 (K S) v1 (x S I (B S)) (K (I (x S I) (B S)))) (z (v27 x B B) z)) (z v12) I (I (S B (K (v9 K))) K (I (B (z (x (I z) (x v2) (K I I)) I)) (K K))))
v6 (K (K S)) (v8 (B x S) (z B z B (S v25 S)) (x (v16 (K S) v1 (x S I (B S)) (K (x S I (B S)))) (z (v27 x B B) z)) (z v12) I (I (S B (K (v9 K))) K (I (B (z (x (I z) (x v2) (K I I)) I)) (K K))))
v6 (K (K S)) (v8 (B x S) (z B z B (S v25 S)) (x (v16 (K S) v1 (x S I (B S)) (K (x S I (B S)))) (z (v27 x B B) z)) (z v12) I (S B (K (v9 K)) K (I (B (z (x (I z) (x v2) (K I I)) I)) (K K))))
v6 (K (K S)) (v8 (B x S) (z B z B (S v25 S)) (x (v16 (K S) v1 (x S I (B S)) (K (x S I (B S)))) (z (v27 x B B) z)) (z v12) I (B K (K (v9 K) K) (I (B (z (x (I z) (x v2) (K I I)) I)) (K K))))
v6 (K (K S)) (v8 (B x S) (z B z B (S v25 S)) (x (v16 (K S) v1 (x S I (B S)) (K (x S I (B S)))) (z (v27 x B B) z)) (z v12) I (K (K (v9 K) K (I (B (z (x (I z) (x v2) (K I I)) I)) (K K)))))
v6 (K (K S)) (v8 (B x S) (z B z B (S v25 S)) (x (v16 (K S) v1 (x S I (B S)) (K (x S I (B S)))) (z (v27 x B B) z)) (z v12) I (K (v9 K (I (B (z (x (I z) (x v2) (K I I)) I)) (K K)))))
v6 (K (K S)) (v8 (B x S) (z B z B (S v25 S)) (x (v16 (K S) v1 (x S I (B S)) (K (x S I (B S)))) (z (v27 x B B) z)) (z v12) I (K (v9 K (B (z (x (I z) (x v2) (K I I)) I) (K K)))))
v6 (K (K S)) (v8 (B x S) (z B z B (S v25 S)) (x (v16 (K S) v1 (x S I (B S)) (K (x S I (B S)))) (z (v27 x B B) z)) (z v12) I (K (v9 K (B (z (x z (x v2) (K I I)) I) (K K)))))
v6 (K (K S)) (v8 (B x S) (z B z B (S v25 S)) (x (v16 (K S) v1 (x S I (B S)) (K (x S I (B S)))) (z (v27 x B B) z)) (z v12) I (K (v9 K (B (z (x z (x v2) I) I) (K K)))))
S S (K (S (S S I (I v7))) (I I)) K (v10 (K x) (x x x)) K I (I (z z) v14 (S K)) (x (B (I S) (z (v15 x)) (z (v26 (S B (x S S (K (S S) (z S))))))) (I z (z (B x x)) (S S S S (B x S (S z (z S I)) (K (x S v23 I (B B (v28 (B (v7 x))))))))))
S K (K (S (S S I (I v7))) (I I) K) (v10 (K x) (x x x)) K I (I (z z) v14 (S K)) (x (B (I S) (z (v15 x)) (z (v26 (S B (x S S (K (S S) (z S))))))) (I z (z (B x x)) (S S S S (B x S (S z (z S I)) (K (x S v23 I (B B (v28 (B (v7 x))))))))))
K (v10 (K x) (x x x)) (K (S (S S I (I v7))) (I I) K (v10 (K x) (x x x))) K I (I (z z) v14 (S K)) (x (B (I S) (z (v15 x)) (z (v26 (S B (x S S (K (S S) (z S))))))) (I z (z (B x x)) (S S S S (B x S (S z (z S I)) (K (x S v23 I (B B (v28 (B (v7 x))))))))))
v10 (K x) (x x x) K I (I (z z) v14 (S K)) (x (B (I S) (z (v15 x)) (z (v26 (S B (x S S (K (S S) (z S))))))) (I z (z (B x x)) (S S S S (B x S (S z (z S I)) (K (x S v23 I (B B (v28 (B (v7 x))))))))))
v10 (K x) (x x x) K I (z z v14 (S K)) (x (B (I S) (z (v15 x)) (z (v26 (S B (x S S (K (S S) (z S))))))) (I z (z (B x x)) (S S S S (B x S (S z (z S I)) (K (x S v23 I (B B (v28 (B (v7 x))))))))))
v10 (K x) (x x x) K I (z z v14 (S K)) (x (I S (z (v15 x) (z (v26 (S B (x S S (K (S S) (z S)))))))) (I z (z (B x x)) (S S S S (B x S (S z (z S I)) (K (x S v23 I (B B (v28 (B (v7 x))))))))))
v10 (K x) (x x x) K I (z z v14 (S K)) (x (S (z (v15 x) (z (v26 (S B (x S S (K (S S) (z S)))))))) (I z (z (B x x)) (S S S S (B x S (S z (z S I)) (K (x S v23 I (B B (v28 (B (v7 x))))))))))
v10 (K x) (x x x) K I (z z v14 (S K)) (x (S (z (v15 x) (z (v26 (S B (x S S (S S))))))) (I z (z (B x x)) (S S S S (B x S (S z (z S I)) (K (x S v23 I (B B (v28 (B (v7 x))))))))))
v10 (K x) (x x x) K I (z z v14 (S K)) (x (S (z (v15 x) (z (v26 (S B (x S S (S S))))))) (z (z (B x x)) (S S S S (B x S (S z (z S I)) (K (x S v23 I (B B (v28 (B (v7 x))))))))))
v10 (K x) (x x x) K I (z z v14 (S K)) (x (S (z (v15 x) (z (v26 (S B (x S S (S S))))))) (z (z (B x x)) (S S (S S) (B x S (S z (z S I)) (K (x S v23 I (B B (v28 (B (v7 x))))))))))
v10 (K x) (x x x) K I (z z v14 (S K)) (x (S (z (v15 x) (z (v26 (S B (x S S (S S))))))) (z (z (B x x)) (S (B x S (S z (z S I)) (K (x S v23 I (B B (v28 (B (v7 x))))))) (S S (B x S (S z (z S I)) (K (x S v23 I (B B (v28 (B (v7 x)))))))))))
v10 (K x) (x x x) K I (z z v14 (S K)) (x (S (z (v15 x) (z (v26 (S B (x S S (S S))))))) (z (z (B x x)) (S (x (S (S z (z S I))) (K (x S v23 I (B B (v28 (B (v7 x))))))) (S S (B x S (S z (z S I)) (K (x S v23 I (B B (v28 (B (v7 x)))))))))))
v10 (K x) (x x x) K I (z z v14 (S K)) (x (S (z (v15 x) (z (v26 (S B (x S S (S S))))))) (z (z (B x x)) (S (x (S (S z (z S I))) (K (x S v23 I (B B (v28 (B (v7 x))))))) (S S (x (S (S z (z S I))) (K (x S v23 I (B B (v28 (B (v7 x)))))))))))
B
