v15
z (I (x (z (S z)) K (I z) I) S) (B v23 K K)
z (x (z (S z)) K (I z) I S) (B v23 K K)
z (x (z (S z)) K z I S) (B v23 K K)
z (x (z (S z)) K z I S) (v23 (K K))
z (S I (I K) v26 (I (v6 x)) S (v22 K (I (I S (I (I z) I))) I S))
z (I v26 (I K v26) (I (v6 x)) S (v22 K (I (I S (I (I z) I))) I S))
z (v26 (I K v26) (I (v6 x)) S (v22 K (I (I S (I (I z) I))) I S))
z (v26 (K v26) (I (v6 x)) S (v22 K (I (I S (I (I z) I))) I S))
z (v26 (K v26) (v6 x) S (v22 K (I (I S (I (I z) I))) I S))
z (v26 (K v26) (v6 x) S (v22 K (I S (I (I z) I)) I S))
z (v26 (K v26) (v6 x) S (v22 K (S (I (I z) I)) I S))
z (v26 (K v26) (v6 x) S (v22 K (S (I z I)) I S))
z (v26 (K v26) (v6 x) S (v22 K (S (z I)) I S))
z B v22 (B (K (v21 (K B)))) x K B (S B v11 v6 z v2 (I z I) (K z (x K S) (B (z (x (B z)) (z I)))))
z B v22 (B (K (v21 (K B)))) x K B (B v6 (v11 v6) z v2 (I z I) (K z (x K S) (B (z (x (B z)) (z I)))))
z B v22 (B (K (v21 (K B)))) x K B (v6 (v11 v6 z) v2 (I z I) (K z (x K S) (B (z (x (B z)) (z I)))))
z B v22 (B (K (v21 (K B)))) x K B (v6 (v11 v6 z) v2 (z I) (K z (x K S) (B (z (x (B z)) (z I)))))
z B v22 (B (K (v21 (K B)))) x K B (v6 (v11 v6 z) v2 (z I) (z (B (z (x (B z)) (z I)))))
B x (z B) (K (S x B (I (x v25) (B (K z)) S))) (I (K (v4 I S K) B) z (v27 S (z z))) K
x (z B (K (S x B (I (x v25) (B (K z)) S)))) (I (K (v4 I S K) B) z (v27 S (z z))) K
x (z B (K (x (I (x v25) (B (K z)) S) (B (I (x v25) (B (K z)) S))))) (I (K (v4 I S K) B) z (v27 S (z z))) K
x (z B (K (x (x v25 (B (K z)) S) (B (I (x v25) (B (K z)) S))))) (I (K (v4 I S K) B) z (v27 S (z z))) K
x (z B (K (x (x v25 (B (K z)) S) (B (x v25 (B (K z)) S))))) (I (K (v4 I S K) B) z (v27 S (z z))) K
x (z B (K (x (x v25 (B (K z)) S) (B (x v25 (B (K z)) S))))) (K (v4 I S K) B z (v27 S (z z))) K
x (z B (K (x (x v25 (B (K z)) S) (B (x v25 (B (K z)) S))))) (v4 I S K z (v27 S (z z))) K
z (S z (S (v15 (S v16) x) (I x)) (B (z S B (z K z))) S (v15 S) v15 (z (K x z (B (z (K K)) (x S) B)))) (z v11 v17 (B S K))
z (z (B (z S B (z K z))) (S (v15 (S v16) x) (I x) (B (z S B (z K z)))) S (v15 S) v15 (z (K x z (B (z (K K)) (x S) B)))) (z v11 v17 (B S K))
z (z (B (z S B (z K z))) (v15 (S v16) x (B (z S B (z K z))) (I x (B (z S B (z K z))))) S (v15 S) v15 (z (K x z (B (z (K K)) (x S) B)))) (z v11 v17 (B S K))
z (z (B (z S B (z K z))) (v15 (S v16) x (B (z S B (z K z))) (x (B (z S B (z K z))))) S (v15 S) v15 (z (K x z (B (z (K K)) (x S) B)))) (z v11 v17 (B S K))
z (z (B (z S B (z K z))) (v15 (S v16) x (B (z S B (z K z))) (x (B (z S B (z K z))))) S (v15 S) v15 (z (x (B (z (K K)) (x S) B)))) (z v11 v17 (B S K))
z (z (B (z S B (z K z))) (v15 (S v16) x (B (z S B (z K z))) (x (B (z S B (z K z))))) S (v15 S) v15 (z (x (z (K K) (x S B))))) (z v11 v17 (B S K))
B (K x (x S)) I (K (I (v30 I)) (S I) z) (z I (B z)) x (K x B v17 x (S (K B x) (K (S (K B B (x B)))) (S x I K (v28 I I)) (z (K (x K S) (B (I (S I x)))))) (S z (B (z v28) (S (I (z (K I) (v30 K v4)))))))
K x (x S) (I (K (I (v30 I)) (S I) z)) (z I (B z)) x (K x B v17 x (S (K B x) (K (S (K B B (x B)))) (S x I K (v28 I I)) (z (K (x K S) (B (I (S I x)))))) (S z (B (z v28) (S (I (z (K I) (v30 K v4)))))))
x (I (K (I (v30 I)) (S I) z)) (z I (B z)) x (K x B v17 x (S (K B x) (K (S (K B B (x B)))) (S x I K (v28 I I)) (z (K (x K S) (B (I (S I x)))))) (S z (B (z v28) (S (I (z (K I) (v30 K v4)))))))
x (K (I (v30 I)) (S I) z) (z I (B z)) x (K x B v17 x (S (K B x) (K (S (K B B (x B)))) (S x I K (v28 I I)) (z (K (x K S) (B (I (S I x)))))) (S z (B (z v28) (S (I (z (K I) (v30 K v4)))))))
x (I (v30 I) z) (z I (B z)) x (K x B v17 x (S (K B x) (K (S (K B B (x B)))) (S x I K (v28 I I)) (z (K (x K S) (B (I (S I x)))))) (S z (B (z v28) (S (I (z (K I) (v30 K v4)))))))
x (v30 I z) (z I (B z)) x (K x B v17 x (S (K B x) (K (S (K B B (x B)))) (S x I K (v28 I I)) (z (K (x K S) (B (I (S I x)))))) (S z (B (z v28) (S (I (z (K I) (v30 K v4)))))))
x (v30 I z) (z I (B z)) x (x v17 x (S (K B x) (K (S (K B B (x B)))) (S x I K (v28 I I)) (z (K (x K S) (B (I (S I x)))))) (S z (B (z v28) (S (I (z (K I) (v30 K v4)))))))
x (v30 I z) (z I (B z)) x (x v17 x (K B x (S x I K (v28 I I)) (K (S (K B B (x B))) (S x I K (v28 I I))) (z (K (x K S) (B (I (S I x)))))) (S z (B (z v28) (S (I (z (K I) (v30 K v4)))))))
x (v30 I z) (z I (B z)) x (x v17 x (B (S x I K (v28 I I)) (K (S (K B B (x B))) (S x I K (v28 I I))) (z (K (x K S) (B (I (S I x)))))) (S z (B (z v28) (S (I (z (K I) (v30 K v4)))))))
x (v30 I z) (z I (B z)) x (x v17 x (S x I K (v28 I I) (K (S (K B B (x B))) (S x I K (v28 I I)) (z (K (x K S) (B (I (S I x))))))) (S z (B (z v28) (S (I (z (K I) (v30 K v4)))))))
x (v30 I z) (z I (B z)) x (x v17 x (x K (I K) (v28 I I) (K (S (K B B (x B))) (S x I K (v28 I I)) (z (K (x K S) (B (I (S I x))))))) (S z (B (z v28) (S (I (z (K I) (v30 K v4)))))))
x (v30 I z) (z I (B z)) x (x v17 x (x K K (v28 I I) (K (S (K B B (x B))) (S x I K (v28 I I)) (z (K (x K S) (B (I (S I x))))))) (S z (B (z v28) (S (I (z (K I) (v30 K v4)))))))
x (v30 I z) (z I (B z)) x (x v17 x (x K K (v28 I I) (S (K B B (x B)) (z (K (x K S) (B (I (S I x))))))) (S z (B (z v28) (S (I (z (K I) (v30 K v4)))))))
x (v30 I z) (z I (B z)) x (x v17 x (x K K (v28 I I) (S (B (x B)) (z (K (x K S) (B (I (S I x))))))) (S z (B (z v28) (S (I (z (K I) (v30 K v4)))))))
x (v30 I z) (z I (B z)) x (x v17 x (x K K (v28 I I) (S (B (x B)) (z (x K S)))) (S z (B (z v28) (S (I (z (K I) (v30 K v4)))))))
x (v30 I z) (z I (B z)) x (x v17 x (x K K (v28 I I) (S (B (x B)) (z (x K S)))) (S z (B (z v28) (S (z (K I) (v30 K v4))))))
x (z K v22 (S v23) K (S (z (v0 B)) z (v29 (B x) B (v2 x))) x) (z (S B (S v22) (I (S (v24 B)) (K S S)))) (I x (B B (S (x z (v14 B (v16 (I I S) x)) S I) z B)))
x (z K v22 (S v23) K (z (v0 B) (v29 (B x) B (v2 x)) (z (v29 (B x) B (v2 x)))) x) (z (S B (S v22) (I (S (v24 B)) (K S S)))) (I x (B B (S (x z (v14 B (v16 (I I S) x)) S I) z B)))
x (z K v22 (S v23) K (z (v0 B) (v29 (B x) B (v2 x)) (z (v29 (B x) B (v2 x)))) x) (z (B (I (S (v24 B)) (K S S)) (S v22 (I (S (v24 B)) (K S S))))) (I x (B B (S (x z (v14 B (v16 (I I S) x)) S I) z B)))
x (z K v22 (S v23) K (z (v0 B) (v29 (B x) B (v2 x)) (z (v29 (B x) B (v2 x)))) x) (z (B (S (v24 B) (K S S)) (S v22 (I (S (v24 B)) (K S S))))) (I x (B B (S (x z (v14 B (v16 (I I S) x)) S I) z B)))
x (z K v22 (S v23) K (z (v0 B) (v29 (B x) B (v2 x)) (z (v29 (B x) B (v2 x)))) x) (z (B (S (v24 B) S) (S v22 (I (S (v24 B)) (K S S))))) (I x (B B (S (x z (v14 B (v16 (I I S) x)) S I) z B)))
x (z K v22 (S v23) K (z (v0 B) (v29 (B x) B (v2 x)) (z (v29 (B x) B (v2 x)))) x) (z (B (S (v24 B) S) (S v22 (S (v24 B) (K S S))))) (I x (B B (S (x z (v14 B (v16 (I I S) x)) S I) z B)))
x (z K v22 (S v23) K (z (v0 B) (v29 (B x) B (v2 x)) (z (v29 (B x) B (v2 x)))) x) (z (B (S (v24 B) S) (S v22 (S (v24 B) S)))) (I x (B B (S (x z (v14 B (v16 (I I S) x)) S I) z B)))
x (z K v22 (S v23) K (z (v0 B) (v29 (B x) B (v2 x)) (z (v29 (B x) B (v2 x)))) x) (z (B (S (v24 B) S) (S v22 (S (v24 B) S)))) (x (B B (S (x z (v14 B (v16 (I I S) x)) S I) z B)))
x (z K v22 (S v23) K (z (v0 B) (v29 (B x) B (v2 x)) (z (v29 (B x) B (v2 x)))) x) (z (B (S (v24 B) S) (S v22 (S (v24 B) S)))) (x (B B (x z (v14 B (v16 (I I S) x)) S I B (z B))))
x (z K v22 (S v23) K (z (v0 B) (v29 (B x) B (v2 x)) (z (v29 (B x) B (v2 x)))) x) (z (B (S (v24 B) S) (S v22 (S (v24 B) S)))) (x (B B (x z (v14 B (v16 (I S) x)) S I B (z B))))
x (z K v22 (S v23) K (z (v0 B) (v29 (B x) B (v2 x)) (z (v29 (B x) B (v2 x)))) x) (z (B (S (v24 B) S) (S v22 (S (v24 B) S)))) (x (B B (x z (v14 B (v16 S x)) S I B (z B))))
S (z (S S) B v6) x K (z (S S (v22 x z B B) (B (S x S)) (B I K))) K (I (B (I (z (K v29)) v10 (B x B) B)))
z (S S) B v6 K (x K) (z (S S (v22 x z B B) (B (S x S)) (B I K))) K (I (B (I (z (K v29)) v10 (B x B) B)))
z (S S) B v6 K (x K) (z (S (B (S x S)) (v22 x z B B (B (S x S))) (B I K))) K (I (B (I (z (K v29)) v10 (B x B) B)))
z (S S) B v6 K (x K) (z (B (S x S) (B I K) (v22 x z B B (B (S x S)) (B I K)))) K (I (B (I (z (K v29)) v10 (B x B) B)))
z (S S) B v6 K (x K) (z (S x S (B I K (v22 x z B B (B (S x S)) (B I K))))) K (I (B (I (z (K v29)) v10 (B x B) B)))
z (S S) B v6 K (x K) (z (x (B I K (v22 x z B B (B (S x S)) (B I K))) (S (B I K (v22 x z B B (B (S x S)) (B I K)))))) K (I (B (I (z (K v29)) v10 (B x B) B)))
z (S S) B v6 K (x K) (z (x (I (K (v22 x z B B (B (S x S)) (B I K)))) (S (B I K (v22 x z B B (B (S x S)) (B I K)))))) K (I (B (I (z (K v29)) v10 (B x B) B)))
z (S S) B v6 K (x K) (z (x (K (v22 x z B B (B (S x S)) (B I K))) (S (B I K (v22 x z B B (B (S x S)) (B I K)))))) K (I (B (I (z (K v29)) v10 (B x B) B)))
z (S S) B v6 K (x K) (z (x (K (v22 x z B B (B (S x S)) (B I K))) (S (I (K (v22 x z B B (B (S x S)) (B I K))))))) K (I (B (I (z (K v29)) v10 (B x B) B)))
z (S S) B v6 K (x K) (z (x (K (v22 x z B B (B (S x S)) (B I K))) (S (K (v22 x z B B (B (S x S)) (B I K)))))) K (I (B (I (z (K v29)) v10 (B x B) B)))
z (S S) B v6 K (x K) (z (x (K (v22 x z B B (B (S x S)) (B I K))) (S (K (v22 x z B B (B (S x S)) (B I K)))))) K (B (I (z (K v29)) v10 (B x B) B))
z (S S) B v6 K (x K) (z (x (K (v22 x z B B (B (S x S)) (B I K))) (S (K (v22 x z B B (B (S x S)) (B I K)))))) K (B (z (K v29) v10 (B x B) B))
B (x (v27 S)) (K (z (S B) (x x x (v4 x)) z))
