K (B (z (x S S)) (z v23 K)) (I (I S v29 (S B)) B (I (x (B I (v15 (x (z v21))) (K (B (z v26) I)))))) (z (x (B K) (z (K v24))) (S z) (x B S)) z
B (z (x S S)) (z v23 K) (z (x (B K) (z (K v24))) (S z) (x B S)) z
z (x S S) (z v23 K (z (x (B K) (z (K v24))) (S z) (x B S))) z
K (S (B S) x) (K (K z z (S B v2)) (z (K (I I (I (x I B))) S (B x K v13) x) (B (B (x (B I) I)) x)))
S (B S) x
B
S
v28 B (x I (B v29)) v2 (I (K (z (I B)) (x (x z) B (B (B (I K v18 (S S) (x z)) (K (I I (v30 I)) v0))))) B)
v28 B (x I (B v29)) v2 (K (z (I B)) (x (x z) B (B (B (I K v18 (S S) (x z)) (K (I I (v30 I)) v0)))) B)
v28 B (x I (B v29)) v2 (z (I B) B)
v28 B (x I (B v29)) v2 (z B B)
x (S x (B (x (B (x v11 B)) x)) (x S (v1 z (I (x I)) K) (B z (x x) K (x (x K (z (I (v14 z)) B I B) (B I)))) (B v21) B))
x (x (x S (v1 z (I (x I)) K) (B z (x x) K (x (x K (z (I (v14 z)) B I B) (B I)))) (B v21) B) (B (x (B (x v11 B)) x) (x S (v1 z (I (x I)) K) (B z (x x) K (x (x K (z (I (v14 z)) B I B) (B I)))) (B v21) B)))
x (x (x S (v1 z (x I) K) (B z (x x) K (x (x K (z (I (v14 z)) B I B) (B I)))) (B v21) B) (B (x (B (x v11 B)) x) (x S (v1 z (I (x I)) K) (B z (x x) K (x (x K (z (I (v14 z)) B I B) (B I)))) (B v21) B)))
x (x (x S (v1 z (x I) K) (z (x x K) (x (x K (z (I (v14 z)) B I B) (B I)))) (B v21) B) (B (x (B (x v11 B)) x) (x S (v1 z (I (x I)) K) (B z (x x) K (x (x K (z (I (v14 z)) B I B) (B I)))) (B v21) B)))
x (x (x S (v1 z (x I) K) (z (x x K) (x (x K (z (v14 z) B I B) (B I)))) (B v21) B) (B (x (B (x v11 B)) x) (x S (v1 z (I (x I)) K) (B z (x x) K (x (x K (z (I (v14 z)) B I B) (B I)))) (B v21) B)))
x (x (x S (v1 z (x I) K) (z (x x K) (x (x K (z (v14 z) B I B) (B I)))) (B v21) B) (B (x (B (x v11 B)) x) (x S (v1 z (x I) K) (B z (x x) K (x (x K (z (I (v14 z)) B I B) (B I)))) (B v21) B)))
x (x (x S (v1 z (x I) K) (z (x x K) (x (x K (z (v14 z) B I B) (B I)))) (B v21) B) (B (x (B (x v11 B)) x) (x S (v1 z (x I) K) (z (x x K) (x (x K (z (I (v14 z)) B I B) (B I)))) (B v21) B)))
x (x (x S (v1 z (x I) K) (z (x x K) (x (x K (z (v14 z) B I B) (B I)))) (B v21) B) (B (x (B (x v11 B)) x) (x S (v1 z (x I) K) (z (x x K) (x (x K (z (v14 z) B I B) (B I)))) (B v21) B)))
K (x x B v12 B)
I (I (K x x (S v24) I K) (I x)) (z (v18 z)) (I (I (K I I) K (I (I (z v1 (B B B B) I))))) (K B (z I B) (S I (x z)) (B S (v16 (B (K B))) B K))
I (K x x (S v24) I K) (I x) (z (v18 z)) (I (I (K I I) K (I (I (z v1 (B B B B) I))))) (K B (z I B) (S I (x z)) (B S (v16 (B (K B))) B K))
K x x (S v24) I K (I x) (z (v18 z)) (I (I (K I I) K (I (I (z v1 (B B B B) I))))) (K B (z I B) (S I (x z)) (B S (v16 (B (K B))) B K))
x (S v24) I K (I x) (z (v18 z)) (I (I (K I I) K (I (I (z v1 (B B B B) I))))) (K B (z I B) (S I (x z)) (B S (v16 (B (K B))) B K))
x (S v24) I K x (z (v18 z)) (I (I (K I I) K (I (I (z v1 (B B B B) I))))) (K B (z I B) (S I (x z)) (B S (v16 (B (K B))) B K))
x (S v24) I K x (z (v18 z)) (I (K I I) K (I (I (z v1 (B B B B) I)))) (K B (z I B) (S I (x z)) (B S (v16 (B (K B))) B K))
x (S v24) I K x (z (v18 z)) (K I I K (I (I (z v1 (B B B B) I)))) (K B (z I B) (S I (x z)) (B S (v16 (B (K B))) B K))
x (S v24) I K x (z (v18 z)) (I K (I (I (z v1 (B B B B) I)))) (K B (z I B) (S I (x z)) (B S (v16 (B (K B))) B K))
x (S v24) I K x (z (v18 z)) (K (I (I (z v1 (B B B B) I)))) (K B (z I B) (S I (x z)) (B S (v16 (B (K B))) B K))
x (S v24) I K x (z (v18 z)) (K (I (z v1 (B B B B) I))) (K B (z I B) (S I (x z)) (B S (v16 (B (K B))) B K))
x (S v24) I K x (z (v18 z)) (K (z v1 (B B B B) I)) (K B (z I B) (S I (x z)) (B S (v16 (B (K B))) B K))
x (S v24) I K x (z (v18 z)) (K (z v1 (B (B B)) I)) (K B (z I B) (S I (x z)) (B S (v16 (B (K B))) B K))
x (S v24) I K x (z (v18 z)) (K (z v1 (B (B B)) I)) (B (S I (x z)) (B S (v16 (B (K B))) B K))
x (S v24) I K x (z (v18 z)) (K (z v1 (B (B B)) I)) (B (S I (x z)) (S (v16 (B (K B)) B) K))
z (I (x (B v20 K)) I z) (v24 (v17 (I (x (v9 v2)) B S) z)) I (S (K B) (K (S B I K S) (S S I) (K (x z z) I) I S (S (v11 (K (S B))))) (B (I S) B S) B)
z (x (B v20 K) I z) (v24 (v17 (I (x (v9 v2)) B S) z)) I (S (K B) (K (S B I K S) (S S I) (K (x z z) I) I S (S (v11 (K (S B))))) (B (I S) B S) B)
z (x (B v20 K) I z) (v24 (v17 (x (v9 v2) B S) z)) I (S (K B) (K (S B I K S) (S S I) (K (x z z) I) I S (S (v11 (K (S B))))) (B (I S) B S) B)
z (x (B v20 K) I z) (v24 (v17 (x (v9 v2) B S) z)) I (K B (B (I S) B S) (K (S B I K S) (S S I) (K (x z z) I) I S (S (v11 (K (S B)))) (B (I S) B S)) B)
z (x (B v20 K) I z) (v24 (v17 (x (v9 v2) B S) z)) I (B (K (S B I K S) (S S I) (K (x z z) I) I S (S (v11 (K (S B)))) (B (I S) B S)) B)
z (x (B v20 K) I z) (v24 (v17 (x (v9 v2) B S) z)) I (B (S B I K S (K (x z z) I) I S (S (v11 (K (S B)))) (B (I S) B S)) B)
z (x (B v20 K) I z) (v24 (v17 (x (v9 v2) B S) z)) I (B (B K (I K) S (K (x z z) I) I S (S (v11 (K (S B)))) (B (I S) B S)) B)
z (x (B v20 K) I z) (v24 (v17 (x (v9 v2) B S) z)) I (B (K (I K S) (K (x z z) I) I S (S (v11 (K (S B)))) (B (I S) B S)) B)
z (x (B v20 K) I z) (v24 (v17 (x (v9 v2) B S) z)) I (B (I K S I S (S (v11 (K (S B)))) (B (I S) B S)) B)
z (x (B v20 K) I z) (v24 (v17 (x (v9 v2) B S) z)) I (B (K S I S (S (v11 (K (S B)))) (B (I S) B S)) B)
z (x (B v20 K) I z) (v24 (v17 (x (v9 v2) B S) z)) I (B (S S (S (v11 (K (S B)))) (B (I S) B S)) B)
z (x (B v20 K) I z) (v24 (v17 (x (v9 v2) B S) z)) I (B (S (B (I S) B S) (S (v11 (K (S B))) (B (I S) B S))) B)
z (x (B v20 K) I z) (v24 (v17 (x (v9 v2) B S) z)) I (B (S (I S (B S)) (S (v11 (K (S B))) (B (I S) B S))) B)
z (x (B v20 K) I z) (v24 (v17 (x (v9 v2) B S) z)) I (B (S (S (B S)) (S (v11 (K (S B))) (B (I S) B S))) B)
z (x (B v20 K) I z) (v24 (v17 (x (v9 v2) B S) z)) I (B (S (S (B S)) (S (v11 (K (S B))) (I S (B S)))) B)
z (x (B v20 K) I z) (v24 (v17 (x (v9 v2) B S) z)) I (B (S (S (B S)) (S (v11 (K (S B))) (S (B S)))) B)
K (B z (z (v4 S))) (z K (v22 (x (B K)) (x x) S B) (K I x) B (z (S v16 K (I x S) z) (I (I (z (x (B S))))))) (z I (v18 (K x (K (S I)) v2)) I (K (x (z (B v27)) z) S) B)
B z (z (v4 S)) (z I (v18 (K x (K (S I)) v2)) I (K (x (z (B v27)) z) S) B)
z (z (v4 S) (z I (v18 (K x (K (S I)) v2)) I (K (x (z (B v27)) z) S) B))
z (z (v4 S) (z I (v18 (x v2)) I (K (x (z (B v27)) z) S) B))
z (z (v4 S) (z I (v18 (x v2)) I (x (z (B v27)) z) B))
