K
v23 (I x B K v27) (K (I B)) (v22 I) S
v23 (x B K v27) (K (I B)) (v22 I) S
v23 (x B K v27) (K B) (v22 I) S
x B (K (B v0 x (x (z K S) S I) v14)) (x (v5 K) (v13 (v30 (x x (K (I (K z))))) x x) v27)
x B (K (v0 (x (x (z K S) S I)) v14)) (x (v5 K) (v13 (v30 (x x (K (I (K z))))) x x) v27)
x B (K (v0 (x (x (z K S) S I)) v14)) (x (v5 K) (v13 (v30 (x x (K (K z)))) x x) v27)
I
K (z (S x z) (K (z (v17 (B x) v13) (x B v23) S))) (I S (B S) (B S v20 (z I K (x z B)) (B (I K)) K (v9 I) (B (B v8) v7 (B (B K (v18 K I))))))
z (S x z) (K (z (v17 (B x) v13) (x B v23) S))
x
z z (I (v1 z) (x z (B (I z v13) z)) z) (S (S B x (I (z (S z) (z S (I z)) B (S S K K B) (K (I (x v11 (I z K))) K)))))
z z (v1 z (x z (B (I z v13) z)) z) (S (S B x (I (z (S z) (z S (I z)) B (S S K K B) (K (I (x v11 (I z K))) K)))))
z z (v1 z (x z (B (z v13) z)) z) (S (S B x (I (z (S z) (z S (I z)) B (S S K K B) (K (I (x v11 (I z K))) K)))))
z z (v1 z (x z (B (z v13) z)) z) (S (B (I (z (S z) (z S (I z)) B (S S K K B) (K (I (x v11 (I z K))) K))) (x (I (z (S z) (z S (I z)) B (S S K K B) (K (I (x v11 (I z K))) K))))))
z z (v1 z (x z (B (z v13) z)) z) (S (B (z (S z) (z S (I z)) B (S S K K B) (K (I (x v11 (I z K))) K)) (x (I (z (S z) (z S (I z)) B (S S K K B) (K (I (x v11 (I z K))) K))))))
z z (v1 z (x z (B (z v13) z)) z) (S (B (z (S z) (z S z) B (S S K K B) (K (I (x v11 (I z K))) K)) (x (I (z (S z) (z S (I z)) B (S S K K B) (K (I (x v11 (I z K))) K))))))
z z (v1 z (x z (B (z v13) z)) z) (S (B (z (S z) (z S z) B (S K (K K) B) (K (I (x v11 (I z K))) K)) (x (I (z (S z) (z S (I z)) B (S S K K B) (K (I (x v11 (I z K))) K))))))
z z (v1 z (x z (B (z v13) z)) z) (S (B (z (S z) (z S z) B (K B (K K B)) (K (I (x v11 (I z K))) K)) (x (I (z (S z) (z S (I z)) B (S S K K B) (K (I (x v11 (I z K))) K))))))
z z (v1 z (x z (B (z v13) z)) z) (S (B (z (S z) (z S z) B B (K (I (x v11 (I z K))) K)) (x (I (z (S z) (z S (I z)) B (S S K K B) (K (I (x v11 (I z K))) K))))))
z z (v1 z (x z (B (z v13) z)) z) (S (B (z (S z) (z S z) B B (I (x v11 (I z K)))) (x (I (z (S z) (z S (I z)) B (S S K K B) (K (I (x v11 (I z K))) K))))))
z z (v1 z (x z (B (z v13) z)) z) (S (B (z (S z) (z S z) B B (x v11 (I z K))) (x (I (z (S z) (z S (I z)) B (S S K K B) (K (I (x v11 (I z K))) K))))))
z z (v1 z (x z (B (z v13) z)) z) (S (B (z (S z) (z S z) B B (x v11 (z K))) (x (I (z (S z) (z S (I z)) B (S S K K B) (K (I (x v11 (I z K))) K))))))
z z (v1 z (x z (B (z v13) z)) z) (S (B (z (S z) (z S z) B B (x v11 (z K))) (x (z (S z) (z S (I z)) B (S S K K B) (K (I (x v11 (I z K))) K)))))
z z (v1 z (x z (B (z v13) z)) z) (S (B (z (S z) (z S z) B B (x v11 (z K))) (x (z (S z) (z S z) B (S S K K B) (K (I (x v11 (I z K))) K)))))
z z (v1 z (x z (B (z v13) z)) z) (S (B (z (S z) (z S z) B B (x v11 (z K))) (x (z (S z) (z S z) B (S K (K K) B) (K (I (x v11 (I z K))) K)))))
z z (v1 z (x z (B (z v13) z)) z) (S (B (z (S z) (z S z) B B (x v11 (z K))) (x (z (S z) (z S z) B (K B (K K B)) (K (I (x v11 (I z K))) K)))))
z z (v1 z (x z (B (z v13) z)) z) (S (B (z (S z) (z S z) B B (x v11 (z K))) (x (z (S z) (z S z) B B (K (I (x v11 (I z K))) K)))))
z z (v1 z (x z (B (z v13) z)) z) (S (B (z (S z) (z S z) B B (x v11 (z K))) (x (z (S z) (z S z) B B (I (x v11 (I z K)))))))
z z (v1 z (x z (B (z v13) z)) z) (S (B (z (S z) (z S z) B B (x v11 (z K))) (x (z (S z) (z S z) B B (x v11 (I z K))))))
z z (v1 z (x z (B (z v13) z)) z) (S (B (z (S z) (z S z) B B (x v11 (z K))) (x (z (S z) (z S z) B B (x v11 (z K))))))
S (B (S v0)) I (v3 (z (K (K B) (B K)) (z I) z) (x B S (S x K) K I)) x (v18 (x (x K x K S z) (v18 x K B (K v16) v14 S)) (B v24 (K (S K) K) v9 x (x (v24 S)) (z (K (v7 (I S))))))
B (S v0) (v3 (z (K (K B) (B K)) (z I) z) (x B S (S x K) K I)) (I (v3 (z (K (K B) (B K)) (z I) z) (x B S (S x K) K I))) x (v18 (x (x K x K S z) (v18 x K B (K v16) v14 S)) (B v24 (K (S K) K) v9 x (x (v24 S)) (z (K (v7 (I S))))))
S v0 (v3 (z (K (K B) (B K)) (z I) z) (x B S (S x K) K I) (I (v3 (z (K (K B) (B K)) (z I) z) (x B S (S x K) K I)))) x (v18 (x (x K x K S z) (v18 x K B (K v16) v14 S)) (B v24 (K (S K) K) v9 x (x (v24 S)) (z (K (v7 (I S))))))
v0 x (v3 (z (K (K B) (B K)) (z I) z) (x B S (S x K) K I) (I (v3 (z (K (K B) (B K)) (z I) z) (x B S (S x K) K I))) x) (v18 (x (x K x K S z) (v18 x K B (K v16) v14 S)) (B v24 (K (S K) K) v9 x (x (v24 S)) (z (K (v7 (I S))))))
v0 x (v3 (z (K B) (z I) z) (x B S (S x K) K I) (I (v3 (z (K (K B) (B K)) (z I) z) (x B S (S x K) K I))) x) (v18 (x (x K x K S z) (v18 x K B (K v16) v14 S)) (B v24 (K (S K) K) v9 x (x (v24 S)) (z (K (v7 (I S))))))
v0 x (v3 (z (K B) (z I) z) (x B S (S x K) K I) (v3 (z (K (K B) (B K)) (z I) z) (x B S (S x K) K I)) x) (v18 (x (x K x K S z) (v18 x K B (K v16) v14 S)) (B v24 (K (S K) K) v9 x (x (v24 S)) (z (K (v7 (I S))))))
v0 x (v3 (z (K B) (z I) z) (x B S (S x K) K I) (v3 (z (K B) (z I) z) (x B S (S x K) K I)) x) (v18 (x (x K x K S z) (v18 x K B (K v16) v14 S)) (B v24 (K (S K) K) v9 x (x (v24 S)) (z (K (v7 (I S))))))
v0 x (v3 (z (K B) (z I) z) (x B S (S x K) K I) (v3 (z (K B) (z I) z) (x B S (S x K) K I)) x) (v18 (x (x K x K S z) (v18 x K B (K v16) v14 S)) (v24 (K (S K) K v9) x (x (v24 S)) (z (K (v7 (I S))))))
v0 x (v3 (z (K B) (z I) z) (x B S (S x K) K I) (v3 (z (K B) (z I) z) (x B S (S x K) K I)) x) (v18 (x (x K x K S z) (v18 x K B (K v16) v14 S)) (v24 (S K v9) x (x (v24 S)) (z (K (v7 (I S))))))
v0 x (v3 (z (K B) (z I) z) (x B S (S x K) K I) (v3 (z (K B) (z I) z) (x B S (S x K) K I)) x) (v18 (x (x K x K S z) (v18 x K B (K v16) v14 S)) (v24 (S K v9) x (x (v24 S)) (z (K (v7 S)))))
K v16 (z x)
v16
S (x I)
