S (z I (I (z (S I K)) x (z x (x v19))) B (K (B (x (K (K v17) (S I)))) z) (S (x K) (I v13)))
S (z I (z (S I K) x (z x (x v19))) B (K (B (x (K (K v17) (S I)))) z) (S (x K) (I v13)))
S (z I (z (S I K) x (z x (x v19))) B (B (x (K (K v17) (S I)))) (S (x K) (I v13)))
S (z I (z (S I K) x (z x (x v19))) B (B (x (K v17))) (S (x K) (I v13)))
S (z I (z (S I K) x (z x (x v19))) B (B (x (K v17))) (S (x K) v13))
S (v12 S x (z z B) B K) (I (I S S) S x z (x K (x B) (x K v16) (I x z S (z z (S (B S v20)))))) B
v12 S x (z z B) B K B (I (I S S) S x z (x K (x B) (x K v16) (I x z S (z z (S (B S v20))))) B)
v12 S x (z z B) B K B (I S S S x z (x K (x B) (x K v16) (I x z S (z z (S (B S v20))))) B)
v12 S x (z z B) B K B (S S S x z (x K (x B) (x K v16) (I x z S (z z (S (B S v20))))) B)
v12 S x (z z B) B K B (S x (S x) z (x K (x B) (x K v16) (I x z S (z z (S (B S v20))))) B)
v12 S x (z z B) B K B (x z (S x z) (x K (x B) (x K v16) (I x z S (z z (S (B S v20))))) B)
v12 S x (z z B) B K B (x z (S x z) (x K (x B) (x K v16) (x z S (z z (S (B S v20))))) B)
B
z (B (S S)) (K S)
v13 (x (I (K (v2 v16)) v14 (x (x (x S) S (z S K) (I (B K) I S z))) (x S B)))
v13 (x (K (v2 v16) v14 (x (x (x S) S (z S K) (I (B K) I S z))) (x S B)))
v13 (x (v2 v16 (x (x (x S) S (z S K) (I (B K) I S z))) (x S B)))
v13 (x (v2 v16 (x (x (x S) S (z S K) (B K I S z))) (x S B)))
v13 (x (v2 v16 (x (x (x S) S (z S K) (K (I S) z))) (x S B)))
v13 (x (v2 v16 (x (x (x S) S (z S K) (I S))) (x S B)))
v13 (x (v2 v16 (x (x (x S) S (z S K) S)) (x S B)))
x (v25 v10) I (B (I (I x (I (B z)) (z (B z)))) x (z z x v2) S) I
x (v25 v10) I (I (I x (I (B z)) (z (B z))) (x (z z x v2)) S) I
x (v25 v10) I (I x (I (B z)) (z (B z)) (x (z z x v2)) S) I
x (v25 v10) I (x (I (B z)) (z (B z)) (x (z z x v2)) S) I
x (v25 v10) I (x (B z) (z (B z)) (x (z z x v2)) S) I
x v13 (x z z (I (v13 z v8 (x (z x v11) K K))) (B I))
x v13 (x z z (v13 z v8 (x (z x v11) K K)) (B I))
z (K (S I (B S x)) x S) (x (B (x z B (S x (K x)))) (B S v23)) K (B (z (z x (v19 (I v10)) K (I (x z S S K (v4 K)) v20)) (x (S (v16 x)) z)) (z v9))
z (S I (B S x) S) (x (B (x z B (S x (K x)))) (B S v23)) K (B (z (z x (v19 (I v10)) K (I (x z S S K (v4 K)) v20)) (x (S (v16 x)) z)) (z v9))
z (I S (B S x S)) (x (B (x z B (S x (K x)))) (B S v23)) K (B (z (z x (v19 (I v10)) K (I (x z S S K (v4 K)) v20)) (x (S (v16 x)) z)) (z v9))
z (S (B S x S)) (x (B (x z B (S x (K x)))) (B S v23)) K (B (z (z x (v19 (I v10)) K (I (x z S S K (v4 K)) v20)) (x (S (v16 x)) z)) (z v9))
z (S (S (x S))) (x (B (x z B (S x (K x)))) (B S v23)) K (B (z (z x (v19 (I v10)) K (I (x z S S K (v4 K)) v20)) (x (S (v16 x)) z)) (z v9))
z (S (S (x S))) (x (B (x z B (S x (K x)))) (B S v23)) K (B (z (z x (v19 v10) K (I (x z S S K (v4 K)) v20)) (x (S (v16 x)) z)) (z v9))
z (S (S (x S))) (x (B (x z B (S x (K x)))) (B S v23)) K (B (z (z x (v19 v10) K (x z S S K (v4 K) v20)) (x (S (v16 x)) z)) (z v9))
v22 (I B (S K (z B (K v7) (I x (K K (v6 S (S z))) (I B (v7 (K z) z))) S (K (I B))) I))
v22 (B (S K (z B (K v7) (I x (K K (v6 S (S z))) (I B (v7 (K z) z))) S (K (I B))) I))
v22 (B (K I (z B (K v7) (I x (K K (v6 S (S z))) (I B (v7 (K z) z))) S (K (I B)) I)))
v22 (B I)
S x S (K (I x x x)) (x x (B I (B I (x z) S) (B x x) z (S x) (z (x K))) I)
x (K (I x x x)) (S (K (I x x x))) (x x (B I (B I (x z) S) (B x x) z (S x) (z (x K))) I)
x (K (x x x)) (S (K (I x x x))) (x x (B I (B I (x z) S) (B x x) z (S x) (z (x K))) I)
x (K (x x x)) (S (K (x x x))) (x x (B I (B I (x z) S) (B x x) z (S x) (z (x K))) I)
x (K (x x x)) (S (K (x x x))) (x x (I (B I (x z) S (B x x)) z (S x) (z (x K))) I)
x (K (x x x)) (S (K (x x x))) (x x (B I (x z) S (B x x) z (S x) (z (x K))) I)
x (K (x x x)) (S (K (x x x))) (x x (I (x z S) (B x x) z (S x) (z (x K))) I)
x (K (x x x)) (S (K (x x x))) (x x (x z S (B x x) z (S x) (z (x K))) I)
