K (x I) (B (v11 S))
x I
S (B (B x (v5 S (I (z v23)) (S v18))) (x S))
S (B (B x (v5 S (z v23) (S v18))) (x S))
K (z v25 (v5 (z I)) I (x (x (v5 S S) (v29 z)) (K x))) (B (v24 S) (K v26 (v16 (B z (v0 (B I) v15)))) (z B (z K (x K))))
z v25 (v5 (z I)) I (x (x (v5 S S) (v29 z)) (K x))
x (K z (K (v13 (B z)) S)) (B K I (K x (z B)) (I z (z z (S K (S S))) (I (S z (x S)))) (v23 x (I v2) (K (z I)))) (S K) S
x z (B K I (K x (z B)) (I z (z z (S K (S S))) (I (S z (x S)))) (v23 x (I v2) (K (z I)))) (S K) S
x z (K (I (K x (z B))) (I z (z z (S K (S S))) (I (S z (x S)))) (v23 x (I v2) (K (z I)))) (S K) S
x z (I (K x (z B)) (v23 x (I v2) (K (z I)))) (S K) S
x z (K x (z B) (v23 x (I v2) (K (z I)))) (S K) S
x z (x (v23 x (I v2) (K (z I)))) (S K) S
x z (x (v23 x v2 (K (z I)))) (S K) S
B (K B (B (B v8)) x) (I (I v13)) (K (B I (S (z v6) (z (K (S B)) (x x z))) (I (B I) (x I) x B)))
K B (B (B v8)) x (I (I v13) (K (B I (S (z v6) (z (K (S B)) (x x z))) (I (B I) (x I) x B))))
B x (I (I v13) (K (B I (S (z v6) (z (K (S B)) (x x z))) (I (B I) (x I) x B))))
B x (I v13 (K (B I (S (z v6) (z (K (S B)) (x x z))) (I (B I) (x I) x B))))
B x (v13 (K (B I (S (z v6) (z (K (S B)) (x x z))) (I (B I) (x I) x B))))
B x (v13 (K (I (S (z v6) (z (K (S B)) (x x z)) (I (B I) (x I) x B)))))
B x (v13 (K (S (z v6) (z (K (S B)) (x x z)) (I (B I) (x I) x B))))
B x (v13 (K (z v6 (I (B I) (x I) x B) (z (K (S B)) (x x z) (I (B I) (x I) x B)))))
B x (v13 (K (z v6 (B I (x I) x B) (z (K (S B)) (x x z) (I (B I) (x I) x B)))))
B x (v13 (K (z v6 (I (x I x) B) (z (K (S B)) (x x z) (I (B I) (x I) x B)))))
B x (v13 (K (z v6 (x I x B) (z (K (S B)) (x x z) (I (B I) (x I) x B)))))
B x (v13 (K (z v6 (x I x B) (z (K (S B)) (x x z) (B I (x I) x B)))))
B x (v13 (K (z v6 (x I x B) (z (K (S B)) (x x z) (I (x I x) B)))))
B x (v13 (K (z v6 (x I x B) (z (K (S B)) (x x z) (x I x B)))))
S (S z (K K B) (x v3 v30 (v12 (S S) I x))) z (x (I (K x I))) (I (I S)) (B S (B (z (v25 I v24 (B (z v22) x)) (v11 B))) x v17) (I (K (v15 (B (B I x S))) (x B (I I (x z) (B (I B)) (S (I K)))) S S) (S (B v22 (K v9) (I (v5 S) S K) (S S (z x)) (v1 z))))
S z (K K B) (x v3 v30 (v12 (S S) I x)) (x (I (K x I))) (z (x (I (K x I)))) (I (I S)) (B S (B (z (v25 I v24 (B (z v22) x)) (v11 B))) x v17) (I (K (v15 (B (B I x S))) (x B (I I (x z) (B (I B)) (S (I K)))) S S) (S (B v22 (K v9) (I (v5 S) S K) (S S (z x)) (v1 z))))
z (x v3 v30 (v12 (S S) I x)) (K K B (x v3 v30 (v12 (S S) I x))) (x (I (K x I))) (z (x (I (K x I)))) (I (I S)) (B S (B (z (v25 I v24 (B (z v22) x)) (v11 B))) x v17) (I (K (v15 (B (B I x S))) (x B (I I (x z) (B (I B)) (S (I K)))) S S) (S (B v22 (K v9) (I (v5 S) S K) (S S (z x)) (v1 z))))
z (x v3 v30 (v12 (S S) I x)) (K (x v3 v30 (v12 (S S) I x))) (x (I (K x I))) (z (x (I (K x I)))) (I (I S)) (B S (B (z (v25 I v24 (B (z v22) x)) (v11 B))) x v17) (I (K (v15 (B (B I x S))) (x B (I I (x z) (B (I B)) (S (I K)))) S S) (S (B v22 (K v9) (I (v5 S) S K) (S S (z x)) (v1 z))))
z (x v3 v30 (v12 (S S) I x)) (K (x v3 v30 (v12 (S S) I x))) (x (K x I)) (z (x (I (K x I)))) (I (I S)) (B S (B (z (v25 I v24 (B (z v22) x)) (v11 B))) x v17) (I (K (v15 (B (B I x S))) (x B (I I (x z) (B (I B)) (S (I K)))) S S) (S (B v22 (K v9) (I (v5 S) S K) (S S (z x)) (v1 z))))
z (x v3 v30 (v12 (S S) I x)) (K (x v3 v30 (v12 (S S) I x))) (x x) (z (x (I (K x I)))) (I (I S)) (B S (B (z (v25 I v24 (B (z v22) x)) (v11 B))) x v17) (I (K (v15 (B (B I x S))) (x B (I I (x z) (B (I B)) (S (I K)))) S S) (S (B v22 (K v9) (I (v5 S) S K) (S S (z x)) (v1 z))))
z (x v3 v30 (v12 (S S) I x)) (K (x v3 v30 (v12 (S S) I x))) (x x) (z (x (K x I))) (I (I S)) (B S (B (z (v25 I v24 (B (z v22) x)) (v11 B))) x v17) (I (K (v15 (B (B I x S))) (x B (I I (x z) (B (I B)) (S (I K)))) S S) (S (B v22 (K v9) (I (v5 S) S K) (S S (z x)) (v1 z))))
z (x v3 v30 (v12 (S S) I x)) (K (x v3 v30 (v12 (S S) I x))) (x x) (z (x x)) (I (I S)) (B S (B (z (v25 I v24 (B (z v22) x)) (v11 B))) x v17) (I (K (v15 (B (B I x S))) (x B (I I (x z) (B (I B)) (S (I K)))) S S) (S (B v22 (K v9) (I (v5 S) S K) (S S (z x)) (v1 z))))
z (x v3 v30 (v12 (S S) I x)) (K (x v3 v30 (v12 (S S) I x))) (x x) (z (x x)) (I S) (B S (B (z (v25 I v24 (B (z v22) x)) (v11 B))) x v17) (I (K (v15 (B (B I x S))) (x B (I I (x z) (B (I B)) (S (I K)))) S S) (S (B v22 (K v9) (I (v5 S) S K) (S S (z x)) (v1 z))))
z (x v3 v30 (v12 (S S) I x)) (K (x v3 v30 (v12 (S S) I x))) (x x) (z (x x)) S (B S (B (z (v25 I v24 (B (z v22) x)) (v11 B))) x v17) (I (K (v15 (B (B I x S))) (x B (I I (x z) (B (I B)) (S (I K)))) S S) (S (B v22 (K v9) (I (v5 S) S K) (S S (z x)) (v1 z))))
z (x v3 v30 (v12 (S S) I x)) (K (x v3 v30 (v12 (S S) I x))) (x x) (z (x x)) S (S (B (z (v25 I v24 (B (z v22) x)) (v11 B)) x) v17) (I (K (v15 (B (B I x S))) (x B (I I (x z) (B (I B)) (S (I K)))) S S) (S (B v22 (K v9) (I (v5 S) S K) (S S (z x)) (v1 z))))
z (x v3 v30 (v12 (S S) I x)) (K (x v3 v30 (v12 (S S) I x))) (x x) (z (x x)) S (S (B (z (v25 I v24 (B (z v22) x)) (v11 B)) x) v17) (K (v15 (B (B I x S))) (x B (I I (x z) (B (I B)) (S (I K)))) S S (S (B v22 (K v9) (I (v5 S) S K) (S S (z x)) (v1 z))))
z (x v3 v30 (v12 (S S) I x)) (K (x v3 v30 (v12 (S S) I x))) (x x) (z (x x)) S (S (B (z (v25 I v24 (B (z v22) x)) (v11 B)) x) v17) (v15 (B (B I x S)) S S (S (B v22 (K v9) (I (v5 S) S K) (S S (z x)) (v1 z))))
z (x v3 v30 (v12 (S S) I x)) (K (x v3 v30 (v12 (S S) I x))) (x x) (z (x x)) S (S (B (z (v25 I v24 (B (z v22) x)) (v11 B)) x) v17) (v15 (B (I (x S))) S S (S (B v22 (K v9) (I (v5 S) S K) (S S (z x)) (v1 z))))
z (x v3 v30 (v12 (S S) I x)) (K (x v3 v30 (v12 (S S) I x))) (x x) (z (x x)) S (S (B (z (v25 I v24 (B (z v22) x)) (v11 B)) x) v17) (v15 (B (x S)) S S (S (B v22 (K v9) (I (v5 S) S K) (S S (z x)) (v1 z))))
z (x v3 v30 (v12 (S S) I x)) (K (x v3 v30 (v12 (S S) I x))) (x x) (z (x x)) S (S (B (z (v25 I v24 (B (z v22) x)) (v11 B)) x) v17) (v15 (B (x S)) S S (S (v22 (K v9 (I (v5 S) S K)) (S S (z x)) (v1 z))))
z (x v3 v30 (v12 (S S) I x)) (K (x v3 v30 (v12 (S S) I x))) (x x) (z (x x)) S (S (B (z (v25 I v24 (B (z v22) x)) (v11 B)) x) v17) (v15 (B (x S)) S S (S (v22 v9 (S S (z x)) (v1 z))))
S
B x v23 (x B (S v14 z (I v29) S)) (x (v30 (z K)))
x (v23 (x B (S v14 z (I v29) S))) (x (v30 (z K)))
x (v23 (x B (v14 (I v29) (z (I v29)) S))) (x (v30 (z K)))
x (v23 (x B (v14 v29 (z (I v29)) S))) (x (v30 (z K)))
x (v23 (x B (v14 v29 (z v29) S))) (x (v30 (z K)))
B (I (x (x (S (x S) (x K I))) z) (v18 K (x x) (v21 (v24 I)) (z (S (v27 z K) K) I v4) S)) (K (K v29) (v28 S) B (S (K z) (S K (K (v1 v15 I)) (z x)) (x B)) K (x B (x (x v25)) (x v16 (K (K (z B v10) (S I z) (B (x (z (K x) I K))))))))
B (x (x (S (x S) (x K I))) z (v18 K (x x) (v21 (v24 I)) (z (S (v27 z K) K) I v4) S)) (K (K v29) (v28 S) B (S (K z) (S K (K (v1 v15 I)) (z x)) (x B)) K (x B (x (x v25)) (x v16 (K (K (z B v10) (S I z) (B (x (z (K x) I K))))))))
B (x (x (S (x S) (x K I))) z (v18 K (x x) (v21 (v24 I)) (z (S (v27 z K) K) I v4) S)) (K v29 B (S (K z) (S K (K (v1 v15 I)) (z x)) (x B)) K (x B (x (x v25)) (x v16 (K (K (z B v10) (S I z) (B (x (z (K x) I K))))))))
B (x (x (S (x S) (x K I))) z (v18 K (x x) (v21 (v24 I)) (z (S (v27 z K) K) I v4) S)) (v29 (S (K z) (S K (K (v1 v15 I)) (z x)) (x B)) K (x B (x (x v25)) (x v16 (K (K (z B v10) (S I z) (B (x (z (K x) I K))))))))
B (x (x (S (x S) (x K I))) z (v18 K (x x) (v21 (v24 I)) (z (S (v27 z K) K) I v4) S)) (v29 (K z (x B) (S K (K (v1 v15 I)) (z x) (x B))) K (x B (x (x v25)) (x v16 (K (K (z B v10) (S I z) (B (x (z (K x) I K))))))))
B (x (x (S (x S) (x K I))) z (v18 K (x x) (v21 (v24 I)) (z (S (v27 z K) K) I v4) S)) (v29 (z (S K (K (v1 v15 I)) (z x) (x B))) K (x B (x (x v25)) (x v16 (K (K (z B v10) (S I z) (B (x (z (K x) I K))))))))
B (x (x (S (x S) (x K I))) z (v18 K (x x) (v21 (v24 I)) (z (S (v27 z K) K) I v4) S)) (v29 (z (K (z x) (K (v1 v15 I) (z x)) (x B))) K (x B (x (x v25)) (x v16 (K (K (z B v10) (S I z) (B (x (z (K x) I K))))))))
B (x (x (S (x S) (x K I))) z (v18 K (x x) (v21 (v24 I)) (z (S (v27 z K) K) I v4) S)) (v29 (z (z x (x B))) K (x B (x (x v25)) (x v16 (K (K (z B v10) (S I z) (B (x (z (K x) I K))))))))
B (x (x (S (x S) (x K I))) z (v18 K (x x) (v21 (v24 I)) (z (S (v27 z K) K) I v4) S)) (v29 (z (z x (x B))) K (x B (x (x v25)) (x v16 (K (z B v10 (B (x (z (K x) I K))))))))
x (B (z (S z (S x z)) (S K))) (I (K v0 (I K) K) (z S) (z S S))
x (B (z (S z (S x z)) (S K))) (K v0 (I K) K (z S) (z S S))
x (B (z (S z (S x z)) (S K))) (v0 K (z S) (z S S))
