v11 (B x) (I x)
v11 (B x) x
S (K (S z x)) v22 S (S (I (S v30)) z I B (I (B (S x z)) (B I K I) (z S)) (K v29) z) (S (B x K (B (S (I K B)) v4) K K K) (z (v0 (K (z K) z) (S (B z))) x)) (I K)
K (S z x) S (v22 S) (S (I (S v30)) z I B (I (B (S x z)) (B I K I) (z S)) (K v29) z) (S (B x K (B (S (I K B)) v4) K K K) (z (v0 (K (z K) z) (S (B z))) x)) (I K)
S z x (v22 S) (S (I (S v30)) z I B (I (B (S x z)) (B I K I) (z S)) (K v29) z) (S (B x K (B (S (I K B)) v4) K K K) (z (v0 (K (z K) z) (S (B z))) x)) (I K)
z (v22 S) (x (v22 S)) (S (I (S v30)) z I B (I (B (S x z)) (B I K I) (z S)) (K v29) z) (S (B x K (B (S (I K B)) v4) K K K) (z (v0 (K (z K) z) (S (B z))) x)) (I K)
z (v22 S) (x (v22 S)) (I (S v30) I (z I) B (I (B (S x z)) (B I K I) (z S)) (K v29) z) (S (B x K (B (S (I K B)) v4) K K K) (z (v0 (K (z K) z) (S (B z))) x)) (I K)
z (v22 S) (x (v22 S)) (S v30 I (z I) B (I (B (S x z)) (B I K I) (z S)) (K v29) z) (S (B x K (B (S (I K B)) v4) K K K) (z (v0 (K (z K) z) (S (B z))) x)) (I K)
z (v22 S) (x (v22 S)) (v30 (z I) (I (z I)) B (I (B (S x z)) (B I K I) (z S)) (K v29) z) (S (B x K (B (S (I K B)) v4) K K K) (z (v0 (K (z K) z) (S (B z))) x)) (I K)
z (v22 S) (x (v22 S)) (v30 (z I) (z I) B (I (B (S x z)) (B I K I) (z S)) (K v29) z) (S (B x K (B (S (I K B)) v4) K K K) (z (v0 (K (z K) z) (S (B z))) x)) (I K)
z (v22 S) (x (v22 S)) (v30 (z I) (z I) B (B (S x z) (B I K I) (z S)) (K v29) z) (S (B x K (B (S (I K B)) v4) K K K) (z (v0 (K (z K) z) (S (B z))) x)) (I K)
z (v22 S) (x (v22 S)) (v30 (z I) (z I) B (S x z (B I K I (z S))) (K v29) z) (S (B x K (B (S (I K B)) v4) K K K) (z (v0 (K (z K) z) (S (B z))) x)) (I K)
z (v22 S) (x (v22 S)) (v30 (z I) (z I) B (x (B I K I (z S)) (z (B I K I (z S)))) (K v29) z) (S (B x K (B (S (I K B)) v4) K K K) (z (v0 (K (z K) z) (S (B z))) x)) (I K)
z (v22 S) (x (v22 S)) (v30 (z I) (z I) B (x (I (K I) (z S)) (z (B I K I (z S)))) (K v29) z) (S (B x K (B (S (I K B)) v4) K K K) (z (v0 (K (z K) z) (S (B z))) x)) (I K)
z (v22 S) (x (v22 S)) (v30 (z I) (z I) B (x (K I (z S)) (z (B I K I (z S)))) (K v29) z) (S (B x K (B (S (I K B)) v4) K K K) (z (v0 (K (z K) z) (S (B z))) x)) (I K)
z (v22 S) (x (v22 S)) (v30 (z I) (z I) B (x I (z (B I K I (z S)))) (K v29) z) (S (B x K (B (S (I K B)) v4) K K K) (z (v0 (K (z K) z) (S (B z))) x)) (I K)
z (v22 S) (x (v22 S)) (v30 (z I) (z I) B (x I (z (I (K I) (z S)))) (K v29) z) (S (B x K (B (S (I K B)) v4) K K K) (z (v0 (K (z K) z) (S (B z))) x)) (I K)
z (v22 S) (x (v22 S)) (v30 (z I) (z I) B (x I (z (K I (z S)))) (K v29) z) (S (B x K (B (S (I K B)) v4) K K K) (z (v0 (K (z K) z) (S (B z))) x)) (I K)
z (v22 S) (x (v22 S)) (v30 (z I) (z I) B (x I (z I)) (K v29) z) (S (B x K (B (S (I K B)) v4) K K K) (z (v0 (K (z K) z) (S (B z))) x)) (I K)
z (v22 S) (x (v22 S)) (v30 (z I) (z I) B (x I (z I)) (K v29) z) (S (x (K (B (S (I K B)) v4)) K K K) (z (v0 (K (z K) z) (S (B z))) x)) (I K)
z (v22 S) (x (v22 S)) (v30 (z I) (z I) B (x I (z I)) (K v29) z) (S (x (K (B (S (K B)) v4)) K K K) (z (v0 (K (z K) z) (S (B z))) x)) (I K)
z (v22 S) (x (v22 S)) (v30 (z I) (z I) B (x I (z I)) (K v29) z) (S (x (K (B (S (K B)) v4)) K K K) (z (v0 (z K) (S (B z))) x)) (I K)
z (v22 S) (x (v22 S)) (v30 (z I) (z I) B (x I (z I)) (K v29) z) (S (x (K (B (S (K B)) v4)) K K K) (z (v0 (z K) (S (B z))) x)) K
z (B B (B (I z B)) z) z (S z)
z (B (B (I z B) z)) z (S z)
z (B (B (z B) z)) z (S z)
B (I x) (B (B (x x v17) (z z z)) (K z K) K)
B x (B (B (x x v17) (z z z)) (K z K) K)
B x (B (x x v17) (z z z) (K z K K))
B x (x x v17 (z z z (K z K K)))
B x (x x v17 (z z z (z K)))
B I (x (z K B) B) z (v8 K z) z
I (x (z K B) B z) (v8 K z) z
x (z K B) B z (v8 K z) z
S
x (S I K (z (x x z) K (z I (S S) I K (v27 (S B) (B v19)))) (B (K (K (B (x z)) (v9 (x B))))) (I K (I v23) (v16 (x (v1 B z) (I S)) S)))
x (I (z (x x z) K (z I (S S) I K (v27 (S B) (B v19)))) (K (z (x x z) K (z I (S S) I K (v27 (S B) (B v19))))) (B (K (K (B (x z)) (v9 (x B))))) (I K (I v23) (v16 (x (v1 B z) (I S)) S)))
x (z (x x z) K (z I (S S) I K (v27 (S B) (B v19))) (K (z (x x z) K (z I (S S) I K (v27 (S B) (B v19))))) (B (K (K (B (x z)) (v9 (x B))))) (I K (I v23) (v16 (x (v1 B z) (I S)) S)))
x (z (x x z) K (z I (S S) I K (v27 (S B) (B v19))) (K (z (x x z) K (z I (S S) I K (v27 (S B) (B v19))))) (B (K (B (x z)))) (I K (I v23) (v16 (x (v1 B z) (I S)) S)))
x (z (x x z) K (z I (S S) I K (v27 (S B) (B v19))) (K (z (x x z) K (z I (S S) I K (v27 (S B) (B v19))))) (B (K (B (x z)))) (K (I v23) (v16 (x (v1 B z) (I S)) S)))
x (z (x x z) K (z I (S S) I K (v27 (S B) (B v19))) (K (z (x x z) K (z I (S S) I K (v27 (S B) (B v19))))) (B (K (B (x z)))) (I v23))
x (z (x x z) K (z I (S S) I K (v27 (S B) (B v19))) (K (z (x x z) K (z I (S S) I K (v27 (S B) (B v19))))) (B (K (B (x z)))) v23)
v24
I z (z (I S) (x B (x v22 I)) (v11 (z (v9 (v0 B) x (S I)) (I (S K) z B x)))) (S v3 (z (I (I (z z))) (S z))) (x (I B (v0 x (B (v14 (x K I)))) (x (I I) (x S) (v8 z K) (v27 (z x) B) (x (K v19 x)))))
z (z (I S) (x B (x v22 I)) (v11 (z (v9 (v0 B) x (S I)) (I (S K) z B x)))) (S v3 (z (I (I (z z))) (S z))) (x (I B (v0 x (B (v14 (x K I)))) (x (I I) (x S) (v8 z K) (v27 (z x) B) (x (K v19 x)))))
z (z S (x B (x v22 I)) (v11 (z (v9 (v0 B) x (S I)) (I (S K) z B x)))) (S v3 (z (I (I (z z))) (S z))) (x (I B (v0 x (B (v14 (x K I)))) (x (I I) (x S) (v8 z K) (v27 (z x) B) (x (K v19 x)))))
z (z S (x B (x v22 I)) (v11 (z (v9 (v0 B) x (S I)) (S K z B x)))) (S v3 (z (I (I (z z))) (S z))) (x (I B (v0 x (B (v14 (x K I)))) (x (I I) (x S) (v8 z K) (v27 (z x) B) (x (K v19 x)))))
z (z S (x B (x v22 I)) (v11 (z (v9 (v0 B) x (S I)) (K B (z B) x)))) (S v3 (z (I (I (z z))) (S z))) (x (I B (v0 x (B (v14 (x K I)))) (x (I I) (x S) (v8 z K) (v27 (z x) B) (x (K v19 x)))))
z (z S (x B (x v22 I)) (v11 (z (v9 (v0 B) x (S I)) (B x)))) (S v3 (z (I (I (z z))) (S z))) (x (I B (v0 x (B (v14 (x K I)))) (x (I I) (x S) (v8 z K) (v27 (z x) B) (x (K v19 x)))))
z (z S (x B (x v22 I)) (v11 (z (v9 (v0 B) x (S I)) (B x)))) (S v3 (z (I (z z)) (S z))) (x (I B (v0 x (B (v14 (x K I)))) (x (I I) (x S) (v8 z K) (v27 (z x) B) (x (K v19 x)))))
z (z S (x B (x v22 I)) (v11 (z (v9 (v0 B) x (S I)) (B x)))) (S v3 (z (z z) (S z))) (x (I B (v0 x (B (v14 (x K I)))) (x (I I) (x S) (v8 z K) (v27 (z x) B) (x (K v19 x)))))
z (z S (x B (x v22 I)) (v11 (z (v9 (v0 B) x (S I)) (B x)))) (S v3 (z (z z) (S z))) (x (B (v0 x (B (v14 (x K I)))) (x (I I) (x S) (v8 z K) (v27 (z x) B) (x (K v19 x)))))
z (z S (x B (x v22 I)) (v11 (z (v9 (v0 B) x (S I)) (B x)))) (S v3 (z (z z) (S z))) (x (B (v0 x (B (v14 (x K I)))) (x I (x S) (v8 z K) (v27 (z x) B) (x (K v19 x)))))
z (z S (x B (x v22 I)) (v11 (z (v9 (v0 B) x (S I)) (B x)))) (S v3 (z (z z) (S z))) (x (B (v0 x (B (v14 (x K I)))) (x I (x S) (v8 z K) (v27 (z x) B) (x v19))))
S (I S) (z z z)
S S (z z z)
