S (x (v26 B (z x z)) (I x) x (z (K (z x (I B)) K)))
S (x (v26 B (z x z)) x x (z (K (z x (I B)) K)))
S (x (v26 B (z x z)) x x (z (z x (I B))))
S (x (v26 B (z x z)) x x (z (z x B)))
K I I (B (S (S (x (z I))) (x I (S (z S (S S))) v27 (K z I v1) (I (v5 B z) x S))))
I (B (S (S (x (z I))) (x I (S (z S (S S))) v27 (K z I v1) (I (v5 B z) x S))))
B (S (S (x (z I))) (x I (S (z S (S S))) v27 (K z I v1) (I (v5 B z) x S)))
B (S (S (x (z I))) (x I (S (z S (S S))) v27 (z v1) (I (v5 B z) x S)))
B (S (S (x (z I))) (x I (S (z S (S S))) v27 (z v1) (v5 B z x S)))
v16 x (K v3 (I S (z K I (v1 B) v20 B S)) (z (z (B S) (I S (S (x B K))) (I (z v25) I)) (S (z (B K x) (z B) v26) (x z (K (B K)) I))))
v16 x (v3 (z (z (B S) (I S (S (x B K))) (I (z v25) I)) (S (z (B K x) (z B) v26) (x z (K (B K)) I))))
v16 x (v3 (z (z (B S) (S (S (x B K))) (I (z v25) I)) (S (z (B K x) (z B) v26) (x z (K (B K)) I))))
v16 x (v3 (z (z (B S) (S (S (x B K))) (z v25 I)) (S (z (B K x) (z B) v26) (x z (K (B K)) I))))
I (S v16 (v6 (v21 (S z) z (S (v2 v22)) (x (x I x (I x)) x) S K) I))
S v16 (v6 (v21 (S z) z (S (v2 v22)) (x (x I x (I x)) x) S K) I)
S v16 (v6 (v21 (S z) z (S (v2 v22)) (x (x I x x) x) S K) I)
K (S z S (v4 (v24 (I (v11 z) (S (B K)) (K I v26)) (S I (B I)) I) (I z)) (v7 (z I) (S K (B (K B I) v27)) (z (x v25 B) (S B) (S I z (B (S K) I) B))))
K (z (v4 (v24 (I (v11 z) (S (B K)) (K I v26)) (S I (B I)) I) (I z)) (S (v4 (v24 (I (v11 z) (S (B K)) (K I v26)) (S I (B I)) I) (I z))) (v7 (z I) (S K (B (K B I) v27)) (z (x v25 B) (S B) (S I z (B (S K) I) B))))
K (z (v4 (v24 (v11 z (S (B K)) (K I v26)) (S I (B I)) I) (I z)) (S (v4 (v24 (I (v11 z) (S (B K)) (K I v26)) (S I (B I)) I) (I z))) (v7 (z I) (S K (B (K B I) v27)) (z (x v25 B) (S B) (S I z (B (S K) I) B))))
K (z (v4 (v24 (v11 z (S (B K)) I) (S I (B I)) I) (I z)) (S (v4 (v24 (I (v11 z) (S (B K)) (K I v26)) (S I (B I)) I) (I z))) (v7 (z I) (S K (B (K B I) v27)) (z (x v25 B) (S B) (S I z (B (S K) I) B))))
K (z (v4 (v24 (v11 z (S (B K)) I) (S I (B I)) I) z) (S (v4 (v24 (I (v11 z) (S (B K)) (K I v26)) (S I (B I)) I) (I z))) (v7 (z I) (S K (B (K B I) v27)) (z (x v25 B) (S B) (S I z (B (S K) I) B))))
K (z (v4 (v24 (v11 z (S (B K)) I) (S I (B I)) I) z) (S (v4 (v24 (v11 z (S (B K)) (K I v26)) (S I (B I)) I) (I z))) (v7 (z I) (S K (B (K B I) v27)) (z (x v25 B) (S B) (S I z (B (S K) I) B))))
K (z (v4 (v24 (v11 z (S (B K)) I) (S I (B I)) I) z) (S (v4 (v24 (v11 z (S (B K)) I) (S I (B I)) I) (I z))) (v7 (z I) (S K (B (K B I) v27)) (z (x v25 B) (S B) (S I z (B (S K) I) B))))
K (z (v4 (v24 (v11 z (S (B K)) I) (S I (B I)) I) z) (S (v4 (v24 (v11 z (S (B K)) I) (S I (B I)) I) z)) (v7 (z I) (S K (B (K B I) v27)) (z (x v25 B) (S B) (S I z (B (S K) I) B))))
K (z (v4 (v24 (v11 z (S (B K)) I) (S I (B I)) I) z) (S (v4 (v24 (v11 z (S (B K)) I) (S I (B I)) I) z)) (v7 (z I) (S K (B B v27)) (z (x v25 B) (S B) (S I z (B (S K) I) B))))
K (z (v4 (v24 (v11 z (S (B K)) I) (S I (B I)) I) z) (S (v4 (v24 (v11 z (S (B K)) I) (S I (B I)) I) z)) (v7 (z I) (S K (B B v27)) (z (x v25 B) (S B) (I (B (S K) I) (z (B (S K) I)) B))))
K (z (v4 (v24 (v11 z (S (B K)) I) (S I (B I)) I) z) (S (v4 (v24 (v11 z (S (B K)) I) (S I (B I)) I) z)) (v7 (z I) (S K (B B v27)) (z (x v25 B) (S B) (B (S K) I (z (B (S K) I)) B))))
K (z (v4 (v24 (v11 z (S (B K)) I) (S I (B I)) I) z) (S (v4 (v24 (v11 z (S (B K)) I) (S I (B I)) I) z)) (v7 (z I) (S K (B B v27)) (z (x v25 B) (S B) (S K (I (z (B (S K) I))) B))))
K (z (v4 (v24 (v11 z (S (B K)) I) (S I (B I)) I) z) (S (v4 (v24 (v11 z (S (B K)) I) (S I (B I)) I) z)) (v7 (z I) (S K (B B v27)) (z (x v25 B) (S B) (K B (I (z (B (S K) I)) B)))))
K (z (v4 (v24 (v11 z (S (B K)) I) (S I (B I)) I) z) (S (v4 (v24 (v11 z (S (B K)) I) (S I (B I)) I) z)) (v7 (z I) (S K (B B v27)) (z (x v25 B) (S B) B)))
S (z (K S)) (K (B (x (x (v25 B))) (S K v22))) (v18 (z B) (S (B (K (v14 x (S v12 v9)) v21)) (I (B S) (z x (B x)) z) (S K (S I x (I (K z)) z) (z (K B) I (I z (K K z z) B (x (z K)) z)))))
z (K S) (v18 (z B) (S (B (K (v14 x (S v12 v9)) v21)) (I (B S) (z x (B x)) z) (S K (S I x (I (K z)) z) (z (K B) I (I z (K K z z) B (x (z K)) z))))) (K (B (x (x (v25 B))) (S K v22)) (v18 (z B) (S (B (K (v14 x (S v12 v9)) v21)) (I (B S) (z x (B x)) z) (S K (S I x (I (K z)) z) (z (K B) I (I z (K K z z) B (x (z K)) z))))))
z (K S) (v18 (z B) (B (K (v14 x (S v12 v9)) v21) (S K (S I x (I (K z)) z) (z (K B) I (I z (K K z z) B (x (z K)) z))) (I (B S) (z x (B x)) z (S K (S I x (I (K z)) z) (z (K B) I (I z (K K z z) B (x (z K)) z)))))) (K (B (x (x (v25 B))) (S K v22)) (v18 (z B) (S (B (K (v14 x (S v12 v9)) v21)) (I (B S) (z x (B x)) z) (S K (S I x (I (K z)) z) (z (K B) I (I z (K K z z) B (x (z K)) z))))))
z (K S) (v18 (z B) (K (v14 x (S v12 v9)) v21 (S K (S I x (I (K z)) z) (z (K B) I (I z (K K z z) B (x (z K)) z)) (I (B S) (z x (B x)) z (S K (S I x (I (K z)) z) (z (K B) I (I z (K K z z) B (x (z K)) z))))))) (K (B (x (x (v25 B))) (S K v22)) (v18 (z B) (S (B (K (v14 x (S v12 v9)) v21)) (I (B S) (z x (B x)) z) (S K (S I x (I (K z)) z) (z (K B) I (I z (K K z z) B (x (z K)) z))))))
z (K S) (v18 (z B) (v14 x (S v12 v9) (S K (S I x (I (K z)) z) (z (K B) I (I z (K K z z) B (x (z K)) z)) (I (B S) (z x (B x)) z (S K (S I x (I (K z)) z) (z (K B) I (I z (K K z z) B (x (z K)) z))))))) (K (B (x (x (v25 B))) (S K v22)) (v18 (z B) (S (B (K (v14 x (S v12 v9)) v21)) (I (B S) (z x (B x)) z) (S K (S I x (I (K z)) z) (z (K B) I (I z (K K z z) B (x (z K)) z))))))
z (K S) (v18 (z B) (v14 x (S v12 v9) (K (z (K B) I (I z (K K z z) B (x (z K)) z)) (S I x (I (K z)) z (z (K B) I (I z (K K z z) B (x (z K)) z))) (I (B S) (z x (B x)) z (S K (S I x (I (K z)) z) (z (K B) I (I z (K K z z) B (x (z K)) z))))))) (K (B (x (x (v25 B))) (S K v22)) (v18 (z B) (S (B (K (v14 x (S v12 v9)) v21)) (I (B S) (z x (B x)) z) (S K (S I x (I (K z)) z) (z (K B) I (I z (K K z z) B (x (z K)) z))))))
z (K S) (v18 (z B) (v14 x (S v12 v9) (z (K B) I (I z (K K z z) B (x (z K)) z) (I (B S) (z x (B x)) z (S K (S I x (I (K z)) z) (z (K B) I (I z (K K z z) B (x (z K)) z))))))) (K (B (x (x (v25 B))) (S K v22)) (v18 (z B) (S (B (K (v14 x (S v12 v9)) v21)) (I (B S) (z x (B x)) z) (S K (S I x (I (K z)) z) (z (K B) I (I z (K K z z) B (x (z K)) z))))))
z (K S) (v18 (z B) (v14 x (S v12 v9) (z (K B) I (z (K K z z) B (x (z K)) z) (I (B S) (z x (B x)) z (S K (S I x (I (K z)) z) (z (K B) I (I z (K K z z) B (x (z K)) z))))))) (K (B (x (x (v25 B))) (S K v22)) (v18 (z B) (S (B (K (v14 x (S v12 v9)) v21)) (I (B S) (z x (B x)) z) (S K (S I x (I (K z)) z) (z (K B) I (I z (K K z z) B (x (z K)) z))))))
z (K S) (v18 (z B) (v14 x (S v12 v9) (z (K B) I (z (K z) B (x (z K)) z) (I (B S) (z x (B x)) z (S K (S I x (I (K z)) z) (z (K B) I (I z (K K z z) B (x (z K)) z))))))) (K (B (x (x (v25 B))) (S K v22)) (v18 (z B) (S (B (K (v14 x (S v12 v9)) v21)) (I (B S) (z x (B x)) z) (S K (S I x (I (K z)) z) (z (K B) I (I z (K K z z) B (x (z K)) z))))))
z (K S) (v18 (z B) (v14 x (S v12 v9) (z (K B) I (z (K z) B (x (z K)) z) (B S (z x (B x)) z (S K (S I x (I (K z)) z) (z (K B) I (I z (K K z z) B (x (z K)) z))))))) (K (B (x (x (v25 B))) (S K v22)) (v18 (z B) (S (B (K (v14 x (S v12 v9)) v21)) (I (B S) (z x (B x)) z) (S K (S I x (I (K z)) z) (z (K B) I (I z (K K z z) B (x (z K)) z))))))
z (K S) (v18 (z B) (v14 x (S v12 v9) (z (K B) I (z (K z) B (x (z K)) z) (S (z x (B x) z) (S K (S I x (I (K z)) z) (z (K B) I (I z (K K z z) B (x (z K)) z))))))) (K (B (x (x (v25 B))) (S K v22)) (v18 (z B) (S (B (K (v14 x (S v12 v9)) v21)) (I (B S) (z x (B x)) z) (S K (S I x (I (K z)) z) (z (K B) I (I z (K K z z) B (x (z K)) z))))))
z (K S) (v18 (z B) (v14 x (S v12 v9) (z (K B) I (z (K z) B (x (z K)) z) (S (z x (B x) z) (K (z (K B) I (I z (K K z z) B (x (z K)) z)) (S I x (I (K z)) z (z (K B) I (I z (K K z z) B (x (z K)) z)))))))) (K (B (x (x (v25 B))) (S K v22)) (v18 (z B) (S (B (K (v14 x (S v12 v9)) v21)) (I (B S) (z x (B x)) z) (S K (S I x (I (K z)) z) (z (K B) I (I z (K K z z) B (x (z K)) z))))))
z (K S) (v18 (z B) (v14 x (S v12 v9) (z (K B) I (z (K z) B (x (z K)) z) (S (z x (B x) z) (z (K B) I (I z (K K z z) B (x (z K)) z)))))) (K (B (x (x (v25 B))) (S K v22)) (v18 (z B) (S (B (K (v14 x (S v12 v9)) v21)) (I (B S) (z x (B x)) z) (S K (S I x (I (K z)) z) (z (K B) I (I z (K K z z) B (x (z K)) z))))))
z (K S) (v18 (z B) (v14 x (S v12 v9) (z (K B) I (z (K z) B (x (z K)) z) (S (z x (B x) z) (z (K B) I (z (K K z z) B (x (z K)) z)))))) (K (B (x (x (v25 B))) (S K v22)) (v18 (z B) (S (B (K (v14 x (S v12 v9)) v21)) (I (B S) (z x (B x)) z) (S K (S I x (I (K z)) z) (z (K B) I (I z (K K z z) B (x (z K)) z))))))
z (K S) (v18 (z B) (v14 x (S v12 v9) (z (K B) I (z (K z) B (x (z K)) z) (S (z x (B x) z) (z (K B) I (z (K z) B (x (z K)) z)))))) (K (B (x (x (v25 B))) (S K v22)) (v18 (z B) (S (B (K (v14 x (S v12 v9)) v21)) (I (B S) (z x (B x)) z) (S K (S I x (I (K z)) z) (z (K B) I (I z (K K z z) B (x (z K)) z))))))
z (K S) (v18 (z B) (v14 x (S v12 v9) (z (K B) I (z (K z) B (x (z K)) z) (S (z x (B x) z) (z (K B) I (z (K z) B (x (z K)) z)))))) (B (x (x (v25 B))) (S K v22))
K (v23 v24) (x S) (z (S S x) (v15 I (S K) z S x) (B K (v22 (S (S B v5 x)) (K (K z I))) K)) S (I (v0 (I S z) (B (I (v12 x B I)) (I K v19) (S I I (x (K I))))))
v23 v24 (z (S S x) (v15 I (S K) z S x) (B K (v22 (S (S B v5 x)) (K (K z I))) K)) S (I (v0 (I S z) (B (I (v12 x B I)) (I K v19) (S I I (x (K I))))))
v23 v24 (z (S S x) (v15 I (S K) z S x) (K (v22 (S (S B v5 x)) (K (K z I)) K))) S (I (v0 (I S z) (B (I (v12 x B I)) (I K v19) (S I I (x (K I))))))
v23 v24 (z (S S x) (v15 I (S K) z S x) (K (v22 (S (B x (v5 x))) (K (K z I)) K))) S (I (v0 (I S z) (B (I (v12 x B I)) (I K v19) (S I I (x (K I))))))
v23 v24 (z (S S x) (v15 I (S K) z S x) (K (v22 (S (B x (v5 x))) (K z) K))) S (I (v0 (I S z) (B (I (v12 x B I)) (I K v19) (S I I (x (K I))))))
v23 v24 (z (S S x) (v15 I (S K) z S x) (K (v22 (S (B x (v5 x))) (K z) K))) S (v0 (I S z) (B (I (v12 x B I)) (I K v19) (S I I (x (K I)))))
v23 v24 (z (S S x) (v15 I (S K) z S x) (K (v22 (S (B x (v5 x))) (K z) K))) S (v0 (S z) (B (I (v12 x B I)) (I K v19) (S I I (x (K I)))))
v23 v24 (z (S S x) (v15 I (S K) z S x) (K (v22 (S (B x (v5 x))) (K z) K))) S (v0 (S z) (I (v12 x B I) (I K v19 (S I I (x (K I))))))
v23 v24 (z (S S x) (v15 I (S K) z S x) (K (v22 (S (B x (v5 x))) (K z) K))) S (v0 (S z) (v12 x B I (I K v19 (S I I (x (K I))))))
v23 v24 (z (S S x) (v15 I (S K) z S x) (K (v22 (S (B x (v5 x))) (K z) K))) S (v0 (S z) (v12 x B I (K v19 (S I I (x (K I))))))
v23 v24 (z (S S x) (v15 I (S K) z S x) (K (v22 (S (B x (v5 x))) (K z) K))) S (v0 (S z) (v12 x B I v19))
I (I K S (x I (v17 (I (S B S)))) I)
I K S (x I (v17 (I (S B S)))) I
K S (x I (v17 (I (S B S)))) I
S I
K (S (S S) (v10 x x) (B v29 (I (x (B (v26 S) v3) (S (B v23 (K (I v5) K)))) K)))
K (S S (B v29 (I (x (B (v26 S) v3) (S (B v23 (K (I v5) K)))) K)) (v10 x x (B v29 (I (x (B (v26 S) v3) (S (B v23 (K (I v5) K)))) K))))
K (S (v10 x x (B v29 (I (x (B (v26 S) v3) (S (B v23 (K (I v5) K)))) K))) (B v29 (I (x (B (v26 S) v3) (S (B v23 (K (I v5) K)))) K) (v10 x x (B v29 (I (x (B (v26 S) v3) (S (B v23 (K (I v5) K)))) K)))))
K (S (v10 x x (B v29 (x (B (v26 S) v3) (S (B v23 (K (I v5) K))) K))) (B v29 (I (x (B (v26 S) v3) (S (B v23 (K (I v5) K)))) K) (v10 x x (B v29 (I (x (B (v26 S) v3) (S (B v23 (K (I v5) K)))) K)))))
K (S (v10 x x (B v29 (x (B (v26 S) v3) (S (B v23 (I v5))) K))) (B v29 (I (x (B (v26 S) v3) (S (B v23 (K (I v5) K)))) K) (v10 x x (B v29 (I (x (B (v26 S) v3) (S (B v23 (K (I v5) K)))) K)))))
K (S (v10 x x (B v29 (x (B (v26 S) v3) (S (B v23 v5)) K))) (B v29 (I (x (B (v26 S) v3) (S (B v23 (K (I v5) K)))) K) (v10 x x (B v29 (I (x (B (v26 S) v3) (S (B v23 (K (I v5) K)))) K)))))
K (S (v10 x x (B v29 (x (B (v26 S) v3) (S (B v23 v5)) K))) (v29 (I (x (B (v26 S) v3) (S (B v23 (K (I v5) K)))) K (v10 x x (B v29 (I (x (B (v26 S) v3) (S (B v23 (K (I v5) K)))) K))))))
K (S (v10 x x (B v29 (x (B (v26 S) v3) (S (B v23 v5)) K))) (v29 (x (B (v26 S) v3) (S (B v23 (K (I v5) K))) K (v10 x x (B v29 (I (x (B (v26 S) v3) (S (B v23 (K (I v5) K)))) K))))))
K (S (v10 x x (B v29 (x (B (v26 S) v3) (S (B v23 v5)) K))) (v29 (x (B (v26 S) v3) (S (B v23 (I v5))) K (v10 x x (B v29 (I (x (B (v26 S) v3) (S (B v23 (K (I v5) K)))) K))))))
K (S (v10 x x (B v29 (x (B (v26 S) v3) (S (B v23 v5)) K))) (v29 (x (B (v26 S) v3) (S (B v23 v5)) K (v10 x x (B v29 (I (x (B (v26 S) v3) (S (B v23 (K (I v5) K)))) K))))))
K (S (v10 x x (B v29 (x (B (v26 S) v3) (S (B v23 v5)) K))) (v29 (x (B (v26 S) v3) (S (B v23 v5)) K (v10 x x (B v29 (x (B (v26 S) v3) (S (B v23 (K (I v5) K))) K))))))
K (S (v10 x x (B v29 (x (B (v26 S) v3) (S (B v23 v5)) K))) (v29 (x (B (v26 S) v3) (S (B v23 v5)) K (v10 x x (B v29 (x (B (v26 S) v3) (S (B v23 (I v5))) K))))))
K (S (v10 x x (B v29 (x (B (v26 S) v3) (S (B v23 v5)) K))) (v29 (x (B (v26 S) v3) (S (B v23 v5)) K (v10 x x (B v29 (x (B (v26 S) v3) (S (B v23 v5)) K))))))
x (I B)
x B
