I (x (K (B x (S I)) (B x (B v3) (I v28))) (B S) z S x)
x (K (B x (S I)) (B x (B v3) (I v28))) (B S) z S x
x (B x (S I)) (B S) z S x
I
S (S (B (S x)))
I x (v30 (I (B K x (v13 z) S x)) (z K)) (B K x K (z K) (v2 K S) I v28 (v15 B) (v10 (z B) v17 z x))
x (v30 (I (B K x (v13 z) S x)) (z K)) (B K x K (z K) (v2 K S) I v28 (v15 B) (v10 (z B) v17 z x))
x (v30 (B K x (v13 z) S x) (z K)) (B K x K (z K) (v2 K S) I v28 (v15 B) (v10 (z B) v17 z x))
x (v30 (K (x (v13 z)) S x) (z K)) (B K x K (z K) (v2 K S) I v28 (v15 B) (v10 (z B) v17 z x))
x (v30 (x (v13 z) x) (z K)) (B K x K (z K) (v2 K S) I v28 (v15 B) (v10 (z B) v17 z x))
x (v30 (x (v13 z) x) (z K)) (K (x K) (z K) (v2 K S) I v28 (v15 B) (v10 (z B) v17 z x))
x (v30 (x (v13 z) x) (z K)) (x K (v2 K S) I v28 (v15 B) (v10 (z B) v17 z x))
S v13 x v7 (S S K) (B v3)
v13 v7 (x v7) (S S K) (B v3)
z I (S (B (z B v0 K) (v15 v9) (S K (v29 I))) (K (B K (K z I) (K S) (v21 (v22 v21 (I (x (x z (S S)) z)))))))
z I (S (z B v0 K (v15 v9 (S K (v29 I)))) (K (B K (K z I) (K S) (v21 (v22 v21 (I (x (x z (S S)) z)))))))
z I (S (z B v0 K (v15 v9 (S K (v29 I)))) (K (K (K z I (K S)) (v21 (v22 v21 (I (x (x z (S S)) z)))))))
z I (S (z B v0 K (v15 v9 (S K (v29 I)))) (K (K z I (K S))))
z I (S (z B v0 K (v15 v9 (S K (v29 I)))) (K (z (K S))))
x S z (S (B (x K) x) v23 v10) (x (z (I z) K B (K (I x))) z)
x S z (B (x K) x v10 (v23 v10)) (x (z (I z) K B (K (I x))) z)
x S z (x K (x v10) (v23 v10)) (x (z (I z) K B (K (I x))) z)
x S z (x K (x v10) (v23 v10)) (x (z z K B (K (I x))) z)
x S z (x K (x v10) (v23 v10)) (x (z z K B (K x)) z)
K
z (x (x (S (S K) B I) (z (K I (v21 B z)) K))) (v22 (S B x I) (x (z I) B (I (B S (x K)) S) K S)) x (I (v10 (v2 S) (z (K (x v1)))))
z (x (x (S K I (B I)) (z (K I (v21 B z)) K))) (v22 (S B x I) (x (z I) B (I (B S (x K)) S) K S)) x (I (v10 (v2 S) (z (K (x v1)))))
z (x (x (K (B I) (I (B I))) (z (K I (v21 B z)) K))) (v22 (S B x I) (x (z I) B (I (B S (x K)) S) K S)) x (I (v10 (v2 S) (z (K (x v1)))))
z (x (x (B I) (z (K I (v21 B z)) K))) (v22 (S B x I) (x (z I) B (I (B S (x K)) S) K S)) x (I (v10 (v2 S) (z (K (x v1)))))
z (x (x (B I) (z I K))) (v22 (S B x I) (x (z I) B (I (B S (x K)) S) K S)) x (I (v10 (v2 S) (z (K (x v1)))))
z (x (x (B I) (z I K))) (v22 (B I (x I)) (x (z I) B (I (B S (x K)) S) K S)) x (I (v10 (v2 S) (z (K (x v1)))))
z (x (x (B I) (z I K))) (v22 (B I (x I)) (x (z I) B (B S (x K) S) K S)) x (I (v10 (v2 S) (z (K (x v1)))))
z (x (x (B I) (z I K))) (v22 (B I (x I)) (x (z I) B (S (x K S)) K S)) x (I (v10 (v2 S) (z (K (x v1)))))
z (x (x (B I) (z I K))) (v22 (B I (x I)) (x (z I) B (S (x K S)) K S)) x (v10 (v2 S) (z (K (x v1))))
x (B (S (I (v30 S (K z (I B (x z))) (B (x (K S))) (K v28) (K (I (z z S))) (x B)))))
x (B (S (v30 S (K z (I B (x z))) (B (x (K S))) (K v28) (K (I (z z S))) (x B))))
x (B (S (v30 S z (B (x (K S))) (K v28) (K (I (z z S))) (x B))))
x (B (S (v30 S z (B (x (K S))) (K v28) (K (z z S)) (x B))))
