z (x B (x K I z S (v16 (v24 S) (S (B (I I)) S) K)) B)
z (x B (x K I z S (v16 (v24 S) (S (B I) S) K)) B)
B (K (z I (I S) (K (v13 (S (I (K I)))) B I))) (I (v19 I) (K x v20 (K (x I) (v10 S (x (B K))) v8 (v1 (S S))) (B (B z) (K (B K) (v8 K (K x)) z)) (K B K S))) (x (x (B v3 x) v19) z (I (K v27 (I v18))))
K (z I (I S) (K (v13 (S (I (K I)))) B I)) (I (v19 I) (K x v20 (K (x I) (v10 S (x (B K))) v8 (v1 (S S))) (B (B z) (K (B K) (v8 K (K x)) z)) (K B K S)) (x (x (B v3 x) v19) z (I (K v27 (I v18)))))
z I (I S) (K (v13 (S (I (K I)))) B I)
z I S (K (v13 (S (I (K I)))) B I)
z I S (v13 (S (I (K I))) I)
z I S (v13 (S (K I)) I)
K (S (v18 (B (K z x S)) S z)) I
S (v18 (B (K z x S)) S z)
S (v18 (B (z S)) S z)
K (x (x B (B S) (v4 (x x) (I (v27 (z B K I) (B S z))))))
K (x (x B (B S) (v4 (x x) (v27 (z B K I) (B S z)))))
x (B (B (S B S z) x) (I (S (K (I x) K)))) (v19 (x (K I) x) S) z (I (K (K S) (S (v14 (I I)))) v9 (z S (v2 x) z) (x K) B (K (x v0 x B)))
x (B (B (B z (S z)) x) (I (S (K (I x) K)))) (v19 (x (K I) x) S) z (I (K (K S) (S (v14 (I I)))) v9 (z S (v2 x) z) (x K) B (K (x v0 x B)))
x (B (B (B z (S z)) x) (S (K (I x) K))) (v19 (x (K I) x) S) z (I (K (K S) (S (v14 (I I)))) v9 (z S (v2 x) z) (x K) B (K (x v0 x B)))
x (B (B (B z (S z)) x) (S (I x))) (v19 (x (K I) x) S) z (I (K (K S) (S (v14 (I I)))) v9 (z S (v2 x) z) (x K) B (K (x v0 x B)))
x (B (B (B z (S z)) x) (S x)) (v19 (x (K I) x) S) z (I (K (K S) (S (v14 (I I)))) v9 (z S (v2 x) z) (x K) B (K (x v0 x B)))
x (B (B (B z (S z)) x) (S x)) (v19 (x (K I) x) S) z (K (K S) (S (v14 (I I))) v9 (z S (v2 x) z) (x K) B (K (x v0 x B)))
x (B (B (B z (S z)) x) (S x)) (v19 (x (K I) x) S) z (K S v9 (z S (v2 x) z) (x K) B (K (x v0 x B)))
x (B (B (B z (S z)) x) (S x)) (v19 (x (K I) x) S) z (S (z S (v2 x) z) (x K) B (K (x v0 x B)))
x (B (B (B z (S z)) x) (S x)) (v19 (x (K I) x) S) z (z S (v2 x) z B (x K B) (K (x v0 x B)))
v29 (I (x z) (x z (S (I (B B) S))) (B I I) (B S (z B)) (v30 I (S x)))
v29 (x z (x z (S (I (B B) S))) (B I I) (B S (z B)) (v30 I (S x)))
v29 (x z (x z (S (B B S))) (B I I) (B S (z B)) (v30 I (S x)))
S (S (K K (v5 x z) S (B (K (v16 K x))) (B (I x v20))))
S (S (K S (B (K (v16 K x))) (B (I x v20))))
S (S (S (B (I x v20))))
S (S (S (B (x v20))))
I (z (x v19 (S I)) S v24 z I) x (v26 B (B x)) (S (I B) (v11 v6) (v9 (S x B K B) (B (I S B) (z x))) (S I K))
z (x v19 (S I)) S v24 z I x (v26 B (B x)) (S (I B) (v11 v6) (v9 (S x B K B) (B (I S B) (z x))) (S I K))
z (x v19 (S I)) S v24 z I x (v26 B (B x)) (I B (v9 (S x B K B) (B (I S B) (z x))) (v11 v6 (v9 (S x B K B) (B (I S B) (z x)))) (S I K))
z (x v19 (S I)) S v24 z I x (v26 B (B x)) (B (v9 (S x B K B) (B (I S B) (z x))) (v11 v6 (v9 (S x B K B) (B (I S B) (z x)))) (S I K))
z (x v19 (S I)) S v24 z I x (v26 B (B x)) (v9 (S x B K B) (B (I S B) (z x)) (v11 v6 (v9 (S x B K B) (B (I S B) (z x))) (S I K)))
z (x v19 (S I)) S v24 z I x (v26 B (B x)) (v9 (x K (B K) B) (B (I S B) (z x)) (v11 v6 (v9 (S x B K B) (B (I S B) (z x))) (S I K)))
z (x v19 (S I)) S v24 z I x (v26 B (B x)) (v9 (x K (B K) B) (B (S B) (z x)) (v11 v6 (v9 (S x B K B) (B (I S B) (z x))) (S I K)))
z (x v19 (S I)) S v24 z I x (v26 B (B x)) (v9 (x K (B K) B) (B (S B) (z x)) (v11 v6 (v9 (x K (B K) B) (B (I S B) (z x))) (S I K)))
z (x v19 (S I)) S v24 z I x (v26 B (B x)) (v9 (x K (B K) B) (B (S B) (z x)) (v11 v6 (v9 (x K (B K) B) (B (S B) (z x))) (S I K)))
S S (v18 (K (z S (B K)) S) x (z (S x S B K (v27 (B I) v27)) (I v17))) z (S (x (I (I (x z)) K (K B) x)) (z S) (I (S S) z))
S z (v18 (K (z S (B K)) S) x (z (S x S B K (v27 (B I) v27)) (I v17)) z) (S (x (I (I (x z)) K (K B) x)) (z S) (I (S S) z))
z (S (x (I (I (x z)) K (K B) x)) (z S) (I (S S) z)) (v18 (K (z S (B K)) S) x (z (S x S B K (v27 (B I) v27)) (I v17)) z (S (x (I (I (x z)) K (K B) x)) (z S) (I (S S) z)))
z (x (I (I (x z)) K (K B) x) (I (S S) z) (z S (I (S S) z))) (v18 (K (z S (B K)) S) x (z (S x S B K (v27 (B I) v27)) (I v17)) z (S (x (I (I (x z)) K (K B) x)) (z S) (I (S S) z)))
z (x (I (x z) K (K B) x) (I (S S) z) (z S (I (S S) z))) (v18 (K (z S (B K)) S) x (z (S x S B K (v27 (B I) v27)) (I v17)) z (S (x (I (I (x z)) K (K B) x)) (z S) (I (S S) z)))
z (x (x z K (K B) x) (I (S S) z) (z S (I (S S) z))) (v18 (K (z S (B K)) S) x (z (S x S B K (v27 (B I) v27)) (I v17)) z (S (x (I (I (x z)) K (K B) x)) (z S) (I (S S) z)))
z (x (x z K (K B) x) (S S z) (z S (I (S S) z))) (v18 (K (z S (B K)) S) x (z (S x S B K (v27 (B I) v27)) (I v17)) z (S (x (I (I (x z)) K (K B) x)) (z S) (I (S S) z)))
z (x (x z K (K B) x) (S S z) (z S (S S z))) (v18 (K (z S (B K)) S) x (z (S x S B K (v27 (B I) v27)) (I v17)) z (S (x (I (I (x z)) K (K B) x)) (z S) (I (S S) z)))
z (x (x z K (K B) x) (S S z) (z S (S S z))) (v18 (z S (B K)) x (z (S x S B K (v27 (B I) v27)) (I v17)) z (S (x (I (I (x z)) K (K B) x)) (z S) (I (S S) z)))
z (x (x z K (K B) x) (S S z) (z S (S S z))) (v18 (z S (B K)) x (z (x B (S B) K (v27 (B I) v27)) (I v17)) z (S (x (I (I (x z)) K (K B) x)) (z S) (I (S S) z)))
z (x (x z K (K B) x) (S S z) (z S (S S z))) (v18 (z S (B K)) x (z (x B (S B) K (v27 (B I) v27)) v17) z (S (x (I (I (x z)) K (K B) x)) (z S) (I (S S) z)))
z (x (x z K (K B) x) (S S z) (z S (S S z))) (v18 (z S (B K)) x (z (x B (S B) K (v27 (B I) v27)) v17) z (x (I (I (x z)) K (K B) x) (I (S S) z) (z S (I (S S) z))))
z (x (x z K (K B) x) (S S z) (z S (S S z))) (v18 (z S (B K)) x (z (x B (S B) K (v27 (B I) v27)) v17) z (x (I (x z) K (K B) x) (I (S S) z) (z S (I (S S) z))))
z (x (x z K (K B) x) (S S z) (z S (S S z))) (v18 (z S (B K)) x (z (x B (S B) K (v27 (B I) v27)) v17) z (x (x z K (K B) x) (I (S S) z) (z S (I (S S) z))))
z (x (x z K (K B) x) (S S z) (z S (S S z))) (v18 (z S (B K)) x (z (x B (S B) K (v27 (B I) v27)) v17) z (x (x z K (K B) x) (S S z) (z S (I (S S) z))))
z (x (x z K (K B) x) (S S z) (z S (S S z))) (v18 (z S (B K)) x (z (x B (S B) K (v27 (B I) v27)) v17) z (x (x z K (K B) x) (S S z) (z S (S S z))))
z (x I z) (x (B (S z)) (x z K) x (x (v6 (I x) S (I (v7 B))) (S I K))) B (S (B K (v18 (B I (v0 (z B z) I) S)) S) (K K B (I S v11 (v3 S)) K))
z (x I z) (x (B (S z)) (x z K) x (x (v6 x S (I (v7 B))) (S I K))) B (S (B K (v18 (B I (v0 (z B z) I) S)) S) (K K B (I S v11 (v3 S)) K))
z (x I z) (x (B (S z)) (x z K) x (x (v6 x S (v7 B)) (S I K))) B (S (B K (v18 (B I (v0 (z B z) I) S)) S) (K K B (I S v11 (v3 S)) K))
z (x I z) (x (B (S z)) (x z K) x (x (v6 x S (v7 B)) (S I K))) B (S (K (v18 (B I (v0 (z B z) I) S) S)) (K K B (I S v11 (v3 S)) K))
z (x I z) (x (B (S z)) (x z K) x (x (v6 x S (v7 B)) (S I K))) B (S (K (v18 (I (v0 (z B z) I S)) S)) (K K B (I S v11 (v3 S)) K))
z (x I z) (x (B (S z)) (x z K) x (x (v6 x S (v7 B)) (S I K))) B (S (K (v18 (v0 (z B z) I S) S)) (K K B (I S v11 (v3 S)) K))
z (x I z) (x (B (S z)) (x z K) x (x (v6 x S (v7 B)) (S I K))) B (S (K (v18 (v0 (z B z) I S) S)) (K (I S v11 (v3 S)) K))
z (x I z) (x (B (S z)) (x z K) x (x (v6 x S (v7 B)) (S I K))) B (S (K (v18 (v0 (z B z) I S) S)) (I S v11 (v3 S)))
z (x I z) (x (B (S z)) (x z K) x (x (v6 x S (v7 B)) (S I K))) B (S (K (v18 (v0 (z B z) I S) S)) (S v11 (v3 S)))
