x
B (z I K) (v13 (K z (x K) S) (B (I x) z))
B (z I K) (v13 (z S) (B (I x) z))
B (z I K) (v13 (z S) (B x z))
S z (S (S I (K (x K) (K z)))) (v11 (S (B z)) B (S (K x B (K K (z B z))) (K v23 (S (I (v10 B) (I z))))))
z (v11 (S (B z)) B (S (K x B (K K (z B z))) (K v23 (S (I (v10 B) (I z)))))) (S (S I (K (x K) (K z))) (v11 (S (B z)) B (S (K x B (K K (z B z))) (K v23 (S (I (v10 B) (I z)))))))
z (v11 (S (B z)) B (S (x (K K (z B z))) (K v23 (S (I (v10 B) (I z)))))) (S (S I (K (x K) (K z))) (v11 (S (B z)) B (S (K x B (K K (z B z))) (K v23 (S (I (v10 B) (I z)))))))
z (v11 (S (B z)) B (S (x K) (K v23 (S (I (v10 B) (I z)))))) (S (S I (K (x K) (K z))) (v11 (S (B z)) B (S (K x B (K K (z B z))) (K v23 (S (I (v10 B) (I z)))))))
z (v11 (S (B z)) B (S (x K) v23)) (S (S I (K (x K) (K z))) (v11 (S (B z)) B (S (K x B (K K (z B z))) (K v23 (S (I (v10 B) (I z)))))))
z (v11 (S (B z)) B (S (x K) v23)) (S (S I (x K)) (v11 (S (B z)) B (S (K x B (K K (z B z))) (K v23 (S (I (v10 B) (I z)))))))
z (v11 (S (B z)) B (S (x K) v23)) (S (S I (x K)) (v11 (S (B z)) B (S (x (K K (z B z))) (K v23 (S (I (v10 B) (I z)))))))
z (v11 (S (B z)) B (S (x K) v23)) (S (S I (x K)) (v11 (S (B z)) B (S (x K) (K v23 (S (I (v10 B) (I z)))))))
z (v11 (S (B z)) B (S (x K) v23)) (S (S I (x K)) (v11 (S (B z)) B (S (x K) v23)))
x v11 I
B
S (K z (I B) (B S S)) (S z) (I v1 x)
K z (I B) (B S S) (I v1 x) (S z (I v1 x))
z (B S S) (I v1 x) (S z (I v1 x))
z (B S S) (v1 x) (S z (I v1 x))
z (B S S) (v1 x) (S z (v1 x))
x (I (K v20 I x (K (S I K (B v30 (v1 I) (I K))) x) S))
x (K v20 I x (K (S I K (B v30 (v1 I) (I K))) x) S)
x (v20 x (K (S I K (B v30 (v1 I) (I K))) x) S)
x (v20 x (S I K (B v30 (v1 I) (I K))) S)
x (v20 x (I (B v30 (v1 I) (I K)) (K (B v30 (v1 I) (I K)))) S)
x (v20 x (B v30 (v1 I) (I K) (K (B v30 (v1 I) (I K)))) S)
x (v20 x (v30 (v1 I (I K)) (K (B v30 (v1 I) (I K)))) S)
x (v20 x (v30 (v1 I K) (K (B v30 (v1 I) (I K)))) S)
x (v20 x (v30 (v1 I K) (K (v30 (v1 I (I K))))) S)
x (v20 x (v30 (v1 I K) (K (v30 (v1 I K)))) S)
B (K (S K (z S I))) z z z (B I (v21 S (K x (S (z (x B S z)) (z (z S)) I) (B K (v19 (B I))))))
K (S K (z S I)) (z z) z (B I (v21 S (K x (S (z (x B S z)) (z (z S)) I) (B K (v19 (B I))))))
S K (z S I) z (B I (v21 S (K x (S (z (x B S z)) (z (z S)) I) (B K (v19 (B I))))))
K z (z S I z) (B I (v21 S (K x (S (z (x B S z)) (z (z S)) I) (B K (v19 (B I))))))
z (B I (v21 S (K x (S (z (x B S z)) (z (z S)) I) (B K (v19 (B I))))))
z (B I (v21 S (x (B K (v19 (B I))))))
B z (K (K (I B)) (x z (z (v25 B)) (v14 S))) (K z) (I (v0 z B v6 (v12 S (B v22) v5 (z (z z) z)))) (z (S (I K (I (v28 v4) K S)) (x (x x))))
z (K (K (I B)) (x z (z (v25 B)) (v14 S)) (K z)) (I (v0 z B v6 (v12 S (B v22) v5 (z (z z) z)))) (z (S (I K (I (v28 v4) K S)) (x (x x))))
z (K (I B) (K z)) (I (v0 z B v6 (v12 S (B v22) v5 (z (z z) z)))) (z (S (I K (I (v28 v4) K S)) (x (x x))))
z (I B) (I (v0 z B v6 (v12 S (B v22) v5 (z (z z) z)))) (z (S (I K (I (v28 v4) K S)) (x (x x))))
z B (I (v0 z B v6 (v12 S (B v22) v5 (z (z z) z)))) (z (S (I K (I (v28 v4) K S)) (x (x x))))
z B (v0 z B v6 (v12 S (B v22) v5 (z (z z) z))) (z (S (I K (I (v28 v4) K S)) (x (x x))))
z B (v0 z B v6 (v12 S (B v22) v5 (z (z z) z))) (z (S (K (I (v28 v4) K S)) (x (x x))))
z B (v0 z B v6 (v12 S (B v22) v5 (z (z z) z))) (z (S (K (v28 v4 K S)) (x (x x))))
S (B I (I B) z (z (K S (B (B x))) I) x S (B (K z z (z (v2 (x x))) z (x (S (z I)))))) (S (v29 (B (I S)) B))
S (I (I B z) (z (K S (B (B x))) I) x S (B (K z z (z (v2 (x x))) z (x (S (z I)))))) (S (v29 (B (I S)) B))
S (I B z (z (K S (B (B x))) I) x S (B (K z z (z (v2 (x x))) z (x (S (z I)))))) (S (v29 (B (I S)) B))
S (B z (z (K S (B (B x))) I) x S (B (K z z (z (v2 (x x))) z (x (S (z I)))))) (S (v29 (B (I S)) B))
S (z (z (K S (B (B x))) I x) S (B (K z z (z (v2 (x x))) z (x (S (z I)))))) (S (v29 (B (I S)) B))
S (z (z S I x) S (B (K z z (z (v2 (x x))) z (x (S (z I)))))) (S (v29 (B (I S)) B))
S (z (z S I x) S (B (z (z (v2 (x x))) z (x (S (z I)))))) (S (v29 (B (I S)) B))
S (z (z S I x) S (B (z (z (v2 (x x))) z (x (S (z I)))))) (S (v29 (B S) B))
