v2 (v11 (K (B (I S (K x) (I z K) (B (I S B) (B (z x (z S))) (I B))))))
v2 (v11 (K (B (S (K x) (I z K) (B (I S B) (B (z x (z S))) (I B))))))
v2 (v11 (K (B (K x (B (I S B) (B (z x (z S))) (I B)) (I z K (B (I S B) (B (z x (z S))) (I B)))))))
v2 (v11 (K (B (x (I z K (B (I S B) (B (z x (z S))) (I B)))))))
v2 (v11 (K (B (x (z K (B (I S B) (B (z x (z S))) (I B)))))))
v2 (v11 (K (B (x (z K (I S B (B (z x (z S)) (I B))))))))
v2 (v11 (K (B (x (z K (S B (B (z x (z S)) (I B))))))))
v2 (v11 (K (B (x (z K (S B (B (z x (z S)) B)))))))
x
B
z (x K) x (v21 (K I (x (x (z (B K))) (x K) B z)) (I (K (B (B x) x))) (z (z I) (z (K v24)) x)) (B K (z (z (x (S (B x))) (x v6) (I K K))) x (v8 (B (z S)))) (x (B (v21 (z B I B))))
z (x K) x (v21 I (I (K (B (B x) x))) (z (z I) (z (K v24)) x)) (B K (z (z (x (S (B x))) (x v6) (I K K))) x (v8 (B (z S)))) (x (B (v21 (z B I B))))
z (x K) x (v21 I (K (B (B x) x)) (z (z I) (z (K v24)) x)) (B K (z (z (x (S (B x))) (x v6) (I K K))) x (v8 (B (z S)))) (x (B (v21 (z B I B))))
z (x K) x (v21 I (K (B (B x) x)) (z (z I) (z (K v24)) x)) (K (z (z (x (S (B x))) (x v6) (I K K)) x) (v8 (B (z S)))) (x (B (v21 (z B I B))))
z (x K) x (v21 I (K (B (B x) x)) (z (z I) (z (K v24)) x)) (z (z (x (S (B x))) (x v6) (I K K)) x) (x (B (v21 (z B I B))))
z (x K) x (v21 I (K (B (B x) x)) (z (z I) (z (K v24)) x)) (z (z (x (S (B x))) (x v6) (K K)) x) (x (B (v21 (z B I B))))
v23 v22 (K (v14 z (S (x (z S)) (B (S v12 K)) v2) (B z)) z) (S (K I) K (z B z (B v18 B x)) (K (K S) I) x) (v8 S)
v23 v22 (v14 z (S (x (z S)) (B (S v12 K)) v2) (B z)) (S (K I) K (z B z (B v18 B x)) (K (K S) I) x) (v8 S)
v23 v22 (v14 z (x (z S) v2 (B (S v12 K) v2)) (B z)) (S (K I) K (z B z (B v18 B x)) (K (K S) I) x) (v8 S)
v23 v22 (v14 z (x (z S) v2 (B (S v12 K) v2)) (B z)) (K I (z B z (B v18 B x)) (K (z B z (B v18 B x))) (K (K S) I) x) (v8 S)
v23 v22 (v14 z (x (z S) v2 (B (S v12 K) v2)) (B z)) (I (K (z B z (B v18 B x))) (K (K S) I) x) (v8 S)
v23 v22 (v14 z (x (z S) v2 (B (S v12 K) v2)) (B z)) (K (z B z (B v18 B x)) (K (K S) I) x) (v8 S)
v23 v22 (v14 z (x (z S) v2 (B (S v12 K) v2)) (B z)) (z B z (B v18 B x) x) (v8 S)
v23 v22 (v14 z (x (z S) v2 (B (S v12 K) v2)) (B z)) (z B z (v18 (B x)) x) (v8 S)
v11 (x x) (S (I (z (v21 (B B v14)))) z K) (B (K S) (v8 (x (x (v3 z K K (x x))))) (I S z (v20 v9 v18) (B B (S x)) v15)) S
v11 (x x) (I (z (v21 (B B v14))) K (z K)) (B (K S) (v8 (x (x (v3 z K K (x x))))) (I S z (v20 v9 v18) (B B (S x)) v15)) S
v11 (x x) (z (v21 (B B v14)) K (z K)) (B (K S) (v8 (x (x (v3 z K K (x x))))) (I S z (v20 v9 v18) (B B (S x)) v15)) S
v11 (x x) (z (v21 (B B v14)) K (z K)) (K S (v8 (x (x (v3 z K K (x x)))) (I S z (v20 v9 v18) (B B (S x)) v15))) S
v11 (x x) (z (v21 (B B v14)) K (z K)) S S
z K (z (v3 I)) I (B K) (x (B z I (K (K I (x (K I)) S))) (S (B x) v24))
z K (z (v3 I)) I (B K) (x (z (I (K (K I (x (K I)) S)))) (S (B x) v24))
z K (z (v3 I)) I (B K) (x (z (K (K I (x (K I)) S))) (S (B x) v24))
z K (z (v3 I)) I (B K) (x (z (K (I S))) (S (B x) v24))
z K (z (v3 I)) I (B K) (x (z (K S)) (S (B x) v24))
K (x (B (z S) S) B B) (v10 B) (z I x) (x (K (v29 (I S)) (x S z (x S (I (S (K S)))) v27)) (v16 (I (K (S x))) v22) (K K (I B (z (x B) v16)) (x (x S)) (z (z v7) (K (B (I I))))) (v17 K))
x (B (z S) S) B B (z I x) (x (K (v29 (I S)) (x S z (x S (I (S (K S)))) v27)) (v16 (I (K (S x))) v22) (K K (I B (z (x B) v16)) (x (x S)) (z (z v7) (K (B (I I))))) (v17 K))
x (B (z S) S) B B (z I x) (x (v29 (I S)) (v16 (I (K (S x))) v22) (K K (I B (z (x B) v16)) (x (x S)) (z (z v7) (K (B (I I))))) (v17 K))
x (B (z S) S) B B (z I x) (x (v29 S) (v16 (I (K (S x))) v22) (K K (I B (z (x B) v16)) (x (x S)) (z (z v7) (K (B (I I))))) (v17 K))
x (B (z S) S) B B (z I x) (x (v29 S) (v16 (K (S x)) v22) (K K (I B (z (x B) v16)) (x (x S)) (z (z v7) (K (B (I I))))) (v17 K))
x (B (z S) S) B B (z I x) (x (v29 S) (v16 (K (S x)) v22) (K (x (x S)) (z (z v7) (K (B (I I))))) (v17 K))
x (B (z S) S) B B (z I x) (x (v29 S) (v16 (K (S x)) v22) (x (x S)) (v17 K))
B (K x S (S (B I) I)) v30 (z (x I (z K)) K (v23 (S (I x))))
K x S (S (B I) I) (v30 (z (x I (z K)) K (v23 (S (I x)))))
x (S (B I) I) (v30 (z (x I (z K)) K (v23 (S (I x)))))
x (S (B I) I) (v30 (z (x I (z K)) K (v23 (S x))))
v24 (x B (I B) (x (K x (K K I) K)))
v24 (x B B (x (K x (K K I) K)))
v24 (x B B (x (x K)))
