K (K K (B (B v21 z (v19 (S (K x) (v30 (K S (K B))))) S B) (S z (S S) (I K (x K)))))
K K
K v25 (I z) (x K (z (I v26) K) (z (I (x x) v22)) (x (v4 (S K (K x)) S v19) S (I (v29 (I K K) (I S) x) (S (I (x (x (S (x B)) B))))))) (z (v22 (B z z z (B (v6 x (x (B z z) S) B (S B))) z)) z)
v25 (x K (z (I v26) K) (z (I (x x) v22)) (x (v4 (S K (K x)) S v19) S (I (v29 (I K K) (I S) x) (S (I (x (x (S (x B)) B))))))) (z (v22 (B z z z (B (v6 x (x (B z z) S) B (S B))) z)) z)
v25 (x K (z v26 K) (z (I (x x) v22)) (x (v4 (S K (K x)) S v19) S (I (v29 (I K K) (I S) x) (S (I (x (x (S (x B)) B))))))) (z (v22 (B z z z (B (v6 x (x (B z z) S) B (S B))) z)) z)
v25 (x K (z v26 K) (z (x x v22)) (x (v4 (S K (K x)) S v19) S (I (v29 (I K K) (I S) x) (S (I (x (x (S (x B)) B))))))) (z (v22 (B z z z (B (v6 x (x (B z z) S) B (S B))) z)) z)
v25 (x K (z v26 K) (z (x x v22)) (x (v4 (S K (K x)) S v19) S (v29 (I K K) (I S) x (S (I (x (x (S (x B)) B))))))) (z (v22 (B z z z (B (v6 x (x (B z z) S) B (S B))) z)) z)
v25 (x K (z v26 K) (z (x x v22)) (x (v4 (S K (K x)) S v19) S (v29 (K K) (I S) x (S (I (x (x (S (x B)) B))))))) (z (v22 (B z z z (B (v6 x (x (B z z) S) B (S B))) z)) z)
v25 (x K (z v26 K) (z (x x v22)) (x (v4 (S K (K x)) S v19) S (v29 (K K) S x (S (I (x (x (S (x B)) B))))))) (z (v22 (B z z z (B (v6 x (x (B z z) S) B (S B))) z)) z)
v25 (x K (z v26 K) (z (x x v22)) (x (v4 (S K (K x)) S v19) S (v29 (K K) S x (S (x (x (S (x B)) B)))))) (z (v22 (B z z z (B (v6 x (x (B z z) S) B (S B))) z)) z)
v25 (x K (z v26 K) (z (x x v22)) (x (v4 (S K (K x)) S v19) S (v29 (K K) S x (S (x (x (S (x B)) B)))))) (z (v22 (z (z z) (B (v6 x (x (B z z) S) B (S B))) z)) z)
v9
x (S S v0 (v18 (S (K B S))))
x (S (v18 (S (K B S))) (v0 (v18 (S (K B S)))))
x (S (v18 (S B)) (v0 (v18 (S (K B S)))))
x (S (v18 (S B)) (v0 (v18 (S B))))
B
I (v4 S z I) (B v17 x x S K (x K (z (v16 (v17 B (x (z K) I))))))
v4 S z I (B v17 x x S K (x K (z (v16 (v17 B (x (z K) I))))))
v4 S z I (v17 (x x) S K (x K (z (v16 (v17 B (x (z K) I))))))
x (I I (z (K B K (v21 I) (z (K (z S) x) x)) (v22 I B (v1 (z z))))) (B (z (x (S S (v12 (x B S))))) S)
x (I (z (K B K (v21 I) (z (K (z S) x) x)) (v22 I B (v1 (z z))))) (B (z (x (S S (v12 (x B S))))) S)
x (z (K B K (v21 I) (z (K (z S) x) x)) (v22 I B (v1 (z z)))) (B (z (x (S S (v12 (x B S))))) S)
x (z (B (v21 I) (z (K (z S) x) x)) (v22 I B (v1 (z z)))) (B (z (x (S S (v12 (x B S))))) S)
x (z (B (v21 I) (z (z S) x)) (v22 I B (v1 (z z)))) (B (z (x (S S (v12 (x B S))))) S)
z
S (B (K I (x x) S B (x (K v8) (K B B (S v7 (B (B B) (v12 S)))) (B (K (v4 (S z))) (K (B (I S S))))) v9)) (z z S (v24 v3 v27 S (I (S (K (I S)))) (v26 z x (S B (K v12 z))) (x (K x) (S x))) (B (I x B) v19 (S (K (z K)) (S (z z (B S))) S x)))
S (B (I S B (x (K v8) (K B B (S v7 (B (B B) (v12 S)))) (B (K (v4 (S z))) (K (B (I S S))))) v9)) (z z S (v24 v3 v27 S (I (S (K (I S)))) (v26 z x (S B (K v12 z))) (x (K x) (S x))) (B (I x B) v19 (S (K (z K)) (S (z z (B S))) S x)))
S (B (S B (x (K v8) (K B B (S v7 (B (B B) (v12 S)))) (B (K (v4 (S z))) (K (B (I S S))))) v9)) (z z S (v24 v3 v27 S (I (S (K (I S)))) (v26 z x (S B (K v12 z))) (x (K x) (S x))) (B (I x B) v19 (S (K (z K)) (S (z z (B S))) S x)))
S (B (B v9 (x (K v8) (K B B (S v7 (B (B B) (v12 S)))) (B (K (v4 (S z))) (K (B (I S S)))) v9))) (z z S (v24 v3 v27 S (I (S (K (I S)))) (v26 z x (S B (K v12 z))) (x (K x) (S x))) (B (I x B) v19 (S (K (z K)) (S (z z (B S))) S x)))
S (B (B v9 (x (K v8) (B (S v7 (B (B B) (v12 S)))) (B (K (v4 (S z))) (K (B (I S S)))) v9))) (z z S (v24 v3 v27 S (I (S (K (I S)))) (v26 z x (S B (K v12 z))) (x (K x) (S x))) (B (I x B) v19 (S (K (z K)) (S (z z (B S))) S x)))
S (B (B v9 (x (K v8) (B (S v7 (B (B B) (v12 S)))) (B (K (v4 (S z))) (K (B (S S)))) v9))) (z z S (v24 v3 v27 S (I (S (K (I S)))) (v26 z x (S B (K v12 z))) (x (K x) (S x))) (B (I x B) v19 (S (K (z K)) (S (z z (B S))) S x)))
S (B (B v9 (x (K v8) (B (S v7 (B (B B) (v12 S)))) (B (K (v4 (S z))) (K (B (S S)))) v9))) (z z S (v24 v3 v27 S (S (K (I S))) (v26 z x (S B (K v12 z))) (x (K x) (S x))) (B (I x B) v19 (S (K (z K)) (S (z z (B S))) S x)))
S (B (B v9 (x (K v8) (B (S v7 (B (B B) (v12 S)))) (B (K (v4 (S z))) (K (B (S S)))) v9))) (z z S (v24 v3 v27 S (S (K S)) (v26 z x (S B (K v12 z))) (x (K x) (S x))) (B (I x B) v19 (S (K (z K)) (S (z z (B S))) S x)))
S (B (B v9 (x (K v8) (B (S v7 (B (B B) (v12 S)))) (B (K (v4 (S z))) (K (B (S S)))) v9))) (z z S (v24 v3 v27 S (S (K S)) (v26 z x (S B v12)) (x (K x) (S x))) (B (I x B) v19 (S (K (z K)) (S (z z (B S))) S x)))
S (B (B v9 (x (K v8) (B (S v7 (B (B B) (v12 S)))) (B (K (v4 (S z))) (K (B (S S)))) v9))) (z z S (v24 v3 v27 S (S (K S)) (v26 z x (S B v12)) (x (K x) (S x))) (I x B (v19 (S (K (z K)) (S (z z (B S))) S x))))
S (B (B v9 (x (K v8) (B (S v7 (B (B B) (v12 S)))) (B (K (v4 (S z))) (K (B (S S)))) v9))) (z z S (v24 v3 v27 S (S (K S)) (v26 z x (S B v12)) (x (K x) (S x))) (x B (v19 (S (K (z K)) (S (z z (B S))) S x))))
S (B (B v9 (x (K v8) (B (S v7 (B (B B) (v12 S)))) (B (K (v4 (S z))) (K (B (S S)))) v9))) (z z S (v24 v3 v27 S (S (K S)) (v26 z x (S B v12)) (x (K x) (S x))) (x B (v19 (K (z K) S (S (z z (B S)) S) x))))
S (B (B v9 (x (K v8) (B (S v7 (B (B B) (v12 S)))) (B (K (v4 (S z))) (K (B (S S)))) v9))) (z z S (v24 v3 v27 S (S (K S)) (v26 z x (S B v12)) (x (K x) (S x))) (x B (v19 (z K (S (z z (B S)) S) x))))
x x v15 z
