v21 (I B B (S z (x (x (I B)))) K) (S (B S) (x I) (S (K (x K)) (B I)) (v12 S) v0 (B (I z (I (K K)) x (I (B B S (K z)) S) v30)))
v21 (B B (S z (x (x (I B)))) K) (S (B S) (x I) (S (K (x K)) (B I)) (v12 S) v0 (B (I z (I (K K)) x (I (B B S (K z)) S) v30)))
v21 (B (S z (x (x (I B))) K)) (S (B S) (x I) (S (K (x K)) (B I)) (v12 S) v0 (B (I z (I (K K)) x (I (B B S (K z)) S) v30)))
v21 (B (z K (x (x (I B)) K))) (S (B S) (x I) (S (K (x K)) (B I)) (v12 S) v0 (B (I z (I (K K)) x (I (B B S (K z)) S) v30)))
v21 (B (z K (x (x B) K))) (S (B S) (x I) (S (K (x K)) (B I)) (v12 S) v0 (B (I z (I (K K)) x (I (B B S (K z)) S) v30)))
v21 (B (z K (x (x B) K))) (B S (S (K (x K)) (B I)) (x I (S (K (x K)) (B I))) (v12 S) v0 (B (I z (I (K K)) x (I (B B S (K z)) S) v30)))
v21 (B (z K (x (x B) K))) (S (S (K (x K)) (B I) (x I (S (K (x K)) (B I)))) (v12 S) v0 (B (I z (I (K K)) x (I (B B S (K z)) S) v30)))
v21 (B (z K (x (x B) K))) (S (K (x K)) (B I) (x I (S (K (x K)) (B I))) v0 (v12 S v0) (B (I z (I (K K)) x (I (B B S (K z)) S) v30)))
v21 (B (z K (x (x B) K))) (K (x K) (x I (S (K (x K)) (B I))) (B I (x I (S (K (x K)) (B I)))) v0 (v12 S v0) (B (I z (I (K K)) x (I (B B S (K z)) S) v30)))
v21 (B (z K (x (x B) K))) (x K (B I (x I (S (K (x K)) (B I)))) v0 (v12 S v0) (B (I z (I (K K)) x (I (B B S (K z)) S) v30)))
v21 (B (z K (x (x B) K))) (x K (B I (x I (S (K (x K)) (B I)))) v0 (v12 S v0) (B (z (I (K K)) x (I (B B S (K z)) S) v30)))
v21 (B (z K (x (x B) K))) (x K (B I (x I (S (K (x K)) (B I)))) v0 (v12 S v0) (B (z (K K) x (I (B B S (K z)) S) v30)))
v21 (B (z K (x (x B) K))) (x K (B I (x I (S (K (x K)) (B I)))) v0 (v12 S v0) (B (z (K K) x (B B S (K z) S) v30)))
v21 (B (z K (x (x B) K))) (x K (B I (x I (S (K (x K)) (B I)))) v0 (v12 S v0) (B (z (K K) x (B (S (K z)) S) v30)))
x I
S (z (S S) (z I v29 S)) (K (B B (B z) (x v4) (B I) (x K)) K) I
z (S S) (z I v29 S) I (K (B B (B z) (x v4) (B I) (x K)) K I)
z (S S) (z I v29 S) I (B B (B z) (x v4) (B I) (x K) I)
z (S S) (z I v29 S) I (B (B z (x v4)) (B I) (x K) I)
z (S S) (z I v29 S) I (B z (x v4) (B I (x K)) I)
z (S S) (z I v29 S) I (z (x v4 (B I (x K))) I)
S (x x) B K
x x K (B K)
S (B v14)
x (S (K (S z)))
K
B (v22 (x (I v11) B (x (S B)) (z (S B)) v17) (v27 (S z I (z K)) (S K)) (v23 B))
B (v22 (x v11 B (x (S B)) (z (S B)) v17) (v27 (S z I (z K)) (S K)) (v23 B))
B (v22 (x v11 B (x (S B)) (z (S B)) v17) (v27 (z (z K) (I (z K))) (S K)) (v23 B))
B (v22 (x v11 B (x (S B)) (z (S B)) v17) (v27 (z (z K) (z K)) (S K)) (v23 B))
z
z v17 (K z B S (K (K (v17 x K B)) (S (z z (z I)) (I B (v1 I) B B)) (S (S (z I))) (B v29 (z (I I)) B)))
z v17 (z S (K (K (v17 x K B)) (S (z z (z I)) (I B (v1 I) B B)) (S (S (z I))) (B v29 (z (I I)) B)))
z v17 (z S (K (v17 x K B) (S (S (z I))) (B v29 (z (I I)) B)))
z v17 (z S (v17 x K B (B v29 (z (I I)) B)))
z v17 (z S (v17 x K B (v29 (z (I I) B))))
z v17 (z S (v17 x K B (v29 (z I B))))
