S B v28 (B B) (v0 B)
B (B B) (v28 (B B)) (v0 B)
B B (v28 (B B) (v0 B))
B
K (K B) x (B z B (K z (I K K)) z) (x (v9 (I x (v14 (B (x v24) z))) (B (K x z B) (z v28) (K I z S) (v17 (S z z (B x) (I v27)) v1 I))))
K B (B z B (K z (I K K)) z) (x (v9 (I x (v14 (B (x v24) z))) (B (K x z B) (z v28) (K I z S) (v17 (S z z (B x) (I v27)) v1 I))))
B (x (v9 (I x (v14 (B (x v24) z))) (B (K x z B) (z v28) (K I z S) (v17 (S z z (B x) (I v27)) v1 I))))
B (x (v9 (x (v14 (B (x v24) z))) (B (K x z B) (z v28) (K I z S) (v17 (S z z (B x) (I v27)) v1 I))))
B (x (v9 (x (v14 (B (x v24) z))) (K x z B (z v28 (K I z S)) (v17 (S z z (B x) (I v27)) v1 I))))
B (x (v9 (x (v14 (B (x v24) z))) (x B (z v28 (K I z S)) (v17 (S z z (B x) (I v27)) v1 I))))
B (x (v9 (x (v14 (B (x v24) z))) (x B (z v28 (I S)) (v17 (S z z (B x) (I v27)) v1 I))))
B (x (v9 (x (v14 (B (x v24) z))) (x B (z v28 S) (v17 (S z z (B x) (I v27)) v1 I))))
B (x (v9 (x (v14 (B (x v24) z))) (x B (z v28 S) (v17 (z (B x) (z (B x)) (I v27)) v1 I))))
B (x (v9 (x (v14 (B (x v24) z))) (x B (z v28 S) (v17 (z (B x) (z (B x)) v27) v1 I))))
x B (S (x B) I) z (z K) (z (S (x (v22 K) z (v10 (S (I I) (v26 (x I)) B B)) (x x z)) (K z B S))) (B (K (v22 (S K) (I I) B S S z (v22 z x))) (I (I I (I v23 z))) (x B (K v18)))
x B (S (x B) I) z (z K) (z (S (x (v22 K) z (v10 (I I B (v26 (x I) B) B)) (x x z)) (K z B S))) (B (K (v22 (S K) (I I) B S S z (v22 z x))) (I (I I (I v23 z))) (x B (K v18)))
x B (S (x B) I) z (z K) (z (S (x (v22 K) z (v10 (I B (v26 (x I) B) B)) (x x z)) (K z B S))) (B (K (v22 (S K) (I I) B S S z (v22 z x))) (I (I I (I v23 z))) (x B (K v18)))
x B (S (x B) I) z (z K) (z (S (x (v22 K) z (v10 (B (v26 (x I) B) B)) (x x z)) (K z B S))) (B (K (v22 (S K) (I I) B S S z (v22 z x))) (I (I I (I v23 z))) (x B (K v18)))
x B (S (x B) I) z (z K) (z (S (x (v22 K) z (v10 (B (v26 (x I) B) B)) (x x z)) (z S))) (B (K (v22 (S K) (I I) B S S z (v22 z x))) (I (I I (I v23 z))) (x B (K v18)))
x B (S (x B) I) z (z K) (z (S (x (v22 K) z (v10 (B (v26 (x I) B) B)) (x x z)) (z S))) (K (v22 (S K) (I I) B S S z (v22 z x)) (I (I I (I v23 z)) (x B (K v18))))
x B (S (x B) I) z (z K) (z (S (x (v22 K) z (v10 (B (v26 (x I) B) B)) (x x z)) (z S))) (v22 (S K) (I I) B S S z (v22 z x))
x B (S (x B) I) z (z K) (z (S (x (v22 K) z (v10 (B (v26 (x I) B) B)) (x x z)) (z S))) (v22 (S K) I B S S z (v22 z x))
x (v17 z) (z v6 (I v2 (v15 (K (x B))) v18) (K (S x v5 (I x B) (S (x x)))))
x (v17 z) (z v6 (v2 (v15 (K (x B))) v18) (K (S x v5 (I x B) (S (x x)))))
x (v17 z) (z v6 (v2 (v15 (K (x B))) v18) (K (x (I x B) (v5 (I x B)) (S (x x)))))
x (v17 z) (z v6 (v2 (v15 (K (x B))) v18) (K (x (x B) (v5 (I x B)) (S (x x)))))
x (v17 z) (z v6 (v2 (v15 (K (x B))) v18) (K (x (x B) (v5 (x B)) (S (x x)))))
v18 (I S x x S) (B (z B (I (B x) (x B K K)) I (K (I (K (I K (B (K (I K))) x))) I)))
v18 (S x x S) (B (z B (I (B x) (x B K K)) I (K (I (K (I K (B (K (I K))) x))) I)))
v18 (x S (x S)) (B (z B (I (B x) (x B K K)) I (K (I (K (I K (B (K (I K))) x))) I)))
v18 (x S (x S)) (B (z B (B x (x B K K)) I (K (I (K (I K (B (K (I K))) x))) I)))
v18 (x S (x S)) (B (z B (B x (x B K K)) I (I (K (I K (B (K (I K))) x)))))
v18 (x S (x S)) (B (z B (B x (x B K K)) I (K (I K (B (K (I K))) x))))
v18 (x S (x S)) (B (z B (B x (x B K K)) I (K (K (B (K (I K))) x))))
v18 (x S (x S)) (B (z B (B x (x B K K)) I (K (B (K (I K))))))
v18 (x S (x S)) (B (z B (B x (x B K K)) I (K (B (K K)))))
x (z v23 (I x) (K v25 (S (B I (B S)) x) I))
x (z v23 x (K v25 (S (B I (B S)) x) I))
x (z v23 x (v25 I))
I (x x S)
x x S
x (S (K (x x)) x K) (v13 z (B I v1)) (x (v29 v10 (v8 I v4)) (z x) (x (S (K B z)) x) (I (B (K z) B (v12 (x z)))))
x (K (x x) K (x K)) (v13 z (B I v1)) (x (v29 v10 (v8 I v4)) (z x) (x (S (K B z)) x) (I (B (K z) B (v12 (x z)))))
x (x x (x K)) (v13 z (B I v1)) (x (v29 v10 (v8 I v4)) (z x) (x (S (K B z)) x) (I (B (K z) B (v12 (x z)))))
x (x x (x K)) (v13 z (B I v1)) (x (v29 v10 (v8 I v4)) (z x) (x (S B) x) (I (B (K z) B (v12 (x z)))))
x (x x (x K)) (v13 z (B I v1)) (x (v29 v10 (v8 I v4)) (z x) (x (S B) x) (B (K z) B (v12 (x z))))
x (x x (x K)) (v13 z (B I v1)) (x (v29 v10 (v8 I v4)) (z x) (x (S B) x) (K z (B (v12 (x z)))))
x (x x (x K)) (v13 z (B I v1)) (x (v29 v10 (v8 I v4)) (z x) (x (S B) x) z)
B (B (B x) (K I (v15 K (I v8 B) (I x (v9 z))) (v12 B) (v2 (v30 I v8 x) (x (B S) v5 S S z B)) S) (S K (x (I (I (B I B) S))) (S (S (K (S (z B)) (x I x (B I)))) v6 (x I (K K z) (B K) x))))
B (B x (K I (v15 K (I v8 B) (I x (v9 z))) (v12 B) (v2 (v30 I v8 x) (x (B S) v5 S S z B)) S (S K (x (I (I (B I B) S))) (S (S (K (S (z B)) (x I x (B I)))) v6 (x I (K K z) (B K) x)))))
B (B x (I (v12 B) (v2 (v30 I v8 x) (x (B S) v5 S S z B)) S (S K (x (I (I (B I B) S))) (S (S (K (S (z B)) (x I x (B I)))) v6 (x I (K K z) (B K) x)))))
B (B x (v12 B (v2 (v30 I v8 x) (x (B S) v5 S S z B)) S (S K (x (I (I (B I B) S))) (S (S (K (S (z B)) (x I x (B I)))) v6 (x I (K K z) (B K) x)))))
B (B x (v12 B (v2 (v30 I v8 x) (x (B S) v5 S S z B)) S (K (S (S (K (S (z B)) (x I x (B I)))) v6 (x I (K K z) (B K) x)) (x (I (I (B I B) S)) (S (S (K (S (z B)) (x I x (B I)))) v6 (x I (K K z) (B K) x))))))
B (B x (v12 B (v2 (v30 I v8 x) (x (B S) v5 S S z B)) S (S (S (K (S (z B)) (x I x (B I)))) v6 (x I (K K z) (B K) x))))
B (B x (v12 B (v2 (v30 I v8 x) (x (B S) v5 S S z B)) S (S (K (S (z B)) (x I x (B I))) (x I (K K z) (B K) x) (v6 (x I (K K z) (B K) x)))))
B (B x (v12 B (v2 (v30 I v8 x) (x (B S) v5 S S z B)) S (K (S (z B)) (x I x (B I)) (v6 (x I (K K z) (B K) x)) (x I (K K z) (B K) x (v6 (x I (K K z) (B K) x))))))
B (B x (v12 B (v2 (v30 I v8 x) (x (B S) v5 S S z B)) S (S (z B) (v6 (x I (K K z) (B K) x)) (x I (K K z) (B K) x (v6 (x I (K K z) (B K) x))))))
B (B x (v12 B (v2 (v30 I v8 x) (x (B S) v5 S S z B)) S (z B (x I (K K z) (B K) x (v6 (x I (K K z) (B K) x))) (v6 (x I (K K z) (B K) x) (x I (K K z) (B K) x (v6 (x I (K K z) (B K) x)))))))
B (B x (v12 B (v2 (v30 I v8 x) (x (B S) v5 S S z B)) S (z B (x I K (B K) x (v6 (x I (K K z) (B K) x))) (v6 (x I (K K z) (B K) x) (x I (K K z) (B K) x (v6 (x I (K K z) (B K) x)))))))
B (B x (v12 B (v2 (v30 I v8 x) (x (B S) v5 S S z B)) S (z B (x I K (B K) x (v6 (x I K (B K) x))) (v6 (x I (K K z) (B K) x) (x I (K K z) (B K) x (v6 (x I (K K z) (B K) x)))))))
B (B x (v12 B (v2 (v30 I v8 x) (x (B S) v5 S S z B)) S (z B (x I K (B K) x (v6 (x I K (B K) x))) (v6 (x I K (B K) x) (x I (K K z) (B K) x (v6 (x I (K K z) (B K) x)))))))
B (B x (v12 B (v2 (v30 I v8 x) (x (B S) v5 S S z B)) S (z B (x I K (B K) x (v6 (x I K (B K) x))) (v6 (x I K (B K) x) (x I K (B K) x (v6 (x I (K K z) (B K) x)))))))
B (B x (v12 B (v2 (v30 I v8 x) (x (B S) v5 S S z B)) S (z B (x I K (B K) x (v6 (x I K (B K) x))) (v6 (x I K (B K) x) (x I K (B K) x (v6 (x I K (B K) x)))))))
