z
S
S
B (B z (K S K z (v1 B))) (v20 (z (B I)) z K I S (x (z B) v10 B (S K)) (K (I (B (z (B (v2 K)))) v6 (z (S (K v18 (I B x) x) v4) (z I)) x))) K
B z (K S K z (v1 B)) (v20 (z (B I)) z K I S (x (z B) v10 B (S K)) (K (I (B (z (B (v2 K)))) v6 (z (S (K v18 (I B x) x) v4) (z I)) x)) K)
z (K S K z (v1 B) (v20 (z (B I)) z K I S (x (z B) v10 B (S K)) (K (I (B (z (B (v2 K)))) v6 (z (S (K v18 (I B x) x) v4) (z I)) x)) K))
z (S z (v1 B) (v20 (z (B I)) z K I S (x (z B) v10 B (S K)) (K (I (B (z (B (v2 K)))) v6 (z (S (K v18 (I B x) x) v4) (z I)) x)) K))
z (z (v20 (z (B I)) z K I S (x (z B) v10 B (S K)) (K (I (B (z (B (v2 K)))) v6 (z (S (K v18 (I B x) x) v4) (z I)) x)) K) (v1 B (v20 (z (B I)) z K I S (x (z B) v10 B (S K)) (K (I (B (z (B (v2 K)))) v6 (z (S (K v18 (I B x) x) v4) (z I)) x)) K)))
z (z (v20 (z (B I)) z K I S (x (z B) v10 B (S K)) (K (B (z (B (v2 K))) v6 (z (S (K v18 (I B x) x) v4) (z I)) x)) K) (v1 B (v20 (z (B I)) z K I S (x (z B) v10 B (S K)) (K (I (B (z (B (v2 K)))) v6 (z (S (K v18 (I B x) x) v4) (z I)) x)) K)))
z (z (v20 (z (B I)) z K I S (x (z B) v10 B (S K)) (K (z (B (v2 K)) (v6 (z (S (K v18 (I B x) x) v4) (z I))) x)) K) (v1 B (v20 (z (B I)) z K I S (x (z B) v10 B (S K)) (K (I (B (z (B (v2 K)))) v6 (z (S (K v18 (I B x) x) v4) (z I)) x)) K)))
z (z (v20 (z (B I)) z K I S (x (z B) v10 B (S K)) (K (z (B (v2 K)) (v6 (z (S (v18 x) v4) (z I))) x)) K) (v1 B (v20 (z (B I)) z K I S (x (z B) v10 B (S K)) (K (I (B (z (B (v2 K)))) v6 (z (S (K v18 (I B x) x) v4) (z I)) x)) K)))
z (z (v20 (z (B I)) z K I S (x (z B) v10 B (S K)) (K (z (B (v2 K)) (v6 (z (S (v18 x) v4) (z I))) x)) K) (v1 B (v20 (z (B I)) z K I S (x (z B) v10 B (S K)) (K (B (z (B (v2 K))) v6 (z (S (K v18 (I B x) x) v4) (z I)) x)) K)))
z (z (v20 (z (B I)) z K I S (x (z B) v10 B (S K)) (K (z (B (v2 K)) (v6 (z (S (v18 x) v4) (z I))) x)) K) (v1 B (v20 (z (B I)) z K I S (x (z B) v10 B (S K)) (K (z (B (v2 K)) (v6 (z (S (K v18 (I B x) x) v4) (z I))) x)) K)))
z (z (v20 (z (B I)) z K I S (x (z B) v10 B (S K)) (K (z (B (v2 K)) (v6 (z (S (v18 x) v4) (z I))) x)) K) (v1 B (v20 (z (B I)) z K I S (x (z B) v10 B (S K)) (K (z (B (v2 K)) (v6 (z (S (v18 x) v4) (z I))) x)) K)))
v29
K (v11 I (v4 v16)) (v21 B (z (z (B x) v22 x) (K S) (x v21) z))
v11 I (v4 v16)
B (B S) z v5 (I (B (K (K K (z S I) x) (K (S B)) K))) z (S (S (I (S K B) I) I (v30 K (S (B (v14 I) v1)) v28)))
B S (z v5) (I (B (K (K K (z S I) x) (K (S B)) K))) z (S (S (I (S K B) I) I (v30 K (S (B (v14 I) v1)) v28)))
S (z v5 (I (B (K (K K (z S I) x) (K (S B)) K)))) z (S (S (I (S K B) I) I (v30 K (S (B (v14 I) v1)) v28)))
z v5 (I (B (K (K K (z S I) x) (K (S B)) K))) (S (S (I (S K B) I) I (v30 K (S (B (v14 I) v1)) v28))) (z (S (S (I (S K B) I) I (v30 K (S (B (v14 I) v1)) v28))))
z v5 (B (K (K K (z S I) x) (K (S B)) K)) (S (S (I (S K B) I) I (v30 K (S (B (v14 I) v1)) v28))) (z (S (S (I (S K B) I) I (v30 K (S (B (v14 I) v1)) v28))))
z v5 (B (K K (z S I) x K)) (S (S (I (S K B) I) I (v30 K (S (B (v14 I) v1)) v28))) (z (S (S (I (S K B) I) I (v30 K (S (B (v14 I) v1)) v28))))
z v5 (B (K x K)) (S (S (I (S K B) I) I (v30 K (S (B (v14 I) v1)) v28))) (z (S (S (I (S K B) I) I (v30 K (S (B (v14 I) v1)) v28))))
z v5 (B x) (S (S (I (S K B) I) I (v30 K (S (B (v14 I) v1)) v28))) (z (S (S (I (S K B) I) I (v30 K (S (B (v14 I) v1)) v28))))
z v5 (B x) (S (I (S K B) I (v30 K (S (B (v14 I) v1)) v28) (I (v30 K (S (B (v14 I) v1)) v28)))) (z (S (S (I (S K B) I) I (v30 K (S (B (v14 I) v1)) v28))))
z v5 (B x) (S (S K B I (v30 K (S (B (v14 I) v1)) v28) (I (v30 K (S (B (v14 I) v1)) v28)))) (z (S (S (I (S K B) I) I (v30 K (S (B (v14 I) v1)) v28))))
z v5 (B x) (S (K I (B I) (v30 K (S (B (v14 I) v1)) v28) (I (v30 K (S (B (v14 I) v1)) v28)))) (z (S (S (I (S K B) I) I (v30 K (S (B (v14 I) v1)) v28))))
z v5 (B x) (S (I (v30 K (S (B (v14 I) v1)) v28) (I (v30 K (S (B (v14 I) v1)) v28)))) (z (S (S (I (S K B) I) I (v30 K (S (B (v14 I) v1)) v28))))
z v5 (B x) (S (v30 K (S (B (v14 I) v1)) v28 (I (v30 K (S (B (v14 I) v1)) v28)))) (z (S (S (I (S K B) I) I (v30 K (S (B (v14 I) v1)) v28))))
z v5 (B x) (S (v30 K (S (B (v14 I) v1)) v28 (v30 K (S (B (v14 I) v1)) v28))) (z (S (S (I (S K B) I) I (v30 K (S (B (v14 I) v1)) v28))))
z v5 (B x) (S (v30 K (S (B (v14 I) v1)) v28 (v30 K (S (B (v14 I) v1)) v28))) (z (S (I (S K B) I (v30 K (S (B (v14 I) v1)) v28) (I (v30 K (S (B (v14 I) v1)) v28)))))
z v5 (B x) (S (v30 K (S (B (v14 I) v1)) v28 (v30 K (S (B (v14 I) v1)) v28))) (z (S (S K B I (v30 K (S (B (v14 I) v1)) v28) (I (v30 K (S (B (v14 I) v1)) v28)))))
z v5 (B x) (S (v30 K (S (B (v14 I) v1)) v28 (v30 K (S (B (v14 I) v1)) v28))) (z (S (K I (B I) (v30 K (S (B (v14 I) v1)) v28) (I (v30 K (S (B (v14 I) v1)) v28)))))
z v5 (B x) (S (v30 K (S (B (v14 I) v1)) v28 (v30 K (S (B (v14 I) v1)) v28))) (z (S (I (v30 K (S (B (v14 I) v1)) v28) (I (v30 K (S (B (v14 I) v1)) v28)))))
z v5 (B x) (S (v30 K (S (B (v14 I) v1)) v28 (v30 K (S (B (v14 I) v1)) v28))) (z (S (v30 K (S (B (v14 I) v1)) v28 (I (v30 K (S (B (v14 I) v1)) v28)))))
z v5 (B x) (S (v30 K (S (B (v14 I) v1)) v28 (v30 K (S (B (v14 I) v1)) v28))) (z (S (v30 K (S (B (v14 I) v1)) v28 (v30 K (S (B (v14 I) v1)) v28))))
x B (v15 K B S (I (v17 K z)) (K (K (K (x x (K (B (B x))) (z (v6 I (B v1)))))) x) (B B z)) (S v23 I (I (K (z B (S S) K (x (K I))) (v19 (I B v30 (z (z x) (v20 K)) (z (v27 (x (B z)))))))))
x B (v15 K B S (v17 K z) (K (K (K (x x (K (B (B x))) (z (v6 I (B v1)))))) x) (B B z)) (S v23 I (I (K (z B (S S) K (x (K I))) (v19 (I B v30 (z (z x) (v20 K)) (z (v27 (x (B z)))))))))
x B (v15 K B S (v17 K z) (K (K (x x (K (B (B x))) (z (v6 I (B v1)))))) (B B z)) (S v23 I (I (K (z B (S S) K (x (K I))) (v19 (I B v30 (z (z x) (v20 K)) (z (v27 (x (B z)))))))))
x B (v15 K B S (v17 K z) (K (K (x x (K (B (B x))) (z (v6 I (B v1)))))) (B B z)) (v23 (I (K (z B (S S) K (x (K I))) (v19 (I B v30 (z (z x) (v20 K)) (z (v27 (x (B z)))))))) (I (I (K (z B (S S) K (x (K I))) (v19 (I B v30 (z (z x) (v20 K)) (z (v27 (x (B z))))))))))
x B (v15 K B S (v17 K z) (K (K (x x (K (B (B x))) (z (v6 I (B v1)))))) (B B z)) (v23 (K (z B (S S) K (x (K I))) (v19 (I B v30 (z (z x) (v20 K)) (z (v27 (x (B z))))))) (I (I (K (z B (S S) K (x (K I))) (v19 (I B v30 (z (z x) (v20 K)) (z (v27 (x (B z))))))))))
x B (v15 K B S (v17 K z) (K (K (x x (K (B (B x))) (z (v6 I (B v1)))))) (B B z)) (v23 (z B (S S) K (x (K I))) (I (I (K (z B (S S) K (x (K I))) (v19 (I B v30 (z (z x) (v20 K)) (z (v27 (x (B z))))))))))
x B (v15 K B S (v17 K z) (K (K (x x (K (B (B x))) (z (v6 I (B v1)))))) (B B z)) (v23 (z B (S S) K (x (K I))) (I (K (z B (S S) K (x (K I))) (v19 (I B v30 (z (z x) (v20 K)) (z (v27 (x (B z)))))))))
x B (v15 K B S (v17 K z) (K (K (x x (K (B (B x))) (z (v6 I (B v1)))))) (B B z)) (v23 (z B (S S) K (x (K I))) (K (z B (S S) K (x (K I))) (v19 (I B v30 (z (z x) (v20 K)) (z (v27 (x (B z))))))))
x B (v15 K B S (v17 K z) (K (K (x x (K (B (B x))) (z (v6 I (B v1)))))) (B B z)) (v23 (z B (S S) K (x (K I))) (z B (S S) K (x (K I))))
I (S v25 (K (K S v13) v10)) (z (B x v18) (v29 z) (z (K (B B)) (I z I)) x I I) (v4 (K B (z K) S) (z K) (K (x I)))
S v25 (K (K S v13) v10) (z (B x v18) (v29 z) (z (K (B B)) (I z I)) x I I) (v4 (K B (z K) S) (z K) (K (x I)))
v25 (z (B x v18) (v29 z) (z (K (B B)) (I z I)) x I I) (K (K S v13) v10 (z (B x v18) (v29 z) (z (K (B B)) (I z I)) x I I)) (v4 (K B (z K) S) (z K) (K (x I)))
v25 (z (B x v18) (v29 z) (z (K (B B)) (z I)) x I I) (K (K S v13) v10 (z (B x v18) (v29 z) (z (K (B B)) (I z I)) x I I)) (v4 (K B (z K) S) (z K) (K (x I)))
v25 (z (B x v18) (v29 z) (z (K (B B)) (z I)) x I I) (K S v13 (z (B x v18) (v29 z) (z (K (B B)) (I z I)) x I I)) (v4 (K B (z K) S) (z K) (K (x I)))
v25 (z (B x v18) (v29 z) (z (K (B B)) (z I)) x I I) (S (z (B x v18) (v29 z) (z (K (B B)) (I z I)) x I I)) (v4 (K B (z K) S) (z K) (K (x I)))
v25 (z (B x v18) (v29 z) (z (K (B B)) (z I)) x I I) (S (z (B x v18) (v29 z) (z (K (B B)) (z I)) x I I)) (v4 (K B (z K) S) (z K) (K (x I)))
v25 (z (B x v18) (v29 z) (z (K (B B)) (z I)) x I I) (S (z (B x v18) (v29 z) (z (K (B B)) (z I)) x I I)) (v4 (B S) (z K) (K (x I)))
B (v10 (z (K K (I (S I (v11 I) x))) (x K (S x) B I (z (K (I (K x))) v29 z I))))
B (v10 (z K (x K (S x) B I (z (K (I (K x))) v29 z I))))
B (v10 (z K (x K (S x) B I (z (K (K x)) v29 z I))))
