I
B (S (S (v15 x (I K) v28 z))) (I (I (S x)) (v4 (x z (x (v27 (S S)))) x v13)) (z (x B)) z (v23 B S) (z (K B (B (B (B B B)) (x (S K)))) S)
S (S (v15 x (I K) v28 z)) (I (I (S x)) (v4 (x z (x (v27 (S S)))) x v13) (z (x B))) z (v23 B S) (z (K B (B (B (B B B)) (x (S K)))) S)
S (v15 x (I K) v28 z) z (I (I (S x)) (v4 (x z (x (v27 (S S)))) x v13) (z (x B)) z) (v23 B S) (z (K B (B (B (B B B)) (x (S K)))) S)
v15 x (I K) v28 z (I (I (S x)) (v4 (x z (x (v27 (S S)))) x v13) (z (x B)) z) (z (I (I (S x)) (v4 (x z (x (v27 (S S)))) x v13) (z (x B)) z)) (v23 B S) (z (K B (B (B (B B B)) (x (S K)))) S)
v15 x K v28 z (I (I (S x)) (v4 (x z (x (v27 (S S)))) x v13) (z (x B)) z) (z (I (I (S x)) (v4 (x z (x (v27 (S S)))) x v13) (z (x B)) z)) (v23 B S) (z (K B (B (B (B B B)) (x (S K)))) S)
v15 x K v28 z (I (S x) (v4 (x z (x (v27 (S S)))) x v13) (z (x B)) z) (z (I (I (S x)) (v4 (x z (x (v27 (S S)))) x v13) (z (x B)) z)) (v23 B S) (z (K B (B (B (B B B)) (x (S K)))) S)
v15 x K v28 z (S x (v4 (x z (x (v27 (S S)))) x v13) (z (x B)) z) (z (I (I (S x)) (v4 (x z (x (v27 (S S)))) x v13) (z (x B)) z)) (v23 B S) (z (K B (B (B (B B B)) (x (S K)))) S)
v15 x K v28 z (x (z (x B)) (v4 (x z (x (v27 (S S)))) x v13 (z (x B))) z) (z (I (I (S x)) (v4 (x z (x (v27 (S S)))) x v13) (z (x B)) z)) (v23 B S) (z (K B (B (B (B B B)) (x (S K)))) S)
v15 x K v28 z (x (z (x B)) (v4 (x z (x (v27 (S S)))) x v13 (z (x B))) z) (z (I (S x) (v4 (x z (x (v27 (S S)))) x v13) (z (x B)) z)) (v23 B S) (z (K B (B (B (B B B)) (x (S K)))) S)
v15 x K v28 z (x (z (x B)) (v4 (x z (x (v27 (S S)))) x v13 (z (x B))) z) (z (S x (v4 (x z (x (v27 (S S)))) x v13) (z (x B)) z)) (v23 B S) (z (K B (B (B (B B B)) (x (S K)))) S)
v15 x K v28 z (x (z (x B)) (v4 (x z (x (v27 (S S)))) x v13 (z (x B))) z) (z (x (z (x B)) (v4 (x z (x (v27 (S S)))) x v13 (z (x B))) z)) (v23 B S) (z (K B (B (B (B B B)) (x (S K)))) S)
v15 x K v28 z (x (z (x B)) (v4 (x z (x (v27 (S S)))) x v13 (z (x B))) z) (z (x (z (x B)) (v4 (x z (x (v27 (S S)))) x v13 (z (x B))) z)) (v23 B S) (z B S)
z K (x (B x (K (I (v24 (B I K)) (v8 S) S))))
z K (x (B x (K (v24 (B I K) (v8 S) S))))
I (z K (v20 (I (z (z v5 v10)) (v20 (B (x (K v3))) (K B I S)) (z (K S) (S K))) (v29 B))) (I (x (x (x K (v27 (B z v6)))) v17 (K (z B (S (B (S (I K) x))) x) (I B) (v6 x) I)) (K (I S S I)))
z K (v20 (I (z (z v5 v10)) (v20 (B (x (K v3))) (K B I S)) (z (K S) (S K))) (v29 B)) (I (x (x (x K (v27 (B z v6)))) v17 (K (z B (S (B (S (I K) x))) x) (I B) (v6 x) I)) (K (I S S I)))
z K (v20 (z (z v5 v10) (v20 (B (x (K v3))) (K B I S)) (z (K S) (S K))) (v29 B)) (I (x (x (x K (v27 (B z v6)))) v17 (K (z B (S (B (S (I K) x))) x) (I B) (v6 x) I)) (K (I S S I)))
z K (v20 (z (z v5 v10) (v20 (B (x (K v3))) (B S)) (z (K S) (S K))) (v29 B)) (I (x (x (x K (v27 (B z v6)))) v17 (K (z B (S (B (S (I K) x))) x) (I B) (v6 x) I)) (K (I S S I)))
z K (v20 (z (z v5 v10) (v20 (B (x (K v3))) (B S)) (z (K S) (S K))) (v29 B)) (x (x (x K (v27 (B z v6)))) v17 (K (z B (S (B (S (I K) x))) x) (I B) (v6 x) I) (K (I S S I)))
z K (v20 (z (z v5 v10) (v20 (B (x (K v3))) (B S)) (z (K S) (S K))) (v29 B)) (x (x (x K (v27 (B z v6)))) v17 (z B (S (B (S (I K) x))) x (v6 x) I) (K (I S S I)))
z K (v20 (z (z v5 v10) (v20 (B (x (K v3))) (B S)) (z (K S) (S K))) (v29 B)) (x (x (x K (v27 (B z v6)))) v17 (z B (S (B (S K x))) x (v6 x) I) (K (I S S I)))
z K (v20 (z (z v5 v10) (v20 (B (x (K v3))) (B S)) (z (K S) (S K))) (v29 B)) (x (x (x K (v27 (B z v6)))) v17 (z B (S (B (S K x))) x (v6 x) I) (K (S S I)))
B B (S (K (v15 (B I) B)) I) v28 (x (S (I K S))) (z v9 v5 z x)
B (S (K (v15 (B I) B)) I v28) (x (S (I K S))) (z v9 v5 z x)
S (K (v15 (B I) B)) I v28 (x (S (I K S)) (z v9 v5 z x))
K (v15 (B I) B) v28 (I v28) (x (S (I K S)) (z v9 v5 z x))
v15 (B I) B (I v28) (x (S (I K S)) (z v9 v5 z x))
v15 (B I) B v28 (x (S (I K S)) (z v9 v5 z x))
v15 (B I) B v28 (x (S (K S)) (z v9 v5 z x))
B
B z
v26 (x S) (S (K (x (B S))) v7) S (S B (I v0 x I B) (z I B (x (x B) z K) v27 (I (v9 I)) S (z (z z z K))) K) (I (B x K (v25 (v30 B)) K B x z) (x x (S (z (K B) (B (z B I))))))
v26 (x S) (S (K (x (B S))) v7) S (B (z I B (x (x B) z K) v27 (I (v9 I)) S (z (z z z K))) (I v0 x I B (z I B (x (x B) z K) v27 (I (v9 I)) S (z (z z z K)))) K) (I (B x K (v25 (v30 B)) K B x z) (x x (S (z (K B) (B (z B I))))))
v26 (x S) (S (K (x (B S))) v7) S (z I B (x (x B) z K) v27 (I (v9 I)) S (z (z z z K)) (I v0 x I B (z I B (x (x B) z K) v27 (I (v9 I)) S (z (z z z K))) K)) (I (B x K (v25 (v30 B)) K B x z) (x x (S (z (K B) (B (z B I))))))
v26 (x S) (S (K (x (B S))) v7) S (z I B (x (x B) z K) v27 (v9 I) S (z (z z z K)) (I v0 x I B (z I B (x (x B) z K) v27 (I (v9 I)) S (z (z z z K))) K)) (I (B x K (v25 (v30 B)) K B x z) (x x (S (z (K B) (B (z B I))))))
v26 (x S) (S (K (x (B S))) v7) S (z I B (x (x B) z K) v27 (v9 I) S (z (z z z K)) (v0 x I B (z I B (x (x B) z K) v27 (I (v9 I)) S (z (z z z K))) K)) (I (B x K (v25 (v30 B)) K B x z) (x x (S (z (K B) (B (z B I))))))
v26 (x S) (S (K (x (B S))) v7) S (z I B (x (x B) z K) v27 (v9 I) S (z (z z z K)) (v0 x I B (z I B (x (x B) z K) v27 (v9 I) S (z (z z z K))) K)) (I (B x K (v25 (v30 B)) K B x z) (x x (S (z (K B) (B (z B I))))))
v26 (x S) (S (K (x (B S))) v7) S (z I B (x (x B) z K) v27 (v9 I) S (z (z z z K)) (v0 x I B (z I B (x (x B) z K) v27 (v9 I) S (z (z z z K))) K)) (B x K (v25 (v30 B)) K B x z (x x (S (z (K B) (B (z B I))))))
v26 (x S) (S (K (x (B S))) v7) S (z I B (x (x B) z K) v27 (v9 I) S (z (z z z K)) (v0 x I B (z I B (x (x B) z K) v27 (v9 I) S (z (z z z K))) K)) (x (K (v25 (v30 B))) K B x z (x x (S (z (K B) (B (z B I))))))
S z (S (x (x (I S)) z (B K (v16 z K)) S (x (I (S (K v15) (S v16) K v30 S) S) (I v25 I S)) z))
S z (S (x (x S) z (B K (v16 z K)) S (x (I (S (K v15) (S v16) K v30 S) S) (I v25 I S)) z))
S z (S (x (x S) z (B K (v16 z K)) S (x (S (K v15) (S v16) K v30 S S) (I v25 I S)) z))
S z (S (x (x S) z (B K (v16 z K)) S (x (K v15 K (S v16 K) v30 S S) (I v25 I S)) z))
S z (S (x (x S) z (B K (v16 z K)) S (x (v15 (S v16 K) v30 S S) (I v25 I S)) z))
S z (S (x (x S) z (B K (v16 z K)) S (x (v15 (S v16 K) v30 S S) (v25 I S)) z))
v5 (x B (z (K (K (B S)) z (B (v8 v18) (S (I (S K B x)) I)) (v29 (v10 K (I v19))))) (B v14 z (K (I K)) v19 I (z S) (B x v17 z v25 (S z (x z I))) K)) (x (K v0 z (z (S (K x I) B x)) (I (K (v28 (I I) I) (I (S (K (x v24 v25) K)) B)))))
v5 (x B (z (K (B S) (B (v8 v18) (S (I (S K B x)) I)) (v29 (v10 K (I v19))))) (B v14 z (K (I K)) v19 I (z S) (B x v17 z v25 (S z (x z I))) K)) (x (K v0 z (z (S (K x I) B x)) (I (K (v28 (I I) I) (I (S (K (x v24 v25) K)) B)))))
v5 (x B (z (B S (v29 (v10 K (I v19))))) (B v14 z (K (I K)) v19 I (z S) (B x v17 z v25 (S z (x z I))) K)) (x (K v0 z (z (S (K x I) B x)) (I (K (v28 (I I) I) (I (S (K (x v24 v25) K)) B)))))
v5 (x B (z (B S (v29 (v10 K v19)))) (B v14 z (K (I K)) v19 I (z S) (B x v17 z v25 (S z (x z I))) K)) (x (K v0 z (z (S (K x I) B x)) (I (K (v28 (I I) I) (I (S (K (x v24 v25) K)) B)))))
v5 (x B (z (B S (v29 (v10 K v19)))) (v14 (z (K (I K))) v19 I (z S) (B x v17 z v25 (S z (x z I))) K)) (x (K v0 z (z (S (K x I) B x)) (I (K (v28 (I I) I) (I (S (K (x v24 v25) K)) B)))))
v5 (x B (z (B S (v29 (v10 K v19)))) (v14 (z (K K)) v19 I (z S) (B x v17 z v25 (S z (x z I))) K)) (x (K v0 z (z (S (K x I) B x)) (I (K (v28 (I I) I) (I (S (K (x v24 v25) K)) B)))))
v5 (x B (z (B S (v29 (v10 K v19)))) (v14 (z (K K)) v19 I (z S) (x (v17 z) v25 (S z (x z I))) K)) (x (K v0 z (z (S (K x I) B x)) (I (K (v28 (I I) I) (I (S (K (x v24 v25) K)) B)))))
v5 (x B (z (B S (v29 (v10 K v19)))) (v14 (z (K K)) v19 I (z S) (x (v17 z) v25 (S z (x z I))) K)) (x (v0 (z (S (K x I) B x)) (I (K (v28 (I I) I) (I (S (K (x v24 v25) K)) B)))))
v5 (x B (z (B S (v29 (v10 K v19)))) (v14 (z (K K)) v19 I (z S) (x (v17 z) v25 (S z (x z I))) K)) (x (v0 (z (K x I x (B x))) (I (K (v28 (I I) I) (I (S (K (x v24 v25) K)) B)))))
v5 (x B (z (B S (v29 (v10 K v19)))) (v14 (z (K K)) v19 I (z S) (x (v17 z) v25 (S z (x z I))) K)) (x (v0 (z (x x (B x))) (I (K (v28 (I I) I) (I (S (K (x v24 v25) K)) B)))))
v5 (x B (z (B S (v29 (v10 K v19)))) (v14 (z (K K)) v19 I (z S) (x (v17 z) v25 (S z (x z I))) K)) (x (v0 (z (x x (B x))) (K (v28 (I I) I) (I (S (K (x v24 v25) K)) B))))
v5 (x B (z (B S (v29 (v10 K v19)))) (v14 (z (K K)) v19 I (z S) (x (v17 z) v25 (S z (x z I))) K)) (x (v0 (z (x x (B x))) (v28 (I I) I)))
v5 (x B (z (B S (v29 (v10 K v19)))) (v14 (z (K K)) v19 I (z S) (x (v17 z) v25 (S z (x z I))) K)) (x (v0 (z (x x (B x))) (v28 I I)))
