x v7 (I (z S x (B I))) (S (v10 S z) S (I (v11 x v27))) (S B) (v8 B) (K (z S (z z S) (K (B S (K v15) (K v10) (x x) S B)))) (K (z K v7) (K (I I)) (S (B I I) S v12) S)
x v7 (z S x (B I)) (S (v10 S z) S (I (v11 x v27))) (S B) (v8 B) (K (z S (z z S) (K (B S (K v15) (K v10) (x x) S B)))) (K (z K v7) (K (I I)) (S (B I I) S v12) S)
x v7 (z S x (B I)) (v10 S z (I (v11 x v27)) (S (I (v11 x v27)))) (S B) (v8 B) (K (z S (z z S) (K (B S (K v15) (K v10) (x x) S B)))) (K (z K v7) (K (I I)) (S (B I I) S v12) S)
x v7 (z S x (B I)) (v10 S z (v11 x v27) (S (I (v11 x v27)))) (S B) (v8 B) (K (z S (z z S) (K (B S (K v15) (K v10) (x x) S B)))) (K (z K v7) (K (I I)) (S (B I I) S v12) S)
x v7 (z S x (B I)) (v10 S z (v11 x v27) (S (v11 x v27))) (S B) (v8 B) (K (z S (z z S) (K (B S (K v15) (K v10) (x x) S B)))) (K (z K v7) (K (I I)) (S (B I I) S v12) S)
x v7 (z S x (B I)) (v10 S z (v11 x v27) (S (v11 x v27))) (S B) (v8 B) (K (z S (z z S) (K (S (K v15 (K v10)) (x x) S B)))) (K (z K v7) (K (I I)) (S (B I I) S v12) S)
x v7 (z S x (B I)) (v10 S z (v11 x v27) (S (v11 x v27))) (S B) (v8 B) (K (z S (z z S) (K (K v15 (K v10) S (x x S) B)))) (K (z K v7) (K (I I)) (S (B I I) S v12) S)
x v7 (z S x (B I)) (v10 S z (v11 x v27) (S (v11 x v27))) (S B) (v8 B) (K (z S (z z S) (K (v15 S (x x S) B)))) (K (z K v7) (K (I I)) (S (B I I) S v12) S)
x v7 (z S x (B I)) (v10 S z (v11 x v27) (S (v11 x v27))) (S B) (v8 B) (K (z S (z z S) (K (v15 S (x x S) B)))) (z K v7 (S (B I I) S v12) S)
x v7 (z S x (B I)) (v10 S z (v11 x v27) (S (v11 x v27))) (S B) (v8 B) (K (z S (z z S) (K (v15 S (x x S) B)))) (z K v7 (B I I v12 (S v12)) S)
x v7 (z S x (B I)) (v10 S z (v11 x v27) (S (v11 x v27))) (S B) (v8 B) (K (z S (z z S) (K (v15 S (x x S) B)))) (z K v7 (I (I v12) (S v12)) S)
x v7 (z S x (B I)) (v10 S z (v11 x v27) (S (v11 x v27))) (S B) (v8 B) (K (z S (z z S) (K (v15 S (x x S) B)))) (z K v7 (I v12 (S v12)) S)
x v7 (z S x (B I)) (v10 S z (v11 x v27) (S (v11 x v27))) (S B) (v8 B) (K (z S (z z S) (K (v15 S (x x S) B)))) (z K v7 (v12 (S v12)) S)
S (I I) x
S I x
B (B I (K I K))
B (B I I)
I z I v29 (S x x) S
z I v29 (S x x) S
v2
B (B S) z (I I I v24 (x S)) (I (I S (S B)) (I v5 (v0 x) B (S (x x))))
B S (z (I I I v24 (x S))) (I (I S (S B)) (I v5 (v0 x) B (S (x x))))
S (z (I I I v24 (x S)) (I (I S (S B)) (I v5 (v0 x) B (S (x x)))))
S (z (I I v24 (x S)) (I (I S (S B)) (I v5 (v0 x) B (S (x x)))))
S (z (I v24 (x S)) (I (I S (S B)) (I v5 (v0 x) B (S (x x)))))
S (z (v24 (x S)) (I (I S (S B)) (I v5 (v0 x) B (S (x x)))))
S (z (v24 (x S)) (I S (S B) (I v5 (v0 x) B (S (x x)))))
S (z (v24 (x S)) (S (S B) (I v5 (v0 x) B (S (x x)))))
S (z (v24 (x S)) (S (S B) (v5 (v0 x) B (S (x x)))))
S (x (v18 z) (v14 (v14 I) (z v3 (B (K I))) x)) (K (S (z I (I (B (S (K S) (z K) S)))) I) (z x (S S K) (I (B (x K I))) (B (x I v5) z) z) (I (S (x K)) (S x (v12 v5) v9 v26 (K (B B)) I)))
S (x (v18 z) (v14 (v14 I) (z v3 (B (K I))) x)) (S (z I (I (B (S (K S) (z K) S)))) I (I (S (x K)) (S x (v12 v5) v9 v26 (K (B B)) I)))
S (x (v18 z) (v14 (v14 I) (z v3 (B (K I))) x)) (z I (I (B (S (K S) (z K) S))) (I (S (x K)) (S x (v12 v5) v9 v26 (K (B B)) I)) (I (I (S (x K)) (S x (v12 v5) v9 v26 (K (B B)) I))))
S (x (v18 z) (v14 (v14 I) (z v3 (B (K I))) x)) (z I (B (S (K S) (z K) S)) (I (S (x K)) (S x (v12 v5) v9 v26 (K (B B)) I)) (I (I (S (x K)) (S x (v12 v5) v9 v26 (K (B B)) I))))
S (x (v18 z) (v14 (v14 I) (z v3 (B (K I))) x)) (z I (B (K S S (z K S))) (I (S (x K)) (S x (v12 v5) v9 v26 (K (B B)) I)) (I (I (S (x K)) (S x (v12 v5) v9 v26 (K (B B)) I))))
S (x (v18 z) (v14 (v14 I) (z v3 (B (K I))) x)) (z I (B (S (z K S))) (I (S (x K)) (S x (v12 v5) v9 v26 (K (B B)) I)) (I (I (S (x K)) (S x (v12 v5) v9 v26 (K (B B)) I))))
S (x (v18 z) (v14 (v14 I) (z v3 (B (K I))) x)) (z I (B (S (z K S))) (S (x K) (S x (v12 v5) v9 v26 (K (B B)) I)) (I (I (S (x K)) (S x (v12 v5) v9 v26 (K (B B)) I))))
S (x (v18 z) (v14 (v14 I) (z v3 (B (K I))) x)) (z I (B (S (z K S))) (S (x K) (x v9 (v12 v5 v9) v26 (K (B B)) I)) (I (I (S (x K)) (S x (v12 v5) v9 v26 (K (B B)) I))))
S (x (v18 z) (v14 (v14 I) (z v3 (B (K I))) x)) (z I (B (S (z K S))) (S (x K) (x v9 (v12 v5 v9) v26 (K (B B)) I)) (I (S (x K)) (S x (v12 v5) v9 v26 (K (B B)) I)))
S (x (v18 z) (v14 (v14 I) (z v3 (B (K I))) x)) (z I (B (S (z K S))) (S (x K) (x v9 (v12 v5 v9) v26 (K (B B)) I)) (S (x K) (S x (v12 v5) v9 v26 (K (B B)) I)))
S (x (v18 z) (v14 (v14 I) (z v3 (B (K I))) x)) (z I (B (S (z K S))) (S (x K) (x v9 (v12 v5 v9) v26 (K (B B)) I)) (S (x K) (x v9 (v12 v5 v9) v26 (K (B B)) I)))
I (I (B S)) (S (v12 I S) z (x (B (S B I B S) S) K)) (K B (S (S (B B))) (z v18) (v9 S B z (B z) K) (I (K z (I K (v29 (x (B I (v26 v6)) K) (v19 (v25 x) v11 (x (x v20) S)))))))
I (B S) (S (v12 I S) z (x (B (S B I B S) S) K)) (K B (S (S (B B))) (z v18) (v9 S B z (B z) K) (I (K z (I K (v29 (x (B I (v26 v6)) K) (v19 (v25 x) v11 (x (x v20) S)))))))
B S (S (v12 I S) z (x (B (S B I B S) S) K)) (K B (S (S (B B))) (z v18) (v9 S B z (B z) K) (I (K z (I K (v29 (x (B I (v26 v6)) K) (v19 (v25 x) v11 (x (x v20) S)))))))
S (S (v12 I S) z (x (B (S B I B S) S) K) (K B (S (S (B B))) (z v18) (v9 S B z (B z) K) (I (K z (I K (v29 (x (B I (v26 v6)) K) (v19 (v25 x) v11 (x (x v20) S))))))))
S (v12 I S (x (B (S B I B S) S) K) (z (x (B (S B I B S) S) K)) (K B (S (S (B B))) (z v18) (v9 S B z (B z) K) (I (K z (I K (v29 (x (B I (v26 v6)) K) (v19 (v25 x) v11 (x (x v20) S))))))))
S (v12 I S (x (B (B B (I B) S) S) K) (z (x (B (S B I B S) S) K)) (K B (S (S (B B))) (z v18) (v9 S B z (B z) K) (I (K z (I K (v29 (x (B I (v26 v6)) K) (v19 (v25 x) v11 (x (x v20) S))))))))
S (v12 I S (x (B (B (I B S)) S) K) (z (x (B (S B I B S) S) K)) (K B (S (S (B B))) (z v18) (v9 S B z (B z) K) (I (K z (I K (v29 (x (B I (v26 v6)) K) (v19 (v25 x) v11 (x (x v20) S))))))))
S (v12 I S (x (B (B (B S)) S) K) (z (x (B (S B I B S) S) K)) (K B (S (S (B B))) (z v18) (v9 S B z (B z) K) (I (K z (I K (v29 (x (B I (v26 v6)) K) (v19 (v25 x) v11 (x (x v20) S))))))))
S (v12 I S (x (B (B (B S)) S) K) (z (x (B (B B (I B) S) S) K)) (K B (S (S (B B))) (z v18) (v9 S B z (B z) K) (I (K z (I K (v29 (x (B I (v26 v6)) K) (v19 (v25 x) v11 (x (x v20) S))))))))
S (v12 I S (x (B (B (B S)) S) K) (z (x (B (B (I B S)) S) K)) (K B (S (S (B B))) (z v18) (v9 S B z (B z) K) (I (K z (I K (v29 (x (B I (v26 v6)) K) (v19 (v25 x) v11 (x (x v20) S))))))))
S (v12 I S (x (B (B (B S)) S) K) (z (x (B (B (B S)) S) K)) (K B (S (S (B B))) (z v18) (v9 S B z (B z) K) (I (K z (I K (v29 (x (B I (v26 v6)) K) (v19 (v25 x) v11 (x (x v20) S))))))))
S (v12 I S (x (B (B (B S)) S) K) (z (x (B (B (B S)) S) K)) (B (z v18) (v9 S B z (B z) K) (I (K z (I K (v29 (x (B I (v26 v6)) K) (v19 (v25 x) v11 (x (x v20) S))))))))
S (v12 I S (x (B (B (B S)) S) K) (z (x (B (B (B S)) S) K)) (z v18 (v9 S B z (B z) K (I (K z (I K (v29 (x (B I (v26 v6)) K) (v19 (v25 x) v11 (x (x v20) S)))))))))
S (v12 I S (x (B (B (B S)) S) K) (z (x (B (B (B S)) S) K)) (z v18 (v9 S B z (B z) K (K z (I K (v29 (x (B I (v26 v6)) K) (v19 (v25 x) v11 (x (x v20) S))))))))
S (v12 I S (x (B (B (B S)) S) K) (z (x (B (B (B S)) S) K)) (z v18 (v9 S B z (B z) K z)))
v16 K (I I)
v16 K I
S
