I (v27 (S I) v17) I I (z (v24 z v12) (B (x v28)))
v27 (S I) v17 I I (z (v24 z v12) (B (x v28)))
v26
I (I K) x (B (I (S I)) v6) (z K) (z B) (K (v12 (x v22) (z (K (B v29))))) (I I) (K (x z) B (x (v4 (z (B (S (v23 z))) (B (S (B z))) (K (S z) K) S)) B (I K)) (I v30))
I K x (B (I (S I)) v6) (z K) (z B) (K (v12 (x v22) (z (K (B v29))))) (I I) (K (x z) B (x (v4 (z (B (S (v23 z))) (B (S (B z))) (K (S z) K) S)) B (I K)) (I v30))
K x (B (I (S I)) v6) (z K) (z B) (K (v12 (x v22) (z (K (B v29))))) (I I) (K (x z) B (x (v4 (z (B (S (v23 z))) (B (S (B z))) (K (S z) K) S)) B (I K)) (I v30))
x (z K) (z B) (K (v12 (x v22) (z (K (B v29))))) (I I) (K (x z) B (x (v4 (z (B (S (v23 z))) (B (S (B z))) (K (S z) K) S)) B (I K)) (I v30))
x (z K) (z B) (K (v12 (x v22) (z (K (B v29))))) I (K (x z) B (x (v4 (z (B (S (v23 z))) (B (S (B z))) (K (S z) K) S)) B (I K)) (I v30))
x (z K) (z B) (K (v12 (x v22) (z (K (B v29))))) I (x z (x (v4 (z (B (S (v23 z))) (B (S (B z))) (K (S z) K) S)) B (I K)) (I v30))
x (z K) (z B) (K (v12 (x v22) (z (K (B v29))))) I (x z (x (v4 (z (B (S (v23 z))) (B (S (B z))) (S z) S)) B (I K)) (I v30))
x (z K) (z B) (K (v12 (x v22) (z (K (B v29))))) I (x z (x (v4 (z (B (S (v23 z))) (B (S (B z))) (S z) S)) B K) (I v30))
x (z K) (z B) (K (v12 (x v22) (z (K (B v29))))) I (x z (x (v4 (z (B (S (v23 z))) (B (S (B z))) (S z) S)) B K) v30)
S v7 (x (z (v14 S (z (B K S)))) z (S (v29 (K I) (K (v23 (K (z S S))) (z (x (I z)) I z (K (S v14) I (S z))))) I) v2) (v1 z B (x B) v18 (x (S (I (S (K x (K z) x x) z) z)) (B B (z z z) B B))) (K (K S K (x (K (B B I I) I)) (v11 (K (B I) (v28 (K (K (I S) (S x)) K))) (K (I I (S K)) (z S) (S K) z))) (z z))
v7 (v1 z B (x B) v18 (x (S (I (S (K x (K z) x x) z) z)) (B B (z z z) B B))) (x (z (v14 S (z (B K S)))) z (S (v29 (K I) (K (v23 (K (z S S))) (z (x (I z)) I z (K (S v14) I (S z))))) I) v2 (v1 z B (x B) v18 (x (S (I (S (K x (K z) x x) z) z)) (B B (z z z) B B)))) (K (K S K (x (K (B B I I) I)) (v11 (K (B I) (v28 (K (K (I S) (S x)) K))) (K (I I (S K)) (z S) (S K) z))) (z z))
v7 (v1 z B (x B) v18 (x (S (S (K x (K z) x x) z z)) (B B (z z z) B B))) (x (z (v14 S (z (B K S)))) z (S (v29 (K I) (K (v23 (K (z S S))) (z (x (I z)) I z (K (S v14) I (S z))))) I) v2 (v1 z B (x B) v18 (x (S (I (S (K x (K z) x x) z) z)) (B B (z z z) B B)))) (K (K S K (x (K (B B I I) I)) (v11 (K (B I) (v28 (K (K (I S) (S x)) K))) (K (I I (S K)) (z S) (S K) z))) (z z))
v7 (v1 z B (x B) v18 (x (S (K x (K z) x x z (z z))) (B B (z z z) B B))) (x (z (v14 S (z (B K S)))) z (S (v29 (K I) (K (v23 (K (z S S))) (z (x (I z)) I z (K (S v14) I (S z))))) I) v2 (v1 z B (x B) v18 (x (S (I (S (K x (K z) x x) z) z)) (B B (z z z) B B)))) (K (K S K (x (K (B B I I) I)) (v11 (K (B I) (v28 (K (K (I S) (S x)) K))) (K (I I (S K)) (z S) (S K) z))) (z z))
v7 (v1 z B (x B) v18 (x (S (x x x z (z z))) (B B (z z z) B B))) (x (z (v14 S (z (B K S)))) z (S (v29 (K I) (K (v23 (K (z S S))) (z (x (I z)) I z (K (S v14) I (S z))))) I) v2 (v1 z B (x B) v18 (x (S (I (S (K x (K z) x x) z) z)) (B B (z z z) B B)))) (K (K S K (x (K (B B I I) I)) (v11 (K (B I) (v28 (K (K (I S) (S x)) K))) (K (I I (S K)) (z S) (S K) z))) (z z))
v7 (v1 z B (x B) v18 (x (S (x x x z (z z))) (B (z z z B) B))) (x (z (v14 S (z (B K S)))) z (S (v29 (K I) (K (v23 (K (z S S))) (z (x (I z)) I z (K (S v14) I (S z))))) I) v2 (v1 z B (x B) v18 (x (S (I (S (K x (K z) x x) z) z)) (B B (z z z) B B)))) (K (K S K (x (K (B B I I) I)) (v11 (K (B I) (v28 (K (K (I S) (S x)) K))) (K (I I (S K)) (z S) (S K) z))) (z z))
v7 (v1 z B (x B) v18 (x (S (x x x z (z z))) (B (z z z B) B))) (x (z (v14 S (z (B K S)))) z (S (v29 (K I) (v23 (K (z S S)))) I) v2 (v1 z B (x B) v18 (x (S (I (S (K x (K z) x x) z) z)) (B B (z z z) B B)))) (K (K S K (x (K (B B I I) I)) (v11 (K (B I) (v28 (K (K (I S) (S x)) K))) (K (I I (S K)) (z S) (S K) z))) (z z))
v7 (v1 z B (x B) v18 (x (S (x x x z (z z))) (B (z z z B) B))) (x (z (v14 S (z (B K S)))) z (S (v29 (K I) (v23 (K (z S S)))) I) v2 (v1 z B (x B) v18 (x (S (S (K x (K z) x x) z z)) (B B (z z z) B B)))) (K (K S K (x (K (B B I I) I)) (v11 (K (B I) (v28 (K (K (I S) (S x)) K))) (K (I I (S K)) (z S) (S K) z))) (z z))
v7 (v1 z B (x B) v18 (x (S (x x x z (z z))) (B (z z z B) B))) (x (z (v14 S (z (B K S)))) z (S (v29 (K I) (v23 (K (z S S)))) I) v2 (v1 z B (x B) v18 (x (S (K x (K z) x x z (z z))) (B B (z z z) B B)))) (K (K S K (x (K (B B I I) I)) (v11 (K (B I) (v28 (K (K (I S) (S x)) K))) (K (I I (S K)) (z S) (S K) z))) (z z))
v7 (v1 z B (x B) v18 (x (S (x x x z (z z))) (B (z z z B) B))) (x (z (v14 S (z (B K S)))) z (S (v29 (K I) (v23 (K (z S S)))) I) v2 (v1 z B (x B) v18 (x (S (x x x z (z z))) (B B (z z z) B B)))) (K (K S K (x (K (B B I I) I)) (v11 (K (B I) (v28 (K (K (I S) (S x)) K))) (K (I I (S K)) (z S) (S K) z))) (z z))
v7 (v1 z B (x B) v18 (x (S (x x x z (z z))) (B (z z z B) B))) (x (z (v14 S (z (B K S)))) z (S (v29 (K I) (v23 (K (z S S)))) I) v2 (v1 z B (x B) v18 (x (S (x x x z (z z))) (B (z z z B) B)))) (K (K S K (x (K (B B I I) I)) (v11 (K (B I) (v28 (K (K (I S) (S x)) K))) (K (I I (S K)) (z S) (S K) z))) (z z))
v7 (v1 z B (x B) v18 (x (S (x x x z (z z))) (B (z z z B) B))) (x (z (v14 S (z (B K S)))) z (S (v29 (K I) (v23 (K (z S S)))) I) v2 (v1 z B (x B) v18 (x (S (x x x z (z z))) (B (z z z B) B)))) (K S K (x (K (B B I I) I)) (v11 (K (B I) (v28 (K (K (I S) (S x)) K))) (K (I I (S K)) (z S) (S K) z)))
v7 (v1 z B (x B) v18 (x (S (x x x z (z z))) (B (z z z B) B))) (x (z (v14 S (z (B K S)))) z (S (v29 (K I) (v23 (K (z S S)))) I) v2 (v1 z B (x B) v18 (x (S (x x x z (z z))) (B (z z z B) B)))) (S (x (K (B B I I) I)) (v11 (K (B I) (v28 (K (K (I S) (S x)) K))) (K (I I (S K)) (z S) (S K) z)))
v7 (v1 z B (x B) v18 (x (S (x x x z (z z))) (B (z z z B) B))) (x (z (v14 S (z (B K S)))) z (S (v29 (K I) (v23 (K (z S S)))) I) v2 (v1 z B (x B) v18 (x (S (x x x z (z z))) (B (z z z B) B)))) (S (x (B B I I)) (v11 (K (B I) (v28 (K (K (I S) (S x)) K))) (K (I I (S K)) (z S) (S K) z)))
v7 (v1 z B (x B) v18 (x (S (x x x z (z z))) (B (z z z B) B))) (x (z (v14 S (z (B K S)))) z (S (v29 (K I) (v23 (K (z S S)))) I) v2 (v1 z B (x B) v18 (x (S (x x x z (z z))) (B (z z z B) B)))) (S (x (B (I I))) (v11 (K (B I) (v28 (K (K (I S) (S x)) K))) (K (I I (S K)) (z S) (S K) z)))
v7 (v1 z B (x B) v18 (x (S (x x x z (z z))) (B (z z z B) B))) (x (z (v14 S (z (B K S)))) z (S (v29 (K I) (v23 (K (z S S)))) I) v2 (v1 z B (x B) v18 (x (S (x x x z (z z))) (B (z z z B) B)))) (S (x (B I)) (v11 (K (B I) (v28 (K (K (I S) (S x)) K))) (K (I I (S K)) (z S) (S K) z)))
v7 (v1 z B (x B) v18 (x (S (x x x z (z z))) (B (z z z B) B))) (x (z (v14 S (z (B K S)))) z (S (v29 (K I) (v23 (K (z S S)))) I) v2 (v1 z B (x B) v18 (x (S (x x x z (z z))) (B (z z z B) B)))) (S (x (B I)) (v11 (B I) (K (I I (S K)) (z S) (S K) z)))
v7 (v1 z B (x B) v18 (x (S (x x x z (z z))) (B (z z z B) B))) (x (z (v14 S (z (B K S)))) z (S (v29 (K I) (v23 (K (z S S)))) I) v2 (v1 z B (x B) v18 (x (S (x x x z (z z))) (B (z z z B) B)))) (S (x (B I)) (v11 (B I) (I I (S K) (S K) z)))
v7 (v1 z B (x B) v18 (x (S (x x x z (z z))) (B (z z z B) B))) (x (z (v14 S (z (B K S)))) z (S (v29 (K I) (v23 (K (z S S)))) I) v2 (v1 z B (x B) v18 (x (S (x x x z (z z))) (B (z z z B) B)))) (S (x (B I)) (v11 (B I) (I (S K) (S K) z)))
v7 (v1 z B (x B) v18 (x (S (x x x z (z z))) (B (z z z B) B))) (x (z (v14 S (z (B K S)))) z (S (v29 (K I) (v23 (K (z S S)))) I) v2 (v1 z B (x B) v18 (x (S (x x x z (z z))) (B (z z z B) B)))) (S (x (B I)) (v11 (B I) (S K (S K) z)))
v7 (v1 z B (x B) v18 (x (S (x x x z (z z))) (B (z z z B) B))) (x (z (v14 S (z (B K S)))) z (S (v29 (K I) (v23 (K (z S S)))) I) v2 (v1 z B (x B) v18 (x (S (x x x z (z z))) (B (z z z B) B)))) (S (x (B I)) (v11 (B I) (K z (S K z))))
v7 (v1 z B (x B) v18 (x (S (x x x z (z z))) (B (z z z B) B))) (x (z (v14 S (z (B K S)))) z (S (v29 (K I) (v23 (K (z S S)))) I) v2 (v1 z B (x B) v18 (x (S (x x x z (z z))) (B (z z z B) B)))) (S (x (B I)) (v11 (B I) z))
v1 (I (B (K v5 (K S))) (z (S S K) S x) (B (S (B (v15 (S z)))))) (I (K (I K (x (B K)) z (I S S (z K (B K) (I z)) x)) x))
v1 (B (K v5 (K S)) (z (S S K) S x) (B (S (B (v15 (S z)))))) (I (K (I K (x (B K)) z (I S S (z K (B K) (I z)) x)) x))
v1 (K v5 (K S) (z (S S K) S x (B (S (B (v15 (S z))))))) (I (K (I K (x (B K)) z (I S S (z K (B K) (I z)) x)) x))
v1 (v5 (z (S S K) S x (B (S (B (v15 (S z))))))) (I (K (I K (x (B K)) z (I S S (z K (B K) (I z)) x)) x))
v1 (v5 (z (S S K) S x (B (S (B (v15 (S z))))))) (K (I K (x (B K)) z (I S S (z K (B K) (I z)) x)) x)
v1 (v5 (z (S S K) S x (B (S (B (v15 (S z))))))) (I K (x (B K)) z (I S S (z K (B K) (I z)) x))
v1 (v5 (z (S S K) S x (B (S (B (v15 (S z))))))) (K (x (B K)) z (I S S (z K (B K) (I z)) x))
v1 (v5 (z (S S K) S x (B (S (B (v15 (S z))))))) (x (B K) (I S S (z K (B K) (I z)) x))
v1 (v5 (z (S S K) S x (B (S (B (v15 (S z))))))) (x (B K) (S S (z K (B K) (I z)) x))
v1 (v5 (z (S S K) S x (B (S (B (v15 (S z))))))) (x (B K) (S x (z K (B K) (I z) x)))
v1 (v5 (z (S S K) S x (B (S (B (v15 (S z))))))) (x (B K) (S x (z K (B K) z x)))
v15 (S (S x K S (I S x))) (z v13) (I v21 (x K))
v15 (S (x S (K S) (I S x))) (z v13) (I v21 (x K))
v15 (S (x S (K S) (S x))) (z v13) (I v21 (x K))
v15 (S (x S (K S) (S x))) (z v13) (v21 (x K))
B K (S (K v29)) (K z (v13 S) (x (v12 S (z S (v7 (x (I S) (x I))) (S S)))) (B I) (K (x z))) (K (K (B S) z (S I z S S) I))
K (S (K v29) (K z (v13 S) (x (v12 S (z S (v7 (x (I S) (x I))) (S S)))) (B I) (K (x z)))) (K (K (B S) z (S I z S S) I))
S (K v29) (K z (v13 S) (x (v12 S (z S (v7 (x (I S) (x I))) (S S)))) (B I) (K (x z)))
S (K v29) (z (x (v12 S (z S (v7 (x (I S) (x I))) (S S)))) (B I) (K (x z)))
S (K v29) (z (x (v12 S (z S (v7 (x S (x I))) (S S)))) (B I) (K (x z)))
I (B I (I (K x z) (I v4) v12 (S (z K) (I v27 (z v22 I) (I (v18 K))))) (x (v28 (I S))) I)
B I (I (K x z) (I v4) v12 (S (z K) (I v27 (z v22 I) (I (v18 K))))) (x (v28 (I S))) I
I (I (K x z) (I v4) v12 (S (z K) (I v27 (z v22 I) (I (v18 K)))) (x (v28 (I S)))) I
I (K x z) (I v4) v12 (S (z K) (I v27 (z v22 I) (I (v18 K)))) (x (v28 (I S))) I
K x z (I v4) v12 (S (z K) (I v27 (z v22 I) (I (v18 K)))) (x (v28 (I S))) I
x (I v4) v12 (S (z K) (I v27 (z v22 I) (I (v18 K)))) (x (v28 (I S))) I
x v4 v12 (S (z K) (I v27 (z v22 I) (I (v18 K)))) (x (v28 (I S))) I
x v4 v12 (S (z K) (v27 (z v22 I) (I (v18 K)))) (x (v28 (I S))) I
x v4 v12 (S (z K) (v27 (z v22 I) (v18 K))) (x (v28 (I S))) I
x v4 v12 (S (z K) (v27 (z v22 I) (v18 K))) (x (v28 S)) I
B (K (I (x S) (S z)) (S S) (B v14 x I) (K K) (v17 S z v8 x) (x K (B I (x v3 K))) B)
B (I (x S) (S z) (B v14 x I) (K K) (v17 S z v8 x) (x K (B I (x v3 K))) B)
B (x S (S z) (B v14 x I) (K K) (v17 S z v8 x) (x K (B I (x v3 K))) B)
B (x S (S z) (v14 (x I)) (K K) (v17 S z v8 x) (x K (B I (x v3 K))) B)
z
