z (z (S (x x)) (B (x (B (I S (x (K x) (K I)))) B)) z) (K v18 (S B B (v4 v13) B (S I)) v10 (B S))
z (z (S (x x)) (B (x (B (S (x (K x) (K I)))) B)) z) (K v18 (S B B (v4 v13) B (S I)) v10 (B S))
z (z (S (x x)) (B (x (B (S (x (K x) (K I)))) B)) z) (v18 v10 (B S))
I B (v25 (K x z (K I) (S B (S v16)) (z S))) (z (B x)) (S (x K (B S) I) B (K K) (v1 (B (S I)) (x v18 (S S)) v4) I)
B (v25 (K x z (K I) (S B (S v16)) (z S))) (z (B x)) (S (x K (B S) I) B (K K) (v1 (B (S I)) (x v18 (S S)) v4) I)
v25 (K x z (K I) (S B (S v16)) (z S)) (z (B x) (S (x K (B S) I) B (K K) (v1 (B (S I)) (x v18 (S S)) v4) I))
v25 (x (K I) (S B (S v16)) (z S)) (z (B x) (S (x K (B S) I) B (K K) (v1 (B (S I)) (x v18 (S S)) v4) I))
v25 (x (K I) (S B (S v16)) (z S)) (z (B x) (x K (B S) I (K K) (B (K K)) (v1 (B (S I)) (x v18 (S S)) v4) I))
v4 (K (B (x x v6 (K (K (I I) S x) B)))) (x v30 (z (K B (z (K (v30 v24)))) S))
v4 (K (B (x x v6 (K (I I) S x)))) (x v30 (z (K B (z (K (v30 v24)))) S))
v4 (K (B (x x v6 (I I x)))) (x v30 (z (K B (z (K (v30 v24)))) S))
v4 (K (B (x x v6 (I x)))) (x v30 (z (K B (z (K (v30 v24)))) S))
v4 (K (B (x x v6 x))) (x v30 (z (K B (z (K (v30 v24)))) S))
v4 (K (B (x x v6 x))) (x v30 (z B S))
z (B z (K (x B) S) K) (K (x I) (x (S z (K (S I K) v22) (x (z S (z v27)) x)) (z (x K (z B S) (z (z S) S)) z)))
z (z (K (x B) S K)) (K (x I) (x (S z (K (S I K) v22) (x (z S (z v27)) x)) (z (x K (z B S) (z (z S) S)) z)))
z (z (x B K)) (K (x I) (x (S z (K (S I K) v22) (x (z S (z v27)) x)) (z (x K (z B S) (z (z S) S)) z)))
z (z (x B K)) (x I)
v21 (z K x) (B (S v5 K I) K)
v21 (z K x) (B (v5 I (K I)) K)
S (x (I I B x) S (v9 (K (I v24 K) (B K)) B (K x x v30 K)) (S (z (I B B) (z I) (K (K z (B I x)))))) (v3 x (z S (I K)))
S (x (I B x) S (v9 (K (I v24 K) (B K)) B (K x x v30 K)) (S (z (I B B) (z I) (K (K z (B I x)))))) (v3 x (z S (I K)))
S (x (B x) S (v9 (K (I v24 K) (B K)) B (K x x v30 K)) (S (z (I B B) (z I) (K (K z (B I x)))))) (v3 x (z S (I K)))
S (x (B x) S (v9 (I v24 K) B (K x x v30 K)) (S (z (I B B) (z I) (K (K z (B I x)))))) (v3 x (z S (I K)))
S (x (B x) S (v9 (v24 K) B (K x x v30 K)) (S (z (I B B) (z I) (K (K z (B I x)))))) (v3 x (z S (I K)))
S (x (B x) S (v9 (v24 K) B (x v30 K)) (S (z (I B B) (z I) (K (K z (B I x)))))) (v3 x (z S (I K)))
S (x (B x) S (v9 (v24 K) B (x v30 K)) (S (z (B B) (z I) (K (K z (B I x)))))) (v3 x (z S (I K)))
S (x (B x) S (v9 (v24 K) B (x v30 K)) (S (z (B B) (z I) (K z)))) (v3 x (z S (I K)))
S (x (B x) S (v9 (v24 K) B (x v30 K)) (S (z (B B) (z I) (K z)))) (v3 x (z S K))
B z (I S (x v0))
B z (S (x v0))
z z
B (S (K (S z B) (K B) (K (v7 (x (B S (v25 (I (z v19))))) (v4 v7))) (K (v30 (x v9)) (z (B x) v23) (K x) (K (z (x (z B))) v28)) (K I K K)) (I (v0 (B x))))
B (S (S z B (K (v7 (x (B S (v25 (I (z v19))))) (v4 v7))) (K (v30 (x v9)) (z (B x) v23) (K x) (K (z (x (z B))) v28)) (K I K K)) (I (v0 (B x))))
B (S (z (K (v7 (x (B S (v25 (I (z v19))))) (v4 v7))) (B (K (v7 (x (B S (v25 (I (z v19))))) (v4 v7)))) (K (v30 (x v9)) (z (B x) v23) (K x) (K (z (x (z B))) v28)) (K I K K)) (I (v0 (B x))))
B (S (z (K (v7 (x (B S (v25 (z v19)))) (v4 v7))) (B (K (v7 (x (B S (v25 (I (z v19))))) (v4 v7)))) (K (v30 (x v9)) (z (B x) v23) (K x) (K (z (x (z B))) v28)) (K I K K)) (I (v0 (B x))))
B (S (z (K (v7 (x (B S (v25 (z v19)))) (v4 v7))) (B (K (v7 (x (B S (v25 (z v19)))) (v4 v7)))) (K (v30 (x v9)) (z (B x) v23) (K x) (K (z (x (z B))) v28)) (K I K K)) (I (v0 (B x))))
B (S (z (K (v7 (x (B S (v25 (z v19)))) (v4 v7))) (B (K (v7 (x (B S (v25 (z v19)))) (v4 v7)))) (v30 (x v9) (K x) (K (z (x (z B))) v28)) (K I K K)) (I (v0 (B x))))
B (S (z (K (v7 (x (B S (v25 (z v19)))) (v4 v7))) (B (K (v7 (x (B S (v25 (z v19)))) (v4 v7)))) (v30 (x v9) (K x) (z (x (z B)))) (K I K K)) (I (v0 (B x))))
B (S (z (K (v7 (x (B S (v25 (z v19)))) (v4 v7))) (B (K (v7 (x (B S (v25 (z v19)))) (v4 v7)))) (v30 (x v9) (K x) (z (x (z B)))) (I K)) (I (v0 (B x))))
B (S (z (K (v7 (x (B S (v25 (z v19)))) (v4 v7))) (B (K (v7 (x (B S (v25 (z v19)))) (v4 v7)))) (v30 (x v9) (K x) (z (x (z B)))) K) (I (v0 (B x))))
B (S (z (K (v7 (x (B S (v25 (z v19)))) (v4 v7))) (B (K (v7 (x (B S (v25 (z v19)))) (v4 v7)))) (v30 (x v9) (K x) (z (x (z B)))) K) (v0 (B x)))
K (B S I) S (x K (K (x S)))
B S I (x K (K (x S)))
S (I (x K (K (x S))))
S (x K (K (x S)))
