v6 v4 (x I B B) (v13 (z K) (K K (x (K I I) z K))) (S z (z (I K I)) (v10 (K B)))
v6 v4 (x I B B) (v13 (z K) K) (S z (z (I K I)) (v10 (K B)))
v6 v4 (x I B B) (v13 (z K) K) (z (v10 (K B)) (z (I K I) (v10 (K B))))
v6 v4 (x I B B) (v13 (z K) K) (z (v10 (K B)) (z (K I) (v10 (K B))))
v24 (x (x K) K v23) z z (K (B (z x (S I) (S B (x B) B)))) (K S x (I (B v19) v0)) (v10 (v2 (v2 I (v8 (B (z B))) K) (x B (x B z))) K) (x (B (x (z K) I S)) (S (z x (x (K I) x)) K))
v24 (x (x K) K v23) z z (K (B (z x (S I) (B B (x B B))))) (K S x (I (B v19) v0)) (v10 (v2 (v2 I (v8 (B (z B))) K) (x B (x B z))) K) (x (B (x (z K) I S)) (S (z x (x (K I) x)) K))
v24 (x (x K) K v23) z z (K (B (z x (S I) (B B (x B B))))) (S (I (B v19) v0)) (v10 (v2 (v2 I (v8 (B (z B))) K) (x B (x B z))) K) (x (B (x (z K) I S)) (S (z x (x (K I) x)) K))
v24 (x (x K) K v23) z z (K (B (z x (S I) (B B (x B B))))) (S (B v19 v0)) (v10 (v2 (v2 I (v8 (B (z B))) K) (x B (x B z))) K) (x (B (x (z K) I S)) (S (z x (x (K I) x)) K))
v9 (I (x x (K (x v13 (B z) (B I K I))) (z (K I) I)))
v9 (x x (K (x v13 (B z) (B I K I))) (z (K I) I))
v9 (x x (K (x v13 (B z) (I (K I)))) (z (K I) I))
v9 (x x (K (x v13 (B z) (K I))) (z (K I) I))
v7 (S z (K x) S) (S (x (S K)) (z v19)) (z I S (S (x S x) (I (z (B (S x) (S z)))) (z z x v3)) (z (I z)) (I K) x B)
v7 (z S (K x S)) (S (x (S K)) (z v19)) (z I S (S (x S x) (I (z (B (S x) (S z)))) (z z x v3)) (z (I z)) (I K) x B)
v7 (z S x) (S (x (S K)) (z v19)) (z I S (S (x S x) (I (z (B (S x) (S z)))) (z z x v3)) (z (I z)) (I K) x B)
v7 (z S x) (S (x (S K)) (z v19)) (z I S (x S x (z z x v3) (I (z (B (S x) (S z))) (z z x v3))) (z (I z)) (I K) x B)
v7 (z S x) (S (x (S K)) (z v19)) (z I S (x S x (z z x v3) (z (B (S x) (S z)) (z z x v3))) (z (I z)) (I K) x B)
v7 (z S x) (S (x (S K)) (z v19)) (z I S (x S x (z z x v3) (z (B (S x) (S z)) (z z x v3))) (z z) (I K) x B)
v7 (z S x) (S (x (S K)) (z v19)) (z I S (x S x (z z x v3) (z (B (S x) (S z)) (z z x v3))) (z z) K x B)
x v7
S (K (I I (v2 (x (z (I x))))) I (K K (S K)))
S (I I (v2 (x (z (I x)))) (K K (S K)))
S (I (v2 (x (z (I x)))) (K K (S K)))
S (v2 (x (z (I x))) (K K (S K)))
S (v2 (x (z x)) (K K (S K)))
S (v2 (x (z x)) K)
I
I
S (K (z (I (v7 (z (I (z I (v14 z)))))) z)) (I (S v8) (B (I (S I)) (z v18) (S (x (B B z z K) S (z I I) z))) z) (v25 (z (v1 K (K K B z B) (z (I z S v2)) (I x (B K)))))
K (z (I (v7 (z (I (z I (v14 z)))))) z) (v25 (z (v1 K (K K B z B) (z (I z S v2)) (I x (B K))))) (I (S v8) (B (I (S I)) (z v18) (S (x (B B z z K) S (z I I) z))) z (v25 (z (v1 K (K K B z B) (z (I z S v2)) (I x (B K))))))
z (I (v7 (z (I (z I (v14 z)))))) z (I (S v8) (B (I (S I)) (z v18) (S (x (B B z z K) S (z I I) z))) z (v25 (z (v1 K (K K B z B) (z (I z S v2)) (I x (B K))))))
z (v7 (z (I (z I (v14 z))))) z (I (S v8) (B (I (S I)) (z v18) (S (x (B B z z K) S (z I I) z))) z (v25 (z (v1 K (K K B z B) (z (I z S v2)) (I x (B K))))))
z (v7 (z (z I (v14 z)))) z (I (S v8) (B (I (S I)) (z v18) (S (x (B B z z K) S (z I I) z))) z (v25 (z (v1 K (K K B z B) (z (I z S v2)) (I x (B K))))))
z (v7 (z (z I (v14 z)))) z (S v8 (B (I (S I)) (z v18) (S (x (B B z z K) S (z I I) z))) z (v25 (z (v1 K (K K B z B) (z (I z S v2)) (I x (B K))))))
z (v7 (z (z I (v14 z)))) z (v8 z (B (I (S I)) (z v18) (S (x (B B z z K) S (z I I) z)) z) (v25 (z (v1 K (K K B z B) (z (I z S v2)) (I x (B K))))))
z (v7 (z (z I (v14 z)))) z (v8 z (I (S I) (z v18 (S (x (B B z z K) S (z I I) z))) z) (v25 (z (v1 K (K K B z B) (z (I z S v2)) (I x (B K))))))
z (v7 (z (z I (v14 z)))) z (v8 z (S I (z v18 (S (x (B B z z K) S (z I I) z))) z) (v25 (z (v1 K (K K B z B) (z (I z S v2)) (I x (B K))))))
z (v7 (z (z I (v14 z)))) z (v8 z (I z (z v18 (S (x (B B z z K) S (z I I) z)) z)) (v25 (z (v1 K (K K B z B) (z (I z S v2)) (I x (B K))))))
z (v7 (z (z I (v14 z)))) z (v8 z (z (z v18 (S (x (B B z z K) S (z I I) z)) z)) (v25 (z (v1 K (K K B z B) (z (I z S v2)) (I x (B K))))))
z (v7 (z (z I (v14 z)))) z (v8 z (z (z v18 (S (x (B (z z) K) S (z I I) z)) z)) (v25 (z (v1 K (K K B z B) (z (I z S v2)) (I x (B K))))))
z (v7 (z (z I (v14 z)))) z (v8 z (z (z v18 (S (x (B (z z) K) S (z I I) z)) z)) (v25 (z (v1 K (K z B) (z (I z S v2)) (I x (B K))))))
z (v7 (z (z I (v14 z)))) z (v8 z (z (z v18 (S (x (B (z z) K) S (z I I) z)) z)) (v25 (z (v1 K z (z (I z S v2)) (I x (B K))))))
z (v7 (z (z I (v14 z)))) z (v8 z (z (z v18 (S (x (B (z z) K) S (z I I) z)) z)) (v25 (z (v1 K z (z (z S v2)) (I x (B K))))))
z (v7 (z (z I (v14 z)))) z (v8 z (z (z v18 (S (x (B (z z) K) S (z I I) z)) z)) (v25 (z (v1 K z (z (z S v2)) (x (B K))))))
x x (x (I B (B K) v14) (K K)) (x v10 (I z S)) S
x x (x (B (B K) v14) (K K)) (x v10 (I z S)) S
x x (x (B (B K) v14) (K K)) (x v10 (z S)) S
