S (v28 (z I) v22 x B)
x (I z) (v15 (S v14) (x I) K (B (v7 I (I z x (B (v4 (S S z)))) S) (I (B K x I) (S (I (x x) (B v26)) B) (I (v12 S)))) (K (B K) (v24 K)))
x z (v15 (S v14) (x I) K (B (v7 I (I z x (B (v4 (S S z)))) S) (I (B K x I) (S (I (x x) (B v26)) B) (I (v12 S)))) (K (B K) (v24 K)))
x z (v15 (S v14) (x I) K (B (v7 I (z x (B (v4 (S S z)))) S) (I (B K x I) (S (I (x x) (B v26)) B) (I (v12 S)))) (K (B K) (v24 K)))
x z (v15 (S v14) (x I) K (B (v7 I (z x (B (v4 (S S z)))) S) (B K x I (S (I (x x) (B v26)) B) (I (v12 S)))) (K (B K) (v24 K)))
x z (v15 (S v14) (x I) K (B (v7 I (z x (B (v4 (S S z)))) S) (K (x I) (S (I (x x) (B v26)) B) (I (v12 S)))) (K (B K) (v24 K)))
x z (v15 (S v14) (x I) K (B (v7 I (z x (B (v4 (S S z)))) S) (x I (I (v12 S)))) (K (B K) (v24 K)))
x z (v15 (S v14) (x I) K (B (v7 I (z x (B (v4 (S S z)))) S) (x I (v12 S))) (K (B K) (v24 K)))
x z (v15 (S v14) (x I) K (B (v7 I (z x (B (v4 (S S z)))) S) (x I (v12 S))) (B K))
x (v19 (I z (x z))) v27 (z K (I (v13 B B x) x S I (K I)) z)
x (v19 (z (x z))) v27 (z K (I (v13 B B x) x S I (K I)) z)
x (v19 (z (x z))) v27 (z K (v13 B B x x S I (K I)) z)
x (v12 (S z) (v22 (B (S (K (S B v26 x)) S) K (v19 (S z) S)) S I (B z) S))
x (v12 (S z) (v22 (S (K (S B v26 x)) S (K (v19 (S z) S))) S I (B z) S))
x (v12 (S z) (v22 (K (S B v26 x) (K (v19 (S z) S)) (S (K (v19 (S z) S)))) S I (B z) S))
x (v12 (S z) (v22 (S B v26 x (S (K (v19 (S z) S)))) S I (B z) S))
x (v12 (S z) (v22 (B x (v26 x) (S (K (v19 (S z) S)))) S I (B z) S))
x (v12 (S z) (v22 (x (v26 x (S (K (v19 (S z) S))))) S I (B z) S))
S B (z B (z S) (S (x (S (v11 (S z)))))) (x I (v20 x (I I (B S))) (v26 S) (z (K I) K) v29) (S z (v6 (x x) S)) (z K (v13 (I z (v14 (S I))) (z (x (z v20) x) v18 (B z (S (v23 (I v26)))))) (x (S (S S)) K x (B (z K B I S (I x (v19 I) (v16 (x K))) B (z S)))))
B (x I (v20 x (I I (B S))) (v26 S) (z (K I) K) v29) (z B (z S) (S (x (S (v11 (S z))))) (x I (v20 x (I I (B S))) (v26 S) (z (K I) K) v29)) (S z (v6 (x x) S)) (z K (v13 (I z (v14 (S I))) (z (x (z v20) x) v18 (B z (S (v23 (I v26)))))) (x (S (S S)) K x (B (z K B I S (I x (v19 I) (v16 (x K))) B (z S)))))
x I (v20 x (I I (B S))) (v26 S) (z (K I) K) v29 (z B (z S) (S (x (S (v11 (S z))))) (x I (v20 x (I I (B S))) (v26 S) (z (K I) K) v29) (S z (v6 (x x) S))) (z K (v13 (I z (v14 (S I))) (z (x (z v20) x) v18 (B z (S (v23 (I v26)))))) (x (S (S S)) K x (B (z K B I S (I x (v19 I) (v16 (x K))) B (z S)))))
x I (v20 x (I (B S))) (v26 S) (z (K I) K) v29 (z B (z S) (S (x (S (v11 (S z))))) (x I (v20 x (I I (B S))) (v26 S) (z (K I) K) v29) (S z (v6 (x x) S))) (z K (v13 (I z (v14 (S I))) (z (x (z v20) x) v18 (B z (S (v23 (I v26)))))) (x (S (S S)) K x (B (z K B I S (I x (v19 I) (v16 (x K))) B (z S)))))
x I (v20 x (B S)) (v26 S) (z (K I) K) v29 (z B (z S) (S (x (S (v11 (S z))))) (x I (v20 x (I I (B S))) (v26 S) (z (K I) K) v29) (S z (v6 (x x) S))) (z K (v13 (I z (v14 (S I))) (z (x (z v20) x) v18 (B z (S (v23 (I v26)))))) (x (S (S S)) K x (B (z K B I S (I x (v19 I) (v16 (x K))) B (z S)))))
x I (v20 x (B S)) (v26 S) (z (K I) K) v29 (z B (z S) (S (x (S (v11 (S z))))) (x I (v20 x (I (B S))) (v26 S) (z (K I) K) v29) (S z (v6 (x x) S))) (z K (v13 (I z (v14 (S I))) (z (x (z v20) x) v18 (B z (S (v23 (I v26)))))) (x (S (S S)) K x (B (z K B I S (I x (v19 I) (v16 (x K))) B (z S)))))
x I (v20 x (B S)) (v26 S) (z (K I) K) v29 (z B (z S) (S (x (S (v11 (S z))))) (x I (v20 x (B S)) (v26 S) (z (K I) K) v29) (S z (v6 (x x) S))) (z K (v13 (I z (v14 (S I))) (z (x (z v20) x) v18 (B z (S (v23 (I v26)))))) (x (S (S S)) K x (B (z K B I S (I x (v19 I) (v16 (x K))) B (z S)))))
x I (v20 x (B S)) (v26 S) (z (K I) K) v29 (z B (z S) (S (x (S (v11 (S z))))) (x I (v20 x (B S)) (v26 S) (z (K I) K) v29) (S z (v6 (x x) S))) (z K (v13 (z (v14 (S I))) (z (x (z v20) x) v18 (B z (S (v23 (I v26)))))) (x (S (S S)) K x (B (z K B I S (I x (v19 I) (v16 (x K))) B (z S)))))
x I (v20 x (B S)) (v26 S) (z (K I) K) v29 (z B (z S) (S (x (S (v11 (S z))))) (x I (v20 x (B S)) (v26 S) (z (K I) K) v29) (S z (v6 (x x) S))) (z K (v13 (z (v14 (S I))) (z (x (z v20) x) v18 (B z (S (v23 v26))))) (x (S (S S)) K x (B (z K B I S (I x (v19 I) (v16 (x K))) B (z S)))))
x I (v20 x (B S)) (v26 S) (z (K I) K) v29 (z B (z S) (S (x (S (v11 (S z))))) (x I (v20 x (B S)) (v26 S) (z (K I) K) v29) (S z (v6 (x x) S))) (z K (v13 (z (v14 (S I))) (z (x (z v20) x) v18 (B z (S (v23 v26))))) (x (S (S S)) K x (B (z K B I S (x (v19 I) (v16 (x K))) B (z S)))))
B x I (I (x S (I z) (B z)) B (x (K K S) (x (B B) S) (x (v1 B) x) (v17 x (S x B) K)))
x (I (I (x S (I z) (B z)) B (x (K K S) (x (B B) S) (x (v1 B) x) (v17 x (S x B) K))))
x (I (x S (I z) (B z)) B (x (K K S) (x (B B) S) (x (v1 B) x) (v17 x (S x B) K)))
x (x S (I z) (B z) B (x (K K S) (x (B B) S) (x (v1 B) x) (v17 x (S x B) K)))
x (x S z (B z) B (x (K K S) (x (B B) S) (x (v1 B) x) (v17 x (S x B) K)))
x (x S z (B z) B (x K (x (B B) S) (x (v1 B) x) (v17 x (S x B) K)))
v29 (x K (I (x z (z B))) v25) (S (K (x (B I x z) (x B B))) (B v9 (x B) z (I x (K (z K z)) K z) (S S S (K v13 (I (B B) (v8 I K) B)) (z (x v26 (v27 x)))) I))
v29 (x K (x z (z B)) v25) (S (K (x (B I x z) (x B B))) (B v9 (x B) z (I x (K (z K z)) K z) (S S S (K v13 (I (B B) (v8 I K) B)) (z (x v26 (v27 x)))) I))
v29 (x K (x z (z B)) v25) (S (K (x (I (x z)) (x B B))) (B v9 (x B) z (I x (K (z K z)) K z) (S S S (K v13 (I (B B) (v8 I K) B)) (z (x v26 (v27 x)))) I))
v29 (x K (x z (z B)) v25) (S (K (x (x z) (x B B))) (B v9 (x B) z (I x (K (z K z)) K z) (S S S (K v13 (I (B B) (v8 I K) B)) (z (x v26 (v27 x)))) I))
v29 (x K (x z (z B)) v25) (S (K (x (x z) (x B B))) (v9 (x B z) (I x (K (z K z)) K z) (S S S (K v13 (I (B B) (v8 I K) B)) (z (x v26 (v27 x)))) I))
v29 (x K (x z (z B)) v25) (S (K (x (x z) (x B B))) (v9 (x B z) (x (K (z K z)) K z) (S S S (K v13 (I (B B) (v8 I K) B)) (z (x v26 (v27 x)))) I))
v29 (x K (x z (z B)) v25) (S (K (x (x z) (x B B))) (v9 (x B z) (x (K (z K z)) K z) (S (K v13 (I (B B) (v8 I K) B)) (S (K v13 (I (B B) (v8 I K) B))) (z (x v26 (v27 x)))) I))
v29 (x K (x z (z B)) v25) (S (K (x (x z) (x B B))) (v9 (x B z) (x (K (z K z)) K z) (K v13 (I (B B) (v8 I K) B) (z (x v26 (v27 x))) (S (K v13 (I (B B) (v8 I K) B)) (z (x v26 (v27 x))))) I))
v29 (x K (x z (z B)) v25) (S (K (x (x z) (x B B))) (v9 (x B z) (x (K (z K z)) K z) (v13 (z (x v26 (v27 x))) (S (K v13 (I (B B) (v8 I K) B)) (z (x v26 (v27 x))))) I))
v29 (x K (x z (z B)) v25) (S (K (x (x z) (x B B))) (v9 (x B z) (x (K (z K z)) K z) (v13 (z (x v26 (v27 x))) (S v13 (z (x v26 (v27 x))))) I))
K K (I (z v23 B) I (B K) z K K (B (B I)) x) v27 K (z (I B (z z v1 (z (v26 v9 z) v4) (K v2))))
K v27 K (z (I B (z z v1 (z (v26 v9 z) v4) (K v2))))
v27 (z (I B (z z v1 (z (v26 v9 z) v4) (K v2))))
v27 (z (B (z z v1 (z (v26 v9 z) v4) (K v2))))
v25 (S (S z x B I) (z x K v8 B (B (v30 x S) v28 (S B K))) S) (v24 (B (B K)) (K v19) B B (K (x (v15 I (v30 (v9 K))) B x)) (x I K))
v25 (S z x B I S (z x K v8 B (B (v30 x S) v28 (S B K)) S)) (v24 (B (B K)) (K v19) B B (K (x (v15 I (v30 (v9 K))) B x)) (x I K))
v25 (z B (x B) I S (z x K v8 B (B (v30 x S) v28 (S B K)) S)) (v24 (B (B K)) (K v19) B B (K (x (v15 I (v30 (v9 K))) B x)) (x I K))
v25 (z B (x B) I S (z x K v8 B (v30 x S (v28 (S B K))) S)) (v24 (B (B K)) (K v19) B B (K (x (v15 I (v30 (v9 K))) B x)) (x I K))
x x (K I (z (z (B B) (v10 B x) z x))) (x (v14 v12 I (z (I (x (K (v1 z)) (K (K v29))))) B) (v27 (x B I S)))
x x I (x (v14 v12 I (z (I (x (K (v1 z)) (K (K v29))))) B) (v27 (x B I S)))
x x I (x (v14 v12 I (z (x (K (v1 z)) (K (K v29)))) B) (v27 (x B I S)))
