B K K (S K) (z (x B B v18 (I B (x (I (x (I z)) x) (v7 (z (K v22)))))) (z S S (B x))) (K I)
K (K (S K)) (z (x B B v18 (I B (x (I (x (I z)) x) (v7 (z (K v22)))))) (z S S (B x))) (K I)
K (S K) (K I)
S K
z z (I (B S) S (B (B K) z (I (I I) v18 (v19 B) z) (x x))) (z v27) (z v20 (K (K I v7)))
z z (B S S (B (B K) z (I (I I) v18 (v19 B) z) (x x))) (z v27) (z v20 (K (K I v7)))
z z (S (S (B (B K) z (I (I I) v18 (v19 B) z) (x x)))) (z v27) (z v20 (K (K I v7)))
z z (S (S (B K (z (I (I I) v18 (v19 B) z)) (x x)))) (z v27) (z v20 (K (K I v7)))
z z (S (S (K (z (I (I I) v18 (v19 B) z) (x x))))) (z v27) (z v20 (K (K I v7)))
z z (S (S (K (z (I I v18 (v19 B) z) (x x))))) (z v27) (z v20 (K (K I v7)))
z z (S (S (K (z (I v18 (v19 B) z) (x x))))) (z v27) (z v20 (K (K I v7)))
z z (S (S (K (z (v18 (v19 B) z) (x x))))) (z v27) (z v20 (K (K I v7)))
z z (S (S (K (z (v18 (v19 B) z) (x x))))) (z v27) (z v20 (K I))
z (z (v28 B K) x) K (B (S (B (S x) S)))
I (K v9 (B K) v4 (I (K (x I) v8))) (B (I (K x)) I (z S B (I K B (B (I v20)) S (z (B v24) x (S (v15 x I))) S) (v15 K)))
K v9 (B K) v4 (I (K (x I) v8)) (B (I (K x)) I (z S B (I K B (B (I v20)) S (z (B v24) x (S (v15 x I))) S) (v15 K)))
v9 v4 (I (K (x I) v8)) (B (I (K x)) I (z S B (I K B (B (I v20)) S (z (B v24) x (S (v15 x I))) S) (v15 K)))
v9 v4 (K (x I) v8) (B (I (K x)) I (z S B (I K B (B (I v20)) S (z (B v24) x (S (v15 x I))) S) (v15 K)))
v9 v4 (x I) (B (I (K x)) I (z S B (I K B (B (I v20)) S (z (B v24) x (S (v15 x I))) S) (v15 K)))
v9 v4 (x I) (I (K x) (I (z S B (I K B (B (I v20)) S (z (B v24) x (S (v15 x I))) S) (v15 K))))
v9 v4 (x I) (K x (I (z S B (I K B (B (I v20)) S (z (B v24) x (S (v15 x I))) S) (v15 K))))
v9 v4 (x I) x
I
x (K (S x x) (x z (K B K (x x)) (z z) I v1 (x I)) K)
x (S x x K)
x (x K (x K))
S (S (B S)) K (z (I (K (B (S x K K)) (S (z S) v3 S) x) (I (v20 (B K)))) v0)
S (B S) (z (I (K (B (S x K K)) (S (z S) v3 S) x) (I (v20 (B K)))) v0) (K (z (I (K (B (S x K K)) (S (z S) v3 S) x) (I (v20 (B K)))) v0))
B S (K (z (I (K (B (S x K K)) (S (z S) v3 S) x) (I (v20 (B K)))) v0)) (z (I (K (B (S x K K)) (S (z S) v3 S) x) (I (v20 (B K)))) v0 (K (z (I (K (B (S x K K)) (S (z S) v3 S) x) (I (v20 (B K)))) v0)))
S (K (z (I (K (B (S x K K)) (S (z S) v3 S) x) (I (v20 (B K)))) v0) (z (I (K (B (S x K K)) (S (z S) v3 S) x) (I (v20 (B K)))) v0 (K (z (I (K (B (S x K K)) (S (z S) v3 S) x) (I (v20 (B K)))) v0))))
S (z (I (K (B (S x K K)) (S (z S) v3 S) x) (I (v20 (B K)))) v0)
S (z (K (B (S x K K)) (S (z S) v3 S) x (I (v20 (B K)))) v0)
S (z (B (S x K K) x (I (v20 (B K)))) v0)
S (z (S x K K (x (I (v20 (B K))))) v0)
S (z (x K (K K) (x (I (v20 (B K))))) v0)
S (z (x K (K K) (x (v20 (B K)))) v0)
z (S (x K) (B x (B I) (z S) I) x) (B (I (x x) K) (v21 (S I)) I)
z (x K x (B x (B I) (z S) I x)) (B (I (x x) K) (v21 (S I)) I)
z (x K x (x (B I (z S)) I x)) (B (I (x x) K) (v21 (S I)) I)
z (x K x (x (B I (z S)) I x)) (I (x x) K (v21 (S I) I))
z (x K x (x (B I (z S)) I x)) (x x K (v21 (S I) I))
I (v8 (I x) (K (B K) (I (S I I I) v10 (K (v9 K) (x z) (K v21))))) v13 (v9 (S (S z) (B (I (v9 (I v0)) (S z (K (S (z K S)) B)) K) (I (I S) x (z (v28 (z B I)))))))
v8 (I x) (K (B K) (I (S I I I) v10 (K (v9 K) (x z) (K v21)))) v13 (v9 (S (S z) (B (I (v9 (I v0)) (S z (K (S (z K S)) B)) K) (I (I S) x (z (v28 (z B I)))))))
v8 x (K (B K) (I (S I I I) v10 (K (v9 K) (x z) (K v21)))) v13 (v9 (S (S z) (B (I (v9 (I v0)) (S z (K (S (z K S)) B)) K) (I (I S) x (z (v28 (z B I)))))))
v8 x (B K) v13 (v9 (S (S z) (B (I (v9 (I v0)) (S z (K (S (z K S)) B)) K) (I (I S) x (z (v28 (z B I)))))))
v8 x (B K) v13 (v9 (S (S z) (B (v9 (I v0) (S z (K (S (z K S)) B)) K) (I (I S) x (z (v28 (z B I)))))))
v8 x (B K) v13 (v9 (S (S z) (B (v9 v0 (S z (K (S (z K S)) B)) K) (I (I S) x (z (v28 (z B I)))))))
v8 x (B K) v13 (v9 (S (S z) (B (v9 v0 (S z (S (z K S))) K) (I (I S) x (z (v28 (z B I)))))))
v8 x (B K) v13 (v9 (S (S z) (B (v9 v0 (S z (S (z K S))) K) (I S x (z (v28 (z B I)))))))
v8 x (B K) v13 (v9 (S (S z) (B (v9 v0 (S z (S (z K S))) K) (S x (z (v28 (z B I)))))))
S (B (K (K z B (z z)) (B (B (I I)) (z v10) (I B))) B (S (v22 v29) (I B))) (S (x z z I B) B (B (v26 z K)) x I)
S (K (K z B (z z)) (B (B (I I)) (z v10) (I B)) (B (S (v22 v29) (I B)))) (S (x z z I B) B (B (v26 z K)) x I)
S (K z B (z z) (B (S (v22 v29) (I B)))) (S (x z z I B) B (B (v26 z K)) x I)
S (z (z z) (B (S (v22 v29) (I B)))) (S (x z z I B) B (B (v26 z K)) x I)
S (z (z z) (B (S (v22 v29) B))) (S (x z z I B) B (B (v26 z K)) x I)
S (z (z z) (B (S (v22 v29) B))) (x z z I B (B (v26 z K)) (B (B (v26 z K))) x I)
