S
x K z (S v8) B x (B (z x (K (I (S S)) B (B K))) (x (S K) v19) (S (B B (v24 I) x (S (K (v11 I))) I K z)))
x K z (S v8) B x (z x (K (I (S S)) B (B K)) (x (S K) v19 (S (B B (v24 I) x (S (K (v11 I))) I K z))))
x K z (S v8) B x (z x (I (S S) (B K)) (x (S K) v19 (S (B B (v24 I) x (S (K (v11 I))) I K z))))
x K z (S v8) B x (z x (S S (B K)) (x (S K) v19 (S (B B (v24 I) x (S (K (v11 I))) I K z))))
x K z (S v8) B x (z x (S S (B K)) (x (S K) v19 (S (B (v24 I x) (S (K (v11 I))) I K z))))
x K z (S v8) B x (z x (S S (B K)) (x (S K) v19 (S (v24 I x (S (K (v11 I)) I) K z))))
S (K (B x (K S z)) x) (v10 (B x) (B z) z (z (I (x z)) B B (K v4) (K (S (z I)))))
S (B x (K S z)) (v10 (B x) (B z) z (z (I (x z)) B B (K v4) (K (S (z I)))))
S (B x S) (v10 (B x) (B z) z (z (I (x z)) B B (K v4) (K (S (z I)))))
S (B x S) (v10 (B x) (B z) z (z (x z) B B (K v4) (K (S (z I)))))
B
v15 I (S (K S K) S K (v20 S B (K z K)) (v11 K) S S)
v15 I (K S K K (S K) (v20 S B (K z K)) (v11 K) S S)
v15 I (S K (S K) (v20 S B (K z K)) (v11 K) S S)
v15 I (K (v20 S B (K z K)) (S K (v20 S B (K z K))) (v11 K) S S)
v15 I (v20 S B (K z K) (v11 K) S S)
v15 I (v20 S B z (v11 K) S S)
z (x (K S (v7 (I I) I K) K (B v20 x) z B)) (S (x z) (K (B z) B B (z S x) (B (x I) (B x)) K (v24 (v11 (I (B K) B) x x) (I v15 v14) (B (B (K K S) (z B))) v2)))
z (x (S K (B v20 x) z B)) (S (x z) (K (B z) B B (z S x) (B (x I) (B x)) K (v24 (v11 (I (B K) B) x x) (I v15 v14) (B (B (K K S) (z B))) v2)))
z (x (K z (B v20 x z) B)) (S (x z) (K (B z) B B (z S x) (B (x I) (B x)) K (v24 (v11 (I (B K) B) x x) (I v15 v14) (B (B (K K S) (z B))) v2)))
z (x (z B)) (S (x z) (K (B z) B B (z S x) (B (x I) (B x)) K (v24 (v11 (I (B K) B) x x) (I v15 v14) (B (B (K K S) (z B))) v2)))
z (x (z B)) (S (x z) (B z B (z S x) (B (x I) (B x)) K (v24 (v11 (I (B K) B) x x) (I v15 v14) (B (B (K K S) (z B))) v2)))
z (x (z B)) (S (x z) (z (B (z S x)) (B (x I) (B x)) K (v24 (v11 (I (B K) B) x x) (I v15 v14) (B (B (K K S) (z B))) v2)))
z (x (z B)) (S (x z) (z (B (z S x)) (B (x I) (B x)) K (v24 (v11 (B K B) x x) (I v15 v14) (B (B (K K S) (z B))) v2)))
z (x (z B)) (S (x z) (z (B (z S x)) (B (x I) (B x)) K (v24 (v11 (B K B) x x) (v15 v14) (B (B (K K S) (z B))) v2)))
z (x (z B)) (S (x z) (z (B (z S x)) (B (x I) (B x)) K (v24 (v11 (B K B) x x) (v15 v14) (B (B K (z B))) v2)))
x
S
z K
I S (I B (S v30) (K (I z (B (z K)) I) S) (x S B (I (B K) B (S x B x)) (B I))) (z (K S (S B I K z (K (B v28 x))) K (z S x) (v4 (v0 (v3 I) S))) (B S z z (B (S x (I (z I)) x)) I (B v4 z x)))
S (I B (S v30) (K (I z (B (z K)) I) S) (x S B (I (B K) B (S x B x)) (B I))) (z (K S (S B I K z (K (B v28 x))) K (z S x) (v4 (v0 (v3 I) S))) (B S z z (B (S x (I (z I)) x)) I (B v4 z x)))
S (B (S v30) (K (I z (B (z K)) I) S) (x S B (I (B K) B (S x B x)) (B I))) (z (K S (S B I K z (K (B v28 x))) K (z S x) (v4 (v0 (v3 I) S))) (B S z z (B (S x (I (z I)) x)) I (B v4 z x)))
S (S v30 (K (I z (B (z K)) I) S (x S B (I (B K) B (S x B x)) (B I)))) (z (K S (S B I K z (K (B v28 x))) K (z S x) (v4 (v0 (v3 I) S))) (B S z z (B (S x (I (z I)) x)) I (B v4 z x)))
S (S v30 (I z (B (z K)) I (x S B (I (B K) B (S x B x)) (B I)))) (z (K S (S B I K z (K (B v28 x))) K (z S x) (v4 (v0 (v3 I) S))) (B S z z (B (S x (I (z I)) x)) I (B v4 z x)))
S (S v30 (z (B (z K)) I (x S B (I (B K) B (S x B x)) (B I)))) (z (K S (S B I K z (K (B v28 x))) K (z S x) (v4 (v0 (v3 I) S))) (B S z z (B (S x (I (z I)) x)) I (B v4 z x)))
S (S v30 (z (B (z K)) I (x S B (B K B (S x B x)) (B I)))) (z (K S (S B I K z (K (B v28 x))) K (z S x) (v4 (v0 (v3 I) S))) (B S z z (B (S x (I (z I)) x)) I (B v4 z x)))
S (S v30 (z (B (z K)) I (x S B (K (B (S x B x))) (B I)))) (z (K S (S B I K z (K (B v28 x))) K (z S x) (v4 (v0 (v3 I) S))) (B S z z (B (S x (I (z I)) x)) I (B v4 z x)))
S (S v30 (z (B (z K)) I (x S B (K (B (x x (B x)))) (B I)))) (z (K S (S B I K z (K (B v28 x))) K (z S x) (v4 (v0 (v3 I) S))) (B S z z (B (S x (I (z I)) x)) I (B v4 z x)))
S (S v30 (z (B (z K)) I (x S B (K (B (x x (B x)))) (B I)))) (z (S K (z S x) (v4 (v0 (v3 I) S))) (B S z z (B (S x (I (z I)) x)) I (B v4 z x)))
S (S v30 (z (B (z K)) I (x S B (K (B (x x (B x)))) (B I)))) (z (K (v4 (v0 (v3 I) S)) (z S x (v4 (v0 (v3 I) S)))) (B S z z (B (S x (I (z I)) x)) I (B v4 z x)))
S (S v30 (z (B (z K)) I (x S B (K (B (x x (B x)))) (B I)))) (z (v4 (v0 (v3 I) S)) (B S z z (B (S x (I (z I)) x)) I (B v4 z x)))
S (S v30 (z (B (z K)) I (x S B (K (B (x x (B x)))) (B I)))) (z (v4 (v0 (v3 I) S)) (S (z z) (B (S x (I (z I)) x)) I (B v4 z x)))
S (S v30 (z (B (z K)) I (x S B (K (B (x x (B x)))) (B I)))) (z (v4 (v0 (v3 I) S)) (z z I (B (S x (I (z I)) x) I) (B v4 z x)))
S (S v30 (z (B (z K)) I (x S B (K (B (x x (B x)))) (B I)))) (z (v4 (v0 (v3 I) S)) (z z I (B (x x (I (z I) x)) I) (B v4 z x)))
S (S v30 (z (B (z K)) I (x S B (K (B (x x (B x)))) (B I)))) (z (v4 (v0 (v3 I) S)) (z z I (B (x x (z I x)) I) (B v4 z x)))
S (S v30 (z (B (z K)) I (x S B (K (B (x x (B x)))) (B I)))) (z (v4 (v0 (v3 I) S)) (z z I (B (x x (z I x)) I) (v4 (z x))))
