x (S z (B S) (v24 (K z S S v8) (K (K (I S I)))) (B (B (I (v22 (S v25 z)) v8))) v29) (I (S S) v14)
x (z (v24 (K z S S v8) (K (K (I S I)))) (B S (v24 (K z S S v8) (K (K (I S I))))) (B (B (I (v22 (S v25 z)) v8))) v29) (I (S S) v14)
x (z (v24 (z S v8) (K (K (I S I)))) (B S (v24 (K z S S v8) (K (K (I S I))))) (B (B (I (v22 (S v25 z)) v8))) v29) (I (S S) v14)
x (z (v24 (z S v8) (K (K (S I)))) (B S (v24 (K z S S v8) (K (K (I S I))))) (B (B (I (v22 (S v25 z)) v8))) v29) (I (S S) v14)
x (z (v24 (z S v8) (K (K (S I)))) (B S (v24 (z S v8) (K (K (I S I))))) (B (B (I (v22 (S v25 z)) v8))) v29) (I (S S) v14)
x (z (v24 (z S v8) (K (K (S I)))) (B S (v24 (z S v8) (K (K (S I))))) (B (B (I (v22 (S v25 z)) v8))) v29) (I (S S) v14)
x (z (v24 (z S v8) (K (K (S I)))) (B S (v24 (z S v8) (K (K (S I))))) (B (B (v22 (S v25 z) v8))) v29) (I (S S) v14)
x (z (v24 (z S v8) (K (K (S I)))) (B S (v24 (z S v8) (K (K (S I))))) (B (B (v22 (S v25 z) v8))) v29) (S S v14)
I B (v15 x (S (S (K (v11 (v21 (I (S K B x))))) v23))) (S (x (v27 (x x)) (S v21) (S (v4 K (v25 (x z))) x)) v23 S x (I S (S v9 I K B) (B (z (x (z K)))) (I x (B (v3 (B I)) x) v8)))
B (v15 x (S (S (K (v11 (v21 (I (S K B x))))) v23))) (S (x (v27 (x x)) (S v21) (S (v4 K (v25 (x z))) x)) v23 S x (I S (S v9 I K B) (B (z (x (z K)))) (I x (B (v3 (B I)) x) v8)))
B (v15 x (S (S (K (v11 (v21 (S K B x)))) v23))) (S (x (v27 (x x)) (S v21) (S (v4 K (v25 (x z))) x)) v23 S x (I S (S v9 I K B) (B (z (x (z K)))) (I x (B (v3 (B I)) x) v8)))
B (v15 x (S (S (K (v11 (v21 (K x (B x))))) v23))) (S (x (v27 (x x)) (S v21) (S (v4 K (v25 (x z))) x)) v23 S x (I S (S v9 I K B) (B (z (x (z K)))) (I x (B (v3 (B I)) x) v8)))
B (v15 x (S (S (K (v11 (v21 x))) v23))) (S (x (v27 (x x)) (S v21) (S (v4 K (v25 (x z))) x)) v23 S x (I S (S v9 I K B) (B (z (x (z K)))) (I x (B (v3 (B I)) x) v8)))
B (v15 x (S (S (K (v11 (v21 x))) v23))) (x (v27 (x x)) (S v21) (S (v4 K (v25 (x z))) x) S (v23 S) x (I S (S v9 I K B) (B (z (x (z K)))) (I x (B (v3 (B I)) x) v8)))
B (v15 x (S (S (K (v11 (v21 x))) v23))) (x (v27 (x x)) (S v21) (S (v4 K (v25 (x z))) x) S (v23 S) x (S (S v9 I K B) (B (z (x (z K)))) (I x (B (v3 (B I)) x) v8)))
B (v15 x (S (S (K (v11 (v21 x))) v23))) (x (v27 (x x)) (S v21) (S (v4 K (v25 (x z))) x) S (v23 S) x (S v9 I K B (I x (B (v3 (B I)) x) v8) (B (z (x (z K))) (I x (B (v3 (B I)) x) v8))))
B (v15 x (S (S (K (v11 (v21 x))) v23))) (x (v27 (x x)) (S v21) (S (v4 K (v25 (x z))) x) S (v23 S) x (v9 K (I K) B (I x (B (v3 (B I)) x) v8) (B (z (x (z K))) (I x (B (v3 (B I)) x) v8))))
B (v15 x (S (S (K (v11 (v21 x))) v23))) (x (v27 (x x)) (S v21) (S (v4 K (v25 (x z))) x) S (v23 S) x (v9 K K B (I x (B (v3 (B I)) x) v8) (B (z (x (z K))) (I x (B (v3 (B I)) x) v8))))
B (v15 x (S (S (K (v11 (v21 x))) v23))) (x (v27 (x x)) (S v21) (S (v4 K (v25 (x z))) x) S (v23 S) x (v9 K K B (x (B (v3 (B I)) x) v8) (B (z (x (z K))) (I x (B (v3 (B I)) x) v8))))
B (v15 x (S (S (K (v11 (v21 x))) v23))) (x (v27 (x x)) (S v21) (S (v4 K (v25 (x z))) x) S (v23 S) x (v9 K K B (x (B (v3 (B I)) x) v8) (B (z (x (z K))) (x (B (v3 (B I)) x) v8))))
B B (S (S K (I S I) (v17 (K v28)) (B S (S (I z))) (K B)) (I B S v26 (z (x (B (K I) K (x I)))) (K v13 B z (v30 z (S z (B v24)))) (v11 I (x (v7 I v25 (S v28)) (I z x))) (K z (I z)))) K
B (S (S K (I S I) (v17 (K v28)) (B S (S (I z))) (K B)) (I B S v26 (z (x (B (K I) K (x I)))) (K v13 B z (v30 z (S z (B v24)))) (v11 I (x (v7 I v25 (S v28)) (I z x))) (K z (I z))) K)
B (S K (I S I) (v17 (K v28)) (B S (S (I z))) (K B) K (I B S v26 (z (x (B (K I) K (x I)))) (K v13 B z (v30 z (S z (B v24)))) (v11 I (x (v7 I v25 (S v28)) (I z x))) (K z (I z)) K))
B (K (v17 (K v28)) (I S I (v17 (K v28))) (B S (S (I z))) (K B) K (I B S v26 (z (x (B (K I) K (x I)))) (K v13 B z (v30 z (S z (B v24)))) (v11 I (x (v7 I v25 (S v28)) (I z x))) (K z (I z)) K))
B (v17 (K v28) (B S (S (I z))) (K B) K (I B S v26 (z (x (B (K I) K (x I)))) (K v13 B z (v30 z (S z (B v24)))) (v11 I (x (v7 I v25 (S v28)) (I z x))) (K z (I z)) K))
B (v17 (K v28) (B S (S z)) (K B) K (I B S v26 (z (x (B (K I) K (x I)))) (K v13 B z (v30 z (S z (B v24)))) (v11 I (x (v7 I v25 (S v28)) (I z x))) (K z (I z)) K))
B (v17 (K v28) (B S (S z)) (K B) K (B S v26 (z (x (B (K I) K (x I)))) (K v13 B z (v30 z (S z (B v24)))) (v11 I (x (v7 I v25 (S v28)) (I z x))) (K z (I z)) K))
B (v17 (K v28) (B S (S z)) (K B) K (S (v26 (z (x (B (K I) K (x I))))) (K v13 B z (v30 z (S z (B v24)))) (v11 I (x (v7 I v25 (S v28)) (I z x))) (K z (I z)) K))
B (v17 (K v28) (B S (S z)) (K B) K (v26 (z (x (B (K I) K (x I)))) (v11 I (x (v7 I v25 (S v28)) (I z x))) (K v13 B z (v30 z (S z (B v24))) (v11 I (x (v7 I v25 (S v28)) (I z x)))) (K z (I z)) K))
B (v17 (K v28) (B S (S z)) (K B) K (v26 (z (x (K I (K (x I))))) (v11 I (x (v7 I v25 (S v28)) (I z x))) (K v13 B z (v30 z (S z (B v24))) (v11 I (x (v7 I v25 (S v28)) (I z x)))) (K z (I z)) K))
B (v17 (K v28) (B S (S z)) (K B) K (v26 (z (x I)) (v11 I (x (v7 I v25 (S v28)) (I z x))) (K v13 B z (v30 z (S z (B v24))) (v11 I (x (v7 I v25 (S v28)) (I z x)))) (K z (I z)) K))
B (v17 (K v28) (B S (S z)) (K B) K (v26 (z (x I)) (v11 I (x (v7 I v25 (S v28)) (z x))) (K v13 B z (v30 z (S z (B v24))) (v11 I (x (v7 I v25 (S v28)) (I z x)))) (K z (I z)) K))
B (v17 (K v28) (B S (S z)) (K B) K (v26 (z (x I)) (v11 I (x (v7 I v25 (S v28)) (z x))) (v13 z (v30 z (S z (B v24))) (v11 I (x (v7 I v25 (S v28)) (I z x)))) (K z (I z)) K))
B (v17 (K v28) (B S (S z)) (K B) K (v26 (z (x I)) (v11 I (x (v7 I v25 (S v28)) (z x))) (v13 z (v30 z (S z (B v24))) (v11 I (x (v7 I v25 (S v28)) (z x)))) (K z (I z)) K))
B (v17 (K v28) (B S (S z)) (K B) K (v26 (z (x I)) (v11 I (x (v7 I v25 (S v28)) (z x))) (v13 z (v30 z (S z (B v24))) (v11 I (x (v7 I v25 (S v28)) (z x)))) z K))
B (S B) (z K) v14 I (z v10 (x v4 (x v18) z S (S B z) z) S (z (K (x B) (S S) (v1 (z x B) (x (I I (K I))) I (x K S))))) (z (S I S z) z S (z (v25 v21)) (x (B z (B (S B (z v5)))) (S I) (K (x K (v23 K)) K (K (z I (K x))))))
S B (z K v14) I (z v10 (x v4 (x v18) z S (S B z) z) S (z (K (x B) (S S) (v1 (z x B) (x (I I (K I))) I (x K S))))) (z (S I S z) z S (z (v25 v21)) (x (B z (B (S B (z v5)))) (S I) (K (x K (v23 K)) K (K (z I (K x))))))
B I (z K v14 I) (z v10 (x v4 (x v18) z S (S B z) z) S (z (K (x B) (S S) (v1 (z x B) (x (I I (K I))) I (x K S))))) (z (S I S z) z S (z (v25 v21)) (x (B z (B (S B (z v5)))) (S I) (K (x K (v23 K)) K (K (z I (K x))))))
I (z K v14 I (z v10 (x v4 (x v18) z S (S B z) z) S (z (K (x B) (S S) (v1 (z x B) (x (I I (K I))) I (x K S)))))) (z (S I S z) z S (z (v25 v21)) (x (B z (B (S B (z v5)))) (S I) (K (x K (v23 K)) K (K (z I (K x))))))
z K v14 I (z v10 (x v4 (x v18) z S (S B z) z) S (z (K (x B) (S S) (v1 (z x B) (x (I I (K I))) I (x K S))))) (z (S I S z) z S (z (v25 v21)) (x (B z (B (S B (z v5)))) (S I) (K (x K (v23 K)) K (K (z I (K x))))))
z K v14 I (z v10 (x v4 (x v18) z S (S B z) z) S (z (x B (v1 (z x B) (x (I I (K I))) I (x K S))))) (z (S I S z) z S (z (v25 v21)) (x (B z (B (S B (z v5)))) (S I) (K (x K (v23 K)) K (K (z I (K x))))))
z K v14 I (z v10 (x v4 (x v18) z S (S B z) z) S (z (x B (v1 (z x B) (x (I (K I))) I (x K S))))) (z (S I S z) z S (z (v25 v21)) (x (B z (B (S B (z v5)))) (S I) (K (x K (v23 K)) K (K (z I (K x))))))
z K v14 I (z v10 (x v4 (x v18) z S (S B z) z) S (z (x B (v1 (z x B) (x (K I)) I (x K S))))) (z (S I S z) z S (z (v25 v21)) (x (B z (B (S B (z v5)))) (S I) (K (x K (v23 K)) K (K (z I (K x))))))
z K v14 I (z v10 (x v4 (x v18) z S (S B z) z) S (z (x B (v1 (z x B) (x (K I)) I (x K S))))) (z (I z (S z)) z S (z (v25 v21)) (x (B z (B (S B (z v5)))) (S I) (K (x K (v23 K)) K (K (z I (K x))))))
z K v14 I (z v10 (x v4 (x v18) z S (S B z) z) S (z (x B (v1 (z x B) (x (K I)) I (x K S))))) (z (z (S z)) z S (z (v25 v21)) (x (B z (B (S B (z v5)))) (S I) (K (x K (v23 K)) K (K (z I (K x))))))
z K v14 I (z v10 (x v4 (x v18) z S (S B z) z) S (z (x B (v1 (z x B) (x (K I)) I (x K S))))) (z (z (S z)) z S (z (v25 v21)) (x (B z (B (S B (z v5)))) (S I) (x K (v23 K) (K (z I (K x))))))
x (z (I K) S B K) K
x (z K S B K) K
K z (B v29 v22 x z)
z
K
v2
B (K (S x v11)) (v24 I (K x K S (K I K)) (v2 (B (v2 K S) S) (z I) S (v28 S))) (x I) (B z)
K (S x v11) (v24 I (K x K S (K I K)) (v2 (B (v2 K S) S) (z I) S (v28 S)) (x I)) (B z)
S x v11 (B z)
x (B z) (v11 (B z))
K (I x (x (I (S v19)) z) B) (v13 (K K) z) (K z (z v11) z v12)
I x (x (I (S v19)) z) B (K z (z v11) z v12)
x (x (I (S v19)) z) B (K z (z v11) z v12)
x (x (S v19) z) B (K z (z v11) z v12)
x (x (S v19) z) B (z z v12)
