S v1 (x S (v29 (K (z z))) (K (I (I (x z))) (z x S))) (I K (K S (v0 (z x)) K))
v1 (I K (K S (v0 (z x)) K)) (x S (v29 (K (z z))) (K (I (I (x z))) (z x S)) (I K (K S (v0 (z x)) K)))
v1 (K (K S (v0 (z x)) K)) (x S (v29 (K (z z))) (K (I (I (x z))) (z x S)) (I K (K S (v0 (z x)) K)))
v1 (K (S K)) (x S (v29 (K (z z))) (K (I (I (x z))) (z x S)) (I K (K S (v0 (z x)) K)))
v1 (K (S K)) (x S (v29 (K (z z))) (I (I (x z))) (I K (K S (v0 (z x)) K)))
v1 (K (S K)) (x S (v29 (K (z z))) (I (x z)) (I K (K S (v0 (z x)) K)))
v1 (K (S K)) (x S (v29 (K (z z))) (x z) (I K (K S (v0 (z x)) K)))
v1 (K (S K)) (x S (v29 (K (z z))) (x z) (K (K S (v0 (z x)) K)))
v1 (K (S K)) (x S (v29 (K (z z))) (x z) (K (S K)))
v23 (v11 K S) (z x) (z (I (I x) (S I x) B)) (v7 x (S (B I x) (B (S B) (K v9 v19 K z z (x K z)))) z)
v23 (v11 K S) (z x) (z (I x (S I x) B)) (v7 x (S (B I x) (B (S B) (K v9 v19 K z z (x K z)))) z)
v23 (v11 K S) (z x) (z (x (S I x) B)) (v7 x (S (B I x) (B (S B) (K v9 v19 K z z (x K z)))) z)
v23 (v11 K S) (z x) (z (x (S I x) B)) (v7 x (S (B I x) (B (S B) (v9 K z z (x K z)))) z)
I (x (B z) (I (v24 x))) (S (v11 z)) (x (I (B (B B)) v2 (x I) (x (z (K (S (z x)))) v13)) (S S (I (z (S v12 K))) I (K z) (v3 I S (K z))))
x (B z) (I (v24 x)) (S (v11 z)) (x (I (B (B B)) v2 (x I) (x (z (K (S (z x)))) v13)) (S S (I (z (S v12 K))) I (K z) (v3 I S (K z))))
x (B z) (v24 x) (S (v11 z)) (x (I (B (B B)) v2 (x I) (x (z (K (S (z x)))) v13)) (S S (I (z (S v12 K))) I (K z) (v3 I S (K z))))
x (B z) (v24 x) (S (v11 z)) (x (B (B B) v2 (x I) (x (z (K (S (z x)))) v13)) (S S (I (z (S v12 K))) I (K z) (v3 I S (K z))))
x (B z) (v24 x) (S (v11 z)) (x (B B (v2 (x I)) (x (z (K (S (z x)))) v13)) (S S (I (z (S v12 K))) I (K z) (v3 I S (K z))))
x (B z) (v24 x) (S (v11 z)) (x (B (v2 (x I) (x (z (K (S (z x)))) v13))) (S S (I (z (S v12 K))) I (K z) (v3 I S (K z))))
x (B z) (v24 x) (S (v11 z)) (x (B (v2 (x I) (x (z (K (S (z x)))) v13))) (S I (I (z (S v12 K)) I) (K z) (v3 I S (K z))))
x (B z) (v24 x) (S (v11 z)) (x (B (v2 (x I) (x (z (K (S (z x)))) v13))) (I (K z) (I (z (S v12 K)) I (K z)) (v3 I S (K z))))
x (B z) (v24 x) (S (v11 z)) (x (B (v2 (x I) (x (z (K (S (z x)))) v13))) (K z (I (z (S v12 K)) I (K z)) (v3 I S (K z))))
x (B z) (v24 x) (S (v11 z)) (x (B (v2 (x I) (x (z (K (S (z x)))) v13))) (z (v3 I S (K z))))
x K (S B z) (v20 (v2 I S z)) (x (B x (K v20 S) I x) S) v30 z
x K (S B z) (v20 (v2 I S z)) (x (x (K v20 S I) x) S) v30 z
x K (S B z) (v20 (v2 I S z)) (x (x (v20 I) x) S) v30 z
S x x I S (B (K v27)) (v23 I (S (I (B S)))) (K (x z) (K (x (z I I (z B x) S) (x K S)) (S (z (x I)) (x z) (x S (x K))))) (S (B S (S S K) x z) x (B I))
x I (x I) S (B (K v27)) (v23 I (S (I (B S)))) (K (x z) (K (x (z I I (z B x) S) (x K S)) (S (z (x I)) (x z) (x S (x K))))) (S (B S (S S K) x z) x (B I))
x I (x I) S (B (K v27)) (v23 I (S (B S))) (K (x z) (K (x (z I I (z B x) S) (x K S)) (S (z (x I)) (x z) (x S (x K))))) (S (B S (S S K) x z) x (B I))
x I (x I) S (B (K v27)) (v23 I (S (B S))) (x z) (S (B S (S S K) x z) x (B I))
x I (x I) S (B (K v27)) (v23 I (S (B S))) (x z) (B S (S S K) x z (B I) (x (B I)))
x I (x I) S (B (K v27)) (v23 I (S (B S))) (x z) (S (S S K x) z (B I) (x (B I)))
x I (x I) S (B (K v27)) (v23 I (S (B S))) (x z) (S S K x (B I) (z (B I)) (x (B I)))
x I (x I) S (B (K v27)) (v23 I (S (B S))) (x z) (S x (K x) (B I) (z (B I)) (x (B I)))
x I (x I) S (B (K v27)) (v23 I (S (B S))) (x z) (x (B I) (K x (B I)) (z (B I)) (x (B I)))
x I (x I) S (B (K v27)) (v23 I (S (B S))) (x z) (x (B I) x (z (B I)) (x (B I)))
I (v30 B v16 (z B B) (v5 (K z)) (B x (B (B z v22)) (v17 B)) (K (z (I (S (z v6)) (I K)))) I (S S z x (K (z v24) x v8 v28) (K z) S (v2 z))) K
v30 B v16 (z B B) (v5 (K z)) (B x (B (B z v22)) (v17 B)) (K (z (I (S (z v6)) (I K)))) I (S S z x (K (z v24) x v8 v28) (K z) S (v2 z)) K
v30 B v16 (z B B) (v5 (K z)) (x (B (B z v22) (v17 B))) (K (z (I (S (z v6)) (I K)))) I (S S z x (K (z v24) x v8 v28) (K z) S (v2 z)) K
v30 B v16 (z B B) (v5 (K z)) (x (B (B z v22) (v17 B))) (K (z (S (z v6) (I K)))) I (S S z x (K (z v24) x v8 v28) (K z) S (v2 z)) K
v30 B v16 (z B B) (v5 (K z)) (x (B (B z v22) (v17 B))) (K (z (S (z v6) K))) I (S S z x (K (z v24) x v8 v28) (K z) S (v2 z)) K
v30 B v16 (z B B) (v5 (K z)) (x (B (B z v22) (v17 B))) (K (z (S (z v6) K))) I (S x (z x) (K (z v24) x v8 v28) (K z) S (v2 z)) K
v30 B v16 (z B B) (v5 (K z)) (x (B (B z v22) (v17 B))) (K (z (S (z v6) K))) I (x (K (z v24) x v8 v28) (z x (K (z v24) x v8 v28)) (K z) S (v2 z)) K
v30 B v16 (z B B) (v5 (K z)) (x (B (B z v22) (v17 B))) (K (z (S (z v6) K))) I (x (z v24 v8 v28) (z x (K (z v24) x v8 v28)) (K z) S (v2 z)) K
v30 B v16 (z B B) (v5 (K z)) (x (B (B z v22) (v17 B))) (K (z (S (z v6) K))) I (x (z v24 v8 v28) (z x (z v24 v8 v28)) (K z) S (v2 z)) K
B x (S x (K K (B v0 z B) (v15 S B) x)) (v21 I (B B I) (I (v19 B)) (K z v17 K (S (z (K (I S))) K)))
x (S x (K K (B v0 z B) (v15 S B) x) (v21 I (B B I) (I (v19 B)) (K z v17 K (S (z (K (I S))) K))))
x (x (v21 I (B B I) (I (v19 B)) (K z v17 K (S (z (K (I S))) K))) (K K (B v0 z B) (v15 S B) x (v21 I (B B I) (I (v19 B)) (K z v17 K (S (z (K (I S))) K)))))
x (x (v21 I (B B I) (v19 B) (K z v17 K (S (z (K (I S))) K))) (K K (B v0 z B) (v15 S B) x (v21 I (B B I) (I (v19 B)) (K z v17 K (S (z (K (I S))) K)))))
x (x (v21 I (B B I) (v19 B) (z K (S (z (K (I S))) K))) (K K (B v0 z B) (v15 S B) x (v21 I (B B I) (I (v19 B)) (K z v17 K (S (z (K (I S))) K)))))
x (x (v21 I (B B I) (v19 B) (z K (S (z (K S)) K))) (K K (B v0 z B) (v15 S B) x (v21 I (B B I) (I (v19 B)) (K z v17 K (S (z (K (I S))) K)))))
x (x (v21 I (B B I) (v19 B) (z K (S (z (K S)) K))) (K (v15 S B) x (v21 I (B B I) (I (v19 B)) (K z v17 K (S (z (K (I S))) K)))))
x (x (v21 I (B B I) (v19 B) (z K (S (z (K S)) K))) (v15 S B (v21 I (B B I) (I (v19 B)) (K z v17 K (S (z (K (I S))) K)))))
x (x (v21 I (B B I) (v19 B) (z K (S (z (K S)) K))) (v15 S B (v21 I (B B I) (v19 B) (K z v17 K (S (z (K (I S))) K)))))
x (x (v21 I (B B I) (v19 B) (z K (S (z (K S)) K))) (v15 S B (v21 I (B B I) (v19 B) (z K (S (z (K (I S))) K)))))
x (x (v21 I (B B I) (v19 B) (z K (S (z (K S)) K))) (v15 S B (v21 I (B B I) (v19 B) (z K (S (z (K S)) K)))))
I (S (v23 (v20 z) v22) (I x)) (z z K) K (S I) (I (K B) (x S v17 (K (B S))) (K S (K S))) (x (K (v29 S K v14 (I (x z) v5 x) x))) (K (K K))
S (v23 (v20 z) v22) (I x) (z z K) K (S I) (I (K B) (x S v17 (K (B S))) (K S (K S))) (x (K (v29 S K v14 (I (x z) v5 x) x))) (K (K K))
v23 (v20 z) v22 (z z K) (I x (z z K)) K (S I) (I (K B) (x S v17 (K (B S))) (K S (K S))) (x (K (v29 S K v14 (I (x z) v5 x) x))) (K (K K))
v23 (v20 z) v22 (z z K) (x (z z K)) K (S I) (I (K B) (x S v17 (K (B S))) (K S (K S))) (x (K (v29 S K v14 (I (x z) v5 x) x))) (K (K K))
v23 (v20 z) v22 (z z K) (x (z z K)) K (S I) (K B (x S v17 (K (B S))) (K S (K S))) (x (K (v29 S K v14 (I (x z) v5 x) x))) (K (K K))
v23 (v20 z) v22 (z z K) (x (z z K)) K (S I) (B (K S (K S))) (x (K (v29 S K v14 (I (x z) v5 x) x))) (K (K K))
v23 (v20 z) v22 (z z K) (x (z z K)) K (S I) (B S) (x (K (v29 S K v14 (I (x z) v5 x) x))) (K (K K))
v23 (v20 z) v22 (z z K) (x (z z K)) K (S I) (B S) (x (K (v29 S K v14 (x z v5 x) x))) (K (K K))
I (v16 B (x z (z v8) v9)) (x (z x (K (I (B B) (K S (z (B B S)))))) I (K (I x) v7) (z z (I (x (K B))) (z (S B K (B I)) (x B (B (K S I) (B (z (I I))))) B) (v27 K v23 (S (v21 x I x) I)) (x z (v16 v24 (S (B x)))))) (K (K (z I v3 B (z B)) (S I (z x) S (v23 K (x v14)))))
v16 B (x z (z v8) v9) (x (z x (K (I (B B) (K S (z (B B S)))))) I (K (I x) v7) (z z (I (x (K B))) (z (S B K (B I)) (x B (B (K S I) (B (z (I I))))) B) (v27 K v23 (S (v21 x I x) I)) (x z (v16 v24 (S (B x)))))) (K (K (z I v3 B (z B)) (S I (z x) S (v23 K (x v14)))))
v16 B (x z (z v8) v9) (x (z x (K (B B (K S (z (B B S)))))) I (K (I x) v7) (z z (I (x (K B))) (z (S B K (B I)) (x B (B (K S I) (B (z (I I))))) B) (v27 K v23 (S (v21 x I x) I)) (x z (v16 v24 (S (B x)))))) (K (K (z I v3 B (z B)) (S I (z x) S (v23 K (x v14)))))
v16 B (x z (z v8) v9) (x (z x (K (B B S))) I (K (I x) v7) (z z (I (x (K B))) (z (S B K (B I)) (x B (B (K S I) (B (z (I I))))) B) (v27 K v23 (S (v21 x I x) I)) (x z (v16 v24 (S (B x)))))) (K (K (z I v3 B (z B)) (S I (z x) S (v23 K (x v14)))))
v16 B (x z (z v8) v9) (x (z x (K (B B S))) I (I x) (z z (I (x (K B))) (z (S B K (B I)) (x B (B (K S I) (B (z (I I))))) B) (v27 K v23 (S (v21 x I x) I)) (x z (v16 v24 (S (B x)))))) (K (K (z I v3 B (z B)) (S I (z x) S (v23 K (x v14)))))
v16 B (x z (z v8) v9) (x (z x (K (B B S))) I x (z z (I (x (K B))) (z (S B K (B I)) (x B (B (K S I) (B (z (I I))))) B) (v27 K v23 (S (v21 x I x) I)) (x z (v16 v24 (S (B x)))))) (K (K (z I v3 B (z B)) (S I (z x) S (v23 K (x v14)))))
v16 B (x z (z v8) v9) (x (z x (K (B B S))) I x (z z (x (K B)) (z (S B K (B I)) (x B (B (K S I) (B (z (I I))))) B) (v27 K v23 (S (v21 x I x) I)) (x z (v16 v24 (S (B x)))))) (K (K (z I v3 B (z B)) (S I (z x) S (v23 K (x v14)))))
v16 B (x z (z v8) v9) (x (z x (K (B B S))) I x (z z (x (K B)) (z (B (B I) (K (B I))) (x B (B (K S I) (B (z (I I))))) B) (v27 K v23 (S (v21 x I x) I)) (x z (v16 v24 (S (B x)))))) (K (K (z I v3 B (z B)) (S I (z x) S (v23 K (x v14)))))
v16 B (x z (z v8) v9) (x (z x (K (B B S))) I x (z z (x (K B)) (z (B (B I) (K (B I))) (x B (B S (B (z (I I))))) B) (v27 K v23 (S (v21 x I x) I)) (x z (v16 v24 (S (B x)))))) (K (K (z I v3 B (z B)) (S I (z x) S (v23 K (x v14)))))
v16 B (x z (z v8) v9) (x (z x (K (B B S))) I x (z z (x (K B)) (z (B (B I) (K (B I))) (x B (B S (B (z I)))) B) (v27 K v23 (S (v21 x I x) I)) (x z (v16 v24 (S (B x)))))) (K (K (z I v3 B (z B)) (S I (z x) S (v23 K (x v14)))))
v16 B (x z (z v8) v9) (x (z x (K (B B S))) I x (z z (x (K B)) (z (B (B I) (K (B I))) (x B (B S (B (z I)))) B) (v27 K v23 (S (v21 x I x) I)) (x z (v16 v24 (S (B x)))))) (K (z I v3 B (z B)))
I
