x (I (B (K I (x S))) (S B) (B (K (v28 B)) B) (S B) S (I K (x K) I (I x)) v8)
x (B (K I (x S)) (S B) (B (K (v28 B)) B) (S B) S (I K (x K) I (I x)) v8)
x (K I (x S) (S B (B (K (v28 B)) B)) (S B) S (I K (x K) I (I x)) v8)
x (I (S B (B (K (v28 B)) B)) (S B) S (I K (x K) I (I x)) v8)
x (S B (B (K (v28 B)) B) (S B) S (I K (x K) I (I x)) v8)
x (B (S B) (B (K (v28 B)) B (S B)) S (I K (x K) I (I x)) v8)
x (S B (B (K (v28 B)) B (S B) S) (I K (x K) I (I x)) v8)
x (B (I K (x K) I (I x)) (B (K (v28 B)) B (S B) S (I K (x K) I (I x))) v8)
x (I K (x K) I (I x) (B (K (v28 B)) B (S B) S (I K (x K) I (I x)) v8))
x (K (x K) I (I x) (B (K (v28 B)) B (S B) S (I K (x K) I (I x)) v8))
x (x K (I x) (B (K (v28 B)) B (S B) S (I K (x K) I (I x)) v8))
x (x K x (B (K (v28 B)) B (S B) S (I K (x K) I (I x)) v8))
x (x K x (K (v28 B) (B (S B)) S (I K (x K) I (I x)) v8))
x (x K x (v28 B S (I K (x K) I (I x)) v8))
x (x K x (v28 B S (K (x K) I (I x)) v8))
x (x K x (v28 B S (x K (I x)) v8))
x (x K x (v28 B S (x K x) v8))
v11 (x v13 (x (v30 (I x) (v18 x))) (K (K (B I)) I)) (z (z v5) (v13 (K (z z (v11 (I x B))))) (B (K (K x))) (B z (z (I S) (x x) S)) K x)
v11 (x v13 (x (v30 x (v18 x))) (K (K (B I)) I)) (z (z v5) (v13 (K (z z (v11 (I x B))))) (B (K (K x))) (B z (z (I S) (x x) S)) K x)
v11 (x v13 (x (v30 x (v18 x))) (K (B I))) (z (z v5) (v13 (K (z z (v11 (I x B))))) (B (K (K x))) (B z (z (I S) (x x) S)) K x)
v11 (x v13 (x (v30 x (v18 x))) (K (B I))) (z (z v5) (v13 (K (z z (v11 (x B))))) (B (K (K x))) (B z (z (I S) (x x) S)) K x)
v11 (x v13 (x (v30 x (v18 x))) (K (B I))) (z (z v5) (v13 (K (z z (v11 (x B))))) (B (K (K x))) (B z (z S (x x) S)) K x)
v21 (z I (K (x (v20 I) B) I)) (x x) (B (I (I S x K) S) (S (x I) v22)) (K I)
v21 (z I (x (v20 I) B)) (x x) (B (I (I S x K) S) (S (x I) v22)) (K I)
v21 (z I (x (v20 I) B)) (x x) (B (I S x K S) (S (x I) v22)) (K I)
v21 (z I (x (v20 I) B)) (x x) (B (S x K S) (S (x I) v22)) (K I)
v21 (z I (x (v20 I) B)) (x x) (B (x S (K S)) (S (x I) v22)) (K I)
K B
z (S (v17 v20))
S (v28 (B (B B) (S z K v21 K)) S)
S (v28 (B (B B) (z v21 (K v21) K)) S)
K (I z) (I v3 (z K (K (S B) K)) z)
I z
z
x (K (v26 B) (I (K K (B S S z)) (v3 (K (S (I z) (z (v10 z) (v30 x I)))))) (B x (x S) (I K) (x (B B K) (I (B v19)) (v18 (I I) K x K x)) B)) (I (K v15 z) I K (v15 v22 K (B B)) K (I z (I (B K) (x B I z (x (v22 x z x) (z (K (K S) (v6 z)) K K))))))
x (v26 B (B x (x S) (I K) (x (B B K) (I (B v19)) (v18 (I I) K x K x)) B)) (I (K v15 z) I K (v15 v22 K (B B)) K (I z (I (B K) (x B I z (x (v22 x z x) (z (K (K S) (v6 z)) K K))))))
x (v26 B (x (x S (I K)) (x (B B K) (I (B v19)) (v18 (I I) K x K x)) B)) (I (K v15 z) I K (v15 v22 K (B B)) K (I z (I (B K) (x B I z (x (v22 x z x) (z (K (K S) (v6 z)) K K))))))
x (v26 B (x (x S K) (x (B B K) (I (B v19)) (v18 (I I) K x K x)) B)) (I (K v15 z) I K (v15 v22 K (B B)) K (I z (I (B K) (x B I z (x (v22 x z x) (z (K (K S) (v6 z)) K K))))))
x (v26 B (x (x S K) (x (B B K) (B v19) (v18 (I I) K x K x)) B)) (I (K v15 z) I K (v15 v22 K (B B)) K (I z (I (B K) (x B I z (x (v22 x z x) (z (K (K S) (v6 z)) K K))))))
x (v26 B (x (x S K) (x (B B K) (B v19) (v18 I K x K x)) B)) (I (K v15 z) I K (v15 v22 K (B B)) K (I z (I (B K) (x B I z (x (v22 x z x) (z (K (K S) (v6 z)) K K))))))
x (v26 B (x (x S K) (x (B B K) (B v19) (v18 I K x K x)) B)) (K v15 z I K (v15 v22 K (B B)) K (I z (I (B K) (x B I z (x (v22 x z x) (z (K (K S) (v6 z)) K K))))))
x (v26 B (x (x S K) (x (B B K) (B v19) (v18 I K x K x)) B)) (v15 I K (v15 v22 K (B B)) K (I z (I (B K) (x B I z (x (v22 x z x) (z (K (K S) (v6 z)) K K))))))
x (v26 B (x (x S K) (x (B B K) (B v19) (v18 I K x K x)) B)) (v15 I K (v15 v22 K (B B)) K (z (I (B K) (x B I z (x (v22 x z x) (z (K (K S) (v6 z)) K K))))))
x (v26 B (x (x S K) (x (B B K) (B v19) (v18 I K x K x)) B)) (v15 I K (v15 v22 K (B B)) K (z (B K (x B I z (x (v22 x z x) (z (K (K S) (v6 z)) K K))))))
x (v26 B (x (x S K) (x (B B K) (B v19) (v18 I K x K x)) B)) (v15 I K (v15 v22 K (B B)) K (z (B K (x B I z (x (v22 x z x) (z (K S) K K))))))
S I (S z (x K) (B I (B (K (x (S I))) B S) (v7 S)) v4 x) (v15 (I (I x S) z (v14 x z (I I S)) (v18 x)) z (x (S z (B B) (I (v28 (B I)) K)) v11 (v22 (K (v19 K (B S))) (K (S (v2 (K v3 v27)))) (K S) (K (x S)))))
I (v15 (I (I x S) z (v14 x z (I I S)) (v18 x)) z (x (S z (B B) (I (v28 (B I)) K)) v11 (v22 (K (v19 K (B S))) (K (S (v2 (K v3 v27)))) (K S) (K (x S))))) (S z (x K) (B I (B (K (x (S I))) B S) (v7 S)) v4 x (v15 (I (I x S) z (v14 x z (I I S)) (v18 x)) z (x (S z (B B) (I (v28 (B I)) K)) v11 (v22 (K (v19 K (B S))) (K (S (v2 (K v3 v27)))) (K S) (K (x S))))))
v15 (I (I x S) z (v14 x z (I I S)) (v18 x)) z (x (S z (B B) (I (v28 (B I)) K)) v11 (v22 (K (v19 K (B S))) (K (S (v2 (K v3 v27)))) (K S) (K (x S)))) (S z (x K) (B I (B (K (x (S I))) B S) (v7 S)) v4 x (v15 (I (I x S) z (v14 x z (I I S)) (v18 x)) z (x (S z (B B) (I (v28 (B I)) K)) v11 (v22 (K (v19 K (B S))) (K (S (v2 (K v3 v27)))) (K S) (K (x S))))))
v15 (I x S z (v14 x z (I I S)) (v18 x)) z (x (S z (B B) (I (v28 (B I)) K)) v11 (v22 (K (v19 K (B S))) (K (S (v2 (K v3 v27)))) (K S) (K (x S)))) (S z (x K) (B I (B (K (x (S I))) B S) (v7 S)) v4 x (v15 (I (I x S) z (v14 x z (I I S)) (v18 x)) z (x (S z (B B) (I (v28 (B I)) K)) v11 (v22 (K (v19 K (B S))) (K (S (v2 (K v3 v27)))) (K S) (K (x S))))))
v15 (x S z (v14 x z (I I S)) (v18 x)) z (x (S z (B B) (I (v28 (B I)) K)) v11 (v22 (K (v19 K (B S))) (K (S (v2 (K v3 v27)))) (K S) (K (x S)))) (S z (x K) (B I (B (K (x (S I))) B S) (v7 S)) v4 x (v15 (I (I x S) z (v14 x z (I I S)) (v18 x)) z (x (S z (B B) (I (v28 (B I)) K)) v11 (v22 (K (v19 K (B S))) (K (S (v2 (K v3 v27)))) (K S) (K (x S))))))
v15 (x S z (v14 x z (I S)) (v18 x)) z (x (S z (B B) (I (v28 (B I)) K)) v11 (v22 (K (v19 K (B S))) (K (S (v2 (K v3 v27)))) (K S) (K (x S)))) (S z (x K) (B I (B (K (x (S I))) B S) (v7 S)) v4 x (v15 (I (I x S) z (v14 x z (I I S)) (v18 x)) z (x (S z (B B) (I (v28 (B I)) K)) v11 (v22 (K (v19 K (B S))) (K (S (v2 (K v3 v27)))) (K S) (K (x S))))))
v15 (x S z (v14 x z S) (v18 x)) z (x (S z (B B) (I (v28 (B I)) K)) v11 (v22 (K (v19 K (B S))) (K (S (v2 (K v3 v27)))) (K S) (K (x S)))) (S z (x K) (B I (B (K (x (S I))) B S) (v7 S)) v4 x (v15 (I (I x S) z (v14 x z (I I S)) (v18 x)) z (x (S z (B B) (I (v28 (B I)) K)) v11 (v22 (K (v19 K (B S))) (K (S (v2 (K v3 v27)))) (K S) (K (x S))))))
v15 (x S z (v14 x z S) (v18 x)) z (x (z (I (v28 (B I)) K) (B B (I (v28 (B I)) K))) v11 (v22 (K (v19 K (B S))) (K (S (v2 (K v3 v27)))) (K S) (K (x S)))) (S z (x K) (B I (B (K (x (S I))) B S) (v7 S)) v4 x (v15 (I (I x S) z (v14 x z (I I S)) (v18 x)) z (x (S z (B B) (I (v28 (B I)) K)) v11 (v22 (K (v19 K (B S))) (K (S (v2 (K v3 v27)))) (K S) (K (x S))))))
v15 (x S z (v14 x z S) (v18 x)) z (x (z (v28 (B I) K) (B B (I (v28 (B I)) K))) v11 (v22 (K (v19 K (B S))) (K (S (v2 (K v3 v27)))) (K S) (K (x S)))) (S z (x K) (B I (B (K (x (S I))) B S) (v7 S)) v4 x (v15 (I (I x S) z (v14 x z (I I S)) (v18 x)) z (x (S z (B B) (I (v28 (B I)) K)) v11 (v22 (K (v19 K (B S))) (K (S (v2 (K v3 v27)))) (K S) (K (x S))))))
v15 (x S z (v14 x z S) (v18 x)) z (x (z (v28 (B I) K) (B B (v28 (B I) K))) v11 (v22 (K (v19 K (B S))) (K (S (v2 (K v3 v27)))) (K S) (K (x S)))) (S z (x K) (B I (B (K (x (S I))) B S) (v7 S)) v4 x (v15 (I (I x S) z (v14 x z (I I S)) (v18 x)) z (x (S z (B B) (I (v28 (B I)) K)) v11 (v22 (K (v19 K (B S))) (K (S (v2 (K v3 v27)))) (K S) (K (x S))))))
v15 (x S z (v14 x z S) (v18 x)) z (x (z (v28 (B I) K) (B B (v28 (B I) K))) v11 (v22 (K (v19 K (B S))) (K (S (v2 v3))) (K S) (K (x S)))) (S z (x K) (B I (B (K (x (S I))) B S) (v7 S)) v4 x (v15 (I (I x S) z (v14 x z (I I S)) (v18 x)) z (x (S z (B B) (I (v28 (B I)) K)) v11 (v22 (K (v19 K (B S))) (K (S (v2 (K v3 v27)))) (K S) (K (x S))))))
v15 (x S z (v14 x z S) (v18 x)) z (x (z (v28 (B I) K) (B B (v28 (B I) K))) v11 (v22 (K (v19 K (B S))) (K (S (v2 v3))) (K S) (K (x S)))) (z (B I (B (K (x (S I))) B S) (v7 S)) (x K (B I (B (K (x (S I))) B S) (v7 S))) v4 x (v15 (I (I x S) z (v14 x z (I I S)) (v18 x)) z (x (S z (B B) (I (v28 (B I)) K)) v11 (v22 (K (v19 K (B S))) (K (S (v2 (K v3 v27)))) (K S) (K (x S))))))
v15 (x S z (v14 x z S) (v18 x)) z (x (z (v28 (B I) K) (B B (v28 (B I) K))) v11 (v22 (K (v19 K (B S))) (K (S (v2 v3))) (K S) (K (x S)))) (z (I (B (K (x (S I))) B S (v7 S))) (x K (B I (B (K (x (S I))) B S) (v7 S))) v4 x (v15 (I (I x S) z (v14 x z (I I S)) (v18 x)) z (x (S z (B B) (I (v28 (B I)) K)) v11 (v22 (K (v19 K (B S))) (K (S (v2 (K v3 v27)))) (K S) (K (x S))))))
v15 (x S z (v14 x z S) (v18 x)) z (x (z (v28 (B I) K) (B B (v28 (B I) K))) v11 (v22 (K (v19 K (B S))) (K (S (v2 v3))) (K S) (K (x S)))) (z (B (K (x (S I))) B S (v7 S)) (x K (B I (B (K (x (S I))) B S) (v7 S))) v4 x (v15 (I (I x S) z (v14 x z (I I S)) (v18 x)) z (x (S z (B B) (I (v28 (B I)) K)) v11 (v22 (K (v19 K (B S))) (K (S (v2 (K v3 v27)))) (K S) (K (x S))))))
v15 (x S z (v14 x z S) (v18 x)) z (x (z (v28 (B I) K) (B B (v28 (B I) K))) v11 (v22 (K (v19 K (B S))) (K (S (v2 v3))) (K S) (K (x S)))) (z (K (x (S I)) (B S) (v7 S)) (x K (B I (B (K (x (S I))) B S) (v7 S))) v4 x (v15 (I (I x S) z (v14 x z (I I S)) (v18 x)) z (x (S z (B B) (I (v28 (B I)) K)) v11 (v22 (K (v19 K (B S))) (K (S (v2 (K v3 v27)))) (K S) (K (x S))))))
v15 (x S z (v14 x z S) (v18 x)) z (x (z (v28 (B I) K) (B B (v28 (B I) K))) v11 (v22 (K (v19 K (B S))) (K (S (v2 v3))) (K S) (K (x S)))) (z (x (S I) (v7 S)) (x K (B I (B (K (x (S I))) B S) (v7 S))) v4 x (v15 (I (I x S) z (v14 x z (I I S)) (v18 x)) z (x (S z (B B) (I (v28 (B I)) K)) v11 (v22 (K (v19 K (B S))) (K (S (v2 (K v3 v27)))) (K S) (K (x S))))))
v15 (x S z (v14 x z S) (v18 x)) z (x (z (v28 (B I) K) (B B (v28 (B I) K))) v11 (v22 (K (v19 K (B S))) (K (S (v2 v3))) (K S) (K (x S)))) (z (x (S I) (v7 S)) (x K (I (B (K (x (S I))) B S (v7 S)))) v4 x (v15 (I (I x S) z (v14 x z (I I S)) (v18 x)) z (x (S z (B B) (I (v28 (B I)) K)) v11 (v22 (K (v19 K (B S))) (K (S (v2 (K v3 v27)))) (K S) (K (x S))))))
v15 (x S z (v14 x z S) (v18 x)) z (x (z (v28 (B I) K) (B B (v28 (B I) K))) v11 (v22 (K (v19 K (B S))) (K (S (v2 v3))) (K S) (K (x S)))) (z (x (S I) (v7 S)) (x K (B (K (x (S I))) B S (v7 S))) v4 x (v15 (I (I x S) z (v14 x z (I I S)) (v18 x)) z (x (S z (B B) (I (v28 (B I)) K)) v11 (v22 (K (v19 K (B S))) (K (S (v2 (K v3 v27)))) (K S) (K (x S))))))
v15 (x S z (v14 x z S) (v18 x)) z (x (z (v28 (B I) K) (B B (v28 (B I) K))) v11 (v22 (K (v19 K (B S))) (K (S (v2 v3))) (K S) (K (x S)))) (z (x (S I) (v7 S)) (x K (K (x (S I)) (B S) (v7 S))) v4 x (v15 (I (I x S) z (v14 x z (I I S)) (v18 x)) z (x (S z (B B) (I (v28 (B I)) K)) v11 (v22 (K (v19 K (B S))) (K (S (v2 (K v3 v27)))) (K S) (K (x S))))))
v15 (x S z (v14 x z S) (v18 x)) z (x (z (v28 (B I) K) (B B (v28 (B I) K))) v11 (v22 (K (v19 K (B S))) (K (S (v2 v3))) (K S) (K (x S)))) (z (x (S I) (v7 S)) (x K (x (S I) (v7 S))) v4 x (v15 (I (I x S) z (v14 x z (I I S)) (v18 x)) z (x (S z (B B) (I (v28 (B I)) K)) v11 (v22 (K (v19 K (B S))) (K (S (v2 (K v3 v27)))) (K S) (K (x S))))))
v15 (x S z (v14 x z S) (v18 x)) z (x (z (v28 (B I) K) (B B (v28 (B I) K))) v11 (v22 (K (v19 K (B S))) (K (S (v2 v3))) (K S) (K (x S)))) (z (x (S I) (v7 S)) (x K (x (S I) (v7 S))) v4 x (v15 (I x S z (v14 x z (I I S)) (v18 x)) z (x (S z (B B) (I (v28 (B I)) K)) v11 (v22 (K (v19 K (B S))) (K (S (v2 (K v3 v27)))) (K S) (K (x S))))))
v15 (x S z (v14 x z S) (v18 x)) z (x (z (v28 (B I) K) (B B (v28 (B I) K))) v11 (v22 (K (v19 K (B S))) (K (S (v2 v3))) (K S) (K (x S)))) (z (x (S I) (v7 S)) (x K (x (S I) (v7 S))) v4 x (v15 (x S z (v14 x z (I I S)) (v18 x)) z (x (S z (B B) (I (v28 (B I)) K)) v11 (v22 (K (v19 K (B S))) (K (S (v2 (K v3 v27)))) (K S) (K (x S))))))
v15 (x S z (v14 x z S) (v18 x)) z (x (z (v28 (B I) K) (B B (v28 (B I) K))) v11 (v22 (K (v19 K (B S))) (K (S (v2 v3))) (K S) (K (x S)))) (z (x (S I) (v7 S)) (x K (x (S I) (v7 S))) v4 x (v15 (x S z (v14 x z (I S)) (v18 x)) z (x (S z (B B) (I (v28 (B I)) K)) v11 (v22 (K (v19 K (B S))) (K (S (v2 (K v3 v27)))) (K S) (K (x S))))))
v15 (x S z (v14 x z S) (v18 x)) z (x (z (v28 (B I) K) (B B (v28 (B I) K))) v11 (v22 (K (v19 K (B S))) (K (S (v2 v3))) (K S) (K (x S)))) (z (x (S I) (v7 S)) (x K (x (S I) (v7 S))) v4 x (v15 (x S z (v14 x z S) (v18 x)) z (x (S z (B B) (I (v28 (B I)) K)) v11 (v22 (K (v19 K (B S))) (K (S (v2 (K v3 v27)))) (K S) (K (x S))))))
v15 (x S z (v14 x z S) (v18 x)) z (x (z (v28 (B I) K) (B B (v28 (B I) K))) v11 (v22 (K (v19 K (B S))) (K (S (v2 v3))) (K S) (K (x S)))) (z (x (S I) (v7 S)) (x K (x (S I) (v7 S))) v4 x (v15 (x S z (v14 x z S) (v18 x)) z (x (z (I (v28 (B I)) K) (B B (I (v28 (B I)) K))) v11 (v22 (K (v19 K (B S))) (K (S (v2 (K v3 v27)))) (K S) (K (x S))))))
v15 (x S z (v14 x z S) (v18 x)) z (x (z (v28 (B I) K) (B B (v28 (B I) K))) v11 (v22 (K (v19 K (B S))) (K (S (v2 v3))) (K S) (K (x S)))) (z (x (S I) (v7 S)) (x K (x (S I) (v7 S))) v4 x (v15 (x S z (v14 x z S) (v18 x)) z (x (z (v28 (B I) K) (B B (I (v28 (B I)) K))) v11 (v22 (K (v19 K (B S))) (K (S (v2 (K v3 v27)))) (K S) (K (x S))))))
v15 (x S z (v14 x z S) (v18 x)) z (x (z (v28 (B I) K) (B B (v28 (B I) K))) v11 (v22 (K (v19 K (B S))) (K (S (v2 v3))) (K S) (K (x S)))) (z (x (S I) (v7 S)) (x K (x (S I) (v7 S))) v4 x (v15 (x S z (v14 x z S) (v18 x)) z (x (z (v28 (B I) K) (B B (v28 (B I) K))) v11 (v22 (K (v19 K (B S))) (K (S (v2 (K v3 v27)))) (K S) (K (x S))))))
v15 (x S z (v14 x z S) (v18 x)) z (x (z (v28 (B I) K) (B B (v28 (B I) K))) v11 (v22 (K (v19 K (B S))) (K (S (v2 v3))) (K S) (K (x S)))) (z (x (S I) (v7 S)) (x K (x (S I) (v7 S))) v4 x (v15 (x S z (v14 x z S) (v18 x)) z (x (z (v28 (B I) K) (B B (v28 (B I) K))) v11 (v22 (K (v19 K (B S))) (K (S (v2 v3))) (K S) (K (x S))))))
z
