z (z (I (S v10 v20))) (I (x (v23 (B K))) (S S S) z) (I I (v25 (K (I K) (B I) x K))) S (K x (K (K (B (B (x B)) S) v15) z (S (K (B v23))) K) (v23 (B I)))
z (z (S v10 v20)) (I (x (v23 (B K))) (S S S) z) (I I (v25 (K (I K) (B I) x K))) S (K x (K (K (B (B (x B)) S) v15) z (S (K (B v23))) K) (v23 (B I)))
z (z (S v10 v20)) (x (v23 (B K)) (S S S) z) (I I (v25 (K (I K) (B I) x K))) S (K x (K (K (B (B (x B)) S) v15) z (S (K (B v23))) K) (v23 (B I)))
z (z (S v10 v20)) (x (v23 (B K)) (S S S) z) (I (v25 (K (I K) (B I) x K))) S (K x (K (K (B (B (x B)) S) v15) z (S (K (B v23))) K) (v23 (B I)))
z (z (S v10 v20)) (x (v23 (B K)) (S S S) z) (v25 (K (I K) (B I) x K)) S (K x (K (K (B (B (x B)) S) v15) z (S (K (B v23))) K) (v23 (B I)))
z (z (S v10 v20)) (x (v23 (B K)) (S S S) z) (v25 (I K x K)) S (K x (K (K (B (B (x B)) S) v15) z (S (K (B v23))) K) (v23 (B I)))
z (z (S v10 v20)) (x (v23 (B K)) (S S S) z) (v25 (K x K)) S (K x (K (K (B (B (x B)) S) v15) z (S (K (B v23))) K) (v23 (B I)))
z (z (S v10 v20)) (x (v23 (B K)) (S S S) z) (v25 x) S (K x (K (K (B (B (x B)) S) v15) z (S (K (B v23))) K) (v23 (B I)))
z (z (S v10 v20)) (x (v23 (B K)) (S S S) z) (v25 x) S (x (v23 (B I)))
v26
v13 x
B (z B) K (S (v11 (B (K S) (I (K z v2 (v9 K)) (B B)))) (I (I (x I) (S I)))) (v5 (I I (x B))) z (K B (x (x (S (S I))) (B (I (x I S))) (x (v5 K)) B))
z B (K (S (v11 (B (K S) (I (K z v2 (v9 K)) (B B)))) (I (I (x I) (S I))))) (v5 (I I (x B))) z (K B (x (x (S (S I))) (B (I (x I S))) (x (v5 K)) B))
z B (K (S (v11 (B (K S) (K z v2 (v9 K) (B B)))) (I (I (x I) (S I))))) (v5 (I I (x B))) z (K B (x (x (S (S I))) (B (I (x I S))) (x (v5 K)) B))
z B (K (S (v11 (B (K S) (z (v9 K) (B B)))) (I (I (x I) (S I))))) (v5 (I I (x B))) z (K B (x (x (S (S I))) (B (I (x I S))) (x (v5 K)) B))
z B (K (S (v11 (B (K S) (z (v9 K) (B B)))) (I (x I) (S I)))) (v5 (I I (x B))) z (K B (x (x (S (S I))) (B (I (x I S))) (x (v5 K)) B))
z B (K (S (v11 (B (K S) (z (v9 K) (B B)))) (x I (S I)))) (v5 (I I (x B))) z (K B (x (x (S (S I))) (B (I (x I S))) (x (v5 K)) B))
z B (K (S (v11 (B (K S) (z (v9 K) (B B)))) (x I (S I)))) (v5 (I (x B))) z (K B (x (x (S (S I))) (B (I (x I S))) (x (v5 K)) B))
z B (K (S (v11 (B (K S) (z (v9 K) (B B)))) (x I (S I)))) (v5 (x B)) z (K B (x (x (S (S I))) (B (I (x I S))) (x (v5 K)) B))
z B (K (S (v11 (B (K S) (z (v9 K) (B B)))) (x I (S I)))) (v5 (x B)) z B
S (B (z (S (x K)) z B))
x x (x (S I (K (x (x v14))) K) x S)
x x (x (I K (K (x (x v14)) K)) x S)
x x (x (K (K (x (x v14)) K)) x S)
x x (x (K (x (x v14))) x S)
z K
S x v27
z (I x (K (x v8)) (I (z v17) z) (I (B (I v28) v14 S)) (S (K x (z (z K K v22 S))) (S z (B I) (z x) S (z I (v22 z B (B K (x (S S)))) x) (S I))) (I (z (B x) (B B (S (x v29)))) (K v17 v17 (S I) (I (x S (x (v28 (x z I))))) (K (z x)) I)))
z (x (K (x v8)) (I (z v17) z) (I (B (I v28) v14 S)) (S (K x (z (z K K v22 S))) (S z (B I) (z x) S (z I (v22 z B (B K (x (S S)))) x) (S I))) (I (z (B x) (B B (S (x v29)))) (K v17 v17 (S I) (I (x S (x (v28 (x z I))))) (K (z x)) I)))
z (x (K (x v8)) (z v17 z) (I (B (I v28) v14 S)) (S (K x (z (z K K v22 S))) (S z (B I) (z x) S (z I (v22 z B (B K (x (S S)))) x) (S I))) (I (z (B x) (B B (S (x v29)))) (K v17 v17 (S I) (I (x S (x (v28 (x z I))))) (K (z x)) I)))
z (x (K (x v8)) (z v17 z) (B (I v28) v14 S) (S (K x (z (z K K v22 S))) (S z (B I) (z x) S (z I (v22 z B (B K (x (S S)))) x) (S I))) (I (z (B x) (B B (S (x v29)))) (K v17 v17 (S I) (I (x S (x (v28 (x z I))))) (K (z x)) I)))
z (x (K (x v8)) (z v17 z) (I v28 (v14 S)) (S (K x (z (z K K v22 S))) (S z (B I) (z x) S (z I (v22 z B (B K (x (S S)))) x) (S I))) (I (z (B x) (B B (S (x v29)))) (K v17 v17 (S I) (I (x S (x (v28 (x z I))))) (K (z x)) I)))
z (x (K (x v8)) (z v17 z) (v28 (v14 S)) (S (K x (z (z K K v22 S))) (S z (B I) (z x) S (z I (v22 z B (B K (x (S S)))) x) (S I))) (I (z (B x) (B B (S (x v29)))) (K v17 v17 (S I) (I (x S (x (v28 (x z I))))) (K (z x)) I)))
z (x (K (x v8)) (z v17 z) (v28 (v14 S)) (S x (S z (B I) (z x) S (z I (v22 z B (B K (x (S S)))) x) (S I))) (I (z (B x) (B B (S (x v29)))) (K v17 v17 (S I) (I (x S (x (v28 (x z I))))) (K (z x)) I)))
z (x (K (x v8)) (z v17 z) (v28 (v14 S)) (S x (z (z x) (B I (z x)) S (z I (v22 z B (B K (x (S S)))) x) (S I))) (I (z (B x) (B B (S (x v29)))) (K v17 v17 (S I) (I (x S (x (v28 (x z I))))) (K (z x)) I)))
z (x (K (x v8)) (z v17 z) (v28 (v14 S)) (S x (z (z x) (B I (z x)) S (z I (v22 z B (B K (x (S S)))) x) (S I))) (z (B x) (B B (S (x v29))) (K v17 v17 (S I) (I (x S (x (v28 (x z I))))) (K (z x)) I)))
z (x (K (x v8)) (z v17 z) (v28 (v14 S)) (S x (z (z x) (B I (z x)) S (z I (v22 z B (B K (x (S S)))) x) (S I))) (z (B x) (B B (S (x v29))) (v17 (S I) (I (x S (x (v28 (x z I))))) (K (z x)) I)))
z (x (K (x v8)) (z v17 z) (v28 (v14 S)) (S x (z (z x) (B I (z x)) S (z I (v22 z B (B K (x (S S)))) x) (S I))) (z (B x) (B B (S (x v29))) (v17 (S I) (x S (x (v28 (x z I)))) (K (z x)) I)))
z (x z x (S I (v19 (B (I x)))) (I (v2 z) K) (x K z) B (z (K B K) (K (z S)) (K (S z) (B K x v14)) (I (v2 (x z)) (x K) (I (I B (I x))))))
z (x z x (S I (v19 (B x))) (I (v2 z) K) (x K z) B (z (K B K) (K (z S)) (K (S z) (B K x v14)) (I (v2 (x z)) (x K) (I (I B (I x))))))
z (x z x (S I (v19 (B x))) (v2 z K) (x K z) B (z (K B K) (K (z S)) (K (S z) (B K x v14)) (I (v2 (x z)) (x K) (I (I B (I x))))))
z (x z x (S I (v19 (B x))) (v2 z K) (x K z) B (z B (K (z S)) (K (S z) (B K x v14)) (I (v2 (x z)) (x K) (I (I B (I x))))))
z (x z x (S I (v19 (B x))) (v2 z K) (x K z) B (z B (K (z S)) (S z) (I (v2 (x z)) (x K) (I (I B (I x))))))
z (x z x (S I (v19 (B x))) (v2 z K) (x K z) B (z B (K (z S)) (S z) (v2 (x z) (x K) (I (I B (I x))))))
z (x z x (S I (v19 (B x))) (v2 z K) (x K z) B (z B (K (z S)) (S z) (v2 (x z) (x K) (I B (I x)))))
z (x z x (S I (v19 (B x))) (v2 z K) (x K z) B (z B (K (z S)) (S z) (v2 (x z) (x K) (B (I x)))))
z (x z x (S I (v19 (B x))) (v2 z K) (x K z) B (z B (K (z S)) (S z) (v2 (x z) (x K) (B x))))
