I
S I (z z (x v29 I (I z) S K)) (z B) (z (S (x x B (K z)) (v11 (v2 K (K S))) v21 v21 (S I I)) x)
I (z B) (z z (x v29 I (I z) S K) (z B)) (z (S (x x B (K z)) (v11 (v2 K (K S))) v21 v21 (S I I)) x)
z B (z z (x v29 I (I z) S K) (z B)) (z (S (x x B (K z)) (v11 (v2 K (K S))) v21 v21 (S I I)) x)
z B (z z (x v29 I z S K) (z B)) (z (S (x x B (K z)) (v11 (v2 K (K S))) v21 v21 (S I I)) x)
z B (z z (x v29 I z S K) (z B)) (z (x x B (K z) v21 (v11 (v2 K (K S)) v21) v21 (S I I)) x)
I
x (I (v25 (x z (B x) I z K)))
x (v25 (x z (B x) I z K))
I
K I (B (S S) K I (I I) (I (z B) v26) (x (v20 z z x) v4 v14 (z z))) (v0 (z (v22 (z S z) (I (z I x K))) (I v8 z))) (I I (B B))
I (v0 (z (v22 (z S z) (I (z I x K))) (I v8 z))) (I I (B B))
v0 (z (v22 (z S z) (I (z I x K))) (I v8 z)) (I I (B B))
v0 (z (v22 (z S z) (z I x K)) (I v8 z)) (I I (B B))
v0 (z (v22 (z S z) (z I x K)) (v8 z)) (I I (B B))
v0 (z (v22 (z S z) (z I x K)) (v8 z)) (I (B B))
v0 (z (v22 (z S z) (z I x K)) (v8 z)) (B B)
S K B (v9 K) z (v13 K)
K (v9 K) (B (v9 K)) z (v13 K)
v9 K z (v13 K)
S (x x x) (K I (K (B (K S (v28 S)) x (x S S)) (v17 (x (v13 (x (x (S K))) (z (I v22)))) x (x v7 (z (I v8) K)))))
S (x x x) I
S B (K z) (I (z (z (x (v11 K)) v22) z) B) (B (z (S K)) z)
B (I (z (z (x (v11 K)) v22) z) B) (K z (I (z (z (x (v11 K)) v22) z) B)) (B (z (S K)) z)
I (z (z (x (v11 K)) v22) z) B (K z (I (z (z (x (v11 K)) v22) z) B) (B (z (S K)) z))
z (z (x (v11 K)) v22) z B (K z (I (z (z (x (v11 K)) v22) z) B) (B (z (S K)) z))
z (z (x (v11 K)) v22) z B (z (B (z (S K)) z))
K (I (z z) x K (v23 I)) (S (B S (v10 (K B B (B x B (z v2))) B)))
I (z z) x K (v23 I)
z z x K (v23 I)
