K B (v3 (v17 v5)) (K K (z x) S) z z B (K B (B (v20 x (S v28)) S x (z z)) (S (S B) (z z))) (K I (x z (x (I (I (K v12) I)))) S (K K) (x x (x z)) (z (B B (x K) (I (v26 (K B) x)) v4) (x S) (v16 (I (S (v19 (I z K) (I (K B (z v14) z) (I x)))) (B (x (B x x)))))))
B (K K (z x) S) z z B (K B (B (v20 x (S v28)) S x (z z)) (S (S B) (z z))) (K I (x z (x (I (I (K v12) I)))) S (K K) (x x (x z)) (z (B B (x K) (I (v26 (K B) x)) v4) (x S) (v16 (I (S (v19 (I z K) (I (K B (z v14) z) (I x)))) (B (x (B x x)))))))
K K (z x) S (z z) B (K B (B (v20 x (S v28)) S x (z z)) (S (S B) (z z))) (K I (x z (x (I (I (K v12) I)))) S (K K) (x x (x z)) (z (B B (x K) (I (v26 (K B) x)) v4) (x S) (v16 (I (S (v19 (I z K) (I (K B (z v14) z) (I x)))) (B (x (B x x)))))))
K S (z z) B (K B (B (v20 x (S v28)) S x (z z)) (S (S B) (z z))) (K I (x z (x (I (I (K v12) I)))) S (K K) (x x (x z)) (z (B B (x K) (I (v26 (K B) x)) v4) (x S) (v16 (I (S (v19 (I z K) (I (K B (z v14) z) (I x)))) (B (x (B x x)))))))
S B (K B (B (v20 x (S v28)) S x (z z)) (S (S B) (z z))) (K I (x z (x (I (I (K v12) I)))) S (K K) (x x (x z)) (z (B B (x K) (I (v26 (K B) x)) v4) (x S) (v16 (I (S (v19 (I z K) (I (K B (z v14) z) (I x)))) (B (x (B x x)))))))
B (K I (x z (x (I (I (K v12) I)))) S (K K) (x x (x z)) (z (B B (x K) (I (v26 (K B) x)) v4) (x S) (v16 (I (S (v19 (I z K) (I (K B (z v14) z) (I x)))) (B (x (B x x))))))) (K B (B (v20 x (S v28)) S x (z z)) (S (S B) (z z)) (K I (x z (x (I (I (K v12) I)))) S (K K) (x x (x z)) (z (B B (x K) (I (v26 (K B) x)) v4) (x S) (v16 (I (S (v19 (I z K) (I (K B (z v14) z) (I x)))) (B (x (B x x))))))))
B (I S (K K) (x x (x z)) (z (B B (x K) (I (v26 (K B) x)) v4) (x S) (v16 (I (S (v19 (I z K) (I (K B (z v14) z) (I x)))) (B (x (B x x))))))) (K B (B (v20 x (S v28)) S x (z z)) (S (S B) (z z)) (K I (x z (x (I (I (K v12) I)))) S (K K) (x x (x z)) (z (B B (x K) (I (v26 (K B) x)) v4) (x S) (v16 (I (S (v19 (I z K) (I (K B (z v14) z) (I x)))) (B (x (B x x))))))))
B (S (K K) (x x (x z)) (z (B B (x K) (I (v26 (K B) x)) v4) (x S) (v16 (I (S (v19 (I z K) (I (K B (z v14) z) (I x)))) (B (x (B x x))))))) (K B (B (v20 x (S v28)) S x (z z)) (S (S B) (z z)) (K I (x z (x (I (I (K v12) I)))) S (K K) (x x (x z)) (z (B B (x K) (I (v26 (K B) x)) v4) (x S) (v16 (I (S (v19 (I z K) (I (K B (z v14) z) (I x)))) (B (x (B x x))))))))
B (K K (z (B B (x K) (I (v26 (K B) x)) v4) (x S) (v16 (I (S (v19 (I z K) (I (K B (z v14) z) (I x)))) (B (x (B x x)))))) (x x (x z) (z (B B (x K) (I (v26 (K B) x)) v4) (x S) (v16 (I (S (v19 (I z K) (I (K B (z v14) z) (I x)))) (B (x (B x x)))))))) (K B (B (v20 x (S v28)) S x (z z)) (S (S B) (z z)) (K I (x z (x (I (I (K v12) I)))) S (K K) (x x (x z)) (z (B B (x K) (I (v26 (K B) x)) v4) (x S) (v16 (I (S (v19 (I z K) (I (K B (z v14) z) (I x)))) (B (x (B x x))))))))
B (K (x x (x z) (z (B B (x K) (I (v26 (K B) x)) v4) (x S) (v16 (I (S (v19 (I z K) (I (K B (z v14) z) (I x)))) (B (x (B x x)))))))) (K B (B (v20 x (S v28)) S x (z z)) (S (S B) (z z)) (K I (x z (x (I (I (K v12) I)))) S (K K) (x x (x z)) (z (B B (x K) (I (v26 (K B) x)) v4) (x S) (v16 (I (S (v19 (I z K) (I (K B (z v14) z) (I x)))) (B (x (B x x))))))))
B (K (x x (x z) (z (B (x K (I (v26 (K B) x))) v4) (x S) (v16 (I (S (v19 (I z K) (I (K B (z v14) z) (I x)))) (B (x (B x x)))))))) (K B (B (v20 x (S v28)) S x (z z)) (S (S B) (z z)) (K I (x z (x (I (I (K v12) I)))) S (K K) (x x (x z)) (z (B B (x K) (I (v26 (K B) x)) v4) (x S) (v16 (I (S (v19 (I z K) (I (K B (z v14) z) (I x)))) (B (x (B x x))))))))
B (K (x x (x z) (z (B (x K (v26 (K B) x)) v4) (x S) (v16 (I (S (v19 (I z K) (I (K B (z v14) z) (I x)))) (B (x (B x x)))))))) (K B (B (v20 x (S v28)) S x (z z)) (S (S B) (z z)) (K I (x z (x (I (I (K v12) I)))) S (K K) (x x (x z)) (z (B B (x K) (I (v26 (K B) x)) v4) (x S) (v16 (I (S (v19 (I z K) (I (K B (z v14) z) (I x)))) (B (x (B x x))))))))
B (K (x x (x z) (z (B (x K (v26 (K B) x)) v4) (x S) (v16 (S (v19 (I z K) (I (K B (z v14) z) (I x))) (B (x (B x x)))))))) (K B (B (v20 x (S v28)) S x (z z)) (S (S B) (z z)) (K I (x z (x (I (I (K v12) I)))) S (K K) (x x (x z)) (z (B B (x K) (I (v26 (K B) x)) v4) (x S) (v16 (I (S (v19 (I z K) (I (K B (z v14) z) (I x)))) (B (x (B x x))))))))
B (K (x x (x z) (z (B (x K (v26 (K B) x)) v4) (x S) (v16 (S (v19 (z K) (I (K B (z v14) z) (I x))) (B (x (B x x)))))))) (K B (B (v20 x (S v28)) S x (z z)) (S (S B) (z z)) (K I (x z (x (I (I (K v12) I)))) S (K K) (x x (x z)) (z (B B (x K) (I (v26 (K B) x)) v4) (x S) (v16 (I (S (v19 (I z K) (I (K B (z v14) z) (I x)))) (B (x (B x x))))))))
B (K (x x (x z) (z (B (x K (v26 (K B) x)) v4) (x S) (v16 (S (v19 (z K) (K B (z v14) z (I x))) (B (x (B x x)))))))) (K B (B (v20 x (S v28)) S x (z z)) (S (S B) (z z)) (K I (x z (x (I (I (K v12) I)))) S (K K) (x x (x z)) (z (B B (x K) (I (v26 (K B) x)) v4) (x S) (v16 (I (S (v19 (I z K) (I (K B (z v14) z) (I x)))) (B (x (B x x))))))))
B (K (x x (x z) (z (B (x K (v26 (K B) x)) v4) (x S) (v16 (S (v19 (z K) (B z (I x))) (B (x (B x x)))))))) (K B (B (v20 x (S v28)) S x (z z)) (S (S B) (z z)) (K I (x z (x (I (I (K v12) I)))) S (K K) (x x (x z)) (z (B B (x K) (I (v26 (K B) x)) v4) (x S) (v16 (I (S (v19 (I z K) (I (K B (z v14) z) (I x)))) (B (x (B x x))))))))
B (K (x x (x z) (z (B (x K (v26 (K B) x)) v4) (x S) (v16 (S (v19 (z K) (B z x)) (B (x (B x x)))))))) (K B (B (v20 x (S v28)) S x (z z)) (S (S B) (z z)) (K I (x z (x (I (I (K v12) I)))) S (K K) (x x (x z)) (z (B B (x K) (I (v26 (K B) x)) v4) (x S) (v16 (I (S (v19 (I z K) (I (K B (z v14) z) (I x)))) (B (x (B x x))))))))
B (K (x x (x z) (z (B (x K (v26 (K B) x)) v4) (x S) (v16 (S (v19 (z K) (B z x)) (B (x (B x x)))))))) (B (S (S B) (z z)) (K I (x z (x (I (I (K v12) I)))) S (K K) (x x (x z)) (z (B B (x K) (I (v26 (K B) x)) v4) (x S) (v16 (I (S (v19 (I z K) (I (K B (z v14) z) (I x)))) (B (x (B x x))))))))
B (K (x x (x z) (z (B (x K (v26 (K B) x)) v4) (x S) (v16 (S (v19 (z K) (B z x)) (B (x (B x x)))))))) (B (S (S B) (z z)) (I S (K K) (x x (x z)) (z (B B (x K) (I (v26 (K B) x)) v4) (x S) (v16 (I (S (v19 (I z K) (I (K B (z v14) z) (I x)))) (B (x (B x x))))))))
B (K (x x (x z) (z (B (x K (v26 (K B) x)) v4) (x S) (v16 (S (v19 (z K) (B z x)) (B (x (B x x)))))))) (B (S (S B) (z z)) (S (K K) (x x (x z)) (z (B B (x K) (I (v26 (K B) x)) v4) (x S) (v16 (I (S (v19 (I z K) (I (K B (z v14) z) (I x)))) (B (x (B x x))))))))
B (K (x x (x z) (z (B (x K (v26 (K B) x)) v4) (x S) (v16 (S (v19 (z K) (B z x)) (B (x (B x x)))))))) (B (S (S B) (z z)) (K K (z (B B (x K) (I (v26 (K B) x)) v4) (x S) (v16 (I (S (v19 (I z K) (I (K B (z v14) z) (I x)))) (B (x (B x x)))))) (x x (x z) (z (B B (x K) (I (v26 (K B) x)) v4) (x S) (v16 (I (S (v19 (I z K) (I (K B (z v14) z) (I x)))) (B (x (B x x)))))))))
B (K (x x (x z) (z (B (x K (v26 (K B) x)) v4) (x S) (v16 (S (v19 (z K) (B z x)) (B (x (B x x)))))))) (B (S (S B) (z z)) (K (x x (x z) (z (B B (x K) (I (v26 (K B) x)) v4) (x S) (v16 (I (S (v19 (I z K) (I (K B (z v14) z) (I x)))) (B (x (B x x)))))))))
B (K (x x (x z) (z (B (x K (v26 (K B) x)) v4) (x S) (v16 (S (v19 (z K) (B z x)) (B (x (B x x)))))))) (B (S (S B) (z z)) (K (x x (x z) (z (B (x K (I (v26 (K B) x))) v4) (x S) (v16 (I (S (v19 (I z K) (I (K B (z v14) z) (I x)))) (B (x (B x x)))))))))
B (K (x x (x z) (z (B (x K (v26 (K B) x)) v4) (x S) (v16 (S (v19 (z K) (B z x)) (B (x (B x x)))))))) (B (S (S B) (z z)) (K (x x (x z) (z (B (x K (v26 (K B) x)) v4) (x S) (v16 (I (S (v19 (I z K) (I (K B (z v14) z) (I x)))) (B (x (B x x)))))))))
B (K (x x (x z) (z (B (x K (v26 (K B) x)) v4) (x S) (v16 (S (v19 (z K) (B z x)) (B (x (B x x)))))))) (B (S (S B) (z z)) (K (x x (x z) (z (B (x K (v26 (K B) x)) v4) (x S) (v16 (S (v19 (I z K) (I (K B (z v14) z) (I x))) (B (x (B x x)))))))))
B (K (x x (x z) (z (B (x K (v26 (K B) x)) v4) (x S) (v16 (S (v19 (z K) (B z x)) (B (x (B x x)))))))) (B (S (S B) (z z)) (K (x x (x z) (z (B (x K (v26 (K B) x)) v4) (x S) (v16 (S (v19 (z K) (I (K B (z v14) z) (I x))) (B (x (B x x)))))))))
B (K (x x (x z) (z (B (x K (v26 (K B) x)) v4) (x S) (v16 (S (v19 (z K) (B z x)) (B (x (B x x)))))))) (B (S (S B) (z z)) (K (x x (x z) (z (B (x K (v26 (K B) x)) v4) (x S) (v16 (S (v19 (z K) (K B (z v14) z (I x))) (B (x (B x x)))))))))
B (K (x x (x z) (z (B (x K (v26 (K B) x)) v4) (x S) (v16 (S (v19 (z K) (B z x)) (B (x (B x x)))))))) (B (S (S B) (z z)) (K (x x (x z) (z (B (x K (v26 (K B) x)) v4) (x S) (v16 (S (v19 (z K) (B z (I x))) (B (x (B x x)))))))))
B (K (x x (x z) (z (B (x K (v26 (K B) x)) v4) (x S) (v16 (S (v19 (z K) (B z x)) (B (x (B x x)))))))) (B (S (S B) (z z)) (K (x x (x z) (z (B (x K (v26 (K B) x)) v4) (x S) (v16 (S (v19 (z K) (B z x)) (B (x (B x x)))))))))
x v5 S x (K K) z (I (x (x (I B (x B) x)) (v20 z (B v24 (x B) (v17 x x K x))) (z (S z v8))) (B I (z K (S B) (B (S (B K K))))) x)
x v5 S x (K K) z (x (x (I B (x B) x)) (v20 z (B v24 (x B) (v17 x x K x))) (z (S z v8)) (B I (z K (S B) (B (S (B K K))))) x)
x v5 S x (K K) z (x (x (B (x B) x)) (v20 z (B v24 (x B) (v17 x x K x))) (z (S z v8)) (B I (z K (S B) (B (S (B K K))))) x)
x v5 S x (K K) z (x (x (B (x B) x)) (v20 z (v24 (x B (v17 x x K x)))) (z (S z v8)) (B I (z K (S B) (B (S (B K K))))) x)
K (x (x (z S) z (z x (K S S z) (v30 B) I (K S I) (S z x)))) (x I (x I) v7 (B (z x) (v8 x) I) (B (B (B (K I) x)) (K z) B)) (K (z (S I K)))
x (x (z S) z (z x (K S S z) (v30 B) I (K S I) (S z x))) (K (z (S I K)))
x (x (z S) z (z x (S z) (v30 B) I (K S I) (S z x))) (K (z (S I K)))
x (x (z S) z (z x (S z) (v30 B) I S (S z x))) (K (z (S I K)))
z I
v24 (I (x I K)) K (x (B x) v6 (v26 v29) (I S (x v20)) (v6 I (I I) S)) (K x) (z B v24) K
v24 (x I K) K (x (B x) v6 (v26 v29) (I S (x v20)) (v6 I (I I) S)) (K x) (z B v24) K
v24 (x I K) K (x (B x) v6 (v26 v29) (S (x v20)) (v6 I (I I) S)) (K x) (z B v24) K
v24 (x I K) K (x (B x) v6 (v26 v29) (S (x v20)) (v6 I I S)) (K x) (z B v24) K
B
B B (z z v10) (I (S S) v4 (S (x z B K)))
B (z z v10 (I (S S) v4 (S (x z B K))))
B (z z v10 (S S v4 (S (x z B K))))
B (z z v10 (S (S (x z B K)) (v4 (S (x z B K)))))
I (x (S x B (I (B B)) B) (S S z K S) x B) (S (B (S (x z))) (I z S))
x (S x B (I (B B)) B) (S S z K S) x B (S (B (S (x z))) (I z S))
x (x (I (B B)) (B (I (B B))) B) (S S z K S) x B (S (B (S (x z))) (I z S))
x (x (B B) (B (I (B B))) B) (S S z K S) x B (S (B (S (x z))) (I z S))
x (x (B B) (B (B B)) B) (S S z K S) x B (S (B (S (x z))) (I z S))
x (x (B B) (B (B B)) B) (S K (z K) S) x B (S (B (S (x z))) (I z S))
x (x (B B) (B (B B)) B) (K S (z K S)) x B (S (B (S (x z))) (I z S))
x (x (B B) (B (B B)) B) S x B (S (B (S (x z))) (I z S))
x (x (B B) (B (B B)) B) S x B (S (B (S (x z))) (z S))
x (v4 (v23 B (x K) (z (I v23) B (x S) I) I) B (v5 (B v7 x (I x) (v13 I (I z (S (z S v12) (v3 I) (x B)))))) (S (v26 v27 B)))
x (v4 (v23 B (x K) (z v23 B (x S) I) I) B (v5 (B v7 x (I x) (v13 I (I z (S (z S v12) (v3 I) (x B)))))) (S (v26 v27 B)))
x (v4 (v23 B (x K) (z v23 B (x S) I) I) B (v5 (v7 (x (I x)) (v13 I (I z (S (z S v12) (v3 I) (x B)))))) (S (v26 v27 B)))
x (v4 (v23 B (x K) (z v23 B (x S) I) I) B (v5 (v7 (x x) (v13 I (I z (S (z S v12) (v3 I) (x B)))))) (S (v26 v27 B)))
x (v4 (v23 B (x K) (z v23 B (x S) I) I) B (v5 (v7 (x x) (v13 I (z (S (z S v12) (v3 I) (x B)))))) (S (v26 v27 B)))
x (v4 (v23 B (x K) (z v23 B (x S) I) I) B (v5 (v7 (x x) (v13 I (z (z S v12 (x B) (v3 I (x B))))))) (S (v26 v27 B)))
B K (I (B x) z v3) (S x (z (S (v3 (v27 x)) (x v12) S K) (B S (S (z x) (B (I B I))) x (S (v4 K))) (v30 B)) x (z v22))
K (I (B x) z v3 (S x (z (S (v3 (v27 x)) (x v12) S K) (B S (S (z x) (B (I B I))) x (S (v4 K))) (v30 B)) x (z v22)))
K (B x z v3 (S x (z (S (v3 (v27 x)) (x v12) S K) (B S (S (z x) (B (I B I))) x (S (v4 K))) (v30 B)) x (z v22)))
K (x (z v3) (S x (z (S (v3 (v27 x)) (x v12) S K) (B S (S (z x) (B (I B I))) x (S (v4 K))) (v30 B)) x (z v22)))
K (x (z v3) (x x (z (S (v3 (v27 x)) (x v12) S K) (B S (S (z x) (B (I B I))) x (S (v4 K))) (v30 B) x) (z v22)))
K (x (z v3) (x x (z (v3 (v27 x) S (x v12 S) K) (B S (S (z x) (B (I B I))) x (S (v4 K))) (v30 B) x) (z v22)))
K (x (z v3) (x x (z (v3 (v27 x) S (x v12 S) K) (S (S (z x) (B (I B I)) x) (S (v4 K))) (v30 B) x) (z v22)))
K (x (z v3) (x x (z (v3 (v27 x) S (x v12 S) K) (S (z x x (B (I B I) x)) (S (v4 K))) (v30 B) x) (z v22)))
K (x (z v3) (x x (z (v3 (v27 x) S (x v12 S) K) (S (z x x (B (B I) x)) (S (v4 K))) (v30 B) x) (z v22)))
