K
B z (I (x (I v8))) (v12 x) (v30 x (v2 (K z (v25 v14)) (K I)) B) (I (v28 I) (x (K I))) (v10 z I) (x (S x) (B S (v12 (K B S (I (v2 (S v6)) x z)) (v25 K (B I (B (z z) (x (S x B)))))) S))
z (I (x (I v8)) (v12 x)) (v30 x (v2 (K z (v25 v14)) (K I)) B) (I (v28 I) (x (K I))) (v10 z I) (x (S x) (B S (v12 (K B S (I (v2 (S v6)) x z)) (v25 K (B I (B (z z) (x (S x B)))))) S))
z (x (I v8) (v12 x)) (v30 x (v2 (K z (v25 v14)) (K I)) B) (I (v28 I) (x (K I))) (v10 z I) (x (S x) (B S (v12 (K B S (I (v2 (S v6)) x z)) (v25 K (B I (B (z z) (x (S x B)))))) S))
z (x v8 (v12 x)) (v30 x (v2 (K z (v25 v14)) (K I)) B) (I (v28 I) (x (K I))) (v10 z I) (x (S x) (B S (v12 (K B S (I (v2 (S v6)) x z)) (v25 K (B I (B (z z) (x (S x B)))))) S))
z (x v8 (v12 x)) (v30 x (v2 z (K I)) B) (I (v28 I) (x (K I))) (v10 z I) (x (S x) (B S (v12 (K B S (I (v2 (S v6)) x z)) (v25 K (B I (B (z z) (x (S x B)))))) S))
z (x v8 (v12 x)) (v30 x (v2 z (K I)) B) (v28 I (x (K I))) (v10 z I) (x (S x) (B S (v12 (K B S (I (v2 (S v6)) x z)) (v25 K (B I (B (z z) (x (S x B)))))) S))
z (x v8 (v12 x)) (v30 x (v2 z (K I)) B) (v28 I (x (K I))) (v10 z I) (x (S x) (S (v12 (K B S (I (v2 (S v6)) x z)) (v25 K (B I (B (z z) (x (S x B))))) S)))
z (x v8 (v12 x)) (v30 x (v2 z (K I)) B) (v28 I (x (K I))) (v10 z I) (x (S x) (S (v12 (B (I (v2 (S v6)) x z)) (v25 K (B I (B (z z) (x (S x B))))) S)))
z (x v8 (v12 x)) (v30 x (v2 z (K I)) B) (v28 I (x (K I))) (v10 z I) (x (S x) (S (v12 (B (v2 (S v6) x z)) (v25 K (B I (B (z z) (x (S x B))))) S)))
x z (B x (v11 (B S (S (B (S (I (S B (x I I)) z)))) x) (S K (B (S I)) K (x (B K v14)) (x (z (K I) B))))) K
x z (B x (v11 (S (S (B (S (I (S B (x I I)) z))) x)) (S K (B (S I)) K (x (B K v14)) (x (z (K I) B))))) K
x z (B x (v11 (S (S (B (S (S B (x I I) z))) x)) (S K (B (S I)) K (x (B K v14)) (x (z (K I) B))))) K
x z (B x (v11 (S (S (B (S (B z (x I I z)))) x)) (S K (B (S I)) K (x (B K v14)) (x (z (K I) B))))) K
x z (B x (v11 (S (S (B (S (B z (x I I z)))) x)) (K K (B (S I) K) (x (B K v14)) (x (z (K I) B))))) K
x z (B x (v11 (S (S (B (S (B z (x I I z)))) x)) (K (x (B K v14)) (x (z (K I) B))))) K
x z (B x (v11 (S (S (B (S (B z (x I I z)))) x)) (x (B K v14)))) K
I (B (x (v6 S)) (I z S) (K (S (z (z x) (z I (I (B K v29) v11))) S K (I (z B (K (I z)) (I I K))))) x (x z (B I)))
B (x (v6 S)) (I z S) (K (S (z (z x) (z I (I (B K v29) v11))) S K (I (z B (K (I z)) (I I K))))) x (x z (B I))
x (v6 S) (I z S (K (S (z (z x) (z I (I (B K v29) v11))) S K (I (z B (K (I z)) (I I K)))))) x (x z (B I))
x (v6 S) (z S (K (S (z (z x) (z I (I (B K v29) v11))) S K (I (z B (K (I z)) (I I K)))))) x (x z (B I))
x (v6 S) (z S (K (z (z x) (z I (I (B K v29) v11)) K (S K) (I (z B (K (I z)) (I I K)))))) x (x z (B I))
x (v6 S) (z S (K (z (z x) (z I (B K v29 v11)) K (S K) (I (z B (K (I z)) (I I K)))))) x (x z (B I))
x (v6 S) (z S (K (z (z x) (z I (K (v29 v11))) K (S K) (I (z B (K (I z)) (I I K)))))) x (x z (B I))
x (v6 S) (z S (K (z (z x) (z I (K (v29 v11))) K (S K) (z B (K (I z)) (I I K))))) x (x z (B I))
x (v6 S) (z S (K (z (z x) (z I (K (v29 v11))) K (S K) (z B (K z) (I I K))))) x (x z (B I))
x (v6 S) (z S (K (z (z x) (z I (K (v29 v11))) K (S K) (z B (K z) (I K))))) x (x z (B I))
x (v6 S) (z S (K (z (z x) (z I (K (v29 v11))) K (S K) (z B (K z) K)))) x (x z (B I))
v20 x (v27 B) B (x (B (K (K x)) K) z (K (I B)))
v20 x (v27 B) B (x (B (K (K x)) K) z (K B))
z (z (K x) (v27 x (v1 x) z)) (I I) x (z x (S (S x (z S) (S v10) I)) (K (B (B K v29)) S) (v23 I))
z (z (K x) (v27 x (v1 x) z)) I x (z x (S (S x (z S) (S v10) I)) (K (B (B K v29)) S) (v23 I))
z (z (K x) (v27 x (v1 x) z)) I x (z x (S (x (S v10) (z S (S v10)) I)) (K (B (B K v29)) S) (v23 I))
z (z (K x) (v27 x (v1 x) z)) I x (z x (S (x (S v10) (z S (S v10)) I)) (B (B K v29)) (v23 I))
S
B S K K (I (v30 (x (S I v21 S) S z)) z (z v1 v3 (K S z) (x (I x)))) (x (K (K x) (v24 (K (I (I x I)) K))))
S (K K) (I (v30 (x (S I v21 S) S z)) z (z v1 v3 (K S z) (x (I x)))) (x (K (K x) (v24 (K (I (I x I)) K))))
K K (x (K (K x) (v24 (K (I (I x I)) K)))) (I (v30 (x (S I v21 S) S z)) z (z v1 v3 (K S z) (x (I x))) (x (K (K x) (v24 (K (I (I x I)) K)))))
K (I (v30 (x (S I v21 S) S z)) z (z v1 v3 (K S z) (x (I x))) (x (K (K x) (v24 (K (I (I x I)) K)))))
K (v30 (x (S I v21 S) S z) z (z v1 v3 (K S z) (x (I x))) (x (K (K x) (v24 (K (I (I x I)) K)))))
K (v30 (x (I S (v21 S)) S z) z (z v1 v3 (K S z) (x (I x))) (x (K (K x) (v24 (K (I (I x I)) K)))))
K (v30 (x (S (v21 S)) S z) z (z v1 v3 (K S z) (x (I x))) (x (K (K x) (v24 (K (I (I x I)) K)))))
K (v30 (x (S (v21 S)) S z) z (z v1 v3 S (x (I x))) (x (K (K x) (v24 (K (I (I x I)) K)))))
K (v30 (x (S (v21 S)) S z) z (z v1 v3 S (x x)) (x (K (K x) (v24 (K (I (I x I)) K)))))
K (v30 (x (S (v21 S)) S z) z (z v1 v3 S (x x)) (x (K x)))
S
B (I (I (K z z))) (S (S (B z)) (K x S) (I x v7)) B (z K K B S z S (z K K (S (x (S K)) z) (x S z) (K v9 (S B B))))
I (I (K z z)) (S (S (B z)) (K x S) (I x v7) B) (z K K B S z S (z K K (S (x (S K)) z) (x S z) (K v9 (S B B))))
I (K z z) (S (S (B z)) (K x S) (I x v7) B) (z K K B S z S (z K K (S (x (S K)) z) (x S z) (K v9 (S B B))))
K z z (S (S (B z)) (K x S) (I x v7) B) (z K K B S z S (z K K (S (x (S K)) z) (x S z) (K v9 (S B B))))
z (S (S (B z)) (K x S) (I x v7) B) (z K K B S z S (z K K (S (x (S K)) z) (x S z) (K v9 (S B B))))
z (S (B z) (I x v7) (K x S (I x v7)) B) (z K K B S z S (z K K (S (x (S K)) z) (x S z) (K v9 (S B B))))
z (B z (K x S (I x v7)) (I x v7 (K x S (I x v7))) B) (z K K B S z S (z K K (S (x (S K)) z) (x S z) (K v9 (S B B))))
z (z (K x S (I x v7) (I x v7 (K x S (I x v7)))) B) (z K K B S z S (z K K (S (x (S K)) z) (x S z) (K v9 (S B B))))
z (z (x (I x v7) (I x v7 (K x S (I x v7)))) B) (z K K B S z S (z K K (S (x (S K)) z) (x S z) (K v9 (S B B))))
z (z (x (x v7) (I x v7 (K x S (I x v7)))) B) (z K K B S z S (z K K (S (x (S K)) z) (x S z) (K v9 (S B B))))
z (z (x (x v7) (x v7 (K x S (I x v7)))) B) (z K K B S z S (z K K (S (x (S K)) z) (x S z) (K v9 (S B B))))
z (z (x (x v7) (x v7 (x (I x v7)))) B) (z K K B S z S (z K K (S (x (S K)) z) (x S z) (K v9 (S B B))))
z (z (x (x v7) (x v7 (x (x v7)))) B) (z K K B S z S (z K K (S (x (S K)) z) (x S z) (K v9 (S B B))))
z (z (x (x v7) (x v7 (x (x v7)))) B) (z K K B S z S (z K K (S (x (S K)) z) (x S z) v9))
