x (I (x (z K B) (B B)) (z (v6 S) I x))
x (x (z K B) (B B) (z (v6 S) I x))
x K (I (x v29)) z z (K (K (z K) I x B (K (B (B B v30 (K B))))) (B (B K S) x (B (S S S)) (S z) B B)) v29
x K (x v29) z z (K (K (z K) I x B (K (B (B B v30 (K B))))) (B (B K S) x (B (S S S)) (S z) B B)) v29
x K (x v29) z z (K (z K) I x B (K (B (B B v30 (K B))))) v29
x K (x v29) z z (z K x B (K (B (B B v30 (K B))))) v29
x K (x v29) z z (z K x B (K (B (B (v30 (K B)))))) v29
z (x I x x) x (K (K B) (I B v22)) (K (I v9) z) z (x B S) (S (K K S (S x) B I (K x K (S (I z))) (K (x z)) (K (B K))))
z (x I x x) x (K B) (K (I v9) z) z (x B S) (S (K K S (S x) B I (K x K (S (I z))) (K (x z)) (K (B K))))
z (x I x x) x (K B) (I v9) z (x B S) (S (K K S (S x) B I (K x K (S (I z))) (K (x z)) (K (B K))))
z (x I x x) x (K B) v9 z (x B S) (S (K K S (S x) B I (K x K (S (I z))) (K (x z)) (K (B K))))
z (x I x x) x (K B) v9 z (x B S) (S (K (S x) B I (K x K (S (I z))) (K (x z)) (K (B K))))
z (x I x x) x (K B) v9 z (x B S) (S (S x I (K x K (S (I z))) (K (x z)) (K (B K))))
z (x I x x) x (K B) v9 z (x B S) (S (x (K x K (S (I z))) (I (K x K (S (I z)))) (K (x z)) (K (B K))))
z (x I x x) x (K B) v9 z (x B S) (S (x (x (S (I z))) (I (K x K (S (I z)))) (K (x z)) (K (B K))))
z (x I x x) x (K B) v9 z (x B S) (S (x (x (S z)) (I (K x K (S (I z)))) (K (x z)) (K (B K))))
z (x I x x) x (K B) v9 z (x B S) (S (x (x (S z)) (K x K (S (I z))) (K (x z)) (K (B K))))
z (x I x x) x (K B) v9 z (x B S) (S (x (x (S z)) (x (S (I z))) (K (x z)) (K (B K))))
z (x I x x) x (K B) v9 z (x B S) (S (x (x (S z)) (x (S z)) (K (x z)) (K (B K))))
B (z I (B I (K S v23 v17)) (z B K K v5) v13 (I K K) z)
B (z I (B I (S v17)) (z B K K v5) v13 (I K K) z)
B (z I (B I (S v17)) (z B K K v5) v13 (K K) z)
B x (K S S (K (z (v23 z I) z) (K z) S B (S (B (B B S) S) S v30 x v23)))
B x (S (K (z (v23 z I) z) (K z) S B (S (B (B B S) S) S v30 x v23)))
B x (S (z (v23 z I) z S B (S (B (B B S) S) S v30 x v23)))
B x (S (z (v23 z I) z S B (B (B B S) S v30 (S v30) x v23)))
B x (S (z (v23 z I) z S B (B B S (S v30) (S v30) x v23)))
B x (S (z (v23 z I) z S B (B (S (S v30)) (S v30) x v23)))
B x (S (z (v23 z I) z S B (S (S v30) (S v30 x) v23)))
B x (S (z (v23 z I) z S B (S v30 v23 (S v30 x v23))))
B x (S (z (v23 z I) z S B (v30 (S v30 x v23) (v23 (S v30 x v23)))))
B x (S (z (v23 z I) z S B (v30 (v30 v23 (x v23)) (v23 (S v30 x v23)))))
B x (S (z (v23 z I) z S B (v30 (v30 v23 (x v23)) (v23 (v30 v23 (x v23))))))
I (v15 (I (v15 z) I z v19) (K x (K (x (K (S x)) (z z v5 x I))) S (S v17 (v21 (z z) S B) (B S K) B (I (v14 x) (B v30)) (I z))))
v15 (I (v15 z) I z v19) (K x (K (x (K (S x)) (z z v5 x I))) S (S v17 (v21 (z z) S B) (B S K) B (I (v14 x) (B v30)) (I z)))
v15 (v15 z I z v19) (K x (K (x (K (S x)) (z z v5 x I))) S (S v17 (v21 (z z) S B) (B S K) B (I (v14 x) (B v30)) (I z)))
v15 (v15 z I z v19) (x S (S v17 (v21 (z z) S B) (B S K) B (I (v14 x) (B v30)) (I z)))
v15 (v15 z I z v19) (x S (v17 (B S K) (v21 (z z) S B (B S K)) B (I (v14 x) (B v30)) (I z)))
v15 (v15 z I z v19) (x S (v17 (B S K) (v21 (z z) S B (B S K)) B (v14 x (B v30)) (I z)))
v15 (v15 z I z v19) (x S (v17 (B S K) (v21 (z z) S B (B S K)) B (v14 x (B v30)) z))
I K (K (B (K K v29 I)) (K (I (K K)))) (K v4) (I v1 (I S x) K)
K (K (B (K K v29 I)) (K (I (K K)))) (K v4) (I v1 (I S x) K)
K (B (K K v29 I)) (K (I (K K))) (I v1 (I S x) K)
B (K K v29 I) (I v1 (I S x) K)
B (K I) (I v1 (I S x) K)
B (K I) (v1 (I S x) K)
B (K I) (v1 (S x) K)
v22 I K v14 (v30 (I K) (S I) v3 (S B (v11 S))) (x (S K) K) x S
v22 I K v14 (v30 K (S I) v3 (S B (v11 S))) (x (S K) K) x S
I (S K) (x K x (K K) S B (S (I (I z (v28 x v9 K)) z) (B x) (v5 (S (S K K S)) I)))
S K (x K x (K K) S B (S (I (I z (v28 x v9 K)) z) (B x) (v5 (S (S K K S)) I)))
S K (x K x (K K) S B (I (I z (v28 x v9 K)) z (v5 (S (S K K S)) I) (B x (v5 (S (S K K S)) I))))
S K (x K x (K K) S B (I z (v28 x v9 K) z (v5 (S (S K K S)) I) (B x (v5 (S (S K K S)) I))))
S K (x K x (K K) S B (z (v28 x v9 K) z (v5 (S (S K K S)) I) (B x (v5 (S (S K K S)) I))))
S K (x K x (K K) S B (z (v28 x v9 K) z (v5 (S (K S (K S))) I) (B x (v5 (S (S K K S)) I))))
S K (x K x (K K) S B (z (v28 x v9 K) z (v5 (S S) I) (B x (v5 (S (S K K S)) I))))
S K (x K x (K K) S B (z (v28 x v9 K) z (v5 (S S) I) (B x (v5 (S (K S (K S))) I))))
S K (x K x (K K) S B (z (v28 x v9 K) z (v5 (S S) I) (B x (v5 (S S) I))))
I
