v27 (B I (I (B (x S K B x) (S z)) (K v23 (B B K S))) (S (z K) (z S) (S I) (I (K (z (I (I v25)))) (I (K K x) (S I z)) (B I x)) (K (B (z K)))))
v27 (I (I (B (x S K B x) (S z)) (K v23 (B B K S)) (S (z K) (z S) (S I) (I (K (z (I (I v25)))) (I (K K x) (S I z)) (B I x)) (K (B (z K))))))
v27 (I (B (x S K B x) (S z)) (K v23 (B B K S)) (S (z K) (z S) (S I) (I (K (z (I (I v25)))) (I (K K x) (S I z)) (B I x)) (K (B (z K)))))
v27 (B (x S K B x) (S z) (K v23 (B B K S)) (S (z K) (z S) (S I) (I (K (z (I (I v25)))) (I (K K x) (S I z)) (B I x)) (K (B (z K)))))
v27 (x S K B x (S z (K v23 (B B K S))) (S (z K) (z S) (S I) (I (K (z (I (I v25)))) (I (K K x) (S I z)) (B I x)) (K (B (z K)))))
v27 (x S K B x (S z v23) (S (z K) (z S) (S I) (I (K (z (I (I v25)))) (I (K K x) (S I z)) (B I x)) (K (B (z K)))))
v27 (x S K B x (S z v23) (z K (S I) (z S (S I)) (I (K (z (I (I v25)))) (I (K K x) (S I z)) (B I x)) (K (B (z K)))))
v27 (x S K B x (S z v23) (z K (S I) (z S (S I)) (K (z (I (I v25))) (I (K K x) (S I z)) (B I x)) (K (B (z K)))))
v27 (x S K B x (S z v23) (z K (S I) (z S (S I)) (z (I (I v25)) (B I x)) (K (B (z K)))))
v27 (x S K B x (S z v23) (z K (S I) (z S (S I)) (z (I v25) (B I x)) (K (B (z K)))))
v27 (x S K B x (S z v23) (z K (S I) (z S (S I)) (z v25 (B I x)) (K (B (z K)))))
z (v22 v0) I
S (x (x (v28 z (B I S) (z z B))) (S S B)) (z (K I) B)
v15 (S (v7 (x x) B (v7 K)) (S x))
B v8 S (z (x B) (S (v28 x)) (S (K (K (x (K K v9)) (K z)) (v1 (z x) B)) v20) (x (K I B v1 z) B x v25)) v10 (K (S I) (B (K v13)) (v15 (v15 B) (z z (v23 K v16 (I x (z K B (S x)))))) (S (z B)))
v8 (S (z (x B) (S (v28 x)) (S (K (K (x (K K v9)) (K z)) (v1 (z x) B)) v20) (x (K I B v1 z) B x v25))) v10 (K (S I) (B (K v13)) (v15 (v15 B) (z z (v23 K v16 (I x (z K B (S x)))))) (S (z B)))
v8 (S (z (x B) (S (v28 x)) (S (K (x (K K v9)) (K z)) v20) (x (K I B v1 z) B x v25))) v10 (K (S I) (B (K v13)) (v15 (v15 B) (z z (v23 K v16 (I x (z K B (S x)))))) (S (z B)))
v8 (S (z (x B) (S (v28 x)) (S (x (K K v9)) v20) (x (K I B v1 z) B x v25))) v10 (K (S I) (B (K v13)) (v15 (v15 B) (z z (v23 K v16 (I x (z K B (S x)))))) (S (z B)))
v8 (S (z (x B) (S (v28 x)) (S (x K) v20) (x (K I B v1 z) B x v25))) v10 (K (S I) (B (K v13)) (v15 (v15 B) (z z (v23 K v16 (I x (z K B (S x)))))) (S (z B)))
v8 (S (z (x B) (S (v28 x)) (S (x K) v20) (x (I v1 z) B x v25))) v10 (K (S I) (B (K v13)) (v15 (v15 B) (z z (v23 K v16 (I x (z K B (S x)))))) (S (z B)))
v8 (S (z (x B) (S (v28 x)) (S (x K) v20) (x (v1 z) B x v25))) v10 (K (S I) (B (K v13)) (v15 (v15 B) (z z (v23 K v16 (I x (z K B (S x)))))) (S (z B)))
v8 (S (z (x B) (S (v28 x)) (S (x K) v20) (x (v1 z) B x v25))) v10 (S I (v15 (v15 B) (z z (v23 K v16 (I x (z K B (S x)))))) (S (z B)))
v8 (S (z (x B) (S (v28 x)) (S (x K) v20) (x (v1 z) B x v25))) v10 (I (S (z B)) (v15 (v15 B) (z z (v23 K v16 (I x (z K B (S x))))) (S (z B))))
v8 (S (z (x B) (S (v28 x)) (S (x K) v20) (x (v1 z) B x v25))) v10 (S (z B) (v15 (v15 B) (z z (v23 K v16 (I x (z K B (S x))))) (S (z B))))
v8 (S (z (x B) (S (v28 x)) (S (x K) v20) (x (v1 z) B x v25))) v10 (S (z B) (v15 (v15 B) (z z (v23 K v16 (x (z K B (S x))))) (S (z B))))
v6 (z I) v16 B z I (K (I (x (B I z) (v8 (B v16)))) (I (I (B (K K K))) z) (K (x (K v12 S)) (x I) (z (v24 (S z)) x) (S v2)) (K (S v11) (v3 (x z v21) (K z z)) x) (v27 (S (z S)) (S S S) K v8 (v23 B) (K (K B)) (z (x I))) (S x (z z) (x z B)))
v6 (z I) v16 B z I (I (x (B I z) (v8 (B v16))) (K (x (K v12 S)) (x I) (z (v24 (S z)) x) (S v2)) (K (S v11) (v3 (x z v21) (K z z)) x) (v27 (S (z S)) (S S S) K v8 (v23 B) (K (K B)) (z (x I))) (S x (z z) (x z B)))
v6 (z I) v16 B z I (x (B I z) (v8 (B v16)) (K (x (K v12 S)) (x I) (z (v24 (S z)) x) (S v2)) (K (S v11) (v3 (x z v21) (K z z)) x) (v27 (S (z S)) (S S S) K v8 (v23 B) (K (K B)) (z (x I))) (S x (z z) (x z B)))
v6 (z I) v16 B z I (x (B I z) (v8 (B v16)) (x (K v12 S) (z (v24 (S z)) x) (S v2)) (K (S v11) (v3 (x z v21) (K z z)) x) (v27 (S (z S)) (S S S) K v8 (v23 B) (K (K B)) (z (x I))) (S x (z z) (x z B)))
v6 (z I) v16 B z I (x (B I z) (v8 (B v16)) (x v12 (z (v24 (S z)) x) (S v2)) (K (S v11) (v3 (x z v21) (K z z)) x) (v27 (S (z S)) (S S S) K v8 (v23 B) (K (K B)) (z (x I))) (S x (z z) (x z B)))
v6 (z I) v16 B z I (x (B I z) (v8 (B v16)) (x v12 (z (v24 (S z)) x) (S v2)) (S v11 x) (v27 (S (z S)) (S S S) K v8 (v23 B) (K (K B)) (z (x I))) (S x (z z) (x z B)))
v6 (z I) v16 B z I (x (B I z) (v8 (B v16)) (x v12 (z (v24 (S z)) x) (S v2)) (S v11 x) (v27 (S (z S)) (S S S) K v8 (v23 B) (K (K B)) (z (x I))) (x (x z B) (z z (x z B))))
S (x x (v16 x z) K) z (I (v13 (z (S x z (z I B))) B) x) (K B (x (B (S K)) z))
x x (v16 x z) K (I (v13 (z (S x z (z I B))) B) x) (z (I (v13 (z (S x z (z I B))) B) x)) (K B (x (B (S K)) z))
x x (v16 x z) K (v13 (z (S x z (z I B))) B x) (z (I (v13 (z (S x z (z I B))) B) x)) (K B (x (B (S K)) z))
x x (v16 x z) K (v13 (z (x (z I B) (z (z I B)))) B x) (z (I (v13 (z (S x z (z I B))) B) x)) (K B (x (B (S K)) z))
x x (v16 x z) K (v13 (z (x (z I B) (z (z I B)))) B x) (z (v13 (z (S x z (z I B))) B x)) (K B (x (B (S K)) z))
x x (v16 x z) K (v13 (z (x (z I B) (z (z I B)))) B x) (z (v13 (z (x (z I B) (z (z I B)))) B x)) (K B (x (B (S K)) z))
x x (v16 x z) K (v13 (z (x (z I B) (z (z I B)))) B x) (z (v13 (z (x (z I B) (z (z I B)))) B x)) B
S K
x B z (B (v21 S) (v22 z) (S z) v26 (B (I (K (v23 (z B)) (I B))) (v29 (K B (I z) v19 K))) (B x z I I (I z) K (v10 z I z))) v7 (v9 (S (I (K S) K) S) (I (I (v21 (I x) z)) (S (I v1 z (S I)) (S z))) (S (B (S (S (I B))) z) (v1 (S v6) (S (z (v21 z))) I)) (S (B (K v2 x z) (v24 (x (B z))) (B S)) (z S) B))
x B z (v21 S (v22 z (S z)) v26 (B (I (K (v23 (z B)) (I B))) (v29 (K B (I z) v19 K))) (B x z I I (I z) K (v10 z I z))) v7 (v9 (S (I (K S) K) S) (I (I (v21 (I x) z)) (S (I v1 z (S I)) (S z))) (S (B (S (S (I B))) z) (v1 (S v6) (S (z (v21 z))) I)) (S (B (K v2 x z) (v24 (x (B z))) (B S)) (z S) B))
x B z (v21 S (v22 z (S z)) v26 (B (K (v23 (z B)) (I B)) (v29 (K B (I z) v19 K))) (B x z I I (I z) K (v10 z I z))) v7 (v9 (S (I (K S) K) S) (I (I (v21 (I x) z)) (S (I v1 z (S I)) (S z))) (S (B (S (S (I B))) z) (v1 (S v6) (S (z (v21 z))) I)) (S (B (K v2 x z) (v24 (x (B z))) (B S)) (z S) B))
x B z (v21 S (v22 z (S z)) v26 (B (v23 (z B)) (v29 (K B (I z) v19 K))) (B x z I I (I z) K (v10 z I z))) v7 (v9 (S (I (K S) K) S) (I (I (v21 (I x) z)) (S (I v1 z (S I)) (S z))) (S (B (S (S (I B))) z) (v1 (S v6) (S (z (v21 z))) I)) (S (B (K v2 x z) (v24 (x (B z))) (B S)) (z S) B))
x B z (v21 S (v22 z (S z)) v26 (B (v23 (z B)) (v29 (B v19 K))) (B x z I I (I z) K (v10 z I z))) v7 (v9 (S (I (K S) K) S) (I (I (v21 (I x) z)) (S (I v1 z (S I)) (S z))) (S (B (S (S (I B))) z) (v1 (S v6) (S (z (v21 z))) I)) (S (B (K v2 x z) (v24 (x (B z))) (B S)) (z S) B))
x B z (v21 S (v22 z (S z)) v26 (B (v23 (z B)) (v29 (B v19 K))) (x (z I) I (I z) K (v10 z I z))) v7 (v9 (S (I (K S) K) S) (I (I (v21 (I x) z)) (S (I v1 z (S I)) (S z))) (S (B (S (S (I B))) z) (v1 (S v6) (S (z (v21 z))) I)) (S (B (K v2 x z) (v24 (x (B z))) (B S)) (z S) B))
x B z (v21 S (v22 z (S z)) v26 (B (v23 (z B)) (v29 (B v19 K))) (x (z I) I z K (v10 z I z))) v7 (v9 (S (I (K S) K) S) (I (I (v21 (I x) z)) (S (I v1 z (S I)) (S z))) (S (B (S (S (I B))) z) (v1 (S v6) (S (z (v21 z))) I)) (S (B (K v2 x z) (v24 (x (B z))) (B S)) (z S) B))
x B z (v21 S (v22 z (S z)) v26 (B (v23 (z B)) (v29 (B v19 K))) (x (z I) I z K (v10 z I z))) v7 (v9 (S (K S K) S) (I (I (v21 (I x) z)) (S (I v1 z (S I)) (S z))) (S (B (S (S (I B))) z) (v1 (S v6) (S (z (v21 z))) I)) (S (B (K v2 x z) (v24 (x (B z))) (B S)) (z S) B))
x B z (v21 S (v22 z (S z)) v26 (B (v23 (z B)) (v29 (B v19 K))) (x (z I) I z K (v10 z I z))) v7 (v9 (S S S) (I (I (v21 (I x) z)) (S (I v1 z (S I)) (S z))) (S (B (S (S (I B))) z) (v1 (S v6) (S (z (v21 z))) I)) (S (B (K v2 x z) (v24 (x (B z))) (B S)) (z S) B))
x B z (v21 S (v22 z (S z)) v26 (B (v23 (z B)) (v29 (B v19 K))) (x (z I) I z K (v10 z I z))) v7 (v9 (S S S) (I (v21 (I x) z) (S (I v1 z (S I)) (S z))) (S (B (S (S (I B))) z) (v1 (S v6) (S (z (v21 z))) I)) (S (B (K v2 x z) (v24 (x (B z))) (B S)) (z S) B))
x B z (v21 S (v22 z (S z)) v26 (B (v23 (z B)) (v29 (B v19 K))) (x (z I) I z K (v10 z I z))) v7 (v9 (S S S) (v21 (I x) z (S (I v1 z (S I)) (S z))) (S (B (S (S (I B))) z) (v1 (S v6) (S (z (v21 z))) I)) (S (B (K v2 x z) (v24 (x (B z))) (B S)) (z S) B))
x B z (v21 S (v22 z (S z)) v26 (B (v23 (z B)) (v29 (B v19 K))) (x (z I) I z K (v10 z I z))) v7 (v9 (S S S) (v21 x z (S (I v1 z (S I)) (S z))) (S (B (S (S (I B))) z) (v1 (S v6) (S (z (v21 z))) I)) (S (B (K v2 x z) (v24 (x (B z))) (B S)) (z S) B))
x B z (v21 S (v22 z (S z)) v26 (B (v23 (z B)) (v29 (B v19 K))) (x (z I) I z K (v10 z I z))) v7 (v9 (S S S) (v21 x z (S (v1 z (S I)) (S z))) (S (B (S (S (I B))) z) (v1 (S v6) (S (z (v21 z))) I)) (S (B (K v2 x z) (v24 (x (B z))) (B S)) (z S) B))
x B z (v21 S (v22 z (S z)) v26 (B (v23 (z B)) (v29 (B v19 K))) (x (z I) I z K (v10 z I z))) v7 (v9 (S S S) (v21 x z (S (v1 z (S I)) (S z))) (S (B (S (S B)) z) (v1 (S v6) (S (z (v21 z))) I)) (S (B (K v2 x z) (v24 (x (B z))) (B S)) (z S) B))
x B z (v21 S (v22 z (S z)) v26 (B (v23 (z B)) (v29 (B v19 K))) (x (z I) I z K (v10 z I z))) v7 (v9 (S S S) (v21 x z (S (v1 z (S I)) (S z))) (S (B (S (S B)) z) (v1 (S v6) (S (z (v21 z))) I)) (B (K v2 x z) (v24 (x (B z))) (B S) B (z S B)))
x B z (v21 S (v22 z (S z)) v26 (B (v23 (z B)) (v29 (B v19 K))) (x (z I) I z K (v10 z I z))) v7 (v9 (S S S) (v21 x z (S (v1 z (S I)) (S z))) (S (B (S (S B)) z) (v1 (S v6) (S (z (v21 z))) I)) (K v2 x z (v24 (x (B z)) (B S)) B (z S B)))
x B z (v21 S (v22 z (S z)) v26 (B (v23 (z B)) (v29 (B v19 K))) (x (z I) I z K (v10 z I z))) v7 (v9 (S S S) (v21 x z (S (v1 z (S I)) (S z))) (S (B (S (S B)) z) (v1 (S v6) (S (z (v21 z))) I)) (v2 z (v24 (x (B z)) (B S)) B (z S B)))
K
