S
I (K I) (I (x (v30 (z I) (I (x v4) (B S)))) I z) (I (B x I B K)) (I (I (x (v15 (v20 v10))) I S)) (K (x (S z (v5 B)) v15 (B I (v8 x (K (B x) (B (v25 (z S (S K B z) K))) (z K)) S (S I) S K I)) x)) B
K I (I (x (v30 (z I) (I (x v4) (B S)))) I z) (I (B x I B K)) (I (I (x (v15 (v20 v10))) I S)) (K (x (S z (v5 B)) v15 (B I (v8 x (K (B x) (B (v25 (z S (S K B z) K))) (z K)) S (S I) S K I)) x)) B
I (I (B x I B K)) (I (I (x (v15 (v20 v10))) I S)) (K (x (S z (v5 B)) v15 (B I (v8 x (K (B x) (B (v25 (z S (S K B z) K))) (z K)) S (S I) S K I)) x)) B
I (B x I B K) (I (I (x (v15 (v20 v10))) I S)) (K (x (S z (v5 B)) v15 (B I (v8 x (K (B x) (B (v25 (z S (S K B z) K))) (z K)) S (S I) S K I)) x)) B
B x I B K (I (I (x (v15 (v20 v10))) I S)) (K (x (S z (v5 B)) v15 (B I (v8 x (K (B x) (B (v25 (z S (S K B z) K))) (z K)) S (S I) S K I)) x)) B
x (I B) K (I (I (x (v15 (v20 v10))) I S)) (K (x (S z (v5 B)) v15 (B I (v8 x (K (B x) (B (v25 (z S (S K B z) K))) (z K)) S (S I) S K I)) x)) B
x B K (I (I (x (v15 (v20 v10))) I S)) (K (x (S z (v5 B)) v15 (B I (v8 x (K (B x) (B (v25 (z S (S K B z) K))) (z K)) S (S I) S K I)) x)) B
x B K (I (x (v15 (v20 v10))) I S) (K (x (S z (v5 B)) v15 (B I (v8 x (K (B x) (B (v25 (z S (S K B z) K))) (z K)) S (S I) S K I)) x)) B
x B K (x (v15 (v20 v10)) I S) (K (x (S z (v5 B)) v15 (B I (v8 x (K (B x) (B (v25 (z S (S K B z) K))) (z K)) S (S I) S K I)) x)) B
x B K (x (v15 (v20 v10)) I S) (K (x (S z (v5 B)) v15 (B I (v8 x (B x (z K)) S (S I) S K I)) x)) B
x K
I
z (x (B (z v4) S x S (I B) (K (z I) v12 (x B v0) (S v27))) B) (B (v27 (v4 (I S)) (v30 I) B S (S (S B (v1 (v4 (v13 v1 (B (x K)))) x)))) z)
z (x (z v4 (S x) S (I B) (K (z I) v12 (x B v0) (S v27))) B) (B (v27 (v4 (I S)) (v30 I) B S (S (S B (v1 (v4 (v13 v1 (B (x K)))) x)))) z)
z (x (z v4 (S x) S B (K (z I) v12 (x B v0) (S v27))) B) (B (v27 (v4 (I S)) (v30 I) B S (S (S B (v1 (v4 (v13 v1 (B (x K)))) x)))) z)
z (x (z v4 (S x) S B (z I (x B v0) (S v27))) B) (B (v27 (v4 (I S)) (v30 I) B S (S (S B (v1 (v4 (v13 v1 (B (x K)))) x)))) z)
z (x (z v4 (S x) S B (z I (x B v0) (S v27))) B) (B (v27 (v4 S) (v30 I) B S (S (S B (v1 (v4 (v13 v1 (B (x K)))) x)))) z)
x
I v13
v13
I (v11 x (x K)) z
v11 x (x K) z
I v17
v17
S
