v6 (B (K (v4 (S (v17 K)))) z (z (x x (K x) (K (I (K (K (z K z) (x S) (K (K B (I z))))) v29 B) v5) (B z B)) (K (I v5)) (S (K x x (x (B (I (B (S x) (K x B) z K v9) (v9 (v25 z (z S (v13 z B I (x (K x))) (z z) (S (I (B K)) (I (B (v6 x I (S (z (z S) (x x))))))))) v16 v24) B x) (B (v8 x) S) (x (S (z (v19 (B (x z)))) z) (S v18 (S (I I (B (x (v22 z) (I v6)))) z I) (v17 K (v23 S) (S z (B S))) (S z z)) B))) (B (K I))) (x (K B (K I) (z I B) v3 (z (K K))))) K (v3 (v17 (v9 I (B x)) S B) B (x I z) B (I (K (z (z (B x z)) (z (z v10 K))) z) (K (S (B B)) v7 z v27 (v22 (S K) v23 z z)) (K x) (I (z v27) (B S) K) (I S S (K K) S) K))))
v6 (K (v4 (S (v17 K))) (z (z (x x (K x) (K (I (K (K (z K z) (x S) (K (K B (I z))))) v29 B) v5) (B z B)) (K (I v5)) (S (K x x (x (B (I (B (S x) (K x B) z K v9) (v9 (v25 z (z S (v13 z B I (x (K x))) (z z) (S (I (B K)) (I (B (v6 x I (S (z (z S) (x x))))))))) v16 v24) B x) (B (v8 x) S) (x (S (z (v19 (B (x z)))) z) (S v18 (S (I I (B (x (v22 z) (I v6)))) z I) (v17 K (v23 S) (S z (B S))) (S z z)) B))) (B (K I))) (x (K B (K I) (z I B) v3 (z (K K))))) K (v3 (v17 (v9 I (B x)) S B) B (x I z) B (I (K (z (z (B x z)) (z (z v10 K))) z) (K (S (B B)) v7 z v27 (v22 (S K) v23 z z)) (K x) (I (z v27) (B S) K) (I S S (K K) S) K)))))
v6 (v4 (S (v17 K)))
z
x x
K
B
v20 K B I (K (x (K B) v29) (K (I z I (x S v21 B S))) (B v16 (S v25 S) (x (B (S B)) (x S I S K v2) (K B) (v11 (S (v1 v17)) (v1 S) (I S x (K v8)))) B)) (K K)
v20 K B I (x (K B) v29 (B v16 (S v25 S) (x (B (S B)) (x S I S K v2) (K B) (v11 (S (v1 v17)) (v1 S) (I S x (K v8)))) B)) (K K)
v20 K B I (x (K B) v29 (v16 (S v25 S (x (B (S B)) (x S I S K v2) (K B) (v11 (S (v1 v17)) (v1 S) (I S x (K v8))))) B)) (K K)
v20 K B I (x (K B) v29 (v16 (v25 (x (B (S B)) (x S I S K v2) (K B) (v11 (S (v1 v17)) (v1 S) (I S x (K v8)))) (S (x (B (S B)) (x S I S K v2) (K B) (v11 (S (v1 v17)) (v1 S) (I S x (K v8)))))) B)) (K K)
v20 K B I (x (K B) v29 (v16 (v25 (x (B (S B)) (x S I S K v2) (K B) (v11 (S (v1 v17)) (v1 S) (S x (K v8)))) (S (x (B (S B)) (x S I S K v2) (K B) (v11 (S (v1 v17)) (v1 S) (I S x (K v8)))))) B)) (K K)
v20 K B I (x (K B) v29 (v16 (v25 (x (B (S B)) (x S I S K v2) (K B) (v11 (S (v1 v17)) (v1 S) (S x (K v8)))) (S (x (B (S B)) (x S I S K v2) (K B) (v11 (S (v1 v17)) (v1 S) (S x (K v8)))))) B)) (K K)
x (K (S (K (K (S B) K B))))
x (K (S (K (S B B))))
v29 (z x) (B K (K (v26 z (z v3) (K z) (z (x (v8 K (v15 x))) (B z (v24 S S (z I) (K S) z) S))))) (B x) v14 (v18 (I z (I (I I S) z) S)) B B
v29 (z x) (B K (K (v26 z (z v3) (K z) (z (x (v8 K (v15 x))) (z (v24 S S (z I) (K S) z S)))))) (B x) v14 (v18 (I z (I (I I S) z) S)) B B
v29 (z x) (B K (K (v26 z (z v3) (K z) (z (x (v8 K (v15 x))) (z (v24 S S (z I) (K S) z S)))))) (B x) v14 (v18 (z (I (I I S) z) S)) B B
v29 (z x) (B K (K (v26 z (z v3) (K z) (z (x (v8 K (v15 x))) (z (v24 S S (z I) (K S) z S)))))) (B x) v14 (v18 (z (I I S z) S)) B B
v29 (z x) (B K (K (v26 z (z v3) (K z) (z (x (v8 K (v15 x))) (z (v24 S S (z I) (K S) z S)))))) (B x) v14 (v18 (z (I S z) S)) B B
v29 (z x) (B K (K (v26 z (z v3) (K z) (z (x (v8 K (v15 x))) (z (v24 S S (z I) (K S) z S)))))) (B x) v14 (v18 (z (S z) S)) B B
v20 (x (S (B v22 (K (B S) K) (x (v4 (S z)) I x S (z z (S (x z)) (S x) z x)))) I (x (B (z (K z)) (B I)) (K (z (v10 (K I)) (S I)) K (I (S I B) (I x S (x (v25 B (v28 (v6 K (I I (x (S B))) (B B) S z S) (B (S z) I) K (z (x I))) (K I) I v12))) v15)) z (K (B (x B))) (v20 I (B S))) I)
v20 (x (S (v22 (K (B S) K (x (v4 (S z)) I x S (z z (S (x z)) (S x) z x))))) I (x (B (z (K z)) (B I)) (K (z (v10 (K I)) (S I)) K (I (S I B) (I x S (x (v25 B (v28 (v6 K (I I (x (S B))) (B B) S z S) (B (S z) I) K (z (x I))) (K I) I v12))) v15)) z (K (B (x B))) (v20 I (B S))) I)
v20 (x (S (v22 (B S (x (v4 (S z)) I x S (z z (S (x z)) (S x) z x))))) I (x (B (z (K z)) (B I)) (K (z (v10 (K I)) (S I)) K (I (S I B) (I x S (x (v25 B (v28 (v6 K (I I (x (S B))) (B B) S z S) (B (S z) I) K (z (x I))) (K I) I v12))) v15)) z (K (B (x B))) (v20 I (B S))) I)
v20 (x (S (v22 (B S (x (v4 (S z)) I x S (z z (S (x z)) (S x) z x))))) I (x (B (z (K z)) (B I)) (z (v10 (K I)) (S I) (I (S I B) (I x S (x (v25 B (v28 (v6 K (I I (x (S B))) (B B) S z S) (B (S z) I) K (z (x I))) (K I) I v12))) v15)) z (K (B (x B))) (v20 I (B S))) I)
v20 (x (S (v22 (B S (x (v4 (S z)) I x S (z z (S (x z)) (S x) z x))))) I (x (B (z (K z)) (B I)) (z (v10 (K I)) (S I) (S I B (I x S (x (v25 B (v28 (v6 K (I I (x (S B))) (B B) S z S) (B (S z) I) K (z (x I))) (K I) I v12))) v15)) z (K (B (x B))) (v20 I (B S))) I)
v20 (x (S (v22 (B S (x (v4 (S z)) I x S (z z (S (x z)) (S x) z x))))) I (x (B (z (K z)) (B I)) (z (v10 (K I)) (S I) (I (I x S (x (v25 B (v28 (v6 K (I I (x (S B))) (B B) S z S) (B (S z) I) K (z (x I))) (K I) I v12))) (B (I x S (x (v25 B (v28 (v6 K (I I (x (S B))) (B B) S z S) (B (S z) I) K (z (x I))) (K I) I v12)))) v15)) z (K (B (x B))) (v20 I (B S))) I)
v20 (x (S (v22 (B S (x (v4 (S z)) I x S (z z (S (x z)) (S x) z x))))) I (x (B (z (K z)) (B I)) (z (v10 (K I)) (S I) (I x S (x (v25 B (v28 (v6 K (I I (x (S B))) (B B) S z S) (B (S z) I) K (z (x I))) (K I) I v12)) (B (I x S (x (v25 B (v28 (v6 K (I I (x (S B))) (B B) S z S) (B (S z) I) K (z (x I))) (K I) I v12)))) v15)) z (K (B (x B))) (v20 I (B S))) I)
v20 (x (S (v22 (B S (x (v4 (S z)) I x S (z z (S (x z)) (S x) z x))))) I (x (B (z (K z)) (B I)) (z (v10 (K I)) (S I) (x S (x (v25 B (v28 (v6 K (I I (x (S B))) (B B) S z S) (B (S z) I) K (z (x I))) (K I) I v12)) (B (I x S (x (v25 B (v28 (v6 K (I I (x (S B))) (B B) S z S) (B (S z) I) K (z (x I))) (K I) I v12)))) v15)) z (K (B (x B))) (v20 I (B S))) I)
v20 (x (S (v22 (B S (x (v4 (S z)) I x S (z z (S (x z)) (S x) z x))))) I (x (B (z (K z)) (B I)) (z (v10 (K I)) (S I) (x S (x (v25 B (v28 (v6 K (I (x (S B))) (B B) S z S) (B (S z) I) K (z (x I))) (K I) I v12)) (B (I x S (x (v25 B (v28 (v6 K (I I (x (S B))) (B B) S z S) (B (S z) I) K (z (x I))) (K I) I v12)))) v15)) z (K (B (x B))) (v20 I (B S))) I)
v20 (x (S (v22 (B S (x (v4 (S z)) I x S (z z (S (x z)) (S x) z x))))) I (x (B (z (K z)) (B I)) (z (v10 (K I)) (S I) (x S (x (v25 B (v28 (v6 K (x (S B)) (B B) S z S) (B (S z) I) K (z (x I))) (K I) I v12)) (B (I x S (x (v25 B (v28 (v6 K (I I (x (S B))) (B B) S z S) (B (S z) I) K (z (x I))) (K I) I v12)))) v15)) z (K (B (x B))) (v20 I (B S))) I)
v20 (x (S (v22 (B S (x (v4 (S z)) I x S (z z (S (x z)) (S x) z x))))) I (x (B (z (K z)) (B I)) (z (v10 (K I)) (S I) (x S (x (v25 B (v28 (v6 K (x (S B)) (B B) S z S) (B (S z) I) K (z (x I))) (K I) I v12)) (B (x S (x (v25 B (v28 (v6 K (I I (x (S B))) (B B) S z S) (B (S z) I) K (z (x I))) (K I) I v12)))) v15)) z (K (B (x B))) (v20 I (B S))) I)
v20 (x (S (v22 (B S (x (v4 (S z)) I x S (z z (S (x z)) (S x) z x))))) I (x (B (z (K z)) (B I)) (z (v10 (K I)) (S I) (x S (x (v25 B (v28 (v6 K (x (S B)) (B B) S z S) (B (S z) I) K (z (x I))) (K I) I v12)) (B (x S (x (v25 B (v28 (v6 K (I (x (S B))) (B B) S z S) (B (S z) I) K (z (x I))) (K I) I v12)))) v15)) z (K (B (x B))) (v20 I (B S))) I)
v20 (x (S (v22 (B S (x (v4 (S z)) I x S (z z (S (x z)) (S x) z x))))) I (x (B (z (K z)) (B I)) (z (v10 (K I)) (S I) (x S (x (v25 B (v28 (v6 K (x (S B)) (B B) S z S) (B (S z) I) K (z (x I))) (K I) I v12)) (B (x S (x (v25 B (v28 (v6 K (x (S B)) (B B) S z S) (B (S z) I) K (z (x I))) (K I) I v12)))) v15)) z (K (B (x B))) (v20 I (B S))) I)
x (S B) K
