x (I (x K (x S (B K (x (x (x x) S I K B z (S v21))) (I x (x (v12 z (K (B z B (K (z (v26 (S (z I B))))) z)) I (B (z x (I K (v11 I (B (v8 (x I)) (v14 K (v13 S))))) (v0 x B) (x B) (x (z x (z S) v10) I) (S (z v13 x)) x (K (z (K K (B z) K) (B I) S) (S S)))) B))) S B z))))
x (x K (x S (B K (x (x (x x) S I K B z (S v21))) (I x (x (v12 z (K (B z B (K (z (v26 (S (z I B))))) z)) I (B (z x (I K (v11 I (B (v8 (x I)) (v14 K (v13 S))))) (v0 x B) (x B) (x (z x (z S) v10) I) (S (z v13 x)) x (K (z (K K (B z) K) (B I) S) (S S)))) B))) S B z)))
x (x K (x S (K (x (x (x x) S I K B z (S v21)) (I x (x (v12 z (K (B z B (K (z (v26 (S (z I B))))) z)) I (B (z x (I K (v11 I (B (v8 (x I)) (v14 K (v13 S))))) (v0 x B) (x B) (x (z x (z S) v10) I) (S (z v13 x)) x (K (z (K K (B z) K) (B I) S) (S S)))) B)))) S B z)))
x (x K (x S (x (x (x x) S I K B z (S v21)) (I x (x (v12 z (K (B z B (K (z (v26 (S (z I B))))) z)) I (B (z x (I K (v11 I (B (v8 (x I)) (v14 K (v13 S))))) (v0 x B) (x B) (x (z x (z S) v10) I) (S (z v13 x)) x (K (z (K K (B z) K) (B I) S) (S S)))) B))) B z)))
x (x K (x S (x (x (x x) S I K B z (S v21)) (x (x (v12 z (K (B z B (K (z (v26 (S (z I B))))) z)) I (B (z x (I K (v11 I (B (v8 (x I)) (v14 K (v13 S))))) (v0 x B) (x B) (x (z x (z S) v10) I) (S (z v13 x)) x (K (z (K K (B z) K) (B I) S) (S S)))) B))) B z)))
x (x K (x S (x (x (x x) S I K B z (S v21)) (x (x (v12 z (K (z (B (K (z (v26 (S (z I B)))))) z)) I (B (z x (I K (v11 I (B (v8 (x I)) (v14 K (v13 S))))) (v0 x B) (x B) (x (z x (z S) v10) I) (S (z v13 x)) x (K (z (K K (B z) K) (B I) S) (S S)))) B))) B z)))
x (x K (x S (x (x (x x) S I K B z (S v21)) (x (x (v12 z (K (z (B (K (z (v26 (S (z I B)))))) z)) I (B (z x (K (v11 I (B (v8 (x I)) (v14 K (v13 S))))) (v0 x B) (x B) (x (z x (z S) v10) I) (S (z v13 x)) x (K (z (K K (B z) K) (B I) S) (S S)))) B))) B z)))
x (x K (x S (x (x (x x) S I K B z (S v21)) (x (x (v12 z (K (z (B (K (z (v26 (S (z I B)))))) z)) I (B (z x (K (v11 I (B (v8 (x I)) (v14 K (v13 S))))) (v0 x B) (x B) (x (z x (z S) v10) I) (S (z v13 x)) x (z (K K (B z) K) (B I) S))) B))) B z)))
x (x K (x S (x (x (x x) S I K B z (S v21)) (x (x (v12 z (K (z (B (K (z (v26 (S (z I B)))))) z)) I (B (z x (K (v11 I (B (v8 (x I)) (v14 K (v13 S))))) (v0 x B) (x B) (x (z x (z S) v10) I) (S (z v13 x)) x (z (K K) (B I) S))) B))) B z)))
I
I
z z
z
K (B x (B (x K z) B (B B x I)) B (v14 (v11 I (v11 x)) (x (x (S (B (S (I I B)) (S (B B)) (z B (K (K I))) K S x B v16) z) (I (z (I x))) (S v7) K x x)) K)) (z x v19 (v30 (v4 (K v0))))
B x (B (x K z) B (B B x I)) B (v14 (v11 I (v11 x)) (x (x (S (B (S (I I B)) (S (B B)) (z B (K (K I))) K S x B v16) z) (I (z (I x))) (S v7) K x x)) K)
x (B (x K z) B (B B x I) B) (v14 (v11 I (v11 x)) (x (x (S (B (S (I I B)) (S (B B)) (z B (K (K I))) K S x B v16) z) (I (z (I x))) (S v7) K x x)) K)
x (x K z (B (B B x I)) B) (v14 (v11 I (v11 x)) (x (x (S (B (S (I I B)) (S (B B)) (z B (K (K I))) K S x B v16) z) (I (z (I x))) (S v7) K x x)) K)
x (x K z (B (B (x I))) B) (v14 (v11 I (v11 x)) (x (x (S (B (S (I I B)) (S (B B)) (z B (K (K I))) K S x B v16) z) (I (z (I x))) (S v7) K x x)) K)
x (x K z (B (B (x I))) B) (v14 (v11 I (v11 x)) (x (x (S (S (I I B) (S (B B) (z B (K (K I)))) K S x B v16) z) (I (z (I x))) (S v7) K x x)) K)
x (x K z (B (B (x I))) B) (v14 (v11 I (v11 x)) (x (x (S (I I B K (S (B B) (z B (K (K I))) K) S x B v16) z) (I (z (I x))) (S v7) K x x)) K)
x (x K z (B (B (x I))) B) (v14 (v11 I (v11 x)) (x (x (S (I B K (S (B B) (z B (K (K I))) K) S x B v16) z) (I (z (I x))) (S v7) K x x)) K)
x (x K z (B (B (x I))) B) (v14 (v11 I (v11 x)) (x (x (S (B K (S (B B) (z B (K (K I))) K) S x B v16) z) (I (z (I x))) (S v7) K x x)) K)
x (x K z (B (B (x I))) B) (v14 (v11 I (v11 x)) (x (x (S (K (S (B B) (z B (K (K I))) K S) x B v16) z) (I (z (I x))) (S v7) K x x)) K)
x (x K z (B (B (x I))) B) (v14 (v11 I (v11 x)) (x (x (S (S (B B) (z B (K (K I))) K S B v16) z) (I (z (I x))) (S v7) K x x)) K)
x (x K z (B (B (x I))) B) (v14 (v11 I (v11 x)) (x (x (S (B B K (z B (K (K I)) K) S B v16) z) (I (z (I x))) (S v7) K x x)) K)
x (x K z (B (B (x I))) B) (v14 (v11 I (v11 x)) (x (x (S (B (K (z B (K (K I)) K)) S B v16) z) (I (z (I x))) (S v7) K x x)) K)
x (x K z (B (B (x I))) B) (v14 (v11 I (v11 x)) (x (x (S (K (z B (K (K I)) K) (S B) v16) z) (I (z (I x))) (S v7) K x x)) K)
x (x K z (B (B (x I))) B) (v14 (v11 I (v11 x)) (x (x (S (z B (K (K I)) K v16) z) (I (z (I x))) (S v7) K x x)) K)
x (x K z (B (B (x I))) B) (v14 (v11 I (v11 x)) (x (x (S (z B (K (K I)) K v16) z) (z (I x)) (S v7) K x x)) K)
x (x K z (B (B (x I))) B) (v14 (v11 I (v11 x)) (x (x (S (z B (K (K I)) K v16) z) (z x) (S v7) K x x)) K)
z
x (x I) S
S (K (v30 I) B (S z) x (S (S I (S (I (z (x (x (K z)) (x z K S) (K (B B))) B B)) (B (K (B (K x S) K (S (S (K v24 I)) (S (K (K (K I (z S (S (v29 (v4 K (K v27))))))) K)))) (B K) B (x x (I B) (S x) z I)) z) S) (K (I (B (S S S) (I (I z I))) (v11 S (I I) S (B x)) (I z S) K) I))))
S (v30 I (S z) x (S (S I (S (I (z (x (x (K z)) (x z K S) (K (B B))) B B)) (B (K (B (K x S) K (S (S (K v24 I)) (S (K (K (K I (z S (S (v29 (v4 K (K v27))))))) K)))) (B K) B (x x (I B) (S x) z I)) z) S) (K (I (B (S S S) (I (I z I))) (v11 S (I I) S (B x)) (I z S) K) I))))
S (v30 I (S z) x (S (I (K (I (B (S S S) (I (I z I))) (v11 S (I I) S (B x)) (I z S) K) I) (S (I (z (x (x (K z)) (x z K S) (K (B B))) B B)) (B (K (B (K x S) K (S (S (K v24 I)) (S (K (K (K I (z S (S (v29 (v4 K (K v27))))))) K)))) (B K) B (x x (I B) (S x) z I)) z) S (K (I (B (S S S) (I (I z I))) (v11 S (I I) S (B x)) (I z S) K) I)))))
S (v30 I (S z) x (S (K (I (B (S S S) (I (I z I))) (v11 S (I I) S (B x)) (I z S) K) I (S (I (z (x (x (K z)) (x z K S) (K (B B))) B B)) (B (K (B (K x S) K (S (S (K v24 I)) (S (K (K (K I (z S (S (v29 (v4 K (K v27))))))) K)))) (B K) B (x x (I B) (S x) z I)) z) S (K (I (B (S S S) (I (I z I))) (v11 S (I I) S (B x)) (I z S) K) I)))))
S (v30 I (S z) x (S (I (B (S S S) (I (I z I))) (v11 S (I I) S (B x)) (I z S) K (S (I (z (x (x (K z)) (x z K S) (K (B B))) B B)) (B (K (B (K x S) K (S (S (K v24 I)) (S (K (K (K I (z S (S (v29 (v4 K (K v27))))))) K)))) (B K) B (x x (I B) (S x) z I)) z) S (K (I (B (S S S) (I (I z I))) (v11 S (I I) S (B x)) (I z S) K) I)))))
S (v30 I (S z) x (S (B (S S S) (I (I z I)) (v11 S (I I) S (B x)) (I z S) K (S (I (z (x (x (K z)) (x z K S) (K (B B))) B B)) (B (K (B (K x S) K (S (S (K v24 I)) (S (K (K (K I (z S (S (v29 (v4 K (K v27))))))) K)))) (B K) B (x x (I B) (S x) z I)) z) S (K (I (B (S S S) (I (I z I))) (v11 S (I I) S (B x)) (I z S) K) I)))))
S (v30 I (S z) x (S (S S S (I (I z I) (v11 S (I I) S (B x))) (I z S) K (S (I (z (x (x (K z)) (x z K S) (K (B B))) B B)) (B (K (B (K x S) K (S (S (K v24 I)) (S (K (K (K I (z S (S (v29 (v4 K (K v27))))))) K)))) (B K) B (x x (I B) (S x) z I)) z) S (K (I (B (S S S) (I (I z I))) (v11 S (I I) S (B x)) (I z S) K) I)))))
S (v30 I (S z) x (S (S (I (I z I) (v11 S (I I) S (B x))) (S (I (I z I) (v11 S (I I) S (B x)))) (I z S) K (S (I (z (x (x (K z)) (x z K S) (K (B B))) B B)) (B (K (B (K x S) K (S (S (K v24 I)) (S (K (K (K I (z S (S (v29 (v4 K (K v27))))))) K)))) (B K) B (x x (I B) (S x) z I)) z) S (K (I (B (S S S) (I (I z I))) (v11 S (I I) S (B x)) (I z S) K) I)))))
S (v30 I (S z) x (S (I (I z I) (v11 S (I I) S (B x)) (I z S) (S (I (I z I) (v11 S (I I) S (B x))) (I z S)) K (S (I (z (x (x (K z)) (x z K S) (K (B B))) B B)) (B (K (B (K x S) K (S (S (K v24 I)) (S (K (K (K I (z S (S (v29 (v4 K (K v27))))))) K)))) (B K) B (x x (I B) (S x) z I)) z) S (K (I (B (S S S) (I (I z I))) (v11 S (I I) S (B x)) (I z S) K) I)))))
S (v30 I (S z) x (S (I z I (v11 S (I I) S (B x)) (I z S) (S (I (I z I) (v11 S (I I) S (B x))) (I z S)) K (S (I (z (x (x (K z)) (x z K S) (K (B B))) B B)) (B (K (B (K x S) K (S (S (K v24 I)) (S (K (K (K I (z S (S (v29 (v4 K (K v27))))))) K)))) (B K) B (x x (I B) (S x) z I)) z) S (K (I (B (S S S) (I (I z I))) (v11 S (I I) S (B x)) (I z S) K) I)))))
S (v30 I (S z) x (S (z I (v11 S (I I) S (B x)) (I z S) (S (I (I z I) (v11 S (I I) S (B x))) (I z S)) K (S (I (z (x (x (K z)) (x z K S) (K (B B))) B B)) (B (K (B (K x S) K (S (S (K v24 I)) (S (K (K (K I (z S (S (v29 (v4 K (K v27))))))) K)))) (B K) B (x x (I B) (S x) z I)) z) S (K (I (B (S S S) (I (I z I))) (v11 S (I I) S (B x)) (I z S) K) I)))))
S (v30 I (S z) x (S (z I (v11 S I S (B x)) (I z S) (S (I (I z I) (v11 S (I I) S (B x))) (I z S)) K (S (I (z (x (x (K z)) (x z K S) (K (B B))) B B)) (B (K (B (K x S) K (S (S (K v24 I)) (S (K (K (K I (z S (S (v29 (v4 K (K v27))))))) K)))) (B K) B (x x (I B) (S x) z I)) z) S (K (I (B (S S S) (I (I z I))) (v11 S (I I) S (B x)) (I z S) K) I)))))
S (v30 I (S z) x (S (z I (v11 S I S (B x)) (z S) (S (I (I z I) (v11 S (I I) S (B x))) (I z S)) K (S (I (z (x (x (K z)) (x z K S) (K (B B))) B B)) (B (K (B (K x S) K (S (S (K v24 I)) (S (K (K (K I (z S (S (v29 (v4 K (K v27))))))) K)))) (B K) B (x x (I B) (S x) z I)) z) S (K (I (B (S S S) (I (I z I))) (v11 S (I I) S (B x)) (I z S) K) I)))))
S (v30 I (S z) x (S (z I (v11 S I S (B x)) (z S) (S (I z I (v11 S (I I) S (B x))) (I z S)) K (S (I (z (x (x (K z)) (x z K S) (K (B B))) B B)) (B (K (B (K x S) K (S (S (K v24 I)) (S (K (K (K I (z S (S (v29 (v4 K (K v27))))))) K)))) (B K) B (x x (I B) (S x) z I)) z) S (K (I (B (S S S) (I (I z I))) (v11 S (I I) S (B x)) (I z S) K) I)))))
S (v30 I (S z) x (S (z I (v11 S I S (B x)) (z S) (S (z I (v11 S (I I) S (B x))) (I z S)) K (S (I (z (x (x (K z)) (x z K S) (K (B B))) B B)) (B (K (B (K x S) K (S (S (K v24 I)) (S (K (K (K I (z S (S (v29 (v4 K (K v27))))))) K)))) (B K) B (x x (I B) (S x) z I)) z) S (K (I (B (S S S) (I (I z I))) (v11 S (I I) S (B x)) (I z S) K) I)))))
S (v30 I (S z) x (S (z I (v11 S I S (B x)) (z S) (S (z I (v11 S I S (B x))) (I z S)) K (S (I (z (x (x (K z)) (x z K S) (K (B B))) B B)) (B (K (B (K x S) K (S (S (K v24 I)) (S (K (K (K I (z S (S (v29 (v4 K (K v27))))))) K)))) (B K) B (x x (I B) (S x) z I)) z) S (K (I (B (S S S) (I (I z I))) (v11 S (I I) S (B x)) (I z S) K) I)))))
S (v30 I (S z) x (S (z I (v11 S I S (B x)) (z S) (S (z I (v11 S I S (B x))) (z S)) K (S (I (z (x (x (K z)) (x z K S) (K (B B))) B B)) (B (K (B (K x S) K (S (S (K v24 I)) (S (K (K (K I (z S (S (v29 (v4 K (K v27))))))) K)))) (B K) B (x x (I B) (S x) z I)) z) S (K (I (B (S S S) (I (I z I))) (v11 S (I I) S (B x)) (I z S) K) I)))))
S (v30 I (S z) x (S (z I (v11 S I S (B x)) (z S) (S (z I (v11 S I S (B x))) (z S)) K (I (z (x (x (K z)) (x z K S) (K (B B))) B B) S (B (K (B (K x S) K (S (S (K v24 I)) (S (K (K (K I (z S (S (v29 (v4 K (K v27))))))) K)))) (B K) B (x x (I B) (S x) z I)) z S) (K (I (B (S S S) (I (I z I))) (v11 S (I I) S (B x)) (I z S) K) I)))))
S (v30 I (S z) x (S (z I (v11 S I S (B x)) (z S) (S (z I (v11 S I S (B x))) (z S)) K (z (x (x (K z)) (x z K S) (K (B B))) B B S (B (K (B (K x S) K (S (S (K v24 I)) (S (K (K (K I (z S (S (v29 (v4 K (K v27))))))) K)))) (B K) B (x x (I B) (S x) z I)) z S) (K (I (B (S S S) (I (I z I))) (v11 S (I I) S (B x)) (I z S) K) I)))))
S (v30 I (S z) x (S (z I (v11 S I S (B x)) (z S) (S (z I (v11 S I S (B x))) (z S)) K (z (x (x (K z)) (x z K S) (K (B B))) B B S (K (B (K x S) K (S (S (K v24 I)) (S (K (K (K I (z S (S (v29 (v4 K (K v27))))))) K)))) (B K) B (x x (I B) (S x) z I) (z S)) (K (I (B (S S S) (I (I z I))) (v11 S (I I) S (B x)) (I z S) K) I)))))
S (v30 I (S z) x (S (z I (v11 S I S (B x)) (z S) (S (z I (v11 S I S (B x))) (z S)) K (z (x (x (K z)) (x z K S) (K (B B))) B B S (B (K x S) K (S (S (K v24 I)) (S (K (K (K I (z S (S (v29 (v4 K (K v27))))))) K))) B (x x (I B) (S x) z I) (z S)) (K (I (B (S S S) (I (I z I))) (v11 S (I I) S (B x)) (I z S) K) I)))))
S (v30 I (S z) x (S (z I (v11 S I S (B x)) (z S) (S (z I (v11 S I S (B x))) (z S)) K (z (x (x (K z)) (x z K S) (K (B B))) B B S (K x S (K (S (S (K v24 I)) (S (K (K (K I (z S (S (v29 (v4 K (K v27))))))) K)))) B (x x (I B) (S x) z I) (z S)) (K (I (B (S S S) (I (I z I))) (v11 S (I I) S (B x)) (I z S) K) I)))))
S (v30 I (S z) x (S (z I (v11 S I S (B x)) (z S) (S (z I (v11 S I S (B x))) (z S)) K (z (x (x (K z)) (x z K S) (K (B B))) B B S (x (K (S (S (K v24 I)) (S (K (K (K I (z S (S (v29 (v4 K (K v27))))))) K)))) B (x x (I B) (S x) z I) (z S)) (K (I (B (S S S) (I (I z I))) (v11 S (I I) S (B x)) (I z S) K) I)))))
S (v30 I (S z) x (S (z I (v11 S I S (B x)) (z S) (S (z I (v11 S I S (B x))) (z S)) K (z (x (x (K z)) (x z K S) (K (B B))) B B S (x (K (S (S v24) (S (K (K (K I (z S (S (v29 (v4 K (K v27))))))) K)))) B (x x (I B) (S x) z I) (z S)) (K (I (B (S S S) (I (I z I))) (v11 S (I I) S (B x)) (I z S) K) I)))))
S (v30 I (S z) x (S (z I (v11 S I S (B x)) (z S) (S (z I (v11 S I S (B x))) (z S)) K (z (x (x (K z)) (x z K S) (K (B B))) B B S (x (K (S (S v24) (S (K (K I (z S (S (v29 (v4 K (K v27)))))))))) B (x x (I B) (S x) z I) (z S)) (K (I (B (S S S) (I (I z I))) (v11 S (I I) S (B x)) (I z S) K) I)))))
S (v30 I (S z) x (S (z I (v11 S I S (B x)) (z S) (S (z I (v11 S I S (B x))) (z S)) K (z (x (x (K z)) (x z K S) (K (B B))) B B S (x (K (S (S v24) (S (K I)))) B (x x (I B) (S x) z I) (z S)) (K (I (B (S S S) (I (I z I))) (v11 S (I I) S (B x)) (I z S) K) I)))))
S (v30 I (S z) x (S (z I (v11 S I S (B x)) (z S) (S (z I (v11 S I S (B x))) (z S)) K (z (x (x (K z)) (x z K S) (K (B B))) B B S (x (K (S (S v24) (S (K I)))) B (x x B (S x) z I) (z S)) (K (I (B (S S S) (I (I z I))) (v11 S (I I) S (B x)) (I z S) K) I)))))
S (v30 I (S z) x (S (z I (v11 S I S (B x)) (z S) (S (z I (v11 S I S (B x))) (z S)) K (z (x (x (K z)) (x z K S) (K (B B))) B B S (x (K (S (S v24) (S (K I)))) B (x x B (S x) z I) (z S)) (I (B (S S S) (I (I z I))) (v11 S (I I) S (B x)) (I z S) K)))))
S (v30 I (S z) x (S (z I (v11 S I S (B x)) (z S) (S (z I (v11 S I S (B x))) (z S)) K (z (x (x (K z)) (x z K S) (K (B B))) B B S (x (K (S (S v24) (S (K I)))) B (x x B (S x) z I) (z S)) (B (S S S) (I (I z I)) (v11 S (I I) S (B x)) (I z S) K)))))
S (v30 I (S z) x (S (z I (v11 S I S (B x)) (z S) (S (z I (v11 S I S (B x))) (z S)) K (z (x (x (K z)) (x z K S) (K (B B))) B B S (x (K (S (S v24) (S (K I)))) B (x x B (S x) z I) (z S)) (S S S (I (I z I) (v11 S (I I) S (B x))) (I z S) K)))))
z B (K (I (K (B (z (B (v1 K) (v8 I (z v27) (I (B (z (B K) S) (v15 K v26 v27 B) (z (B (I B (K z)) v0 (z (x x))))) (z B))) (v21 (I z) S)) I v16 z)) B) (x (K (x (B x (v27 (K (B v24)) (x K (z B z) K)) (S z K (S S) z (v23 (x (x I)) x (v14 (z K))) (x K) (z B) B))) (x x) x I (B K (B (B (K (S I (z K) I))) S S) (x (K z (S x (x S (S S) (z (B z S) (B (z I x) I v11)))) (z B (v22 I S (z (v23 (I K)))) (x (x B (K z) x I (K B I) (v11 I)) (x (v16 (v8 (K z S) B) B I x))) x))) (v12 (z K (x B))) z (I (v12 x) B))) K (z I)) (x (x (B (x K (v28 (B S))) x))) (K I)))
z B (K (K (B (z (B (v1 K) (v8 I (z v27) (I (B (z (B K) S) (v15 K v26 v27 B) (z (B (I B (K z)) v0 (z (x x))))) (z B))) (v21 (I z) S)) I v16 z)) B (x (K (x (B x (v27 (K (B v24)) (x K (z B z) K)) (S z K (S S) z (v23 (x (x I)) x (v14 (z K))) (x K) (z B) B))) (x x) x I (B K (B (B (K (S I (z K) I))) S S) (x (K z (S x (x S (S S) (z (B z S) (B (z I x) I v11)))) (z B (v22 I S (z (v23 (I K)))) (x (x B (K z) x I (K B I) (v11 I)) (x (v16 (v8 (K z S) B) B I x))) x))) (v12 (z K (x B))) z (I (v12 x) B))) K (z I)) (x (x (B (x K (v28 (B S))) x))) (K I)))
z B (K (B (z (B (v1 K) (v8 I (z v27) (I (B (z (B K) S) (v15 K v26 v27 B) (z (B (I B (K z)) v0 (z (x x))))) (z B))) (v21 (I z) S)) I v16 z) (x (K (x (B x (v27 (K (B v24)) (x K (z B z) K)) (S z K (S S) z (v23 (x (x I)) x (v14 (z K))) (x K) (z B) B))) (x x) x I (B K (B (B (K (S I (z K) I))) S S) (x (K z (S x (x S (S S) (z (B z S) (B (z I x) I v11)))) (z B (v22 I S (z (v23 (I K)))) (x (x B (K z) x I (K B I) (v11 I)) (x (v16 (v8 (K z S) B) B I x))) x))) (v12 (z K (x B))) z (I (v12 x) B))) K (z I)) (x (x (B (x K (v28 (B S))) x))) (K I)))
z B (K (z (B (v1 K) (v8 I (z v27) (I (B (z (B K) S) (v15 K v26 v27 B) (z (B (I B (K z)) v0 (z (x x))))) (z B))) (v21 (I z) S)) I v16 z (x (K (x (B x (v27 (K (B v24)) (x K (z B z) K)) (S z K (S S) z (v23 (x (x I)) x (v14 (z K))) (x K) (z B) B))) (x x) x I (B K (B (B (K (S I (z K) I))) S S) (x (K z (S x (x S (S S) (z (B z S) (B (z I x) I v11)))) (z B (v22 I S (z (v23 (I K)))) (x (x B (K z) x I (K B I) (v11 I)) (x (v16 (v8 (K z S) B) B I x))) x))) (v12 (z K (x B))) z (I (v12 x) B))) K (z I) (x (x (B (x K (v28 (B S))) x)))) (K I)))
z B (K (z (v1 K (v8 I (z v27) (I (B (z (B K) S) (v15 K v26 v27 B) (z (B (I B (K z)) v0 (z (x x))))) (z B)) (v21 (I z) S))) I v16 z (x (K (x (B x (v27 (K (B v24)) (x K (z B z) K)) (S z K (S S) z (v23 (x (x I)) x (v14 (z K))) (x K) (z B) B))) (x x) x I (B K (B (B (K (S I (z K) I))) S S) (x (K z (S x (x S (S S) (z (B z S) (B (z I x) I v11)))) (z B (v22 I S (z (v23 (I K)))) (x (x B (K z) x I (K B I) (v11 I)) (x (v16 (v8 (K z S) B) B I x))) x))) (v12 (z K (x B))) z (I (v12 x) B))) K (z I) (x (x (B (x K (v28 (B S))) x)))) (K I)))
z B (K (z (v1 K (v8 I (z v27) (B (z (B K) S) (v15 K v26 v27 B) (z (B (I B (K z)) v0 (z (x x)))) (z B)) (v21 (I z) S))) I v16 z (x (K (x (B x (v27 (K (B v24)) (x K (z B z) K)) (S z K (S S) z (v23 (x (x I)) x (v14 (z K))) (x K) (z B) B))) (x x) x I (B K (B (B (K (S I (z K) I))) S S) (x (K z (S x (x S (S S) (z (B z S) (B (z I x) I v11)))) (z B (v22 I S (z (v23 (I K)))) (x (x B (K z) x I (K B I) (v11 I)) (x (v16 (v8 (K z S) B) B I x))) x))) (v12 (z K (x B))) z (I (v12 x) B))) K (z I) (x (x (B (x K (v28 (B S))) x)))) (K I)))
z B (K (z (v1 K (v8 I (z v27) (z (B K) S (v15 K v26 v27 B (z (B (I B (K z)) v0 (z (x x))))) (z B)) (v21 (I z) S))) I v16 z (x (K (x (B x (v27 (K (B v24)) (x K (z B z) K)) (S z K (S S) z (v23 (x (x I)) x (v14 (z K))) (x K) (z B) B))) (x x) x I (B K (B (B (K (S I (z K) I))) S S) (x (K z (S x (x S (S S) (z (B z S) (B (z I x) I v11)))) (z B (v22 I S (z (v23 (I K)))) (x (x B (K z) x I (K B I) (v11 I)) (x (v16 (v8 (K z S) B) B I x))) x))) (v12 (z K (x B))) z (I (v12 x) B))) K (z I) (x (x (B (x K (v28 (B S))) x)))) (K I)))
z B (K (z (v1 K (v8 I (z v27) (z (B K) S (v15 K v26 v27 B (z (I B (K z) (v0 (z (x x)))))) (z B)) (v21 (I z) S))) I v16 z (x (K (x (B x (v27 (K (B v24)) (x K (z B z) K)) (S z K (S S) z (v23 (x (x I)) x (v14 (z K))) (x K) (z B) B))) (x x) x I (B K (B (B (K (S I (z K) I))) S S) (x (K z (S x (x S (S S) (z (B z S) (B (z I x) I v11)))) (z B (v22 I S (z (v23 (I K)))) (x (x B (K z) x I (K B I) (v11 I)) (x (v16 (v8 (K z S) B) B I x))) x))) (v12 (z K (x B))) z (I (v12 x) B))) K (z I) (x (x (B (x K (v28 (B S))) x)))) (K I)))
z B (K (z (v1 K (v8 I (z v27) (z (B K) S (v15 K v26 v27 B (z (B (K z) (v0 (z (x x)))))) (z B)) (v21 (I z) S))) I v16 z (x (K (x (B x (v27 (K (B v24)) (x K (z B z) K)) (S z K (S S) z (v23 (x (x I)) x (v14 (z K))) (x K) (z B) B))) (x x) x I (B K (B (B (K (S I (z K) I))) S S) (x (K z (S x (x S (S S) (z (B z S) (B (z I x) I v11)))) (z B (v22 I S (z (v23 (I K)))) (x (x B (K z) x I (K B I) (v11 I)) (x (v16 (v8 (K z S) B) B I x))) x))) (v12 (z K (x B))) z (I (v12 x) B))) K (z I) (x (x (B (x K (v28 (B S))) x)))) (K I)))
z B (K (z (v1 K (v8 I (z v27) (z (B K) S (v15 K v26 v27 B (z (B (K z) (v0 (z (x x)))))) (z B)) (v21 z S))) I v16 z (x (K (x (B x (v27 (K (B v24)) (x K (z B z) K)) (S z K (S S) z (v23 (x (x I)) x (v14 (z K))) (x K) (z B) B))) (x x) x I (B K (B (B (K (S I (z K) I))) S S) (x (K z (S x (x S (S S) (z (B z S) (B (z I x) I v11)))) (z B (v22 I S (z (v23 (I K)))) (x (x B (K z) x I (K B I) (v11 I)) (x (v16 (v8 (K z S) B) B I x))) x))) (v12 (z K (x B))) z (I (v12 x) B))) K (z I) (x (x (B (x K (v28 (B S))) x)))) (K I)))
z B (K (z (v1 K (v8 I (z v27) (z (B K) S (v15 K v26 v27 B (z (B (K z) (v0 (z (x x)))))) (z B)) (v21 z S))) I v16 z (x (x (B x (v27 (K (B v24)) (x K (z B z) K)) (S z K (S S) z (v23 (x (x I)) x (v14 (z K))) (x K) (z B) B)) x I (B K (B (B (K (S I (z K) I))) S S) (x (K z (S x (x S (S S) (z (B z S) (B (z I x) I v11)))) (z B (v22 I S (z (v23 (I K)))) (x (x B (K z) x I (K B I) (v11 I)) (x (v16 (v8 (K z S) B) B I x))) x))) (v12 (z K (x B))) z (I (v12 x) B))) K (z I) (x (x (B (x K (v28 (B S))) x)))) (K I)))
z B (K (z (v1 K (v8 I (z v27) (z (B K) S (v15 K v26 v27 B (z (B (K z) (v0 (z (x x)))))) (z B)) (v21 z S))) I v16 z (x (x (x (v27 (K (B v24)) (x K (z B z) K) (S z K (S S) z (v23 (x (x I)) x (v14 (z K))) (x K) (z B) B))) x I (B K (B (B (K (S I (z K) I))) S S) (x (K z (S x (x S (S S) (z (B z S) (B (z I x) I v11)))) (z B (v22 I S (z (v23 (I K)))) (x (x B (K z) x I (K B I) (v11 I)) (x (v16 (v8 (K z S) B) B I x))) x))) (v12 (z K (x B))) z (I (v12 x) B))) K (z I) (x (x (B (x K (v28 (B S))) x)))) (K I)))
z B (K (z (v1 K (v8 I (z v27) (z (B K) S (v15 K v26 v27 B (z (B (K z) (v0 (z (x x)))))) (z B)) (v21 z S))) I v16 z (x (x (x (v27 (K (B v24)) (x K (z B z) K) (z (S S) (K (S S)) z (v23 (x (x I)) x (v14 (z K))) (x K) (z B) B))) x I (B K (B (B (K (S I (z K) I))) S S) (x (K z (S x (x S (S S) (z (B z S) (B (z I x) I v11)))) (z B (v22 I S (z (v23 (I K)))) (x (x B (K z) x I (K B I) (v11 I)) (x (v16 (v8 (K z S) B) B I x))) x))) (v12 (z K (x B))) z (I (v12 x) B))) K (z I) (x (x (B (x K (v28 (B S))) x)))) (K I)))
z B (K (z (v1 K (v8 I (z v27) (z (B K) S (v15 K v26 v27 B (z (B (K z) (v0 (z (x x)))))) (z B)) (v21 z S))) I v16 z (x (x (x (v27 (K (B v24)) (x K (z B z) K) (z (S S) (K (S S)) z (v23 (x (x I)) x (v14 (z K))) (x K) (z B) B))) x I (K (B (B (K (S I (z K) I))) S S (x (K z (S x (x S (S S) (z (B z S) (B (z I x) I v11)))) (z B (v22 I S (z (v23 (I K)))) (x (x B (K z) x I (K B I) (v11 I)) (x (v16 (v8 (K z S) B) B I x))) x)))) (v12 (z K (x B))) z (I (v12 x) B))) K (z I) (x (x (B (x K (v28 (B S))) x)))) (K I)))
z B (K (z (v1 K (v8 I (z v27) (z (B K) S (v15 K v26 v27 B (z (B (K z) (v0 (z (x x)))))) (z B)) (v21 z S))) I v16 z (x (x (x (v27 (K (B v24)) (x K (z B z) K) (z (S S) (K (S S)) z (v23 (x (x I)) x (v14 (z K))) (x K) (z B) B))) x I (B (B (K (S I (z K) I))) S S (x (K z (S x (x S (S S) (z (B z S) (B (z I x) I v11)))) (z B (v22 I S (z (v23 (I K)))) (x (x B (K z) x I (K B I) (v11 I)) (x (v16 (v8 (K z S) B) B I x))) x))) z (I (v12 x) B))) K (z I) (x (x (B (x K (v28 (B S))) x)))) (K I)))
z B (K (z (v1 K (v8 I (z v27) (z (B K) S (v15 K v26 v27 B (z (B (K z) (v0 (z (x x)))))) (z B)) (v21 z S))) I v16 z (x (x (x (v27 (K (B v24)) (x K (z B z) K) (z (S S) (K (S S)) z (v23 (x (x I)) x (v14 (z K))) (x K) (z B) B))) x I (B (K (S I (z K) I)) (S S) (x (K z (S x (x S (S S) (z (B z S) (B (z I x) I v11)))) (z B (v22 I S (z (v23 (I K)))) (x (x B (K z) x I (K B I) (v11 I)) (x (v16 (v8 (K z S) B) B I x))) x))) z (I (v12 x) B))) K (z I) (x (x (B (x K (v28 (B S))) x)))) (K I)))
z B (K (z (v1 K (v8 I (z v27) (z (B K) S (v15 K v26 v27 B (z (B (K z) (v0 (z (x x)))))) (z B)) (v21 z S))) I v16 z (x (x (x (v27 (K (B v24)) (x K (z B z) K) (z (S S) (K (S S)) z (v23 (x (x I)) x (v14 (z K))) (x K) (z B) B))) x I (K (S I (z K) I) (S S (x (K z (S x (x S (S S) (z (B z S) (B (z I x) I v11)))) (z B (v22 I S (z (v23 (I K)))) (x (x B (K z) x I (K B I) (v11 I)) (x (v16 (v8 (K z S) B) B I x))) x)))) z (I (v12 x) B))) K (z I) (x (x (B (x K (v28 (B S))) x)))) (K I)))
z B (K (z (v1 K (v8 I (z v27) (z (B K) S (v15 K v26 v27 B (z (B (K z) (v0 (z (x x)))))) (z B)) (v21 z S))) I v16 z (x (x (x (v27 (K (B v24)) (x K (z B z) K) (z (S S) (K (S S)) z (v23 (x (x I)) x (v14 (z K))) (x K) (z B) B))) x I (S I (z K) I z (I (v12 x) B))) K (z I) (x (x (B (x K (v28 (B S))) x)))) (K I)))
z B (K (z (v1 K (v8 I (z v27) (z (B K) S (v15 K v26 v27 B (z (B (K z) (v0 (z (x x)))))) (z B)) (v21 z S))) I v16 z (x (x (x (v27 (K (B v24)) (x K (z B z) K) (z (S S) (K (S S)) z (v23 (x (x I)) x (v14 (z K))) (x K) (z B) B))) x I (I I (z K I) z (I (v12 x) B))) K (z I) (x (x (B (x K (v28 (B S))) x)))) (K I)))
z B (K (z (v1 K (v8 I (z v27) (z (B K) S (v15 K v26 v27 B (z (B (K z) (v0 (z (x x)))))) (z B)) (v21 z S))) I v16 z (x (x (x (v27 (K (B v24)) (x K (z B z) K) (z (S S) (K (S S)) z (v23 (x (x I)) x (v14 (z K))) (x K) (z B) B))) x I (I (z K I) z (I (v12 x) B))) K (z I) (x (x (B (x K (v28 (B S))) x)))) (K I)))
z B (K (z (v1 K (v8 I (z v27) (z (B K) S (v15 K v26 v27 B (z (B (K z) (v0 (z (x x)))))) (z B)) (v21 z S))) I v16 z (x (x (x (v27 (K (B v24)) (x K (z B z) K) (z (S S) (K (S S)) z (v23 (x (x I)) x (v14 (z K))) (x K) (z B) B))) x I (z K I z (I (v12 x) B))) K (z I) (x (x (B (x K (v28 (B S))) x)))) (K I)))
z B (K (z (v1 K (v8 I (z v27) (z (B K) S (v15 K v26 v27 B (z (B (K z) (v0 (z (x x)))))) (z B)) (v21 z S))) I v16 z (x (x (x (v27 (K (B v24)) (x K (z B z) K) (z (S S) (K (S S)) z (v23 (x (x I)) x (v14 (z K))) (x K) (z B) B))) x I (z K I z (v12 x B))) K (z I) (x (x (B (x K (v28 (B S))) x)))) (K I)))
