S (I (K (v4 z) z I (B (v24 K)) (K z)) K z z)
S (K (v4 z) z I (B (v24 K)) (K z) K z z)
S (v4 z I (B (v24 K)) (K z) K z z)
B
I K (z x (x (K (S I v24 x) I z I) B) (S x (I (K (S x) (S (S (B I) (K (S K (B (x v28 (z x) x)) I) v2 (x (v1 S B)) v25) (S (v22 (B (K K)) (B K (v26 (I K)))))))) (v8 x) (x (v19 z) (I (x (z (S (x B)))) (x (z (z S)))) (S (v8 (v3 (v2 (B x (x (B z x (B B)))))) (I (v26 S (B B)) (B K))) S)) S) (K x (v16 (S (z (S (S (v9 S (x v13) B (I (K B v27) (K (v26 x v16 I (B B) S (B B)))) (z v3))))) S) (I (I B) (S v26)))))) (x (K x x) x v22)
K (z x (x (K (S I v24 x) I z I) B) (S x (I (K (S x) (S (S (B I) (K (S K (B (x v28 (z x) x)) I) v2 (x (v1 S B)) v25) (S (v22 (B (K K)) (B K (v26 (I K)))))))) (v8 x) (x (v19 z) (I (x (z (S (x B)))) (x (z (z S)))) (S (v8 (v3 (v2 (B x (x (B z x (B B)))))) (I (v26 S (B B)) (B K))) S)) S) (K x (v16 (S (z (S (S (v9 S (x v13) B (I (K B v27) (K (v26 x v16 I (B B) S (B B)))) (z v3))))) S) (I (I B) (S v26)))))) (x (K x x) x v22)
z x (x (K (S I v24 x) I z I) B) (S x (I (K (S x) (S (S (B I) (K (S K (B (x v28 (z x) x)) I) v2 (x (v1 S B)) v25) (S (v22 (B (K K)) (B K (v26 (I K)))))))) (v8 x) (x (v19 z) (I (x (z (S (x B)))) (x (z (z S)))) (S (v8 (v3 (v2 (B x (x (B z x (B B)))))) (I (v26 S (B B)) (B K))) S)) S) (K x (v16 (S (z (S (S (v9 S (x v13) B (I (K B v27) (K (v26 x v16 I (B B) S (B B)))) (z v3))))) S) (I (I B) (S v26)))))
z x (x (S I v24 x z I) B) (S x (I (K (S x) (S (S (B I) (K (S K (B (x v28 (z x) x)) I) v2 (x (v1 S B)) v25) (S (v22 (B (K K)) (B K (v26 (I K)))))))) (v8 x) (x (v19 z) (I (x (z (S (x B)))) (x (z (z S)))) (S (v8 (v3 (v2 (B x (x (B z x (B B)))))) (I (v26 S (B B)) (B K))) S)) S) (K x (v16 (S (z (S (S (v9 S (x v13) B (I (K B v27) (K (v26 x v16 I (B B) S (B B)))) (z v3))))) S) (I (I B) (S v26)))))
z x (x (I x (v24 x) z I) B) (S x (I (K (S x) (S (S (B I) (K (S K (B (x v28 (z x) x)) I) v2 (x (v1 S B)) v25) (S (v22 (B (K K)) (B K (v26 (I K)))))))) (v8 x) (x (v19 z) (I (x (z (S (x B)))) (x (z (z S)))) (S (v8 (v3 (v2 (B x (x (B z x (B B)))))) (I (v26 S (B B)) (B K))) S)) S) (K x (v16 (S (z (S (S (v9 S (x v13) B (I (K B v27) (K (v26 x v16 I (B B) S (B B)))) (z v3))))) S) (I (I B) (S v26)))))
z x (x (x (v24 x) z I) B) (S x (I (K (S x) (S (S (B I) (K (S K (B (x v28 (z x) x)) I) v2 (x (v1 S B)) v25) (S (v22 (B (K K)) (B K (v26 (I K)))))))) (v8 x) (x (v19 z) (I (x (z (S (x B)))) (x (z (z S)))) (S (v8 (v3 (v2 (B x (x (B z x (B B)))))) (I (v26 S (B B)) (B K))) S)) S) (K x (v16 (S (z (S (S (v9 S (x v13) B (I (K B v27) (K (v26 x v16 I (B B) S (B B)))) (z v3))))) S) (I (I B) (S v26)))))
z x (x (x (v24 x) z I) B) (x (K x (v16 (S (z (S (S (v9 S (x v13) B (I (K B v27) (K (v26 x v16 I (B B) S (B B)))) (z v3))))) S) (I (I B) (S v26)))) (I (K (S x) (S (S (B I) (K (S K (B (x v28 (z x) x)) I) v2 (x (v1 S B)) v25) (S (v22 (B (K K)) (B K (v26 (I K)))))))) (v8 x) (x (v19 z) (I (x (z (S (x B)))) (x (z (z S)))) (S (v8 (v3 (v2 (B x (x (B z x (B B)))))) (I (v26 S (B B)) (B K))) S)) S (K x (v16 (S (z (S (S (v9 S (x v13) B (I (K B v27) (K (v26 x v16 I (B B) S (B B)))) (z v3))))) S) (I (I B) (S v26))))))
z x (x (x (v24 x) z I) B) (x x (I (K (S x) (S (S (B I) (K (S K (B (x v28 (z x) x)) I) v2 (x (v1 S B)) v25) (S (v22 (B (K K)) (B K (v26 (I K)))))))) (v8 x) (x (v19 z) (I (x (z (S (x B)))) (x (z (z S)))) (S (v8 (v3 (v2 (B x (x (B z x (B B)))))) (I (v26 S (B B)) (B K))) S)) S (K x (v16 (S (z (S (S (v9 S (x v13) B (I (K B v27) (K (v26 x v16 I (B B) S (B B)))) (z v3))))) S) (I (I B) (S v26))))))
z x (x (x (v24 x) z I) B) (x x (K (S x) (S (S (B I) (K (S K (B (x v28 (z x) x)) I) v2 (x (v1 S B)) v25) (S (v22 (B (K K)) (B K (v26 (I K))))))) (v8 x) (x (v19 z) (I (x (z (S (x B)))) (x (z (z S)))) (S (v8 (v3 (v2 (B x (x (B z x (B B)))))) (I (v26 S (B B)) (B K))) S)) S (K x (v16 (S (z (S (S (v9 S (x v13) B (I (K B v27) (K (v26 x v16 I (B B) S (B B)))) (z v3))))) S) (I (I B) (S v26))))))
z x (x (x (v24 x) z I) B) (x x (S x (v8 x) (x (v19 z) (I (x (z (S (x B)))) (x (z (z S)))) (S (v8 (v3 (v2 (B x (x (B z x (B B)))))) (I (v26 S (B B)) (B K))) S)) S (K x (v16 (S (z (S (S (v9 S (x v13) B (I (K B v27) (K (v26 x v16 I (B B) S (B B)))) (z v3))))) S) (I (I B) (S v26))))))
z x (x (x (v24 x) z I) B) (x x (x (x (v19 z) (I (x (z (S (x B)))) (x (z (z S)))) (S (v8 (v3 (v2 (B x (x (B z x (B B)))))) (I (v26 S (B B)) (B K))) S)) (v8 x (x (v19 z) (I (x (z (S (x B)))) (x (z (z S)))) (S (v8 (v3 (v2 (B x (x (B z x (B B)))))) (I (v26 S (B B)) (B K))) S))) S (K x (v16 (S (z (S (S (v9 S (x v13) B (I (K B v27) (K (v26 x v16 I (B B) S (B B)))) (z v3))))) S) (I (I B) (S v26))))))
z x (x (x (v24 x) z I) B) (x x (x (x (v19 z) (x (z (S (x B))) (x (z (z S)))) (S (v8 (v3 (v2 (B x (x (B z x (B B)))))) (I (v26 S (B B)) (B K))) S)) (v8 x (x (v19 z) (I (x (z (S (x B)))) (x (z (z S)))) (S (v8 (v3 (v2 (B x (x (B z x (B B)))))) (I (v26 S (B B)) (B K))) S))) S (K x (v16 (S (z (S (S (v9 S (x v13) B (I (K B v27) (K (v26 x v16 I (B B) S (B B)))) (z v3))))) S) (I (I B) (S v26))))))
z x (x (x (v24 x) z I) B) (x x (x (x (v19 z) (x (z (S (x B))) (x (z (z S)))) (S (v8 (v3 (v2 (B x (x (z (x (B B))))))) (I (v26 S (B B)) (B K))) S)) (v8 x (x (v19 z) (I (x (z (S (x B)))) (x (z (z S)))) (S (v8 (v3 (v2 (B x (x (B z x (B B)))))) (I (v26 S (B B)) (B K))) S))) S (K x (v16 (S (z (S (S (v9 S (x v13) B (I (K B v27) (K (v26 x v16 I (B B) S (B B)))) (z v3))))) S) (I (I B) (S v26))))))
z x (x (x (v24 x) z I) B) (x x (x (x (v19 z) (x (z (S (x B))) (x (z (z S)))) (S (v8 (v3 (v2 (B x (x (z (x (B B))))))) (v26 S (B B) (B K))) S)) (v8 x (x (v19 z) (I (x (z (S (x B)))) (x (z (z S)))) (S (v8 (v3 (v2 (B x (x (B z x (B B)))))) (I (v26 S (B B)) (B K))) S))) S (K x (v16 (S (z (S (S (v9 S (x v13) B (I (K B v27) (K (v26 x v16 I (B B) S (B B)))) (z v3))))) S) (I (I B) (S v26))))))
z x (x (x (v24 x) z I) B) (x x (x (x (v19 z) (x (z (S (x B))) (x (z (z S)))) (S (v8 (v3 (v2 (B x (x (z (x (B B))))))) (v26 S (B B) (B K))) S)) (v8 x (x (v19 z) (x (z (S (x B))) (x (z (z S)))) (S (v8 (v3 (v2 (B x (x (B z x (B B)))))) (I (v26 S (B B)) (B K))) S))) S (K x (v16 (S (z (S (S (v9 S (x v13) B (I (K B v27) (K (v26 x v16 I (B B) S (B B)))) (z v3))))) S) (I (I B) (S v26))))))
z x (x (x (v24 x) z I) B) (x x (x (x (v19 z) (x (z (S (x B))) (x (z (z S)))) (S (v8 (v3 (v2 (B x (x (z (x (B B))))))) (v26 S (B B) (B K))) S)) (v8 x (x (v19 z) (x (z (S (x B))) (x (z (z S)))) (S (v8 (v3 (v2 (B x (x (z (x (B B))))))) (I (v26 S (B B)) (B K))) S))) S (K x (v16 (S (z (S (S (v9 S (x v13) B (I (K B v27) (K (v26 x v16 I (B B) S (B B)))) (z v3))))) S) (I (I B) (S v26))))))
z x (x (x (v24 x) z I) B) (x x (x (x (v19 z) (x (z (S (x B))) (x (z (z S)))) (S (v8 (v3 (v2 (B x (x (z (x (B B))))))) (v26 S (B B) (B K))) S)) (v8 x (x (v19 z) (x (z (S (x B))) (x (z (z S)))) (S (v8 (v3 (v2 (B x (x (z (x (B B))))))) (v26 S (B B) (B K))) S))) S (K x (v16 (S (z (S (S (v9 S (x v13) B (I (K B v27) (K (v26 x v16 I (B B) S (B B)))) (z v3))))) S) (I (I B) (S v26))))))
z x (x (x (v24 x) z I) B) (x x (x (x (v19 z) (x (z (S (x B))) (x (z (z S)))) (S (v8 (v3 (v2 (B x (x (z (x (B B))))))) (v26 S (B B) (B K))) S)) (v8 x (x (v19 z) (x (z (S (x B))) (x (z (z S)))) (S (v8 (v3 (v2 (B x (x (z (x (B B))))))) (v26 S (B B) (B K))) S))) S x))
B x
x
z z z B
z I B
I (S (x x) (I (S (K (I (x (x B) K (v20 (K S))) (z x)) x I) z) (v6 x) (I (I (v1 v5))) B) S)
S (x x) (I (S (K (I (x (x B) K (v20 (K S))) (z x)) x I) z) (v6 x) (I (I (v1 v5))) B) S
x x S (I (S (K (I (x (x B) K (v20 (K S))) (z x)) x I) z) (v6 x) (I (I (v1 v5))) B S)
x x S (S (K (I (x (x B) K (v20 (K S))) (z x)) x I) z (v6 x) (I (I (v1 v5))) B S)
x x S (K (I (x (x B) K (v20 (K S))) (z x)) x I (v6 x) (z (v6 x)) (I (I (v1 v5))) B S)
x x S (I (x (x B) K (v20 (K S))) (z x) I (v6 x) (z (v6 x)) (I (I (v1 v5))) B S)
x x S (x (x B) K (v20 (K S)) (z x) I (v6 x) (z (v6 x)) (I (I (v1 v5))) B S)
x x S (x (x B) K (v20 (K S)) (z x) I (v6 x) (z (v6 x)) (I (v1 v5)) B S)
x x S (x (x B) K (v20 (K S)) (z x) I (v6 x) (z (v6 x)) (v1 v5) B S)
I
I
