x (x z v11 (B v23 S x (v1 (K x (v29 (v22 x) (I (v16 v2))) (x (S (z z K)) (K B)))) (K v13 v0 (I S) (B K z)) (S I) (B S B (K (v7 v2)) x (I (I v14 (S K)) (B (v26 S) (z (x (I B I x)) (S z) (I B)) (I B) (K I (v12 K) I) (I (K (v14 K)) (x I)) (x S v4 (z (z (B K x) (S (x x) z)) z I))) I v18 (K z))) (I (x (I B) v17 I)) v24 K) (S (K (K B)) (B (S K (x v9 I)))) K (S (z I)))
x (x z v11 (v23 (S x) (v1 (K x (v29 (v22 x) (I (v16 v2))) (x (S (z z K)) (K B)))) (K v13 v0 (I S) (B K z)) (S I) (B S B (K (v7 v2)) x (I (I v14 (S K)) (B (v26 S) (z (x (I B I x)) (S z) (I B)) (I B) (K I (v12 K) I) (I (K (v14 K)) (x I)) (x S v4 (z (z (B K x) (S (x x) z)) z I))) I v18 (K z))) (I (x (I B) v17 I)) v24 K) (S (K (K B)) (B (S K (x v9 I)))) K (S (z I)))
x (x z v11 (v23 (S x) (v1 (x (x (S (z z K)) (K B)))) (K v13 v0 (I S) (B K z)) (S I) (B S B (K (v7 v2)) x (I (I v14 (S K)) (B (v26 S) (z (x (I B I x)) (S z) (I B)) (I B) (K I (v12 K) I) (I (K (v14 K)) (x I)) (x S v4 (z (z (B K x) (S (x x) z)) z I))) I v18 (K z))) (I (x (I B) v17 I)) v24 K) (S (K (K B)) (B (S K (x v9 I)))) K (S (z I)))
x (x z v11 (v23 (S x) (v1 (x (x (S (z z K)) (K B)))) (v13 (I S) (B K z)) (S I) (B S B (K (v7 v2)) x (I (I v14 (S K)) (B (v26 S) (z (x (I B I x)) (S z) (I B)) (I B) (K I (v12 K) I) (I (K (v14 K)) (x I)) (x S v4 (z (z (B K x) (S (x x) z)) z I))) I v18 (K z))) (I (x (I B) v17 I)) v24 K) (S (K (K B)) (B (S K (x v9 I)))) K (S (z I)))
x (x z v11 (v23 (S x) (v1 (x (x (S (z z K)) (K B)))) (v13 S (B K z)) (S I) (B S B (K (v7 v2)) x (I (I v14 (S K)) (B (v26 S) (z (x (I B I x)) (S z) (I B)) (I B) (K I (v12 K) I) (I (K (v14 K)) (x I)) (x S v4 (z (z (B K x) (S (x x) z)) z I))) I v18 (K z))) (I (x (I B) v17 I)) v24 K) (S (K (K B)) (B (S K (x v9 I)))) K (S (z I)))
x (x z v11 (v23 (S x) (v1 (x (x (S (z z K)) (K B)))) (v13 S (B K z)) (S I) (S (B (K (v7 v2))) x (I (I v14 (S K)) (B (v26 S) (z (x (I B I x)) (S z) (I B)) (I B) (K I (v12 K) I) (I (K (v14 K)) (x I)) (x S v4 (z (z (B K x) (S (x x) z)) z I))) I v18 (K z))) (I (x (I B) v17 I)) v24 K) (S (K (K B)) (B (S K (x v9 I)))) K (S (z I)))
x (x z v11 (v23 (S x) (v1 (x (x (S (z z K)) (K B)))) (v13 S (B K z)) (S I) (B (K (v7 v2)) (I (I v14 (S K)) (B (v26 S) (z (x (I B I x)) (S z) (I B)) (I B) (K I (v12 K) I) (I (K (v14 K)) (x I)) (x S v4 (z (z (B K x) (S (x x) z)) z I))) I v18 (K z)) (x (I (I v14 (S K)) (B (v26 S) (z (x (I B I x)) (S z) (I B)) (I B) (K I (v12 K) I) (I (K (v14 K)) (x I)) (x S v4 (z (z (B K x) (S (x x) z)) z I))) I v18 (K z)))) (I (x (I B) v17 I)) v24 K) (S (K (K B)) (B (S K (x v9 I)))) K (S (z I)))
x (x z v11 (v23 (S x) (v1 (x (x (S (z z K)) (K B)))) (v13 S (B K z)) (S I) (K (v7 v2) (I (I v14 (S K)) (B (v26 S) (z (x (I B I x)) (S z) (I B)) (I B) (K I (v12 K) I) (I (K (v14 K)) (x I)) (x S v4 (z (z (B K x) (S (x x) z)) z I))) I v18 (K z) (x (I (I v14 (S K)) (B (v26 S) (z (x (I B I x)) (S z) (I B)) (I B) (K I (v12 K) I) (I (K (v14 K)) (x I)) (x S v4 (z (z (B K x) (S (x x) z)) z I))) I v18 (K z))))) (I (x (I B) v17 I)) v24 K) (S (K (K B)) (B (S K (x v9 I)))) K (S (z I)))
x (x z v11 (v23 (S x) (v1 (x (x (S (z z K)) (K B)))) (v13 S (B K z)) (S I) (v7 v2) (I (x (I B) v17 I)) v24 K) (S (K (K B)) (B (S K (x v9 I)))) K (S (z I)))
x (x z v11 (v23 (S x) (v1 (x (x (S (z z K)) (K B)))) (v13 S (B K z)) (S I) (v7 v2) (x (I B) v17 I) v24 K) (S (K (K B)) (B (S K (x v9 I)))) K (S (z I)))
x (x z v11 (v23 (S x) (v1 (x (x (S (z z K)) (K B)))) (v13 S (B K z)) (S I) (v7 v2) (x B v17 I) v24 K) (S (K (K B)) (B (S K (x v9 I)))) K (S (z I)))
x (K (z (S (S I))) B (I (z (v12 (I (K S (z (S B) v14)) (K (I v29 x) (S I)))) (K K K) (z (K (S K)) K (I (z I))) S K (v1 x (B S z))) v0 (K x x)) (B (z I v2 (K (S I B) (B B)) (I (B (v17 (K K) z)) (z (v9 B) x) (z z (S I (v20 S (z v9) (x K)))) (v7 (z (K I) (v2 (v5 S) (z z) K) S)) K I (x B I (v11 (z (I (B I (z x v7) S z))) (S x)))) (S (x (I I) K) (z z I) (x (K I (z (x S I (K K S))) z z (v26 (S v1 I))) S))) (K I)))
x (z (S (S I)) (I (z (v12 (I (K S (z (S B) v14)) (K (I v29 x) (S I)))) (K K K) (z (K (S K)) K (I (z I))) S K (v1 x (B S z))) v0 (K x x)) (B (z I v2 (K (S I B) (B B)) (I (B (v17 (K K) z)) (z (v9 B) x) (z z (S I (v20 S (z v9) (x K)))) (v7 (z (K I) (v2 (v5 S) (z z) K) S)) K I (x B I (v11 (z (I (B I (z x v7) S z))) (S x)))) (S (x (I I) K) (z z I) (x (K I (z (x S I (K K S))) z z (v26 (S v1 I))) S))) (K I)))
x (z (S (S I)) (z (v12 (I (K S (z (S B) v14)) (K (I v29 x) (S I)))) (K K K) (z (K (S K)) K (I (z I))) S K (v1 x (B S z)) v0 (K x x)) (B (z I v2 (K (S I B) (B B)) (I (B (v17 (K K) z)) (z (v9 B) x) (z z (S I (v20 S (z v9) (x K)))) (v7 (z (K I) (v2 (v5 S) (z z) K) S)) K I (x B I (v11 (z (I (B I (z x v7) S z))) (S x)))) (S (x (I I) K) (z z I) (x (K I (z (x S I (K K S))) z z (v26 (S v1 I))) S))) (K I)))
x (z (S (S I)) (z (v12 (K S (z (S B) v14) (K (I v29 x) (S I)))) (K K K) (z (K (S K)) K (I (z I))) S K (v1 x (B S z)) v0 (K x x)) (B (z I v2 (K (S I B) (B B)) (I (B (v17 (K K) z)) (z (v9 B) x) (z z (S I (v20 S (z v9) (x K)))) (v7 (z (K I) (v2 (v5 S) (z z) K) S)) K I (x B I (v11 (z (I (B I (z x v7) S z))) (S x)))) (S (x (I I) K) (z z I) (x (K I (z (x S I (K K S))) z z (v26 (S v1 I))) S))) (K I)))
x (z (S (S I)) (z (v12 (S (K (I v29 x) (S I)))) (K K K) (z (K (S K)) K (I (z I))) S K (v1 x (B S z)) v0 (K x x)) (B (z I v2 (K (S I B) (B B)) (I (B (v17 (K K) z)) (z (v9 B) x) (z z (S I (v20 S (z v9) (x K)))) (v7 (z (K I) (v2 (v5 S) (z z) K) S)) K I (x B I (v11 (z (I (B I (z x v7) S z))) (S x)))) (S (x (I I) K) (z z I) (x (K I (z (x S I (K K S))) z z (v26 (S v1 I))) S))) (K I)))
x (z (S (S I)) (z (v12 (S (I v29 x))) (K K K) (z (K (S K)) K (I (z I))) S K (v1 x (B S z)) v0 (K x x)) (B (z I v2 (K (S I B) (B B)) (I (B (v17 (K K) z)) (z (v9 B) x) (z z (S I (v20 S (z v9) (x K)))) (v7 (z (K I) (v2 (v5 S) (z z) K) S)) K I (x B I (v11 (z (I (B I (z x v7) S z))) (S x)))) (S (x (I I) K) (z z I) (x (K I (z (x S I (K K S))) z z (v26 (S v1 I))) S))) (K I)))
x (z (S (S I)) (z (v12 (S (v29 x))) (K K K) (z (K (S K)) K (I (z I))) S K (v1 x (B S z)) v0 (K x x)) (B (z I v2 (K (S I B) (B B)) (I (B (v17 (K K) z)) (z (v9 B) x) (z z (S I (v20 S (z v9) (x K)))) (v7 (z (K I) (v2 (v5 S) (z z) K) S)) K I (x B I (v11 (z (I (B I (z x v7) S z))) (S x)))) (S (x (I I) K) (z z I) (x (K I (z (x S I (K K S))) z z (v26 (S v1 I))) S))) (K I)))
x (z (S (S I)) (z (v12 (S (v29 x))) K (z (K (S K)) K (I (z I))) S K (v1 x (B S z)) v0 (K x x)) (B (z I v2 (K (S I B) (B B)) (I (B (v17 (K K) z)) (z (v9 B) x) (z z (S I (v20 S (z v9) (x K)))) (v7 (z (K I) (v2 (v5 S) (z z) K) S)) K I (x B I (v11 (z (I (B I (z x v7) S z))) (S x)))) (S (x (I I) K) (z z I) (x (K I (z (x S I (K K S))) z z (v26 (S v1 I))) S))) (K I)))
x (z (S (S I)) (z (v12 (S (v29 x))) K (z (K (S K)) K (z I)) S K (v1 x (B S z)) v0 (K x x)) (B (z I v2 (K (S I B) (B B)) (I (B (v17 (K K) z)) (z (v9 B) x) (z z (S I (v20 S (z v9) (x K)))) (v7 (z (K I) (v2 (v5 S) (z z) K) S)) K I (x B I (v11 (z (I (B I (z x v7) S z))) (S x)))) (S (x (I I) K) (z z I) (x (K I (z (x S I (K K S))) z z (v26 (S v1 I))) S))) (K I)))
x (z (S (S I)) (z (v12 (S (v29 x))) K (z (K (S K)) K (z I)) S K (v1 x (B S z)) v0 x) (B (z I v2 (K (S I B) (B B)) (I (B (v17 (K K) z)) (z (v9 B) x) (z z (S I (v20 S (z v9) (x K)))) (v7 (z (K I) (v2 (v5 S) (z z) K) S)) K I (x B I (v11 (z (I (B I (z x v7) S z))) (S x)))) (S (x (I I) K) (z z I) (x (K I (z (x S I (K K S))) z z (v26 (S v1 I))) S))) (K I)))
x (z (S (S I)) (z (v12 (S (v29 x))) K (z (K (S K)) K (z I)) S K (v1 x (B S z)) v0 x) (B (z I v2 (S I B) (I (B (v17 (K K) z)) (z (v9 B) x) (z z (S I (v20 S (z v9) (x K)))) (v7 (z (K I) (v2 (v5 S) (z z) K) S)) K I (x B I (v11 (z (I (B I (z x v7) S z))) (S x)))) (S (x (I I) K) (z z I) (x (K I (z (x S I (K K S))) z z (v26 (S v1 I))) S))) (K I)))
x (z (S (S I)) (z (v12 (S (v29 x))) K (z (K (S K)) K (z I)) S K (v1 x (B S z)) v0 x) (B (z I v2 (S I B) (B (v17 (K K) z) (z (v9 B) x) (z z (S I (v20 S (z v9) (x K)))) (v7 (z (K I) (v2 (v5 S) (z z) K) S)) K I (x B I (v11 (z (I (B I (z x v7) S z))) (S x)))) (S (x (I I) K) (z z I) (x (K I (z (x S I (K K S))) z z (v26 (S v1 I))) S))) (K I)))
x (z (S (S I)) (z (v12 (S (v29 x))) K (z (K (S K)) K (z I)) S K (v1 x (B S z)) v0 x) (B (z I v2 (S I B) (v17 (K K) z (z (v9 B) x (z z (S I (v20 S (z v9) (x K))))) (v7 (z (K I) (v2 (v5 S) (z z) K) S)) K I (x B I (v11 (z (I (B I (z x v7) S z))) (S x)))) (S (x (I I) K) (z z I) (x (K I (z (x S I (K K S))) z z (v26 (S v1 I))) S))) (K I)))
x (z (S (S I)) (z (v12 (S (v29 x))) K (z (K (S K)) K (z I)) S K (v1 x (B S z)) v0 x) (B (z I v2 (S I B) (v17 (K K) z (z (v9 B) x (z z (S I (v20 S (z v9) (x K))))) (v7 (z (K I) (v2 (v5 S) (z z) K) S)) K I (x B I (v11 (z (B I (z x v7) S z)) (S x)))) (S (x (I I) K) (z z I) (x (K I (z (x S I (K K S))) z z (v26 (S v1 I))) S))) (K I)))
x (z (S (S I)) (z (v12 (S (v29 x))) K (z (K (S K)) K (z I)) S K (v1 x (B S z)) v0 x) (B (z I v2 (S I B) (v17 (K K) z (z (v9 B) x (z z (S I (v20 S (z v9) (x K))))) (v7 (z (K I) (v2 (v5 S) (z z) K) S)) K I (x B I (v11 (z (I (z x v7 S) z)) (S x)))) (S (x (I I) K) (z z I) (x (K I (z (x S I (K K S))) z z (v26 (S v1 I))) S))) (K I)))
x (z (S (S I)) (z (v12 (S (v29 x))) K (z (K (S K)) K (z I)) S K (v1 x (B S z)) v0 x) (B (z I v2 (S I B) (v17 (K K) z (z (v9 B) x (z z (S I (v20 S (z v9) (x K))))) (v7 (z (K I) (v2 (v5 S) (z z) K) S)) K I (x B I (v11 (z (z x v7 S z)) (S x)))) (S (x (I I) K) (z z I) (x (K I (z (x S I (K K S))) z z (v26 (S v1 I))) S))) (K I)))
x (z (S (S I)) (z (v12 (S (v29 x))) K (z (K (S K)) K (z I)) S K (v1 x (B S z)) v0 x) (B (z I v2 (S I B) (v17 (K K) z (z (v9 B) x (z z (S I (v20 S (z v9) (x K))))) (v7 (z (K I) (v2 (v5 S) (z z) K) S)) K I (x B I (v11 (z (z x v7 S z)) (S x)))) (x (I I) K (x (K I (z (x S I (K K S))) z z (v26 (S v1 I))) S) (z z I (x (K I (z (x S I (K K S))) z z (v26 (S v1 I))) S)))) (K I)))
x (z (S (S I)) (z (v12 (S (v29 x))) K (z (K (S K)) K (z I)) S K (v1 x (B S z)) v0 x) (B (z I v2 (S I B) (v17 (K K) z (z (v9 B) x (z z (S I (v20 S (z v9) (x K))))) (v7 (z (K I) (v2 (v5 S) (z z) K) S)) K I (x B I (v11 (z (z x v7 S z)) (S x)))) (x I K (x (K I (z (x S I (K K S))) z z (v26 (S v1 I))) S) (z z I (x (K I (z (x S I (K K S))) z z (v26 (S v1 I))) S)))) (K I)))
x (z (S (S I)) (z (v12 (S (v29 x))) K (z (K (S K)) K (z I)) S K (v1 x (B S z)) v0 x) (B (z I v2 (S I B) (v17 (K K) z (z (v9 B) x (z z (S I (v20 S (z v9) (x K))))) (v7 (z (K I) (v2 (v5 S) (z z) K) S)) K I (x B I (v11 (z (z x v7 S z)) (S x)))) (x I K (x (I z z (v26 (S v1 I))) S) (z z I (x (K I (z (x S I (K K S))) z z (v26 (S v1 I))) S)))) (K I)))
x (z (S (S I)) (z (v12 (S (v29 x))) K (z (K (S K)) K (z I)) S K (v1 x (B S z)) v0 x) (B (z I v2 (S I B) (v17 (K K) z (z (v9 B) x (z z (S I (v20 S (z v9) (x K))))) (v7 (z (K I) (v2 (v5 S) (z z) K) S)) K I (x B I (v11 (z (z x v7 S z)) (S x)))) (x I K (x (z z (v26 (S v1 I))) S) (z z I (x (K I (z (x S I (K K S))) z z (v26 (S v1 I))) S)))) (K I)))
x (z (S (S I)) (z (v12 (S (v29 x))) K (z (K (S K)) K (z I)) S K (v1 x (B S z)) v0 x) (B (z I v2 (S I B) (v17 (K K) z (z (v9 B) x (z z (S I (v20 S (z v9) (x K))))) (v7 (z (K I) (v2 (v5 S) (z z) K) S)) K I (x B I (v11 (z (z x v7 S z)) (S x)))) (x I K (x (z z (v26 (S v1 I))) S) (z z I (x (I z z (v26 (S v1 I))) S)))) (K I)))
x (z (S (S I)) (z (v12 (S (v29 x))) K (z (K (S K)) K (z I)) S K (v1 x (B S z)) v0 x) (B (z I v2 (S I B) (v17 (K K) z (z (v9 B) x (z z (S I (v20 S (z v9) (x K))))) (v7 (z (K I) (v2 (v5 S) (z z) K) S)) K I (x B I (v11 (z (z x v7 S z)) (S x)))) (x I K (x (z z (v26 (S v1 I))) S) (z z I (x (z z (v26 (S v1 I))) S)))) (K I)))
x (S (x B (S I B))) x (K (K S) S)
x (S (x B (S I B))) x (K S)
I
B (v17 (v6 I (I x) B (x B)))
B (v17 (v6 I x B (x B)))
v17
B v27
v27 (S x (I x (I (B (I (I x)) z)))) z I (B (S (S B (S (S (S x (K (v0 (v22 x x K)) (B B))) B)))) (S (z (x (B (B (x (I B))))) z B) x I) (v11 (B z S (z K)) I) z x I S)
v27 (S x (x (I (B (I (I x)) z)))) z I (B (S (S B (S (S (S x (K (v0 (v22 x x K)) (B B))) B)))) (S (z (x (B (B (x (I B))))) z B) x I) (v11 (B z S (z K)) I) z x I S)
v27 (S x (x (B (I (I x)) z))) z I (B (S (S B (S (S (S x (K (v0 (v22 x x K)) (B B))) B)))) (S (z (x (B (B (x (I B))))) z B) x I) (v11 (B z S (z K)) I) z x I S)
v27 (S x (x (B (I x) z))) z I (B (S (S B (S (S (S x (K (v0 (v22 x x K)) (B B))) B)))) (S (z (x (B (B (x (I B))))) z B) x I) (v11 (B z S (z K)) I) z x I S)
v27 (S x (x (B x z))) z I (B (S (S B (S (S (S x (K (v0 (v22 x x K)) (B B))) B)))) (S (z (x (B (B (x (I B))))) z B) x I) (v11 (B z S (z K)) I) z x I S)
v27 (S x (x (B x z))) z I (S (S B (S (S (S x (K (v0 (v22 x x K)) (B B))) B))) (S (z (x (B (B (x (I B))))) z B) x I (v11 (B z S (z K)) I)) z x I S)
v27 (S x (x (B x z))) z I (S B (S (S (S x (K (v0 (v22 x x K)) (B B))) B)) z (S (z (x (B (B (x (I B))))) z B) x I (v11 (B z S (z K)) I) z) x I S)
v27 (S x (x (B x z))) z I (B z (S (S (S x (K (v0 (v22 x x K)) (B B))) B) z) (S (z (x (B (B (x (I B))))) z B) x I (v11 (B z S (z K)) I) z) x I S)
v27 (S x (x (B x z))) z I (z (S (S (S x (K (v0 (v22 x x K)) (B B))) B) z (S (z (x (B (B (x (I B))))) z B) x I (v11 (B z S (z K)) I) z)) x I S)
v27 (S x (x (B x z))) z I (z (S (S x (K (v0 (v22 x x K)) (B B))) B (S (z (x (B (B (x (I B))))) z B) x I (v11 (B z S (z K)) I) z) (z (S (z (x (B (B (x (I B))))) z B) x I (v11 (B z S (z K)) I) z))) x I S)
v27 (S x (x (B x z))) z I (z (S x (K (v0 (v22 x x K)) (B B)) (S (z (x (B (B (x (I B))))) z B) x I (v11 (B z S (z K)) I) z) (B (S (z (x (B (B (x (I B))))) z B) x I (v11 (B z S (z K)) I) z)) (z (S (z (x (B (B (x (I B))))) z B) x I (v11 (B z S (z K)) I) z))) x I S)
v27 (S x (x (B x z))) z I (z (x (S (z (x (B (B (x (I B))))) z B) x I (v11 (B z S (z K)) I) z) (K (v0 (v22 x x K)) (B B) (S (z (x (B (B (x (I B))))) z B) x I (v11 (B z S (z K)) I) z)) (B (S (z (x (B (B (x (I B))))) z B) x I (v11 (B z S (z K)) I) z)) (z (S (z (x (B (B (x (I B))))) z B) x I (v11 (B z S (z K)) I) z))) x I S)
v27 (S x (x (B x z))) z I (z (x (z (x (B (B (x (I B))))) z B I (x I) (v11 (B z S (z K)) I) z) (K (v0 (v22 x x K)) (B B) (S (z (x (B (B (x (I B))))) z B) x I (v11 (B z S (z K)) I) z)) (B (S (z (x (B (B (x (I B))))) z B) x I (v11 (B z S (z K)) I) z)) (z (S (z (x (B (B (x (I B))))) z B) x I (v11 (B z S (z K)) I) z))) x I S)
v27 (S x (x (B x z))) z I (z (x (z (x (B (B (x B)))) z B I (x I) (v11 (B z S (z K)) I) z) (K (v0 (v22 x x K)) (B B) (S (z (x (B (B (x (I B))))) z B) x I (v11 (B z S (z K)) I) z)) (B (S (z (x (B (B (x (I B))))) z B) x I (v11 (B z S (z K)) I) z)) (z (S (z (x (B (B (x (I B))))) z B) x I (v11 (B z S (z K)) I) z))) x I S)
v27 (S x (x (B x z))) z I (z (x (z (x (B (B (x B)))) z B I (x I) (v11 (z (S (z K))) I) z) (K (v0 (v22 x x K)) (B B) (S (z (x (B (B (x (I B))))) z B) x I (v11 (B z S (z K)) I) z)) (B (S (z (x (B (B (x (I B))))) z B) x I (v11 (B z S (z K)) I) z)) (z (S (z (x (B (B (x (I B))))) z B) x I (v11 (B z S (z K)) I) z))) x I S)
v27 (S x (x (B x z))) z I (z (x (z (x (B (B (x B)))) z B I (x I) (v11 (z (S (z K))) I) z) (v0 (v22 x x K) (S (z (x (B (B (x (I B))))) z B) x I (v11 (B z S (z K)) I) z)) (B (S (z (x (B (B (x (I B))))) z B) x I (v11 (B z S (z K)) I) z)) (z (S (z (x (B (B (x (I B))))) z B) x I (v11 (B z S (z K)) I) z))) x I S)
v27 (S x (x (B x z))) z I (z (x (z (x (B (B (x B)))) z B I (x I) (v11 (z (S (z K))) I) z) (v0 (v22 x x K) (z (x (B (B (x (I B))))) z B I (x I) (v11 (B z S (z K)) I) z)) (B (S (z (x (B (B (x (I B))))) z B) x I (v11 (B z S (z K)) I) z)) (z (S (z (x (B (B (x (I B))))) z B) x I (v11 (B z S (z K)) I) z))) x I S)
v27 (S x (x (B x z))) z I (z (x (z (x (B (B (x B)))) z B I (x I) (v11 (z (S (z K))) I) z) (v0 (v22 x x K) (z (x (B (B (x B)))) z B I (x I) (v11 (B z S (z K)) I) z)) (B (S (z (x (B (B (x (I B))))) z B) x I (v11 (B z S (z K)) I) z)) (z (S (z (x (B (B (x (I B))))) z B) x I (v11 (B z S (z K)) I) z))) x I S)
v27 (S x (x (B x z))) z I (z (x (z (x (B (B (x B)))) z B I (x I) (v11 (z (S (z K))) I) z) (v0 (v22 x x K) (z (x (B (B (x B)))) z B I (x I) (v11 (z (S (z K))) I) z)) (B (S (z (x (B (B (x (I B))))) z B) x I (v11 (B z S (z K)) I) z)) (z (S (z (x (B (B (x (I B))))) z B) x I (v11 (B z S (z K)) I) z))) x I S)
v27 (S x (x (B x z))) z I (z (x (z (x (B (B (x B)))) z B I (x I) (v11 (z (S (z K))) I) z) (v0 (v22 x x K) (z (x (B (B (x B)))) z B I (x I) (v11 (z (S (z K))) I) z)) (B (z (x (B (B (x (I B))))) z B I (x I) (v11 (B z S (z K)) I) z)) (z (S (z (x (B (B (x (I B))))) z B) x I (v11 (B z S (z K)) I) z))) x I S)
v27 (S x (x (B x z))) z I (z (x (z (x (B (B (x B)))) z B I (x I) (v11 (z (S (z K))) I) z) (v0 (v22 x x K) (z (x (B (B (x B)))) z B I (x I) (v11 (z (S (z K))) I) z)) (B (z (x (B (B (x B)))) z B I (x I) (v11 (B z S (z K)) I) z)) (z (S (z (x (B (B (x (I B))))) z B) x I (v11 (B z S (z K)) I) z))) x I S)
v27 (S x (x (B x z))) z I (z (x (z (x (B (B (x B)))) z B I (x I) (v11 (z (S (z K))) I) z) (v0 (v22 x x K) (z (x (B (B (x B)))) z B I (x I) (v11 (z (S (z K))) I) z)) (B (z (x (B (B (x B)))) z B I (x I) (v11 (z (S (z K))) I) z)) (z (S (z (x (B (B (x (I B))))) z B) x I (v11 (B z S (z K)) I) z))) x I S)
v27 (S x (x (B x z))) z I (z (x (z (x (B (B (x B)))) z B I (x I) (v11 (z (S (z K))) I) z) (v0 (v22 x x K) (z (x (B (B (x B)))) z B I (x I) (v11 (z (S (z K))) I) z)) (B (z (x (B (B (x B)))) z B I (x I) (v11 (z (S (z K))) I) z)) (z (z (x (B (B (x (I B))))) z B I (x I) (v11 (B z S (z K)) I) z))) x I S)
v27 (S x (x (B x z))) z I (z (x (z (x (B (B (x B)))) z B I (x I) (v11 (z (S (z K))) I) z) (v0 (v22 x x K) (z (x (B (B (x B)))) z B I (x I) (v11 (z (S (z K))) I) z)) (B (z (x (B (B (x B)))) z B I (x I) (v11 (z (S (z K))) I) z)) (z (z (x (B (B (x B)))) z B I (x I) (v11 (B z S (z K)) I) z))) x I S)
v27 (S x (x (B x z))) z I (z (x (z (x (B (B (x B)))) z B I (x I) (v11 (z (S (z K))) I) z) (v0 (v22 x x K) (z (x (B (B (x B)))) z B I (x I) (v11 (z (S (z K))) I) z)) (B (z (x (B (B (x B)))) z B I (x I) (v11 (z (S (z K))) I) z)) (z (z (x (B (B (x B)))) z B I (x I) (v11 (z (S (z K))) I) z))) x I S)
x (v19 v3) v21 (K (K z))
I
